[2023-08-24T07:23:09.152+0000][gc,heap] Heap region size: 1M
[2023-08-24T07:23:09.163+0000][gc     ] Using G1
[2023-08-24T07:23:09.163+0000][gc,heap,coops] Heap address: 0x00000000c0000000, size: 1024 MB, Compressed Oops mode: 32-bit
[2023-08-24T07:23:09.904+0000][gc,start     ] GC(0) Pause Young (Normal) (G1 Evacuation Pause)
[2023-08-24T07:23:09.905+0000][gc,task      ] GC(0) Using 8 workers of 8 for evacuation
[2023-08-24T07:23:09.912+0000][gc,phases    ] GC(0)   Pre Evacuate Collection Set: 0.0ms
[2023-08-24T07:23:09.912+0000][gc,phases    ] GC(0)   Evacuate Collection Set: 7.0ms
[2023-08-24T07:23:09.912+0000][gc,phases    ] GC(0)   Post Evacuate Collection Set: 0.7ms
[2023-08-24T07:23:09.912+0000][gc,phases    ] GC(0)   Other: 0.7ms
[2023-08-24T07:23:09.912+0000][gc,heap      ] GC(0) Eden regions: 51->0(44)
[2023-08-24T07:23:09.912+0000][gc,heap      ] GC(0) Survivor regions: 0->7(7)
[2023-08-24T07:23:09.912+0000][gc,heap      ] GC(0) Old regions: 0->23
[2023-08-24T07:23:09.912+0000][gc,heap      ] GC(0) Humongous regions: 2->2
[2023-08-24T07:23:09.913+0000][gc,metaspace ] GC(0) Metaspace: 12474K(12928K)->12474K(12928K) NonClass: 11281K(11520K)->11281K(11520K) Class: 1193K(1408K)->1193K(1408K)
[2023-08-24T07:23:09.913+0000][gc           ] GC(0) Pause Young (Normal) (G1 Evacuation Pause) 53M->31M(1024M) 8.558ms
[2023-08-24T07:23:09.913+0000][gc,cpu       ] GC(0) User=0.00s Sys=0.06s Real=0.01s
[2023-08-24T07:23:10.367+0000][gc,start     ] GC(1) Pause Young (Normal) (G1 Evacuation Pause)
[2023-08-24T07:23:10.367+0000][gc,task      ] GC(1) Using 8 workers of 8 for evacuation
[2023-08-24T07:23:10.373+0000][gc,phases    ] GC(1)   Pre Evacuate Collection Set: 0.1ms
[2023-08-24T07:23:10.373+0000][gc,phases    ] GC(1)   Evacuate Collection Set: 5.6ms
[2023-08-24T07:23:10.373+0000][gc,phases    ] GC(1)   Post Evacuate Collection Set: 0.4ms
[2023-08-24T07:23:10.373+0000][gc,phases    ] GC(1)   Other: 0.2ms
[2023-08-24T07:23:10.373+0000][gc,heap      ] GC(1) Eden regions: 44->0(49)
[2023-08-24T07:23:10.373+0000][gc,heap      ] GC(1) Survivor regions: 7->2(7)
[2023-08-24T07:23:10.373+0000][gc,heap      ] GC(1) Old regions: 23->31
[2023-08-24T07:23:10.373+0000][gc,heap      ] GC(1) Humongous regions: 2->2
[2023-08-24T07:23:10.373+0000][gc,metaspace ] GC(1) Metaspace: 19743K(20736K)->19743K(20736K) NonClass: 17704K(18432K)->17704K(18432K) Class: 2039K(2304K)->2039K(2304K)
[2023-08-24T07:23:10.373+0000][gc           ] GC(1) Pause Young (Normal) (G1 Evacuation Pause) 75M->33M(1024M) 6.324ms
[2023-08-24T07:23:10.373+0000][gc,cpu       ] GC(1) User=0.03s Sys=0.00s Real=0.01s
[2023-08-24T07:23:10.746+0000][gc,start     ] GC(2) Pause Young (Normal) (G1 Evacuation Pause)
[2023-08-24T07:23:10.746+0000][gc,task      ] GC(2) Using 8 workers of 8 for evacuation
[2023-08-24T07:23:10.749+0000][gc,phases    ] GC(2)   Pre Evacuate Collection Set: 0.0ms
[2023-08-24T07:23:10.749+0000][gc,phases    ] GC(2)   Evacuate Collection Set: 3.0ms
[2023-08-24T07:23:10.749+0000][gc,phases    ] GC(2)   Post Evacuate Collection Set: 0.3ms
[2023-08-24T07:23:10.749+0000][gc,phases    ] GC(2)   Other: 0.2ms
[2023-08-24T07:23:10.749+0000][gc,heap      ] GC(2) Eden regions: 49->0(48)
[2023-08-24T07:23:10.749+0000][gc,heap      ] GC(2) Survivor regions: 2->3(7)
[2023-08-24T07:23:10.749+0000][gc,heap      ] GC(2) Old regions: 31->31
[2023-08-24T07:23:10.749+0000][gc,heap      ] GC(2) Humongous regions: 2->2
[2023-08-24T07:23:10.749+0000][gc,metaspace ] GC(2) Metaspace: 26647K(27648K)->26647K(27648K) NonClass: 23987K(24832K)->23987K(24832K) Class: 2659K(2816K)->2659K(2816K)
[2023-08-24T07:23:10.749+0000][gc           ] GC(2) Pause Young (Normal) (G1 Evacuation Pause) 82M->34M(1024M) 3.629ms
[2023-08-24T07:23:10.749+0000][gc,cpu       ] GC(2) User=0.03s Sys=0.00s Real=0.00s
[2023-08-24T07:23:11.232+0000][gc,start     ] GC(3) Pause Young (Normal) (G1 Evacuation Pause)
[2023-08-24T07:23:11.232+0000][gc,task      ] GC(3) Using 8 workers of 8 for evacuation
[2023-08-24T07:23:11.235+0000][gc,phases    ] GC(3)   Pre Evacuate Collection Set: 0.0ms
[2023-08-24T07:23:11.235+0000][gc,phases    ] GC(3)   Evacuate Collection Set: 2.7ms
[2023-08-24T07:23:11.235+0000][gc,phases    ] GC(3)   Post Evacuate Collection Set: 0.5ms
[2023-08-24T07:23:11.235+0000][gc,phases    ] GC(3)   Other: 0.2ms
[2023-08-24T07:23:11.235+0000][gc,heap      ] GC(3) Eden regions: 48->0(46)
[2023-08-24T07:23:11.235+0000][gc,heap      ] GC(3) Survivor regions: 3->5(7)
[2023-08-24T07:23:11.235+0000][gc,heap      ] GC(3) Old regions: 31->31
[2023-08-24T07:23:11.235+0000][gc,heap      ] GC(3) Humongous regions: 2->2
[2023-08-24T07:23:11.235+0000][gc,metaspace ] GC(3) Metaspace: 34757K(35968K)->34757K(35968K) NonClass: 31156K(32000K)->31156K(32000K) Class: 3601K(3968K)->3601K(3968K)
[2023-08-24T07:23:11.235+0000][gc           ] GC(3) Pause Young (Normal) (G1 Evacuation Pause) 82M->36M(1024M) 3.511ms
[2023-08-24T07:23:11.235+0000][gc,cpu       ] GC(3) User=0.02s Sys=0.00s Real=0.00s
[2023-08-24T07:23:11.736+0000][gc,start     ] GC(4) Pause Young (Normal) (G1 Evacuation Pause)
[2023-08-24T07:23:11.736+0000][gc,task      ] GC(4) Using 8 workers of 8 for evacuation
[2023-08-24T07:23:11.741+0000][gc,phases    ] GC(4)   Pre Evacuate Collection Set: 0.0ms
[2023-08-24T07:23:11.741+0000][gc,phases    ] GC(4)   Evacuate Collection Set: 4.6ms
[2023-08-24T07:23:11.741+0000][gc,phases    ] GC(4)   Post Evacuate Collection Set: 0.8ms
[2023-08-24T07:23:11.741+0000][gc,phases    ] GC(4)   Other: 0.2ms
[2023-08-24T07:23:11.741+0000][gc,heap      ] GC(4) Eden regions: 46->0(46)
[2023-08-24T07:23:11.741+0000][gc,heap      ] GC(4) Survivor regions: 5->5(7)
[2023-08-24T07:23:11.741+0000][gc,heap      ] GC(4) Old regions: 31->32
[2023-08-24T07:23:11.741+0000][gc,heap      ] GC(4) Humongous regions: 2->2
[2023-08-24T07:23:11.741+0000][gc,metaspace ] GC(4) Metaspace: 40508K(41728K)->40508K(41728K) NonClass: 36152K(36864K)->36152K(36864K) Class: 4355K(4864K)->4355K(4864K)
[2023-08-24T07:23:11.741+0000][gc           ] GC(4) Pause Young (Normal) (G1 Evacuation Pause) 82M->38M(1024M) 5.643ms
[2023-08-24T07:23:11.741+0000][gc,cpu       ] GC(4) User=0.03s Sys=0.01s Real=0.01s
[2023-08-24T07:23:12.241+0000][gc,start     ] GC(5) Pause Young (Normal) (G1 Evacuation Pause)
[2023-08-24T07:23:12.241+0000][gc,task      ] GC(5) Using 8 workers of 8 for evacuation
[2023-08-24T07:23:12.246+0000][gc,phases    ] GC(5)   Pre Evacuate Collection Set: 0.0ms
[2023-08-24T07:23:12.246+0000][gc,phases    ] GC(5)   Evacuate Collection Set: 4.2ms
[2023-08-24T07:23:12.246+0000][gc,phases    ] GC(5)   Post Evacuate Collection Set: 0.5ms
[2023-08-24T07:23:12.246+0000][gc,phases    ] GC(5)   Other: 0.2ms
[2023-08-24T07:23:12.246+0000][gc,heap      ] GC(5) Eden regions: 46->0(45)
[2023-08-24T07:23:12.246+0000][gc,heap      ] GC(5) Survivor regions: 5->6(7)
[2023-08-24T07:23:12.246+0000][gc,heap      ] GC(5) Old regions: 32->33
[2023-08-24T07:23:12.246+0000][gc,heap      ] GC(5) Humongous regions: 11->11
[2023-08-24T07:23:12.246+0000][gc,metaspace ] GC(5) Metaspace: 47789K(49408K)->47789K(49408K) NonClass: 42552K(43520K)->42552K(43520K) Class: 5237K(5888K)->5237K(5888K)
[2023-08-24T07:23:12.246+0000][gc           ] GC(5) Pause Young (Normal) (G1 Evacuation Pause) 93M->49M(1024M) 5.057ms
[2023-08-24T07:23:12.246+0000][gc,cpu       ] GC(5) User=0.03s Sys=0.00s Real=0.00s
[2023-08-24T07:23:12.652+0000][gc,start     ] GC(6) Pause Young (Normal) (G1 Evacuation Pause)
[2023-08-24T07:23:12.652+0000][gc,task      ] GC(6) Using 8 workers of 8 for evacuation
[2023-08-24T07:23:12.675+0000][gc,mmu       ] GC(6) MMU target violated: 21.0ms (20.0ms/21.0ms)
[2023-08-24T07:23:12.675+0000][gc,phases    ] GC(6)   Pre Evacuate Collection Set: 0.0ms
[2023-08-24T07:23:12.675+0000][gc,phases    ] GC(6)   Evacuate Collection Set: 9.1ms
[2023-08-24T07:23:12.675+0000][gc,phases    ] GC(6)   Post Evacuate Collection Set: 13.4ms
[2023-08-24T07:23:12.675+0000][gc,phases    ] GC(6)   Other: 0.2ms
[2023-08-24T07:23:12.675+0000][gc,heap      ] GC(6) Eden regions: 45->0(44)
[2023-08-24T07:23:12.675+0000][gc,heap      ] GC(6) Survivor regions: 6->7(7)
[2023-08-24T07:23:12.675+0000][gc,heap      ] GC(6) Old regions: 33->37
[2023-08-24T07:23:12.675+0000][gc,heap      ] GC(6) Humongous regions: 11->11
[2023-08-24T07:23:12.675+0000][gc,metaspace ] GC(6) Metaspace: 52545K(54400K)->52545K(54400K) NonClass: 46858K(47872K)->46858K(47872K) Class: 5686K(6528K)->5686K(6528K)
[2023-08-24T07:23:12.675+0000][gc           ] GC(6) Pause Young (Normal) (G1 Evacuation Pause) 94M->53M(1024M) 22.893ms
[2023-08-24T07:23:12.675+0000][gc,cpu       ] GC(6) User=0.14s Sys=0.01s Real=0.02s
[2023-08-24T07:23:12.835+0000][gc,start     ] GC(7) Pause Young (Normal) (G1 Evacuation Pause)
[2023-08-24T07:23:12.835+0000][gc,task      ] GC(7) Using 8 workers of 8 for evacuation
[2023-08-24T07:23:12.840+0000][gc,phases    ] GC(7)   Pre Evacuate Collection Set: 0.0ms
[2023-08-24T07:23:12.840+0000][gc,phases    ] GC(7)   Evacuate Collection Set: 4.8ms
[2023-08-24T07:23:12.841+0000][gc,phases    ] GC(7)   Post Evacuate Collection Set: 0.5ms
[2023-08-24T07:23:12.841+0000][gc,phases    ] GC(7)   Other: 0.2ms
[2023-08-24T07:23:12.841+0000][gc,heap      ] GC(7) Eden regions: 44->0(49)
[2023-08-24T07:23:12.841+0000][gc,heap      ] GC(7) Survivor regions: 7->2(7)
[2023-08-24T07:23:12.841+0000][gc,heap      ] GC(7) Old regions: 37->43
[2023-08-24T07:23:12.841+0000][gc,heap      ] GC(7) Humongous regions: 11->11
[2023-08-24T07:23:12.841+0000][gc,metaspace ] GC(7) Metaspace: 54195K(56064K)->54195K(56064K) NonClass: 48328K(49408K)->48328K(49408K) Class: 5866K(6656K)->5866K(6656K)
[2023-08-24T07:23:12.841+0000][gc           ] GC(7) Pause Young (Normal) (G1 Evacuation Pause) 97M->54M(1024M) 5.652ms
[2023-08-24T07:23:12.841+0000][gc,cpu       ] GC(7) User=0.03s Sys=0.00s Real=0.01s
[2023-08-24T07:23:13.027+0000][gc,start     ] GC(8) Pause Young (Normal) (G1 Evacuation Pause)
[2023-08-24T07:23:13.027+0000][gc,task      ] GC(8) Using 8 workers of 8 for evacuation
[2023-08-24T07:23:13.029+0000][gc,phases    ] GC(8)   Pre Evacuate Collection Set: 0.0ms
[2023-08-24T07:23:13.029+0000][gc,phases    ] GC(8)   Evacuate Collection Set: 1.5ms
[2023-08-24T07:23:13.029+0000][gc,phases    ] GC(8)   Post Evacuate Collection Set: 0.3ms
[2023-08-24T07:23:13.029+0000][gc,phases    ] GC(8)   Other: 0.2ms
[2023-08-24T07:23:13.029+0000][gc,heap      ] GC(8) Eden regions: 49->0(50)
[2023-08-24T07:23:13.029+0000][gc,heap      ] GC(8) Survivor regions: 2->1(7)
[2023-08-24T07:23:13.029+0000][gc,heap      ] GC(8) Old regions: 43->43
[2023-08-24T07:23:13.029+0000][gc,heap      ] GC(8) Humongous regions: 11->11
[2023-08-24T07:23:13.029+0000][gc,metaspace ] GC(8) Metaspace: 56256K(58112K)->56256K(58112K) NonClass: 50135K(51200K)->50135K(51200K) Class: 6120K(6912K)->6120K(6912K)
[2023-08-24T07:23:13.029+0000][gc           ] GC(8) Pause Young (Normal) (G1 Evacuation Pause) 103M->54M(1024M) 2.138ms
[2023-08-24T07:23:13.029+0000][gc,cpu       ] GC(8) User=0.01s Sys=0.00s Real=0.00s
[2023-08-24T07:23:13.454+0000][gc,start     ] GC(9) Pause Young (Normal) (G1 Evacuation Pause)
[2023-08-24T07:23:13.454+0000][gc,task      ] GC(9) Using 8 workers of 8 for evacuation
[2023-08-24T07:23:13.457+0000][gc,phases    ] GC(9)   Pre Evacuate Collection Set: 0.0ms
[2023-08-24T07:23:13.458+0000][gc,phases    ] GC(9)   Evacuate Collection Set: 2.8ms
[2023-08-24T07:23:13.458+0000][gc,phases    ] GC(9)   Post Evacuate Collection Set: 0.7ms
[2023-08-24T07:23:13.458+0000][gc,phases    ] GC(9)   Other: 0.2ms
[2023-08-24T07:23:13.458+0000][gc,heap      ] GC(9) Eden regions: 50->0(51)
[2023-08-24T07:23:13.458+0000][gc,heap      ] GC(9) Survivor regions: 1->4(7)
[2023-08-24T07:23:13.458+0000][gc,heap      ] GC(9) Old regions: 43->43
[2023-08-24T07:23:13.458+0000][gc,heap      ] GC(9) Humongous regions: 11->11
[2023-08-24T07:23:13.458+0000][gc,metaspace ] GC(9) Metaspace: 62754K(64768K)->62754K(64768K) NonClass: 55931K(57088K)->55931K(57088K) Class: 6823K(7680K)->6823K(7680K)
[2023-08-24T07:23:13.458+0000][gc           ] GC(9) Pause Young (Normal) (G1 Evacuation Pause) 104M->57M(1024M) 3.781ms
[2023-08-24T07:23:13.458+0000][gc,cpu       ] GC(9) User=0.02s Sys=0.00s Real=0.00s
[2023-08-24T07:23:13.631+0000][gc,start     ] GC(10) Pause Young (Normal) (G1 Evacuation Pause)
[2023-08-24T07:23:13.631+0000][gc,task      ] GC(10) Using 8 workers of 8 for evacuation
[2023-08-24T07:23:13.634+0000][gc,phases    ] GC(10)   Pre Evacuate Collection Set: 0.0ms
[2023-08-24T07:23:13.634+0000][gc,phases    ] GC(10)   Evacuate Collection Set: 2.2ms
[2023-08-24T07:23:13.634+0000][gc,phases    ] GC(10)   Post Evacuate Collection Set: 0.4ms
[2023-08-24T07:23:13.634+0000][gc,phases    ] GC(10)   Other: 0.2ms
[2023-08-24T07:23:13.634+0000][gc,heap      ] GC(10) Eden regions: 51->0(58)
[2023-08-24T07:23:13.634+0000][gc,heap      ] GC(10) Survivor regions: 4->4(7)
[2023-08-24T07:23:13.634+0000][gc,heap      ] GC(10) Old regions: 43->43
[2023-08-24T07:23:13.634+0000][gc,heap      ] GC(10) Humongous regions: 11->11
[2023-08-24T07:23:13.634+0000][gc,metaspace ] GC(10) Metaspace: 63971K(66048K)->63971K(66048K) NonClass: 56914K(58112K)->56914K(58112K) Class: 7056K(7936K)->7056K(7936K)
[2023-08-24T07:23:13.634+0000][gc           ] GC(10) Pause Young (Normal) (G1 Evacuation Pause) 108M->57M(1024M) 2.862ms
[2023-08-24T07:23:13.634+0000][gc,cpu       ] GC(10) User=0.01s Sys=0.00s Real=0.00s
[2023-08-24T07:23:13.807+0000][gc,start     ] GC(11) Pause Young (Normal) (G1 Evacuation Pause)
[2023-08-24T07:23:13.807+0000][gc,task      ] GC(11) Using 8 workers of 8 for evacuation
[2023-08-24T07:23:13.810+0000][gc,phases    ] GC(11)   Pre Evacuate Collection Set: 0.0ms
[2023-08-24T07:23:13.810+0000][gc,phases    ] GC(11)   Evacuate Collection Set: 3.0ms
[2023-08-24T07:23:13.810+0000][gc,phases    ] GC(11)   Post Evacuate Collection Set: 0.4ms
[2023-08-24T07:23:13.810+0000][gc,phases    ] GC(11)   Other: 0.2ms
[2023-08-24T07:23:13.811+0000][gc,heap      ] GC(11) Eden regions: 58->0(65)
[2023-08-24T07:23:13.811+0000][gc,heap      ] GC(11) Survivor regions: 4->4(8)
[2023-08-24T07:23:13.811+0000][gc,heap      ] GC(11) Old regions: 43->43
[2023-08-24T07:23:13.811+0000][gc,heap      ] GC(11) Humongous regions: 11->11
[2023-08-24T07:23:13.811+0000][gc,metaspace ] GC(11) Metaspace: 65768K(67968K)->65768K(67968K) NonClass: 58564K(59904K)->58564K(59904K) Class: 7203K(8064K)->7203K(8064K)
[2023-08-24T07:23:13.811+0000][gc           ] GC(11) Pause Young (Normal) (G1 Evacuation Pause) 115M->57M(1024M) 3.693ms
[2023-08-24T07:23:13.811+0000][gc,cpu       ] GC(11) User=0.02s Sys=0.00s Real=0.00s
[2023-08-24T07:23:13.996+0000][gc,start     ] GC(12) Pause Young (Normal) (G1 Evacuation Pause)
[2023-08-24T07:23:13.996+0000][gc,task      ] GC(12) Using 8 workers of 8 for evacuation
[2023-08-24T07:23:14.001+0000][gc,phases    ] GC(12)   Pre Evacuate Collection Set: 0.0ms
[2023-08-24T07:23:14.001+0000][gc,phases    ] GC(12)   Evacuate Collection Set: 4.9ms
[2023-08-24T07:23:14.002+0000][gc,phases    ] GC(12)   Post Evacuate Collection Set: 0.5ms
[2023-08-24T07:23:14.002+0000][gc,phases    ] GC(12)   Other: 0.3ms
[2023-08-24T07:23:14.002+0000][gc,heap      ] GC(12) Eden regions: 65->0(76)
[2023-08-24T07:23:14.002+0000][gc,heap      ] GC(12) Survivor regions: 4->5(9)
[2023-08-24T07:23:14.002+0000][gc,heap      ] GC(12) Old regions: 43->43
[2023-08-24T07:23:14.002+0000][gc,heap      ] GC(12) Humongous regions: 11->11
[2023-08-24T07:23:14.002+0000][gc,metaspace ] GC(12) Metaspace: 66978K(69248K)->66978K(69248K) NonClass: 59599K(60928K)->59599K(60928K) Class: 7379K(8320K)->7379K(8320K)
[2023-08-24T07:23:14.003+0000][gc           ] GC(12) Pause Young (Normal) (G1 Evacuation Pause) 122M->58M(1024M) 6.913ms
[2023-08-24T07:23:14.003+0000][gc,cpu       ] GC(12) User=0.03s Sys=0.00s Real=0.01s
[2023-08-24T07:23:14.300+0000][gc,start     ] GC(13) Pause Young (Normal) (G1 Evacuation Pause)
[2023-08-24T07:23:14.301+0000][gc,task      ] GC(13) Using 8 workers of 8 for evacuation
[2023-08-24T07:23:14.305+0000][gc,phases    ] GC(13)   Pre Evacuate Collection Set: 0.0ms
[2023-08-24T07:23:14.305+0000][gc,phases    ] GC(13)   Evacuate Collection Set: 4.3ms
[2023-08-24T07:23:14.305+0000][gc,phases    ] GC(13)   Post Evacuate Collection Set: 0.4ms
[2023-08-24T07:23:14.305+0000][gc,phases    ] GC(13)   Other: 0.2ms
[2023-08-24T07:23:14.305+0000][gc,heap      ] GC(13) Eden regions: 76->0(291)
[2023-08-24T07:23:14.305+0000][gc,heap      ] GC(13) Survivor regions: 5->5(11)
[2023-08-24T07:23:14.305+0000][gc,heap      ] GC(13) Old regions: 43->43
[2023-08-24T07:23:14.305+0000][gc,heap      ] GC(13) Humongous regions: 11->11
[2023-08-24T07:23:14.305+0000][gc,metaspace ] GC(13) Metaspace: 69289K(71424K)->69289K(71424K) NonClass: 61678K(62976K)->61678K(62976K) Class: 7611K(8448K)->7611K(8448K)
[2023-08-24T07:23:14.305+0000][gc           ] GC(13) Pause Young (Normal) (G1 Evacuation Pause) 134M->58M(1024M) 5.045ms
[2023-08-24T07:23:14.306+0000][gc,cpu       ] GC(13) User=0.03s Sys=0.00s Real=0.00s
[2023-08-24T07:23:16.807+0000][gc,start     ] GC(14) Pause Young (Normal) (G1 Evacuation Pause)
[2023-08-24T07:23:16.807+0000][gc,task      ] GC(14) Using 8 workers of 8 for evacuation
[2023-08-24T07:23:16.850+0000][gc,mmu       ] GC(14) MMU target violated: 21.0ms (20.0ms/21.0ms)
[2023-08-24T07:23:16.850+0000][gc,phases    ] GC(14)   Pre Evacuate Collection Set: 0.1ms
[2023-08-24T07:23:16.851+0000][gc,phases    ] GC(14)   Evacuate Collection Set: 22.8ms
[2023-08-24T07:23:16.851+0000][gc,phases    ] GC(14)   Post Evacuate Collection Set: 20.0ms
[2023-08-24T07:23:16.851+0000][gc,phases    ] GC(14)   Other: 0.7ms
[2023-08-24T07:23:16.851+0000][gc,heap      ] GC(14) Eden regions: 291->0(130)
[2023-08-24T07:23:16.851+0000][gc,heap      ] GC(14) Survivor regions: 5->15(37)
[2023-08-24T07:23:16.851+0000][gc,heap      ] GC(14) Old regions: 43->43
[2023-08-24T07:23:16.852+0000][gc,heap      ] GC(14) Humongous regions: 141->140
[2023-08-24T07:23:16.852+0000][gc,metaspace ] GC(14) Metaspace: 87801K(90752K)->87801K(90752K) NonClass: 77670K(79360K)->77670K(79360K) Class: 10130K(11392K)->10130K(11392K)
[2023-08-24T07:23:16.852+0000][gc           ] GC(14) Pause Young (Normal) (G1 Evacuation Pause) 479M->197M(1024M) 44.866ms
[2023-08-24T07:23:16.852+0000][gc,cpu       ] GC(14) User=0.13s Sys=0.01s Real=0.05s
[2023-08-24T07:23:17.460+0000][gc,start     ] GC(15) Pause Young (Normal) (G1 Evacuation Pause)
[2023-08-24T07:23:17.460+0000][gc,task      ] GC(15) Using 8 workers of 8 for evacuation
[2023-08-24T07:23:17.490+0000][gc,mmu       ] GC(15) MMU target violated: 21.0ms (20.0ms/21.0ms)
[2023-08-24T07:23:17.491+0000][gc,phases    ] GC(15)   Pre Evacuate Collection Set: 0.0ms
[2023-08-24T07:23:17.491+0000][gc,phases    ] GC(15)   Evacuate Collection Set: 28.1ms
[2023-08-24T07:23:17.491+0000][gc,phases    ] GC(15)   Post Evacuate Collection Set: 1.8ms
[2023-08-24T07:23:17.491+0000][gc,phases    ] GC(15)   Other: 0.4ms
[2023-08-24T07:23:17.491+0000][gc,heap      ] GC(15) Eden regions: 130->0(174)
[2023-08-24T07:23:17.491+0000][gc,heap      ] GC(15) Survivor regions: 15->3(19)
[2023-08-24T07:23:17.491+0000][gc,heap      ] GC(15) Old regions: 43->57
[2023-08-24T07:23:17.491+0000][gc,heap      ] GC(15) Humongous regions: 140->140
[2023-08-24T07:23:17.491+0000][gc,metaspace ] GC(15) Metaspace: 90700K(93568K)->90700K(93568K) NonClass: 80098K(81664K)->80098K(81664K) Class: 10602K(11904K)->10602K(11904K)
[2023-08-24T07:23:17.491+0000][gc           ] GC(15) Pause Young (Normal) (G1 Evacuation Pause) 327M->199M(1024M) 30.330ms
[2023-08-24T07:23:17.491+0000][gc,cpu       ] GC(15) User=0.09s Sys=0.03s Real=0.02s
[2023-08-24T07:23:18.593+0000][gc,start     ] GC(16) Pause Young (Concurrent Start) (Metadata GC Threshold)
[2023-08-24T07:23:18.594+0000][gc,task      ] GC(16) Using 8 workers of 8 for evacuation
[2023-08-24T07:23:18.627+0000][gc,mmu       ] GC(16) MMU target violated: 21.0ms (20.0ms/21.0ms)
[2023-08-24T07:23:18.627+0000][gc,phases    ] GC(16)   Pre Evacuate Collection Set: 0.3ms
[2023-08-24T07:23:18.627+0000][gc,phases    ] GC(16)   Evacuate Collection Set: 31.4ms
[2023-08-24T07:23:18.627+0000][gc,phases    ] GC(16)   Post Evacuate Collection Set: 0.8ms
[2023-08-24T07:23:18.627+0000][gc,phases    ] GC(16)   Other: 1.0ms
[2023-08-24T07:23:18.627+0000][gc,heap      ] GC(16) Eden regions: 145->0(95)
[2023-08-24T07:23:18.627+0000][gc,heap      ] GC(16) Survivor regions: 3->9(23)
[2023-08-24T07:23:18.628+0000][gc,heap      ] GC(16) Old regions: 57->57
[2023-08-24T07:23:18.628+0000][gc,heap      ] GC(16) Humongous regions: 140->140
[2023-08-24T07:23:18.628+0000][gc,metaspace ] GC(16) Metaspace: 95210K(98304K)->95210K(98304K) NonClass: 83980K(85632K)->83980K(85632K) Class: 11229K(12672K)->11229K(12672K)
[2023-08-24T07:23:18.628+0000][gc           ] GC(16) Pause Young (Concurrent Start) (Metadata GC Threshold) 344M->205M(1024M) 34.431ms
[2023-08-24T07:23:18.628+0000][gc,cpu       ] GC(16) User=0.10s Sys=0.00s Real=0.03s
[2023-08-24T07:23:18.631+0000][gc           ] GC(17) Concurrent Cycle
[2023-08-24T07:23:18.631+0000][gc,marking   ] GC(17) Concurrent Clear Claimed Marks
[2023-08-24T07:23:18.631+0000][gc,marking   ] GC(17) Concurrent Clear Claimed Marks 0.304ms
[2023-08-24T07:23:18.631+0000][gc,marking   ] GC(17) Concurrent Scan Root Regions
[2023-08-24T07:23:18.638+0000][gc,marking   ] GC(17) Concurrent Scan Root Regions 6.985ms
[2023-08-24T07:23:18.638+0000][gc,marking   ] GC(17) Concurrent Mark (9.490s)
[2023-08-24T07:23:18.638+0000][gc,marking   ] GC(17) Concurrent Mark From Roots
[2023-08-24T07:23:18.638+0000][gc,task      ] GC(17) Using 2 workers of 2 for marking
[2023-08-24T07:23:18.765+0000][gc,marking   ] GC(17) Concurrent Mark From Roots 126.886ms
[2023-08-24T07:23:18.765+0000][gc,marking   ] GC(17) Concurrent Preclean
[2023-08-24T07:23:18.766+0000][gc,marking   ] GC(17) Concurrent Preclean 0.548ms
[2023-08-24T07:23:18.766+0000][gc,marking   ] GC(17) Concurrent Mark (9.490s, 9.617s) 127.848ms
[2023-08-24T07:23:18.767+0000][gc,start     ] GC(17) Pause Remark
[2023-08-24T07:23:18.794+0000][gc,stringtable] GC(17) Cleaned string and symbol table, strings: 33117 processed, 82 removed, symbols: 255733 processed, 301 removed
[2023-08-24T07:23:18.795+0000][gc,mmu        ] GC(17) MMU target violated: 21.0ms (20.0ms/21.0ms)
[2023-08-24T07:23:18.795+0000][gc            ] GC(17) Pause Remark 210M->210M(1024M) 28.163ms
[2023-08-24T07:23:18.795+0000][gc,cpu        ] GC(17) User=0.08s Sys=0.00s Real=0.03s
[2023-08-24T07:23:18.795+0000][gc,marking    ] GC(17) Concurrent Rebuild Remembered Sets
[2023-08-24T07:23:18.859+0000][gc,marking    ] GC(17) Concurrent Rebuild Remembered Sets 63.767ms
[2023-08-24T07:23:18.860+0000][gc,start      ] GC(17) Pause Cleanup
[2023-08-24T07:23:18.860+0000][gc            ] GC(17) Pause Cleanup 223M->223M(1024M) 0.477ms
[2023-08-24T07:23:18.860+0000][gc,cpu        ] GC(17) User=0.00s Sys=0.00s Real=0.00s
[2023-08-24T07:23:18.867+0000][gc,marking    ] GC(17) Concurrent Cleanup for Next Mark
[2023-08-24T07:23:18.896+0000][gc,marking    ] GC(17) Concurrent Cleanup for Next Mark 29.006ms
[2023-08-24T07:23:18.896+0000][gc            ] GC(17) Concurrent Cycle 265.238ms
[2023-08-24T07:23:19.722+0000][gc,start      ] GC(18) Pause Young (Concurrent Start) (G1 Evacuation Pause)
[2023-08-24T07:23:19.723+0000][gc,task       ] GC(18) Using 8 workers of 8 for evacuation
[2023-08-24T07:23:19.757+0000][gc,mmu        ] GC(18) MMU target violated: 21.0ms (20.0ms/21.0ms)
[2023-08-24T07:23:19.757+0000][gc,phases     ] GC(18)   Pre Evacuate Collection Set: 0.4ms
[2023-08-24T07:23:19.757+0000][gc,phases     ] GC(18)   Evacuate Collection Set: 32.9ms
[2023-08-24T07:23:19.757+0000][gc,phases     ] GC(18)   Post Evacuate Collection Set: 0.8ms
[2023-08-24T07:23:19.757+0000][gc,phases     ] GC(18)   Other: 0.8ms
[2023-08-24T07:23:19.757+0000][gc,heap       ] GC(18) Eden regions: 42->0(56)
[2023-08-24T07:23:19.757+0000][gc,heap       ] GC(18) Survivor regions: 9->4(7)
[2023-08-24T07:23:19.757+0000][gc,heap       ] GC(18) Old regions: 57->66
[2023-08-24T07:23:19.757+0000][gc,heap       ] GC(18) Humongous regions: 149->149
[2023-08-24T07:23:19.757+0000][gc,metaspace  ] GC(18) Metaspace: 98968K(102552K)->98968K(102552K) NonClass: 87107K(89036K)->87107K(89036K) Class: 11860K(13516K)->11860K(13516K)
[2023-08-24T07:23:19.757+0000][gc            ] GC(18) Pause Young (Concurrent Start) (G1 Evacuation Pause) 256M->217M(1024M) 34.878ms
[2023-08-24T07:23:19.757+0000][gc,cpu        ] GC(18) User=0.14s Sys=0.01s Real=0.03s
[2023-08-24T07:23:19.757+0000][gc            ] GC(19) Concurrent Cycle
[2023-08-24T07:23:19.757+0000][gc,marking    ] GC(19) Concurrent Clear Claimed Marks
[2023-08-24T07:23:19.758+0000][gc,marking    ] GC(19) Concurrent Clear Claimed Marks 0.229ms
[2023-08-24T07:23:19.758+0000][gc,marking    ] GC(19) Concurrent Scan Root Regions
[2023-08-24T07:23:19.760+0000][gc,marking    ] GC(19) Concurrent Scan Root Regions 2.657ms
[2023-08-24T07:23:19.760+0000][gc,marking    ] GC(19) Concurrent Mark (10.612s)
[2023-08-24T07:23:19.760+0000][gc,marking    ] GC(19) Concurrent Mark From Roots
[2023-08-24T07:23:19.760+0000][gc,task       ] GC(19) Using 2 workers of 2 for marking
[2023-08-24T07:23:19.871+0000][gc,marking    ] GC(19) Concurrent Mark From Roots 110.452ms
[2023-08-24T07:23:19.871+0000][gc,marking    ] GC(19) Concurrent Preclean
[2023-08-24T07:23:19.872+0000][gc,marking    ] GC(19) Concurrent Preclean 0.619ms
[2023-08-24T07:23:19.872+0000][gc,marking    ] GC(19) Concurrent Mark (10.612s, 10.723s) 111.486ms
[2023-08-24T07:23:19.872+0000][gc,start      ] GC(19) Pause Remark
[2023-08-24T07:23:19.895+0000][gc,stringtable] GC(19) Cleaned string and symbol table, strings: 35142 processed, 1 removed, symbols: 264640 processed, 29 removed
[2023-08-24T07:23:19.896+0000][gc,mmu        ] GC(19) MMU target violated: 21.0ms (20.0ms/21.0ms)
[2023-08-24T07:23:19.896+0000][gc            ] GC(19) Pause Remark 223M->223M(1024M) 23.581ms
[2023-08-24T07:23:19.896+0000][gc,cpu        ] GC(19) User=0.08s Sys=0.00s Real=0.02s
[2023-08-24T07:23:19.897+0000][gc,marking    ] GC(19) Concurrent Rebuild Remembered Sets
[2023-08-24T07:23:19.972+0000][gc,marking    ] GC(19) Concurrent Rebuild Remembered Sets 75.778ms
[2023-08-24T07:23:19.973+0000][gc,start      ] GC(19) Pause Cleanup
[2023-08-24T07:23:19.974+0000][gc            ] GC(19) Pause Cleanup 224M->224M(1024M) 0.362ms
[2023-08-24T07:23:19.974+0000][gc,cpu        ] GC(19) User=0.00s Sys=0.00s Real=0.00s
[2023-08-24T07:23:19.979+0000][gc,marking    ] GC(19) Concurrent Cleanup for Next Mark
[2023-08-24T07:23:19.995+0000][gc,marking    ] GC(19) Concurrent Cleanup for Next Mark 15.991ms
[2023-08-24T07:23:19.995+0000][gc            ] GC(19) Concurrent Cycle 237.578ms
[2023-08-24T07:23:29.775+0000][gc,start      ] GC(20) Pause Young (Normal) (G1 Evacuation Pause)
[2023-08-24T07:23:29.775+0000][gc,task       ] GC(20) Using 8 workers of 8 for evacuation
[2023-08-24T07:23:29.792+0000][gc,phases     ] GC(20)   Pre Evacuate Collection Set: 0.1ms
[2023-08-24T07:23:29.792+0000][gc,phases     ] GC(20)   Evacuate Collection Set: 15.6ms
[2023-08-24T07:23:29.792+0000][gc,phases     ] GC(20)   Post Evacuate Collection Set: 1.4ms
[2023-08-24T07:23:29.792+0000][gc,phases     ] GC(20)   Other: 0.3ms
[2023-08-24T07:23:29.792+0000][gc,heap       ] GC(20) Eden regions: 47->0(66)
[2023-08-24T07:23:29.792+0000][gc,heap       ] GC(20) Survivor regions: 4->6(7)
[2023-08-24T07:23:29.792+0000][gc,heap       ] GC(20) Old regions: 66->66
[2023-08-24T07:23:29.792+0000][gc,heap       ] GC(20) Humongous regions: 149->149
[2023-08-24T07:23:29.792+0000][gc,metaspace  ] GC(20) Metaspace: 101167K(105112K)->101167K(105112K) NonClass: 88923K(91084K)->88923K(91084K) Class: 12244K(14028K)->12244K(14028K)
[2023-08-24T07:23:29.793+0000][gc            ] GC(20) Pause Young (Normal) (G1 Evacuation Pause) 264M->220M(1024M) 17.490ms
[2023-08-24T07:23:29.793+0000][gc,cpu        ] GC(20) User=0.06s Sys=0.00s Real=0.02s
[2023-08-24T07:23:32.789+0000][gc,start      ] GC(21) Pause Young (Normal) (G1 Evacuation Pause)
[2023-08-24T07:23:32.790+0000][gc,task       ] GC(21) Using 8 workers of 8 for evacuation
[2023-08-24T07:23:32.829+0000][gc,mmu        ] GC(21) MMU target violated: 21.0ms (20.0ms/21.0ms)
[2023-08-24T07:23:32.829+0000][gc,phases     ] GC(21)   Pre Evacuate Collection Set: 0.0ms
[2023-08-24T07:23:32.829+0000][gc,phases     ] GC(21)   Evacuate Collection Set: 32.8ms
[2023-08-24T07:23:32.829+0000][gc,phases     ] GC(21)   Post Evacuate Collection Set: 6.6ms
[2023-08-24T07:23:32.829+0000][gc,phases     ] GC(21)   Other: 0.7ms
[2023-08-24T07:23:32.829+0000][gc,heap       ] GC(21) Eden regions: 66->0(59)
[2023-08-24T07:23:32.829+0000][gc,heap       ] GC(21) Survivor regions: 6->8(9)
[2023-08-24T07:23:32.829+0000][gc,heap       ] GC(21) Old regions: 66->68
[2023-08-24T07:23:32.829+0000][gc,heap       ] GC(21) Humongous regions: 149->149
[2023-08-24T07:23:32.829+0000][gc,metaspace  ] GC(21) Metaspace: 103452K(107672K)->103452K(107672K) NonClass: 90896K(93132K)->90896K(93132K) Class: 12555K(14540K)->12555K(14540K)
[2023-08-24T07:23:32.830+0000][gc            ] GC(21) Pause Young (Normal) (G1 Evacuation Pause) 286M->224M(1024M) 40.165ms
[2023-08-24T07:23:32.830+0000][gc,cpu        ] GC(21) User=0.15s Sys=0.01s Real=0.04s
[2023-08-24T07:23:37.740+0000][gc,start      ] GC(22) Pause Young (Normal) (G1 Evacuation Pause)
[2023-08-24T07:23:37.740+0000][gc,task       ] GC(22) Using 8 workers of 8 for evacuation
[2023-08-24T07:23:37.751+0000][gc,phases     ] GC(22)   Pre Evacuate Collection Set: 0.0ms
[2023-08-24T07:23:37.751+0000][gc,phases     ] GC(22)   Evacuate Collection Set: 9.5ms
[2023-08-24T07:23:37.751+0000][gc,phases     ] GC(22)   Post Evacuate Collection Set: 0.6ms
[2023-08-24T07:23:37.751+0000][gc,phases     ] GC(22)   Other: 0.3ms
[2023-08-24T07:23:37.751+0000][gc,heap       ] GC(22) Eden regions: 59->0(71)
[2023-08-24T07:23:37.751+0000][gc,heap       ] GC(22) Survivor regions: 8->9(9)
[2023-08-24T07:23:37.751+0000][gc,heap       ] GC(22) Old regions: 68->71
[2023-08-24T07:23:37.751+0000][gc,heap       ] GC(22) Humongous regions: 149->149
[2023-08-24T07:23:37.751+0000][gc,metaspace  ] GC(22) Metaspace: 105926K(110360K)->105926K(110360K) NonClass: 93049K(95436K)->93049K(95436K) Class: 12876K(14924K)->12876K(14924K)
[2023-08-24T07:23:37.751+0000][gc            ] GC(22) Pause Young (Normal) (G1 Evacuation Pause) 283M->228M(1024M) 10.540ms
[2023-08-24T07:23:37.751+0000][gc,cpu        ] GC(22) User=0.05s Sys=0.00s Real=0.01s
[2023-08-24T07:23:44.812+0000][gc,start      ] GC(23) Pause Young (Normal) (G1 Evacuation Pause)
[2023-08-24T07:23:44.812+0000][gc,task       ] GC(23) Using 8 workers of 8 for evacuation
[2023-08-24T07:23:44.822+0000][gc,phases     ] GC(23)   Pre Evacuate Collection Set: 0.0ms
[2023-08-24T07:23:44.822+0000][gc,phases     ] GC(23)   Evacuate Collection Set: 8.9ms
[2023-08-24T07:23:44.822+0000][gc,phases     ] GC(23)   Post Evacuate Collection Set: 0.6ms
[2023-08-24T07:23:44.822+0000][gc,phases     ] GC(23)   Other: 0.3ms
[2023-08-24T07:23:44.822+0000][gc,heap       ] GC(23) Eden regions: 64->0(81)
[2023-08-24T07:23:44.822+0000][gc,heap       ] GC(23) Survivor regions: 9->7(10)
[2023-08-24T07:23:44.822+0000][gc,heap       ] GC(23) Old regions: 71->76
[2023-08-24T07:23:44.822+0000][gc,heap       ] GC(23) Humongous regions: 149->149
[2023-08-24T07:23:44.822+0000][gc,metaspace  ] GC(23) Metaspace: 107437K(112024K)->107437K(112024K) NonClass: 94438K(96972K)->94438K(96972K) Class: 12999K(15052K)->12999K(15052K)
[2023-08-24T07:23:44.822+0000][gc            ] GC(23) Pause Young (Normal) (G1 Evacuation Pause) 292M->231M(1024M) 9.860ms
[2023-08-24T07:23:44.822+0000][gc,cpu        ] GC(23) User=0.05s Sys=0.00s Real=0.01s
[2023-08-24T07:23:51.291+0000][gc,start      ] GC(24) Pause Young (Normal) (G1 Evacuation Pause)
[2023-08-24T07:23:51.291+0000][gc,task       ] GC(24) Using 8 workers of 8 for evacuation
[2023-08-24T07:23:51.299+0000][gc,phases     ] GC(24)   Pre Evacuate Collection Set: 0.0ms
[2023-08-24T07:23:51.299+0000][gc,phases     ] GC(24)   Evacuate Collection Set: 7.6ms
[2023-08-24T07:23:51.299+0000][gc,phases     ] GC(24)   Post Evacuate Collection Set: 0.5ms
[2023-08-24T07:23:51.299+0000][gc,phases     ] GC(24)   Other: 0.3ms
[2023-08-24T07:23:51.299+0000][gc,heap       ] GC(24) Eden regions: 65->0(93)
[2023-08-24T07:23:51.299+0000][gc,heap       ] GC(24) Survivor regions: 7->5(9)
[2023-08-24T07:23:51.299+0000][gc,heap       ] GC(24) Old regions: 76->80
[2023-08-24T07:23:51.299+0000][gc,heap       ] GC(24) Humongous regions: 149->149
[2023-08-24T07:23:51.299+0000][gc,metaspace  ] GC(24) Metaspace: 108941K(113688K)->108941K(113688K) NonClass: 95687K(98252K)->95687K(98252K) Class: 13254K(15436K)->13254K(15436K)
[2023-08-24T07:23:51.299+0000][gc            ] GC(24) Pause Young (Normal) (G1 Evacuation Pause) 296M->233M(1024M) 8.503ms
[2023-08-24T07:23:51.299+0000][gc,cpu        ] GC(24) User=0.04s Sys=0.00s Real=0.02s
[2023-08-24T07:23:58.863+0000][gc,start      ] GC(25) Pause Young (Normal) (G1 Evacuation Pause)
[2023-08-24T07:23:58.863+0000][gc,task       ] GC(25) Using 8 workers of 8 for evacuation
[2023-08-24T07:23:58.871+0000][gc,phases     ] GC(25)   Pre Evacuate Collection Set: 0.0ms
[2023-08-24T07:23:58.871+0000][gc,phases     ] GC(25)   Evacuate Collection Set: 6.8ms
[2023-08-24T07:23:58.871+0000][gc,phases     ] GC(25)   Post Evacuate Collection Set: 0.6ms
[2023-08-24T07:23:58.871+0000][gc,phases     ] GC(25)   Other: 0.3ms
[2023-08-24T07:23:58.871+0000][gc,heap       ] GC(25) Eden regions: 76->0(104)
[2023-08-24T07:23:58.871+0000][gc,heap       ] GC(25) Survivor regions: 5->7(11)
[2023-08-24T07:23:58.871+0000][gc,heap       ] GC(25) Old regions: 80->80
[2023-08-24T07:23:58.871+0000][gc,heap       ] GC(25) Humongous regions: 149->149
[2023-08-24T07:23:58.871+0000][gc,metaspace  ] GC(25) Metaspace: 112237K(117272K)->112237K(117272K) NonClass: 98609K(101324K)->98609K(101324K) Class: 13627K(15948K)->13627K(15948K)
[2023-08-24T07:23:58.871+0000][gc            ] GC(25) Pause Young (Normal) (G1 Evacuation Pause) 309M->235M(1024M) 7.834ms
[2023-08-24T07:23:58.871+0000][gc,cpu        ] GC(25) User=0.05s Sys=0.00s Real=0.01s
[2023-08-24T07:24:21.204+0000][gc,start      ] GC(26) Pause Young (Normal) (G1 Evacuation Pause)
[2023-08-24T07:24:21.204+0000][gc,task       ] GC(26) Using 8 workers of 8 for evacuation
[2023-08-24T07:24:21.248+0000][gc,mmu        ] GC(26) MMU target violated: 21.0ms (20.0ms/21.0ms)
[2023-08-24T07:24:21.248+0000][gc,phases     ] GC(26)   Pre Evacuate Collection Set: 0.1ms
[2023-08-24T07:24:21.248+0000][gc,phases     ] GC(26)   Evacuate Collection Set: 43.1ms
[2023-08-24T07:24:21.249+0000][gc,phases     ] GC(26)   Post Evacuate Collection Set: 1.0ms
[2023-08-24T07:24:21.249+0000][gc,phases     ] GC(26)   Other: 0.7ms
[2023-08-24T07:24:21.249+0000][gc,heap       ] GC(26) Eden regions: 91->0(63)
[2023-08-24T07:24:21.249+0000][gc,heap       ] GC(26) Survivor regions: 7->9(13)
[2023-08-24T07:24:21.249+0000][gc,heap       ] GC(26) Old regions: 80->80
[2023-08-24T07:24:21.249+0000][gc,heap       ] GC(26) Humongous regions: 149->149
[2023-08-24T07:24:21.249+0000][gc,metaspace  ] GC(26) Metaspace: 112897K(118040K)->112897K(118040K) NonClass: 99260K(102092K)->99260K(102092K) Class: 13636K(15948K)->13636K(15948K)
[2023-08-24T07:24:21.250+0000][gc            ] GC(26) Pause Young (Normal) (G1 Evacuation Pause) 326M->237M(1024M) 45.959ms
[2023-08-24T07:24:21.250+0000][gc,cpu        ] GC(26) User=0.06s Sys=0.00s Real=0.04s
[2023-08-24T07:24:29.636+0000][gc,start      ] GC(27) Pause Young (Normal) (G1 Evacuation Pause)
[2023-08-24T07:24:29.636+0000][gc,task       ] GC(27) Using 8 workers of 8 for evacuation
[2023-08-24T07:24:29.646+0000][gc,phases     ] GC(27)   Pre Evacuate Collection Set: 0.0ms
[2023-08-24T07:24:29.646+0000][gc,phases     ] GC(27)   Evacuate Collection Set: 9.2ms
[2023-08-24T07:24:29.646+0000][gc,phases     ] GC(27)   Post Evacuate Collection Set: 0.5ms
[2023-08-24T07:24:29.646+0000][gc,phases     ] GC(27)   Other: 0.3ms
[2023-08-24T07:24:29.646+0000][gc,heap       ] GC(27) Eden regions: 42->0(55)
[2023-08-24T07:24:29.646+0000][gc,heap       ] GC(27) Survivor regions: 9->7(7)
[2023-08-24T07:24:29.646+0000][gc,heap       ] GC(27) Old regions: 80->86
[2023-08-24T07:24:29.646+0000][gc,heap       ] GC(27) Humongous regions: 149->149
[2023-08-24T07:24:29.646+0000][gc,metaspace  ] GC(27) Metaspace: 113209K(118296K)->113209K(118296K) NonClass: 99563K(102348K)->99563K(102348K) Class: 13645K(15948K)->13645K(15948K)
[2023-08-24T07:24:29.646+0000][gc            ] GC(27) Pause Young (Normal) (G1 Evacuation Pause) 279M->240M(1024M) 10.078ms
[2023-08-24T07:24:29.646+0000][gc,cpu        ] GC(27) User=0.07s Sys=0.00s Real=0.01s
[2023-08-24T07:24:44.468+0000][gc,start      ] GC(28) Pause Young (Normal) (G1 Evacuation Pause)
[2023-08-24T07:24:44.468+0000][gc,task       ] GC(28) Using 8 workers of 8 for evacuation
[2023-08-24T07:24:44.474+0000][gc,phases     ] GC(28)   Pre Evacuate Collection Set: 0.0ms
[2023-08-24T07:24:44.475+0000][gc,phases     ] GC(28)   Evacuate Collection Set: 6.1ms
[2023-08-24T07:24:44.475+0000][gc,phases     ] GC(28)   Post Evacuate Collection Set: 0.5ms
[2023-08-24T07:24:44.475+0000][gc,phases     ] GC(28)   Other: 0.3ms
[2023-08-24T07:24:44.475+0000][gc,heap       ] GC(28) Eden regions: 55->0(71)
[2023-08-24T07:24:44.475+0000][gc,heap       ] GC(28) Survivor regions: 7->5(8)
[2023-08-24T07:24:44.475+0000][gc,heap       ] GC(28) Old regions: 86->88
[2023-08-24T07:24:44.475+0000][gc,heap       ] GC(28) Humongous regions: 149->149
[2023-08-24T07:24:44.475+0000][gc,metaspace  ] GC(28) Metaspace: 113461K(118552K)->113461K(118552K) NonClass: 99812K(102604K)->99812K(102604K) Class: 13648K(15948K)->13648K(15948K)
[2023-08-24T07:24:44.475+0000][gc            ] GC(28) Pause Young (Normal) (G1 Evacuation Pause) 295M->241M(1024M) 6.926ms
[2023-08-24T07:24:44.475+0000][gc,cpu        ] GC(28) User=0.05s Sys=0.01s Real=0.01s
[2023-08-24T07:24:51.492+0000][gc,start      ] GC(29) Pause Young (Normal) (G1 Evacuation Pause)
[2023-08-24T07:24:51.492+0000][gc,task       ] GC(29) Using 8 workers of 8 for evacuation
[2023-08-24T07:24:51.499+0000][gc,phases     ] GC(29)   Pre Evacuate Collection Set: 0.0ms
[2023-08-24T07:24:51.499+0000][gc,phases     ] GC(29)   Evacuate Collection Set: 5.7ms
[2023-08-24T07:24:51.499+0000][gc,phases     ] GC(29)   Post Evacuate Collection Set: 0.5ms
[2023-08-24T07:24:51.499+0000][gc,phases     ] GC(29)   Other: 0.3ms
[2023-08-24T07:24:51.499+0000][gc,heap       ] GC(29) Eden regions: 61->0(78)
[2023-08-24T07:24:51.499+0000][gc,heap       ] GC(29) Survivor regions: 5->6(9)
[2023-08-24T07:24:51.499+0000][gc,heap       ] GC(29) Old regions: 88->88
[2023-08-24T07:24:51.499+0000][gc,heap       ] GC(29) Humongous regions: 149->149
[2023-08-24T07:24:51.499+0000][gc,metaspace  ] GC(29) Metaspace: 113673K(118808K)->113673K(118808K) NonClass: 100024K(102860K)->100024K(102860K) Class: 13648K(15948K)->13648K(15948K)
[2023-08-24T07:24:51.499+0000][gc            ] GC(29) Pause Young (Normal) (G1 Evacuation Pause) 302M->243M(1024M) 6.582ms
[2023-08-24T07:24:51.499+0000][gc,cpu        ] GC(29) User=0.05s Sys=0.00s Real=0.00s
[2023-08-24T07:25:14.545+0000][gc,start      ] GC(30) Pause Young (Normal) (G1 Evacuation Pause)
[2023-08-24T07:25:14.545+0000][gc,task       ] GC(30) Using 8 workers of 8 for evacuation
[2023-08-24T07:25:14.557+0000][gc,phases     ] GC(30)   Pre Evacuate Collection Set: 0.1ms
[2023-08-24T07:25:14.557+0000][gc,phases     ] GC(30)   Evacuate Collection Set: 11.2ms
[2023-08-24T07:25:14.557+0000][gc,phases     ] GC(30)   Post Evacuate Collection Set: 0.6ms
[2023-08-24T07:25:14.557+0000][gc,phases     ] GC(30)   Other: 0.4ms
[2023-08-24T07:25:14.557+0000][gc,heap       ] GC(30) Eden regions: 71->0(88)
[2023-08-24T07:25:14.557+0000][gc,heap       ] GC(30) Survivor regions: 6->6(10)
[2023-08-24T07:25:14.557+0000][gc,heap       ] GC(30) Old regions: 88->91
[2023-08-24T07:25:14.557+0000][gc,heap       ] GC(30) Humongous regions: 149->149
[2023-08-24T07:25:14.557+0000][gc,metaspace  ] GC(30) Metaspace: 113909K(119320K)->113909K(119320K) NonClass: 100260K(103372K)->100260K(103372K) Class: 13648K(15948K)->13648K(15948K)
[2023-08-24T07:25:14.557+0000][gc            ] GC(30) Pause Young (Normal) (G1 Evacuation Pause) 313M->244M(1024M) 12.361ms
[2023-08-24T07:25:14.557+0000][gc,cpu        ] GC(30) User=0.09s Sys=0.00s Real=0.01s
[2023-08-24T07:25:38.528+0000][gc,start      ] GC(31) Pause Young (Normal) (G1 Evacuation Pause)
[2023-08-24T07:25:38.528+0000][gc,task       ] GC(31) Using 8 workers of 8 for evacuation
[2023-08-24T07:25:38.535+0000][gc,phases     ] GC(31)   Pre Evacuate Collection Set: 0.1ms
[2023-08-24T07:25:38.536+0000][gc,phases     ] GC(31)   Evacuate Collection Set: 6.5ms
[2023-08-24T07:25:38.536+0000][gc,phases     ] GC(31)   Post Evacuate Collection Set: 0.5ms
[2023-08-24T07:25:38.536+0000][gc,phases     ] GC(31)   Other: 0.3ms
[2023-08-24T07:25:38.536+0000][gc,heap       ] GC(31) Eden regions: 88->0(108)
[2023-08-24T07:25:38.536+0000][gc,heap       ] GC(31) Survivor regions: 6->6(12)
[2023-08-24T07:25:38.536+0000][gc,heap       ] GC(31) Old regions: 91->91
[2023-08-24T07:25:38.536+0000][gc,heap       ] GC(31) Humongous regions: 149->149
[2023-08-24T07:25:38.536+0000][gc,metaspace  ] GC(31) Metaspace: 114131K(119320K)->114131K(119320K) NonClass: 100481K(103372K)->100481K(103372K) Class: 13649K(15948K)->13649K(15948K)
[2023-08-24T07:25:38.536+0000][gc            ] GC(31) Pause Young (Normal) (G1 Evacuation Pause) 332M->244M(1024M) 7.449ms
[2023-08-24T07:25:38.536+0000][gc,cpu        ] GC(31) User=0.04s Sys=0.00s Real=0.01s
[2023-08-24T07:26:07.316+0000][gc,start      ] GC(32) Pause Young (Normal) (G1 Evacuation Pause)
[2023-08-24T07:26:07.316+0000][gc,task       ] GC(32) Using 8 workers of 8 for evacuation
[2023-08-24T07:26:07.324+0000][gc,phases     ] GC(32)   Pre Evacuate Collection Set: 0.0ms
[2023-08-24T07:26:07.324+0000][gc,phases     ] GC(32)   Evacuate Collection Set: 7.2ms
[2023-08-24T07:26:07.324+0000][gc,phases     ] GC(32)   Post Evacuate Collection Set: 0.5ms
[2023-08-24T07:26:07.324+0000][gc,phases     ] GC(32)   Other: 0.3ms
[2023-08-24T07:26:07.324+0000][gc,heap       ] GC(32) Eden regions: 108->0(128)
[2023-08-24T07:26:07.324+0000][gc,heap       ] GC(32) Survivor regions: 6->7(15)
[2023-08-24T07:26:07.324+0000][gc,heap       ] GC(32) Old regions: 91->91
[2023-08-24T07:26:07.324+0000][gc,heap       ] GC(32) Humongous regions: 149->149
[2023-08-24T07:26:07.324+0000][gc,metaspace  ] GC(32) Metaspace: 114357K(119576K)->114357K(119576K) NonClass: 100707K(103628K)->100707K(103628K) Class: 13650K(15948K)->13650K(15948K)
[2023-08-24T07:26:07.324+0000][gc            ] GC(32) Pause Young (Normal) (G1 Evacuation Pause) 352M->246M(1024M) 8.060ms
[2023-08-24T07:26:07.324+0000][gc,cpu        ] GC(32) User=0.05s Sys=0.00s Real=0.01s
[2023-08-24T07:26:44.512+0000][gc,start      ] GC(33) Pause Young (Normal) (G1 Evacuation Pause)
[2023-08-24T07:26:44.512+0000][gc,task       ] GC(33) Using 8 workers of 8 for evacuation
[2023-08-24T07:26:44.519+0000][gc,phases     ] GC(33)   Pre Evacuate Collection Set: 0.0ms
[2023-08-24T07:26:44.520+0000][gc,phases     ] GC(33)   Evacuate Collection Set: 6.9ms
[2023-08-24T07:26:44.520+0000][gc,phases     ] GC(33)   Post Evacuate Collection Set: 0.5ms
[2023-08-24T07:26:44.520+0000][gc,phases     ] GC(33)   Other: 0.3ms
[2023-08-24T07:26:44.520+0000][gc,heap       ] GC(33) Eden regions: 128->0(143)
[2023-08-24T07:26:44.520+0000][gc,heap       ] GC(33) Survivor regions: 7->9(17)
[2023-08-24T07:26:44.520+0000][gc,heap       ] GC(33) Old regions: 91->91
[2023-08-24T07:26:44.520+0000][gc,heap       ] GC(33) Humongous regions: 149->149
[2023-08-24T07:26:44.520+0000][gc,metaspace  ] GC(33) Metaspace: 114516K(119832K)->114516K(119832K) NonClass: 100865K(103884K)->100865K(103884K) Class: 13650K(15948K)->13650K(15948K)
[2023-08-24T07:26:44.520+0000][gc            ] GC(33) Pause Young (Normal) (G1 Evacuation Pause) 374M->248M(1024M) 7.802ms
[2023-08-24T07:26:44.520+0000][gc,cpu        ] GC(33) User=0.05s Sys=0.00s Real=0.01s
[2023-08-24T07:27:13.534+0000][gc,start      ] GC(34) Pause Young (Normal) (G1 Evacuation Pause)
[2023-08-24T07:27:13.534+0000][gc,task       ] GC(34) Using 8 workers of 8 for evacuation
[2023-08-24T07:27:13.542+0000][gc,phases     ] GC(34)   Pre Evacuate Collection Set: 0.0ms
[2023-08-24T07:27:13.542+0000][gc,phases     ] GC(34)   Evacuate Collection Set: 7.4ms
[2023-08-24T07:27:13.542+0000][gc,phases     ] GC(34)   Post Evacuate Collection Set: 0.5ms
[2023-08-24T07:27:13.542+0000][gc,phases     ] GC(34)   Other: 0.3ms
[2023-08-24T07:27:13.542+0000][gc,heap       ] GC(34) Eden regions: 143->0(160)
[2023-08-24T07:27:13.542+0000][gc,heap       ] GC(34) Survivor regions: 9->12(19)
[2023-08-24T07:27:13.542+0000][gc,heap       ] GC(34) Old regions: 91->91
[2023-08-24T07:27:13.542+0000][gc,heap       ] GC(34) Humongous regions: 149->149
[2023-08-24T07:27:13.542+0000][gc,metaspace  ] GC(34) Metaspace: 114698K(120088K)->114698K(120088K) NonClass: 101048K(104140K)->101048K(104140K) Class: 13650K(15948K)->13650K(15948K)
[2023-08-24T07:27:13.542+0000][gc            ] GC(34) Pause Young (Normal) (G1 Evacuation Pause) 391M->250M(1024M) 8.286ms
[2023-08-24T07:27:13.542+0000][gc,cpu        ] GC(34) User=0.06s Sys=0.00s Real=0.01s
[2023-08-24T07:27:45.176+0000][gc,start      ] GC(35) Pause Young (Normal) (G1 Evacuation Pause)
[2023-08-24T07:27:45.176+0000][gc,task       ] GC(35) Using 8 workers of 8 for evacuation
[2023-08-24T07:27:45.185+0000][gc,phases     ] GC(35)   Pre Evacuate Collection Set: 0.0ms
[2023-08-24T07:27:45.185+0000][gc,phases     ] GC(35)   Evacuate Collection Set: 8.2ms
[2023-08-24T07:27:45.185+0000][gc,phases     ] GC(35)   Post Evacuate Collection Set: 0.6ms
[2023-08-24T07:27:45.185+0000][gc,phases     ] GC(35)   Other: 0.3ms
[2023-08-24T07:27:45.185+0000][gc,heap       ] GC(35) Eden regions: 160->0(178)
[2023-08-24T07:27:45.185+0000][gc,heap       ] GC(35) Survivor regions: 12->13(22)
[2023-08-24T07:27:45.185+0000][gc,heap       ] GC(35) Old regions: 91->91
[2023-08-24T07:27:45.185+0000][gc,heap       ] GC(35) Humongous regions: 149->149
[2023-08-24T07:27:45.185+0000][gc,metaspace  ] GC(35) Metaspace: 114810K(120088K)->114810K(120088K) NonClass: 101154K(104140K)->101154K(104140K) Class: 13655K(15948K)->13655K(15948K)
[2023-08-24T07:27:45.185+0000][gc            ] GC(35) Pause Young (Normal) (G1 Evacuation Pause) 410M->251M(1024M) 9.247ms
[2023-08-24T07:27:45.185+0000][gc,cpu        ] GC(35) User=0.06s Sys=0.00s Real=0.01s
[2023-08-24T07:28:38.534+0000][gc,start      ] GC(36) Pause Young (Normal) (G1 Evacuation Pause)
[2023-08-24T07:28:38.534+0000][gc,task       ] GC(36) Using 8 workers of 8 for evacuation
[2023-08-24T07:28:38.544+0000][gc,phases     ] GC(36)   Pre Evacuate Collection Set: 0.0ms
[2023-08-24T07:28:38.544+0000][gc,phases     ] GC(36)   Evacuate Collection Set: 9.4ms
[2023-08-24T07:28:38.544+0000][gc,phases     ] GC(36)   Post Evacuate Collection Set: 0.5ms
[2023-08-24T07:28:38.544+0000][gc,phases     ] GC(36)   Other: 0.3ms
[2023-08-24T07:28:38.544+0000][gc,heap       ] GC(36) Eden regions: 178->0(192)
[2023-08-24T07:28:38.544+0000][gc,heap       ] GC(36) Survivor regions: 13->15(24)
[2023-08-24T07:28:38.544+0000][gc,heap       ] GC(36) Old regions: 91->91
[2023-08-24T07:28:38.544+0000][gc,heap       ] GC(36) Humongous regions: 149->149
[2023-08-24T07:28:38.544+0000][gc,metaspace  ] GC(36) Metaspace: 114904K(120344K)->114904K(120344K) NonClass: 101248K(104396K)->101248K(104396K) Class: 13656K(15948K)->13656K(15948K)
[2023-08-24T07:28:38.544+0000][gc            ] GC(36) Pause Young (Normal) (G1 Evacuation Pause) 429M->254M(1024M) 10.303ms
[2023-08-24T07:28:38.544+0000][gc,cpu        ] GC(36) User=0.08s Sys=0.00s Real=0.01s
[2023-08-24T07:29:29.658+0000][gc,start      ] GC(37) Pause Young (Normal) (G1 Evacuation Pause)
[2023-08-24T07:29:29.658+0000][gc,task       ] GC(37) Using 8 workers of 8 for evacuation
[2023-08-24T07:29:29.669+0000][gc,phases     ] GC(37)   Pre Evacuate Collection Set: 0.0ms
[2023-08-24T07:29:29.669+0000][gc,phases     ] GC(37)   Evacuate Collection Set: 10.1ms
[2023-08-24T07:29:29.669+0000][gc,phases     ] GC(37)   Post Evacuate Collection Set: 0.5ms
[2023-08-24T07:29:29.669+0000][gc,phases     ] GC(37)   Other: 0.3ms
[2023-08-24T07:29:29.669+0000][gc,heap       ] GC(37) Eden regions: 192->0(205)
[2023-08-24T07:29:29.669+0000][gc,heap       ] GC(37) Survivor regions: 15->17(26)
[2023-08-24T07:29:29.669+0000][gc,heap       ] GC(37) Old regions: 91->92
[2023-08-24T07:29:29.669+0000][gc,heap       ] GC(37) Humongous regions: 149->149
[2023-08-24T07:29:29.669+0000][gc,metaspace  ] GC(37) Metaspace: 114958K(120344K)->114958K(120344K) NonClass: 101298K(104396K)->101298K(104396K) Class: 13659K(15948K)->13659K(15948K)
[2023-08-24T07:29:29.669+0000][gc            ] GC(37) Pause Young (Normal) (G1 Evacuation Pause) 446M->257M(1024M) 11.007ms
[2023-08-24T07:29:29.669+0000][gc,cpu        ] GC(37) User=0.08s Sys=0.00s Real=0.01s
[2023-08-24T07:30:14.517+0000][gc,start      ] GC(38) Pause Young (Normal) (G1 Evacuation Pause)
[2023-08-24T07:30:14.517+0000][gc,task       ] GC(38) Using 8 workers of 8 for evacuation
[2023-08-24T07:30:14.530+0000][gc,phases     ] GC(38)   Pre Evacuate Collection Set: 0.0ms
[2023-08-24T07:30:14.530+0000][gc,phases     ] GC(38)   Evacuate Collection Set: 11.9ms
[2023-08-24T07:30:14.530+0000][gc,phases     ] GC(38)   Post Evacuate Collection Set: 0.6ms
[2023-08-24T07:30:14.530+0000][gc,phases     ] GC(38)   Other: 0.3ms
[2023-08-24T07:30:14.530+0000][gc,heap       ] GC(38) Eden regions: 205->0(217)
[2023-08-24T07:30:14.530+0000][gc,heap       ] GC(38) Survivor regions: 17->15(28)
[2023-08-24T07:30:14.530+0000][gc,heap       ] GC(38) Old regions: 92->95
[2023-08-24T07:30:14.530+0000][gc,heap       ] GC(38) Humongous regions: 149->149
[2023-08-24T07:30:14.530+0000][gc,metaspace  ] GC(38) Metaspace: 115001K(120344K)->115001K(120344K) NonClass: 101342K(104396K)->101342K(104396K) Class: 13659K(15948K)->13659K(15948K)
[2023-08-24T07:30:14.530+0000][gc            ] GC(38) Pause Young (Normal) (G1 Evacuation Pause) 462M->258M(1024M) 12.875ms
[2023-08-24T07:30:14.530+0000][gc,cpu        ] GC(38) User=0.08s Sys=0.01s Real=0.01s
[2023-08-24T07:31:14.492+0000][gc,start      ] GC(39) Pause Young (Normal) (G1 Evacuation Pause)
[2023-08-24T07:31:14.493+0000][gc,task       ] GC(39) Using 8 workers of 8 for evacuation
[2023-08-24T07:31:14.503+0000][gc,phases     ] GC(39)   Pre Evacuate Collection Set: 0.0ms
[2023-08-24T07:31:14.504+0000][gc,phases     ] GC(39)   Evacuate Collection Set: 10.1ms
[2023-08-24T07:31:14.504+0000][gc,phases     ] GC(39)   Post Evacuate Collection Set: 0.6ms
[2023-08-24T07:31:14.504+0000][gc,phases     ] GC(39)   Other: 0.3ms
[2023-08-24T07:31:14.504+0000][gc,heap       ] GC(39) Eden regions: 205->0(221)
[2023-08-24T07:31:14.504+0000][gc,heap       ] GC(39) Survivor regions: 15->17(28)
[2023-08-24T07:31:14.504+0000][gc,heap       ] GC(39) Old regions: 95->95
[2023-08-24T07:31:14.504+0000][gc,heap       ] GC(39) Humongous regions: 149->149
[2023-08-24T07:31:14.504+0000][gc,metaspace  ] GC(39) Metaspace: 115072K(120344K)->115072K(120344K) NonClass: 101413K(104396K)->101413K(104396K) Class: 13659K(15948K)->13659K(15948K)
[2023-08-24T07:31:14.504+0000][gc            ] GC(39) Pause Young (Normal) (G1 Evacuation Pause) 463M->260M(1024M) 11.112ms
[2023-08-24T07:31:14.504+0000][gc,cpu        ] GC(39) User=0.07s Sys=0.01s Real=0.01s
[2023-08-24T07:32:14.513+0000][gc,start      ] GC(40) Pause Young (Normal) (G1 Evacuation Pause)
[2023-08-24T07:32:14.513+0000][gc,task       ] GC(40) Using 8 workers of 8 for evacuation
[2023-08-24T07:32:14.525+0000][gc,phases     ] GC(40)   Pre Evacuate Collection Set: 0.0ms
[2023-08-24T07:32:14.525+0000][gc,phases     ] GC(40)   Evacuate Collection Set: 11.4ms
[2023-08-24T07:32:14.525+0000][gc,phases     ] GC(40)   Post Evacuate Collection Set: 0.6ms
[2023-08-24T07:32:14.525+0000][gc,phases     ] GC(40)   Other: 0.3ms
[2023-08-24T07:32:14.525+0000][gc,heap       ] GC(40) Eden regions: 221->0(234)
[2023-08-24T07:32:14.525+0000][gc,heap       ] GC(40) Survivor regions: 17->19(30)
[2023-08-24T07:32:14.525+0000][gc,heap       ] GC(40) Old regions: 95->96
[2023-08-24T07:32:14.525+0000][gc,heap       ] GC(40) Humongous regions: 149->149
[2023-08-24T07:32:14.525+0000][gc,metaspace  ] GC(40) Metaspace: 115142K(120600K)->115142K(120600K) NonClass: 101483K(104652K)->101483K(104652K) Class: 13659K(15948K)->13659K(15948K)
[2023-08-24T07:32:14.525+0000][gc            ] GC(40) Pause Young (Normal) (G1 Evacuation Pause) 481M->263M(1024M) 12.423ms
[2023-08-24T07:32:14.525+0000][gc,cpu        ] GC(40) User=0.09s Sys=0.00s Real=0.01s
[2023-08-24T07:32:51.711+0000][gc,start      ] GC(41) Pause Young (Normal) (G1 Evacuation Pause)
[2023-08-24T07:32:51.711+0000][gc,task       ] GC(41) Using 8 workers of 8 for evacuation
[2023-08-24T07:32:51.724+0000][gc,phases     ] GC(41)   Pre Evacuate Collection Set: 0.0ms
[2023-08-24T07:32:51.724+0000][gc,phases     ] GC(41)   Evacuate Collection Set: 12.0ms
[2023-08-24T07:32:51.724+0000][gc,phases     ] GC(41)   Post Evacuate Collection Set: 0.6ms
[2023-08-24T07:32:51.724+0000][gc,phases     ] GC(41)   Other: 0.3ms
[2023-08-24T07:32:51.724+0000][gc,heap       ] GC(41) Eden regions: 222->0(241)
[2023-08-24T07:32:51.724+0000][gc,heap       ] GC(41) Survivor regions: 19->18(31)
[2023-08-24T07:32:51.724+0000][gc,heap       ] GC(41) Old regions: 96->99
[2023-08-24T07:32:51.724+0000][gc,heap       ] GC(41) Humongous regions: 149->149
[2023-08-24T07:32:51.724+0000][gc,metaspace  ] GC(41) Metaspace: 115191K(120600K)->115191K(120600K) NonClass: 101531K(104652K)->101531K(104652K) Class: 13659K(15948K)->13659K(15948K)
[2023-08-24T07:32:51.724+0000][gc            ] GC(41) Pause Young (Normal) (G1 Evacuation Pause) 485M->265M(1024M) 13.003ms
[2023-08-24T07:32:51.724+0000][gc,cpu        ] GC(41) User=0.10s Sys=0.00s Real=0.01s
[2023-08-24T07:33:59.659+0000][gc,start      ] GC(42) Pause Young (Normal) (G1 Evacuation Pause)
[2023-08-24T07:33:59.659+0000][gc,task       ] GC(42) Using 8 workers of 8 for evacuation
[2023-08-24T07:33:59.673+0000][gc,phases     ] GC(42)   Pre Evacuate Collection Set: 0.0ms
[2023-08-24T07:33:59.673+0000][gc,phases     ] GC(42)   Evacuate Collection Set: 12.4ms
[2023-08-24T07:33:59.673+0000][gc,phases     ] GC(42)   Post Evacuate Collection Set: 0.6ms
[2023-08-24T07:33:59.673+0000][gc,phases     ] GC(42)   Other: 0.3ms
[2023-08-24T07:33:59.673+0000][gc,heap       ] GC(42) Eden regions: 241->0(252)
[2023-08-24T07:33:59.673+0000][gc,heap       ] GC(42) Survivor regions: 18->21(33)
[2023-08-24T07:33:59.673+0000][gc,heap       ] GC(42) Old regions: 99->99
[2023-08-24T07:33:59.673+0000][gc,heap       ] GC(42) Humongous regions: 149->149
[2023-08-24T07:33:59.673+0000][gc,metaspace  ] GC(42) Metaspace: 115320K(120728K)->115320K(120728K) NonClass: 101629K(104652K)->101629K(104652K) Class: 13690K(16076K)->13690K(16076K)
[2023-08-24T07:33:59.673+0000][gc            ] GC(42) Pause Young (Normal) (G1 Evacuation Pause) 506M->268M(1024M) 13.364ms
[2023-08-24T07:33:59.673+0000][gc,cpu        ] GC(42) User=0.10s Sys=0.00s Real=0.01s
[2023-08-24T07:35:06.488+0000][gc,start      ] GC(43) Pause Young (Normal) (G1 Evacuation Pause)
[2023-08-24T07:35:06.488+0000][gc,task       ] GC(43) Using 8 workers of 8 for evacuation
[2023-08-24T07:35:06.503+0000][gc,phases     ] GC(43)   Pre Evacuate Collection Set: 0.0ms
[2023-08-24T07:35:06.503+0000][gc,phases     ] GC(43)   Evacuate Collection Set: 14.2ms
[2023-08-24T07:35:06.503+0000][gc,phases     ] GC(43)   Post Evacuate Collection Set: 0.6ms
[2023-08-24T07:35:06.503+0000][gc,phases     ] GC(43)   Other: 0.3ms
[2023-08-24T07:35:06.503+0000][gc,heap       ] GC(43) Eden regions: 238->0(259)
[2023-08-24T07:35:06.503+0000][gc,heap       ] GC(43) Survivor regions: 21->22(33)
[2023-08-24T07:35:06.503+0000][gc,heap       ] GC(43) Old regions: 99->103
[2023-08-24T07:35:06.503+0000][gc,heap       ] GC(43) Humongous regions: 149->149
[2023-08-24T07:35:06.503+0000][gc,metaspace  ] GC(43) Metaspace: 115348K(120728K)->115348K(120728K) NonClass: 101657K(104652K)->101657K(104652K) Class: 13690K(16076K)->13690K(16076K)
[2023-08-24T07:35:06.503+0000][gc            ] GC(43) Pause Young (Normal) (G1 Evacuation Pause) 506M->273M(1024M) 15.205ms
[2023-08-24T07:35:06.503+0000][gc,cpu        ] GC(43) User=0.11s Sys=0.00s Real=0.02s
[2023-08-24T07:35:59.658+0000][gc,start      ] GC(44) Pause Young (Normal) (G1 Evacuation Pause)
[2023-08-24T07:35:59.658+0000][gc,task       ] GC(44) Using 8 workers of 8 for evacuation
[2023-08-24T07:35:59.672+0000][gc,phases     ] GC(44)   Pre Evacuate Collection Set: 0.0ms
[2023-08-24T07:35:59.672+0000][gc,phases     ] GC(44)   Evacuate Collection Set: 13.1ms
[2023-08-24T07:35:59.672+0000][gc,phases     ] GC(44)   Post Evacuate Collection Set: 0.6ms
[2023-08-24T07:35:59.672+0000][gc,phases     ] GC(44)   Other: 0.3ms
[2023-08-24T07:35:59.672+0000][gc,heap       ] GC(44) Eden regions: 246->0(284)
[2023-08-24T07:35:59.672+0000][gc,heap       ] GC(44) Survivor regions: 22->20(34)
[2023-08-24T07:35:59.672+0000][gc,heap       ] GC(44) Old regions: 103->107
[2023-08-24T07:35:59.672+0000][gc,heap       ] GC(44) Humongous regions: 149->149
[2023-08-24T07:35:59.672+0000][gc,metaspace  ] GC(44) Metaspace: 115391K(120984K)->115391K(120984K) NonClass: 101700K(104908K)->101700K(104908K) Class: 13690K(16076K)->13690K(16076K)
[2023-08-24T07:35:59.672+0000][gc            ] GC(44) Pause Young (Normal) (G1 Evacuation Pause) 519M->275M(1024M) 14.219ms
[2023-08-24T07:35:59.672+0000][gc,cpu        ] GC(44) User=0.11s Sys=0.00s Real=0.02s
[2023-08-24T07:37:14.553+0000][gc,start      ] GC(45) Pause Young (Normal) (G1 Evacuation Pause)
[2023-08-24T07:37:14.553+0000][gc,task       ] GC(45) Using 8 workers of 8 for evacuation
[2023-08-24T07:37:14.566+0000][gc,phases     ] GC(45)   Pre Evacuate Collection Set: 0.0ms
[2023-08-24T07:37:14.566+0000][gc,phases     ] GC(45)   Evacuate Collection Set: 12.5ms
[2023-08-24T07:37:14.566+0000][gc,phases     ] GC(45)   Post Evacuate Collection Set: 0.6ms
[2023-08-24T07:37:14.566+0000][gc,phases     ] GC(45)   Other: 0.3ms
[2023-08-24T07:37:14.566+0000][gc,heap       ] GC(45) Eden regions: 265->0(308)
[2023-08-24T07:37:14.566+0000][gc,heap       ] GC(45) Survivor regions: 20->22(36)
[2023-08-24T07:37:14.566+0000][gc,heap       ] GC(45) Old regions: 107->107
[2023-08-24T07:37:14.566+0000][gc,heap       ] GC(45) Humongous regions: 149->149
[2023-08-24T07:37:14.566+0000][gc,metaspace  ] GC(45) Metaspace: 115490K(120984K)->115490K(120984K) NonClass: 101799K(104908K)->101799K(104908K) Class: 13690K(16076K)->13690K(16076K)
[2023-08-24T07:37:14.566+0000][gc            ] GC(45) Pause Young (Normal) (G1 Evacuation Pause) 540M->277M(1024M) 13.482ms
[2023-08-24T07:37:14.566+0000][gc,cpu        ] GC(45) User=0.11s Sys=0.00s Real=0.01s
[2023-08-24T07:38:24.677+0000][gc,start      ] GC(46) Pause Young (Normal) (G1 Evacuation Pause)
[2023-08-24T07:38:24.677+0000][gc,task       ] GC(46) Using 8 workers of 8 for evacuation
[2023-08-24T07:38:24.692+0000][gc,phases     ] GC(46)   Pre Evacuate Collection Set: 0.0ms
[2023-08-24T07:38:24.692+0000][gc,phases     ] GC(46)   Evacuate Collection Set: 14.2ms
[2023-08-24T07:38:24.692+0000][gc,phases     ] GC(46)   Post Evacuate Collection Set: 0.6ms
[2023-08-24T07:38:24.692+0000][gc,phases     ] GC(46)   Other: 0.3ms
[2023-08-24T07:38:24.692+0000][gc,heap       ] GC(46) Eden regions: 267->0(320)
[2023-08-24T07:38:24.692+0000][gc,heap       ] GC(46) Survivor regions: 22->23(37)
[2023-08-24T07:38:24.692+0000][gc,heap       ] GC(46) Old regions: 107->110
[2023-08-24T07:38:24.692+0000][gc,heap       ] GC(46) Humongous regions: 149->149
[2023-08-24T07:38:24.692+0000][gc,metaspace  ] GC(46) Metaspace: 115527K(120984K)->115527K(120984K) NonClass: 101836K(104908K)->101836K(104908K) Class: 13690K(16076K)->13690K(16076K)
[2023-08-24T07:38:24.692+0000][gc            ] GC(46) Pause Young (Normal) (G1 Evacuation Pause) 544M->280M(1024M) 15.153ms
[2023-08-24T07:38:24.692+0000][gc,cpu        ] GC(46) User=0.11s Sys=0.00s Real=0.02s
[2023-08-24T07:39:44.502+0000][gc,start      ] GC(47) Pause Young (Normal) (G1 Evacuation Pause)
[2023-08-24T07:39:44.502+0000][gc,task       ] GC(47) Using 8 workers of 8 for evacuation
[2023-08-24T07:39:44.519+0000][gc,phases     ] GC(47)   Pre Evacuate Collection Set: 0.0ms
[2023-08-24T07:39:44.519+0000][gc,phases     ] GC(47)   Evacuate Collection Set: 16.1ms
[2023-08-24T07:39:44.519+0000][gc,phases     ] GC(47)   Post Evacuate Collection Set: 0.6ms
[2023-08-24T07:39:44.519+0000][gc,phases     ] GC(47)   Other: 0.4ms
[2023-08-24T07:39:44.519+0000][gc,heap       ] GC(47) Eden regions: 320->0(589)
[2023-08-24T07:39:44.519+0000][gc,heap       ] GC(47) Survivor regions: 23->25(43)
[2023-08-24T07:39:44.519+0000][gc,heap       ] GC(47) Old regions: 110->110
[2023-08-24T07:39:44.519+0000][gc,heap       ] GC(47) Humongous regions: 149->149
[2023-08-24T07:39:44.519+0000][gc,metaspace  ] GC(47) Metaspace: 115556K(120984K)->115556K(120984K) NonClass: 101865K(104908K)->101865K(104908K) Class: 13690K(16076K)->13690K(16076K)
[2023-08-24T07:39:44.519+0000][gc            ] GC(47) Pause Young (Normal) (G1 Evacuation Pause) 600M->283M(1024M) 17.238ms
[2023-08-24T07:39:44.519+0000][gc,cpu        ] GC(47) User=0.11s Sys=0.01s Real=0.02s
[2023-08-24T07:40:44.664+0000][gc,start      ] GC(48) Pause Young (Normal) (G1 Evacuation Pause)
[2023-08-24T07:40:44.664+0000][gc,task       ] GC(48) Using 8 workers of 8 for evacuation
[2023-08-24T07:40:44.684+0000][gc,mmu        ] GC(48) MMU target violated: 20.2ms (20.0ms/21.0ms)
[2023-08-24T07:40:44.684+0000][gc,phases     ] GC(48)   Pre Evacuate Collection Set: 0.0ms
[2023-08-24T07:40:44.684+0000][gc,phases     ] GC(48)   Evacuate Collection Set: 19.2ms
[2023-08-24T07:40:44.684+0000][gc,phases     ] GC(48)   Post Evacuate Collection Set: 0.8ms
[2023-08-24T07:40:44.684+0000][gc,phases     ] GC(48)   Other: 0.4ms
[2023-08-24T07:40:44.684+0000][gc,heap       ] GC(48) Eden regions: 265->0(350)
[2023-08-24T07:40:44.684+0000][gc,heap       ] GC(48) Survivor regions: 25->22(37)
[2023-08-24T07:40:44.684+0000][gc,heap       ] GC(48) Old regions: 110->117
[2023-08-24T07:40:44.684+0000][gc,heap       ] GC(48) Humongous regions: 149->149
[2023-08-24T07:40:44.684+0000][gc,metaspace  ] GC(48) Metaspace: 115664K(121240K)->115664K(121240K) NonClass: 101974K(105164K)->101974K(105164K) Class: 13690K(16076K)->13690K(16076K)
[2023-08-24T07:40:44.684+0000][gc            ] GC(48) Pause Young (Normal) (G1 Evacuation Pause) 548M->287M(1024M) 20.526ms
[2023-08-24T07:40:44.684+0000][gc,cpu        ] GC(48) User=0.12s Sys=0.01s Real=0.02s
[2023-08-24T07:42:14.658+0000][gc,start      ] GC(49) Pause Young (Normal) (G1 Evacuation Pause)
[2023-08-24T07:42:14.658+0000][gc,task       ] GC(49) Using 8 workers of 8 for evacuation
[2023-08-24T07:42:14.675+0000][gc,phases     ] GC(49)   Pre Evacuate Collection Set: 0.0ms
[2023-08-24T07:42:14.675+0000][gc,phases     ] GC(49)   Evacuate Collection Set: 15.9ms
[2023-08-24T07:42:14.675+0000][gc,phases     ] GC(49)   Post Evacuate Collection Set: 0.7ms
[2023-08-24T07:42:14.675+0000][gc,phases     ] GC(49)   Other: 0.4ms
[2023-08-24T07:42:14.675+0000][gc,heap       ] GC(49) Eden regions: 350->0(314)
[2023-08-24T07:42:14.675+0000][gc,heap       ] GC(49) Survivor regions: 22->26(47)
[2023-08-24T07:42:14.675+0000][gc,heap       ] GC(49) Old regions: 117->117
[2023-08-24T07:42:14.675+0000][gc,heap       ] GC(49) Humongous regions: 149->149
[2023-08-24T07:42:14.675+0000][gc,metaspace  ] GC(49) Metaspace: 115684K(121240K)->115684K(121240K) NonClass: 101993K(105164K)->101993K(105164K) Class: 13690K(16076K)->13690K(16076K)
[2023-08-24T07:42:14.675+0000][gc            ] GC(49) Pause Young (Normal) (G1 Evacuation Pause) 637M->291M(1024M) 17.053ms
[2023-08-24T07:42:14.675+0000][gc,cpu        ] GC(49) User=0.10s Sys=0.02s Real=0.02s
[2023-08-24T07:43:40.797+0000][gc,start      ] GC(50) Pause Young (Normal) (G1 Evacuation Pause)
[2023-08-24T07:43:40.797+0000][gc,task       ] GC(50) Using 8 workers of 8 for evacuation
[2023-08-24T07:43:40.817+0000][gc,mmu        ] GC(50) MMU target violated: 20.2ms (20.0ms/21.0ms)
[2023-08-24T07:43:40.817+0000][gc,phases     ] GC(50)   Pre Evacuate Collection Set: 0.0ms
[2023-08-24T07:43:40.817+0000][gc,phases     ] GC(50)   Evacuate Collection Set: 19.4ms
[2023-08-24T07:43:40.817+0000][gc,phases     ] GC(50)   Post Evacuate Collection Set: 0.6ms
[2023-08-24T07:43:40.817+0000][gc,phases     ] GC(50)   Other: 0.4ms
[2023-08-24T07:43:40.817+0000][gc,heap       ] GC(50) Eden regions: 314->0(329)
[2023-08-24T07:43:40.817+0000][gc,heap       ] GC(50) Survivor regions: 26->25(43)
[2023-08-24T07:43:40.817+0000][gc,heap       ] GC(50) Old regions: 117->120
[2023-08-24T07:43:40.817+0000][gc,heap       ] GC(50) Humongous regions: 149->149
[2023-08-24T07:43:40.817+0000][gc,metaspace  ] GC(50) Metaspace: 115712K(121240K)->115712K(121240K) NonClass: 102021K(105164K)->102021K(105164K) Class: 13690K(16076K)->13690K(16076K)
[2023-08-24T07:43:40.817+0000][gc            ] GC(50) Pause Young (Normal) (G1 Evacuation Pause) 605M->293M(1024M) 20.501ms
[2023-08-24T07:43:40.817+0000][gc,cpu        ] GC(50) User=0.13s Sys=0.00s Real=0.02s
[2023-08-24T07:44:51.702+0000][gc,start      ] GC(51) Pause Young (Normal) (G1 Evacuation Pause)
[2023-08-24T07:44:51.702+0000][gc,task       ] GC(51) Using 8 workers of 8 for evacuation
[2023-08-24T07:44:51.718+0000][gc,phases     ] GC(51)   Pre Evacuate Collection Set: 0.0ms
[2023-08-24T07:44:51.718+0000][gc,phases     ] GC(51)   Evacuate Collection Set: 15.2ms
[2023-08-24T07:44:51.718+0000][gc,phases     ] GC(51)   Post Evacuate Collection Set: 0.6ms
[2023-08-24T07:44:51.718+0000][gc,phases     ] GC(51)   Other: 0.3ms
[2023-08-24T07:44:51.718+0000][gc,heap       ] GC(51) Eden regions: 329->0(350)
[2023-08-24T07:44:51.718+0000][gc,heap       ] GC(51) Survivor regions: 25->26(45)
[2023-08-24T07:44:51.718+0000][gc,heap       ] GC(51) Old regions: 120->122
[2023-08-24T07:44:51.718+0000][gc,heap       ] GC(51) Humongous regions: 149->149
[2023-08-24T07:44:51.718+0000][gc,metaspace  ] GC(51) Metaspace: 115766K(121240K)->115766K(121240K) NonClass: 102074K(105164K)->102074K(105164K) Class: 13691K(16076K)->13691K(16076K)
[2023-08-24T07:44:51.718+0000][gc            ] GC(51) Pause Young (Normal) (G1 Evacuation Pause) 622M->297M(1024M) 16.251ms
[2023-08-24T07:44:51.718+0000][gc,cpu        ] GC(51) User=0.12s Sys=0.00s Real=0.01s
[2023-08-24T07:46:29.664+0000][gc,start      ] GC(52) Pause Young (Normal) (G1 Evacuation Pause)
[2023-08-24T07:46:29.664+0000][gc,task       ] GC(52) Using 8 workers of 8 for evacuation
[2023-08-24T07:46:29.686+0000][gc,mmu        ] GC(52) MMU target violated: 21.0ms (20.0ms/21.0ms)
[2023-08-24T07:46:29.686+0000][gc,phases     ] GC(52)   Pre Evacuate Collection Set: 0.1ms
[2023-08-24T07:46:29.686+0000][gc,phases     ] GC(52)   Evacuate Collection Set: 20.9ms
[2023-08-24T07:46:29.686+0000][gc,phases     ] GC(52)   Post Evacuate Collection Set: 0.7ms
[2023-08-24T07:46:29.686+0000][gc,phases     ] GC(52)   Other: 0.4ms
[2023-08-24T07:46:29.686+0000][gc,heap       ] GC(52) Eden regions: 350->0(347)
[2023-08-24T07:46:29.686+0000][gc,heap       ] GC(52) Survivor regions: 26->28(47)
[2023-08-24T07:46:29.686+0000][gc,heap       ] GC(52) Old regions: 122->126
[2023-08-24T07:46:29.686+0000][gc,heap       ] GC(52) Humongous regions: 149->149
[2023-08-24T07:46:29.686+0000][gc,metaspace  ] GC(52) Metaspace: 115805K(121240K)->115805K(121240K) NonClass: 102113K(105164K)->102113K(105164K) Class: 13691K(16076K)->13691K(16076K)
[2023-08-24T07:46:29.686+0000][gc            ] GC(52) Pause Young (Normal) (G1 Evacuation Pause) 647M->302M(1024M) 22.110ms
[2023-08-24T07:46:29.686+0000][gc,cpu        ] GC(52) User=0.16s Sys=0.00s Real=0.02s
[2023-08-24T07:47:51.730+0000][gc,start      ] GC(53) Pause Young (Normal) (G1 Evacuation Pause)
[2023-08-24T07:47:51.730+0000][gc,task       ] GC(53) Using 8 workers of 8 for evacuation
[2023-08-24T07:47:51.748+0000][gc,phases     ] GC(53)   Pre Evacuate Collection Set: 0.0ms
[2023-08-24T07:47:51.748+0000][gc,phases     ] GC(53)   Evacuate Collection Set: 17.6ms
[2023-08-24T07:47:51.748+0000][gc,phases     ] GC(53)   Post Evacuate Collection Set: 0.7ms
[2023-08-24T07:47:51.748+0000][gc,phases     ] GC(53)   Other: 0.3ms
[2023-08-24T07:47:51.748+0000][gc,heap       ] GC(53) Eden regions: 347->0(279)
[2023-08-24T07:47:51.748+0000][gc,heap       ] GC(53) Survivor regions: 28->31(47)
[2023-08-24T07:47:51.748+0000][gc,heap       ] GC(53) Old regions: 126->132
[2023-08-24T07:47:51.748+0000][gc,heap       ] GC(53) Humongous regions: 149->149
[2023-08-24T07:47:51.748+0000][gc,metaspace  ] GC(53) Metaspace: 115826K(121240K)->115826K(121240K) NonClass: 102134K(105164K)->102134K(105164K) Class: 13691K(16076K)->13691K(16076K)
[2023-08-24T07:47:51.748+0000][gc            ] GC(53) Pause Young (Normal) (G1 Evacuation Pause) 649M->312M(1024M) 18.715ms
[2023-08-24T07:47:51.748+0000][gc,cpu        ] GC(53) User=0.13s Sys=0.01s Real=0.02s
[2023-08-24T07:49:11.255+0000][gc,start      ] GC(54) Pause Young (Normal) (G1 Evacuation Pause)
[2023-08-24T07:49:11.255+0000][gc,task       ] GC(54) Using 8 workers of 8 for evacuation
[2023-08-24T07:49:11.271+0000][gc,phases     ] GC(54)   Pre Evacuate Collection Set: 0.1ms
[2023-08-24T07:49:11.271+0000][gc,phases     ] GC(54)   Evacuate Collection Set: 15.7ms
[2023-08-24T07:49:11.271+0000][gc,phases     ] GC(54)   Post Evacuate Collection Set: 0.6ms
[2023-08-24T07:49:11.271+0000][gc,phases     ] GC(54)   Other: 0.3ms
[2023-08-24T07:49:11.271+0000][gc,heap       ] GC(54) Eden regions: 279->0(399)
[2023-08-24T07:49:11.271+0000][gc,heap       ] GC(54) Survivor regions: 31->18(39)
[2023-08-24T07:49:11.271+0000][gc,heap       ] GC(54) Old regions: 132->143
[2023-08-24T07:49:11.271+0000][gc,heap       ] GC(54) Humongous regions: 149->149
[2023-08-24T07:49:11.271+0000][gc,metaspace  ] GC(54) Metaspace: 115845K(121496K)->115845K(121496K) NonClass: 102153K(105420K)->102153K(105420K) Class: 13692K(16076K)->13692K(16076K)
[2023-08-24T07:49:11.271+0000][gc            ] GC(54) Pause Young (Normal) (G1 Evacuation Pause) 591M->309M(1024M) 16.797ms
[2023-08-24T07:49:11.271+0000][gc,cpu        ] GC(54) User=0.12s Sys=0.00s Real=0.02s
[2023-08-24T07:50:49.885+0000][gc,start      ] GC(55) Pause Young (Normal) (G1 Evacuation Pause)
[2023-08-24T07:50:49.885+0000][gc,task       ] GC(55) Using 8 workers of 8 for evacuation
[2023-08-24T07:50:49.901+0000][gc,phases     ] GC(55)   Pre Evacuate Collection Set: 0.0ms
[2023-08-24T07:50:49.901+0000][gc,phases     ] GC(55)   Evacuate Collection Set: 15.6ms
[2023-08-24T07:50:49.901+0000][gc,phases     ] GC(55)   Post Evacuate Collection Set: 0.6ms
[2023-08-24T07:50:49.901+0000][gc,phases     ] GC(55)   Other: 0.3ms
[2023-08-24T07:50:49.901+0000][gc,heap       ] GC(55) Eden regions: 399->0(400)
[2023-08-24T07:50:49.901+0000][gc,heap       ] GC(55) Survivor regions: 18->23(53)
[2023-08-24T07:50:49.901+0000][gc,heap       ] GC(55) Old regions: 143->143
[2023-08-24T07:50:49.901+0000][gc,heap       ] GC(55) Humongous regions: 149->149
[2023-08-24T07:50:49.901+0000][gc,metaspace  ] GC(55) Metaspace: 115858K(121496K)->115858K(121496K) NonClass: 102166K(105420K)->102166K(105420K) Class: 13692K(16076K)->13692K(16076K)
[2023-08-24T07:50:49.901+0000][gc            ] GC(55) Pause Young (Normal) (G1 Evacuation Pause) 708M->314M(1024M) 16.702ms
[2023-08-24T07:50:49.901+0000][gc,cpu        ] GC(55) User=0.09s Sys=0.03s Real=0.02s
[2023-08-24T07:52:15.263+0000][gc,start      ] GC(56) Pause Young (Normal) (G1 Evacuation Pause)
[2023-08-24T07:52:15.263+0000][gc,task       ] GC(56) Using 8 workers of 8 for evacuation
[2023-08-24T07:52:15.280+0000][gc,phases     ] GC(56)   Pre Evacuate Collection Set: 0.0ms
[2023-08-24T07:52:15.280+0000][gc,phases     ] GC(56)   Evacuate Collection Set: 16.1ms
[2023-08-24T07:52:15.280+0000][gc,phases     ] GC(56)   Post Evacuate Collection Set: 0.7ms
[2023-08-24T07:52:15.280+0000][gc,phases     ] GC(56)   Other: 0.4ms
[2023-08-24T07:52:15.280+0000][gc,heap       ] GC(56) Eden regions: 349->0(400)
[2023-08-24T07:52:15.280+0000][gc,heap       ] GC(56) Survivor regions: 23->26(47)
[2023-08-24T07:52:15.280+0000][gc,heap       ] GC(56) Old regions: 143->143
[2023-08-24T07:52:15.280+0000][gc,heap       ] GC(56) Humongous regions: 149->149
[2023-08-24T07:52:15.280+0000][gc,metaspace  ] GC(56) Metaspace: 115915K(121496K)->115915K(121496K) NonClass: 102223K(105420K)->102223K(105420K) Class: 13692K(16076K)->13692K(16076K)
[2023-08-24T07:52:15.280+0000][gc            ] GC(56) Pause Young (Normal) (G1 Evacuation Pause) 663M->317M(1024M) 17.419ms
[2023-08-24T07:52:15.280+0000][gc,cpu        ] GC(56) User=0.12s Sys=0.00s Real=0.02s
[2023-08-24T07:53:26.554+0000][gc,start      ] GC(57) Pause Young (Normal) (G1 Evacuation Pause)
[2023-08-24T07:53:26.554+0000][gc,task       ] GC(57) Using 8 workers of 8 for evacuation
[2023-08-24T07:53:26.571+0000][gc,phases     ] GC(57)   Pre Evacuate Collection Set: 0.0ms
[2023-08-24T07:53:26.571+0000][gc,phases     ] GC(57)   Evacuate Collection Set: 16.6ms
[2023-08-24T07:53:26.571+0000][gc,phases     ] GC(57)   Post Evacuate Collection Set: 0.6ms
[2023-08-24T07:53:26.571+0000][gc,phases     ] GC(57)   Other: 0.3ms
[2023-08-24T07:53:26.571+0000][gc,heap       ] GC(57) Eden regions: 257->0(398)
[2023-08-24T07:53:26.571+0000][gc,heap       ] GC(57) Survivor regions: 26->23(36)
[2023-08-24T07:53:26.571+0000][gc,heap       ] GC(57) Old regions: 143->150
[2023-08-24T07:53:26.571+0000][gc,heap       ] GC(57) Humongous regions: 149->149
[2023-08-24T07:53:26.571+0000][gc,metaspace  ] GC(57) Metaspace: 115925K(121496K)->115925K(121496K) NonClass: 102233K(105420K)->102233K(105420K) Class: 13692K(16076K)->13692K(16076K)
[2023-08-24T07:53:26.571+0000][gc            ] GC(57) Pause Young (Normal) (G1 Evacuation Pause) 574M->321M(1024M) 17.735ms
[2023-08-24T07:53:26.572+0000][gc,cpu        ] GC(57) User=0.14s Sys=0.00s Real=0.02s
[2023-08-24T07:54:38.527+0000][gc,start      ] GC(58) Pause Young (Normal) (G1 Evacuation Pause)
[2023-08-24T07:54:38.527+0000][gc,task       ] GC(58) Using 8 workers of 8 for evacuation
[2023-08-24T07:54:38.542+0000][gc,phases     ] GC(58)   Pre Evacuate Collection Set: 0.0ms
[2023-08-24T07:54:38.542+0000][gc,phases     ] GC(58)   Evacuate Collection Set: 14.0ms
[2023-08-24T07:54:38.542+0000][gc,phases     ] GC(58)   Post Evacuate Collection Set: 0.7ms
[2023-08-24T07:54:38.542+0000][gc,phases     ] GC(58)   Other: 0.4ms
[2023-08-24T07:54:38.542+0000][gc,heap       ] GC(58) Eden regions: 311->0(405)
[2023-08-24T07:54:38.542+0000][gc,heap       ] GC(58) Survivor regions: 23->26(42)
[2023-08-24T07:54:38.542+0000][gc,heap       ] GC(58) Old regions: 150->150
[2023-08-24T07:54:38.542+0000][gc,heap       ] GC(58) Humongous regions: 149->149
[2023-08-24T07:54:38.542+0000][gc,metaspace  ] GC(58) Metaspace: 116783K(122392K)->116783K(122392K) NonClass: 102967K(106188K)->102967K(106188K) Class: 13816K(16204K)->13816K(16204K)
[2023-08-24T07:54:38.542+0000][gc            ] GC(58) Pause Young (Normal) (G1 Evacuation Pause) 632M->324M(1024M) 15.068ms
[2023-08-24T07:54:38.542+0000][gc,cpu        ] GC(58) User=0.12s Sys=0.00s Real=0.02s
[2023-08-24T07:56:14.485+0000][gc,start      ] GC(59) Pause Young (Normal) (G1 Evacuation Pause)
[2023-08-24T07:56:14.485+0000][gc,task       ] GC(59) Using 8 workers of 8 for evacuation
[2023-08-24T07:56:14.501+0000][gc,phases     ] GC(59)   Pre Evacuate Collection Set: 0.0ms
[2023-08-24T07:56:14.501+0000][gc,phases     ] GC(59)   Evacuate Collection Set: 15.5ms
[2023-08-24T07:56:14.501+0000][gc,phases     ] GC(59)   Post Evacuate Collection Set: 0.7ms
[2023-08-24T07:56:14.501+0000][gc,phases     ] GC(59)   Other: 0.4ms
[2023-08-24T07:56:14.501+0000][gc,heap       ] GC(59) Eden regions: 345->0(410)
[2023-08-24T07:56:14.501+0000][gc,heap       ] GC(59) Survivor regions: 26->29(47)
[2023-08-24T07:56:14.501+0000][gc,heap       ] GC(59) Old regions: 150->150
[2023-08-24T07:56:14.501+0000][gc,heap       ] GC(59) Humongous regions: 149->149
[2023-08-24T07:56:14.501+0000][gc,metaspace  ] GC(59) Metaspace: 116821K(122392K)->116821K(122392K) NonClass: 103005K(106188K)->103005K(106188K) Class: 13816K(16204K)->13816K(16204K)
[2023-08-24T07:56:14.501+0000][gc            ] GC(59) Pause Young (Normal) (G1 Evacuation Pause) 669M->327M(1024M) 16.658ms
[2023-08-24T07:56:14.501+0000][gc,cpu        ] GC(59) User=0.12s Sys=0.00s Real=0.02s
[2023-08-24T07:57:44.550+0000][gc,start      ] GC(60) Pause Young (Normal) (G1 Evacuation Pause)
[2023-08-24T07:57:44.550+0000][gc,task       ] GC(60) Using 8 workers of 8 for evacuation
[2023-08-24T07:57:44.572+0000][gc,mmu        ] GC(60) MMU target violated: 21.0ms (20.0ms/21.0ms)
[2023-08-24T07:57:44.572+0000][gc,phases     ] GC(60)   Pre Evacuate Collection Set: 0.0ms
[2023-08-24T07:57:44.572+0000][gc,phases     ] GC(60)   Evacuate Collection Set: 20.9ms
[2023-08-24T07:57:44.572+0000][gc,phases     ] GC(60)   Post Evacuate Collection Set: 0.7ms
[2023-08-24T07:57:44.572+0000][gc,phases     ] GC(60)   Other: 0.4ms
[2023-08-24T07:57:44.572+0000][gc,heap       ] GC(60) Eden regions: 410->0(338)
[2023-08-24T07:57:44.572+0000][gc,heap       ] GC(60) Survivor regions: 29->34(55)
[2023-08-24T07:57:44.572+0000][gc,heap       ] GC(60) Old regions: 150->150
[2023-08-24T07:57:44.572+0000][gc,heap       ] GC(60) Humongous regions: 149->149
[2023-08-24T07:57:44.572+0000][gc,metaspace  ] GC(60) Metaspace: 116870K(122648K)->116870K(122648K) NonClass: 103054K(106444K)->103054K(106444K) Class: 13816K(16204K)->13816K(16204K)
[2023-08-24T07:57:44.572+0000][gc            ] GC(60) Pause Young (Normal) (G1 Evacuation Pause) 737M->332M(1024M) 22.067ms
[2023-08-24T07:57:44.572+0000][gc,cpu        ] GC(60) User=0.16s Sys=0.01s Real=0.03s
[2023-08-24T07:58:15.255+0000][gc,start      ] GC(61) Pause Young (Normal) (G1 Evacuation Pause)
[2023-08-24T07:58:15.255+0000][gc,task       ] GC(61) Using 8 workers of 8 for evacuation
[2023-08-24T07:58:15.278+0000][gc,mmu        ] GC(61) MMU target violated: 21.0ms (20.0ms/21.0ms)
[2023-08-24T07:58:15.278+0000][gc,phases     ] GC(61)   Pre Evacuate Collection Set: 0.0ms
[2023-08-24T07:58:15.278+0000][gc,phases     ] GC(61)   Evacuate Collection Set: 21.6ms
[2023-08-24T07:58:15.278+0000][gc,phases     ] GC(61)   Post Evacuate Collection Set: 0.6ms
[2023-08-24T07:58:15.278+0000][gc,phases     ] GC(61)   Other: 0.4ms
[2023-08-24T07:58:15.278+0000][gc,heap       ] GC(61) Eden regions: 136->0(369)
[2023-08-24T07:58:15.278+0000][gc,heap       ] GC(61) Survivor regions: 34->14(22)
[2023-08-24T07:58:15.278+0000][gc,heap       ] GC(61) Old regions: 150->172
[2023-08-24T07:58:15.278+0000][gc,heap       ] GC(61) Humongous regions: 149->149
[2023-08-24T07:58:15.278+0000][gc,metaspace  ] GC(61) Metaspace: 116871K(122648K)->116871K(122648K) NonClass: 103055K(106444K)->103055K(106444K) Class: 13816K(16204K)->13816K(16204K)
[2023-08-24T07:58:15.278+0000][gc            ] GC(61) Pause Young (Normal) (G1 Evacuation Pause) 468M->333M(1024M) 22.630ms
[2023-08-24T07:58:15.278+0000][gc,cpu        ] GC(61) User=0.15s Sys=0.03s Real=0.02s
[2023-08-24T07:59:51.679+0000][gc,start      ] GC(62) Pause Young (Normal) (G1 Evacuation Pause)
[2023-08-24T07:59:51.679+0000][gc,task       ] GC(62) Using 8 workers of 8 for evacuation
[2023-08-24T07:59:51.691+0000][gc,phases     ] GC(62)   Pre Evacuate Collection Set: 0.0ms
[2023-08-24T07:59:51.691+0000][gc,phases     ] GC(62)   Evacuate Collection Set: 10.7ms
[2023-08-24T07:59:51.691+0000][gc,phases     ] GC(62)   Post Evacuate Collection Set: 0.7ms
[2023-08-24T07:59:51.691+0000][gc,phases     ] GC(62)   Other: 0.3ms
[2023-08-24T07:59:51.691+0000][gc,heap       ] GC(62) Eden regions: 369->0(285)
[2023-08-24T07:59:51.691+0000][gc,heap       ] GC(62) Survivor regions: 14->23(48)
[2023-08-24T07:59:51.691+0000][gc,heap       ] GC(62) Old regions: 172->172
[2023-08-24T07:59:51.691+0000][gc,heap       ] GC(62) Humongous regions: 149->149
[2023-08-24T07:59:51.691+0000][gc,metaspace  ] GC(62) Metaspace: 116901K(122648K)->116901K(122648K) NonClass: 103085K(106444K)->103085K(106444K) Class: 13816K(16204K)->13816K(16204K)
[2023-08-24T07:59:51.691+0000][gc            ] GC(62) Pause Young (Normal) (G1 Evacuation Pause) 702M->343M(1024M) 11.819ms
[2023-08-24T07:59:51.691+0000][gc,cpu        ] GC(62) User=0.09s Sys=0.00s Real=0.01s
[2023-08-24T08:01:08.303+0000][gc,start      ] GC(63) Pause Young (Normal) (G1 Evacuation Pause)
[2023-08-24T08:01:08.303+0000][gc,task       ] GC(63) Using 8 workers of 8 for evacuation
[2023-08-24T08:01:08.316+0000][gc,phases     ] GC(63)   Pre Evacuate Collection Set: 0.0ms
[2023-08-24T08:01:08.316+0000][gc,phases     ] GC(63)   Evacuate Collection Set: 12.0ms
[2023-08-24T08:01:08.316+0000][gc,phases     ] GC(63)   Post Evacuate Collection Set: 0.6ms
[2023-08-24T08:01:08.316+0000][gc,phases     ] GC(63)   Other: 0.3ms
[2023-08-24T08:01:08.316+0000][gc,heap       ] GC(63) Eden regions: 285->0(431)
[2023-08-24T08:01:08.316+0000][gc,heap       ] GC(63) Survivor regions: 23->17(39)
[2023-08-24T08:01:08.316+0000][gc,heap       ] GC(63) Old regions: 172->176
[2023-08-24T08:01:08.316+0000][gc,heap       ] GC(63) Humongous regions: 149->149
[2023-08-24T08:01:08.316+0000][gc,metaspace  ] GC(63) Metaspace: 116920K(122648K)->116920K(122648K) NonClass: 103104K(106444K)->103104K(106444K) Class: 13816K(16204K)->13816K(16204K)
[2023-08-24T08:01:08.316+0000][gc            ] GC(63) Pause Young (Normal) (G1 Evacuation Pause) 628M->341M(1024M) 12.954ms
[2023-08-24T08:01:08.316+0000][gc,cpu        ] GC(63) User=0.10s Sys=0.01s Real=0.01s
[2023-08-24T08:02:51.727+0000][gc,start      ] GC(64) Pause Young (Normal) (G1 Evacuation Pause)
[2023-08-24T08:02:51.727+0000][gc,task       ] GC(64) Using 8 workers of 8 for evacuation
[2023-08-24T08:02:51.741+0000][gc,phases     ] GC(64)   Pre Evacuate Collection Set: 0.0ms
[2023-08-24T08:02:51.741+0000][gc,phases     ] GC(64)   Evacuate Collection Set: 12.7ms
[2023-08-24T08:02:51.741+0000][gc,phases     ] GC(64)   Post Evacuate Collection Set: 0.7ms
[2023-08-24T08:02:51.741+0000][gc,phases     ] GC(64)   Other: 0.4ms
[2023-08-24T08:02:51.741+0000][gc,heap       ] GC(64) Eden regions: 431->0(402)
[2023-08-24T08:02:51.741+0000][gc,heap       ] GC(64) Survivor regions: 17->27(56)
[2023-08-24T08:02:51.741+0000][gc,heap       ] GC(64) Old regions: 176->176
[2023-08-24T08:02:51.741+0000][gc,heap       ] GC(64) Humongous regions: 149->149
[2023-08-24T08:02:51.741+0000][gc,metaspace  ] GC(64) Metaspace: 116965K(122648K)->116965K(122648K) NonClass: 103149K(106444K)->103149K(106444K) Class: 13816K(16204K)->13816K(16204K)
[2023-08-24T08:02:51.741+0000][gc            ] GC(64) Pause Young (Normal) (G1 Evacuation Pause) 772M->351M(1024M) 13.839ms
[2023-08-24T08:02:51.741+0000][gc,cpu        ] GC(64) User=0.10s Sys=0.00s Real=0.02s
[2023-08-24T08:04:14.475+0000][gc,start      ] GC(65) Pause Young (Normal) (G1 Evacuation Pause)
[2023-08-24T08:04:14.475+0000][gc,task       ] GC(65) Using 8 workers of 8 for evacuation
[2023-08-24T08:04:14.490+0000][gc,phases     ] GC(65)   Pre Evacuate Collection Set: 0.0ms
[2023-08-24T08:04:14.490+0000][gc,phases     ] GC(65)   Evacuate Collection Set: 14.2ms
[2023-08-24T08:04:14.491+0000][gc,phases     ] GC(65)   Post Evacuate Collection Set: 0.7ms
[2023-08-24T08:04:14.491+0000][gc,phases     ] GC(65)   Other: 0.4ms
[2023-08-24T08:04:14.491+0000][gc,heap       ] GC(65) Eden regions: 300->0(533)
[2023-08-24T08:04:14.491+0000][gc,heap       ] GC(65) Survivor regions: 27->20(41)
[2023-08-24T08:04:14.491+0000][gc,heap       ] GC(65) Old regions: 176->182
[2023-08-24T08:04:14.491+0000][gc,heap       ] GC(65) Humongous regions: 149->149
[2023-08-24T08:04:14.491+0000][gc,metaspace  ] GC(65) Metaspace: 117010K(122648K)->117010K(122648K) NonClass: 103194K(106444K)->103194K(106444K) Class: 13816K(16204K)->13816K(16204K)
[2023-08-24T08:04:14.491+0000][gc            ] GC(65) Pause Young (Normal) (G1 Evacuation Pause) 651M->350M(1024M) 15.303ms
[2023-08-24T08:04:14.491+0000][gc,cpu        ] GC(65) User=0.12s Sys=0.01s Real=0.01s
[2023-08-24T08:06:15.442+0000][gc,start      ] GC(66) Pause Young (Normal) (G1 Evacuation Pause)
[2023-08-24T08:06:15.442+0000][gc,task       ] GC(66) Using 8 workers of 8 for evacuation
[2023-08-24T08:06:15.464+0000][gc,mmu        ] GC(66) MMU target violated: 21.0ms (20.0ms/21.0ms)
[2023-08-24T08:06:15.464+0000][gc,phases     ] GC(66)   Pre Evacuate Collection Set: 0.0ms
[2023-08-24T08:06:15.464+0000][gc,phases     ] GC(66)   Evacuate Collection Set: 21.3ms
[2023-08-24T08:06:15.464+0000][gc,phases     ] GC(66)   Post Evacuate Collection Set: 0.8ms
[2023-08-24T08:06:15.464+0000][gc,phases     ] GC(66)   Other: 0.4ms
[2023-08-24T08:06:15.464+0000][gc,heap       ] GC(66) Eden regions: 533->0(378)
[2023-08-24T08:06:15.464+0000][gc,heap       ] GC(66) Survivor regions: 20->25(70)
[2023-08-24T08:06:15.464+0000][gc,heap       ] GC(66) Old regions: 182->182
[2023-08-24T08:06:15.464+0000][gc,heap       ] GC(66) Humongous regions: 149->149
[2023-08-24T08:06:15.464+0000][gc,metaspace  ] GC(66) Metaspace: 117071K(122648K)->117071K(122648K) NonClass: 103255K(106444K)->103255K(106444K) Class: 13816K(16204K)->13816K(16204K)
[2023-08-24T08:06:15.464+0000][gc            ] GC(66) Pause Young (Normal) (G1 Evacuation Pause) 883M->355M(1024M) 22.536ms
[2023-08-24T08:06:15.464+0000][gc,cpu        ] GC(66) User=0.14s Sys=0.02s Real=0.02s
[2023-08-24T08:07:22.077+0000][gc,start      ] GC(67) Pause Young (Normal) (G1 Evacuation Pause)
[2023-08-24T08:07:22.077+0000][gc,task       ] GC(67) Using 8 workers of 8 for evacuation
[2023-08-24T08:07:22.093+0000][gc,phases     ] GC(67)   Pre Evacuate Collection Set: 0.0ms
[2023-08-24T08:07:22.093+0000][gc,phases     ] GC(67)   Evacuate Collection Set: 15.4ms
[2023-08-24T08:07:22.093+0000][gc,phases     ] GC(67)   Post Evacuate Collection Set: 0.6ms
[2023-08-24T08:07:22.093+0000][gc,phases     ] GC(67)   Other: 0.3ms
[2023-08-24T08:07:22.093+0000][gc,heap       ] GC(67) Eden regions: 239->0(400)
[2023-08-24T08:07:22.093+0000][gc,heap       ] GC(67) Survivor regions: 25->20(33)
[2023-08-24T08:07:22.093+0000][gc,heap       ] GC(67) Old regions: 182->189
[2023-08-24T08:07:22.093+0000][gc,heap       ] GC(67) Humongous regions: 149->149
[2023-08-24T08:07:22.093+0000][gc,metaspace  ] GC(67) Metaspace: 117073K(122648K)->117073K(122648K) NonClass: 103257K(106444K)->103257K(106444K) Class: 13816K(16204K)->13816K(16204K)
[2023-08-24T08:07:22.093+0000][gc            ] GC(67) Pause Young (Normal) (G1 Evacuation Pause) 594M->357M(1024M) 16.418ms
[2023-08-24T08:07:22.093+0000][gc,cpu        ] GC(67) User=0.12s Sys=0.00s Real=0.02s
[2023-08-24T08:08:58.059+0000][gc,start      ] GC(68) Pause Young (Normal) (G1 Evacuation Pause)
[2023-08-24T08:08:58.059+0000][gc,task       ] GC(68) Using 8 workers of 8 for evacuation
[2023-08-24T08:08:58.073+0000][gc,phases     ] GC(68)   Pre Evacuate Collection Set: 0.0ms
[2023-08-24T08:08:58.073+0000][gc,phases     ] GC(68)   Evacuate Collection Set: 13.1ms
[2023-08-24T08:08:58.073+0000][gc,phases     ] GC(68)   Post Evacuate Collection Set: 0.6ms
[2023-08-24T08:08:58.073+0000][gc,phases     ] GC(68)   Other: 0.3ms
[2023-08-24T08:08:58.073+0000][gc,heap       ] GC(68) Eden regions: 400->0(429)
[2023-08-24T08:08:58.073+0000][gc,heap       ] GC(68) Survivor regions: 20->24(53)
[2023-08-24T08:08:58.073+0000][gc,heap       ] GC(68) Old regions: 189->189
[2023-08-24T08:08:58.073+0000][gc,heap       ] GC(68) Humongous regions: 149->149
[2023-08-24T08:08:58.073+0000][gc,metaspace  ] GC(68) Metaspace: 117084K(122648K)->117084K(122648K) NonClass: 103268K(106444K)->103268K(106444K) Class: 13816K(16204K)->13816K(16204K)
[2023-08-24T08:08:58.073+0000][gc            ] GC(68) Pause Young (Normal) (G1 Evacuation Pause) 757M->361M(1024M) 14.148ms
[2023-08-24T08:08:58.073+0000][gc,cpu        ] GC(68) User=0.10s Sys=0.00s Real=0.02s
[2023-08-24T08:10:45.177+0000][gc,start      ] GC(69) Pause Young (Normal) (G1 Evacuation Pause)
[2023-08-24T08:10:45.177+0000][gc,task       ] GC(69) Using 8 workers of 8 for evacuation
[2023-08-24T08:10:45.194+0000][gc,phases     ] GC(69)   Pre Evacuate Collection Set: 0.0ms
[2023-08-24T08:10:45.194+0000][gc,phases     ] GC(69)   Evacuate Collection Set: 15.6ms
[2023-08-24T08:10:45.194+0000][gc,phases     ] GC(69)   Post Evacuate Collection Set: 0.7ms
[2023-08-24T08:10:45.194+0000][gc,phases     ] GC(69)   Other: 0.3ms
[2023-08-24T08:10:45.194+0000][gc,heap       ] GC(69) Eden regions: 429->0(441)
[2023-08-24T08:10:45.194+0000][gc,heap       ] GC(69) Survivor regions: 24->28(57)
[2023-08-24T08:10:45.194+0000][gc,heap       ] GC(69) Old regions: 189->189
[2023-08-24T08:10:45.194+0000][gc,heap       ] GC(69) Humongous regions: 149->149
[2023-08-24T08:10:45.194+0000][gc,metaspace  ] GC(69) Metaspace: 117110K(122648K)->117110K(122648K) NonClass: 103294K(106444K)->103294K(106444K) Class: 13816K(16204K)->13816K(16204K)
[2023-08-24T08:10:45.194+0000][gc            ] GC(69) Pause Young (Normal) (G1 Evacuation Pause) 790M->365M(1024M) 16.707ms
[2023-08-24T08:10:45.194+0000][gc,cpu        ] GC(69) User=0.12s Sys=0.00s Real=0.02s
[2023-08-24T08:12:42.404+0000][gc,start      ] GC(70) Pause Young (Normal) (G1 Evacuation Pause)
[2023-08-24T08:12:42.404+0000][gc,task       ] GC(70) Using 8 workers of 8 for evacuation
[2023-08-24T08:12:42.422+0000][gc,phases     ] GC(70)   Pre Evacuate Collection Set: 0.0ms
[2023-08-24T08:12:42.422+0000][gc,phases     ] GC(70)   Evacuate Collection Set: 17.2ms
[2023-08-24T08:12:42.422+0000][gc,phases     ] GC(70)   Post Evacuate Collection Set: 0.7ms
[2023-08-24T08:12:42.422+0000][gc,phases     ] GC(70)   Other: 0.3ms
[2023-08-24T08:12:42.422+0000][gc,heap       ] GC(70) Eden regions: 441->0(428)
[2023-08-24T08:12:42.422+0000][gc,heap       ] GC(70) Survivor regions: 28->34(59)
[2023-08-24T08:12:42.422+0000][gc,heap       ] GC(70) Old regions: 189->189
[2023-08-24T08:12:42.422+0000][gc,heap       ] GC(70) Humongous regions: 149->149
[2023-08-24T08:12:42.422+0000][gc,metaspace  ] GC(70) Metaspace: 117139K(122648K)->117139K(122648K) NonClass: 103322K(106444K)->103322K(106444K) Class: 13816K(16204K)->13816K(16204K)
[2023-08-24T08:12:42.422+0000][gc            ] GC(70) Pause Young (Normal) (G1 Evacuation Pause) 806M->371M(1024M) 18.341ms
[2023-08-24T08:12:42.422+0000][gc,cpu        ] GC(70) User=0.14s Sys=0.00s Real=0.02s
[2023-08-24T08:14:33.349+0000][gc,start      ] GC(71) Pause Young (Normal) (G1 Evacuation Pause)
[2023-08-24T08:14:33.349+0000][gc,task       ] GC(71) Using 8 workers of 8 for evacuation
[2023-08-24T08:14:33.370+0000][gc,mmu        ] GC(71) MMU target violated: 21.0ms (20.0ms/21.0ms)
[2023-08-24T08:14:33.371+0000][gc,phases     ] GC(71)   Pre Evacuate Collection Set: 0.0ms
[2023-08-24T08:14:33.371+0000][gc,phases     ] GC(71)   Evacuate Collection Set: 20.4ms
[2023-08-24T08:14:33.371+0000][gc,phases     ] GC(71)   Post Evacuate Collection Set: 0.7ms
[2023-08-24T08:14:33.371+0000][gc,phases     ] GC(71)   Other: 0.4ms
[2023-08-24T08:14:33.371+0000][gc,heap       ] GC(71) Eden regions: 428->0(334)
[2023-08-24T08:14:33.371+0000][gc,heap       ] GC(71) Survivor regions: 34->34(58)
[2023-08-24T08:14:33.371+0000][gc,heap       ] GC(71) Old regions: 189->194
[2023-08-24T08:14:33.371+0000][gc,heap       ] GC(71) Humongous regions: 149->149
[2023-08-24T08:14:33.371+0000][gc,metaspace  ] GC(71) Metaspace: 117159K(122648K)->117159K(122648K) NonClass: 103343K(106444K)->103343K(106444K) Class: 13816K(16204K)->13816K(16204K)
[2023-08-24T08:14:33.371+0000][gc            ] GC(71) Pause Young (Normal) (G1 Evacuation Pause) 799M->375M(1024M) 21.578ms
[2023-08-24T08:14:33.371+0000][gc,cpu        ] GC(71) User=0.17s Sys=0.00s Real=0.02s
[2023-08-24T08:14:59.665+0000][gc,start      ] GC(72) Pause Young (Normal) (GCLocker Initiated GC)
[2023-08-24T08:14:59.665+0000][gc,task       ] GC(72) Using 8 workers of 8 for evacuation
[2023-08-24T08:14:59.688+0000][gc,mmu        ] GC(72) MMU target violated: 21.0ms (20.0ms/21.0ms)
[2023-08-24T08:14:59.688+0000][gc,phases     ] GC(72)   Pre Evacuate Collection Set: 0.0ms
[2023-08-24T08:14:59.688+0000][gc,phases     ] GC(72)   Evacuate Collection Set: 21.7ms
[2023-08-24T08:14:59.688+0000][gc,phases     ] GC(72)   Post Evacuate Collection Set: 0.6ms
[2023-08-24T08:14:59.688+0000][gc,phases     ] GC(72)   Other: 0.4ms
[2023-08-24T08:14:59.688+0000][gc,heap       ] GC(72) Eden regions: 152->0(417)
[2023-08-24T08:14:59.688+0000][gc,heap       ] GC(72) Survivor regions: 34->16(24)
[2023-08-24T08:14:59.688+0000][gc,heap       ] GC(72) Old regions: 194->214
[2023-08-24T08:14:59.688+0000][gc,heap       ] GC(72) Humongous regions: 149->149
[2023-08-24T08:14:59.688+0000][gc,metaspace  ] GC(72) Metaspace: 117163K(122648K)->117163K(122648K) NonClass: 103347K(106444K)->103347K(106444K) Class: 13816K(16204K)->13816K(16204K)
[2023-08-24T08:14:59.688+0000][gc            ] GC(72) Pause Young (Normal) (GCLocker Initiated GC) 527M->378M(1024M) 22.793ms
[2023-08-24T08:14:59.688+0000][gc,cpu        ] GC(72) User=0.14s Sys=0.03s Real=0.02s
[2023-08-24T08:16:47.682+0000][gc,start      ] GC(73) Pause Young (Concurrent Start) (G1 Evacuation Pause)
[2023-08-24T08:16:47.682+0000][gc,task       ] GC(73) Using 8 workers of 8 for evacuation
[2023-08-24T08:16:47.696+0000][gc,phases     ] GC(73)   Pre Evacuate Collection Set: 0.5ms
[2023-08-24T08:16:47.696+0000][gc,phases     ] GC(73)   Evacuate Collection Set: 12.6ms
[2023-08-24T08:16:47.696+0000][gc,phases     ] GC(73)   Post Evacuate Collection Set: 0.7ms
[2023-08-24T08:16:47.696+0000][gc,phases     ] GC(73)   Other: 0.4ms
[2023-08-24T08:16:47.696+0000][gc,heap       ] GC(73) Eden regions: 417->0(341)
[2023-08-24T08:16:47.696+0000][gc,heap       ] GC(73) Survivor regions: 16->20(55)
[2023-08-24T08:16:47.696+0000][gc,heap       ] GC(73) Old regions: 214->214
[2023-08-24T08:16:47.696+0000][gc,heap       ] GC(73) Humongous regions: 149->149
[2023-08-24T08:16:47.697+0000][gc,metaspace  ] GC(73) Metaspace: 117189K(122904K)->117189K(122904K) NonClass: 103372K(106700K)->103372K(106700K) Class: 13816K(16204K)->13816K(16204K)
[2023-08-24T08:16:47.697+0000][gc            ] GC(73) Pause Young (Concurrent Start) (G1 Evacuation Pause) 795M->382M(1024M) 14.226ms
[2023-08-24T08:16:47.697+0000][gc,cpu        ] GC(73) User=0.10s Sys=0.00s Real=0.01s
[2023-08-24T08:16:47.697+0000][gc            ] GC(74) Concurrent Cycle
[2023-08-24T08:16:47.697+0000][gc,marking    ] GC(74) Concurrent Clear Claimed Marks
[2023-08-24T08:16:47.697+0000][gc,marking    ] GC(74) Concurrent Clear Claimed Marks 0.154ms
[2023-08-24T08:16:47.697+0000][gc,marking    ] GC(74) Concurrent Scan Root Regions
[2023-08-24T08:16:47.708+0000][gc,marking    ] GC(74) Concurrent Scan Root Regions 10.914ms
[2023-08-24T08:16:47.708+0000][gc,marking    ] GC(74) Concurrent Mark (3218.559s)
[2023-08-24T08:16:47.708+0000][gc,marking    ] GC(74) Concurrent Mark From Roots
[2023-08-24T08:16:47.708+0000][gc,task       ] GC(74) Using 2 workers of 2 for marking
[2023-08-24T08:16:47.775+0000][gc,marking    ] GC(74) Concurrent Mark From Roots 67.122ms
[2023-08-24T08:16:47.775+0000][gc,marking    ] GC(74) Concurrent Preclean
[2023-08-24T08:16:47.776+0000][gc,marking    ] GC(74) Concurrent Preclean 0.764ms
[2023-08-24T08:16:47.776+0000][gc,marking    ] GC(74) Concurrent Mark (3218.559s, 3218.627s) 67.960ms
[2023-08-24T08:16:47.776+0000][gc,start      ] GC(74) Pause Remark
[2023-08-24T08:16:47.793+0000][gc,stringtable] GC(74) Cleaned string and symbol table, strings: 45880 processed, 2693 removed, symbols: 278196 processed, 12 removed
[2023-08-24T08:16:47.793+0000][gc            ] GC(74) Pause Remark 385M->385M(1024M) 17.526ms
[2023-08-24T08:16:47.794+0000][gc,cpu        ] GC(74) User=0.11s Sys=0.00s Real=0.02s
[2023-08-24T08:16:47.794+0000][gc,marking    ] GC(74) Concurrent Rebuild Remembered Sets
[2023-08-24T08:16:47.835+0000][gc,marking    ] GC(74) Concurrent Rebuild Remembered Sets 41.344ms
[2023-08-24T08:16:47.835+0000][gc,start      ] GC(74) Pause Cleanup
[2023-08-24T08:16:47.835+0000][gc            ] GC(74) Pause Cleanup 385M->385M(1024M) 0.243ms
[2023-08-24T08:16:47.835+0000][gc,cpu        ] GC(74) User=0.00s Sys=0.00s Real=0.00s
[2023-08-24T08:16:47.835+0000][gc,marking    ] GC(74) Concurrent Cleanup for Next Mark
[2023-08-24T08:16:47.837+0000][gc,marking    ] GC(74) Concurrent Cleanup for Next Mark 1.335ms
[2023-08-24T08:16:47.837+0000][gc            ] GC(74) Concurrent Cycle 140.211ms
[2023-08-24T08:17:51.677+0000][gc,start      ] GC(75) Pause Young (Prepare Mixed) (G1 Evacuation Pause)
[2023-08-24T08:17:51.677+0000][gc,task       ] GC(75) Using 8 workers of 8 for evacuation
[2023-08-24T08:17:51.692+0000][gc,phases     ] GC(75)   Pre Evacuate Collection Set: 0.0ms
[2023-08-24T08:17:51.692+0000][gc,phases     ] GC(75)   Evacuate Collection Set: 14.3ms
[2023-08-24T08:17:51.692+0000][gc,phases     ] GC(75)   Post Evacuate Collection Set: 0.6ms
[2023-08-24T08:17:51.692+0000][gc,phases     ] GC(75)   Other: 0.4ms
[2023-08-24T08:17:51.692+0000][gc,heap       ] GC(75) Eden regions: 261->0(28)
[2023-08-24T08:17:51.692+0000][gc,heap       ] GC(75) Survivor regions: 20->23(36)
[2023-08-24T08:17:51.692+0000][gc,heap       ] GC(75) Old regions: 214->220
[2023-08-24T08:17:51.692+0000][gc,heap       ] GC(75) Humongous regions: 149->149
[2023-08-24T08:17:51.692+0000][gc,metaspace  ] GC(75) Metaspace: 116739K(122904K)->116739K(122904K) NonClass: 103077K(106700K)->103077K(106700K) Class: 13662K(16204K)->13662K(16204K)
[2023-08-24T08:17:51.692+0000][gc            ] GC(75) Pause Young (Prepare Mixed) (G1 Evacuation Pause) 643M->391M(1024M) 15.394ms
[2023-08-24T08:17:51.693+0000][gc,cpu        ] GC(75) User=0.12s Sys=0.00s Real=0.02s
[2023-08-24T08:17:51.711+0000][gc,start      ] GC(76) Pause Young (Mixed) (G1 Evacuation Pause)
[2023-08-24T08:17:51.711+0000][gc,task       ] GC(76) Using 8 workers of 8 for evacuation
[2023-08-24T08:17:51.723+0000][gc,phases     ] GC(76)   Pre Evacuate Collection Set: 0.0ms
[2023-08-24T08:17:51.723+0000][gc,phases     ] GC(76)   Evacuate Collection Set: 10.9ms
[2023-08-24T08:17:51.723+0000][gc,phases     ] GC(76)   Post Evacuate Collection Set: 0.5ms
[2023-08-24T08:17:51.723+0000][gc,phases     ] GC(76)   Other: 0.2ms
[2023-08-24T08:17:51.723+0000][gc,heap       ] GC(76) Eden regions: 28->0(47)
[2023-08-24T08:17:51.723+0000][gc,heap       ] GC(76) Survivor regions: 23->4(7)
[2023-08-24T08:17:51.723+0000][gc,heap       ] GC(76) Old regions: 220->216
[2023-08-24T08:17:51.723+0000][gc,heap       ] GC(76) Humongous regions: 149->149
[2023-08-24T08:17:51.723+0000][gc,metaspace  ] GC(76) Metaspace: 116739K(122904K)->116739K(122904K) NonClass: 103077K(106700K)->103077K(106700K) Class: 13662K(16204K)->13662K(16204K)
[2023-08-24T08:17:51.723+0000][gc            ] GC(76) Pause Young (Mixed) (G1 Evacuation Pause) 419M->369M(1024M) 11.793ms
[2023-08-24T08:17:51.723+0000][gc,cpu        ] GC(76) User=0.07s Sys=0.02s Real=0.01s
[2023-08-24T08:18:13.982+0000][gc,start      ] GC(77) Pause Young (Mixed) (G1 Evacuation Pause)
[2023-08-24T08:18:13.982+0000][gc,task       ] GC(77) Using 8 workers of 8 for evacuation
[2023-08-24T08:18:13.987+0000][gc,phases     ] GC(77)   Pre Evacuate Collection Set: 0.1ms
[2023-08-24T08:18:13.987+0000][gc,phases     ] GC(77)   Evacuate Collection Set: 4.1ms
[2023-08-24T08:18:13.987+0000][gc,phases     ] GC(77)   Post Evacuate Collection Set: 0.5ms
[2023-08-24T08:18:13.987+0000][gc,phases     ] GC(77)   Other: 0.3ms
[2023-08-24T08:18:13.987+0000][gc,heap       ] GC(77) Eden regions: 47->0(48)
[2023-08-24T08:18:13.987+0000][gc,heap       ] GC(77) Survivor regions: 4->3(7)
[2023-08-24T08:18:13.987+0000][gc,heap       ] GC(77) Old regions: 216->189
[2023-08-24T08:18:13.987+0000][gc,heap       ] GC(77) Humongous regions: 149->149
[2023-08-24T08:18:13.987+0000][gc,metaspace  ] GC(77) Metaspace: 116739K(122904K)->116739K(122904K) NonClass: 103077K(106700K)->103077K(106700K) Class: 13662K(16204K)->13662K(16204K)
[2023-08-24T08:18:13.987+0000][gc            ] GC(77) Pause Young (Mixed) (G1 Evacuation Pause) 416M->339M(1024M) 5.075ms
[2023-08-24T08:18:13.987+0000][gc,cpu        ] GC(77) User=0.03s Sys=0.00s Real=0.00s
[2023-08-24T08:18:15.258+0000][gc,start      ] GC(78) Pause Young (Mixed) (G1 Evacuation Pause)
[2023-08-24T08:18:15.258+0000][gc,task       ] GC(78) Using 8 workers of 8 for evacuation
[2023-08-24T08:18:15.264+0000][gc,phases     ] GC(78)   Pre Evacuate Collection Set: 0.1ms
[2023-08-24T08:18:15.264+0000][gc,phases     ] GC(78)   Evacuate Collection Set: 4.7ms
[2023-08-24T08:18:15.264+0000][gc,phases     ] GC(78)   Post Evacuate Collection Set: 0.6ms
[2023-08-24T08:18:15.264+0000][gc,phases     ] GC(78)   Other: 0.4ms
[2023-08-24T08:18:15.264+0000][gc,heap       ] GC(78) Eden regions: 48->0(539)
[2023-08-24T08:18:15.264+0000][gc,heap       ] GC(78) Survivor regions: 3->3(7)
[2023-08-24T08:18:15.264+0000][gc,heap       ] GC(78) Old regions: 189->164
[2023-08-24T08:18:15.264+0000][gc,heap       ] GC(78) Humongous regions: 149->149
[2023-08-24T08:18:15.264+0000][gc,metaspace  ] GC(78) Metaspace: 116739K(122904K)->116739K(122904K) NonClass: 103077K(106700K)->103077K(106700K) Class: 13662K(16204K)->13662K(16204K)
[2023-08-24T08:18:15.264+0000][gc            ] GC(78) Pause Young (Mixed) (G1 Evacuation Pause) 387M->315M(1024M) 5.817ms
[2023-08-24T08:18:15.264+0000][gc,cpu        ] GC(78) User=0.03s Sys=0.00s Real=0.01s
[2023-08-24T08:20:44.534+0000][gc,start      ] GC(79) Pause Young (Normal) (G1 Evacuation Pause)
[2023-08-24T08:20:44.534+0000][gc,task       ] GC(79) Using 8 workers of 8 for evacuation
[2023-08-24T08:20:44.543+0000][gc,phases     ] GC(79)   Pre Evacuate Collection Set: 0.0ms
[2023-08-24T08:20:44.543+0000][gc,phases     ] GC(79)   Evacuate Collection Set: 8.0ms
[2023-08-24T08:20:44.543+0000][gc,phases     ] GC(79)   Post Evacuate Collection Set: 0.7ms
[2023-08-24T08:20:44.543+0000][gc,phases     ] GC(79)   Other: 0.4ms
[2023-08-24T08:20:44.543+0000][gc,heap       ] GC(79) Eden regions: 539->0(542)
[2023-08-24T08:20:44.543+0000][gc,heap       ] GC(79) Survivor regions: 3->9(68)
[2023-08-24T08:20:44.543+0000][gc,heap       ] GC(79) Old regions: 164->164
[2023-08-24T08:20:44.543+0000][gc,heap       ] GC(79) Humongous regions: 149->149
[2023-08-24T08:20:44.543+0000][gc,metaspace  ] GC(79) Metaspace: 116742K(122904K)->116742K(122904K) NonClass: 103080K(106700K)->103080K(106700K) Class: 13662K(16204K)->13662K(16204K)
[2023-08-24T08:20:44.543+0000][gc            ] GC(79) Pause Young (Normal) (G1 Evacuation Pause) 854M->321M(1024M) 9.154ms
[2023-08-24T08:20:44.543+0000][gc,cpu        ] GC(79) User=0.06s Sys=0.00s Real=0.01s
[2023-08-24T08:22:54.924+0000][gc,start      ] GC(80) Pause Young (Normal) (G1 Evacuation Pause)
[2023-08-24T08:22:54.924+0000][gc,task       ] GC(80) Using 8 workers of 8 for evacuation
[2023-08-24T08:22:54.936+0000][gc,phases     ] GC(80)   Pre Evacuate Collection Set: 0.0ms
[2023-08-24T08:22:54.936+0000][gc,phases     ] GC(80)   Evacuate Collection Set: 10.8ms
[2023-08-24T08:22:54.936+0000][gc,phases     ] GC(80)   Post Evacuate Collection Set: 0.7ms
[2023-08-24T08:22:54.936+0000][gc,phases     ] GC(80)   Other: 0.3ms
[2023-08-24T08:22:54.936+0000][gc,heap       ] GC(80) Eden regions: 542->0(528)
[2023-08-24T08:22:54.936+0000][gc,heap       ] GC(80) Survivor regions: 9->17(69)
[2023-08-24T08:22:54.936+0000][gc,heap       ] GC(80) Old regions: 164->164
[2023-08-24T08:22:54.936+0000][gc,heap       ] GC(80) Humongous regions: 149->149
[2023-08-24T08:22:54.936+0000][gc,metaspace  ] GC(80) Metaspace: 116746K(122904K)->116746K(122904K) NonClass: 103084K(106700K)->103084K(106700K) Class: 13662K(16204K)->13662K(16204K)
[2023-08-24T08:22:54.936+0000][gc            ] GC(80) Pause Young (Normal) (G1 Evacuation Pause) 863M->328M(1024M) 11.940ms
[2023-08-24T08:22:54.936+0000][gc,cpu        ] GC(80) User=0.09s Sys=0.00s Real=0.01s
[2023-08-24T08:24:44.520+0000][gc,start      ] GC(81) Pause Young (Normal) (G1 Evacuation Pause)
[2023-08-24T08:24:44.520+0000][gc,task       ] GC(81) Using 8 workers of 8 for evacuation
[2023-08-24T08:24:44.538+0000][gc,phases     ] GC(81)   Pre Evacuate Collection Set: 0.0ms
[2023-08-24T08:24:44.538+0000][gc,phases     ] GC(81)   Evacuate Collection Set: 16.3ms
[2023-08-24T08:24:44.538+0000][gc,phases     ] GC(81)   Post Evacuate Collection Set: 0.7ms
[2023-08-24T08:24:44.538+0000][gc,phases     ] GC(81)   Other: 0.3ms
[2023-08-24T08:24:44.538+0000][gc,heap       ] GC(81) Eden regions: 452->0(414)
[2023-08-24T08:24:44.538+0000][gc,heap       ] GC(81) Survivor regions: 17->29(59)
[2023-08-24T08:24:44.538+0000][gc,heap       ] GC(81) Old regions: 164->164
[2023-08-24T08:24:44.538+0000][gc,heap       ] GC(81) Humongous regions: 149->149
[2023-08-24T08:24:44.538+0000][gc,metaspace  ] GC(81) Metaspace: 116969K(122904K)->116969K(122904K) NonClass: 103264K(106700K)->103264K(106700K) Class: 13705K(16204K)->13705K(16204K)
[2023-08-24T08:24:44.538+0000][gc            ] GC(81) Pause Young (Normal) (G1 Evacuation Pause) 780M->341M(1024M) 17.443ms
[2023-08-24T08:24:44.538+0000][gc,cpu        ] GC(81) User=0.13s Sys=0.00s Real=0.01s
[2023-08-24T08:26:21.485+0000][gc,start      ] GC(82) Pause Young (Normal) (G1 Evacuation Pause)
[2023-08-24T08:26:21.485+0000][gc,task       ] GC(82) Using 8 workers of 8 for evacuation
[2023-08-24T08:26:21.503+0000][gc,phases     ] GC(82)   Pre Evacuate Collection Set: 0.0ms
[2023-08-24T08:26:21.503+0000][gc,phases     ] GC(82)   Evacuate Collection Set: 17.2ms
[2023-08-24T08:26:21.503+0000][gc,phases     ] GC(82)   Post Evacuate Collection Set: 0.7ms
[2023-08-24T08:26:21.503+0000][gc,phases     ] GC(82)   Other: 0.4ms
[2023-08-24T08:26:21.503+0000][gc,heap       ] GC(82) Eden regions: 382->0(416)
[2023-08-24T08:26:21.503+0000][gc,heap       ] GC(82) Survivor regions: 29->22(52)
[2023-08-24T08:26:21.503+0000][gc,heap       ] GC(82) Old regions: 164->172
[2023-08-24T08:26:21.503+0000][gc,heap       ] GC(82) Humongous regions: 149->149
[2023-08-24T08:26:21.503+0000][gc,metaspace  ] GC(82) Metaspace: 116986K(122904K)->116986K(122904K) NonClass: 103281K(106700K)->103281K(106700K) Class: 13705K(16204K)->13705K(16204K)
[2023-08-24T08:26:21.503+0000][gc            ] GC(82) Pause Young (Normal) (G1 Evacuation Pause) 723M->342M(1024M) 18.409ms
[2023-08-24T08:26:21.503+0000][gc,cpu        ] GC(82) User=0.14s Sys=0.00s Real=0.02s
[2023-08-24T08:27:51.257+0000][gc,start      ] GC(83) Pause Young (Normal) (G1 Evacuation Pause)
[2023-08-24T08:27:51.257+0000][gc,task       ] GC(83) Using 8 workers of 8 for evacuation
[2023-08-24T08:27:51.272+0000][gc,phases     ] GC(83)   Pre Evacuate Collection Set: 0.0ms
[2023-08-24T08:27:51.272+0000][gc,phases     ] GC(83)   Evacuate Collection Set: 13.5ms
[2023-08-24T08:27:51.272+0000][gc,phases     ] GC(83)   Post Evacuate Collection Set: 0.7ms
[2023-08-24T08:27:51.272+0000][gc,phases     ] GC(83)   Other: 0.3ms
[2023-08-24T08:27:51.272+0000][gc,heap       ] GC(83) Eden regions: 387->0(429)
[2023-08-24T08:27:51.272+0000][gc,heap       ] GC(83) Survivor regions: 22->22(52)
[2023-08-24T08:27:51.272+0000][gc,heap       ] GC(83) Old regions: 172->172
[2023-08-24T08:27:51.272+0000][gc,heap       ] GC(83) Humongous regions: 149->149
[2023-08-24T08:27:51.272+0000][gc,metaspace  ] GC(83) Metaspace: 117089K(123160K)->117089K(123160K) NonClass: 103384K(106956K)->103384K(106956K) Class: 13705K(16204K)->13705K(16204K)
[2023-08-24T08:27:51.272+0000][gc            ] GC(83) Pause Young (Normal) (G1 Evacuation Pause) 729M->342M(1024M) 14.642ms
[2023-08-24T08:27:51.272+0000][gc,cpu        ] GC(83) User=0.11s Sys=0.01s Real=0.02s
[2023-08-24T08:29:44.672+0000][gc,start      ] GC(84) Pause Young (Normal) (G1 Evacuation Pause)
[2023-08-24T08:29:44.672+0000][gc,task       ] GC(84) Using 8 workers of 8 for evacuation
[2023-08-24T08:29:44.687+0000][gc,phases     ] GC(84)   Pre Evacuate Collection Set: 0.0ms
[2023-08-24T08:29:44.687+0000][gc,phases     ] GC(84)   Evacuate Collection Set: 14.4ms
[2023-08-24T08:29:44.687+0000][gc,phases     ] GC(84)   Post Evacuate Collection Set: 0.7ms
[2023-08-24T08:29:44.687+0000][gc,phases     ] GC(84)   Other: 0.4ms
[2023-08-24T08:29:44.687+0000][gc,heap       ] GC(84) Eden regions: 429->0(437)
[2023-08-24T08:29:44.687+0000][gc,heap       ] GC(84) Survivor regions: 22->23(57)
[2023-08-24T08:29:44.687+0000][gc,heap       ] GC(84) Old regions: 172->172
[2023-08-24T08:29:44.687+0000][gc,heap       ] GC(84) Humongous regions: 149->149
[2023-08-24T08:29:44.687+0000][gc,metaspace  ] GC(84) Metaspace: 117092K(123160K)->117092K(123160K) NonClass: 103387K(106956K)->103387K(106956K) Class: 13705K(16204K)->13705K(16204K)
[2023-08-24T08:29:44.687+0000][gc            ] GC(84) Pause Young (Normal) (G1 Evacuation Pause) 771M->343M(1024M) 15.535ms
[2023-08-24T08:29:44.687+0000][gc,cpu        ] GC(84) User=0.11s Sys=0.00s Real=0.01s
[2023-08-24T08:31:21.484+0000][gc,start      ] GC(85) Pause Young (Normal) (G1 Evacuation Pause)
[2023-08-24T08:31:21.484+0000][gc,task       ] GC(85) Using 8 workers of 8 for evacuation
[2023-08-24T08:31:21.499+0000][gc,phases     ] GC(85)   Pre Evacuate Collection Set: 0.0ms
[2023-08-24T08:31:21.499+0000][gc,phases     ] GC(85)   Evacuate Collection Set: 14.4ms
[2023-08-24T08:31:21.499+0000][gc,phases     ] GC(85)   Post Evacuate Collection Set: 0.7ms
[2023-08-24T08:31:21.499+0000][gc,phases     ] GC(85)   Other: 0.3ms
[2023-08-24T08:31:21.499+0000][gc,heap       ] GC(85) Eden regions: 402->0(443)
[2023-08-24T08:31:21.499+0000][gc,heap       ] GC(85) Survivor regions: 23->23(54)
[2023-08-24T08:31:21.499+0000][gc,heap       ] GC(85) Old regions: 172->172
[2023-08-24T08:31:21.499+0000][gc,heap       ] GC(85) Humongous regions: 149->149
[2023-08-24T08:31:21.499+0000][gc,metaspace  ] GC(85) Metaspace: 117095K(123160K)->117095K(123160K) NonClass: 103390K(106956K)->103390K(106956K) Class: 13705K(16204K)->13705K(16204K)
[2023-08-24T08:31:21.499+0000][gc            ] GC(85) Pause Young (Normal) (G1 Evacuation Pause) 745M->342M(1024M) 15.534ms
[2023-08-24T08:31:21.499+0000][gc,cpu        ] GC(85) User=0.11s Sys=0.00s Real=0.02s
[2023-08-24T08:33:14.486+0000][gc,start      ] GC(86) Pause Young (Normal) (G1 Evacuation Pause)
[2023-08-24T08:33:14.486+0000][gc,task       ] GC(86) Using 8 workers of 8 for evacuation
[2023-08-24T08:33:14.501+0000][gc,phases     ] GC(86)   Pre Evacuate Collection Set: 0.0ms
[2023-08-24T08:33:14.501+0000][gc,phases     ] GC(86)   Evacuate Collection Set: 13.6ms
[2023-08-24T08:33:14.501+0000][gc,phases     ] GC(86)   Post Evacuate Collection Set: 0.7ms
[2023-08-24T08:33:14.501+0000][gc,phases     ] GC(86)   Other: 0.3ms
[2023-08-24T08:33:14.501+0000][gc,heap       ] GC(86) Eden regions: 443->0(456)
[2023-08-24T08:33:14.501+0000][gc,heap       ] GC(86) Survivor regions: 23->23(59)
[2023-08-24T08:33:14.501+0000][gc,heap       ] GC(86) Old regions: 172->172
[2023-08-24T08:33:14.501+0000][gc,heap       ] GC(86) Humongous regions: 149->149
[2023-08-24T08:33:14.501+0000][gc,metaspace  ] GC(86) Metaspace: 117095K(123160K)->117095K(123160K) NonClass: 103390K(106956K)->103390K(106956K) Class: 13705K(16204K)->13705K(16204K)
[2023-08-24T08:33:14.501+0000][gc            ] GC(86) Pause Young (Normal) (G1 Evacuation Pause) 785M->343M(1024M) 14.739ms
[2023-08-24T08:33:14.501+0000][gc,cpu        ] GC(86) User=0.10s Sys=0.00s Real=0.02s
[2023-08-24T08:34:59.648+0000][gc,start      ] GC(87) Pause Young (Normal) (G1 Evacuation Pause)
[2023-08-24T08:34:59.648+0000][gc,task       ] GC(87) Using 8 workers of 8 for evacuation
[2023-08-24T08:34:59.664+0000][gc,phases     ] GC(87)   Pre Evacuate Collection Set: 0.0ms
[2023-08-24T08:34:59.664+0000][gc,phases     ] GC(87)   Evacuate Collection Set: 14.7ms
[2023-08-24T08:34:59.664+0000][gc,phases     ] GC(87)   Post Evacuate Collection Set: 0.7ms
[2023-08-24T08:34:59.664+0000][gc,phases     ] GC(87)   Other: 0.3ms
[2023-08-24T08:34:59.664+0000][gc,heap       ] GC(87) Eden regions: 416->0(462)
[2023-08-24T08:34:59.664+0000][gc,heap       ] GC(87) Survivor regions: 23->24(55)
[2023-08-24T08:34:59.664+0000][gc,heap       ] GC(87) Old regions: 172->172
[2023-08-24T08:34:59.664+0000][gc,heap       ] GC(87) Humongous regions: 149->149
[2023-08-24T08:34:59.664+0000][gc,metaspace  ] GC(87) Metaspace: 117099K(123160K)->117099K(123160K) NonClass: 103394K(106956K)->103394K(106956K) Class: 13705K(16204K)->13705K(16204K)
[2023-08-24T08:34:59.664+0000][gc            ] GC(87) Pause Young (Normal) (G1 Evacuation Pause) 759M->344M(1024M) 15.853ms
[2023-08-24T08:34:59.664+0000][gc,cpu        ] GC(87) User=0.11s Sys=0.00s Real=0.02s
[2023-08-24T08:36:48.095+0000][gc,start      ] GC(88) Pause Young (Normal) (G1 Evacuation Pause)
[2023-08-24T08:36:48.095+0000][gc,task       ] GC(88) Using 8 workers of 8 for evacuation
[2023-08-24T08:36:48.110+0000][gc,phases     ] GC(88)   Pre Evacuate Collection Set: 0.0ms
[2023-08-24T08:36:48.111+0000][gc,phases     ] GC(88)   Evacuate Collection Set: 14.1ms
[2023-08-24T08:36:48.111+0000][gc,phases     ] GC(88)   Post Evacuate Collection Set: 1.0ms
[2023-08-24T08:36:48.111+0000][gc,phases     ] GC(88)   Other: 0.4ms
[2023-08-24T08:36:48.111+0000][gc,heap       ] GC(88) Eden regions: 462->0(479)
[2023-08-24T08:36:48.111+0000][gc,heap       ] GC(88) Survivor regions: 24->22(61)
[2023-08-24T08:36:48.111+0000][gc,heap       ] GC(88) Old regions: 172->172
[2023-08-24T08:36:48.111+0000][gc,heap       ] GC(88) Humongous regions: 149->149
[2023-08-24T08:36:48.111+0000][gc,metaspace  ] GC(88) Metaspace: 117100K(123160K)->117100K(123160K) NonClass: 103395K(106956K)->103395K(106956K) Class: 13705K(16204K)->13705K(16204K)
[2023-08-24T08:36:48.111+0000][gc            ] GC(88) Pause Young (Normal) (G1 Evacuation Pause) 806M->342M(1024M) 15.588ms
[2023-08-24T08:36:48.111+0000][gc,cpu        ] GC(88) User=0.11s Sys=0.01s Real=0.01s
[2023-08-24T08:38:44.639+0000][gc,start      ] GC(89) Pause Young (Normal) (G1 Evacuation Pause)
[2023-08-24T08:38:44.639+0000][gc,task       ] GC(89) Using 8 workers of 8 for evacuation
[2023-08-24T08:38:44.656+0000][gc,phases     ] GC(89)   Pre Evacuate Collection Set: 0.0ms
[2023-08-24T08:38:44.656+0000][gc,phases     ] GC(89)   Evacuate Collection Set: 15.6ms
[2023-08-24T08:38:44.656+0000][gc,phases     ] GC(89)   Post Evacuate Collection Set: 1.0ms
[2023-08-24T08:38:44.656+0000][gc,phases     ] GC(89)   Other: 0.3ms
[2023-08-24T08:38:44.656+0000][gc,heap       ] GC(89) Eden regions: 436->0(476)
[2023-08-24T08:38:44.656+0000][gc,heap       ] GC(89) Survivor regions: 22->23(58)
[2023-08-24T08:38:44.656+0000][gc,heap       ] GC(89) Old regions: 172->172
[2023-08-24T08:38:44.656+0000][gc,heap       ] GC(89) Humongous regions: 149->149
[2023-08-24T08:38:44.656+0000][gc,metaspace  ] GC(89) Metaspace: 117120K(123160K)->117120K(123160K) NonClass: 103415K(106956K)->103415K(106956K) Class: 13705K(16204K)->13705K(16204K)
[2023-08-24T08:38:44.656+0000][gc            ] GC(89) Pause Young (Normal) (G1 Evacuation Pause) 778M->342M(1024M) 17.006ms
[2023-08-24T08:38:44.656+0000][gc,cpu        ] GC(89) User=0.11s Sys=0.00s Real=0.01s
[2023-08-24T08:40:43.980+0000][gc,start      ] GC(90) Pause Young (Normal) (G1 Evacuation Pause)
[2023-08-24T08:40:43.980+0000][gc,task       ] GC(90) Using 8 workers of 8 for evacuation
[2023-08-24T08:40:43.995+0000][gc,phases     ] GC(90)   Pre Evacuate Collection Set: 0.0ms
[2023-08-24T08:40:43.995+0000][gc,phases     ] GC(90)   Evacuate Collection Set: 14.3ms
[2023-08-24T08:40:43.995+0000][gc,phases     ] GC(90)   Post Evacuate Collection Set: 1.0ms
[2023-08-24T08:40:43.995+0000][gc,phases     ] GC(90)   Other: 0.3ms
[2023-08-24T08:40:43.995+0000][gc,heap       ] GC(90) Eden regions: 476->0(492)
[2023-08-24T08:40:43.995+0000][gc,heap       ] GC(90) Survivor regions: 23->23(63)
[2023-08-24T08:40:43.995+0000][gc,heap       ] GC(90) Old regions: 172->172
[2023-08-24T08:40:43.995+0000][gc,heap       ] GC(90) Humongous regions: 149->149
[2023-08-24T08:40:43.995+0000][gc,metaspace  ] GC(90) Metaspace: 117132K(123160K)->117132K(123160K) NonClass: 103427K(106956K)->103427K(106956K) Class: 13705K(16204K)->13705K(16204K)
[2023-08-24T08:40:43.995+0000][gc            ] GC(90) Pause Young (Normal) (G1 Evacuation Pause) 818M->343M(1024M) 15.715ms
[2023-08-24T08:40:43.995+0000][gc,cpu        ] GC(90) User=0.11s Sys=0.00s Real=0.01s
[2023-08-24T08:42:44.495+0000][gc,start      ] GC(91) Pause Young (Normal) (G1 Evacuation Pause)
[2023-08-24T08:42:44.495+0000][gc,task       ] GC(91) Using 8 workers of 8 for evacuation
[2023-08-24T08:42:44.510+0000][gc,phases     ] GC(91)   Pre Evacuate Collection Set: 0.0ms
[2023-08-24T08:42:44.510+0000][gc,phases     ] GC(91)   Evacuate Collection Set: 14.1ms
[2023-08-24T08:42:44.510+0000][gc,phases     ] GC(91)   Post Evacuate Collection Set: 0.9ms
[2023-08-24T08:42:44.510+0000][gc,phases     ] GC(91)   Other: 0.3ms
[2023-08-24T08:42:44.510+0000][gc,heap       ] GC(91) Eden regions: 492->0(511)
[2023-08-24T08:42:44.510+0000][gc,heap       ] GC(91) Survivor regions: 23->23(65)
[2023-08-24T08:42:44.510+0000][gc,heap       ] GC(91) Old regions: 172->172
[2023-08-24T08:42:44.510+0000][gc,heap       ] GC(91) Humongous regions: 149->149
[2023-08-24T08:42:44.510+0000][gc,metaspace  ] GC(91) Metaspace: 117135K(123160K)->117135K(123160K) NonClass: 103430K(106956K)->103430K(106956K) Class: 13705K(16204K)->13705K(16204K)
[2023-08-24T08:42:44.510+0000][gc            ] GC(91) Pause Young (Normal) (G1 Evacuation Pause) 835M->343M(1024M) 15.349ms
[2023-08-24T08:42:44.510+0000][gc,cpu        ] GC(91) User=0.11s Sys=0.00s Real=0.01s
[2023-08-24T08:44:51.669+0000][gc,start      ] GC(92) Pause Young (Normal) (G1 Evacuation Pause)
[2023-08-24T08:44:51.669+0000][gc,task       ] GC(92) Using 8 workers of 8 for evacuation
[2023-08-24T08:44:51.685+0000][gc,phases     ] GC(92)   Pre Evacuate Collection Set: 0.0ms
[2023-08-24T08:44:51.685+0000][gc,phases     ] GC(92)   Evacuate Collection Set: 14.5ms
[2023-08-24T08:44:51.685+0000][gc,phases     ] GC(92)   Post Evacuate Collection Set: 1.0ms
[2023-08-24T08:44:51.685+0000][gc,phases     ] GC(92)   Other: 0.4ms
[2023-08-24T08:44:51.685+0000][gc,heap       ] GC(92) Eden regions: 511->0(524)
[2023-08-24T08:44:51.685+0000][gc,heap       ] GC(92) Survivor regions: 23->26(67)
[2023-08-24T08:44:51.685+0000][gc,heap       ] GC(92) Old regions: 172->172
[2023-08-24T08:44:51.685+0000][gc,heap       ] GC(92) Humongous regions: 149->149
[2023-08-24T08:44:51.685+0000][gc,metaspace  ] GC(92) Metaspace: 117138K(123160K)->117138K(123160K) NonClass: 103433K(106956K)->103433K(106956K) Class: 13705K(16204K)->13705K(16204K)
[2023-08-24T08:44:51.685+0000][gc            ] GC(92) Pause Young (Normal) (G1 Evacuation Pause) 854M->345M(1024M) 15.913ms
[2023-08-24T08:44:51.685+0000][gc,cpu        ] GC(92) User=0.12s Sys=0.00s Real=0.02s
[2023-08-24T08:46:44.663+0000][gc,start      ] GC(93) Pause Young (Normal) (GCLocker Initiated GC)
[2023-08-24T08:46:44.663+0000][gc,task       ] GC(93) Using 8 workers of 8 for evacuation
[2023-08-24T08:46:44.681+0000][gc,phases     ] GC(93)   Pre Evacuate Collection Set: 0.1ms
[2023-08-24T08:46:44.681+0000][gc,phases     ] GC(93)   Evacuate Collection Set: 16.3ms
[2023-08-24T08:46:44.681+0000][gc,phases     ] GC(93)   Post Evacuate Collection Set: 1.1ms
[2023-08-24T08:46:44.681+0000][gc,phases     ] GC(93)   Other: 0.4ms
[2023-08-24T08:46:44.681+0000][gc,heap       ] GC(93) Eden regions: 466->0(528)
[2023-08-24T08:46:44.681+0000][gc,heap       ] GC(93) Survivor regions: 26->25(62)
[2023-08-24T08:46:44.681+0000][gc,heap       ] GC(93) Old regions: 172->172
[2023-08-24T08:46:44.681+0000][gc,heap       ] GC(93) Humongous regions: 149->149
[2023-08-24T08:46:44.681+0000][gc,metaspace  ] GC(93) Metaspace: 117144K(123160K)->117144K(123160K) NonClass: 103439K(106956K)->103439K(106956K) Class: 13705K(16204K)->13705K(16204K)
[2023-08-24T08:46:44.681+0000][gc            ] GC(93) Pause Young (Normal) (GCLocker Initiated GC) 810M->344M(1024M) 17.797ms
[2023-08-24T08:46:44.681+0000][gc,cpu        ] GC(93) User=0.13s Sys=0.00s Real=0.02s
[2023-08-24T08:48:51.484+0000][gc,start      ] GC(94) Pause Young (Normal) (G1 Evacuation Pause)
[2023-08-24T08:48:51.484+0000][gc,task       ] GC(94) Using 8 workers of 8 for evacuation
[2023-08-24T08:48:51.503+0000][gc,phases     ] GC(94)   Pre Evacuate Collection Set: 0.0ms
[2023-08-24T08:48:51.503+0000][gc,phases     ] GC(94)   Evacuate Collection Set: 17.1ms
[2023-08-24T08:48:51.503+0000][gc,phases     ] GC(94)   Post Evacuate Collection Set: 1.0ms
[2023-08-24T08:48:51.503+0000][gc,phases     ] GC(94)   Other: 0.3ms
[2023-08-24T08:48:51.503+0000][gc,heap       ] GC(94) Eden regions: 528->0(528)
[2023-08-24T08:48:51.503+0000][gc,heap       ] GC(94) Survivor regions: 25->25(70)
[2023-08-24T08:48:51.503+0000][gc,heap       ] GC(94) Old regions: 172->172
[2023-08-24T08:48:51.503+0000][gc,heap       ] GC(94) Humongous regions: 149->149
[2023-08-24T08:48:51.503+0000][gc,metaspace  ] GC(94) Metaspace: 117154K(123160K)->117154K(123160K) NonClass: 103449K(106956K)->103449K(106956K) Class: 13705K(16204K)->13705K(16204K)
[2023-08-24T08:48:51.503+0000][gc            ] GC(94) Pause Young (Normal) (G1 Evacuation Pause) 872M->344M(1024M) 18.571ms
[2023-08-24T08:48:51.503+0000][gc,cpu        ] GC(94) User=0.12s Sys=0.00s Real=0.02s
[2023-08-24T08:50:44.661+0000][gc,start      ] GC(95) Pause Young (Normal) (G1 Evacuation Pause)
[2023-08-24T08:50:44.661+0000][gc,task       ] GC(95) Using 8 workers of 8 for evacuation
[2023-08-24T08:50:44.678+0000][gc,phases     ] GC(95)   Pre Evacuate Collection Set: 0.0ms
[2023-08-24T08:50:44.678+0000][gc,phases     ] GC(95)   Evacuate Collection Set: 14.8ms
[2023-08-24T08:50:44.678+0000][gc,phases     ] GC(95)   Post Evacuate Collection Set: 1.0ms
[2023-08-24T08:50:44.678+0000][gc,phases     ] GC(95)   Other: 0.3ms
[2023-08-24T08:50:44.678+0000][gc,heap       ] GC(95) Eden regions: 427->0(543)
[2023-08-24T08:50:44.678+0000][gc,heap       ] GC(95) Survivor regions: 25->20(57)
[2023-08-24T08:50:44.678+0000][gc,heap       ] GC(95) Old regions: 172->178
[2023-08-24T08:50:44.678+0000][gc,heap       ] GC(95) Humongous regions: 149->149
[2023-08-24T08:50:44.678+0000][gc,metaspace  ] GC(95) Metaspace: 117190K(123160K)->117190K(123160K) NonClass: 103485K(106956K)->103485K(106956K) Class: 13705K(16204K)->13705K(16204K)
[2023-08-24T08:50:44.678+0000][gc            ] GC(95) Pause Young (Normal) (G1 Evacuation Pause) 771M->345M(1024M) 16.238ms
[2023-08-24T08:50:44.678+0000][gc,cpu        ] GC(95) User=0.12s Sys=0.00s Real=0.01s
[2023-08-24T08:52:59.664+0000][gc,start      ] GC(96) Pause Young (Normal) (GCLocker Initiated GC)
[2023-08-24T08:52:59.664+0000][gc,task       ] GC(96) Using 8 workers of 8 for evacuation
[2023-08-24T08:52:59.677+0000][gc,phases     ] GC(96)   Pre Evacuate Collection Set: 0.0ms
[2023-08-24T08:52:59.677+0000][gc,phases     ] GC(96)   Evacuate Collection Set: 12.1ms
[2023-08-24T08:52:59.677+0000][gc,phases     ] GC(96)   Post Evacuate Collection Set: 0.7ms
[2023-08-24T08:52:59.677+0000][gc,phases     ] GC(96)   Other: 0.3ms
[2023-08-24T08:52:59.677+0000][gc,heap       ] GC(96) Eden regions: 544->0(547)
[2023-08-24T08:52:59.677+0000][gc,heap       ] GC(96) Survivor regions: 20->13(71)
[2023-08-24T08:52:59.677+0000][gc,heap       ] GC(96) Old regions: 178->184
[2023-08-24T08:52:59.677+0000][gc,heap       ] GC(96) Humongous regions: 149->149
[2023-08-24T08:52:59.677+0000][gc,metaspace  ] GC(96) Metaspace: 117213K(123160K)->117213K(123160K) NonClass: 103508K(106956K)->103508K(106956K) Class: 13705K(16204K)->13705K(16204K)
[2023-08-24T08:52:59.677+0000][gc            ] GC(96) Pause Young (Normal) (GCLocker Initiated GC) 888M->345M(1024M) 13.277ms
[2023-08-24T08:52:59.677+0000][gc,cpu        ] GC(96) User=0.09s Sys=0.00s Real=0.01s
[2023-08-24T08:55:14.555+0000][gc,start      ] GC(97) Pause Young (Normal) (G1 Evacuation Pause)
[2023-08-24T08:55:14.555+0000][gc,task       ] GC(97) Using 8 workers of 8 for evacuation
[2023-08-24T08:55:14.563+0000][gc,phases     ] GC(97)   Pre Evacuate Collection Set: 0.1ms
[2023-08-24T08:55:14.563+0000][gc,phases     ] GC(97)   Evacuate Collection Set: 7.2ms
[2023-08-24T08:55:14.563+0000][gc,phases     ] GC(97)   Post Evacuate Collection Set: 0.7ms
[2023-08-24T08:55:14.563+0000][gc,phases     ] GC(97)   Other: 0.3ms
[2023-08-24T08:55:14.563+0000][gc,heap       ] GC(97) Eden regions: 547->0(549)
[2023-08-24T08:55:14.563+0000][gc,heap       ] GC(97) Survivor regions: 13->12(70)
[2023-08-24T08:55:14.563+0000][gc,heap       ] GC(97) Old regions: 184->185
[2023-08-24T08:55:14.563+0000][gc,heap       ] GC(97) Humongous regions: 149->149
[2023-08-24T08:55:14.563+0000][gc,metaspace  ] GC(97) Metaspace: 117238K(123160K)->117238K(123160K) NonClass: 103533K(106956K)->103533K(106956K) Class: 13705K(16204K)->13705K(16204K)
[2023-08-24T08:55:14.563+0000][gc            ] GC(97) Pause Young (Normal) (G1 Evacuation Pause) 892M->345M(1024M) 8.410ms
[2023-08-24T08:55:14.563+0000][gc,cpu        ] GC(97) User=0.06s Sys=0.01s Real=0.01s
[2023-08-24T08:57:29.662+0000][gc,start      ] GC(98) Pause Young (Normal) (G1 Evacuation Pause)
[2023-08-24T08:57:29.662+0000][gc,task       ] GC(98) Using 8 workers of 8 for evacuation
[2023-08-24T08:57:29.671+0000][gc,phases     ] GC(98)   Pre Evacuate Collection Set: 0.0ms
[2023-08-24T08:57:29.671+0000][gc,phases     ] GC(98)   Evacuate Collection Set: 7.9ms
[2023-08-24T08:57:29.671+0000][gc,phases     ] GC(98)   Post Evacuate Collection Set: 0.7ms
[2023-08-24T08:57:29.671+0000][gc,phases     ] GC(98)   Other: 0.4ms
[2023-08-24T08:57:29.671+0000][gc,heap       ] GC(98) Eden regions: 549->0(550)
[2023-08-24T08:57:29.671+0000][gc,heap       ] GC(98) Survivor regions: 12->12(71)
[2023-08-24T08:57:29.671+0000][gc,heap       ] GC(98) Old regions: 185->185
[2023-08-24T08:57:29.671+0000][gc,heap       ] GC(98) Humongous regions: 149->149
[2023-08-24T08:57:29.671+0000][gc,metaspace  ] GC(98) Metaspace: 117269K(123160K)->117269K(123160K) NonClass: 103564K(106956K)->103564K(106956K) Class: 13705K(16204K)->13705K(16204K)
[2023-08-24T08:57:29.671+0000][gc            ] GC(98) Pause Young (Normal) (G1 Evacuation Pause) 894M->345M(1024M) 9.108ms
[2023-08-24T08:57:29.671+0000][gc,cpu        ] GC(98) User=0.06s Sys=0.00s Real=0.01s
[2023-08-24T08:59:51.668+0000][gc,start      ] GC(99) Pause Young (Normal) (G1 Evacuation Pause)
[2023-08-24T08:59:51.668+0000][gc,task       ] GC(99) Using 8 workers of 8 for evacuation
[2023-08-24T08:59:51.676+0000][gc,phases     ] GC(99)   Pre Evacuate Collection Set: 0.0ms
[2023-08-24T08:59:51.676+0000][gc,phases     ] GC(99)   Evacuate Collection Set: 7.0ms
[2023-08-24T08:59:51.676+0000][gc,phases     ] GC(99)   Post Evacuate Collection Set: 0.7ms
[2023-08-24T08:59:51.676+0000][gc,phases     ] GC(99)   Other: 0.3ms
[2023-08-24T08:59:51.676+0000][gc,heap       ] GC(99) Eden regions: 550->0(552)
[2023-08-24T08:59:51.676+0000][gc,heap       ] GC(99) Survivor regions: 12->12(71)
[2023-08-24T08:59:51.676+0000][gc,heap       ] GC(99) Old regions: 185->185
[2023-08-24T08:59:51.676+0000][gc,heap       ] GC(99) Humongous regions: 149->149
[2023-08-24T08:59:51.676+0000][gc,metaspace  ] GC(99) Metaspace: 117327K(123160K)->117327K(123160K) NonClass: 103622K(106956K)->103622K(106956K) Class: 13705K(16204K)->13705K(16204K)
[2023-08-24T08:59:51.676+0000][gc            ] GC(99) Pause Young (Normal) (G1 Evacuation Pause) 895M->345M(1024M) 8.129ms
[2023-08-24T08:59:51.676+0000][gc,cpu        ] GC(99) User=0.05s Sys=0.00s Real=0.01s
[2023-08-24T09:02:14.544+0000][gc,start      ] GC(100) Pause Young (Normal) (GCLocker Initiated GC)
[2023-08-24T09:02:14.544+0000][gc,task       ] GC(100) Using 8 workers of 8 for evacuation
[2023-08-24T09:02:14.552+0000][gc,phases     ] GC(100)   Pre Evacuate Collection Set: 0.0ms
[2023-08-24T09:02:14.552+0000][gc,phases     ] GC(100)   Evacuate Collection Set: 7.2ms
[2023-08-24T09:02:14.552+0000][gc,phases     ] GC(100)   Post Evacuate Collection Set: 0.6ms
[2023-08-24T09:02:14.552+0000][gc,phases     ] GC(100)   Other: 0.3ms
[2023-08-24T09:02:14.552+0000][gc,heap       ] GC(100) Eden regions: 552->0(551)
[2023-08-24T09:02:14.552+0000][gc,heap       ] GC(100) Survivor regions: 12->13(71)
[2023-08-24T09:02:14.552+0000][gc,heap       ] GC(100) Old regions: 185->185
[2023-08-24T09:02:14.552+0000][gc,heap       ] GC(100) Humongous regions: 149->149
[2023-08-24T09:02:14.552+0000][gc,metaspace  ] GC(100) Metaspace: 117358K(123416K)->117358K(123416K) NonClass: 103653K(107212K)->103653K(107212K) Class: 13705K(16204K)->13705K(16204K)
[2023-08-24T09:02:14.552+0000][gc            ] GC(100) Pause Young (Normal) (GCLocker Initiated GC) 897M->346M(1024M) 8.325ms
[2023-08-24T09:02:14.552+0000][gc,cpu        ] GC(100) User=0.06s Sys=0.00s Real=0.01s
[2023-08-24T09:04:21.486+0000][gc,start      ] GC(101) Pause Young (Normal) (G1 Evacuation Pause)
[2023-08-24T09:04:21.486+0000][gc,task       ] GC(101) Using 8 workers of 8 for evacuation
[2023-08-24T09:04:21.494+0000][gc,phases     ] GC(101)   Pre Evacuate Collection Set: 0.0ms
[2023-08-24T09:04:21.494+0000][gc,phases     ] GC(101)   Evacuate Collection Set: 7.3ms
[2023-08-24T09:04:21.494+0000][gc,phases     ] GC(101)   Post Evacuate Collection Set: 0.7ms
[2023-08-24T09:04:21.494+0000][gc,phases     ] GC(101)   Other: 0.3ms
[2023-08-24T09:04:21.494+0000][gc,heap       ] GC(101) Eden regions: 551->0(552)
[2023-08-24T09:04:21.494+0000][gc,heap       ] GC(101) Survivor regions: 13->12(71)
[2023-08-24T09:04:21.494+0000][gc,heap       ] GC(101) Old regions: 185->186
[2023-08-24T09:04:21.494+0000][gc,heap       ] GC(101) Humongous regions: 149->149
[2023-08-24T09:04:21.494+0000][gc,metaspace  ] GC(101) Metaspace: 117389K(123416K)->117389K(123416K) NonClass: 103684K(107212K)->103684K(107212K) Class: 13705K(16204K)->13705K(16204K)
[2023-08-24T09:04:21.494+0000][gc            ] GC(101) Pause Young (Normal) (G1 Evacuation Pause) 897M->346M(1024M) 8.335ms
[2023-08-24T09:04:21.494+0000][gc,cpu        ] GC(101) User=0.05s Sys=0.00s Real=0.01s
[2023-08-24T09:06:44.513+0000][gc,start      ] GC(102) Pause Young (Normal) (G1 Evacuation Pause)
[2023-08-24T09:06:44.514+0000][gc,task       ] GC(102) Using 8 workers of 8 for evacuation
[2023-08-24T09:06:44.521+0000][gc,phases     ] GC(102)   Pre Evacuate Collection Set: 0.0ms
[2023-08-24T09:06:44.521+0000][gc,phases     ] GC(102)   Evacuate Collection Set: 6.6ms
[2023-08-24T09:06:44.521+0000][gc,phases     ] GC(102)   Post Evacuate Collection Set: 0.6ms
[2023-08-24T09:06:44.521+0000][gc,phases     ] GC(102)   Other: 0.3ms
[2023-08-24T09:06:44.521+0000][gc,heap       ] GC(102) Eden regions: 552->0(552)
[2023-08-24T09:06:44.521+0000][gc,heap       ] GC(102) Survivor regions: 12->13(71)
[2023-08-24T09:06:44.521+0000][gc,heap       ] GC(102) Old regions: 186->186
[2023-08-24T09:06:44.521+0000][gc,heap       ] GC(102) Humongous regions: 149->149
[2023-08-24T09:06:44.521+0000][gc,metaspace  ] GC(102) Metaspace: 117392K(123416K)->117392K(123416K) NonClass: 103687K(107212K)->103687K(107212K) Class: 13705K(16204K)->13705K(16204K)
[2023-08-24T09:06:44.521+0000][gc            ] GC(102) Pause Young (Normal) (G1 Evacuation Pause) 898M->346M(1024M) 7.597ms
[2023-08-24T09:06:44.521+0000][gc,cpu        ] GC(102) User=0.06s Sys=0.00s Real=0.01s
[2023-08-24T09:08:51.691+0000][gc,start      ] GC(103) Pause Young (Normal) (G1 Evacuation Pause)
[2023-08-24T09:08:51.691+0000][gc,task       ] GC(103) Using 8 workers of 8 for evacuation
[2023-08-24T09:08:51.700+0000][gc,phases     ] GC(103)   Pre Evacuate Collection Set: 0.0ms
[2023-08-24T09:08:51.700+0000][gc,phases     ] GC(103)   Evacuate Collection Set: 8.0ms
[2023-08-24T09:08:51.700+0000][gc,phases     ] GC(103)   Post Evacuate Collection Set: 0.7ms
[2023-08-24T09:08:51.700+0000][gc,phases     ] GC(103)   Other: 0.3ms
[2023-08-24T09:08:51.700+0000][gc,heap       ] GC(103) Eden regions: 552->0(545)
[2023-08-24T09:08:51.700+0000][gc,heap       ] GC(103) Survivor regions: 13->18(71)
[2023-08-24T09:08:51.700+0000][gc,heap       ] GC(103) Old regions: 186->186
[2023-08-24T09:08:51.700+0000][gc,heap       ] GC(103) Humongous regions: 149->149
[2023-08-24T09:08:51.700+0000][gc,metaspace  ] GC(103) Metaspace: 117408K(123416K)->117408K(123416K) NonClass: 103703K(107212K)->103703K(107212K) Class: 13705K(16204K)->13705K(16204K)
[2023-08-24T09:08:51.700+0000][gc            ] GC(103) Pause Young (Normal) (G1 Evacuation Pause) 898M->351M(1024M) 9.111ms
[2023-08-24T09:08:51.700+0000][gc,cpu        ] GC(103) User=0.06s Sys=0.00s Real=0.02s
[2023-08-24T09:11:15.260+0000][gc,start      ] GC(104) Pause Young (Normal) (G1 Evacuation Pause)
[2023-08-24T09:11:15.260+0000][gc,task       ] GC(104) Using 8 workers of 8 for evacuation
[2023-08-24T09:11:15.270+0000][gc,phases     ] GC(104)   Pre Evacuate Collection Set: 0.0ms
[2023-08-24T09:11:15.270+0000][gc,phases     ] GC(104)   Evacuate Collection Set: 8.3ms
[2023-08-24T09:11:15.270+0000][gc,phases     ] GC(104)   Post Evacuate Collection Set: 0.7ms
[2023-08-24T09:11:15.270+0000][gc,phases     ] GC(104)   Other: 0.3ms
[2023-08-24T09:11:15.270+0000][gc,heap       ] GC(104) Eden regions: 545->0(551)
[2023-08-24T09:11:15.270+0000][gc,heap       ] GC(104) Survivor regions: 18->13(71)
[2023-08-24T09:11:15.270+0000][gc,heap       ] GC(104) Old regions: 186->186
[2023-08-24T09:11:15.270+0000][gc,heap       ] GC(104) Humongous regions: 149->149
[2023-08-24T09:11:15.270+0000][gc,metaspace  ] GC(104) Metaspace: 117410K(123416K)->117410K(123416K) NonClass: 103705K(107212K)->103705K(107212K) Class: 13705K(16204K)->13705K(16204K)
[2023-08-24T09:11:15.270+0000][gc            ] GC(104) Pause Young (Normal) (G1 Evacuation Pause) 896M->347M(1024M) 9.483ms
[2023-08-24T09:11:15.270+0000][gc,cpu        ] GC(104) User=0.06s Sys=0.00s Real=0.00s
[2023-08-24T09:13:31.668+0000][gc,start      ] GC(105) Pause Young (Normal) (G1 Evacuation Pause)
[2023-08-24T09:13:31.668+0000][gc,task       ] GC(105) Using 8 workers of 8 for evacuation
[2023-08-24T09:13:31.676+0000][gc,phases     ] GC(105)   Pre Evacuate Collection Set: 0.0ms
[2023-08-24T09:13:31.676+0000][gc,phases     ] GC(105)   Evacuate Collection Set: 7.0ms
[2023-08-24T09:13:31.676+0000][gc,phases     ] GC(105)   Post Evacuate Collection Set: 0.7ms
[2023-08-24T09:13:31.676+0000][gc,phases     ] GC(105)   Other: 0.3ms
[2023-08-24T09:13:31.676+0000][gc,heap       ] GC(105) Eden regions: 551->0(552)
[2023-08-24T09:13:31.676+0000][gc,heap       ] GC(105) Survivor regions: 13->12(71)
[2023-08-24T09:13:31.676+0000][gc,heap       ] GC(105) Old regions: 186->187
[2023-08-24T09:13:31.676+0000][gc,heap       ] GC(105) Humongous regions: 149->149
[2023-08-24T09:13:31.676+0000][gc,metaspace  ] GC(105) Metaspace: 117411K(123416K)->117411K(123416K) NonClass: 103706K(107212K)->103706K(107212K) Class: 13705K(16204K)->13705K(16204K)
[2023-08-24T09:13:31.676+0000][gc            ] GC(105) Pause Young (Normal) (G1 Evacuation Pause) 898M->347M(1024M) 8.146ms
[2023-08-24T09:13:31.676+0000][gc,cpu        ] GC(105) User=0.05s Sys=0.00s Real=0.01s
[2023-08-24T09:15:44.556+0000][gc,start      ] GC(106) Pause Young (Normal) (G1 Evacuation Pause)
[2023-08-24T09:15:44.556+0000][gc,task       ] GC(106) Using 8 workers of 8 for evacuation
[2023-08-24T09:15:44.564+0000][gc,phases     ] GC(106)   Pre Evacuate Collection Set: 0.0ms
[2023-08-24T09:15:44.564+0000][gc,phases     ] GC(106)   Evacuate Collection Set: 7.4ms
[2023-08-24T09:15:44.564+0000][gc,phases     ] GC(106)   Post Evacuate Collection Set: 0.7ms
[2023-08-24T09:15:44.564+0000][gc,phases     ] GC(106)   Other: 0.3ms
[2023-08-24T09:15:44.564+0000][gc,heap       ] GC(106) Eden regions: 552->0(551)
[2023-08-24T09:15:44.564+0000][gc,heap       ] GC(106) Survivor regions: 12->14(71)
[2023-08-24T09:15:44.564+0000][gc,heap       ] GC(106) Old regions: 187->187
[2023-08-24T09:15:44.564+0000][gc,heap       ] GC(106) Humongous regions: 149->149
[2023-08-24T09:15:44.564+0000][gc,metaspace  ] GC(106) Metaspace: 117416K(123416K)->117416K(123416K) NonClass: 103711K(107212K)->103711K(107212K) Class: 13705K(16204K)->13705K(16204K)
[2023-08-24T09:15:44.565+0000][gc            ] GC(106) Pause Young (Normal) (G1 Evacuation Pause) 899M->348M(1024M) 8.447ms
[2023-08-24T09:15:44.565+0000][gc,cpu        ] GC(106) User=0.05s Sys=0.00s Real=0.01s
[2023-08-24T09:18:00.091+0000][gc,start      ] GC(107) Pause Young (Normal) (G1 Evacuation Pause)
[2023-08-24T09:18:00.091+0000][gc,task       ] GC(107) Using 8 workers of 8 for evacuation
[2023-08-24T09:18:00.099+0000][gc,phases     ] GC(107)   Pre Evacuate Collection Set: 0.1ms
[2023-08-24T09:18:00.099+0000][gc,phases     ] GC(107)   Evacuate Collection Set: 7.3ms
[2023-08-24T09:18:00.099+0000][gc,phases     ] GC(107)   Post Evacuate Collection Set: 0.7ms
[2023-08-24T09:18:00.099+0000][gc,phases     ] GC(107)   Other: 0.3ms
[2023-08-24T09:18:00.099+0000][gc,heap       ] GC(107) Eden regions: 551->0(551)
[2023-08-24T09:18:00.099+0000][gc,heap       ] GC(107) Survivor regions: 14->14(71)
[2023-08-24T09:18:00.099+0000][gc,heap       ] GC(107) Old regions: 187->187
[2023-08-24T09:18:00.099+0000][gc,heap       ] GC(107) Humongous regions: 149->149
[2023-08-24T09:18:00.099+0000][gc,metaspace  ] GC(107) Metaspace: 117418K(123416K)->117418K(123416K) NonClass: 103713K(107212K)->103713K(107212K) Class: 13705K(16204K)->13705K(16204K)
[2023-08-24T09:18:00.099+0000][gc            ] GC(107) Pause Young (Normal) (G1 Evacuation Pause) 899M->349M(1024M) 8.415ms
[2023-08-24T09:18:00.099+0000][gc,cpu        ] GC(107) User=0.06s Sys=0.00s Real=0.02s
[2023-08-24T09:20:29.659+0000][gc,start      ] GC(108) Pause Young (Normal) (G1 Evacuation Pause)
[2023-08-24T09:20:29.660+0000][gc,task       ] GC(108) Using 8 workers of 8 for evacuation
[2023-08-24T09:20:29.668+0000][gc,phases     ] GC(108)   Pre Evacuate Collection Set: 0.0ms
[2023-08-24T09:20:29.668+0000][gc,phases     ] GC(108)   Evacuate Collection Set: 7.0ms
[2023-08-24T09:20:29.668+0000][gc,phases     ] GC(108)   Post Evacuate Collection Set: 0.7ms
[2023-08-24T09:20:29.668+0000][gc,phases     ] GC(108)   Other: 0.4ms
[2023-08-24T09:20:29.668+0000][gc,heap       ] GC(108) Eden regions: 551->0(551)
[2023-08-24T09:20:29.668+0000][gc,heap       ] GC(108) Survivor regions: 14->14(71)
[2023-08-24T09:20:29.668+0000][gc,heap       ] GC(108) Old regions: 187->187
[2023-08-24T09:20:29.668+0000][gc,heap       ] GC(108) Humongous regions: 149->149
[2023-08-24T09:20:29.668+0000][gc,metaspace  ] GC(108) Metaspace: 117418K(123416K)->117418K(123416K) NonClass: 103713K(107212K)->103713K(107212K) Class: 13705K(16204K)->13705K(16204K)
[2023-08-24T09:20:29.668+0000][gc            ] GC(108) Pause Young (Normal) (G1 Evacuation Pause) 900M->349M(1024M) 8.162ms
[2023-08-24T09:20:29.668+0000][gc,cpu        ] GC(108) User=0.05s Sys=0.00s Real=0.00s
[2023-08-24T09:22:44.550+0000][gc,start      ] GC(109) Pause Young (Normal) (G1 Evacuation Pause)
[2023-08-24T09:22:44.550+0000][gc,task       ] GC(109) Using 8 workers of 8 for evacuation
[2023-08-24T09:22:44.559+0000][gc,phases     ] GC(109)   Pre Evacuate Collection Set: 0.0ms
[2023-08-24T09:22:44.559+0000][gc,phases     ] GC(109)   Evacuate Collection Set: 7.6ms
[2023-08-24T09:22:44.559+0000][gc,phases     ] GC(109)   Post Evacuate Collection Set: 0.7ms
[2023-08-24T09:22:44.559+0000][gc,phases     ] GC(109)   Other: 0.3ms
[2023-08-24T09:22:44.559+0000][gc,heap       ] GC(109) Eden regions: 551->0(552)
[2023-08-24T09:22:44.559+0000][gc,heap       ] GC(109) Survivor regions: 14->13(71)
[2023-08-24T09:22:44.559+0000][gc,heap       ] GC(109) Old regions: 187->188
[2023-08-24T09:22:44.559+0000][gc,heap       ] GC(109) Humongous regions: 149->149
[2023-08-24T09:22:44.559+0000][gc,metaspace  ] GC(109) Metaspace: 117423K(123416K)->117423K(123416K) NonClass: 103718K(107212K)->103718K(107212K) Class: 13705K(16204K)->13705K(16204K)
[2023-08-24T09:22:44.559+0000][gc            ] GC(109) Pause Young (Normal) (G1 Evacuation Pause) 900M->349M(1024M) 8.618ms
[2023-08-24T09:22:44.559+0000][gc,cpu        ] GC(109) User=0.06s Sys=0.00s Real=0.02s
[2023-08-24T09:24:51.488+0000][gc,start      ] GC(110) Pause Young (Normal) (G1 Evacuation Pause)
[2023-08-24T09:24:51.488+0000][gc,task       ] GC(110) Using 8 workers of 8 for evacuation
[2023-08-24T09:24:51.500+0000][gc,phases     ] GC(110)   Pre Evacuate Collection Set: 0.0ms
[2023-08-24T09:24:51.500+0000][gc,phases     ] GC(110)   Evacuate Collection Set: 10.7ms
[2023-08-24T09:24:51.500+0000][gc,phases     ] GC(110)   Post Evacuate Collection Set: 0.7ms
[2023-08-24T09:24:51.500+0000][gc,phases     ] GC(110)   Other: 0.4ms
[2023-08-24T09:24:51.500+0000][gc,heap       ] GC(110) Eden regions: 552->0(537)
[2023-08-24T09:24:51.500+0000][gc,heap       ] GC(110) Survivor regions: 13->20(71)
[2023-08-24T09:24:51.500+0000][gc,heap       ] GC(110) Old regions: 188->188
[2023-08-24T09:24:51.500+0000][gc,heap       ] GC(110) Humongous regions: 149->149
[2023-08-24T09:24:51.500+0000][gc,metaspace  ] GC(110) Metaspace: 117499K(123416K)->117499K(123416K) NonClass: 103775K(107212K)->103775K(107212K) Class: 13723K(16204K)->13723K(16204K)
[2023-08-24T09:24:51.500+0000][gc            ] GC(110) Pause Young (Normal) (G1 Evacuation Pause) 901M->356M(1024M) 11.817ms
[2023-08-24T09:24:51.500+0000][gc,cpu        ] GC(110) User=0.08s Sys=0.00s Real=0.02s
[2023-08-24T09:27:14.500+0000][gc,start      ] GC(111) Pause Young (Normal) (G1 Evacuation Pause)
[2023-08-24T09:27:14.500+0000][gc,task       ] GC(111) Using 8 workers of 8 for evacuation
[2023-08-24T09:27:14.511+0000][gc,phases     ] GC(111)   Pre Evacuate Collection Set: 0.0ms
[2023-08-24T09:27:14.511+0000][gc,phases     ] GC(111)   Evacuate Collection Set: 9.9ms
[2023-08-24T09:27:14.511+0000][gc,phases     ] GC(111)   Post Evacuate Collection Set: 0.6ms
[2023-08-24T09:27:14.511+0000][gc,phases     ] GC(111)   Other: 0.3ms
[2023-08-24T09:27:14.511+0000][gc,heap       ] GC(111) Eden regions: 537->0(540)
[2023-08-24T09:27:14.511+0000][gc,heap       ] GC(111) Survivor regions: 20->19(70)
[2023-08-24T09:27:14.511+0000][gc,heap       ] GC(111) Old regions: 188->188
[2023-08-24T09:27:14.511+0000][gc,heap       ] GC(111) Humongous regions: 149->149
[2023-08-24T09:27:14.511+0000][gc,metaspace  ] GC(111) Metaspace: 117505K(123416K)->117505K(123416K) NonClass: 103781K(107212K)->103781K(107212K) Class: 13723K(16204K)->13723K(16204K)
[2023-08-24T09:27:14.511+0000][gc            ] GC(111) Pause Young (Normal) (G1 Evacuation Pause) 893M->355M(1024M) 10.933ms
[2023-08-24T09:27:14.511+0000][gc,cpu        ] GC(111) User=0.08s Sys=0.01s Real=0.01s
[2023-08-24T09:29:29.662+0000][gc,start      ] GC(112) Pause Young (Normal) (G1 Evacuation Pause)
[2023-08-24T09:29:29.662+0000][gc,task       ] GC(112) Using 8 workers of 8 for evacuation
[2023-08-24T09:29:29.674+0000][gc,phases     ] GC(112)   Pre Evacuate Collection Set: 0.0ms
[2023-08-24T09:29:29.674+0000][gc,phases     ] GC(112)   Evacuate Collection Set: 10.8ms
[2023-08-24T09:29:29.674+0000][gc,phases     ] GC(112)   Post Evacuate Collection Set: 0.7ms
[2023-08-24T09:29:29.674+0000][gc,phases     ] GC(112)   Other: 0.3ms
[2023-08-24T09:29:29.674+0000][gc,heap       ] GC(112) Eden regions: 540->0(538)
[2023-08-24T09:29:29.674+0000][gc,heap       ] GC(112) Survivor regions: 19->21(70)
[2023-08-24T09:29:29.674+0000][gc,heap       ] GC(112) Old regions: 188->189
[2023-08-24T09:29:29.674+0000][gc,heap       ] GC(112) Humongous regions: 149->149
[2023-08-24T09:29:29.674+0000][gc,metaspace  ] GC(112) Metaspace: 117520K(123416K)->117520K(123416K) NonClass: 103796K(107212K)->103796K(107212K) Class: 13723K(16204K)->13723K(16204K)
[2023-08-24T09:29:29.674+0000][gc            ] GC(112) Pause Young (Normal) (G1 Evacuation Pause) 895M->357M(1024M) 11.922ms
[2023-08-24T09:29:29.674+0000][gc,cpu        ] GC(112) User=0.09s Sys=0.00s Real=0.01s
[2023-08-24T09:31:44.542+0000][gc,start      ] GC(113) Pause Young (Normal) (G1 Evacuation Pause)
[2023-08-24T09:31:44.542+0000][gc,task       ] GC(113) Using 8 workers of 8 for evacuation
[2023-08-24T09:31:44.554+0000][gc,phases     ] GC(113)   Pre Evacuate Collection Set: 0.0ms
[2023-08-24T09:31:44.554+0000][gc,phases     ] GC(113)   Evacuate Collection Set: 10.6ms
[2023-08-24T09:31:44.554+0000][gc,phases     ] GC(113)   Post Evacuate Collection Set: 0.6ms
[2023-08-24T09:31:44.554+0000][gc,phases     ] GC(113)   Other: 0.3ms
[2023-08-24T09:31:44.554+0000][gc,heap       ] GC(113) Eden regions: 538->0(540)
[2023-08-24T09:31:44.554+0000][gc,heap       ] GC(113) Survivor regions: 21->20(70)
[2023-08-24T09:31:44.554+0000][gc,heap       ] GC(113) Old regions: 189->189
[2023-08-24T09:31:44.554+0000][gc,heap       ] GC(113) Humongous regions: 149->149
[2023-08-24T09:31:44.554+0000][gc,metaspace  ] GC(113) Metaspace: 117779K(123672K)->117779K(123672K) NonClass: 104055K(107468K)->104055K(107468K) Class: 13723K(16204K)->13723K(16204K)
[2023-08-24T09:31:44.554+0000][gc            ] GC(113) Pause Young (Normal) (G1 Evacuation Pause) 895M->357M(1024M) 11.641ms
[2023-08-24T09:31:44.554+0000][gc,cpu        ] GC(113) User=0.08s Sys=0.00s Real=0.01s
[2023-08-24T09:33:46.347+0000][gc,start      ] GC(114) Pause Young (Normal) (G1 Evacuation Pause)
[2023-08-24T09:33:46.347+0000][gc,task       ] GC(114) Using 8 workers of 8 for evacuation
[2023-08-24T09:33:46.358+0000][gc,phases     ] GC(114)   Pre Evacuate Collection Set: 0.0ms
[2023-08-24T09:33:46.358+0000][gc,phases     ] GC(114)   Evacuate Collection Set: 10.0ms
[2023-08-24T09:33:46.358+0000][gc,phases     ] GC(114)   Post Evacuate Collection Set: 0.7ms
[2023-08-24T09:33:46.358+0000][gc,phases     ] GC(114)   Other: 0.3ms
[2023-08-24T09:33:46.358+0000][gc,heap       ] GC(114) Eden regions: 540->0(541)
[2023-08-24T09:33:46.358+0000][gc,heap       ] GC(114) Survivor regions: 20->20(70)
[2023-08-24T09:33:46.358+0000][gc,heap       ] GC(114) Old regions: 189->189
[2023-08-24T09:33:46.358+0000][gc,heap       ] GC(114) Humongous regions: 149->149
[2023-08-24T09:33:46.358+0000][gc,metaspace  ] GC(114) Metaspace: 117792K(123672K)->117792K(123672K) NonClass: 104069K(107468K)->104069K(107468K) Class: 13723K(16204K)->13723K(16204K)
[2023-08-24T09:33:46.358+0000][gc            ] GC(114) Pause Young (Normal) (G1 Evacuation Pause) 897M->357M(1024M) 11.122ms
[2023-08-24T09:33:46.358+0000][gc,cpu        ] GC(114) User=0.08s Sys=0.00s Real=0.01s
[2023-08-24T09:36:06.549+0000][gc,start      ] GC(115) Pause Young (Normal) (G1 Evacuation Pause)
[2023-08-24T09:36:06.549+0000][gc,task       ] GC(115) Using 8 workers of 8 for evacuation
[2023-08-24T09:36:06.560+0000][gc,phases     ] GC(115)   Pre Evacuate Collection Set: 0.0ms
[2023-08-24T09:36:06.560+0000][gc,phases     ] GC(115)   Evacuate Collection Set: 9.8ms
[2023-08-24T09:36:06.560+0000][gc,phases     ] GC(115)   Post Evacuate Collection Set: 0.7ms
[2023-08-24T09:36:06.560+0000][gc,phases     ] GC(115)   Other: 0.3ms
[2023-08-24T09:36:06.560+0000][gc,heap       ] GC(115) Eden regions: 541->0(543)
[2023-08-24T09:36:06.560+0000][gc,heap       ] GC(115) Survivor regions: 20->18(71)
[2023-08-24T09:36:06.560+0000][gc,heap       ] GC(115) Old regions: 189->190
[2023-08-24T09:36:06.560+0000][gc,heap       ] GC(115) Humongous regions: 149->149
[2023-08-24T09:36:06.560+0000][gc,metaspace  ] GC(115) Metaspace: 117796K(123672K)->117796K(123672K) NonClass: 104072K(107468K)->104072K(107468K) Class: 13723K(16204K)->13723K(16204K)
[2023-08-24T09:36:06.560+0000][gc            ] GC(115) Pause Young (Normal) (G1 Evacuation Pause) 898M->356M(1024M) 10.920ms
[2023-08-24T09:36:06.560+0000][gc,cpu        ] GC(115) User=0.07s Sys=0.01s Real=0.02s
[2023-08-24T09:38:29.660+0000][gc,start      ] GC(116) Pause Young (Normal) (G1 Evacuation Pause)
[2023-08-24T09:38:29.661+0000][gc,task       ] GC(116) Using 8 workers of 8 for evacuation
[2023-08-24T09:38:29.671+0000][gc,phases     ] GC(116)   Pre Evacuate Collection Set: 0.0ms
[2023-08-24T09:38:29.671+0000][gc,phases     ] GC(116)   Evacuate Collection Set: 9.5ms
[2023-08-24T09:38:29.671+0000][gc,phases     ] GC(116)   Post Evacuate Collection Set: 1.0ms
[2023-08-24T09:38:29.671+0000][gc,phases     ] GC(116)   Other: 0.3ms
[2023-08-24T09:38:29.671+0000][gc,heap       ] GC(116) Eden regions: 543->0(544)
[2023-08-24T09:38:29.671+0000][gc,heap       ] GC(116) Survivor regions: 18->18(71)
[2023-08-24T09:38:29.671+0000][gc,heap       ] GC(116) Old regions: 190->190
[2023-08-24T09:38:29.671+0000][gc,heap       ] GC(116) Humongous regions: 149->149
[2023-08-24T09:38:29.671+0000][gc,metaspace  ] GC(116) Metaspace: 117804K(123672K)->117804K(123672K) NonClass: 104081K(107468K)->104081K(107468K) Class: 13723K(16204K)->13723K(16204K)
[2023-08-24T09:38:29.671+0000][gc            ] GC(116) Pause Young (Normal) (G1 Evacuation Pause) 899M->356M(1024M) 10.928ms
[2023-08-24T09:38:29.671+0000][gc,cpu        ] GC(116) User=0.08s Sys=0.01s Real=0.01s
[2023-08-24T09:40:44.500+0000][gc,start      ] GC(117) Pause Young (Normal) (G1 Evacuation Pause)
[2023-08-24T09:40:44.500+0000][gc,task       ] GC(117) Using 8 workers of 8 for evacuation
[2023-08-24T09:40:44.511+0000][gc,phases     ] GC(117)   Pre Evacuate Collection Set: 0.0ms
[2023-08-24T09:40:44.511+0000][gc,phases     ] GC(117)   Evacuate Collection Set: 9.6ms
[2023-08-24T09:40:44.511+0000][gc,phases     ] GC(117)   Post Evacuate Collection Set: 0.6ms
[2023-08-24T09:40:44.511+0000][gc,phases     ] GC(117)   Other: 0.3ms
[2023-08-24T09:40:44.511+0000][gc,heap       ] GC(117) Eden regions: 544->0(545)
[2023-08-24T09:40:44.511+0000][gc,heap       ] GC(117) Survivor regions: 18->17(71)
[2023-08-24T09:40:44.511+0000][gc,heap       ] GC(117) Old regions: 190->190
[2023-08-24T09:40:44.511+0000][gc,heap       ] GC(117) Humongous regions: 149->149
[2023-08-24T09:40:44.511+0000][gc,metaspace  ] GC(117) Metaspace: 117811K(123672K)->117811K(123672K) NonClass: 104087K(107468K)->104087K(107468K) Class: 13723K(16204K)->13723K(16204K)
[2023-08-24T09:40:44.511+0000][gc            ] GC(117) Pause Young (Normal) (G1 Evacuation Pause) 900M->355M(1024M) 10.671ms
[2023-08-24T09:40:44.511+0000][gc,cpu        ] GC(117) User=0.08s Sys=0.00s Real=0.00s
[2023-08-24T09:42:52.173+0000][gc,start      ] GC(118) Pause Young (Normal) (G1 Evacuation Pause)
[2023-08-24T09:42:52.173+0000][gc,task       ] GC(118) Using 8 workers of 8 for evacuation
[2023-08-24T09:42:52.185+0000][gc,phases     ] GC(118)   Pre Evacuate Collection Set: 0.0ms
[2023-08-24T09:42:52.185+0000][gc,phases     ] GC(118)   Evacuate Collection Set: 10.2ms
[2023-08-24T09:42:52.185+0000][gc,phases     ] GC(118)   Post Evacuate Collection Set: 0.8ms
[2023-08-24T09:42:52.185+0000][gc,phases     ] GC(118)   Other: 0.4ms
[2023-08-24T09:42:52.185+0000][gc,heap       ] GC(118) Eden regions: 545->0(544)
[2023-08-24T09:42:52.185+0000][gc,heap       ] GC(118) Survivor regions: 17->18(71)
[2023-08-24T09:42:52.185+0000][gc,heap       ] GC(118) Old regions: 190->191
[2023-08-24T09:42:52.185+0000][gc,heap       ] GC(118) Humongous regions: 149->149
[2023-08-24T09:42:52.185+0000][gc,metaspace  ] GC(118) Metaspace: 117815K(123672K)->117815K(123672K) NonClass: 104091K(107468K)->104091K(107468K) Class: 13723K(16204K)->13723K(16204K)
[2023-08-24T09:42:52.185+0000][gc            ] GC(118) Pause Young (Normal) (G1 Evacuation Pause) 900M->357M(1024M) 11.439ms
[2023-08-24T09:42:52.185+0000][gc,cpu        ] GC(118) User=0.08s Sys=0.00s Real=0.01s
[2023-08-24T09:45:14.493+0000][gc,start      ] GC(119) Pause Young (Normal) (G1 Evacuation Pause)
[2023-08-24T09:45:14.493+0000][gc,task       ] GC(119) Using 8 workers of 8 for evacuation
[2023-08-24T09:45:14.504+0000][gc,phases     ] GC(119)   Pre Evacuate Collection Set: 0.0ms
[2023-08-24T09:45:14.504+0000][gc,phases     ] GC(119)   Evacuate Collection Set: 10.0ms
[2023-08-24T09:45:14.504+0000][gc,phases     ] GC(119)   Post Evacuate Collection Set: 0.7ms
[2023-08-24T09:45:14.504+0000][gc,phases     ] GC(119)   Other: 0.3ms
[2023-08-24T09:45:14.504+0000][gc,heap       ] GC(119) Eden regions: 544->0(543)
[2023-08-24T09:45:14.504+0000][gc,heap       ] GC(119) Survivor regions: 18->19(71)
[2023-08-24T09:45:14.504+0000][gc,heap       ] GC(119) Old regions: 191->191
[2023-08-24T09:45:14.504+0000][gc,heap       ] GC(119) Humongous regions: 149->149
[2023-08-24T09:45:14.504+0000][gc,metaspace  ] GC(119) Metaspace: 117819K(123672K)->117819K(123672K) NonClass: 104095K(107468K)->104095K(107468K) Class: 13723K(16204K)->13723K(16204K)
[2023-08-24T09:45:14.504+0000][gc            ] GC(119) Pause Young (Normal) (G1 Evacuation Pause) 901M->357M(1024M) 11.228ms
[2023-08-24T09:45:14.504+0000][gc,cpu        ] GC(119) User=0.08s Sys=0.00s Real=0.01s
[2023-08-24T09:47:36.483+0000][gc,start      ] GC(120) Pause Young (Normal) (G1 Evacuation Pause)
[2023-08-24T09:47:36.483+0000][gc,task       ] GC(120) Using 8 workers of 8 for evacuation
[2023-08-24T09:47:36.494+0000][gc,phases     ] GC(120)   Pre Evacuate Collection Set: 0.0ms
[2023-08-24T09:47:36.494+0000][gc,phases     ] GC(120)   Evacuate Collection Set: 9.8ms
[2023-08-24T09:47:36.494+0000][gc,phases     ] GC(120)   Post Evacuate Collection Set: 0.8ms
[2023-08-24T09:47:36.494+0000][gc,phases     ] GC(120)   Other: 0.3ms
[2023-08-24T09:47:36.494+0000][gc,heap       ] GC(120) Eden regions: 543->0(544)
[2023-08-24T09:47:36.494+0000][gc,heap       ] GC(120) Survivor regions: 19->17(71)
[2023-08-24T09:47:36.494+0000][gc,heap       ] GC(120) Old regions: 191->192
[2023-08-24T09:47:36.494+0000][gc,heap       ] GC(120) Humongous regions: 149->149
[2023-08-24T09:47:36.494+0000][gc,metaspace  ] GC(120) Metaspace: 117833K(123672K)->117833K(123672K) NonClass: 104110K(107468K)->104110K(107468K) Class: 13723K(16204K)->13723K(16204K)
[2023-08-24T09:47:36.494+0000][gc            ] GC(120) Pause Young (Normal) (G1 Evacuation Pause) 900M->356M(1024M) 11.070ms
[2023-08-24T09:47:36.494+0000][gc,cpu        ] GC(120) User=0.08s Sys=0.01s Real=0.01s
[2023-08-24T09:49:44.664+0000][gc,start      ] GC(121) Pause Young (Normal) (G1 Evacuation Pause)
[2023-08-24T09:49:44.664+0000][gc,task       ] GC(121) Using 8 workers of 8 for evacuation
[2023-08-24T09:49:44.675+0000][gc,phases     ] GC(121)   Pre Evacuate Collection Set: 0.0ms
[2023-08-24T09:49:44.675+0000][gc,phases     ] GC(121)   Evacuate Collection Set: 10.5ms
[2023-08-24T09:49:44.675+0000][gc,phases     ] GC(121)   Post Evacuate Collection Set: 0.8ms
[2023-08-24T09:49:44.675+0000][gc,phases     ] GC(121)   Other: 0.4ms
[2023-08-24T09:49:44.675+0000][gc,heap       ] GC(121) Eden regions: 544->0(542)
[2023-08-24T09:49:44.675+0000][gc,heap       ] GC(121) Survivor regions: 17->19(71)
[2023-08-24T09:49:44.675+0000][gc,heap       ] GC(121) Old regions: 192->192
[2023-08-24T09:49:44.675+0000][gc,heap       ] GC(121) Humongous regions: 149->149
[2023-08-24T09:49:44.675+0000][gc,metaspace  ] GC(121) Metaspace: 117839K(123672K)->117839K(123672K) NonClass: 104116K(107468K)->104116K(107468K) Class: 13723K(16204K)->13723K(16204K)
[2023-08-24T09:49:44.675+0000][gc            ] GC(121) Pause Young (Normal) (G1 Evacuation Pause) 900M->359M(1024M) 11.780ms
[2023-08-24T09:49:44.675+0000][gc,cpu        ] GC(121) User=0.08s Sys=0.00s Real=0.01s
[2023-08-24T09:51:59.655+0000][gc,start      ] GC(122) Pause Young (Normal) (G1 Evacuation Pause)
[2023-08-24T09:51:59.655+0000][gc,task       ] GC(122) Using 8 workers of 8 for evacuation
[2023-08-24T09:51:59.666+0000][gc,phases     ] GC(122)   Pre Evacuate Collection Set: 0.0ms
[2023-08-24T09:51:59.666+0000][gc,phases     ] GC(122)   Evacuate Collection Set: 10.1ms
[2023-08-24T09:51:59.666+0000][gc,phases     ] GC(122)   Post Evacuate Collection Set: 0.7ms
[2023-08-24T09:51:59.666+0000][gc,phases     ] GC(122)   Other: 0.4ms
[2023-08-24T09:51:59.666+0000][gc,heap       ] GC(122) Eden regions: 542->0(544)
[2023-08-24T09:51:59.666+0000][gc,heap       ] GC(122) Survivor regions: 19->17(71)
[2023-08-24T09:51:59.666+0000][gc,heap       ] GC(122) Old regions: 192->192
[2023-08-24T09:51:59.666+0000][gc,heap       ] GC(122) Humongous regions: 149->149
[2023-08-24T09:51:59.666+0000][gc,metaspace  ] GC(122) Metaspace: 117865K(123672K)->117865K(123672K) NonClass: 104142K(107468K)->104142K(107468K) Class: 13723K(16204K)->13723K(16204K)
[2023-08-24T09:51:59.666+0000][gc            ] GC(122) Pause Young (Normal) (G1 Evacuation Pause) 901M->357M(1024M) 11.329ms
[2023-08-24T09:51:59.666+0000][gc,cpu        ] GC(122) User=0.08s Sys=0.00s Real=0.01s
[2023-08-24T09:54:14.520+0000][gc,start      ] GC(123) Pause Young (Normal) (G1 Evacuation Pause)
[2023-08-24T09:54:14.520+0000][gc,task       ] GC(123) Using 8 workers of 8 for evacuation
[2023-08-24T09:54:14.531+0000][gc,phases     ] GC(123)   Pre Evacuate Collection Set: 0.0ms
[2023-08-24T09:54:14.531+0000][gc,phases     ] GC(123)   Evacuate Collection Set: 9.5ms
[2023-08-24T09:54:14.531+0000][gc,phases     ] GC(123)   Post Evacuate Collection Set: 0.7ms
[2023-08-24T09:54:14.531+0000][gc,phases     ] GC(123)   Other: 0.3ms
[2023-08-24T09:54:14.531+0000][gc,heap       ] GC(123) Eden regions: 544->0(544)
[2023-08-24T09:54:14.531+0000][gc,heap       ] GC(123) Survivor regions: 17->17(71)
[2023-08-24T09:54:14.531+0000][gc,heap       ] GC(123) Old regions: 192->193
[2023-08-24T09:54:14.531+0000][gc,heap       ] GC(123) Humongous regions: 149->149
[2023-08-24T09:54:14.531+0000][gc,metaspace  ] GC(123) Metaspace: 117867K(123672K)->117867K(123672K) NonClass: 104144K(107468K)->104144K(107468K) Class: 13723K(16204K)->13723K(16204K)
[2023-08-24T09:54:14.531+0000][gc            ] GC(123) Pause Young (Normal) (G1 Evacuation Pause) 901M->358M(1024M) 10.631ms
[2023-08-24T09:54:14.531+0000][gc,cpu        ] GC(123) User=0.08s Sys=0.00s Real=0.01s
[2023-08-24T09:56:42.568+0000][gc,start      ] GC(124) Pause Young (Normal) (G1 Evacuation Pause)
[2023-08-24T09:56:42.568+0000][gc,task       ] GC(124) Using 8 workers of 8 for evacuation
[2023-08-24T09:56:42.579+0000][gc,phases     ] GC(124)   Pre Evacuate Collection Set: 0.0ms
[2023-08-24T09:56:42.579+0000][gc,phases     ] GC(124)   Evacuate Collection Set: 9.7ms
[2023-08-24T09:56:42.579+0000][gc,phases     ] GC(124)   Post Evacuate Collection Set: 0.8ms
[2023-08-24T09:56:42.579+0000][gc,phases     ] GC(124)   Other: 0.4ms
[2023-08-24T09:56:42.579+0000][gc,heap       ] GC(124) Eden regions: 544->0(544)
[2023-08-24T09:56:42.579+0000][gc,heap       ] GC(124) Survivor regions: 17->17(71)
[2023-08-24T09:56:42.579+0000][gc,heap       ] GC(124) Old regions: 193->193
[2023-08-24T09:56:42.579+0000][gc,heap       ] GC(124) Humongous regions: 149->149
[2023-08-24T09:56:42.579+0000][gc,metaspace  ] GC(124) Metaspace: 117870K(123672K)->117870K(123672K) NonClass: 104147K(107468K)->104147K(107468K) Class: 13723K(16204K)->13723K(16204K)
[2023-08-24T09:56:42.579+0000][gc            ] GC(124) Pause Young (Normal) (G1 Evacuation Pause) 902M->357M(1024M) 10.915ms
[2023-08-24T09:56:42.579+0000][gc,cpu        ] GC(124) User=0.08s Sys=0.01s Real=0.02s
[2023-08-24T09:58:44.663+0000][gc,start      ] GC(125) Pause Young (Normal) (G1 Evacuation Pause)
[2023-08-24T09:58:44.663+0000][gc,task       ] GC(125) Using 8 workers of 8 for evacuation
[2023-08-24T09:58:44.673+0000][gc,phases     ] GC(125)   Pre Evacuate Collection Set: 0.0ms
[2023-08-24T09:58:44.673+0000][gc,phases     ] GC(125)   Evacuate Collection Set: 9.1ms
[2023-08-24T09:58:44.673+0000][gc,phases     ] GC(125)   Post Evacuate Collection Set: 0.7ms
[2023-08-24T09:58:44.673+0000][gc,phases     ] GC(125)   Other: 0.4ms
[2023-08-24T09:58:44.673+0000][gc,heap       ] GC(125) Eden regions: 544->0(544)
[2023-08-24T09:58:44.673+0000][gc,heap       ] GC(125) Survivor regions: 17->13(71)
[2023-08-24T09:58:44.673+0000][gc,heap       ] GC(125) Old regions: 193->197
[2023-08-24T09:58:44.673+0000][gc,heap       ] GC(125) Humongous regions: 149->149
[2023-08-24T09:58:44.673+0000][gc,metaspace  ] GC(125) Metaspace: 117877K(123672K)->117877K(123672K) NonClass: 104153K(107468K)->104153K(107468K) Class: 13723K(16204K)->13723K(16204K)
[2023-08-24T09:58:44.673+0000][gc            ] GC(125) Pause Young (Normal) (G1 Evacuation Pause) 901M->357M(1024M) 10.282ms
[2023-08-24T09:58:44.673+0000][gc,cpu        ] GC(125) User=0.07s Sys=0.00s Real=0.01s
[2023-08-24T10:01:00.808+0000][gc,start      ] GC(126) Pause Young (Normal) (G1 Evacuation Pause)
[2023-08-24T10:01:00.808+0000][gc,task       ] GC(126) Using 8 workers of 8 for evacuation
[2023-08-24T10:01:00.816+0000][gc,phases     ] GC(126)   Pre Evacuate Collection Set: 0.0ms
[2023-08-24T10:01:00.816+0000][gc,phases     ] GC(126)   Evacuate Collection Set: 6.4ms
[2023-08-24T10:01:00.816+0000][gc,phases     ] GC(126)   Post Evacuate Collection Set: 0.7ms
[2023-08-24T10:01:00.816+0000][gc,phases     ] GC(126)   Other: 0.3ms
[2023-08-24T10:01:00.816+0000][gc,heap       ] GC(126) Eden regions: 544->0(543)
[2023-08-24T10:01:00.816+0000][gc,heap       ] GC(126) Survivor regions: 13->13(70)
[2023-08-24T10:01:00.816+0000][gc,heap       ] GC(126) Old regions: 197->198
[2023-08-24T10:01:00.816+0000][gc,heap       ] GC(126) Humongous regions: 149->149
[2023-08-24T10:01:00.816+0000][gc,metaspace  ] GC(126) Metaspace: 117877K(123672K)->117877K(123672K) NonClass: 104153K(107468K)->104153K(107468K) Class: 13723K(16204K)->13723K(16204K)
[2023-08-24T10:01:00.816+0000][gc            ] GC(126) Pause Young (Normal) (G1 Evacuation Pause) 901M->358M(1024M) 7.562ms
[2023-08-24T10:01:00.816+0000][gc,cpu        ] GC(126) User=0.05s Sys=0.01s Real=0.01s
[2023-08-24T10:03:14.633+0000][gc,start      ] GC(127) Pause Young (Normal) (G1 Evacuation Pause)
[2023-08-24T10:03:14.633+0000][gc,task       ] GC(127) Using 8 workers of 8 for evacuation
[2023-08-24T10:03:14.643+0000][gc,phases     ] GC(127)   Pre Evacuate Collection Set: 0.0ms
[2023-08-24T10:03:14.643+0000][gc,phases     ] GC(127)   Evacuate Collection Set: 8.9ms
[2023-08-24T10:03:14.643+0000][gc,phases     ] GC(127)   Post Evacuate Collection Set: 0.6ms
[2023-08-24T10:03:14.643+0000][gc,phases     ] GC(127)   Other: 0.3ms
[2023-08-24T10:03:14.643+0000][gc,heap       ] GC(127) Eden regions: 543->0(543)
[2023-08-24T10:03:14.643+0000][gc,heap       ] GC(127) Survivor regions: 13->13(70)
[2023-08-24T10:03:14.643+0000][gc,heap       ] GC(127) Old regions: 198->198
[2023-08-24T10:03:14.643+0000][gc,heap       ] GC(127) Humongous regions: 149->149
[2023-08-24T10:03:14.643+0000][gc,metaspace  ] GC(127) Metaspace: 117886K(123672K)->117886K(123672K) NonClass: 104162K(107468K)->104162K(107468K) Class: 13723K(16204K)->13723K(16204K)
[2023-08-24T10:03:14.643+0000][gc            ] GC(127) Pause Young (Normal) (G1 Evacuation Pause) 901M->359M(1024M) 10.043ms
[2023-08-24T10:03:14.643+0000][gc,cpu        ] GC(127) User=0.07s Sys=0.00s Real=0.01s
[2023-08-24T10:05:43.980+0000][gc,start      ] GC(128) Pause Young (Normal) (G1 Evacuation Pause)
[2023-08-24T10:05:43.980+0000][gc,task       ] GC(128) Using 8 workers of 8 for evacuation
[2023-08-24T10:05:43.987+0000][gc,phases     ] GC(128)   Pre Evacuate Collection Set: 0.0ms
[2023-08-24T10:05:43.987+0000][gc,phases     ] GC(128)   Evacuate Collection Set: 6.2ms
[2023-08-24T10:05:43.987+0000][gc,phases     ] GC(128)   Post Evacuate Collection Set: 0.7ms
[2023-08-24T10:05:43.987+0000][gc,phases     ] GC(128)   Other: 0.3ms
[2023-08-24T10:05:43.987+0000][gc,heap       ] GC(128) Eden regions: 543->0(544)
[2023-08-24T10:05:43.987+0000][gc,heap       ] GC(128) Survivor regions: 13->12(70)
[2023-08-24T10:05:43.987+0000][gc,heap       ] GC(128) Old regions: 198->198
[2023-08-24T10:05:43.987+0000][gc,heap       ] GC(128) Humongous regions: 149->149
[2023-08-24T10:05:43.987+0000][gc,metaspace  ] GC(128) Metaspace: 117887K(123672K)->117887K(123672K) NonClass: 104163K(107468K)->104163K(107468K) Class: 13723K(16204K)->13723K(16204K)
[2023-08-24T10:05:43.987+0000][gc            ] GC(128) Pause Young (Normal) (G1 Evacuation Pause) 902M->358M(1024M) 7.400ms
[2023-08-24T10:05:43.987+0000][gc,cpu        ] GC(128) User=0.05s Sys=0.00s Real=0.00s
[2023-08-24T10:07:50.693+0000][gc,start      ] GC(129) Pause Young (Normal) (G1 Evacuation Pause)
[2023-08-24T10:07:50.693+0000][gc,task       ] GC(129) Using 8 workers of 8 for evacuation
[2023-08-24T10:07:50.701+0000][gc,phases     ] GC(129)   Pre Evacuate Collection Set: 0.0ms
[2023-08-24T10:07:50.701+0000][gc,phases     ] GC(129)   Evacuate Collection Set: 6.5ms
[2023-08-24T10:07:50.701+0000][gc,phases     ] GC(129)   Post Evacuate Collection Set: 0.7ms
[2023-08-24T10:07:50.701+0000][gc,phases     ] GC(129)   Other: 0.3ms
[2023-08-24T10:07:50.701+0000][gc,heap       ] GC(129) Eden regions: 544->0(543)
[2023-08-24T10:07:50.701+0000][gc,heap       ] GC(129) Survivor regions: 12->13(70)
[2023-08-24T10:07:50.701+0000][gc,heap       ] GC(129) Old regions: 198->198
[2023-08-24T10:07:50.701+0000][gc,heap       ] GC(129) Humongous regions: 149->149
[2023-08-24T10:07:50.701+0000][gc,metaspace  ] GC(129) Metaspace: 117888K(123672K)->117888K(123672K) NonClass: 104164K(107468K)->104164K(107468K) Class: 13723K(16204K)->13723K(16204K)
[2023-08-24T10:07:50.701+0000][gc            ] GC(129) Pause Young (Normal) (G1 Evacuation Pause) 902M->359M(1024M) 7.606ms
[2023-08-24T10:07:50.701+0000][gc,cpu        ] GC(129) User=0.05s Sys=0.01s Real=0.01s
[2023-08-24T10:10:06.478+0000][gc,start      ] GC(130) Pause Young (Normal) (G1 Evacuation Pause)
[2023-08-24T10:10:06.478+0000][gc,task       ] GC(130) Using 8 workers of 8 for evacuation
[2023-08-24T10:10:06.488+0000][gc,phases     ] GC(130)   Pre Evacuate Collection Set: 0.0ms
[2023-08-24T10:10:06.488+0000][gc,phases     ] GC(130)   Evacuate Collection Set: 8.8ms
[2023-08-24T10:10:06.488+0000][gc,phases     ] GC(130)   Post Evacuate Collection Set: 0.7ms
[2023-08-24T10:10:06.488+0000][gc,phases     ] GC(130)   Other: 0.4ms
[2023-08-24T10:10:06.488+0000][gc,heap       ] GC(130) Eden regions: 543->0(542)
[2023-08-24T10:10:06.488+0000][gc,heap       ] GC(130) Survivor regions: 13->13(70)
[2023-08-24T10:10:06.488+0000][gc,heap       ] GC(130) Old regions: 198->199
[2023-08-24T10:10:06.488+0000][gc,heap       ] GC(130) Humongous regions: 149->149
[2023-08-24T10:10:06.488+0000][gc,metaspace  ] GC(130) Metaspace: 117891K(123672K)->117891K(123672K) NonClass: 104167K(107468K)->104167K(107468K) Class: 13723K(16204K)->13723K(16204K)
[2023-08-24T10:10:06.488+0000][gc            ] GC(130) Pause Young (Normal) (G1 Evacuation Pause) 902M->359M(1024M) 10.043ms
[2023-08-24T10:10:06.488+0000][gc,cpu        ] GC(130) User=0.07s Sys=0.00s Real=0.01s
[2023-08-24T10:12:15.256+0000][gc,start      ] GC(131) Pause Young (Normal) (G1 Evacuation Pause)
[2023-08-24T10:12:15.256+0000][gc,task       ] GC(131) Using 8 workers of 8 for evacuation
[2023-08-24T10:12:15.265+0000][gc,phases     ] GC(131)   Pre Evacuate Collection Set: 0.0ms
[2023-08-24T10:12:15.265+0000][gc,phases     ] GC(131)   Evacuate Collection Set: 7.8ms
[2023-08-24T10:12:15.265+0000][gc,phases     ] GC(131)   Post Evacuate Collection Set: 0.6ms
[2023-08-24T10:12:15.265+0000][gc,phases     ] GC(131)   Other: 0.3ms
[2023-08-24T10:12:15.265+0000][gc,heap       ] GC(131) Eden regions: 542->0(543)
[2023-08-24T10:12:15.265+0000][gc,heap       ] GC(131) Survivor regions: 13->12(70)
[2023-08-24T10:12:15.265+0000][gc,heap       ] GC(131) Old regions: 199->199
[2023-08-24T10:12:15.265+0000][gc,heap       ] GC(131) Humongous regions: 149->149
[2023-08-24T10:12:15.265+0000][gc,metaspace  ] GC(131) Metaspace: 117894K(123672K)->117894K(123672K) NonClass: 104170K(107468K)->104170K(107468K) Class: 13723K(16204K)->13723K(16204K)
[2023-08-24T10:12:15.265+0000][gc            ] GC(131) Pause Young (Normal) (G1 Evacuation Pause) 901M->359M(1024M) 8.821ms
[2023-08-24T10:12:15.265+0000][gc,cpu        ] GC(131) User=0.07s Sys=0.00s Real=0.01s
[2023-08-24T10:14:44.535+0000][gc,start      ] GC(132) Pause Young (Normal) (G1 Evacuation Pause)
[2023-08-24T10:14:44.535+0000][gc,task       ] GC(132) Using 8 workers of 8 for evacuation
[2023-08-24T10:14:44.543+0000][gc,phases     ] GC(132)   Pre Evacuate Collection Set: 0.0ms
[2023-08-24T10:14:44.543+0000][gc,phases     ] GC(132)   Evacuate Collection Set: 6.7ms
[2023-08-24T10:14:44.543+0000][gc,phases     ] GC(132)   Post Evacuate Collection Set: 0.6ms
[2023-08-24T10:14:44.543+0000][gc,phases     ] GC(132)   Other: 0.4ms
[2023-08-24T10:14:44.543+0000][gc,heap       ] GC(132) Eden regions: 543->0(542)
[2023-08-24T10:14:44.543+0000][gc,heap       ] GC(132) Survivor regions: 12->13(70)
[2023-08-24T10:14:44.543+0000][gc,heap       ] GC(132) Old regions: 199->199
[2023-08-24T10:14:44.543+0000][gc,heap       ] GC(132) Humongous regions: 149->149
[2023-08-24T10:14:44.543+0000][gc,metaspace  ] GC(132) Metaspace: 117897K(123672K)->117897K(123672K) NonClass: 104174K(107468K)->104174K(107468K) Class: 13723K(16204K)->13723K(16204K)
[2023-08-24T10:14:44.543+0000][gc            ] GC(132) Pause Young (Normal) (G1 Evacuation Pause) 902M->360M(1024M) 7.782ms
[2023-08-24T10:14:44.543+0000][gc,cpu        ] GC(132) User=0.05s Sys=0.01s Real=0.01s
[2023-08-24T10:16:51.484+0000][gc,start      ] GC(133) Pause Young (Normal) (G1 Evacuation Pause)
[2023-08-24T10:16:51.484+0000][gc,task       ] GC(133) Using 8 workers of 8 for evacuation
[2023-08-24T10:16:51.492+0000][gc,phases     ] GC(133)   Pre Evacuate Collection Set: 0.0ms
[2023-08-24T10:16:51.492+0000][gc,phases     ] GC(133)   Evacuate Collection Set: 7.0ms
[2023-08-24T10:16:51.492+0000][gc,phases     ] GC(133)   Post Evacuate Collection Set: 0.7ms
[2023-08-24T10:16:51.492+0000][gc,phases     ] GC(133)   Other: 0.4ms
[2023-08-24T10:16:51.492+0000][gc,heap       ] GC(133) Eden regions: 542->0(542)
[2023-08-24T10:16:51.492+0000][gc,heap       ] GC(133) Survivor regions: 13->13(70)
[2023-08-24T10:16:51.492+0000][gc,heap       ] GC(133) Old regions: 199->199
[2023-08-24T10:16:51.492+0000][gc,heap       ] GC(133) Humongous regions: 149->149
[2023-08-24T10:16:51.492+0000][gc,metaspace  ] GC(133) Metaspace: 117898K(123672K)->117898K(123672K) NonClass: 104174K(107468K)->104174K(107468K) Class: 13723K(16204K)->13723K(16204K)
[2023-08-24T10:16:51.492+0000][gc            ] GC(133) Pause Young (Normal) (G1 Evacuation Pause) 902M->360M(1024M) 8.211ms
[2023-08-24T10:16:51.492+0000][gc,cpu        ] GC(133) User=0.05s Sys=0.00s Real=0.01s
[2023-08-24T10:19:08.529+0000][gc,start      ] GC(134) Pause Young (Normal) (G1 Evacuation Pause)
[2023-08-24T10:19:08.529+0000][gc,task       ] GC(134) Using 8 workers of 8 for evacuation
[2023-08-24T10:19:08.537+0000][gc,phases     ] GC(134)   Pre Evacuate Collection Set: 0.0ms
[2023-08-24T10:19:08.537+0000][gc,phases     ] GC(134)   Evacuate Collection Set: 6.8ms
[2023-08-24T10:19:08.537+0000][gc,phases     ] GC(134)   Post Evacuate Collection Set: 0.7ms
[2023-08-24T10:19:08.537+0000][gc,phases     ] GC(134)   Other: 0.3ms
[2023-08-24T10:19:08.537+0000][gc,heap       ] GC(134) Eden regions: 542->0(543)
[2023-08-24T10:19:08.537+0000][gc,heap       ] GC(134) Survivor regions: 13->12(70)
[2023-08-24T10:19:08.537+0000][gc,heap       ] GC(134) Old regions: 199->200
[2023-08-24T10:19:08.537+0000][gc,heap       ] GC(134) Humongous regions: 149->149
[2023-08-24T10:19:08.537+0000][gc,metaspace  ] GC(134) Metaspace: 117898K(123672K)->117898K(123672K) NonClass: 104174K(107468K)->104174K(107468K) Class: 13723K(16204K)->13723K(16204K)
[2023-08-24T10:19:08.537+0000][gc            ] GC(134) Pause Young (Normal) (G1 Evacuation Pause) 902M->359M(1024M) 7.881ms
[2023-08-24T10:19:08.537+0000][gc,cpu        ] GC(134) User=0.05s Sys=0.00s Real=0.01s
[2023-08-24T10:21:15.256+0000][gc,start      ] GC(135) Pause Young (Normal) (G1 Evacuation Pause)
[2023-08-24T10:21:15.256+0000][gc,task       ] GC(135) Using 8 workers of 8 for evacuation
[2023-08-24T10:21:15.264+0000][gc,phases     ] GC(135)   Pre Evacuate Collection Set: 0.0ms
[2023-08-24T10:21:15.264+0000][gc,phases     ] GC(135)   Evacuate Collection Set: 6.7ms
[2023-08-24T10:21:15.264+0000][gc,phases     ] GC(135)   Post Evacuate Collection Set: 0.7ms
[2023-08-24T10:21:15.264+0000][gc,phases     ] GC(135)   Other: 0.3ms
[2023-08-24T10:21:15.264+0000][gc,heap       ] GC(135) Eden regions: 543->0(542)
[2023-08-24T10:21:15.264+0000][gc,heap       ] GC(135) Survivor regions: 12->13(70)
[2023-08-24T10:21:15.264+0000][gc,heap       ] GC(135) Old regions: 200->200
[2023-08-24T10:21:15.264+0000][gc,heap       ] GC(135) Humongous regions: 149->149
[2023-08-24T10:21:15.264+0000][gc,metaspace  ] GC(135) Metaspace: 117898K(123672K)->117898K(123672K) NonClass: 104175K(107468K)->104175K(107468K) Class: 13723K(16204K)->13723K(16204K)
[2023-08-24T10:21:15.264+0000][gc            ] GC(135) Pause Young (Normal) (G1 Evacuation Pause) 902M->360M(1024M) 7.784ms
[2023-08-24T10:21:15.264+0000][gc,cpu        ] GC(135) User=0.05s Sys=0.00s Real=0.01s
[2023-08-24T10:23:38.527+0000][gc,start      ] GC(136) Pause Young (Normal) (G1 Evacuation Pause)
[2023-08-24T10:23:38.527+0000][gc,task       ] GC(136) Using 8 workers of 8 for evacuation
[2023-08-24T10:23:38.539+0000][gc,phases     ] GC(136)   Pre Evacuate Collection Set: 0.0ms
[2023-08-24T10:23:38.539+0000][gc,phases     ] GC(136)   Evacuate Collection Set: 11.0ms
[2023-08-24T10:23:38.539+0000][gc,phases     ] GC(136)   Post Evacuate Collection Set: 0.7ms
[2023-08-24T10:23:38.539+0000][gc,phases     ] GC(136)   Other: 0.4ms
[2023-08-24T10:23:38.539+0000][gc,heap       ] GC(136) Eden regions: 542->0(526)
[2023-08-24T10:23:38.539+0000][gc,heap       ] GC(136) Survivor regions: 13->20(70)
[2023-08-24T10:23:38.539+0000][gc,heap       ] GC(136) Old regions: 200->200
[2023-08-24T10:23:38.539+0000][gc,heap       ] GC(136) Humongous regions: 149->149
[2023-08-24T10:23:38.539+0000][gc,metaspace  ] GC(136) Metaspace: 117913K(123672K)->117913K(123672K) NonClass: 104190K(107468K)->104190K(107468K) Class: 13723K(16204K)->13723K(16204K)
[2023-08-24T10:23:38.539+0000][gc            ] GC(136) Pause Young (Normal) (G1 Evacuation Pause) 902M->367M(1024M) 12.202ms
[2023-08-24T10:23:38.539+0000][gc,cpu        ] GC(136) User=0.08s Sys=0.00s Real=0.02s
[2023-08-24T10:25:44.512+0000][gc,start      ] GC(137) Pause Young (Normal) (G1 Evacuation Pause)
[2023-08-24T10:25:44.512+0000][gc,task       ] GC(137) Using 8 workers of 8 for evacuation
[2023-08-24T10:25:44.528+0000][gc,phases     ] GC(137)   Pre Evacuate Collection Set: 0.0ms
[2023-08-24T10:25:44.528+0000][gc,phases     ] GC(137)   Evacuate Collection Set: 14.6ms
[2023-08-24T10:25:44.528+0000][gc,phases     ] GC(137)   Post Evacuate Collection Set: 0.7ms
[2023-08-24T10:25:44.528+0000][gc,phases     ] GC(137)   Other: 0.3ms
[2023-08-24T10:25:44.528+0000][gc,heap       ] GC(137) Eden regions: 526->0(527)
[2023-08-24T10:25:44.528+0000][gc,heap       ] GC(137) Survivor regions: 20->20(69)
[2023-08-24T10:25:44.528+0000][gc,heap       ] GC(137) Old regions: 200->200
[2023-08-24T10:25:44.528+0000][gc,heap       ] GC(137) Humongous regions: 149->149
[2023-08-24T10:25:44.528+0000][gc,metaspace  ] GC(137) Metaspace: 117918K(123672K)->117918K(123672K) NonClass: 104192K(107468K)->104192K(107468K) Class: 13725K(16204K)->13725K(16204K)
[2023-08-24T10:25:44.528+0000][gc            ] GC(137) Pause Young (Normal) (G1 Evacuation Pause) 893M->368M(1024M) 15.751ms
[2023-08-24T10:25:44.528+0000][gc,cpu        ] GC(137) User=0.10s Sys=0.00s Real=0.01s
[2023-08-24T10:27:45.261+0000][gc,start      ] GC(138) Pause Young (Normal) (G1 Evacuation Pause)
[2023-08-24T10:27:45.261+0000][gc,task       ] GC(138) Using 8 workers of 8 for evacuation
[2023-08-24T10:27:45.273+0000][gc,phases     ] GC(138)   Pre Evacuate Collection Set: 0.0ms
[2023-08-24T10:27:45.273+0000][gc,phases     ] GC(138)   Evacuate Collection Set: 11.0ms
[2023-08-24T10:27:45.273+0000][gc,phases     ] GC(138)   Post Evacuate Collection Set: 0.7ms
[2023-08-24T10:27:45.273+0000][gc,phases     ] GC(138)   Other: 0.4ms
[2023-08-24T10:27:45.273+0000][gc,heap       ] GC(138) Eden regions: 527->0(529)
[2023-08-24T10:27:45.273+0000][gc,heap       ] GC(138) Survivor regions: 20->19(69)
[2023-08-24T10:27:45.273+0000][gc,heap       ] GC(138) Old regions: 200->201
[2023-08-24T10:27:45.273+0000][gc,heap       ] GC(138) Humongous regions: 149->149
[2023-08-24T10:27:45.273+0000][gc,metaspace  ] GC(138) Metaspace: 117922K(123672K)->117922K(123672K) NonClass: 104196K(107468K)->104196K(107468K) Class: 13725K(16204K)->13725K(16204K)
[2023-08-24T10:27:45.273+0000][gc            ] GC(138) Pause Young (Normal) (G1 Evacuation Pause) 895M->368M(1024M) 12.181ms
[2023-08-24T10:27:45.273+0000][gc,cpu        ] GC(138) User=0.09s Sys=0.00s Real=0.01s
[2023-08-24T10:29:59.661+0000][gc,start      ] GC(139) Pause Young (Normal) (G1 Evacuation Pause)
[2023-08-24T10:29:59.661+0000][gc,task       ] GC(139) Using 8 workers of 8 for evacuation
[2023-08-24T10:29:59.672+0000][gc,phases     ] GC(139)   Pre Evacuate Collection Set: 0.0ms
[2023-08-24T10:29:59.672+0000][gc,phases     ] GC(139)   Evacuate Collection Set: 10.4ms
[2023-08-24T10:29:59.672+0000][gc,phases     ] GC(139)   Post Evacuate Collection Set: 0.7ms
[2023-08-24T10:29:59.672+0000][gc,phases     ] GC(139)   Other: 0.3ms
[2023-08-24T10:29:59.672+0000][gc,heap       ] GC(139) Eden regions: 529->0(529)
[2023-08-24T10:29:59.672+0000][gc,heap       ] GC(139) Survivor regions: 19->20(69)
[2023-08-24T10:29:59.672+0000][gc,heap       ] GC(139) Old regions: 201->201
[2023-08-24T10:29:59.672+0000][gc,heap       ] GC(139) Humongous regions: 149->149
[2023-08-24T10:29:59.672+0000][gc,metaspace  ] GC(139) Metaspace: 117924K(123672K)->117924K(123672K) NonClass: 104198K(107468K)->104198K(107468K) Class: 13725K(16204K)->13725K(16204K)
[2023-08-24T10:29:59.672+0000][gc            ] GC(139) Pause Young (Normal) (G1 Evacuation Pause) 897M->368M(1024M) 11.519ms
[2023-08-24T10:29:59.672+0000][gc,cpu        ] GC(139) User=0.09s Sys=0.00s Real=0.01s
[2023-08-24T10:32:21.480+0000][gc,start      ] GC(140) Pause Young (Normal) (G1 Evacuation Pause)
[2023-08-24T10:32:21.480+0000][gc,task       ] GC(140) Using 8 workers of 8 for evacuation
[2023-08-24T10:32:21.491+0000][gc,phases     ] GC(140)   Pre Evacuate Collection Set: 0.0ms
[2023-08-24T10:32:21.491+0000][gc,phases     ] GC(140)   Evacuate Collection Set: 10.4ms
[2023-08-24T10:32:21.491+0000][gc,phases     ] GC(140)   Post Evacuate Collection Set: 0.7ms
[2023-08-24T10:32:21.491+0000][gc,phases     ] GC(140)   Other: 0.3ms
[2023-08-24T10:32:21.491+0000][gc,heap       ] GC(140) Eden regions: 529->0(530)
[2023-08-24T10:32:21.491+0000][gc,heap       ] GC(140) Survivor regions: 20->20(69)
[2023-08-24T10:32:21.491+0000][gc,heap       ] GC(140) Old regions: 201->201
[2023-08-24T10:32:21.491+0000][gc,heap       ] GC(140) Humongous regions: 149->149
[2023-08-24T10:32:21.491+0000][gc,metaspace  ] GC(140) Metaspace: 117926K(123672K)->117926K(123672K) NonClass: 104200K(107468K)->104200K(107468K) Class: 13725K(16204K)->13725K(16204K)
[2023-08-24T10:32:21.491+0000][gc            ] GC(140) Pause Young (Normal) (G1 Evacuation Pause) 897M->369M(1024M) 11.556ms
[2023-08-24T10:32:21.491+0000][gc,cpu        ] GC(140) User=0.08s Sys=0.00s Real=0.01s
[2023-08-24T10:34:29.626+0000][gc,start      ] GC(141) Pause Young (Normal) (G1 Evacuation Pause)
[2023-08-24T10:34:29.626+0000][gc,task       ] GC(141) Using 8 workers of 8 for evacuation
[2023-08-24T10:34:29.638+0000][gc,phases     ] GC(141)   Pre Evacuate Collection Set: 0.0ms
[2023-08-24T10:34:29.638+0000][gc,phases     ] GC(141)   Evacuate Collection Set: 10.5ms
[2023-08-24T10:34:29.638+0000][gc,phases     ] GC(141)   Post Evacuate Collection Set: 0.9ms
[2023-08-24T10:34:29.638+0000][gc,phases     ] GC(141)   Other: 0.4ms
[2023-08-24T10:34:29.638+0000][gc,heap       ] GC(141) Eden regions: 530->0(530)
[2023-08-24T10:34:29.638+0000][gc,heap       ] GC(141) Survivor regions: 20->20(69)
[2023-08-24T10:34:29.638+0000][gc,heap       ] GC(141) Old regions: 201->201
[2023-08-24T10:34:29.638+0000][gc,heap       ] GC(141) Humongous regions: 149->149
[2023-08-24T10:34:29.638+0000][gc,metaspace  ] GC(141) Metaspace: 117931K(123672K)->117931K(123672K) NonClass: 104205K(107468K)->104205K(107468K) Class: 13725K(16204K)->13725K(16204K)
[2023-08-24T10:34:29.638+0000][gc            ] GC(141) Pause Young (Normal) (G1 Evacuation Pause) 899M->369M(1024M) 11.923ms
[2023-08-24T10:34:29.638+0000][gc,cpu        ] GC(141) User=0.08s Sys=0.00s Real=0.01s
[2023-08-24T10:36:41.709+0000][gc,start      ] GC(142) Pause Young (Normal) (G1 Evacuation Pause)
[2023-08-24T10:36:41.709+0000][gc,task       ] GC(142) Using 8 workers of 8 for evacuation
[2023-08-24T10:36:41.720+0000][gc,phases     ] GC(142)   Pre Evacuate Collection Set: 0.0ms
[2023-08-24T10:36:41.720+0000][gc,phases     ] GC(142)   Evacuate Collection Set: 10.3ms
[2023-08-24T10:36:41.720+0000][gc,phases     ] GC(142)   Post Evacuate Collection Set: 0.6ms
[2023-08-24T10:36:41.720+0000][gc,phases     ] GC(142)   Other: 0.3ms
[2023-08-24T10:36:41.720+0000][gc,heap       ] GC(142) Eden regions: 530->0(531)
[2023-08-24T10:36:41.720+0000][gc,heap       ] GC(142) Survivor regions: 20->19(69)
[2023-08-24T10:36:41.720+0000][gc,heap       ] GC(142) Old regions: 201->202
[2023-08-24T10:36:41.720+0000][gc,heap       ] GC(142) Humongous regions: 149->149
[2023-08-24T10:36:41.720+0000][gc,metaspace  ] GC(142) Metaspace: 118007K(123928K)->118007K(123928K) NonClass: 104281K(107724K)->104281K(107724K) Class: 13725K(16204K)->13725K(16204K)
[2023-08-24T10:36:41.720+0000][gc            ] GC(142) Pause Young (Normal) (G1 Evacuation Pause) 899M->369M(1024M) 11.395ms
[2023-08-24T10:36:41.720+0000][gc,cpu        ] GC(142) User=0.08s Sys=0.00s Real=0.02s
[2023-08-24T10:38:51.669+0000][gc,start      ] GC(143) Pause Young (Normal) (G1 Evacuation Pause)
[2023-08-24T10:38:51.669+0000][gc,task       ] GC(143) Using 8 workers of 8 for evacuation
[2023-08-24T10:38:51.680+0000][gc,phases     ] GC(143)   Pre Evacuate Collection Set: 0.0ms
[2023-08-24T10:38:51.680+0000][gc,phases     ] GC(143)   Evacuate Collection Set: 10.1ms
[2023-08-24T10:38:51.680+0000][gc,phases     ] GC(143)   Post Evacuate Collection Set: 0.7ms
[2023-08-24T10:38:51.680+0000][gc,phases     ] GC(143)   Other: 0.3ms
[2023-08-24T10:38:51.680+0000][gc,heap       ] GC(143) Eden regions: 531->0(530)
[2023-08-24T10:38:51.680+0000][gc,heap       ] GC(143) Survivor regions: 19->20(69)
[2023-08-24T10:38:51.680+0000][gc,heap       ] GC(143) Old regions: 202->202
[2023-08-24T10:38:51.680+0000][gc,heap       ] GC(143) Humongous regions: 149->149
[2023-08-24T10:38:51.680+0000][gc,metaspace  ] GC(143) Metaspace: 118007K(123928K)->118007K(123928K) NonClass: 104281K(107724K)->104281K(107724K) Class: 13725K(16204K)->13725K(16204K)
[2023-08-24T10:38:51.680+0000][gc            ] GC(143) Pause Young (Normal) (G1 Evacuation Pause) 900M->369M(1024M) 11.269ms
[2023-08-24T10:38:51.680+0000][gc,cpu        ] GC(143) User=0.09s Sys=0.00s Real=0.02s
[2023-08-24T10:41:03.671+0000][gc,start      ] GC(144) Pause Young (Normal) (G1 Evacuation Pause)
[2023-08-24T10:41:03.671+0000][gc,task       ] GC(144) Using 8 workers of 8 for evacuation
[2023-08-24T10:41:03.683+0000][gc,phases     ] GC(144)   Pre Evacuate Collection Set: 0.0ms
[2023-08-24T10:41:03.683+0000][gc,phases     ] GC(144)   Evacuate Collection Set: 10.0ms
[2023-08-24T10:41:03.683+0000][gc,phases     ] GC(144)   Post Evacuate Collection Set: 0.8ms
[2023-08-24T10:41:03.683+0000][gc,phases     ] GC(144)   Other: 0.3ms
[2023-08-24T10:41:03.683+0000][gc,heap       ] GC(144) Eden regions: 530->0(533)
[2023-08-24T10:41:03.683+0000][gc,heap       ] GC(144) Survivor regions: 20->18(69)
[2023-08-24T10:41:03.683+0000][gc,heap       ] GC(144) Old regions: 202->202
[2023-08-24T10:41:03.683+0000][gc,heap       ] GC(144) Humongous regions: 149->149
[2023-08-24T10:41:03.683+0000][gc,metaspace  ] GC(144) Metaspace: 118047K(123928K)->118047K(123928K) NonClass: 104321K(107724K)->104321K(107724K) Class: 13725K(16204K)->13725K(16204K)
[2023-08-24T10:41:03.683+0000][gc            ] GC(144) Pause Young (Normal) (G1 Evacuation Pause) 899M->368M(1024M) 11.241ms
[2023-08-24T10:41:03.683+0000][gc,cpu        ] GC(144) User=0.08s Sys=0.00s Real=0.01s
[2023-08-24T10:43:14.528+0000][gc,start      ] GC(145) Pause Young (Normal) (G1 Evacuation Pause)
[2023-08-24T10:43:14.528+0000][gc,task       ] GC(145) Using 8 workers of 8 for evacuation
[2023-08-24T10:43:14.539+0000][gc,phases     ] GC(145)   Pre Evacuate Collection Set: 0.1ms
[2023-08-24T10:43:14.540+0000][gc,phases     ] GC(145)   Evacuate Collection Set: 10.0ms
[2023-08-24T10:43:14.540+0000][gc,phases     ] GC(145)   Post Evacuate Collection Set: 0.7ms
[2023-08-24T10:43:14.540+0000][gc,phases     ] GC(145)   Other: 0.4ms
[2023-08-24T10:43:14.540+0000][gc,heap       ] GC(145) Eden regions: 533->0(532)
[2023-08-24T10:43:14.540+0000][gc,heap       ] GC(145) Survivor regions: 18->18(69)
[2023-08-24T10:43:14.540+0000][gc,heap       ] GC(145) Old regions: 202->203
[2023-08-24T10:43:14.540+0000][gc,heap       ] GC(145) Humongous regions: 149->149
[2023-08-24T10:43:14.540+0000][gc,metaspace  ] GC(145) Metaspace: 118047K(123928K)->118047K(123928K) NonClass: 104321K(107724K)->104321K(107724K) Class: 13725K(16204K)->13725K(16204K)
[2023-08-24T10:43:14.540+0000][gc            ] GC(145) Pause Young (Normal) (G1 Evacuation Pause) 901M->369M(1024M) 11.145ms
[2023-08-24T10:43:14.540+0000][gc,cpu        ] GC(145) User=0.08s Sys=0.00s Real=0.02s
[2023-08-24T10:45:17.855+0000][gc,start      ] GC(146) Pause Young (Normal) (G1 Evacuation Pause)
[2023-08-24T10:45:17.855+0000][gc,task       ] GC(146) Using 8 workers of 8 for evacuation
[2023-08-24T10:45:17.867+0000][gc,phases     ] GC(146)   Pre Evacuate Collection Set: 0.0ms
[2023-08-24T10:45:17.867+0000][gc,phases     ] GC(146)   Evacuate Collection Set: 10.4ms
[2023-08-24T10:45:17.867+0000][gc,phases     ] GC(146)   Post Evacuate Collection Set: 0.7ms
[2023-08-24T10:45:17.867+0000][gc,phases     ] GC(146)   Other: 0.3ms
[2023-08-24T10:45:17.867+0000][gc,heap       ] GC(146) Eden regions: 532->0(532)
[2023-08-24T10:45:17.867+0000][gc,heap       ] GC(146) Survivor regions: 18->18(69)
[2023-08-24T10:45:17.867+0000][gc,heap       ] GC(146) Old regions: 203->203
[2023-08-24T10:45:17.867+0000][gc,heap       ] GC(146) Humongous regions: 149->149
[2023-08-24T10:45:17.867+0000][gc,metaspace  ] GC(146) Metaspace: 118047K(123928K)->118047K(123928K) NonClass: 104321K(107724K)->104321K(107724K) Class: 13725K(16204K)->13725K(16204K)
[2023-08-24T10:45:17.867+0000][gc            ] GC(146) Pause Young (Normal) (G1 Evacuation Pause) 901M->369M(1024M) 11.520ms
[2023-08-24T10:45:17.867+0000][gc,cpu        ] GC(146) User=0.08s Sys=0.00s Real=0.01s
[2023-08-24T10:47:44.519+0000][gc,start      ] GC(147) Pause Young (Normal) (G1 Evacuation Pause)
[2023-08-24T10:47:44.519+0000][gc,task       ] GC(147) Using 8 workers of 8 for evacuation
[2023-08-24T10:47:44.530+0000][gc,phases     ] GC(147)   Pre Evacuate Collection Set: 0.1ms
[2023-08-24T10:47:44.530+0000][gc,phases     ] GC(147)   Evacuate Collection Set: 9.9ms
[2023-08-24T10:47:44.530+0000][gc,phases     ] GC(147)   Post Evacuate Collection Set: 0.7ms
[2023-08-24T10:47:44.530+0000][gc,phases     ] GC(147)   Other: 0.3ms
[2023-08-24T10:47:44.530+0000][gc,heap       ] GC(147) Eden regions: 532->0(532)
[2023-08-24T10:47:44.530+0000][gc,heap       ] GC(147) Survivor regions: 18->18(69)
[2023-08-24T10:47:44.530+0000][gc,heap       ] GC(147) Old regions: 203->203
[2023-08-24T10:47:44.530+0000][gc,heap       ] GC(147) Humongous regions: 149->149
[2023-08-24T10:47:44.530+0000][gc,metaspace  ] GC(147) Metaspace: 118053K(123928K)->118053K(123928K) NonClass: 104327K(107724K)->104327K(107724K) Class: 13725K(16204K)->13725K(16204K)
[2023-08-24T10:47:44.530+0000][gc            ] GC(147) Pause Young (Normal) (G1 Evacuation Pause) 901M->369M(1024M) 11.012ms
[2023-08-24T10:47:44.530+0000][gc,cpu        ] GC(147) User=0.08s Sys=0.00s Real=0.00s
[2023-08-24T10:49:45.960+0000][gc,start      ] GC(148) Pause Young (Normal) (G1 Evacuation Pause)
[2023-08-24T10:49:45.960+0000][gc,task       ] GC(148) Using 8 workers of 8 for evacuation
[2023-08-24T10:49:45.971+0000][gc,phases     ] GC(148)   Pre Evacuate Collection Set: 0.0ms
[2023-08-24T10:49:45.971+0000][gc,phases     ] GC(148)   Evacuate Collection Set: 9.8ms
[2023-08-24T10:49:45.971+0000][gc,phases     ] GC(148)   Post Evacuate Collection Set: 0.8ms
[2023-08-24T10:49:45.971+0000][gc,phases     ] GC(148)   Other: 0.4ms
[2023-08-24T10:49:45.971+0000][gc,heap       ] GC(148) Eden regions: 532->0(532)
[2023-08-24T10:49:45.971+0000][gc,heap       ] GC(148) Survivor regions: 18->17(69)
[2023-08-24T10:49:45.971+0000][gc,heap       ] GC(148) Old regions: 203->204
[2023-08-24T10:49:45.971+0000][gc,heap       ] GC(148) Humongous regions: 149->149
[2023-08-24T10:49:45.971+0000][gc,metaspace  ] GC(148) Metaspace: 118065K(123928K)->118065K(123928K) NonClass: 104339K(107724K)->104339K(107724K) Class: 13725K(16204K)->13725K(16204K)
[2023-08-24T10:49:45.971+0000][gc            ] GC(148) Pause Young (Normal) (G1 Evacuation Pause) 901M->369M(1024M) 11.094ms
[2023-08-24T10:49:45.971+0000][gc,cpu        ] GC(148) User=0.08s Sys=0.01s Real=0.00s
[2023-08-24T10:51:59.635+0000][gc,start      ] GC(149) Pause Young (Normal) (G1 Evacuation Pause)
[2023-08-24T10:51:59.635+0000][gc,task       ] GC(149) Using 8 workers of 8 for evacuation
[2023-08-24T10:51:59.645+0000][gc,phases     ] GC(149)   Pre Evacuate Collection Set: 0.0ms
[2023-08-24T10:51:59.645+0000][gc,phases     ] GC(149)   Evacuate Collection Set: 9.6ms
[2023-08-24T10:51:59.645+0000][gc,phases     ] GC(149)   Post Evacuate Collection Set: 0.6ms
[2023-08-24T10:51:59.645+0000][gc,phases     ] GC(149)   Other: 0.4ms
[2023-08-24T10:51:59.645+0000][gc,heap       ] GC(149) Eden regions: 532->0(532)
[2023-08-24T10:51:59.645+0000][gc,heap       ] GC(149) Survivor regions: 17->17(69)
[2023-08-24T10:51:59.645+0000][gc,heap       ] GC(149) Old regions: 204->204
[2023-08-24T10:51:59.645+0000][gc,heap       ] GC(149) Humongous regions: 149->149
[2023-08-24T10:51:59.645+0000][gc,metaspace  ] GC(149) Metaspace: 118074K(123928K)->118074K(123928K) NonClass: 104348K(107724K)->104348K(107724K) Class: 13725K(16204K)->13725K(16204K)
[2023-08-24T10:51:59.645+0000][gc            ] GC(149) Pause Young (Normal) (G1 Evacuation Pause) 901M->369M(1024M) 10.735ms
[2023-08-24T10:51:59.645+0000][gc,cpu        ] GC(149) User=0.08s Sys=0.00s Real=0.01s
[2023-08-24T10:54:10.197+0000][gc,start      ] GC(150) Pause Young (Normal) (G1 Evacuation Pause)
[2023-08-24T10:54:10.197+0000][gc,task       ] GC(150) Using 8 workers of 8 for evacuation
[2023-08-24T10:54:10.207+0000][gc,phases     ] GC(150)   Pre Evacuate Collection Set: 0.0ms
[2023-08-24T10:54:10.207+0000][gc,phases     ] GC(150)   Evacuate Collection Set: 9.2ms
[2023-08-24T10:54:10.207+0000][gc,phases     ] GC(150)   Post Evacuate Collection Set: 0.7ms
[2023-08-24T10:54:10.207+0000][gc,phases     ] GC(150)   Other: 0.3ms
[2023-08-24T10:54:10.207+0000][gc,heap       ] GC(150) Eden regions: 532->0(534)
[2023-08-24T10:54:10.207+0000][gc,heap       ] GC(150) Survivor regions: 17->16(69)
[2023-08-24T10:54:10.207+0000][gc,heap       ] GC(150) Old regions: 204->204
[2023-08-24T10:54:10.207+0000][gc,heap       ] GC(150) Humongous regions: 149->149
[2023-08-24T10:54:10.207+0000][gc,metaspace  ] GC(150) Metaspace: 118076K(123928K)->118076K(123928K) NonClass: 104350K(107724K)->104350K(107724K) Class: 13725K(16204K)->13725K(16204K)
[2023-08-24T10:54:10.207+0000][gc            ] GC(150) Pause Young (Normal) (G1 Evacuation Pause) 901M->368M(1024M) 10.358ms
[2023-08-24T10:54:10.207+0000][gc,cpu        ] GC(150) User=0.07s Sys=0.00s Real=0.01s
[2023-08-24T10:56:29.660+0000][gc,start      ] GC(151) Pause Young (Normal) (G1 Evacuation Pause)
[2023-08-24T10:56:29.660+0000][gc,task       ] GC(151) Using 8 workers of 8 for evacuation
[2023-08-24T10:56:29.670+0000][gc,phases     ] GC(151)   Pre Evacuate Collection Set: 0.0ms
[2023-08-24T10:56:29.670+0000][gc,phases     ] GC(151)   Evacuate Collection Set: 9.3ms
[2023-08-24T10:56:29.670+0000][gc,phases     ] GC(151)   Post Evacuate Collection Set: 0.7ms
[2023-08-24T10:56:29.670+0000][gc,phases     ] GC(151)   Other: 0.4ms
[2023-08-24T10:56:29.670+0000][gc,heap       ] GC(151) Eden regions: 534->0(534)
[2023-08-24T10:56:29.670+0000][gc,heap       ] GC(151) Survivor regions: 16->12(69)
[2023-08-24T10:56:29.670+0000][gc,heap       ] GC(151) Old regions: 204->209
[2023-08-24T10:56:29.670+0000][gc,heap       ] GC(151) Humongous regions: 149->149
[2023-08-24T10:56:29.670+0000][gc,metaspace  ] GC(151) Metaspace: 118076K(123928K)->118076K(123928K) NonClass: 104350K(107724K)->104350K(107724K) Class: 13725K(16204K)->13725K(16204K)
[2023-08-24T10:56:29.670+0000][gc            ] GC(151) Pause Young (Normal) (G1 Evacuation Pause) 902M->369M(1024M) 10.505ms
[2023-08-24T10:56:29.670+0000][gc,cpu        ] GC(151) User=0.08s Sys=0.00s Real=0.00s
[2023-08-24T10:58:35.911+0000][gc,start      ] GC(152) Pause Young (Normal) (G1 Evacuation Pause)
[2023-08-24T10:58:35.911+0000][gc,task       ] GC(152) Using 8 workers of 8 for evacuation
[2023-08-24T10:58:35.921+0000][gc,phases     ] GC(152)   Pre Evacuate Collection Set: 0.0ms
[2023-08-24T10:58:35.921+0000][gc,phases     ] GC(152)   Evacuate Collection Set: 9.1ms
[2023-08-24T10:58:35.921+0000][gc,phases     ] GC(152)   Post Evacuate Collection Set: 0.7ms
[2023-08-24T10:58:35.921+0000][gc,phases     ] GC(152)   Other: 0.4ms
[2023-08-24T10:58:35.921+0000][gc,heap       ] GC(152) Eden regions: 534->0(532)
[2023-08-24T10:58:35.921+0000][gc,heap       ] GC(152) Survivor regions: 12->13(69)
[2023-08-24T10:58:35.921+0000][gc,heap       ] GC(152) Old regions: 209->210
[2023-08-24T10:58:35.921+0000][gc,heap       ] GC(152) Humongous regions: 149->149
[2023-08-24T10:58:35.921+0000][gc,metaspace  ] GC(152) Metaspace: 118094K(123928K)->118094K(123928K) NonClass: 104368K(107724K)->104368K(107724K) Class: 13726K(16204K)->13726K(16204K)
[2023-08-24T10:58:35.921+0000][gc            ] GC(152) Pause Young (Normal) (G1 Evacuation Pause) 903M->370M(1024M) 10.370ms
[2023-08-24T10:58:35.921+0000][gc,cpu        ] GC(152) User=0.07s Sys=0.00s Real=0.01s
[2023-08-24T11:00:44.513+0000][gc,start      ] GC(153) Pause Young (Concurrent Start) (G1 Evacuation Pause)
[2023-08-24T11:00:44.513+0000][gc,task       ] GC(153) Using 8 workers of 8 for evacuation
[2023-08-24T11:00:44.521+0000][gc,phases     ] GC(153)   Pre Evacuate Collection Set: 0.4ms
[2023-08-24T11:00:44.521+0000][gc,phases     ] GC(153)   Evacuate Collection Set: 6.8ms
[2023-08-24T11:00:44.521+0000][gc,phases     ] GC(153)   Post Evacuate Collection Set: 0.7ms
[2023-08-24T11:00:44.521+0000][gc,phases     ] GC(153)   Other: 0.4ms
[2023-08-24T11:00:44.521+0000][gc,heap       ] GC(153) Eden regions: 532->0(533)
[2023-08-24T11:00:44.521+0000][gc,heap       ] GC(153) Survivor regions: 13->12(69)
[2023-08-24T11:00:44.521+0000][gc,heap       ] GC(153) Old regions: 210->210
[2023-08-24T11:00:44.521+0000][gc,heap       ] GC(153) Humongous regions: 149->149
[2023-08-24T11:00:44.521+0000][gc,metaspace  ] GC(153) Metaspace: 118118K(123928K)->118118K(123928K) NonClass: 104392K(107724K)->104392K(107724K) Class: 13726K(16204K)->13726K(16204K)
[2023-08-24T11:00:44.521+0000][gc            ] GC(153) Pause Young (Concurrent Start) (G1 Evacuation Pause) 902M->369M(1024M) 8.437ms
[2023-08-24T11:00:44.521+0000][gc,cpu        ] GC(153) User=0.05s Sys=0.00s Real=0.01s
[2023-08-24T11:00:44.521+0000][gc            ] GC(154) Concurrent Cycle
[2023-08-24T11:00:44.521+0000][gc,marking    ] GC(154) Concurrent Clear Claimed Marks
[2023-08-24T11:00:44.521+0000][gc,marking    ] GC(154) Concurrent Clear Claimed Marks 0.235ms
[2023-08-24T11:00:44.521+0000][gc,marking    ] GC(154) Concurrent Scan Root Regions
[2023-08-24T11:00:44.527+0000][gc,marking    ] GC(154) Concurrent Scan Root Regions 5.691ms
[2023-08-24T11:00:44.527+0000][gc,marking    ] GC(154) Concurrent Mark (13055.378s)
[2023-08-24T11:00:44.527+0000][gc,marking    ] GC(154) Concurrent Mark From Roots
[2023-08-24T11:00:44.527+0000][gc,task       ] GC(154) Using 2 workers of 2 for marking
[2023-08-24T11:00:44.600+0000][gc,marking    ] GC(154) Concurrent Mark From Roots 72.646ms
[2023-08-24T11:00:44.600+0000][gc,marking    ] GC(154) Concurrent Preclean
[2023-08-24T11:00:44.600+0000][gc,marking    ] GC(154) Concurrent Preclean 0.494ms
[2023-08-24T11:00:44.600+0000][gc,marking    ] GC(154) Concurrent Mark (13055.378s, 13055.452s) 73.223ms
[2023-08-24T11:00:44.601+0000][gc,start      ] GC(154) Pause Remark
[2023-08-24T11:00:44.610+0000][gc,stringtable] GC(154) Cleaned string and symbol table, strings: 43680 processed, 6 removed, symbols: 278444 processed, 104 removed
[2023-08-24T11:00:44.610+0000][gc            ] GC(154) Pause Remark 388M->364M(1024M) 9.591ms
[2023-08-24T11:00:44.610+0000][gc,cpu        ] GC(154) User=0.07s Sys=0.00s Real=0.00s
[2023-08-24T11:00:44.610+0000][gc,marking    ] GC(154) Concurrent Rebuild Remembered Sets
[2023-08-24T11:00:44.652+0000][gc,marking    ] GC(154) Concurrent Rebuild Remembered Sets 41.831ms
[2023-08-24T11:00:44.652+0000][gc,start      ] GC(154) Pause Cleanup
[2023-08-24T11:00:44.653+0000][gc            ] GC(154) Pause Cleanup 367M->367M(1024M) 0.249ms
[2023-08-24T11:00:44.653+0000][gc,cpu        ] GC(154) User=0.00s Sys=0.00s Real=0.00s
[2023-08-24T11:00:44.653+0000][gc,marking    ] GC(154) Concurrent Cleanup for Next Mark
[2023-08-24T11:00:44.654+0000][gc,marking    ] GC(154) Concurrent Cleanup for Next Mark 1.359ms
[2023-08-24T11:00:44.654+0000][gc            ] GC(154) Concurrent Cycle 132.952ms
[2023-08-24T11:02:51.740+0000][gc,start      ] GC(155) Pause Young (Prepare Mixed) (G1 Evacuation Pause)
[2023-08-24T11:02:51.740+0000][gc,task       ] GC(155) Using 8 workers of 8 for evacuation
[2023-08-24T11:02:51.749+0000][gc,phases     ] GC(155)   Pre Evacuate Collection Set: 0.0ms
[2023-08-24T11:02:51.749+0000][gc,phases     ] GC(155)   Evacuate Collection Set: 8.2ms
[2023-08-24T11:02:51.749+0000][gc,phases     ] GC(155)   Post Evacuate Collection Set: 0.6ms
[2023-08-24T11:02:51.749+0000][gc,phases     ] GC(155)   Other: 0.4ms
[2023-08-24T11:02:51.749+0000][gc,heap       ] GC(155) Eden regions: 533->0(35)
[2023-08-24T11:02:51.749+0000][gc,heap       ] GC(155) Survivor regions: 12->16(69)
[2023-08-24T11:02:51.749+0000][gc,heap       ] GC(155) Old regions: 186->186
[2023-08-24T11:02:51.749+0000][gc,heap       ] GC(155) Humongous regions: 149->149
[2023-08-24T11:02:51.749+0000][gc,metaspace  ] GC(155) Metaspace: 118118K(123928K)->118118K(123928K) NonClass: 104392K(107724K)->104392K(107724K) Class: 13726K(16204K)->13726K(16204K)
[2023-08-24T11:02:51.749+0000][gc            ] GC(155) Pause Young (Prepare Mixed) (G1 Evacuation Pause) 878M->350M(1024M) 9.354ms
[2023-08-24T11:02:51.749+0000][gc,cpu        ] GC(155) User=0.05s Sys=0.00s Real=0.00s
[2023-08-24T11:03:00.165+0000][gc,start      ] GC(156) Pause Young (Mixed) (G1 Evacuation Pause)
[2023-08-24T11:03:00.165+0000][gc,task       ] GC(156) Using 8 workers of 8 for evacuation
[2023-08-24T11:03:00.172+0000][gc,phases     ] GC(156)   Pre Evacuate Collection Set: 0.1ms
[2023-08-24T11:03:00.172+0000][gc,phases     ] GC(156)   Evacuate Collection Set: 6.0ms
[2023-08-24T11:03:00.172+0000][gc,phases     ] GC(156)   Post Evacuate Collection Set: 0.5ms
[2023-08-24T11:03:00.172+0000][gc,phases     ] GC(156)   Other: 0.4ms
[2023-08-24T11:03:00.172+0000][gc,heap       ] GC(156) Eden regions: 35->0(590)
[2023-08-24T11:03:00.172+0000][gc,heap       ] GC(156) Survivor regions: 16->3(7)
[2023-08-24T11:03:00.172+0000][gc,heap       ] GC(156) Old regions: 186->144
[2023-08-24T11:03:00.172+0000][gc,heap       ] GC(156) Humongous regions: 149->149
[2023-08-24T11:03:00.172+0000][gc,metaspace  ] GC(156) Metaspace: 118118K(123928K)->118118K(123928K) NonClass: 104392K(107724K)->104392K(107724K) Class: 13726K(16204K)->13726K(16204K)
[2023-08-24T11:03:00.172+0000][gc            ] GC(156) Pause Young (Mixed) (G1 Evacuation Pause) 385M->295M(1024M) 6.994ms
[2023-08-24T11:03:00.172+0000][gc,cpu        ] GC(156) User=0.04s Sys=0.00s Real=0.01s
[2023-08-24T11:05:38.538+0000][gc,start      ] GC(157) Pause Young (Normal) (G1 Evacuation Pause)
[2023-08-24T11:05:38.538+0000][gc,task       ] GC(157) Using 8 workers of 8 for evacuation
[2023-08-24T11:05:38.548+0000][gc,phases     ] GC(157)   Pre Evacuate Collection Set: 0.0ms
[2023-08-24T11:05:38.548+0000][gc,phases     ] GC(157)   Evacuate Collection Set: 9.2ms
[2023-08-24T11:05:38.548+0000][gc,phases     ] GC(157)   Post Evacuate Collection Set: 0.8ms
[2023-08-24T11:05:38.548+0000][gc,phases     ] GC(157)   Other: 0.3ms
[2023-08-24T11:05:38.548+0000][gc,heap       ] GC(157) Eden regions: 590->0(590)
[2023-08-24T11:05:38.548+0000][gc,heap       ] GC(157) Survivor regions: 3->9(75)
[2023-08-24T11:05:38.548+0000][gc,heap       ] GC(157) Old regions: 144->144
[2023-08-24T11:05:38.548+0000][gc,heap       ] GC(157) Humongous regions: 149->149
[2023-08-24T11:05:38.548+0000][gc,metaspace  ] GC(157) Metaspace: 118118K(123928K)->118118K(123928K) NonClass: 104392K(107724K)->104392K(107724K) Class: 13726K(16204K)->13726K(16204K)
[2023-08-24T11:05:38.548+0000][gc            ] GC(157) Pause Young (Normal) (G1 Evacuation Pause) 885M->301M(1024M) 10.395ms
[2023-08-24T11:05:38.548+0000][gc,cpu        ] GC(157) User=0.06s Sys=0.01s Real=0.01s
[2023-08-24T11:07:59.722+0000][gc,start      ] GC(158) Pause Young (Normal) (G1 Evacuation Pause)
[2023-08-24T11:07:59.722+0000][gc,task       ] GC(158) Using 8 workers of 8 for evacuation
[2023-08-24T11:07:59.736+0000][gc,phases     ] GC(158)   Pre Evacuate Collection Set: 0.0ms
[2023-08-24T11:07:59.736+0000][gc,phases     ] GC(158)   Evacuate Collection Set: 12.8ms
[2023-08-24T11:07:59.736+0000][gc,phases     ] GC(158)   Post Evacuate Collection Set: 0.7ms
[2023-08-24T11:07:59.736+0000][gc,phases     ] GC(158)   Other: 0.3ms
[2023-08-24T11:07:59.736+0000][gc,heap       ] GC(158) Eden regions: 590->0(540)
[2023-08-24T11:07:59.736+0000][gc,heap       ] GC(158) Survivor regions: 9->16(75)
[2023-08-24T11:07:59.736+0000][gc,heap       ] GC(158) Old regions: 144->144
[2023-08-24T11:07:59.736+0000][gc,heap       ] GC(158) Humongous regions: 149->149
[2023-08-24T11:07:59.736+0000][gc,metaspace  ] GC(158) Metaspace: 118119K(123928K)->118119K(123928K) NonClass: 104392K(107724K)->104392K(107724K) Class: 13726K(16204K)->13726K(16204K)
[2023-08-24T11:07:59.736+0000][gc            ] GC(158) Pause Young (Normal) (G1 Evacuation Pause) 891M->308M(1024M) 13.925ms
[2023-08-24T11:07:59.736+0000][gc,cpu        ] GC(158) User=0.09s Sys=0.00s Real=0.01s
[2023-08-24T11:10:14.514+0000][gc,start      ] GC(159) Pause Young (Normal) (G1 Evacuation Pause)
[2023-08-24T11:10:14.514+0000][gc,task       ] GC(159) Using 8 workers of 8 for evacuation
[2023-08-24T11:10:14.527+0000][gc,phases     ] GC(159)   Pre Evacuate Collection Set: 0.0ms
[2023-08-24T11:10:14.527+0000][gc,phases     ] GC(159)   Evacuate Collection Set: 11.8ms
[2023-08-24T11:10:14.527+0000][gc,phases     ] GC(159)   Post Evacuate Collection Set: 0.7ms
[2023-08-24T11:10:14.527+0000][gc,phases     ] GC(159)   Other: 0.3ms
[2023-08-24T11:10:14.527+0000][gc,heap       ] GC(159) Eden regions: 540->0(550)
[2023-08-24T11:10:14.527+0000][gc,heap       ] GC(159) Survivor regions: 16->22(70)
[2023-08-24T11:10:14.527+0000][gc,heap       ] GC(159) Old regions: 144->144
[2023-08-24T11:10:14.527+0000][gc,heap       ] GC(159) Humongous regions: 149->149
[2023-08-24T11:10:14.527+0000][gc,metaspace  ] GC(159) Metaspace: 118121K(123928K)->118121K(123928K) NonClass: 104394K(107724K)->104394K(107724K) Class: 13726K(16204K)->13726K(16204K)
[2023-08-24T11:10:14.527+0000][gc            ] GC(159) Pause Young (Normal) (G1 Evacuation Pause) 848M->314M(1024M) 12.890ms
[2023-08-24T11:10:14.527+0000][gc,cpu        ] GC(159) User=0.09s Sys=0.00s Real=0.01s
[2023-08-24T11:10:44.661+0000][gc,start      ] GC(160) Pause Young (Normal) (G1 Evacuation Pause)
[2023-08-24T11:10:44.661+0000][gc,task       ] GC(160) Using 8 workers of 8 for evacuation
[2023-08-24T11:10:44.675+0000][gc,phases     ] GC(160)   Pre Evacuate Collection Set: 0.0ms
[2023-08-24T11:10:44.675+0000][gc,phases     ] GC(160)   Evacuate Collection Set: 13.2ms
[2023-08-24T11:10:44.675+0000][gc,phases     ] GC(160)   Post Evacuate Collection Set: 0.6ms
[2023-08-24T11:10:44.675+0000][gc,phases     ] GC(160)   Other: 0.3ms
[2023-08-24T11:10:44.675+0000][gc,heap       ] GC(160) Eden regions: 147->0(225)
[2023-08-24T11:10:44.675+0000][gc,heap       ] GC(160) Survivor regions: 22->13(22)
[2023-08-24T11:10:44.675+0000][gc,heap       ] GC(160) Old regions: 144->158
[2023-08-24T11:10:44.675+0000][gc,heap       ] GC(160) Humongous regions: 149->149
[2023-08-24T11:10:44.675+0000][gc,metaspace  ] GC(160) Metaspace: 118121K(123928K)->118121K(123928K) NonClass: 104394K(107724K)->104394K(107724K) Class: 13726K(16204K)->13726K(16204K)
[2023-08-24T11:10:44.675+0000][gc            ] GC(160) Pause Young (Normal) (G1 Evacuation Pause) 461M->318M(1024M) 14.175ms
[2023-08-24T11:10:44.675+0000][gc,cpu        ] GC(160) User=0.10s Sys=0.00s Real=0.01s
[2023-08-24T11:11:45.398+0000][gc,start      ] GC(161) Pause Young (Normal) (G1 Evacuation Pause)
[2023-08-24T11:11:45.398+0000][gc,task       ] GC(161) Using 8 workers of 8 for evacuation
[2023-08-24T11:11:45.408+0000][gc,phases     ] GC(161)   Pre Evacuate Collection Set: 0.0ms
[2023-08-24T11:11:45.408+0000][gc,phases     ] GC(161)   Evacuate Collection Set: 8.6ms
[2023-08-24T11:11:45.408+0000][gc,phases     ] GC(161)   Post Evacuate Collection Set: 0.6ms
[2023-08-24T11:11:45.408+0000][gc,phases     ] GC(161)   Other: 0.3ms
[2023-08-24T11:11:45.408+0000][gc,heap       ] GC(161) Eden regions: 225->0(257)
[2023-08-24T11:11:45.408+0000][gc,heap       ] GC(161) Survivor regions: 13->14(30)
[2023-08-24T11:11:45.408+0000][gc,heap       ] GC(161) Old regions: 158->158
[2023-08-24T11:11:45.408+0000][gc,heap       ] GC(161) Humongous regions: 149->149
[2023-08-24T11:11:45.408+0000][gc,metaspace  ] GC(161) Metaspace: 118121K(123928K)->118121K(123928K) NonClass: 104394K(107724K)->104394K(107724K) Class: 13726K(16204K)->13726K(16204K)
[2023-08-24T11:11:45.408+0000][gc            ] GC(161) Pause Young (Normal) (G1 Evacuation Pause) 543M->319M(1024M) 9.624ms
[2023-08-24T11:11:45.408+0000][gc,cpu        ] GC(161) User=0.06s Sys=0.01s Real=0.01s
[2023-08-24T11:12:33.172+0000][gc,start      ] GC(162) Pause Young (Normal) (G1 Evacuation Pause)
[2023-08-24T11:12:33.172+0000][gc,task       ] GC(162) Using 8 workers of 8 for evacuation
[2023-08-24T11:12:33.181+0000][gc,phases     ] GC(162)   Pre Evacuate Collection Set: 0.0ms
[2023-08-24T11:12:33.181+0000][gc,phases     ] GC(162)   Evacuate Collection Set: 8.5ms
[2023-08-24T11:12:33.181+0000][gc,phases     ] GC(162)   Post Evacuate Collection Set: 0.6ms
[2023-08-24T11:12:33.181+0000][gc,phases     ] GC(162)   Other: 0.3ms
[2023-08-24T11:12:33.181+0000][gc,heap       ] GC(162) Eden regions: 202->0(299)
[2023-08-24T11:12:33.181+0000][gc,heap       ] GC(162) Survivor regions: 14->15(27)
[2023-08-24T11:12:33.181+0000][gc,heap       ] GC(162) Old regions: 158->158
[2023-08-24T11:12:33.181+0000][gc,heap       ] GC(162) Humongous regions: 149->149
[2023-08-24T11:12:33.181+0000][gc,metaspace  ] GC(162) Metaspace: 118121K(123928K)->118121K(123928K) NonClass: 104394K(107724K)->104394K(107724K) Class: 13726K(16204K)->13726K(16204K)
[2023-08-24T11:12:33.181+0000][gc            ] GC(162) Pause Young (Normal) (G1 Evacuation Pause) 521M->320M(1024M) 9.414ms
[2023-08-24T11:12:33.181+0000][gc,cpu        ] GC(162) User=0.07s Sys=0.00s Real=0.01s
[2023-08-24T11:13:44.471+0000][gc,start      ] GC(163) Pause Young (Normal) (G1 Evacuation Pause)
[2023-08-24T11:13:44.471+0000][gc,task       ] GC(163) Using 8 workers of 8 for evacuation
[2023-08-24T11:13:44.482+0000][gc,phases     ] GC(163)   Pre Evacuate Collection Set: 0.0ms
[2023-08-24T11:13:44.482+0000][gc,phases     ] GC(163)   Evacuate Collection Set: 10.5ms
[2023-08-24T11:13:44.482+0000][gc,phases     ] GC(163)   Post Evacuate Collection Set: 0.6ms
[2023-08-24T11:13:44.482+0000][gc,phases     ] GC(163)   Other: 0.3ms
[2023-08-24T11:13:44.482+0000][gc,heap       ] GC(163) Eden regions: 262->0(321)
[2023-08-24T11:13:44.482+0000][gc,heap       ] GC(163) Survivor regions: 15->19(35)
[2023-08-24T11:13:44.482+0000][gc,heap       ] GC(163) Old regions: 158->158
[2023-08-24T11:13:44.482+0000][gc,heap       ] GC(163) Humongous regions: 149->149
[2023-08-24T11:13:44.482+0000][gc,metaspace  ] GC(163) Metaspace: 118121K(123928K)->118121K(123928K) NonClass: 104394K(107724K)->104394K(107724K) Class: 13726K(16204K)->13726K(16204K)
[2023-08-24T11:13:44.482+0000][gc            ] GC(163) Pause Young (Normal) (G1 Evacuation Pause) 582M->325M(1024M) 11.575ms
[2023-08-24T11:13:44.482+0000][gc,cpu        ] GC(163) User=0.08s Sys=0.01s Real=0.02s
[2023-08-24T11:14:49.460+0000][gc,start      ] GC(164) Pause Young (Normal) (G1 Evacuation Pause)
[2023-08-24T11:14:49.460+0000][gc,task       ] GC(164) Using 8 workers of 8 for evacuation
[2023-08-24T11:14:49.472+0000][gc,phases     ] GC(164)   Pre Evacuate Collection Set: 0.0ms
[2023-08-24T11:14:49.472+0000][gc,phases     ] GC(164)   Evacuate Collection Set: 11.1ms
[2023-08-24T11:14:49.472+0000][gc,phases     ] GC(164)   Post Evacuate Collection Set: 0.6ms
[2023-08-24T11:14:49.472+0000][gc,phases     ] GC(164)   Other: 0.3ms
[2023-08-24T11:14:49.472+0000][gc,heap       ] GC(164) Eden regions: 270->0(305)
[2023-08-24T11:14:49.472+0000][gc,heap       ] GC(164) Survivor regions: 19->20(37)
[2023-08-24T11:14:49.472+0000][gc,heap       ] GC(164) Old regions: 158->158
[2023-08-24T11:14:49.472+0000][gc,heap       ] GC(164) Humongous regions: 149->149
[2023-08-24T11:14:49.472+0000][gc,metaspace  ] GC(164) Metaspace: 118121K(123928K)->118121K(123928K) NonClass: 104394K(107724K)->104394K(107724K) Class: 13726K(16204K)->13726K(16204K)
[2023-08-24T11:14:49.472+0000][gc            ] GC(164) Pause Young (Normal) (G1 Evacuation Pause) 595M->326M(1024M) 12.124ms
[2023-08-24T11:14:49.472+0000][gc,cpu        ] GC(164) User=0.09s Sys=0.00s Real=0.01s
[2023-08-24T11:15:58.455+0000][gc,start      ] GC(165) Pause Young (Normal) (G1 Evacuation Pause)
[2023-08-24T11:15:58.455+0000][gc,task       ] GC(165) Using 8 workers of 8 for evacuation
[2023-08-24T11:15:58.469+0000][gc,phases     ] GC(165)   Pre Evacuate Collection Set: 0.0ms
[2023-08-24T11:15:58.469+0000][gc,phases     ] GC(165)   Evacuate Collection Set: 12.9ms
[2023-08-24T11:15:58.469+0000][gc,phases     ] GC(165)   Post Evacuate Collection Set: 0.6ms
[2023-08-24T11:15:58.469+0000][gc,phases     ] GC(165)   Other: 0.3ms
[2023-08-24T11:15:58.469+0000][gc,heap       ] GC(165) Eden regions: 305->0(312)
[2023-08-24T11:15:58.469+0000][gc,heap       ] GC(165) Survivor regions: 20->25(41)
[2023-08-24T11:15:58.469+0000][gc,heap       ] GC(165) Old regions: 158->158
[2023-08-24T11:15:58.469+0000][gc,heap       ] GC(165) Humongous regions: 149->149
[2023-08-24T11:15:58.469+0000][gc,metaspace  ] GC(165) Metaspace: 118128K(123928K)->118128K(123928K) NonClass: 104401K(107724K)->104401K(107724K) Class: 13726K(16204K)->13726K(16204K)
[2023-08-24T11:15:58.469+0000][gc            ] GC(165) Pause Young (Normal) (G1 Evacuation Pause) 631M->331M(1024M) 13.964ms
[2023-08-24T11:15:58.469+0000][gc,cpu        ] GC(165) User=0.11s Sys=0.00s Real=0.01s
[2023-08-24T11:17:14.659+0000][gc,start      ] GC(166) Pause Young (Normal) (G1 Evacuation Pause)
[2023-08-24T11:17:14.659+0000][gc,task       ] GC(166) Using 8 workers of 8 for evacuation
[2023-08-24T11:17:14.675+0000][gc,phases     ] GC(166)   Pre Evacuate Collection Set: 0.0ms
[2023-08-24T11:17:14.675+0000][gc,phases     ] GC(166)   Evacuate Collection Set: 14.6ms
[2023-08-24T11:17:14.675+0000][gc,phases     ] GC(166)   Post Evacuate Collection Set: 0.6ms
[2023-08-24T11:17:14.675+0000][gc,phases     ] GC(166)   Other: 0.3ms
[2023-08-24T11:17:14.675+0000][gc,heap       ] GC(166) Eden regions: 284->0(317)
[2023-08-24T11:17:14.675+0000][gc,heap       ] GC(166) Survivor regions: 25->23(39)
[2023-08-24T11:17:14.675+0000][gc,heap       ] GC(166) Old regions: 158->164
[2023-08-24T11:17:14.675+0000][gc,heap       ] GC(166) Humongous regions: 149->149
[2023-08-24T11:17:14.675+0000][gc,metaspace  ] GC(166) Metaspace: 118128K(123928K)->118128K(123928K) NonClass: 104401K(107724K)->104401K(107724K) Class: 13726K(16204K)->13726K(16204K)
[2023-08-24T11:17:14.675+0000][gc            ] GC(166) Pause Young (Normal) (G1 Evacuation Pause) 615M->334M(1024M) 15.637ms
[2023-08-24T11:17:14.675+0000][gc,cpu        ] GC(166) User=0.11s Sys=0.00s Real=0.01s
[2023-08-24T11:18:25.657+0000][gc,start      ] GC(167) Pause Young (Normal) (G1 Evacuation Pause)
[2023-08-24T11:18:25.657+0000][gc,task       ] GC(167) Using 8 workers of 8 for evacuation
[2023-08-24T11:18:25.673+0000][gc,phases     ] GC(167)   Pre Evacuate Collection Set: 0.0ms
[2023-08-24T11:18:25.673+0000][gc,phases     ] GC(167)   Evacuate Collection Set: 15.4ms
[2023-08-24T11:18:25.673+0000][gc,phases     ] GC(167)   Post Evacuate Collection Set: 0.6ms
[2023-08-24T11:18:25.673+0000][gc,phases     ] GC(167)   Other: 0.3ms
[2023-08-24T11:18:25.673+0000][gc,heap       ] GC(167) Eden regions: 317->0(322)
[2023-08-24T11:18:25.673+0000][gc,heap       ] GC(167) Survivor regions: 23->25(43)
[2023-08-24T11:18:25.673+0000][gc,heap       ] GC(167) Old regions: 164->164
[2023-08-24T11:18:25.673+0000][gc,heap       ] GC(167) Humongous regions: 149->149
[2023-08-24T11:18:25.673+0000][gc,metaspace  ] GC(167) Metaspace: 118128K(123928K)->118128K(123928K) NonClass: 104401K(107724K)->104401K(107724K) Class: 13726K(16204K)->13726K(16204K)
[2023-08-24T11:18:25.673+0000][gc            ] GC(167) Pause Young (Normal) (G1 Evacuation Pause) 651M->336M(1024M) 16.431ms
[2023-08-24T11:18:25.673+0000][gc,cpu        ] GC(167) User=0.10s Sys=0.00s Real=0.02s
[2023-08-24T11:19:44.663+0000][gc,start      ] GC(168) Pause Young (Normal) (G1 Evacuation Pause)
[2023-08-24T11:19:44.663+0000][gc,task       ] GC(168) Using 8 workers of 8 for evacuation
[2023-08-24T11:19:44.679+0000][gc,phases     ] GC(168)   Pre Evacuate Collection Set: 0.0ms
[2023-08-24T11:19:44.679+0000][gc,phases     ] GC(168)   Evacuate Collection Set: 14.5ms
[2023-08-24T11:19:44.679+0000][gc,phases     ] GC(168)   Post Evacuate Collection Set: 0.7ms
[2023-08-24T11:19:44.679+0000][gc,phases     ] GC(168)   Other: 0.4ms
[2023-08-24T11:19:44.679+0000][gc,heap       ] GC(168) Eden regions: 307->0(334)
[2023-08-24T11:19:44.679+0000][gc,heap       ] GC(168) Survivor regions: 25->25(42)
[2023-08-24T11:19:44.679+0000][gc,heap       ] GC(168) Old regions: 164->168
[2023-08-24T11:19:44.679+0000][gc,heap       ] GC(168) Humongous regions: 149->149
[2023-08-24T11:19:44.679+0000][gc,metaspace  ] GC(168) Metaspace: 118128K(123928K)->118128K(123928K) NonClass: 104401K(107724K)->104401K(107724K) Class: 13726K(16204K)->13726K(16204K)
[2023-08-24T11:19:44.679+0000][gc            ] GC(168) Pause Young (Normal) (G1 Evacuation Pause) 643M->341M(1024M) 15.614ms
[2023-08-24T11:19:44.679+0000][gc,cpu        ] GC(168) User=0.11s Sys=0.01s Real=0.01s
[2023-08-24T11:20:52.173+0000][gc,start      ] GC(169) Pause Young (Normal) (G1 Evacuation Pause)
[2023-08-24T11:20:52.173+0000][gc,task       ] GC(169) Using 8 workers of 8 for evacuation
[2023-08-24T11:20:52.189+0000][gc,phases     ] GC(169)   Pre Evacuate Collection Set: 0.0ms
[2023-08-24T11:20:52.189+0000][gc,phases     ] GC(169)   Evacuate Collection Set: 14.7ms
[2023-08-24T11:20:52.189+0000][gc,phases     ] GC(169)   Post Evacuate Collection Set: 0.6ms
[2023-08-24T11:20:52.189+0000][gc,phases     ] GC(169)   Other: 0.3ms
[2023-08-24T11:20:52.189+0000][gc,heap       ] GC(169) Eden regions: 306->0(355)
[2023-08-24T11:20:52.189+0000][gc,heap       ] GC(169) Survivor regions: 25->24(42)
[2023-08-24T11:20:52.189+0000][gc,heap       ] GC(169) Old regions: 168->173
[2023-08-24T11:20:52.189+0000][gc,heap       ] GC(169) Humongous regions: 149->149
[2023-08-24T11:20:52.189+0000][gc,metaspace  ] GC(169) Metaspace: 118128K(123928K)->118128K(123928K) NonClass: 104401K(107724K)->104401K(107724K) Class: 13726K(16204K)->13726K(16204K)
[2023-08-24T11:20:52.189+0000][gc            ] GC(169) Pause Young (Normal) (G1 Evacuation Pause) 647M->345M(1024M) 15.731ms
[2023-08-24T11:20:52.189+0000][gc,cpu        ] GC(169) User=0.12s Sys=0.00s Real=0.01s
[2023-08-24T11:22:14.659+0000][gc,start      ] GC(170) Pause Young (Normal) (G1 Evacuation Pause)
[2023-08-24T11:22:14.659+0000][gc,task       ] GC(170) Using 8 workers of 8 for evacuation
[2023-08-24T11:22:14.674+0000][gc,phases     ] GC(170)   Pre Evacuate Collection Set: 0.0ms
[2023-08-24T11:22:14.674+0000][gc,phases     ] GC(170)   Evacuate Collection Set: 13.8ms
[2023-08-24T11:22:14.674+0000][gc,phases     ] GC(170)   Post Evacuate Collection Set: 0.7ms
[2023-08-24T11:22:14.674+0000][gc,phases     ] GC(170)   Other: 0.3ms
[2023-08-24T11:22:14.674+0000][gc,heap       ] GC(170) Eden regions: 301->0(380)
[2023-08-24T11:22:14.674+0000][gc,heap       ] GC(170) Survivor regions: 24->25(41)
[2023-08-24T11:22:14.674+0000][gc,heap       ] GC(170) Old regions: 173->176
[2023-08-24T11:22:14.674+0000][gc,heap       ] GC(170) Humongous regions: 149->149
[2023-08-24T11:22:14.674+0000][gc,metaspace  ] GC(170) Metaspace: 118130K(123928K)->118130K(123928K) NonClass: 104403K(107724K)->104403K(107724K) Class: 13726K(16204K)->13726K(16204K)
[2023-08-24T11:22:14.674+0000][gc            ] GC(170) Pause Young (Normal) (G1 Evacuation Pause) 646M->349M(1024M) 14.903ms
[2023-08-24T11:22:14.674+0000][gc,cpu        ] GC(170) User=0.11s Sys=0.00s Real=0.01s
[2023-08-24T11:23:24.227+0000][gc,start      ] GC(171) Pause Young (Normal) (G1 Evacuation Pause)
[2023-08-24T11:23:24.227+0000][gc,task       ] GC(171) Using 8 workers of 8 for evacuation
[2023-08-24T11:23:24.248+0000][gc,mmu        ] GC(171) MMU target violated: 21.0ms (20.0ms/21.0ms)
[2023-08-24T11:23:24.248+0000][gc,phases     ] GC(171)   Pre Evacuate Collection Set: 0.0ms
[2023-08-24T11:23:24.248+0000][gc,phases     ] GC(171)   Evacuate Collection Set: 20.7ms
[2023-08-24T11:23:24.248+0000][gc,phases     ] GC(171)   Post Evacuate Collection Set: 0.6ms
[2023-08-24T11:23:24.248+0000][gc,phases     ] GC(171)   Other: 0.4ms
[2023-08-24T11:23:24.248+0000][gc,heap       ] GC(171) Eden regions: 281->0(309)
[2023-08-24T11:23:24.248+0000][gc,heap       ] GC(171) Survivor regions: 25->32(39)
[2023-08-24T11:23:24.248+0000][gc,heap       ] GC(171) Old regions: 176->179
[2023-08-24T11:23:24.248+0000][gc,heap       ] GC(171) Humongous regions: 149->149
[2023-08-24T11:23:24.248+0000][gc,metaspace  ] GC(171) Metaspace: 118132K(123928K)->118132K(123928K) NonClass: 104405K(107724K)->104405K(107724K) Class: 13726K(16204K)->13726K(16204K)
[2023-08-24T11:23:24.248+0000][gc            ] GC(171) Pause Young (Normal) (G1 Evacuation Pause) 630M->360M(1024M) 21.727ms
[2023-08-24T11:23:24.248+0000][gc,cpu        ] GC(171) User=0.14s Sys=0.00s Real=0.02s
[2023-08-24T11:23:29.628+0000][gc,start      ] GC(172) Pause Young (Normal) (G1 Evacuation Pause)
[2023-08-24T11:23:29.628+0000][gc,task       ] GC(172) Using 8 workers of 8 for evacuation
[2023-08-24T11:23:29.647+0000][gc,phases     ] GC(172)   Pre Evacuate Collection Set: 0.0ms
[2023-08-24T11:23:29.647+0000][gc,phases     ] GC(172)   Evacuate Collection Set: 18.7ms
[2023-08-24T11:23:29.647+0000][gc,phases     ] GC(172)   Post Evacuate Collection Set: 0.6ms
[2023-08-24T11:23:29.647+0000][gc,phases     ] GC(172)   Other: 0.3ms
[2023-08-24T11:23:29.647+0000][gc,heap       ] GC(172) Eden regions: 25->0(497)
[2023-08-24T11:23:29.647+0000][gc,heap       ] GC(172) Survivor regions: 32->7(8)
[2023-08-24T11:23:29.647+0000][gc,heap       ] GC(172) Old regions: 179->209
[2023-08-24T11:23:29.647+0000][gc,heap       ] GC(172) Humongous regions: 149->149
[2023-08-24T11:23:29.647+0000][gc,metaspace  ] GC(172) Metaspace: 118132K(123928K)->118132K(123928K) NonClass: 104405K(107724K)->104405K(107724K) Class: 13726K(16204K)->13726K(16204K)
[2023-08-24T11:23:29.647+0000][gc            ] GC(172) Pause Young (Normal) (G1 Evacuation Pause) 385M->364M(1024M) 19.680ms
[2023-08-24T11:23:29.647+0000][gc,cpu        ] GC(172) User=0.15s Sys=0.00s Real=0.02s
[2023-08-24T11:25:28.527+0000][gc,start      ] GC(173) Pause Young (Normal) (G1 Evacuation Pause)
[2023-08-24T11:25:28.528+0000][gc,task       ] GC(173) Using 8 workers of 8 for evacuation
[2023-08-24T11:25:28.539+0000][gc,phases     ] GC(173)   Pre Evacuate Collection Set: 0.0ms
[2023-08-24T11:25:28.539+0000][gc,phases     ] GC(173)   Evacuate Collection Set: 10.0ms
[2023-08-24T11:25:28.539+0000][gc,phases     ] GC(173)   Post Evacuate Collection Set: 0.7ms
[2023-08-24T11:25:28.539+0000][gc,phases     ] GC(173)   Other: 0.3ms
[2023-08-24T11:25:28.539+0000][gc,heap       ] GC(173) Eden regions: 497->0(472)
[2023-08-24T11:25:28.539+0000][gc,heap       ] GC(173) Survivor regions: 7->14(63)
[2023-08-24T11:25:28.539+0000][gc,heap       ] GC(173) Old regions: 209->209
[2023-08-24T11:25:28.539+0000][gc,heap       ] GC(173) Humongous regions: 149->149
[2023-08-24T11:25:28.539+0000][gc,metaspace  ] GC(173) Metaspace: 118229K(123928K)->118229K(123928K) NonClass: 104476K(107724K)->104476K(107724K) Class: 13753K(16204K)->13753K(16204K)
[2023-08-24T11:25:28.539+0000][gc            ] GC(173) Pause Young (Normal) (G1 Evacuation Pause) 861M->371M(1024M) 11.202ms
[2023-08-24T11:25:28.539+0000][gc,cpu        ] GC(173) User=0.08s Sys=0.01s Real=0.01s
[2023-08-24T11:27:21.483+0000][gc,start      ] GC(174) Pause Young (Normal) (G1 Evacuation Pause)
[2023-08-24T11:27:21.483+0000][gc,task       ] GC(174) Using 8 workers of 8 for evacuation
[2023-08-24T11:27:21.500+0000][gc,phases     ] GC(174)   Pre Evacuate Collection Set: 0.0ms
[2023-08-24T11:27:21.500+0000][gc,phases     ] GC(174)   Evacuate Collection Set: 15.6ms
[2023-08-24T11:27:21.500+0000][gc,phases     ] GC(174)   Post Evacuate Collection Set: 0.8ms
[2023-08-24T11:27:21.500+0000][gc,phases     ] GC(174)   Other: 0.4ms
[2023-08-24T11:27:21.500+0000][gc,heap       ] GC(174) Eden regions: 472->0(465)
[2023-08-24T11:27:21.500+0000][gc,heap       ] GC(174) Survivor regions: 14->18(61)
[2023-08-24T11:27:21.500+0000][gc,heap       ] GC(174) Old regions: 209->209
[2023-08-24T11:27:21.500+0000][gc,heap       ] GC(174) Humongous regions: 149->149
[2023-08-24T11:27:21.500+0000][gc,metaspace  ] GC(174) Metaspace: 118232K(123928K)->118232K(123928K) NonClass: 104478K(107724K)->104478K(107724K) Class: 13753K(16204K)->13753K(16204K)
[2023-08-24T11:27:21.500+0000][gc            ] GC(174) Pause Young (Normal) (G1 Evacuation Pause) 843M->375M(1024M) 16.799ms
[2023-08-24T11:27:21.500+0000][gc,cpu        ] GC(174) User=0.12s Sys=0.00s Real=0.02s
[2023-08-24T11:29:21.478+0000][gc,start      ] GC(175) Pause Young (Normal) (G1 Evacuation Pause)
[2023-08-24T11:29:21.478+0000][gc,task       ] GC(175) Using 8 workers of 8 for evacuation
[2023-08-24T11:29:21.499+0000][gc,mmu        ] GC(175) MMU target violated: 21.0ms (20.0ms/21.0ms)
[2023-08-24T11:29:21.499+0000][gc,phases     ] GC(175)   Pre Evacuate Collection Set: 0.0ms
[2023-08-24T11:29:21.499+0000][gc,phases     ] GC(175)   Evacuate Collection Set: 20.2ms
[2023-08-24T11:29:21.499+0000][gc,phases     ] GC(175)   Post Evacuate Collection Set: 0.8ms
[2023-08-24T11:29:21.499+0000][gc,phases     ] GC(175)   Other: 0.4ms
[2023-08-24T11:29:21.499+0000][gc,heap       ] GC(175) Eden regions: 465->0(407)
[2023-08-24T11:29:21.499+0000][gc,heap       ] GC(175) Survivor regions: 18->24(61)
[2023-08-24T11:29:21.499+0000][gc,heap       ] GC(175) Old regions: 209->209
[2023-08-24T11:29:21.499+0000][gc,heap       ] GC(175) Humongous regions: 149->149
[2023-08-24T11:29:21.499+0000][gc,metaspace  ] GC(175) Metaspace: 118234K(123928K)->118234K(123928K) NonClass: 104480K(107724K)->104480K(107724K) Class: 13753K(16204K)->13753K(16204K)
[2023-08-24T11:29:21.499+0000][gc            ] GC(175) Pause Young (Normal) (G1 Evacuation Pause) 840M->381M(1024M) 21.346ms
[2023-08-24T11:29:21.499+0000][gc,cpu        ] GC(175) User=0.13s Sys=0.00s Real=0.03s
[2023-08-24T11:30:29.153+0000][gc,start      ] GC(176) Pause Young (Normal) (G1 Evacuation Pause)
[2023-08-24T11:30:29.153+0000][gc,task       ] GC(176) Using 8 workers of 8 for evacuation
[2023-08-24T11:30:29.169+0000][gc,phases     ] GC(176)   Pre Evacuate Collection Set: 0.0ms
[2023-08-24T11:30:29.169+0000][gc,phases     ] GC(176)   Evacuate Collection Set: 14.7ms
[2023-08-24T11:30:29.169+0000][gc,phases     ] GC(176)   Post Evacuate Collection Set: 0.7ms
[2023-08-24T11:30:29.169+0000][gc,phases     ] GC(176)   Other: 0.3ms
[2023-08-24T11:30:29.169+0000][gc,heap       ] GC(176) Eden regions: 296->0(403)
[2023-08-24T11:30:29.169+0000][gc,heap       ] GC(176) Survivor regions: 24->24(40)
[2023-08-24T11:30:29.169+0000][gc,heap       ] GC(176) Old regions: 209->213
[2023-08-24T11:30:29.169+0000][gc,heap       ] GC(176) Humongous regions: 149->149
[2023-08-24T11:30:29.169+0000][gc,metaspace  ] GC(176) Metaspace: 118236K(123928K)->118236K(123928K) NonClass: 104483K(107724K)->104483K(107724K) Class: 13753K(16204K)->13753K(16204K)
[2023-08-24T11:30:29.169+0000][gc            ] GC(176) Pause Young (Normal) (G1 Evacuation Pause) 677M->385M(1024M) 15.742ms
[2023-08-24T11:30:29.169+0000][gc,cpu        ] GC(176) User=0.12s Sys=0.00s Real=0.01s
[2023-08-24T11:32:14.675+0000][gc,start      ] GC(177) Pause Young (Concurrent Start) (G1 Evacuation Pause)
[2023-08-24T11:32:14.675+0000][gc,task       ] GC(177) Using 8 workers of 8 for evacuation
[2023-08-24T11:32:14.692+0000][gc,phases     ] GC(177)   Pre Evacuate Collection Set: 0.5ms
[2023-08-24T11:32:14.692+0000][gc,phases     ] GC(177)   Evacuate Collection Set: 15.3ms
[2023-08-24T11:32:14.692+0000][gc,phases     ] GC(177)   Post Evacuate Collection Set: 0.7ms
[2023-08-24T11:32:14.692+0000][gc,phases     ] GC(177)   Other: 0.4ms
[2023-08-24T11:32:14.692+0000][gc,heap       ] GC(177) Eden regions: 403->0(359)
[2023-08-24T11:32:14.692+0000][gc,heap       ] GC(177) Survivor regions: 24->28(54)
[2023-08-24T11:32:14.692+0000][gc,heap       ] GC(177) Old regions: 213->213
[2023-08-24T11:32:14.692+0000][gc,heap       ] GC(177) Humongous regions: 149->149
[2023-08-24T11:32:14.692+0000][gc,metaspace  ] GC(177) Metaspace: 118238K(123928K)->118238K(123928K) NonClass: 104485K(107724K)->104485K(107724K) Class: 13753K(16204K)->13753K(16204K)
[2023-08-24T11:32:14.692+0000][gc            ] GC(177) Pause Young (Concurrent Start) (G1 Evacuation Pause) 788M->389M(1024M) 16.959ms
[2023-08-24T11:32:14.692+0000][gc,cpu        ] GC(177) User=0.12s Sys=0.00s Real=0.02s
[2023-08-24T11:32:14.692+0000][gc            ] GC(178) Concurrent Cycle
[2023-08-24T11:32:14.692+0000][gc,marking    ] GC(178) Concurrent Clear Claimed Marks
[2023-08-24T11:32:14.693+0000][gc,marking    ] GC(178) Concurrent Clear Claimed Marks 0.272ms
[2023-08-24T11:32:14.693+0000][gc,marking    ] GC(178) Concurrent Scan Root Regions
[2023-08-24T11:32:14.704+0000][gc,marking    ] GC(178) Concurrent Scan Root Regions 11.525ms
[2023-08-24T11:32:14.704+0000][gc,marking    ] GC(178) Concurrent Mark (14945.556s)
[2023-08-24T11:32:14.704+0000][gc,marking    ] GC(178) Concurrent Mark From Roots
[2023-08-24T11:32:14.704+0000][gc,task       ] GC(178) Using 2 workers of 2 for marking
[2023-08-24T11:32:14.778+0000][gc,marking    ] GC(178) Concurrent Mark From Roots 73.307ms
[2023-08-24T11:32:14.778+0000][gc,marking    ] GC(178) Concurrent Preclean
[2023-08-24T11:32:14.778+0000][gc,marking    ] GC(178) Concurrent Preclean 0.499ms
[2023-08-24T11:32:14.778+0000][gc,marking    ] GC(178) Concurrent Mark (14945.556s, 14945.630s) 73.871ms
[2023-08-24T11:32:14.778+0000][gc,start      ] GC(178) Pause Remark
[2023-08-24T11:32:14.799+0000][gc,stringtable] GC(178) Cleaned string and symbol table, strings: 43727 processed, 0 removed, symbols: 278369 processed, 1 removed
[2023-08-24T11:32:14.799+0000][gc,mmu        ] GC(178) MMU target violated: 20.7ms (20.0ms/21.0ms)
[2023-08-24T11:32:14.799+0000][gc            ] GC(178) Pause Remark 392M->389M(1024M) 20.808ms
[2023-08-24T11:32:14.799+0000][gc,cpu        ] GC(178) User=0.11s Sys=0.00s Real=0.03s
[2023-08-24T11:32:14.799+0000][gc,marking    ] GC(178) Concurrent Rebuild Remembered Sets
[2023-08-24T11:32:14.858+0000][gc,marking    ] GC(178) Concurrent Rebuild Remembered Sets 58.192ms
[2023-08-24T11:32:14.858+0000][gc,start      ] GC(178) Pause Cleanup
[2023-08-24T11:32:14.858+0000][gc            ] GC(178) Pause Cleanup 389M->389M(1024M) 0.259ms
[2023-08-24T11:32:14.858+0000][gc,cpu        ] GC(178) User=0.00s Sys=0.00s Real=0.00s
[2023-08-24T11:32:14.858+0000][gc,marking    ] GC(178) Concurrent Cleanup for Next Mark
[2023-08-24T11:32:14.860+0000][gc,marking    ] GC(178) Concurrent Cleanup for Next Mark 1.401ms
[2023-08-24T11:32:14.860+0000][gc            ] GC(178) Concurrent Cycle 167.102ms
[2023-08-24T11:32:51.670+0000][gc,start      ] GC(179) Pause Young (Prepare Mixed) (G1 Evacuation Pause)
[2023-08-24T11:32:51.670+0000][gc,task       ] GC(179) Using 8 workers of 8 for evacuation
[2023-08-24T11:32:51.690+0000][gc,phases     ] GC(179)   Pre Evacuate Collection Set: 0.0ms
[2023-08-24T11:32:51.690+0000][gc,phases     ] GC(179)   Evacuate Collection Set: 19.2ms
[2023-08-24T11:32:51.690+0000][gc,phases     ] GC(179)   Post Evacuate Collection Set: 0.6ms
[2023-08-24T11:32:51.690+0000][gc,phases     ] GC(179)   Other: 0.4ms
[2023-08-24T11:32:51.690+0000][gc,heap       ] GC(179) Eden regions: 160->0(33)
[2023-08-24T11:32:51.690+0000][gc,heap       ] GC(179) Survivor regions: 28->18(24)
[2023-08-24T11:32:51.690+0000][gc,heap       ] GC(179) Old regions: 210->226
[2023-08-24T11:32:51.690+0000][gc,heap       ] GC(179) Humongous regions: 149->149
[2023-08-24T11:32:51.690+0000][gc,metaspace  ] GC(179) Metaspace: 118238K(123928K)->118238K(123928K) NonClass: 104485K(107724K)->104485K(107724K) Class: 13753K(16204K)->13753K(16204K)
[2023-08-24T11:32:51.690+0000][gc            ] GC(179) Pause Young (Prepare Mixed) (G1 Evacuation Pause) 546M->392M(1024M) 20.218ms
[2023-08-24T11:32:51.690+0000][gc,cpu        ] GC(179) User=0.13s Sys=0.00s Real=0.02s
[2023-08-24T11:32:51.713+0000][gc,start      ] GC(180) Pause Young (Mixed) (G1 Evacuation Pause)
[2023-08-24T11:32:51.713+0000][gc,task       ] GC(180) Using 8 workers of 8 for evacuation
[2023-08-24T11:32:51.724+0000][gc,phases     ] GC(180)   Pre Evacuate Collection Set: 0.0ms
[2023-08-24T11:32:51.724+0000][gc,phases     ] GC(180)   Evacuate Collection Set: 10.3ms
[2023-08-24T11:32:51.724+0000][gc,phases     ] GC(180)   Post Evacuate Collection Set: 0.5ms
[2023-08-24T11:32:51.724+0000][gc,phases     ] GC(180)   Other: 0.2ms
[2023-08-24T11:32:51.724+0000][gc,heap       ] GC(180) Eden regions: 33->0(47)
[2023-08-24T11:32:51.724+0000][gc,heap       ] GC(180) Survivor regions: 18->4(7)
[2023-08-24T11:32:51.724+0000][gc,heap       ] GC(180) Old regions: 226->223
[2023-08-24T11:32:51.724+0000][gc,heap       ] GC(180) Humongous regions: 149->149
[2023-08-24T11:32:51.724+0000][gc,metaspace  ] GC(180) Metaspace: 118238K(123928K)->118238K(123928K) NonClass: 104485K(107724K)->104485K(107724K) Class: 13753K(16204K)->13753K(16204K)
[2023-08-24T11:32:51.724+0000][gc            ] GC(180) Pause Young (Mixed) (G1 Evacuation Pause) 425M->375M(1024M) 11.185ms
[2023-08-24T11:32:51.724+0000][gc,cpu        ] GC(180) User=0.08s Sys=0.00s Real=0.01s
[2023-08-24T11:33:11.726+0000][gc,start      ] GC(181) Pause Young (Mixed) (G1 Evacuation Pause)
[2023-08-24T11:33:11.726+0000][gc,task       ] GC(181) Using 8 workers of 8 for evacuation
[2023-08-24T11:33:11.731+0000][gc,phases     ] GC(181)   Pre Evacuate Collection Set: 0.1ms
[2023-08-24T11:33:11.731+0000][gc,phases     ] GC(181)   Evacuate Collection Set: 3.9ms
[2023-08-24T11:33:11.731+0000][gc,phases     ] GC(181)   Post Evacuate Collection Set: 0.6ms
[2023-08-24T11:33:11.731+0000][gc,phases     ] GC(181)   Other: 0.4ms
[2023-08-24T11:33:11.731+0000][gc,heap       ] GC(181) Eden regions: 47->0(544)
[2023-08-24T11:33:11.731+0000][gc,heap       ] GC(181) Survivor regions: 4->4(7)
[2023-08-24T11:33:11.731+0000][gc,heap       ] GC(181) Old regions: 223->175
[2023-08-24T11:33:11.731+0000][gc,heap       ] GC(181) Humongous regions: 149->149
[2023-08-24T11:33:11.731+0000][gc,metaspace  ] GC(181) Metaspace: 118238K(123928K)->118238K(123928K) NonClass: 104485K(107724K)->104485K(107724K) Class: 13753K(16204K)->13753K(16204K)
[2023-08-24T11:33:11.731+0000][gc            ] GC(181) Pause Young (Mixed) (G1 Evacuation Pause) 422M->326M(1024M) 4.956ms
[2023-08-24T11:33:11.731+0000][gc,cpu        ] GC(181) User=0.04s Sys=0.00s Real=0.01s
[2023-08-24T11:35:29.639+0000][gc,start      ] GC(182) Pause Young (Normal) (G1 Evacuation Pause)
[2023-08-24T11:35:29.640+0000][gc,task       ] GC(182) Using 8 workers of 8 for evacuation
[2023-08-24T11:35:29.649+0000][gc,phases     ] GC(182)   Pre Evacuate Collection Set: 0.0ms
[2023-08-24T11:35:29.649+0000][gc,phases     ] GC(182)   Evacuate Collection Set: 8.2ms
[2023-08-24T11:35:29.649+0000][gc,phases     ] GC(182)   Post Evacuate Collection Set: 0.7ms
[2023-08-24T11:35:29.649+0000][gc,phases     ] GC(182)   Other: 0.3ms
[2023-08-24T11:35:29.649+0000][gc,heap       ] GC(182) Eden regions: 544->0(544)
[2023-08-24T11:35:29.649+0000][gc,heap       ] GC(182) Survivor regions: 4->10(69)
[2023-08-24T11:35:29.649+0000][gc,heap       ] GC(182) Old regions: 175->175
[2023-08-24T11:35:29.649+0000][gc,heap       ] GC(182) Humongous regions: 149->149
[2023-08-24T11:35:29.649+0000][gc,metaspace  ] GC(182) Metaspace: 118238K(123928K)->118238K(123928K) NonClass: 104485K(107724K)->104485K(107724K) Class: 13753K(16204K)->13753K(16204K)
[2023-08-24T11:35:29.649+0000][gc            ] GC(182) Pause Young (Normal) (G1 Evacuation Pause) 870M->333M(1024M) 9.288ms
[2023-08-24T11:35:29.649+0000][gc,cpu        ] GC(182) User=0.07s Sys=0.00s Real=0.00s
[2023-08-24T11:37:44.528+0000][gc,start      ] GC(183) Pause Young (Normal) (G1 Evacuation Pause)
[2023-08-24T11:37:44.528+0000][gc,task       ] GC(183) Using 8 workers of 8 for evacuation
[2023-08-24T11:37:44.539+0000][gc,phases     ] GC(183)   Pre Evacuate Collection Set: 0.0ms
[2023-08-24T11:37:44.539+0000][gc,phases     ] GC(183)   Evacuate Collection Set: 10.5ms
[2023-08-24T11:37:44.539+0000][gc,phases     ] GC(183)   Post Evacuate Collection Set: 0.7ms
[2023-08-24T11:37:44.539+0000][gc,phases     ] GC(183)   Other: 0.3ms
[2023-08-24T11:37:44.539+0000][gc,heap       ] GC(183) Eden regions: 544->0(542)
[2023-08-24T11:37:44.539+0000][gc,heap       ] GC(183) Survivor regions: 10->17(70)
[2023-08-24T11:37:44.539+0000][gc,heap       ] GC(183) Old regions: 175->175
[2023-08-24T11:37:44.539+0000][gc,heap       ] GC(183) Humongous regions: 149->149
[2023-08-24T11:37:44.539+0000][gc,metaspace  ] GC(183) Metaspace: 118242K(123928K)->118242K(123928K) NonClass: 104489K(107724K)->104489K(107724K) Class: 13753K(16204K)->13753K(16204K)
[2023-08-24T11:37:44.539+0000][gc            ] GC(183) Pause Young (Normal) (G1 Evacuation Pause) 877M->340M(1024M) 11.695ms
[2023-08-24T11:37:44.539+0000][gc,cpu        ] GC(183) User=0.08s Sys=0.00s Real=0.02s
[2023-08-24T11:39:51.205+0000][gc,start      ] GC(184) Pause Young (Concurrent Start) (G1 Evacuation Pause)
[2023-08-24T11:39:51.205+0000][gc,task       ] GC(184) Using 8 workers of 8 for evacuation
[2023-08-24T11:39:51.222+0000][gc,phases     ] GC(184)   Pre Evacuate Collection Set: 0.4ms
[2023-08-24T11:39:51.222+0000][gc,phases     ] GC(184)   Evacuate Collection Set: 14.7ms
[2023-08-24T11:39:51.222+0000][gc,phases     ] GC(184)   Post Evacuate Collection Set: 0.8ms
[2023-08-24T11:39:51.222+0000][gc,phases     ] GC(184)   Other: 0.4ms
[2023-08-24T11:39:51.222+0000][gc,heap       ] GC(184) Eden regions: 542->0(529)
[2023-08-24T11:39:51.222+0000][gc,heap       ] GC(184) Survivor regions: 17->24(70)
[2023-08-24T11:39:51.222+0000][gc,heap       ] GC(184) Old regions: 175->175
[2023-08-24T11:39:51.222+0000][gc,heap       ] GC(184) Humongous regions: 149->149
[2023-08-24T11:39:51.222+0000][gc,metaspace  ] GC(184) Metaspace: 118310K(124184K)->118310K(124184K) NonClass: 104557K(107980K)->104557K(107980K) Class: 13753K(16204K)->13753K(16204K)
[2023-08-24T11:39:51.222+0000][gc            ] GC(184) Pause Young (Concurrent Start) (G1 Evacuation Pause) 882M->346M(1024M) 16.389ms
[2023-08-24T11:39:51.222+0000][gc,cpu        ] GC(184) User=0.11s Sys=0.00s Real=0.02s
[2023-08-24T11:39:51.222+0000][gc            ] GC(185) Concurrent Cycle
[2023-08-24T11:39:51.222+0000][gc,marking    ] GC(185) Concurrent Clear Claimed Marks
[2023-08-24T11:39:51.222+0000][gc,marking    ] GC(185) Concurrent Clear Claimed Marks 0.195ms
[2023-08-24T11:39:51.222+0000][gc,marking    ] GC(185) Concurrent Scan Root Regions
[2023-08-24T11:39:51.232+0000][gc,marking    ] GC(185) Concurrent Scan Root Regions 9.623ms
[2023-08-24T11:39:51.232+0000][gc,marking    ] GC(185) Concurrent Mark (15402.083s)
[2023-08-24T11:39:51.232+0000][gc,marking    ] GC(185) Concurrent Mark From Roots
[2023-08-24T11:39:51.232+0000][gc,task       ] GC(185) Using 2 workers of 2 for marking
[2023-08-24T11:39:51.299+0000][gc,marking    ] GC(185) Concurrent Mark From Roots 67.511ms
[2023-08-24T11:39:51.299+0000][gc,marking    ] GC(185) Concurrent Preclean
[2023-08-24T11:39:51.300+0000][gc,marking    ] GC(185) Concurrent Preclean 0.508ms
[2023-08-24T11:39:51.300+0000][gc,marking    ] GC(185) Concurrent Mark (15402.083s, 15402.151s) 68.079ms
[2023-08-24T11:39:51.300+0000][gc,start      ] GC(185) Pause Remark
[2023-08-24T11:39:51.309+0000][gc,stringtable] GC(185) Cleaned string and symbol table, strings: 43759 processed, 5 removed, symbols: 278368 processed, 0 removed
[2023-08-24T11:39:51.310+0000][gc            ] GC(185) Pause Remark 348M->347M(1024M) 9.643ms
[2023-08-24T11:39:51.310+0000][gc,cpu        ] GC(185) User=0.07s Sys=0.00s Real=0.00s
[2023-08-24T11:39:51.310+0000][gc,marking    ] GC(185) Concurrent Rebuild Remembered Sets
[2023-08-24T11:39:51.352+0000][gc,marking    ] GC(185) Concurrent Rebuild Remembered Sets 42.649ms
[2023-08-24T11:39:51.353+0000][gc,start      ] GC(185) Pause Cleanup
[2023-08-24T11:39:51.353+0000][gc            ] GC(185) Pause Cleanup 347M->347M(1024M) 0.232ms
[2023-08-24T11:39:51.353+0000][gc,cpu        ] GC(185) User=0.00s Sys=0.00s Real=0.00s
[2023-08-24T11:39:51.353+0000][gc,marking    ] GC(185) Concurrent Cleanup for Next Mark
[2023-08-24T11:39:51.354+0000][gc,marking    ] GC(185) Concurrent Cleanup for Next Mark 1.344ms
[2023-08-24T11:39:51.354+0000][gc            ] GC(185) Concurrent Cycle 132.443ms
[2023-08-24T11:41:14.549+0000][gc,start      ] GC(186) Pause Young (Prepare Mixed) (G1 Evacuation Pause)
[2023-08-24T11:41:14.549+0000][gc,task       ] GC(186) Using 8 workers of 8 for evacuation
[2023-08-24T11:41:14.566+0000][gc,phases     ] GC(186)   Pre Evacuate Collection Set: 0.0ms
[2023-08-24T11:41:14.566+0000][gc,phases     ] GC(186)   Evacuate Collection Set: 15.5ms
[2023-08-24T11:41:14.566+0000][gc,phases     ] GC(186)   Post Evacuate Collection Set: 0.6ms
[2023-08-24T11:41:14.566+0000][gc,phases     ] GC(186)   Other: 0.4ms
[2023-08-24T11:41:14.566+0000][gc,heap       ] GC(186) Eden regions: 304->0(25)
[2023-08-24T11:41:14.566+0000][gc,heap       ] GC(186) Survivor regions: 24->26(41)
[2023-08-24T11:41:14.566+0000][gc,heap       ] GC(186) Old regions: 174->175
[2023-08-24T11:41:14.566+0000][gc,heap       ] GC(186) Humongous regions: 149->149
[2023-08-24T11:41:14.566+0000][gc,metaspace  ] GC(186) Metaspace: 118310K(124184K)->118310K(124184K) NonClass: 104557K(107980K)->104557K(107980K) Class: 13753K(16204K)->13753K(16204K)
[2023-08-24T11:41:14.566+0000][gc            ] GC(186) Pause Young (Prepare Mixed) (G1 Evacuation Pause) 649M->349M(1024M) 16.566ms
[2023-08-24T11:41:14.566+0000][gc,cpu        ] GC(186) User=0.12s Sys=0.00s Real=0.02s
[2023-08-24T11:41:15.934+0000][gc,start      ] GC(187) Pause Young (Mixed) (G1 Evacuation Pause)
[2023-08-24T11:41:15.934+0000][gc,task       ] GC(187) Using 8 workers of 8 for evacuation
[2023-08-24T11:41:15.951+0000][gc,phases     ] GC(187)   Pre Evacuate Collection Set: 0.1ms
[2023-08-24T11:41:15.951+0000][gc,phases     ] GC(187)   Evacuate Collection Set: 15.4ms
[2023-08-24T11:41:15.951+0000][gc,phases     ] GC(187)   Post Evacuate Collection Set: 0.6ms
[2023-08-24T11:41:15.951+0000][gc,phases     ] GC(187)   Other: 0.4ms
[2023-08-24T11:41:15.951+0000][gc,heap       ] GC(187) Eden regions: 25->0(561)
[2023-08-24T11:41:15.951+0000][gc,heap       ] GC(187) Survivor regions: 26->4(7)
[2023-08-24T11:41:15.951+0000][gc,heap       ] GC(187) Old regions: 175->171
[2023-08-24T11:41:15.951+0000][gc,heap       ] GC(187) Humongous regions: 149->149
[2023-08-24T11:41:15.951+0000][gc,metaspace  ] GC(187) Metaspace: 118310K(124184K)->118310K(124184K) NonClass: 104557K(107980K)->104557K(107980K) Class: 13753K(16204K)->13753K(16204K)
[2023-08-24T11:41:15.951+0000][gc            ] GC(187) Pause Young (Mixed) (G1 Evacuation Pause) 374M->323M(1024M) 16.504ms
[2023-08-24T11:41:15.951+0000][gc,cpu        ] GC(187) User=0.10s Sys=0.00s Real=0.01s
[2023-08-24T11:43:38.532+0000][gc,start      ] GC(188) Pause Young (Normal) (G1 Evacuation Pause)
[2023-08-24T11:43:38.532+0000][gc,task       ] GC(188) Using 8 workers of 8 for evacuation
[2023-08-24T11:43:38.541+0000][gc,phases     ] GC(188)   Pre Evacuate Collection Set: 0.0ms
[2023-08-24T11:43:38.541+0000][gc,phases     ] GC(188)   Evacuate Collection Set: 7.4ms
[2023-08-24T11:43:38.541+0000][gc,phases     ] GC(188)   Post Evacuate Collection Set: 0.7ms
[2023-08-24T11:43:38.541+0000][gc,phases     ] GC(188)   Other: 0.3ms
[2023-08-24T11:43:38.541+0000][gc,heap       ] GC(188) Eden regions: 561->0(560)
[2023-08-24T11:43:38.541+0000][gc,heap       ] GC(188) Survivor regions: 4->8(71)
[2023-08-24T11:43:38.541+0000][gc,heap       ] GC(188) Old regions: 171->171
[2023-08-24T11:43:38.541+0000][gc,heap       ] GC(188) Humongous regions: 149->149
[2023-08-24T11:43:38.541+0000][gc,metaspace  ] GC(188) Metaspace: 118310K(124184K)->118310K(124184K) NonClass: 104557K(107980K)->104557K(107980K) Class: 13753K(16204K)->13753K(16204K)
[2023-08-24T11:43:38.541+0000][gc            ] GC(188) Pause Young (Normal) (G1 Evacuation Pause) 884M->327M(1024M) 8.531ms
[2023-08-24T11:43:38.541+0000][gc,cpu        ] GC(188) User=0.06s Sys=0.00s Real=0.01s
[2023-08-24T11:45:45.263+0000][gc,start      ] GC(189) Pause Young (Normal) (G1 Evacuation Pause)
[2023-08-24T11:45:45.263+0000][gc,task       ] GC(189) Using 8 workers of 8 for evacuation
[2023-08-24T11:45:45.274+0000][gc,phases     ] GC(189)   Pre Evacuate Collection Set: 0.0ms
[2023-08-24T11:45:45.274+0000][gc,phases     ] GC(189)   Evacuate Collection Set: 10.0ms
[2023-08-24T11:45:45.274+0000][gc,phases     ] GC(189)   Post Evacuate Collection Set: 0.7ms
[2023-08-24T11:45:45.274+0000][gc,phases     ] GC(189)   Other: 0.3ms
[2023-08-24T11:45:45.274+0000][gc,heap       ] GC(189) Eden regions: 560->0(555)
[2023-08-24T11:45:45.274+0000][gc,heap       ] GC(189) Survivor regions: 8->15(71)
[2023-08-24T11:45:45.274+0000][gc,heap       ] GC(189) Old regions: 171->171
[2023-08-24T11:45:45.274+0000][gc,heap       ] GC(189) Humongous regions: 149->149
[2023-08-24T11:45:45.274+0000][gc,metaspace  ] GC(189) Metaspace: 118312K(124184K)->118312K(124184K) NonClass: 104559K(107980K)->104559K(107980K) Class: 13753K(16204K)->13753K(16204K)
[2023-08-24T11:45:45.274+0000][gc            ] GC(189) Pause Young (Normal) (G1 Evacuation Pause) 887M->334M(1024M) 11.081ms
[2023-08-24T11:45:45.274+0000][gc,cpu        ] GC(189) User=0.08s Sys=0.00s Real=0.01s
[2023-08-24T11:48:13.987+0000][gc,start      ] GC(190) Pause Young (Concurrent Start) (G1 Evacuation Pause)
[2023-08-24T11:48:13.987+0000][gc,task       ] GC(190) Using 8 workers of 8 for evacuation
[2023-08-24T11:48:14.003+0000][gc,phases     ] GC(190)   Pre Evacuate Collection Set: 0.5ms
[2023-08-24T11:48:14.003+0000][gc,phases     ] GC(190)   Evacuate Collection Set: 14.3ms
[2023-08-24T11:48:14.003+0000][gc,phases     ] GC(190)   Post Evacuate Collection Set: 0.7ms
[2023-08-24T11:48:14.003+0000][gc,phases     ] GC(190)   Other: 0.4ms
[2023-08-24T11:48:14.003+0000][gc,heap       ] GC(190) Eden regions: 555->0(547)
[2023-08-24T11:48:14.003+0000][gc,heap       ] GC(190) Survivor regions: 15->23(72)
[2023-08-24T11:48:14.003+0000][gc,heap       ] GC(190) Old regions: 171->171
[2023-08-24T11:48:14.003+0000][gc,heap       ] GC(190) Humongous regions: 149->149
[2023-08-24T11:48:14.003+0000][gc,metaspace  ] GC(190) Metaspace: 118312K(124184K)->118312K(124184K) NonClass: 104559K(107980K)->104559K(107980K) Class: 13753K(16204K)->13753K(16204K)
[2023-08-24T11:48:14.003+0000][gc            ] GC(190) Pause Young (Concurrent Start) (G1 Evacuation Pause) 889M->342M(1024M) 15.912ms
[2023-08-24T11:48:14.003+0000][gc,cpu        ] GC(190) User=0.11s Sys=0.00s Real=0.02s
[2023-08-24T11:48:14.003+0000][gc            ] GC(191) Concurrent Cycle
[2023-08-24T11:48:14.003+0000][gc,marking    ] GC(191) Concurrent Clear Claimed Marks
[2023-08-24T11:48:14.003+0000][gc,marking    ] GC(191) Concurrent Clear Claimed Marks 0.199ms
[2023-08-24T11:48:14.003+0000][gc,marking    ] GC(191) Concurrent Scan Root Regions
[2023-08-24T11:48:14.012+0000][gc,marking    ] GC(191) Concurrent Scan Root Regions 8.868ms
[2023-08-24T11:48:14.012+0000][gc,marking    ] GC(191) Concurrent Mark (15904.864s)
[2023-08-24T11:48:14.012+0000][gc,marking    ] GC(191) Concurrent Mark From Roots
[2023-08-24T11:48:14.012+0000][gc,task       ] GC(191) Using 2 workers of 2 for marking
[2023-08-24T11:48:14.078+0000][gc,marking    ] GC(191) Concurrent Mark From Roots 65.884ms
[2023-08-24T11:48:14.078+0000][gc,marking    ] GC(191) Concurrent Preclean
[2023-08-24T11:48:14.079+0000][gc,marking    ] GC(191) Concurrent Preclean 0.508ms
[2023-08-24T11:48:14.079+0000][gc,marking    ] GC(191) Concurrent Mark (15904.864s, 15904.930s) 66.473ms
[2023-08-24T11:48:14.079+0000][gc,start      ] GC(191) Pause Remark
[2023-08-24T11:48:14.090+0000][gc,stringtable] GC(191) Cleaned string and symbol table, strings: 43758 processed, 0 removed, symbols: 278368 processed, 0 removed
[2023-08-24T11:48:14.090+0000][gc            ] GC(191) Pause Remark 343M->342M(1024M) 10.984ms
[2023-08-24T11:48:14.090+0000][gc,cpu        ] GC(191) User=0.07s Sys=0.00s Real=0.00s
[2023-08-24T11:48:14.090+0000][gc,marking    ] GC(191) Concurrent Rebuild Remembered Sets
[2023-08-24T11:48:14.133+0000][gc,marking    ] GC(191) Concurrent Rebuild Remembered Sets 42.743ms
[2023-08-24T11:48:14.133+0000][gc,start      ] GC(191) Pause Cleanup
[2023-08-24T11:48:14.133+0000][gc            ] GC(191) Pause Cleanup 342M->342M(1024M) 0.221ms
[2023-08-24T11:48:14.133+0000][gc,cpu        ] GC(191) User=0.00s Sys=0.00s Real=0.00s
[2023-08-24T11:48:14.133+0000][gc,marking    ] GC(191) Concurrent Cleanup for Next Mark
[2023-08-24T11:48:14.135+0000][gc,marking    ] GC(191) Concurrent Cleanup for Next Mark 1.344ms
[2023-08-24T11:48:14.135+0000][gc            ] GC(191) Concurrent Cycle 131.546ms
[2023-08-24T11:50:00.169+0000][gc,start      ] GC(192) Pause Young (Prepare Mixed) (G1 Evacuation Pause)
[2023-08-24T11:50:00.169+0000][gc,task       ] GC(192) Using 8 workers of 8 for evacuation
[2023-08-24T11:50:00.186+0000][gc,phases     ] GC(192)   Pre Evacuate Collection Set: 0.0ms
[2023-08-24T11:50:00.186+0000][gc,phases     ] GC(192)   Evacuate Collection Set: 15.8ms
[2023-08-24T11:50:00.186+0000][gc,phases     ] GC(192)   Post Evacuate Collection Set: 0.7ms
[2023-08-24T11:50:00.186+0000][gc,phases     ] GC(192)   Other: 0.4ms
[2023-08-24T11:50:00.186+0000][gc,heap       ] GC(192) Eden regions: 419->0(24)
[2023-08-24T11:50:00.186+0000][gc,heap       ] GC(192) Survivor regions: 23->27(56)
[2023-08-24T11:50:00.186+0000][gc,heap       ] GC(192) Old regions: 170->170
[2023-08-24T11:50:00.186+0000][gc,heap       ] GC(192) Humongous regions: 149->149
[2023-08-24T11:50:00.186+0000][gc,metaspace  ] GC(192) Metaspace: 118312K(124184K)->118312K(124184K) NonClass: 104559K(107980K)->104559K(107980K) Class: 13753K(16204K)->13753K(16204K)
[2023-08-24T11:50:00.186+0000][gc            ] GC(192) Pause Young (Prepare Mixed) (G1 Evacuation Pause) 760M->345M(1024M) 16.991ms
[2023-08-24T11:50:00.186+0000][gc,cpu        ] GC(192) User=0.13s Sys=0.00s Real=0.02s
[2023-08-24T11:50:09.747+0000][gc,start      ] GC(193) Pause Young (Mixed) (G1 Evacuation Pause)
[2023-08-24T11:50:09.747+0000][gc,task       ] GC(193) Using 8 workers of 8 for evacuation
[2023-08-24T11:50:09.763+0000][gc,phases     ] GC(193)   Pre Evacuate Collection Set: 0.1ms
[2023-08-24T11:50:09.763+0000][gc,phases     ] GC(193)   Evacuate Collection Set: 15.7ms
[2023-08-24T11:50:09.763+0000][gc,phases     ] GC(193)   Post Evacuate Collection Set: 0.6ms
[2023-08-24T11:50:09.763+0000][gc,phases     ] GC(193)   Other: 0.4ms
[2023-08-24T11:50:09.763+0000][gc,heap       ] GC(193) Eden regions: 24->0(554)
[2023-08-24T11:50:09.763+0000][gc,heap       ] GC(193) Survivor regions: 27->4(7)
[2023-08-24T11:50:09.763+0000][gc,heap       ] GC(193) Old regions: 170->168
[2023-08-24T11:50:09.763+0000][gc,heap       ] GC(193) Humongous regions: 149->149
[2023-08-24T11:50:09.763+0000][gc,metaspace  ] GC(193) Metaspace: 118312K(124184K)->118312K(124184K) NonClass: 104559K(107980K)->104559K(107980K) Class: 13753K(16204K)->13753K(16204K)
[2023-08-24T11:50:09.763+0000][gc            ] GC(193) Pause Young (Mixed) (G1 Evacuation Pause) 369M->320M(1024M) 16.829ms
[2023-08-24T11:50:09.763+0000][gc,cpu        ] GC(193) User=0.12s Sys=0.01s Real=0.02s
[2023-08-24T11:52:21.484+0000][gc,start      ] GC(194) Pause Young (Normal) (G1 Evacuation Pause)
[2023-08-24T11:52:21.484+0000][gc,task       ] GC(194) Using 8 workers of 8 for evacuation
[2023-08-24T11:52:21.492+0000][gc,phases     ] GC(194)   Pre Evacuate Collection Set: 0.0ms
[2023-08-24T11:52:21.492+0000][gc,phases     ] GC(194)   Evacuate Collection Set: 7.8ms
[2023-08-24T11:52:21.492+0000][gc,phases     ] GC(194)   Post Evacuate Collection Set: 0.7ms
[2023-08-24T11:52:21.493+0000][gc,phases     ] GC(194)   Other: 0.3ms
[2023-08-24T11:52:21.493+0000][gc,heap       ] GC(194) Eden regions: 554->0(554)
[2023-08-24T11:52:21.493+0000][gc,heap       ] GC(194) Survivor regions: 4->9(70)
[2023-08-24T11:52:21.493+0000][gc,heap       ] GC(194) Old regions: 168->168
[2023-08-24T11:52:21.493+0000][gc,heap       ] GC(194) Humongous regions: 149->149
[2023-08-24T11:52:21.493+0000][gc,metaspace  ] GC(194) Metaspace: 118312K(124184K)->118312K(124184K) NonClass: 104559K(107980K)->104559K(107980K) Class: 13753K(16204K)->13753K(16204K)
[2023-08-24T11:52:21.493+0000][gc            ] GC(194) Pause Young (Normal) (G1 Evacuation Pause) 874M->325M(1024M) 8.958ms
[2023-08-24T11:52:21.493+0000][gc,cpu        ] GC(194) User=0.06s Sys=0.00s Real=0.01s
[2023-08-24T11:54:41.044+0000][gc,start      ] GC(195) Pause Young (Normal) (G1 Evacuation Pause)
[2023-08-24T11:54:41.044+0000][gc,task       ] GC(195) Using 8 workers of 8 for evacuation
[2023-08-24T11:54:41.057+0000][gc,phases     ] GC(195)   Pre Evacuate Collection Set: 0.0ms
[2023-08-24T11:54:41.057+0000][gc,phases     ] GC(195)   Evacuate Collection Set: 12.2ms
[2023-08-24T11:54:41.057+0000][gc,phases     ] GC(195)   Post Evacuate Collection Set: 0.8ms
[2023-08-24T11:54:41.057+0000][gc,phases     ] GC(195)   Other: 0.3ms
[2023-08-24T11:54:41.057+0000][gc,heap       ] GC(195) Eden regions: 554->0(551)
[2023-08-24T11:54:41.057+0000][gc,heap       ] GC(195) Survivor regions: 9->15(71)
[2023-08-24T11:54:41.057+0000][gc,heap       ] GC(195) Old regions: 168->168
[2023-08-24T11:54:41.057+0000][gc,heap       ] GC(195) Humongous regions: 149->149
[2023-08-24T11:54:41.057+0000][gc,metaspace  ] GC(195) Metaspace: 118313K(124184K)->118313K(124184K) NonClass: 104560K(107980K)->104560K(107980K) Class: 13753K(16204K)->13753K(16204K)
[2023-08-24T11:54:41.057+0000][gc            ] GC(195) Pause Young (Normal) (G1 Evacuation Pause) 879M->331M(1024M) 13.389ms
[2023-08-24T11:54:41.057+0000][gc,cpu        ] GC(195) User=0.09s Sys=0.00s Real=0.01s
[2023-08-24T11:56:51.689+0000][gc,start      ] GC(196) Pause Young (Concurrent Start) (G1 Evacuation Pause)
[2023-08-24T11:56:51.689+0000][gc,task       ] GC(196) Using 8 workers of 8 for evacuation
[2023-08-24T11:56:51.704+0000][gc,phases     ] GC(196)   Pre Evacuate Collection Set: 0.5ms
[2023-08-24T11:56:51.704+0000][gc,phases     ] GC(196)   Evacuate Collection Set: 13.8ms
[2023-08-24T11:56:51.704+0000][gc,phases     ] GC(196)   Post Evacuate Collection Set: 0.7ms
[2023-08-24T11:56:51.704+0000][gc,phases     ] GC(196)   Other: 0.4ms
[2023-08-24T11:56:51.704+0000][gc,heap       ] GC(196) Eden regions: 551->0(494)
[2023-08-24T11:56:51.704+0000][gc,heap       ] GC(196) Survivor regions: 15->26(71)
[2023-08-24T11:56:51.704+0000][gc,heap       ] GC(196) Old regions: 168->168
[2023-08-24T11:56:51.704+0000][gc,heap       ] GC(196) Humongous regions: 149->149
[2023-08-24T11:56:51.704+0000][gc,metaspace  ] GC(196) Metaspace: 118313K(124184K)->118313K(124184K) NonClass: 104560K(107980K)->104560K(107980K) Class: 13753K(16204K)->13753K(16204K)
[2023-08-24T11:56:51.704+0000][gc            ] GC(196) Pause Young (Concurrent Start) (G1 Evacuation Pause) 882M->341M(1024M) 15.388ms
[2023-08-24T11:56:51.704+0000][gc,cpu        ] GC(196) User=0.11s Sys=0.00s Real=0.02s
[2023-08-24T11:56:51.704+0000][gc            ] GC(197) Concurrent Cycle
[2023-08-24T11:56:51.704+0000][gc,marking    ] GC(197) Concurrent Clear Claimed Marks
[2023-08-24T11:56:51.704+0000][gc,marking    ] GC(197) Concurrent Clear Claimed Marks 0.202ms
[2023-08-24T11:56:51.704+0000][gc,marking    ] GC(197) Concurrent Scan Root Regions
[2023-08-24T11:56:51.713+0000][gc,marking    ] GC(197) Concurrent Scan Root Regions 8.650ms
[2023-08-24T11:56:51.713+0000][gc,marking    ] GC(197) Concurrent Mark (16422.564s)
[2023-08-24T11:56:51.713+0000][gc,marking    ] GC(197) Concurrent Mark From Roots
[2023-08-24T11:56:51.713+0000][gc,task       ] GC(197) Using 2 workers of 2 for marking
[2023-08-24T11:56:51.778+0000][gc,marking    ] GC(197) Concurrent Mark From Roots 64.861ms
[2023-08-24T11:56:51.778+0000][gc,marking    ] GC(197) Concurrent Preclean
[2023-08-24T11:56:51.778+0000][gc,marking    ] GC(197) Concurrent Preclean 0.463ms
[2023-08-24T11:56:51.778+0000][gc,marking    ] GC(197) Concurrent Mark (16422.564s, 16422.630s) 65.374ms
[2023-08-24T11:56:51.779+0000][gc,start      ] GC(197) Pause Remark
[2023-08-24T11:56:51.788+0000][gc,stringtable] GC(197) Cleaned string and symbol table, strings: 43761 processed, 0 removed, symbols: 278369 processed, 1 removed
[2023-08-24T11:56:51.788+0000][gc            ] GC(197) Pause Remark 351M->351M(1024M) 9.676ms
[2023-08-24T11:56:51.788+0000][gc,cpu        ] GC(197) User=0.07s Sys=0.00s Real=0.01s
[2023-08-24T11:56:51.788+0000][gc,marking    ] GC(197) Concurrent Rebuild Remembered Sets
[2023-08-24T11:56:51.831+0000][gc,marking    ] GC(197) Concurrent Rebuild Remembered Sets 42.300ms
[2023-08-24T11:56:51.831+0000][gc,start      ] GC(197) Pause Cleanup
[2023-08-24T11:56:51.831+0000][gc            ] GC(197) Pause Cleanup 351M->351M(1024M) 0.230ms
[2023-08-24T11:56:51.831+0000][gc,cpu        ] GC(197) User=0.00s Sys=0.00s Real=0.00s
[2023-08-24T11:56:51.831+0000][gc,marking    ] GC(197) Concurrent Cleanup for Next Mark
[2023-08-24T11:56:51.833+0000][gc,marking    ] GC(197) Concurrent Cleanup for Next Mark 1.377ms
[2023-08-24T11:56:51.833+0000][gc            ] GC(197) Concurrent Cycle 128.514ms
[2023-08-24T11:58:19.258+0000][gc,start      ] GC(198) Pause Young (Prepare Mixed) (G1 Evacuation Pause)
[2023-08-24T11:58:19.258+0000][gc,task       ] GC(198) Using 8 workers of 8 for evacuation
[2023-08-24T11:58:19.276+0000][gc,phases     ] GC(198)   Pre Evacuate Collection Set: 0.0ms
[2023-08-24T11:58:19.276+0000][gc,phases     ] GC(198)   Evacuate Collection Set: 17.0ms
[2023-08-24T11:58:19.276+0000][gc,phases     ] GC(198)   Post Evacuate Collection Set: 0.7ms
[2023-08-24T11:58:19.276+0000][gc,phases     ] GC(198)   Other: 0.4ms
[2023-08-24T11:58:19.276+0000][gc,heap       ] GC(198) Eden regions: 348->0(32)
[2023-08-24T11:58:19.276+0000][gc,heap       ] GC(198) Survivor regions: 26->19(47)
[2023-08-24T11:58:19.276+0000][gc,heap       ] GC(198) Old regions: 168->174
[2023-08-24T11:58:19.276+0000][gc,heap       ] GC(198) Humongous regions: 149->149
[2023-08-24T11:58:19.276+0000][gc,metaspace  ] GC(198) Metaspace: 118313K(124184K)->118313K(124184K) NonClass: 104560K(107980K)->104560K(107980K) Class: 13753K(16204K)->13753K(16204K)
[2023-08-24T11:58:19.276+0000][gc            ] GC(198) Pause Young (Prepare Mixed) (G1 Evacuation Pause) 689M->341M(1024M) 18.095ms
[2023-08-24T11:58:19.276+0000][gc,cpu        ] GC(198) User=0.13s Sys=0.00s Real=0.02s
[2023-08-24T11:58:29.661+0000][gc,start      ] GC(199) Pause Young (Mixed) (G1 Evacuation Pause)
[2023-08-24T11:58:29.661+0000][gc,task       ] GC(199) Using 8 workers of 8 for evacuation
[2023-08-24T11:58:29.676+0000][gc,phases     ] GC(199)   Pre Evacuate Collection Set: 0.1ms
[2023-08-24T11:58:29.676+0000][gc,phases     ] GC(199)   Evacuate Collection Set: 14.4ms
[2023-08-24T11:58:29.676+0000][gc,phases     ] GC(199)   Post Evacuate Collection Set: 0.6ms
[2023-08-24T11:58:29.676+0000][gc,phases     ] GC(199)   Other: 0.4ms
[2023-08-24T11:58:29.676+0000][gc,heap       ] GC(199) Eden regions: 32->0(562)
[2023-08-24T11:58:29.676+0000][gc,heap       ] GC(199) Survivor regions: 19->4(7)
[2023-08-24T11:58:29.676+0000][gc,heap       ] GC(199) Old regions: 174->166
[2023-08-24T11:58:29.676+0000][gc,heap       ] GC(199) Humongous regions: 149->149
[2023-08-24T11:58:29.676+0000][gc,metaspace  ] GC(199) Metaspace: 118313K(124184K)->118313K(124184K) NonClass: 104560K(107980K)->104560K(107980K) Class: 13753K(16204K)->13753K(16204K)
[2023-08-24T11:58:29.676+0000][gc            ] GC(199) Pause Young (Mixed) (G1 Evacuation Pause) 373M->318M(1024M) 15.482ms
[2023-08-24T11:58:29.676+0000][gc,cpu        ] GC(199) User=0.10s Sys=0.00s Real=0.01s
[2023-08-24T12:00:44.655+0000][gc,start      ] GC(200) Pause Young (Normal) (G1 Evacuation Pause)
[2023-08-24T12:00:44.655+0000][gc,task       ] GC(200) Using 8 workers of 8 for evacuation
[2023-08-24T12:00:44.664+0000][gc,phases     ] GC(200)   Pre Evacuate Collection Set: 0.0ms
[2023-08-24T12:00:44.664+0000][gc,phases     ] GC(200)   Evacuate Collection Set: 7.1ms
[2023-08-24T12:00:44.664+0000][gc,phases     ] GC(200)   Post Evacuate Collection Set: 0.7ms
[2023-08-24T12:00:44.664+0000][gc,phases     ] GC(200)   Other: 0.3ms
[2023-08-24T12:00:44.664+0000][gc,heap       ] GC(200) Eden regions: 562->0(560)
[2023-08-24T12:00:44.664+0000][gc,heap       ] GC(200) Survivor regions: 4->9(71)
[2023-08-24T12:00:44.664+0000][gc,heap       ] GC(200) Old regions: 166->166
[2023-08-24T12:00:44.664+0000][gc,heap       ] GC(200) Humongous regions: 149->149
[2023-08-24T12:00:44.664+0000][gc,metaspace  ] GC(200) Metaspace: 118313K(124184K)->118313K(124184K) NonClass: 104560K(107980K)->104560K(107980K) Class: 13753K(16204K)->13753K(16204K)
[2023-08-24T12:00:44.664+0000][gc            ] GC(200) Pause Young (Normal) (G1 Evacuation Pause) 880M->323M(1024M) 8.325ms
[2023-08-24T12:00:44.664+0000][gc,cpu        ] GC(200) User=0.06s Sys=0.00s Real=0.01s
[2023-08-24T12:03:11.990+0000][gc,start      ] GC(201) Pause Young (Normal) (G1 Evacuation Pause)
[2023-08-24T12:03:11.990+0000][gc,task       ] GC(201) Using 8 workers of 8 for evacuation
[2023-08-24T12:03:12.002+0000][gc,phases     ] GC(201)   Pre Evacuate Collection Set: 0.0ms
[2023-08-24T12:03:12.002+0000][gc,phases     ] GC(201)   Evacuate Collection Set: 10.1ms
[2023-08-24T12:03:12.002+0000][gc,phases     ] GC(201)   Post Evacuate Collection Set: 0.7ms
[2023-08-24T12:03:12.002+0000][gc,phases     ] GC(201)   Other: 0.4ms
[2023-08-24T12:03:12.002+0000][gc,heap       ] GC(201) Eden regions: 560->0(556)
[2023-08-24T12:03:12.002+0000][gc,heap       ] GC(201) Survivor regions: 9->16(72)
[2023-08-24T12:03:12.002+0000][gc,heap       ] GC(201) Old regions: 166->166
[2023-08-24T12:03:12.002+0000][gc,heap       ] GC(201) Humongous regions: 149->149
[2023-08-24T12:03:12.002+0000][gc,metaspace  ] GC(201) Metaspace: 118313K(124184K)->118313K(124184K) NonClass: 104560K(107980K)->104560K(107980K) Class: 13753K(16204K)->13753K(16204K)
[2023-08-24T12:03:12.002+0000][gc            ] GC(201) Pause Young (Normal) (G1 Evacuation Pause) 883M->330M(1024M) 11.288ms
[2023-08-24T12:03:12.002+0000][gc,cpu        ] GC(201) User=0.08s Sys=0.00s Real=0.02s
[2023-08-24T12:05:31.571+0000][gc,start      ] GC(202) Pause Young (Concurrent Start) (G1 Evacuation Pause)
[2023-08-24T12:05:31.571+0000][gc,task       ] GC(202) Using 8 workers of 8 for evacuation
[2023-08-24T12:05:31.586+0000][gc,phases     ] GC(202)   Pre Evacuate Collection Set: 0.5ms
[2023-08-24T12:05:31.586+0000][gc,phases     ] GC(202)   Evacuate Collection Set: 13.5ms
[2023-08-24T12:05:31.586+0000][gc,phases     ] GC(202)   Post Evacuate Collection Set: 0.7ms
[2023-08-24T12:05:31.586+0000][gc,phases     ] GC(202)   Other: 0.4ms
[2023-08-24T12:05:31.586+0000][gc,heap       ] GC(202) Eden regions: 556->0(553)
[2023-08-24T12:05:31.586+0000][gc,heap       ] GC(202) Survivor regions: 16->22(72)
[2023-08-24T12:05:31.586+0000][gc,heap       ] GC(202) Old regions: 166->166
[2023-08-24T12:05:31.586+0000][gc,heap       ] GC(202) Humongous regions: 149->149
[2023-08-24T12:05:31.586+0000][gc,metaspace  ] GC(202) Metaspace: 118320K(124184K)->118320K(124184K) NonClass: 104567K(107980K)->104567K(107980K) Class: 13753K(16204K)->13753K(16204K)
[2023-08-24T12:05:31.586+0000][gc            ] GC(202) Pause Young (Concurrent Start) (G1 Evacuation Pause) 886M->336M(1024M) 15.186ms
[2023-08-24T12:05:31.586+0000][gc,cpu        ] GC(202) User=0.11s Sys=0.00s Real=0.02s
[2023-08-24T12:05:31.586+0000][gc            ] GC(203) Concurrent Cycle
[2023-08-24T12:05:31.586+0000][gc,marking    ] GC(203) Concurrent Clear Claimed Marks
[2023-08-24T12:05:31.586+0000][gc,marking    ] GC(203) Concurrent Clear Claimed Marks 0.346ms
[2023-08-24T12:05:31.586+0000][gc,marking    ] GC(203) Concurrent Scan Root Regions
[2023-08-24T12:05:31.595+0000][gc,marking    ] GC(203) Concurrent Scan Root Regions 8.189ms
[2023-08-24T12:05:31.595+0000][gc,marking    ] GC(203) Concurrent Mark (16942.446s)
[2023-08-24T12:05:31.595+0000][gc,marking    ] GC(203) Concurrent Mark From Roots
[2023-08-24T12:05:31.595+0000][gc,task       ] GC(203) Using 2 workers of 2 for marking
[2023-08-24T12:05:31.667+0000][gc,marking    ] GC(203) Concurrent Mark From Roots 72.099ms
[2023-08-24T12:05:31.667+0000][gc,marking    ] GC(203) Concurrent Preclean
[2023-08-24T12:05:31.667+0000][gc,marking    ] GC(203) Concurrent Preclean 0.538ms
[2023-08-24T12:05:31.667+0000][gc,marking    ] GC(203) Concurrent Mark (16942.446s, 16942.519s) 72.715ms
[2023-08-24T12:05:31.667+0000][gc,start      ] GC(203) Pause Remark
[2023-08-24T12:05:31.677+0000][gc,stringtable] GC(203) Cleaned string and symbol table, strings: 43762 processed, 0 removed, symbols: 278368 processed, 0 removed
[2023-08-24T12:05:31.678+0000][gc            ] GC(203) Pause Remark 337M->337M(1024M) 10.078ms
[2023-08-24T12:05:31.678+0000][gc,cpu        ] GC(203) User=0.07s Sys=0.00s Real=0.01s
[2023-08-24T12:05:31.678+0000][gc,marking    ] GC(203) Concurrent Rebuild Remembered Sets
[2023-08-24T12:05:31.720+0000][gc,marking    ] GC(203) Concurrent Rebuild Remembered Sets 42.329ms
[2023-08-24T12:05:31.720+0000][gc,start      ] GC(203) Pause Cleanup
[2023-08-24T12:05:31.721+0000][gc            ] GC(203) Pause Cleanup 339M->339M(1024M) 0.246ms
[2023-08-24T12:05:31.721+0000][gc,cpu        ] GC(203) User=0.00s Sys=0.00s Real=0.00s
[2023-08-24T12:05:31.721+0000][gc,marking    ] GC(203) Concurrent Cleanup for Next Mark
[2023-08-24T12:05:31.722+0000][gc,marking    ] GC(203) Concurrent Cleanup for Next Mark 1.340ms
[2023-08-24T12:05:31.722+0000][gc            ] GC(203) Concurrent Cycle 136.022ms
[2023-08-24T12:07:44.510+0000][gc,start      ] GC(204) Pause Young (Prepare Mixed) (G1 Evacuation Pause)
[2023-08-24T12:07:44.510+0000][gc,task       ] GC(204) Using 8 workers of 8 for evacuation
[2023-08-24T12:07:44.528+0000][gc,phases     ] GC(204)   Pre Evacuate Collection Set: 0.0ms
[2023-08-24T12:07:44.528+0000][gc,phases     ] GC(204)   Evacuate Collection Set: 16.4ms
[2023-08-24T12:07:44.528+0000][gc,phases     ] GC(204)   Post Evacuate Collection Set: 0.8ms
[2023-08-24T12:07:44.528+0000][gc,phases     ] GC(204)   Other: 0.4ms
[2023-08-24T12:07:44.528+0000][gc,heap       ] GC(204) Eden regions: 523->0(23)
[2023-08-24T12:07:44.528+0000][gc,heap       ] GC(204) Survivor regions: 22->28(69)
[2023-08-24T12:07:44.528+0000][gc,heap       ] GC(204) Old regions: 166->166
[2023-08-24T12:07:44.528+0000][gc,heap       ] GC(204) Humongous regions: 149->149
[2023-08-24T12:07:44.528+0000][gc,metaspace  ] GC(204) Metaspace: 118320K(124184K)->118320K(124184K) NonClass: 104567K(107980K)->104567K(107980K) Class: 13753K(16204K)->13753K(16204K)
[2023-08-24T12:07:44.528+0000][gc            ] GC(204) Pause Young (Prepare Mixed) (G1 Evacuation Pause) 859M->342M(1024M) 17.660ms
[2023-08-24T12:07:44.528+0000][gc,cpu        ] GC(204) User=0.12s Sys=0.01s Real=0.02s
[2023-08-24T12:07:44.658+0000][gc,start      ] GC(205) Pause Young (Mixed) (G1 Evacuation Pause)
[2023-08-24T12:07:44.658+0000][gc,task       ] GC(205) Using 8 workers of 8 for evacuation
[2023-08-24T12:07:44.675+0000][gc,phases     ] GC(205)   Pre Evacuate Collection Set: 0.1ms
[2023-08-24T12:07:44.675+0000][gc,phases     ] GC(205)   Evacuate Collection Set: 15.8ms
[2023-08-24T12:07:44.675+0000][gc,phases     ] GC(205)   Post Evacuate Collection Set: 0.6ms
[2023-08-24T12:07:44.675+0000][gc,phases     ] GC(205)   Other: 0.4ms
[2023-08-24T12:07:44.675+0000][gc,heap       ] GC(205) Eden regions: 23->0(562)
[2023-08-24T12:07:44.675+0000][gc,heap       ] GC(205) Survivor regions: 28->4(7)
[2023-08-24T12:07:44.675+0000][gc,heap       ] GC(205) Old regions: 166->169
[2023-08-24T12:07:44.675+0000][gc,heap       ] GC(205) Humongous regions: 149->149
[2023-08-24T12:07:44.675+0000][gc,metaspace  ] GC(205) Metaspace: 118320K(124184K)->118320K(124184K) NonClass: 104567K(107980K)->104567K(107980K) Class: 13753K(16204K)->13753K(16204K)
[2023-08-24T12:07:44.675+0000][gc            ] GC(205) Pause Young (Mixed) (G1 Evacuation Pause) 365M->321M(1024M) 16.938ms
[2023-08-24T12:07:44.675+0000][gc,cpu        ] GC(205) User=0.13s Sys=0.00s Real=0.02s
[2023-08-24T12:10:03.530+0000][gc,start      ] GC(206) Pause Young (Normal) (G1 Evacuation Pause)
[2023-08-24T12:10:03.530+0000][gc,task       ] GC(206) Using 8 workers of 8 for evacuation
[2023-08-24T12:10:03.538+0000][gc,phases     ] GC(206)   Pre Evacuate Collection Set: 0.0ms
[2023-08-24T12:10:03.538+0000][gc,phases     ] GC(206)   Evacuate Collection Set: 7.5ms
[2023-08-24T12:10:03.538+0000][gc,phases     ] GC(206)   Post Evacuate Collection Set: 0.7ms
[2023-08-24T12:10:03.538+0000][gc,phases     ] GC(206)   Other: 0.4ms
[2023-08-24T12:10:03.538+0000][gc,heap       ] GC(206) Eden regions: 562->0(560)
[2023-08-24T12:10:03.538+0000][gc,heap       ] GC(206) Survivor regions: 4->9(71)
[2023-08-24T12:10:03.538+0000][gc,heap       ] GC(206) Old regions: 169->169
[2023-08-24T12:10:03.538+0000][gc,heap       ] GC(206) Humongous regions: 149->149
[2023-08-24T12:10:03.538+0000][gc,metaspace  ] GC(206) Metaspace: 118324K(124184K)->118324K(124184K) NonClass: 104570K(107980K)->104570K(107980K) Class: 13753K(16204K)->13753K(16204K)
[2023-08-24T12:10:03.538+0000][gc            ] GC(206) Pause Young (Normal) (G1 Evacuation Pause) 883M->326M(1024M) 8.687ms
[2023-08-24T12:10:03.538+0000][gc,cpu        ] GC(206) User=0.07s Sys=0.00s Real=0.01s
[2023-08-24T12:12:21.479+0000][gc,start      ] GC(207) Pause Young (Normal) (G1 Evacuation Pause)
[2023-08-24T12:12:21.479+0000][gc,task       ] GC(207) Using 8 workers of 8 for evacuation
[2023-08-24T12:12:21.491+0000][gc,phases     ] GC(207)   Pre Evacuate Collection Set: 0.0ms
[2023-08-24T12:12:21.491+0000][gc,phases     ] GC(207)   Evacuate Collection Set: 10.4ms
[2023-08-24T12:12:21.491+0000][gc,phases     ] GC(207)   Post Evacuate Collection Set: 0.7ms
[2023-08-24T12:12:21.491+0000][gc,phases     ] GC(207)   Other: 0.4ms
[2023-08-24T12:12:21.491+0000][gc,heap       ] GC(207) Eden regions: 560->0(556)
[2023-08-24T12:12:21.491+0000][gc,heap       ] GC(207) Survivor regions: 9->15(72)
[2023-08-24T12:12:21.491+0000][gc,heap       ] GC(207) Old regions: 169->169
[2023-08-24T12:12:21.491+0000][gc,heap       ] GC(207) Humongous regions: 149->149
[2023-08-24T12:12:21.491+0000][gc,metaspace  ] GC(207) Metaspace: 118324K(124184K)->118324K(124184K) NonClass: 104570K(107980K)->104570K(107980K) Class: 13753K(16204K)->13753K(16204K)
[2023-08-24T12:12:21.491+0000][gc            ] GC(207) Pause Young (Normal) (G1 Evacuation Pause) 886M->332M(1024M) 11.623ms
[2023-08-24T12:12:21.491+0000][gc,cpu        ] GC(207) User=0.08s Sys=0.00s Real=0.00s
[2023-08-24T12:14:45.254+0000][gc,start      ] GC(208) Pause Young (Concurrent Start) (G1 Evacuation Pause)
[2023-08-24T12:14:45.254+0000][gc,task       ] GC(208) Using 8 workers of 8 for evacuation
[2023-08-24T12:14:45.270+0000][gc,phases     ] GC(208)   Pre Evacuate Collection Set: 0.5ms
[2023-08-24T12:14:45.270+0000][gc,phases     ] GC(208)   Evacuate Collection Set: 14.7ms
[2023-08-24T12:14:45.270+0000][gc,phases     ] GC(208)   Post Evacuate Collection Set: 0.8ms
[2023-08-24T12:14:45.270+0000][gc,phases     ] GC(208)   Other: 0.5ms
[2023-08-24T12:14:45.270+0000][gc,heap       ] GC(208) Eden regions: 556->0(551)
[2023-08-24T12:14:45.270+0000][gc,heap       ] GC(208) Survivor regions: 15->22(72)
[2023-08-24T12:14:45.270+0000][gc,heap       ] GC(208) Old regions: 169->169
[2023-08-24T12:14:45.270+0000][gc,heap       ] GC(208) Humongous regions: 149->149
[2023-08-24T12:14:45.270+0000][gc,metaspace  ] GC(208) Metaspace: 118332K(124184K)->118332K(124184K) NonClass: 104579K(107980K)->104579K(107980K) Class: 13753K(16204K)->13753K(16204K)
[2023-08-24T12:14:45.270+0000][gc            ] GC(208) Pause Young (Concurrent Start) (G1 Evacuation Pause) 888M->339M(1024M) 16.544ms
[2023-08-24T12:14:45.270+0000][gc,cpu        ] GC(208) User=0.11s Sys=0.00s Real=0.01s
[2023-08-24T12:14:45.270+0000][gc            ] GC(209) Concurrent Cycle
[2023-08-24T12:14:45.271+0000][gc,marking    ] GC(209) Concurrent Clear Claimed Marks
[2023-08-24T12:14:45.271+0000][gc,marking    ] GC(209) Concurrent Clear Claimed Marks 0.472ms
[2023-08-24T12:14:45.271+0000][gc,marking    ] GC(209) Concurrent Scan Root Regions
[2023-08-24T12:14:45.282+0000][gc,marking    ] GC(209) Concurrent Scan Root Regions 11.296ms
[2023-08-24T12:14:45.282+0000][gc,marking    ] GC(209) Concurrent Mark (17496.134s)
[2023-08-24T12:14:45.282+0000][gc,marking    ] GC(209) Concurrent Mark From Roots
[2023-08-24T12:14:45.282+0000][gc,task       ] GC(209) Using 2 workers of 2 for marking
[2023-08-24T12:14:45.354+0000][gc,marking    ] GC(209) Concurrent Mark From Roots 71.247ms
[2023-08-24T12:14:45.354+0000][gc,marking    ] GC(209) Concurrent Preclean
[2023-08-24T12:14:45.354+0000][gc,marking    ] GC(209) Concurrent Preclean 0.539ms
[2023-08-24T12:14:45.354+0000][gc,marking    ] GC(209) Concurrent Mark (17496.134s, 17496.206s) 71.869ms
[2023-08-24T12:14:45.354+0000][gc,start      ] GC(209) Pause Remark
[2023-08-24T12:14:45.364+0000][gc,stringtable] GC(209) Cleaned string and symbol table, strings: 43777 processed, 0 removed, symbols: 278368 processed, 0 removed
[2023-08-24T12:14:45.364+0000][gc            ] GC(209) Pause Remark 347M->347M(1024M) 9.813ms
[2023-08-24T12:14:45.364+0000][gc,cpu        ] GC(209) User=0.07s Sys=0.00s Real=0.01s
[2023-08-24T12:14:45.364+0000][gc,marking    ] GC(209) Concurrent Rebuild Remembered Sets
[2023-08-24T12:14:45.408+0000][gc,marking    ] GC(209) Concurrent Rebuild Remembered Sets 43.724ms
[2023-08-24T12:14:45.408+0000][gc,start      ] GC(209) Pause Cleanup
[2023-08-24T12:14:45.409+0000][gc            ] GC(209) Pause Cleanup 347M->347M(1024M) 0.257ms
[2023-08-24T12:14:45.409+0000][gc,cpu        ] GC(209) User=0.00s Sys=0.00s Real=0.00s
[2023-08-24T12:14:45.409+0000][gc,marking    ] GC(209) Concurrent Cleanup for Next Mark
[2023-08-24T12:14:45.410+0000][gc,marking    ] GC(209) Concurrent Cleanup for Next Mark 1.379ms
[2023-08-24T12:14:45.410+0000][gc            ] GC(209) Concurrent Cycle 139.720ms
[2023-08-24T12:16:29.639+0000][gc,start      ] GC(210) Pause Young (Prepare Mixed) (G1 Evacuation Pause)
[2023-08-24T12:16:29.639+0000][gc,task       ] GC(210) Using 8 workers of 8 for evacuation
[2023-08-24T12:16:29.656+0000][gc,phases     ] GC(210)   Pre Evacuate Collection Set: 0.0ms
[2023-08-24T12:16:29.656+0000][gc,phases     ] GC(210)   Evacuate Collection Set: 15.7ms
[2023-08-24T12:16:29.656+0000][gc,phases     ] GC(210)   Post Evacuate Collection Set: 0.7ms
[2023-08-24T12:16:29.656+0000][gc,phases     ] GC(210)   Other: 0.4ms
[2023-08-24T12:16:29.656+0000][gc,heap       ] GC(210) Eden regions: 423->0(23)
[2023-08-24T12:16:29.656+0000][gc,heap       ] GC(210) Survivor regions: 22->28(56)
[2023-08-24T12:16:29.656+0000][gc,heap       ] GC(210) Old regions: 169->169
[2023-08-24T12:16:29.656+0000][gc,heap       ] GC(210) Humongous regions: 149->149
[2023-08-24T12:16:29.656+0000][gc,metaspace  ] GC(210) Metaspace: 118333K(124184K)->118333K(124184K) NonClass: 104580K(107980K)->104580K(107980K) Class: 13753K(16204K)->13753K(16204K)
[2023-08-24T12:16:29.656+0000][gc            ] GC(210) Pause Young (Prepare Mixed) (G1 Evacuation Pause) 762M->345M(1024M) 16.938ms
[2023-08-24T12:16:29.656+0000][gc,cpu        ] GC(210) User=0.12s Sys=0.00s Real=0.01s
[2023-08-24T12:16:37.692+0000][gc,start      ] GC(211) Pause Young (Mixed) (G1 Evacuation Pause)
[2023-08-24T12:16:37.692+0000][gc,task       ] GC(211) Using 8 workers of 8 for evacuation
[2023-08-24T12:16:37.711+0000][gc,phases     ] GC(211)   Pre Evacuate Collection Set: 0.1ms
[2023-08-24T12:16:37.711+0000][gc,phases     ] GC(211)   Evacuate Collection Set: 17.7ms
[2023-08-24T12:16:37.711+0000][gc,phases     ] GC(211)   Post Evacuate Collection Set: 0.6ms
[2023-08-24T12:16:37.711+0000][gc,phases     ] GC(211)   Other: 0.4ms
[2023-08-24T12:16:37.711+0000][gc,heap       ] GC(211) Eden regions: 23->0(540)
[2023-08-24T12:16:37.711+0000][gc,heap       ] GC(211) Survivor regions: 28->4(7)
[2023-08-24T12:16:37.711+0000][gc,heap       ] GC(211) Old regions: 169->167
[2023-08-24T12:16:37.711+0000][gc,heap       ] GC(211) Humongous regions: 149->149
[2023-08-24T12:16:37.711+0000][gc,metaspace  ] GC(211) Metaspace: 118333K(124184K)->118333K(124184K) NonClass: 104580K(107980K)->104580K(107980K) Class: 13753K(16204K)->13753K(16204K)
[2023-08-24T12:16:37.711+0000][gc            ] GC(211) Pause Young (Mixed) (G1 Evacuation Pause) 368M->319M(1024M) 18.942ms
[2023-08-24T12:16:37.711+0000][gc,cpu        ] GC(211) User=0.13s Sys=0.00s Real=0.02s
[2023-08-24T12:18:44.548+0000][gc,start      ] GC(212) Pause Young (Normal) (G1 Evacuation Pause)
[2023-08-24T12:18:44.548+0000][gc,task       ] GC(212) Using 8 workers of 8 for evacuation
[2023-08-24T12:18:44.557+0000][gc,phases     ] GC(212)   Pre Evacuate Collection Set: 0.0ms
[2023-08-24T12:18:44.557+0000][gc,phases     ] GC(212)   Evacuate Collection Set: 7.4ms
[2023-08-24T12:18:44.557+0000][gc,phases     ] GC(212)   Post Evacuate Collection Set: 0.7ms
[2023-08-24T12:18:44.557+0000][gc,phases     ] GC(212)   Other: 0.3ms
[2023-08-24T12:18:44.557+0000][gc,heap       ] GC(212) Eden regions: 540->0(542)
[2023-08-24T12:18:44.557+0000][gc,heap       ] GC(212) Survivor regions: 4->9(68)
[2023-08-24T12:18:44.557+0000][gc,heap       ] GC(212) Old regions: 167->167
[2023-08-24T12:18:44.557+0000][gc,heap       ] GC(212) Humongous regions: 149->149
[2023-08-24T12:18:44.557+0000][gc,metaspace  ] GC(212) Metaspace: 118333K(124184K)->118333K(124184K) NonClass: 104580K(107980K)->104580K(107980K) Class: 13753K(16204K)->13753K(16204K)
[2023-08-24T12:18:44.557+0000][gc            ] GC(212) Pause Young (Normal) (G1 Evacuation Pause) 859M->324M(1024M) 8.479ms
[2023-08-24T12:18:44.557+0000][gc,cpu        ] GC(212) User=0.06s Sys=0.00s Real=0.01s
[2023-08-24T12:20:59.188+0000][gc,start      ] GC(213) Pause Young (Normal) (G1 Evacuation Pause)
[2023-08-24T12:20:59.188+0000][gc,task       ] GC(213) Using 8 workers of 8 for evacuation
[2023-08-24T12:20:59.200+0000][gc,phases     ] GC(213)   Pre Evacuate Collection Set: 0.0ms
[2023-08-24T12:20:59.200+0000][gc,phases     ] GC(213)   Evacuate Collection Set: 10.9ms
[2023-08-24T12:20:59.200+0000][gc,phases     ] GC(213)   Post Evacuate Collection Set: 0.7ms
[2023-08-24T12:20:59.200+0000][gc,phases     ] GC(213)   Other: 0.3ms
[2023-08-24T12:20:59.200+0000][gc,heap       ] GC(213) Eden regions: 542->0(541)
[2023-08-24T12:20:59.200+0000][gc,heap       ] GC(213) Survivor regions: 9->16(69)
[2023-08-24T12:20:59.200+0000][gc,heap       ] GC(213) Old regions: 167->167
[2023-08-24T12:20:59.200+0000][gc,heap       ] GC(213) Humongous regions: 149->149
[2023-08-24T12:20:59.200+0000][gc,metaspace  ] GC(213) Metaspace: 118337K(124184K)->118337K(124184K) NonClass: 104584K(107980K)->104584K(107980K) Class: 13753K(16204K)->13753K(16204K)
[2023-08-24T12:20:59.200+0000][gc            ] GC(213) Pause Young (Normal) (G1 Evacuation Pause) 866M->330M(1024M) 12.048ms
[2023-08-24T12:20:59.200+0000][gc,cpu        ] GC(213) User=0.08s Sys=0.00s Real=0.02s
[2023-08-24T12:23:14.662+0000][gc,start      ] GC(214) Pause Young (Concurrent Start) (G1 Evacuation Pause)
[2023-08-24T12:23:14.662+0000][gc,task       ] GC(214) Using 8 workers of 8 for evacuation
[2023-08-24T12:23:14.680+0000][gc,phases     ] GC(214)   Pre Evacuate Collection Set: 0.5ms
[2023-08-24T12:23:14.680+0000][gc,phases     ] GC(214)   Evacuate Collection Set: 15.5ms
[2023-08-24T12:23:14.680+0000][gc,phases     ] GC(214)   Post Evacuate Collection Set: 0.7ms
[2023-08-24T12:23:14.680+0000][gc,phases     ] GC(214)   Other: 0.4ms
[2023-08-24T12:23:14.680+0000][gc,heap       ] GC(214) Eden regions: 541->0(460)
[2023-08-24T12:23:14.680+0000][gc,heap       ] GC(214) Survivor regions: 16->27(70)
[2023-08-24T12:23:14.680+0000][gc,heap       ] GC(214) Old regions: 167->167
[2023-08-24T12:23:14.680+0000][gc,heap       ] GC(214) Humongous regions: 149->149
[2023-08-24T12:23:14.680+0000][gc,metaspace  ] GC(214) Metaspace: 118340K(124184K)->118340K(124184K) NonClass: 104587K(107980K)->104587K(107980K) Class: 13753K(16204K)->13753K(16204K)
[2023-08-24T12:23:14.680+0000][gc            ] GC(214) Pause Young (Concurrent Start) (G1 Evacuation Pause) 871M->341M(1024M) 17.255ms
[2023-08-24T12:23:14.680+0000][gc,cpu        ] GC(214) User=0.12s Sys=0.00s Real=0.02s
[2023-08-24T12:23:14.680+0000][gc            ] GC(215) Concurrent Cycle
[2023-08-24T12:23:14.680+0000][gc,marking    ] GC(215) Concurrent Clear Claimed Marks
[2023-08-24T12:23:14.680+0000][gc,marking    ] GC(215) Concurrent Clear Claimed Marks 0.409ms
[2023-08-24T12:23:14.680+0000][gc,marking    ] GC(215) Concurrent Scan Root Regions
[2023-08-24T12:23:14.696+0000][gc,marking    ] GC(215) Concurrent Scan Root Regions 16.097ms
[2023-08-24T12:23:14.696+0000][gc,marking    ] GC(215) Concurrent Mark (18005.548s)
[2023-08-24T12:23:14.696+0000][gc,marking    ] GC(215) Concurrent Mark From Roots
[2023-08-24T12:23:14.696+0000][gc,task       ] GC(215) Using 2 workers of 2 for marking
[2023-08-24T12:23:14.768+0000][gc,marking    ] GC(215) Concurrent Mark From Roots 71.696ms
[2023-08-24T12:23:14.768+0000][gc,marking    ] GC(215) Concurrent Preclean
[2023-08-24T12:23:14.769+0000][gc,marking    ] GC(215) Concurrent Preclean 0.502ms
[2023-08-24T12:23:14.769+0000][gc,marking    ] GC(215) Concurrent Mark (18005.548s, 18005.620s) 72.279ms
[2023-08-24T12:23:14.769+0000][gc,start      ] GC(215) Pause Remark
[2023-08-24T12:23:14.778+0000][gc,stringtable] GC(215) Cleaned string and symbol table, strings: 43786 processed, 0 removed, symbols: 278369 processed, 1 removed
[2023-08-24T12:23:14.779+0000][gc            ] GC(215) Pause Remark 348M->348M(1024M) 9.846ms
[2023-08-24T12:23:14.779+0000][gc,cpu        ] GC(215) User=0.07s Sys=0.00s Real=0.01s
[2023-08-24T12:23:14.779+0000][gc,marking    ] GC(215) Concurrent Rebuild Remembered Sets
[2023-08-24T12:23:14.821+0000][gc,marking    ] GC(215) Concurrent Rebuild Remembered Sets 42.488ms
[2023-08-24T12:23:14.822+0000][gc,start      ] GC(215) Pause Cleanup
[2023-08-24T12:23:14.822+0000][gc            ] GC(215) Pause Cleanup 348M->348M(1024M) 0.270ms
[2023-08-24T12:23:14.822+0000][gc,cpu        ] GC(215) User=0.00s Sys=0.00s Real=0.00s
[2023-08-24T12:23:14.822+0000][gc,marking    ] GC(215) Concurrent Cleanup for Next Mark
[2023-08-24T12:23:14.824+0000][gc,marking    ] GC(215) Concurrent Cleanup for Next Mark 2.399ms
[2023-08-24T12:23:14.824+0000][gc            ] GC(215) Concurrent Cycle 144.693ms
[2023-08-24T12:24:07.673+0000][gc,start      ] GC(216) Pause Young (Prepare Mixed) (G1 Evacuation Pause)
[2023-08-24T12:24:07.674+0000][gc,task       ] GC(216) Using 8 workers of 8 for evacuation
[2023-08-24T12:24:07.694+0000][gc,mmu        ] GC(216) MMU target violated: 20.4ms (20.0ms/21.0ms)
[2023-08-24T12:24:07.694+0000][gc,phases     ] GC(216)   Pre Evacuate Collection Set: 0.0ms
[2023-08-24T12:24:07.694+0000][gc,phases     ] GC(216)   Evacuate Collection Set: 19.4ms
[2023-08-24T12:24:07.694+0000][gc,phases     ] GC(216)   Post Evacuate Collection Set: 0.6ms
[2023-08-24T12:24:07.694+0000][gc,phases     ] GC(216)   Other: 0.5ms
[2023-08-24T12:24:07.694+0000][gc,heap       ] GC(216) Eden regions: 236->0(28)
[2023-08-24T12:24:07.694+0000][gc,heap       ] GC(216) Survivor regions: 27->23(33)
[2023-08-24T12:24:07.694+0000][gc,heap       ] GC(216) Old regions: 167->178
[2023-08-24T12:24:07.694+0000][gc,heap       ] GC(216) Humongous regions: 149->149
[2023-08-24T12:24:07.694+0000][gc,metaspace  ] GC(216) Metaspace: 118344K(124184K)->118344K(124184K) NonClass: 104591K(107980K)->104591K(107980K) Class: 13753K(16204K)->13753K(16204K)
[2023-08-24T12:24:07.694+0000][gc            ] GC(216) Pause Young (Prepare Mixed) (G1 Evacuation Pause) 577M->349M(1024M) 20.624ms
[2023-08-24T12:24:07.694+0000][gc,cpu        ] GC(216) User=0.15s Sys=0.00s Real=0.02s
[2023-08-24T12:24:14.535+0000][gc,start      ] GC(217) Pause Young (Mixed) (G1 Evacuation Pause)
[2023-08-24T12:24:14.535+0000][gc,task       ] GC(217) Using 8 workers of 8 for evacuation
[2023-08-24T12:24:14.551+0000][gc,phases     ] GC(217)   Pre Evacuate Collection Set: 0.1ms
[2023-08-24T12:24:14.551+0000][gc,phases     ] GC(217)   Evacuate Collection Set: 15.7ms
[2023-08-24T12:24:14.551+0000][gc,phases     ] GC(217)   Post Evacuate Collection Set: 0.5ms
[2023-08-24T12:24:14.551+0000][gc,phases     ] GC(217)   Other: 0.4ms
[2023-08-24T12:24:14.551+0000][gc,heap       ] GC(217) Eden regions: 28->0(542)
[2023-08-24T12:24:14.551+0000][gc,heap       ] GC(217) Survivor regions: 23->5(7)
[2023-08-24T12:24:14.551+0000][gc,heap       ] GC(217) Old regions: 178->176
[2023-08-24T12:24:14.551+0000][gc,heap       ] GC(217) Humongous regions: 149->149
[2023-08-24T12:24:14.551+0000][gc,metaspace  ] GC(217) Metaspace: 118381K(124184K)->118381K(124184K) NonClass: 104627K(107980K)->104627K(107980K) Class: 13754K(16204K)->13754K(16204K)
[2023-08-24T12:24:14.551+0000][gc            ] GC(217) Pause Young (Mixed) (G1 Evacuation Pause) 377M->328M(1024M) 16.750ms
[2023-08-24T12:24:14.551+0000][gc,cpu        ] GC(217) User=0.12s Sys=0.00s Real=0.02s
[2023-08-24T12:26:44.163+0000][gc,start      ] GC(218) Pause Young (Normal) (G1 Evacuation Pause)
[2023-08-24T12:26:44.163+0000][gc,task       ] GC(218) Using 8 workers of 8 for evacuation
[2023-08-24T12:26:44.172+0000][gc,phases     ] GC(218)   Pre Evacuate Collection Set: 0.0ms
[2023-08-24T12:26:44.172+0000][gc,phases     ] GC(218)   Evacuate Collection Set: 8.2ms
[2023-08-24T12:26:44.172+0000][gc,phases     ] GC(218)   Post Evacuate Collection Set: 0.7ms
[2023-08-24T12:26:44.172+0000][gc,phases     ] GC(218)   Other: 0.3ms
[2023-08-24T12:26:44.172+0000][gc,heap       ] GC(218) Eden regions: 542->0(543)
[2023-08-24T12:26:44.172+0000][gc,heap       ] GC(218) Survivor regions: 5->9(69)
[2023-08-24T12:26:44.172+0000][gc,heap       ] GC(218) Old regions: 176->176
[2023-08-24T12:26:44.172+0000][gc,heap       ] GC(218) Humongous regions: 149->149
[2023-08-24T12:26:44.172+0000][gc,metaspace  ] GC(218) Metaspace: 118381K(124184K)->118381K(124184K) NonClass: 104627K(107980K)->104627K(107980K) Class: 13754K(16204K)->13754K(16204K)
[2023-08-24T12:26:44.172+0000][gc            ] GC(218) Pause Young (Normal) (G1 Evacuation Pause) 870M->332M(1024M) 9.415ms
[2023-08-24T12:26:44.172+0000][gc,cpu        ] GC(218) User=0.06s Sys=0.00s Real=0.01s
[2023-08-24T12:28:44.663+0000][gc,start      ] GC(219) Pause Young (Normal) (G1 Evacuation Pause)
[2023-08-24T12:28:44.663+0000][gc,task       ] GC(219) Using 8 workers of 8 for evacuation
[2023-08-24T12:28:44.675+0000][gc,phases     ] GC(219)   Pre Evacuate Collection Set: 0.0ms
[2023-08-24T12:28:44.675+0000][gc,phases     ] GC(219)   Evacuate Collection Set: 10.3ms
[2023-08-24T12:28:44.675+0000][gc,phases     ] GC(219)   Post Evacuate Collection Set: 0.7ms
[2023-08-24T12:28:44.675+0000][gc,phases     ] GC(219)   Other: 0.3ms
[2023-08-24T12:28:44.675+0000][gc,heap       ] GC(219) Eden regions: 543->0(540)
[2023-08-24T12:28:44.675+0000][gc,heap       ] GC(219) Survivor regions: 9->16(69)
[2023-08-24T12:28:44.675+0000][gc,heap       ] GC(219) Old regions: 176->176
[2023-08-24T12:28:44.675+0000][gc,heap       ] GC(219) Humongous regions: 149->149
[2023-08-24T12:28:44.675+0000][gc,metaspace  ] GC(219) Metaspace: 118381K(124184K)->118381K(124184K) NonClass: 104627K(107980K)->104627K(107980K) Class: 13754K(16204K)->13754K(16204K)
[2023-08-24T12:28:44.675+0000][gc            ] GC(219) Pause Young (Normal) (G1 Evacuation Pause) 875M->339M(1024M) 11.447ms
[2023-08-24T12:28:44.675+0000][gc,cpu        ] GC(219) User=0.08s Sys=0.00s Real=0.01s
[2023-08-24T12:30:59.663+0000][gc,start      ] GC(220) Pause Young (Concurrent Start) (G1 Evacuation Pause)
[2023-08-24T12:30:59.663+0000][gc,task       ] GC(220) Using 8 workers of 8 for evacuation
[2023-08-24T12:30:59.679+0000][gc,phases     ] GC(220)   Pre Evacuate Collection Set: 0.5ms
[2023-08-24T12:30:59.679+0000][gc,phases     ] GC(220)   Evacuate Collection Set: 15.2ms
[2023-08-24T12:30:59.679+0000][gc,phases     ] GC(220)   Post Evacuate Collection Set: 0.7ms
[2023-08-24T12:30:59.679+0000][gc,phases     ] GC(220)   Other: 0.4ms
[2023-08-24T12:30:59.679+0000][gc,heap       ] GC(220) Eden regions: 540->0(531)
[2023-08-24T12:30:59.679+0000][gc,heap       ] GC(220) Survivor regions: 16->22(70)
[2023-08-24T12:30:59.679+0000][gc,heap       ] GC(220) Old regions: 176->176
[2023-08-24T12:30:59.679+0000][gc,heap       ] GC(220) Humongous regions: 149->149
[2023-08-24T12:30:59.679+0000][gc,metaspace  ] GC(220) Metaspace: 118395K(124184K)->118395K(124184K) NonClass: 104640K(107980K)->104640K(107980K) Class: 13754K(16204K)->13754K(16204K)
[2023-08-24T12:30:59.680+0000][gc            ] GC(220) Pause Young (Concurrent Start) (G1 Evacuation Pause) 879M->345M(1024M) 16.881ms
[2023-08-24T12:30:59.680+0000][gc,cpu        ] GC(220) User=0.10s Sys=0.00s Real=0.02s
[2023-08-24T12:30:59.680+0000][gc            ] GC(221) Concurrent Cycle
[2023-08-24T12:30:59.680+0000][gc,marking    ] GC(221) Concurrent Clear Claimed Marks
[2023-08-24T12:30:59.680+0000][gc,marking    ] GC(221) Concurrent Clear Claimed Marks 0.166ms
[2023-08-24T12:30:59.680+0000][gc,marking    ] GC(221) Concurrent Scan Root Regions
[2023-08-24T12:30:59.694+0000][gc,marking    ] GC(221) Concurrent Scan Root Regions 14.089ms
[2023-08-24T12:30:59.694+0000][gc,marking    ] GC(221) Concurrent Mark (18470.545s)
[2023-08-24T12:30:59.694+0000][gc,marking    ] GC(221) Concurrent Mark From Roots
[2023-08-24T12:30:59.694+0000][gc,task       ] GC(221) Using 2 workers of 2 for marking
[2023-08-24T12:30:59.761+0000][gc,marking    ] GC(221) Concurrent Mark From Roots 66.905ms
[2023-08-24T12:30:59.761+0000][gc,marking    ] GC(221) Concurrent Preclean
[2023-08-24T12:30:59.761+0000][gc,marking    ] GC(221) Concurrent Preclean 0.464ms
[2023-08-24T12:30:59.761+0000][gc,marking    ] GC(221) Concurrent Mark (18470.545s, 18470.613s) 67.445ms
[2023-08-24T12:30:59.762+0000][gc,start      ] GC(221) Pause Remark
[2023-08-24T12:30:59.780+0000][gc,stringtable] GC(221) Cleaned string and symbol table, strings: 43812 processed, 0 removed, symbols: 278416 processed, 0 removed
[2023-08-24T12:30:59.780+0000][gc            ] GC(221) Pause Remark 353M->343M(1024M) 18.690ms
[2023-08-24T12:30:59.780+0000][gc,cpu        ] GC(221) User=0.13s Sys=0.00s Real=0.02s
[2023-08-24T12:30:59.780+0000][gc,marking    ] GC(221) Concurrent Rebuild Remembered Sets
[2023-08-24T12:30:59.821+0000][gc,marking    ] GC(221) Concurrent Rebuild Remembered Sets 40.869ms
[2023-08-24T12:30:59.822+0000][gc,start      ] GC(221) Pause Cleanup
[2023-08-24T12:30:59.822+0000][gc            ] GC(221) Pause Cleanup 343M->343M(1024M) 0.235ms
[2023-08-24T12:30:59.822+0000][gc,cpu        ] GC(221) User=0.00s Sys=0.00s Real=0.00s
[2023-08-24T12:30:59.822+0000][gc,marking    ] GC(221) Concurrent Cleanup for Next Mark
[2023-08-24T12:30:59.823+0000][gc,marking    ] GC(221) Concurrent Cleanup for Next Mark 1.377ms
[2023-08-24T12:30:59.823+0000][gc            ] GC(221) Concurrent Cycle 143.653ms
[2023-08-24T12:32:51.678+0000][gc,start      ] GC(222) Pause Young (Prepare Mixed) (G1 Evacuation Pause)
[2023-08-24T12:32:51.678+0000][gc,task       ] GC(222) Using 8 workers of 8 for evacuation
[2023-08-24T12:32:51.699+0000][gc,mmu        ] GC(222) MMU target violated: 20.3ms (20.0ms/21.0ms)
[2023-08-24T12:32:51.699+0000][gc,phases     ] GC(222)   Pre Evacuate Collection Set: 0.0ms
[2023-08-24T12:32:51.699+0000][gc,phases     ] GC(222)   Evacuate Collection Set: 19.3ms
[2023-08-24T12:32:51.699+0000][gc,phases     ] GC(222)   Post Evacuate Collection Set: 0.7ms
[2023-08-24T12:32:51.699+0000][gc,phases     ] GC(222)   Other: 0.5ms
[2023-08-24T12:32:51.699+0000][gc,heap       ] GC(222) Eden regions: 453->0(18)
[2023-08-24T12:32:51.699+0000][gc,heap       ] GC(222) Survivor regions: 22->33(60)
[2023-08-24T12:32:51.699+0000][gc,heap       ] GC(222) Old regions: 165->165
[2023-08-24T12:32:51.699+0000][gc,heap       ] GC(222) Humongous regions: 149->149
[2023-08-24T12:32:51.699+0000][gc,metaspace  ] GC(222) Metaspace: 118395K(124184K)->118395K(124184K) NonClass: 104640K(107980K)->104640K(107980K) Class: 13754K(16204K)->13754K(16204K)
[2023-08-24T12:32:51.699+0000][gc            ] GC(222) Pause Young (Prepare Mixed) (G1 Evacuation Pause) 788M->347M(1024M) 20.549ms
[2023-08-24T12:32:51.699+0000][gc,cpu        ] GC(222) User=0.13s Sys=0.00s Real=0.02s
[2023-08-24T12:32:51.710+0000][gc,start      ] GC(223) Pause Young (Mixed) (G1 Evacuation Pause)
[2023-08-24T12:32:51.710+0000][gc,task       ] GC(223) Using 8 workers of 8 for evacuation
[2023-08-24T12:32:51.729+0000][gc,phases     ] GC(223)   Pre Evacuate Collection Set: 0.0ms
[2023-08-24T12:32:51.729+0000][gc,phases     ] GC(223)   Evacuate Collection Set: 17.9ms
[2023-08-24T12:32:51.729+0000][gc,phases     ] GC(223)   Post Evacuate Collection Set: 0.5ms
[2023-08-24T12:32:51.729+0000][gc,phases     ] GC(223)   Other: 0.3ms
[2023-08-24T12:32:51.729+0000][gc,heap       ] GC(223) Eden regions: 18->0(547)
[2023-08-24T12:32:51.729+0000][gc,heap       ] GC(223) Survivor regions: 33->4(7)
[2023-08-24T12:32:51.729+0000][gc,heap       ] GC(223) Old regions: 165->172
[2023-08-24T12:32:51.729+0000][gc,heap       ] GC(223) Humongous regions: 149->149
[2023-08-24T12:32:51.729+0000][gc,metaspace  ] GC(223) Metaspace: 118395K(124184K)->118395K(124184K) NonClass: 104640K(107980K)->104640K(107980K) Class: 13754K(16204K)->13754K(16204K)
[2023-08-24T12:32:51.729+0000][gc            ] GC(223) Pause Young (Mixed) (G1 Evacuation Pause) 365M->324M(1024M) 18.896ms
[2023-08-24T12:32:51.729+0000][gc,cpu        ] GC(223) User=0.11s Sys=0.01s Real=0.02s
[2023-08-24T12:35:14.661+0000][gc,start      ] GC(224) Pause Young (Normal) (G1 Evacuation Pause)
[2023-08-24T12:35:14.661+0000][gc,task       ] GC(224) Using 8 workers of 8 for evacuation
[2023-08-24T12:35:14.670+0000][gc,phases     ] GC(224)   Pre Evacuate Collection Set: 0.0ms
[2023-08-24T12:35:14.670+0000][gc,phases     ] GC(224)   Evacuate Collection Set: 7.4ms
[2023-08-24T12:35:14.670+0000][gc,phases     ] GC(224)   Post Evacuate Collection Set: 0.7ms
[2023-08-24T12:35:14.670+0000][gc,phases     ] GC(224)   Other: 0.3ms
[2023-08-24T12:35:14.670+0000][gc,heap       ] GC(224) Eden regions: 547->0(546)
[2023-08-24T12:35:14.670+0000][gc,heap       ] GC(224) Survivor regions: 4->10(69)
[2023-08-24T12:35:14.670+0000][gc,heap       ] GC(224) Old regions: 172->172
[2023-08-24T12:35:14.670+0000][gc,heap       ] GC(224) Humongous regions: 149->149
[2023-08-24T12:35:14.670+0000][gc,metaspace  ] GC(224) Metaspace: 118409K(124184K)->118409K(124184K) NonClass: 104655K(107980K)->104655K(107980K) Class: 13754K(16204K)->13754K(16204K)
[2023-08-24T12:35:14.670+0000][gc            ] GC(224) Pause Young (Normal) (G1 Evacuation Pause) 871M->329M(1024M) 8.447ms
[2023-08-24T12:35:14.670+0000][gc,cpu        ] GC(224) User=0.06s Sys=0.00s Real=0.00s
[2023-08-24T12:37:35.165+0000][gc,start      ] GC(225) Pause Young (Normal) (G1 Evacuation Pause)
[2023-08-24T12:37:35.165+0000][gc,task       ] GC(225) Using 8 workers of 8 for evacuation
[2023-08-24T12:37:35.177+0000][gc,phases     ] GC(225)   Pre Evacuate Collection Set: 0.0ms
[2023-08-24T12:37:35.177+0000][gc,phases     ] GC(225)   Evacuate Collection Set: 10.9ms
[2023-08-24T12:37:35.177+0000][gc,phases     ] GC(225)   Post Evacuate Collection Set: 0.7ms
[2023-08-24T12:37:35.177+0000][gc,phases     ] GC(225)   Other: 0.3ms
[2023-08-24T12:37:35.177+0000][gc,heap       ] GC(225) Eden regions: 546->0(546)
[2023-08-24T12:37:35.177+0000][gc,heap       ] GC(225) Survivor regions: 10->15(70)
[2023-08-24T12:37:35.177+0000][gc,heap       ] GC(225) Old regions: 172->172
[2023-08-24T12:37:35.177+0000][gc,heap       ] GC(225) Humongous regions: 149->149
[2023-08-24T12:37:35.177+0000][gc,metaspace  ] GC(225) Metaspace: 118409K(124184K)->118409K(124184K) NonClass: 104655K(107980K)->104655K(107980K) Class: 13754K(16204K)->13754K(16204K)
[2023-08-24T12:37:35.177+0000][gc            ] GC(225) Pause Young (Normal) (G1 Evacuation Pause) 875M->335M(1024M) 12.038ms
[2023-08-24T12:37:35.177+0000][gc,cpu        ] GC(225) User=0.08s Sys=0.00s Real=0.01s
[2023-08-24T12:39:44.527+0000][gc,start      ] GC(226) Pause Young (Concurrent Start) (G1 Evacuation Pause)
[2023-08-24T12:39:44.527+0000][gc,task       ] GC(226) Using 8 workers of 8 for evacuation
[2023-08-24T12:39:44.543+0000][gc,phases     ] GC(226)   Pre Evacuate Collection Set: 0.5ms
[2023-08-24T12:39:44.543+0000][gc,phases     ] GC(226)   Evacuate Collection Set: 14.7ms
[2023-08-24T12:39:44.543+0000][gc,phases     ] GC(226)   Post Evacuate Collection Set: 0.7ms
[2023-08-24T12:39:44.543+0000][gc,phases     ] GC(226)   Other: 0.4ms
[2023-08-24T12:39:44.543+0000][gc,heap       ] GC(226) Eden regions: 546->0(525)
[2023-08-24T12:39:44.543+0000][gc,heap       ] GC(226) Survivor regions: 15->23(71)
[2023-08-24T12:39:44.543+0000][gc,heap       ] GC(226) Old regions: 172->172
[2023-08-24T12:39:44.543+0000][gc,heap       ] GC(226) Humongous regions: 149->149
[2023-08-24T12:39:44.543+0000][gc,metaspace  ] GC(226) Metaspace: 118414K(124184K)->118414K(124184K) NonClass: 104659K(107980K)->104659K(107980K) Class: 13754K(16204K)->13754K(16204K)
[2023-08-24T12:39:44.543+0000][gc            ] GC(226) Pause Young (Concurrent Start) (G1 Evacuation Pause) 881M->343M(1024M) 16.375ms
[2023-08-24T12:39:44.543+0000][gc,cpu        ] GC(226) User=0.11s Sys=0.00s Real=0.02s
[2023-08-24T12:39:44.543+0000][gc            ] GC(227) Concurrent Cycle
[2023-08-24T12:39:44.543+0000][gc,marking    ] GC(227) Concurrent Clear Claimed Marks
[2023-08-24T12:39:44.543+0000][gc,marking    ] GC(227) Concurrent Clear Claimed Marks 0.168ms
[2023-08-24T12:39:44.543+0000][gc,marking    ] GC(227) Concurrent Scan Root Regions
[2023-08-24T12:39:44.556+0000][gc,marking    ] GC(227) Concurrent Scan Root Regions 12.466ms
[2023-08-24T12:39:44.556+0000][gc,marking    ] GC(227) Concurrent Mark (18995.407s)
[2023-08-24T12:39:44.556+0000][gc,marking    ] GC(227) Concurrent Mark From Roots
[2023-08-24T12:39:44.556+0000][gc,task       ] GC(227) Using 2 workers of 2 for marking
[2023-08-24T12:39:44.620+0000][gc,marking    ] GC(227) Concurrent Mark From Roots 64.794ms
[2023-08-24T12:39:44.620+0000][gc,marking    ] GC(227) Concurrent Preclean
[2023-08-24T12:39:44.621+0000][gc,marking    ] GC(227) Concurrent Preclean 0.461ms
[2023-08-24T12:39:44.621+0000][gc,marking    ] GC(227) Concurrent Mark (18995.407s, 18995.472s) 65.323ms
[2023-08-24T12:39:44.621+0000][gc,start      ] GC(227) Pause Remark
[2023-08-24T12:39:44.640+0000][gc,stringtable] GC(227) Cleaned string and symbol table, strings: 43814 processed, 4 removed, symbols: 278416 processed, 0 removed
[2023-08-24T12:39:44.641+0000][gc            ] GC(227) Pause Remark 356M->356M(1024M) 19.487ms
[2023-08-24T12:39:44.641+0000][gc,cpu        ] GC(227) User=0.13s Sys=0.00s Real=0.02s
[2023-08-24T12:39:44.641+0000][gc,marking    ] GC(227) Concurrent Rebuild Remembered Sets
[2023-08-24T12:39:44.701+0000][gc,marking    ] GC(227) Concurrent Rebuild Remembered Sets 59.739ms
[2023-08-24T12:39:44.701+0000][gc,start      ] GC(227) Pause Cleanup
[2023-08-24T12:39:44.701+0000][gc            ] GC(227) Pause Cleanup 365M->365M(1024M) 0.284ms
[2023-08-24T12:39:44.701+0000][gc,cpu        ] GC(227) User=0.00s Sys=0.00s Real=0.00s
[2023-08-24T12:39:44.701+0000][gc,marking    ] GC(227) Concurrent Cleanup for Next Mark
[2023-08-24T12:39:44.703+0000][gc,marking    ] GC(227) Concurrent Cleanup for Next Mark 1.617ms
[2023-08-24T12:39:44.703+0000][gc            ] GC(227) Concurrent Cycle 160.064ms
[2023-08-24T12:41:28.237+0000][gc,start      ] GC(228) Pause Young (Prepare Mixed) (G1 Evacuation Pause)
[2023-08-24T12:41:28.237+0000][gc,task       ] GC(228) Using 8 workers of 8 for evacuation
[2023-08-24T12:41:28.253+0000][gc,phases     ] GC(228)   Pre Evacuate Collection Set: 0.0ms
[2023-08-24T12:41:28.253+0000][gc,phases     ] GC(228)   Evacuate Collection Set: 15.1ms
[2023-08-24T12:41:28.253+0000][gc,phases     ] GC(228)   Post Evacuate Collection Set: 0.7ms
[2023-08-24T12:41:28.253+0000][gc,phases     ] GC(228)   Other: 0.4ms
[2023-08-24T12:41:28.253+0000][gc,heap       ] GC(228) Eden regions: 394->0(25)
[2023-08-24T12:41:28.253+0000][gc,heap       ] GC(228) Survivor regions: 23->26(53)
[2023-08-24T12:41:28.253+0000][gc,heap       ] GC(228) Old regions: 172->172
[2023-08-24T12:41:28.253+0000][gc,heap       ] GC(228) Humongous regions: 149->149
[2023-08-24T12:41:28.253+0000][gc,metaspace  ] GC(228) Metaspace: 118414K(124184K)->118414K(124184K) NonClass: 104659K(107980K)->104659K(107980K) Class: 13754K(16204K)->13754K(16204K)
[2023-08-24T12:41:28.253+0000][gc            ] GC(228) Pause Young (Prepare Mixed) (G1 Evacuation Pause) 737M->346M(1024M) 16.312ms
[2023-08-24T12:41:28.253+0000][gc,cpu        ] GC(228) User=0.12s Sys=0.00s Real=0.02s
[2023-08-24T12:41:36.322+0000][gc,start      ] GC(229) Pause Young (Mixed) (G1 Evacuation Pause)
[2023-08-24T12:41:36.323+0000][gc,task       ] GC(229) Using 8 workers of 8 for evacuation
[2023-08-24T12:41:36.339+0000][gc,phases     ] GC(229)   Pre Evacuate Collection Set: 0.1ms
[2023-08-24T12:41:36.339+0000][gc,phases     ] GC(229)   Evacuate Collection Set: 15.4ms
[2023-08-24T12:41:36.339+0000][gc,phases     ] GC(229)   Post Evacuate Collection Set: 0.5ms
[2023-08-24T12:41:36.339+0000][gc,phases     ] GC(229)   Other: 0.4ms
[2023-08-24T12:41:36.339+0000][gc,heap       ] GC(229) Eden regions: 25->0(561)
[2023-08-24T12:41:36.339+0000][gc,heap       ] GC(229) Survivor regions: 26->4(7)
[2023-08-24T12:41:36.339+0000][gc,heap       ] GC(229) Old regions: 172->166
[2023-08-24T12:41:36.339+0000][gc,heap       ] GC(229) Humongous regions: 149->149
[2023-08-24T12:41:36.339+0000][gc,metaspace  ] GC(229) Metaspace: 118414K(124184K)->118414K(124184K) NonClass: 104659K(107980K)->104659K(107980K) Class: 13754K(16204K)->13754K(16204K)
[2023-08-24T12:41:36.339+0000][gc            ] GC(229) Pause Young (Mixed) (G1 Evacuation Pause) 371M->318M(1024M) 16.483ms
[2023-08-24T12:41:36.339+0000][gc,cpu        ] GC(229) User=0.12s Sys=0.00s Real=0.02s
[2023-08-24T12:43:45.253+0000][gc,start      ] GC(230) Pause Young (Normal) (G1 Evacuation Pause)
[2023-08-24T12:43:45.253+0000][gc,task       ] GC(230) Using 8 workers of 8 for evacuation
[2023-08-24T12:43:45.262+0000][gc,phases     ] GC(230)   Pre Evacuate Collection Set: 0.1ms
[2023-08-24T12:43:45.262+0000][gc,phases     ] GC(230)   Evacuate Collection Set: 7.6ms
[2023-08-24T12:43:45.262+0000][gc,phases     ] GC(230)   Post Evacuate Collection Set: 0.7ms
[2023-08-24T12:43:45.262+0000][gc,phases     ] GC(230)   Other: 0.4ms
[2023-08-24T12:43:45.262+0000][gc,heap       ] GC(230) Eden regions: 561->0(561)
[2023-08-24T12:43:45.262+0000][gc,heap       ] GC(230) Survivor regions: 4->8(71)
[2023-08-24T12:43:45.262+0000][gc,heap       ] GC(230) Old regions: 166->166
[2023-08-24T12:43:45.262+0000][gc,heap       ] GC(230) Humongous regions: 149->149
[2023-08-24T12:43:45.262+0000][gc,metaspace  ] GC(230) Metaspace: 118414K(124184K)->118414K(124184K) NonClass: 104659K(107980K)->104659K(107980K) Class: 13754K(16204K)->13754K(16204K)
[2023-08-24T12:43:45.262+0000][gc            ] GC(230) Pause Young (Normal) (G1 Evacuation Pause) 879M->322M(1024M) 8.750ms
[2023-08-24T12:43:45.262+0000][gc,cpu        ] GC(230) User=0.06s Sys=0.00s Real=0.01s
[2023-08-24T12:46:10.847+0000][gc,start      ] GC(231) Pause Young (Normal) (G1 Evacuation Pause)
[2023-08-24T12:46:10.847+0000][gc,task       ] GC(231) Using 8 workers of 8 for evacuation
[2023-08-24T12:46:10.858+0000][gc,phases     ] GC(231)   Pre Evacuate Collection Set: 0.0ms
[2023-08-24T12:46:10.858+0000][gc,phases     ] GC(231)   Evacuate Collection Set: 10.0ms
[2023-08-24T12:46:10.858+0000][gc,phases     ] GC(231)   Post Evacuate Collection Set: 0.8ms
[2023-08-24T12:46:10.858+0000][gc,phases     ] GC(231)   Other: 0.3ms
[2023-08-24T12:46:10.858+0000][gc,heap       ] GC(231) Eden regions: 561->0(557)
[2023-08-24T12:46:10.858+0000][gc,heap       ] GC(231) Survivor regions: 8->15(72)
[2023-08-24T12:46:10.859+0000][gc,heap       ] GC(231) Old regions: 166->166
[2023-08-24T12:46:10.859+0000][gc,heap       ] GC(231) Humongous regions: 149->149
[2023-08-24T12:46:10.859+0000][gc,metaspace  ] GC(231) Metaspace: 118414K(124184K)->118414K(124184K) NonClass: 104659K(107980K)->104659K(107980K) Class: 13754K(16204K)->13754K(16204K)
[2023-08-24T12:46:10.859+0000][gc            ] GC(231) Pause Young (Normal) (G1 Evacuation Pause) 883M->329M(1024M) 11.207ms
[2023-08-24T12:46:10.859+0000][gc,cpu        ] GC(231) User=0.08s Sys=0.01s Real=0.01s
[2023-08-24T12:48:18.672+0000][gc,start      ] GC(232) Pause Young (Concurrent Start) (G1 Evacuation Pause)
[2023-08-24T12:48:18.672+0000][gc,task       ] GC(232) Using 8 workers of 8 for evacuation
[2023-08-24T12:48:18.687+0000][gc,phases     ] GC(232)   Pre Evacuate Collection Set: 0.4ms
[2023-08-24T12:48:18.687+0000][gc,phases     ] GC(232)   Evacuate Collection Set: 13.5ms
[2023-08-24T12:48:18.687+0000][gc,phases     ] GC(232)   Post Evacuate Collection Set: 0.7ms
[2023-08-24T12:48:18.687+0000][gc,phases     ] GC(232)   Other: 0.4ms
[2023-08-24T12:48:18.687+0000][gc,heap       ] GC(232) Eden regions: 557->0(553)
[2023-08-24T12:48:18.687+0000][gc,heap       ] GC(232) Survivor regions: 15->22(72)
[2023-08-24T12:48:18.687+0000][gc,heap       ] GC(232) Old regions: 166->166
[2023-08-24T12:48:18.687+0000][gc,heap       ] GC(232) Humongous regions: 149->149
[2023-08-24T12:48:18.687+0000][gc,metaspace  ] GC(232) Metaspace: 118414K(124184K)->118414K(124184K) NonClass: 104659K(107980K)->104659K(107980K) Class: 13754K(16204K)->13754K(16204K)
[2023-08-24T12:48:18.687+0000][gc            ] GC(232) Pause Young (Concurrent Start) (G1 Evacuation Pause) 886M->336M(1024M) 15.091ms
[2023-08-24T12:48:18.687+0000][gc,cpu        ] GC(232) User=0.11s Sys=0.00s Real=0.01s
[2023-08-24T12:48:18.687+0000][gc            ] GC(233) Concurrent Cycle
[2023-08-24T12:48:18.687+0000][gc,marking    ] GC(233) Concurrent Clear Claimed Marks
[2023-08-24T12:48:18.687+0000][gc,marking    ] GC(233) Concurrent Clear Claimed Marks 0.174ms
[2023-08-24T12:48:18.687+0000][gc,marking    ] GC(233) Concurrent Scan Root Regions
[2023-08-24T12:48:18.695+0000][gc,marking    ] GC(233) Concurrent Scan Root Regions 8.212ms
[2023-08-24T12:48:18.695+0000][gc,marking    ] GC(233) Concurrent Mark (19509.547s)
[2023-08-24T12:48:18.695+0000][gc,marking    ] GC(233) Concurrent Mark From Roots
[2023-08-24T12:48:18.695+0000][gc,task       ] GC(233) Using 2 workers of 2 for marking
[2023-08-24T12:48:18.759+0000][gc,marking    ] GC(233) Concurrent Mark From Roots 64.109ms
[2023-08-24T12:48:18.759+0000][gc,marking    ] GC(233) Concurrent Preclean
[2023-08-24T12:48:18.760+0000][gc,marking    ] GC(233) Concurrent Preclean 0.498ms
[2023-08-24T12:48:18.760+0000][gc,marking    ] GC(233) Concurrent Mark (19509.547s, 19509.611s) 64.683ms
[2023-08-24T12:48:18.760+0000][gc,start      ] GC(233) Pause Remark
[2023-08-24T12:48:18.769+0000][gc,stringtable] GC(233) Cleaned string and symbol table, strings: 43810 processed, 0 removed, symbols: 278416 processed, 0 removed
[2023-08-24T12:48:18.769+0000][gc            ] GC(233) Pause Remark 339M->337M(1024M) 9.337ms
[2023-08-24T12:48:18.770+0000][gc,cpu        ] GC(233) User=0.07s Sys=0.00s Real=0.00s
[2023-08-24T12:48:18.770+0000][gc,marking    ] GC(233) Concurrent Rebuild Remembered Sets
[2023-08-24T12:48:18.812+0000][gc,marking    ] GC(233) Concurrent Rebuild Remembered Sets 41.953ms
[2023-08-24T12:48:18.812+0000][gc,start      ] GC(233) Pause Cleanup
[2023-08-24T12:48:18.812+0000][gc            ] GC(233) Pause Cleanup 338M->338M(1024M) 0.229ms
[2023-08-24T12:48:18.812+0000][gc,cpu        ] GC(233) User=0.00s Sys=0.00s Real=0.00s
[2023-08-24T12:48:18.812+0000][gc,marking    ] GC(233) Concurrent Cleanup for Next Mark
[2023-08-24T12:48:18.813+0000][gc,marking    ] GC(233) Concurrent Cleanup for Next Mark 1.336ms
[2023-08-24T12:48:18.813+0000][gc            ] GC(233) Concurrent Cycle 126.664ms
[2023-08-24T12:50:31.298+0000][gc,start      ] GC(234) Pause Young (Prepare Mixed) (G1 Evacuation Pause)
[2023-08-24T12:50:31.298+0000][gc,task       ] GC(234) Using 8 workers of 8 for evacuation
[2023-08-24T12:50:31.315+0000][gc,phases     ] GC(234)   Pre Evacuate Collection Set: 0.0ms
[2023-08-24T12:50:31.315+0000][gc,phases     ] GC(234)   Evacuate Collection Set: 16.0ms
[2023-08-24T12:50:31.315+0000][gc,phases     ] GC(234)   Post Evacuate Collection Set: 0.7ms
[2023-08-24T12:50:31.315+0000][gc,phases     ] GC(234)   Other: 0.4ms
[2023-08-24T12:50:31.315+0000][gc,heap       ] GC(234) Eden regions: 489->0(24)
[2023-08-24T12:50:31.315+0000][gc,heap       ] GC(234) Survivor regions: 22->27(64)
[2023-08-24T12:50:31.315+0000][gc,heap       ] GC(234) Old regions: 164->164
[2023-08-24T12:50:31.315+0000][gc,heap       ] GC(234) Humongous regions: 149->149
[2023-08-24T12:50:31.315+0000][gc,metaspace  ] GC(234) Metaspace: 118416K(124184K)->118416K(124184K) NonClass: 104662K(107980K)->104662K(107980K) Class: 13754K(16204K)->13754K(16204K)
[2023-08-24T12:50:31.315+0000][gc            ] GC(234) Pause Young (Prepare Mixed) (G1 Evacuation Pause) 823M->339M(1024M) 17.241ms
[2023-08-24T12:50:31.315+0000][gc,cpu        ] GC(234) User=0.13s Sys=0.00s Real=0.02s
[2023-08-24T12:50:43.978+0000][gc,start      ] GC(235) Pause Young (Mixed) (G1 Evacuation Pause)
[2023-08-24T12:50:43.978+0000][gc,task       ] GC(235) Using 8 workers of 8 for evacuation
[2023-08-24T12:50:43.995+0000][gc,phases     ] GC(235)   Pre Evacuate Collection Set: 0.1ms
[2023-08-24T12:50:43.995+0000][gc,phases     ] GC(235)   Evacuate Collection Set: 15.5ms
[2023-08-24T12:50:43.995+0000][gc,phases     ] GC(235)   Post Evacuate Collection Set: 0.6ms
[2023-08-24T12:50:43.995+0000][gc,phases     ] GC(235)   Other: 0.4ms
[2023-08-24T12:50:43.995+0000][gc,heap       ] GC(235) Eden regions: 24->0(565)
[2023-08-24T12:50:43.995+0000][gc,heap       ] GC(235) Survivor regions: 27->4(7)
[2023-08-24T12:50:43.995+0000][gc,heap       ] GC(235) Old regions: 164->168
[2023-08-24T12:50:43.995+0000][gc,heap       ] GC(235) Humongous regions: 149->149
[2023-08-24T12:50:43.995+0000][gc,metaspace  ] GC(235) Metaspace: 118417K(124184K)->118417K(124184K) NonClass: 104662K(107980K)->104662K(107980K) Class: 13755K(16204K)->13755K(16204K)
[2023-08-24T12:50:43.995+0000][gc            ] GC(235) Pause Young (Mixed) (G1 Evacuation Pause) 363M->320M(1024M) 16.693ms
[2023-08-24T12:50:43.995+0000][gc,cpu        ] GC(235) User=0.12s Sys=0.00s Real=0.02s
[2023-08-24T12:52:51.487+0000][gc,start      ] GC(236) Pause Young (Normal) (G1 Evacuation Pause)
[2023-08-24T12:52:51.487+0000][gc,task       ] GC(236) Using 8 workers of 8 for evacuation
[2023-08-24T12:52:51.496+0000][gc,phases     ] GC(236)   Pre Evacuate Collection Set: 0.0ms
[2023-08-24T12:52:51.496+0000][gc,phases     ] GC(236)   Evacuate Collection Set: 8.3ms
[2023-08-24T12:52:51.496+0000][gc,phases     ] GC(236)   Post Evacuate Collection Set: 0.7ms
[2023-08-24T12:52:51.496+0000][gc,phases     ] GC(236)   Other: 0.3ms
[2023-08-24T12:52:51.496+0000][gc,heap       ] GC(236) Eden regions: 565->0(561)
[2023-08-24T12:52:51.496+0000][gc,heap       ] GC(236) Survivor regions: 4->10(72)
[2023-08-24T12:52:51.496+0000][gc,heap       ] GC(236) Old regions: 168->168
[2023-08-24T12:52:51.496+0000][gc,heap       ] GC(236) Humongous regions: 149->149
[2023-08-24T12:52:51.496+0000][gc,metaspace  ] GC(236) Metaspace: 118419K(124184K)->118419K(124184K) NonClass: 104663K(107980K)->104663K(107980K) Class: 13755K(16204K)->13755K(16204K)
[2023-08-24T12:52:51.496+0000][gc            ] GC(236) Pause Young (Normal) (G1 Evacuation Pause) 885M->326M(1024M) 9.438ms
[2023-08-24T12:52:51.496+0000][gc,cpu        ] GC(236) User=0.06s Sys=0.00s Real=0.01s
[2023-08-24T12:55:14.527+0000][gc,start      ] GC(237) Pause Young (Normal) (G1 Evacuation Pause)
[2023-08-24T12:55:14.527+0000][gc,task       ] GC(237) Using 8 workers of 8 for evacuation
[2023-08-24T12:55:14.538+0000][gc,phases     ] GC(237)   Pre Evacuate Collection Set: 0.0ms
[2023-08-24T12:55:14.538+0000][gc,phases     ] GC(237)   Evacuate Collection Set: 9.9ms
[2023-08-24T12:55:14.538+0000][gc,phases     ] GC(237)   Post Evacuate Collection Set: 0.7ms
[2023-08-24T12:55:14.538+0000][gc,phases     ] GC(237)   Other: 0.4ms
[2023-08-24T12:55:14.538+0000][gc,heap       ] GC(237) Eden regions: 561->0(558)
[2023-08-24T12:55:14.538+0000][gc,heap       ] GC(237) Survivor regions: 10->15(72)
[2023-08-24T12:55:14.538+0000][gc,heap       ] GC(237) Old regions: 168->168
[2023-08-24T12:55:14.538+0000][gc,heap       ] GC(237) Humongous regions: 149->149
[2023-08-24T12:55:14.538+0000][gc,metaspace  ] GC(237) Metaspace: 118419K(124184K)->118419K(124184K) NonClass: 104663K(107980K)->104663K(107980K) Class: 13755K(16204K)->13755K(16204K)
[2023-08-24T12:55:14.538+0000][gc            ] GC(237) Pause Young (Normal) (G1 Evacuation Pause) 887M->331M(1024M) 11.071ms
[2023-08-24T12:55:14.538+0000][gc,cpu        ] GC(237) User=0.08s Sys=0.00s Real=0.01s
[2023-08-24T12:57:29.646+0000][gc,start      ] GC(238) Pause Young (Concurrent Start) (G1 Evacuation Pause)
[2023-08-24T12:57:29.646+0000][gc,task       ] GC(238) Using 8 workers of 8 for evacuation
[2023-08-24T12:57:29.661+0000][gc,phases     ] GC(238)   Pre Evacuate Collection Set: 0.4ms
[2023-08-24T12:57:29.661+0000][gc,phases     ] GC(238)   Evacuate Collection Set: 13.7ms
[2023-08-24T12:57:29.661+0000][gc,phases     ] GC(238)   Post Evacuate Collection Set: 0.7ms
[2023-08-24T12:57:29.661+0000][gc,phases     ] GC(238)   Other: 0.4ms
[2023-08-24T12:57:29.661+0000][gc,heap       ] GC(238) Eden regions: 558->0(552)
[2023-08-24T12:57:29.661+0000][gc,heap       ] GC(238) Survivor regions: 15->22(72)
[2023-08-24T12:57:29.661+0000][gc,heap       ] GC(238) Old regions: 168->168
[2023-08-24T12:57:29.661+0000][gc,heap       ] GC(238) Humongous regions: 149->149
[2023-08-24T12:57:29.661+0000][gc,metaspace  ] GC(238) Metaspace: 118427K(124184K)->118427K(124184K) NonClass: 104671K(107980K)->104671K(107980K) Class: 13755K(16204K)->13755K(16204K)
[2023-08-24T12:57:29.661+0000][gc            ] GC(238) Pause Young (Concurrent Start) (G1 Evacuation Pause) 889M->338M(1024M) 15.329ms
[2023-08-24T12:57:29.661+0000][gc,cpu        ] GC(238) User=0.11s Sys=0.00s Real=0.02s
[2023-08-24T12:57:29.661+0000][gc            ] GC(239) Concurrent Cycle
[2023-08-24T12:57:29.661+0000][gc,marking    ] GC(239) Concurrent Clear Claimed Marks
[2023-08-24T12:57:29.662+0000][gc,marking    ] GC(239) Concurrent Clear Claimed Marks 0.157ms
[2023-08-24T12:57:29.662+0000][gc,marking    ] GC(239) Concurrent Scan Root Regions
[2023-08-24T12:57:29.671+0000][gc,marking    ] GC(239) Concurrent Scan Root Regions 9.695ms
[2023-08-24T12:57:29.671+0000][gc,marking    ] GC(239) Concurrent Mark (20060.523s)
[2023-08-24T12:57:29.671+0000][gc,marking    ] GC(239) Concurrent Mark From Roots
[2023-08-24T12:57:29.671+0000][gc,task       ] GC(239) Using 2 workers of 2 for marking
[2023-08-24T12:57:29.748+0000][gc,marking    ] GC(239) Concurrent Mark From Roots 76.901ms
[2023-08-24T12:57:29.748+0000][gc,marking    ] GC(239) Concurrent Preclean
[2023-08-24T12:57:29.749+0000][gc,marking    ] GC(239) Concurrent Preclean 0.474ms
[2023-08-24T12:57:29.749+0000][gc,marking    ] GC(239) Concurrent Mark (20060.523s, 20060.600s) 77.445ms
[2023-08-24T12:57:29.749+0000][gc,start      ] GC(239) Pause Remark
[2023-08-24T12:57:29.758+0000][gc,stringtable] GC(239) Cleaned string and symbol table, strings: 43811 processed, 0 removed, symbols: 278416 processed, 0 removed
[2023-08-24T12:57:29.759+0000][gc            ] GC(239) Pause Remark 352M->352M(1024M) 9.751ms
[2023-08-24T12:57:29.759+0000][gc,cpu        ] GC(239) User=0.07s Sys=0.00s Real=0.01s
[2023-08-24T12:57:29.759+0000][gc,marking    ] GC(239) Concurrent Rebuild Remembered Sets
[2023-08-24T12:57:29.800+0000][gc,marking    ] GC(239) Concurrent Rebuild Remembered Sets 41.603ms
[2023-08-24T12:57:29.801+0000][gc,start      ] GC(239) Pause Cleanup
[2023-08-24T12:57:29.801+0000][gc            ] GC(239) Pause Cleanup 352M->352M(1024M) 0.222ms
[2023-08-24T12:57:29.801+0000][gc,cpu        ] GC(239) User=0.00s Sys=0.00s Real=0.00s
[2023-08-24T12:57:29.801+0000][gc,marking    ] GC(239) Concurrent Cleanup for Next Mark
[2023-08-24T12:57:29.803+0000][gc,marking    ] GC(239) Concurrent Cleanup for Next Mark 2.380ms
[2023-08-24T12:57:29.803+0000][gc            ] GC(239) Concurrent Cycle 141.959ms
[2023-08-24T12:59:14.647+0000][gc,start      ] GC(240) Pause Young (Prepare Mixed) (G1 Evacuation Pause)
[2023-08-24T12:59:14.647+0000][gc,task       ] GC(240) Using 8 workers of 8 for evacuation
[2023-08-24T12:59:14.664+0000][gc,phases     ] GC(240)   Pre Evacuate Collection Set: 0.0ms
[2023-08-24T12:59:14.664+0000][gc,phases     ] GC(240)   Evacuate Collection Set: 15.6ms
[2023-08-24T12:59:14.664+0000][gc,phases     ] GC(240)   Post Evacuate Collection Set: 0.7ms
[2023-08-24T12:59:14.664+0000][gc,phases     ] GC(240)   Other: 0.4ms
[2023-08-24T12:59:14.664+0000][gc,heap       ] GC(240) Eden regions: 409->0(24)
[2023-08-24T12:59:14.664+0000][gc,heap       ] GC(240) Survivor regions: 22->27(54)
[2023-08-24T12:59:14.664+0000][gc,heap       ] GC(240) Old regions: 168->168
[2023-08-24T12:59:14.664+0000][gc,heap       ] GC(240) Humongous regions: 149->149
[2023-08-24T12:59:14.664+0000][gc,metaspace  ] GC(240) Metaspace: 118427K(124184K)->118427K(124184K) NonClass: 104671K(107980K)->104671K(107980K) Class: 13755K(16204K)->13755K(16204K)
[2023-08-24T12:59:14.664+0000][gc            ] GC(240) Pause Young (Prepare Mixed) (G1 Evacuation Pause) 747M->343M(1024M) 16.811ms
[2023-08-24T12:59:14.664+0000][gc,cpu        ] GC(240) User=0.13s Sys=0.00s Real=0.02s
[2023-08-24T12:59:17.490+0000][gc,start      ] GC(241) Pause Young (Mixed) (G1 Evacuation Pause)
[2023-08-24T12:59:17.490+0000][gc,task       ] GC(241) Using 8 workers of 8 for evacuation
[2023-08-24T12:59:17.507+0000][gc,phases     ] GC(241)   Pre Evacuate Collection Set: 0.1ms
[2023-08-24T12:59:17.507+0000][gc,phases     ] GC(241)   Evacuate Collection Set: 15.5ms
[2023-08-24T12:59:17.507+0000][gc,phases     ] GC(241)   Post Evacuate Collection Set: 0.6ms
[2023-08-24T12:59:17.507+0000][gc,phases     ] GC(241)   Other: 0.4ms
[2023-08-24T12:59:17.507+0000][gc,heap       ] GC(241) Eden regions: 24->0(497)
[2023-08-24T12:59:17.507+0000][gc,heap       ] GC(241) Survivor regions: 27->4(7)
[2023-08-24T12:59:17.507+0000][gc,heap       ] GC(241) Old regions: 168->167
[2023-08-24T12:59:17.507+0000][gc,heap       ] GC(241) Humongous regions: 149->149
[2023-08-24T12:59:17.507+0000][gc,metaspace  ] GC(241) Metaspace: 118427K(124184K)->118427K(124184K) NonClass: 104671K(107980K)->104671K(107980K) Class: 13755K(16204K)->13755K(16204K)
[2023-08-24T12:59:17.507+0000][gc            ] GC(241) Pause Young (Mixed) (G1 Evacuation Pause) 367M->319M(1024M) 16.657ms
[2023-08-24T12:59:17.507+0000][gc,cpu        ] GC(241) User=0.13s Sys=0.00s Real=0.02s
[2023-08-24T13:01:18.670+0000][gc,start      ] GC(242) Pause Young (Normal) (G1 Evacuation Pause)
[2023-08-24T13:01:18.670+0000][gc,task       ] GC(242) Using 8 workers of 8 for evacuation
[2023-08-24T13:01:18.679+0000][gc,phases     ] GC(242)   Pre Evacuate Collection Set: 0.0ms
[2023-08-24T13:01:18.679+0000][gc,phases     ] GC(242)   Evacuate Collection Set: 7.3ms
[2023-08-24T13:01:18.679+0000][gc,phases     ] GC(242)   Post Evacuate Collection Set: 0.7ms
[2023-08-24T13:01:18.679+0000][gc,phases     ] GC(242)   Other: 0.3ms
[2023-08-24T13:01:18.679+0000][gc,heap       ] GC(242) Eden regions: 497->0(494)
[2023-08-24T13:01:18.679+0000][gc,heap       ] GC(242) Survivor regions: 4->8(63)
[2023-08-24T13:01:18.679+0000][gc,heap       ] GC(242) Old regions: 167->167
[2023-08-24T13:01:18.679+0000][gc,heap       ] GC(242) Humongous regions: 149->149
[2023-08-24T13:01:18.679+0000][gc,metaspace  ] GC(242) Metaspace: 118427K(124184K)->118427K(124184K) NonClass: 104671K(107980K)->104671K(107980K) Class: 13755K(16204K)->13755K(16204K)
[2023-08-24T13:01:18.679+0000][gc            ] GC(242) Pause Young (Normal) (G1 Evacuation Pause) 816M->322M(1024M) 8.498ms
[2023-08-24T13:01:18.679+0000][gc,cpu        ] GC(242) User=0.06s Sys=0.00s Real=0.02s
[2023-08-24T13:03:14.950+0000][gc,start      ] GC(243) Pause Young (Normal) (G1 Evacuation Pause)
[2023-08-24T13:03:14.950+0000][gc,task       ] GC(243) Using 8 workers of 8 for evacuation
[2023-08-24T13:03:14.961+0000][gc,phases     ] GC(243)   Pre Evacuate Collection Set: 0.0ms
[2023-08-24T13:03:14.961+0000][gc,phases     ] GC(243)   Evacuate Collection Set: 9.4ms
[2023-08-24T13:03:14.961+0000][gc,phases     ] GC(243)   Post Evacuate Collection Set: 0.7ms
[2023-08-24T13:03:14.961+0000][gc,phases     ] GC(243)   Other: 0.3ms
[2023-08-24T13:03:14.961+0000][gc,heap       ] GC(243) Eden regions: 494->0(500)
[2023-08-24T13:03:14.961+0000][gc,heap       ] GC(243) Survivor regions: 8->14(63)
[2023-08-24T13:03:14.961+0000][gc,heap       ] GC(243) Old regions: 167->167
[2023-08-24T13:03:14.961+0000][gc,heap       ] GC(243) Humongous regions: 149->149
[2023-08-24T13:03:14.961+0000][gc,metaspace  ] GC(243) Metaspace: 118427K(124184K)->118427K(124184K) NonClass: 104671K(107980K)->104671K(107980K) Class: 13755K(16204K)->13755K(16204K)
[2023-08-24T13:03:14.961+0000][gc            ] GC(243) Pause Young (Normal) (G1 Evacuation Pause) 816M->328M(1024M) 10.518ms
[2023-08-24T13:03:14.961+0000][gc,cpu        ] GC(243) User=0.08s Sys=0.00s Real=0.02s
