[2023-08-11T10:36:00.032+0000][gc,heap] Heap region size: 1M
[2023-08-11T10:36:00.042+0000][gc     ] Using G1
[2023-08-11T10:36:00.042+0000][gc,heap,coops] Heap address: 0x00000000c0000000, size: 1024 MB, Compressed Oops mode: 32-bit
[2023-08-11T10:36:00.784+0000][gc,start     ] GC(0) Pause Young (Normal) (G1 Evacuation Pause)
[2023-08-11T10:36:00.785+0000][gc,task      ] GC(0) Using 8 workers of 8 for evacuation
[2023-08-11T10:36:00.793+0000][gc,phases    ] GC(0)   Pre Evacuate Collection Set: 0.0ms
[2023-08-11T10:36:00.793+0000][gc,phases    ] GC(0)   Evacuate Collection Set: 7.9ms
[2023-08-11T10:36:00.793+0000][gc,phases    ] GC(0)   Post Evacuate Collection Set: 0.6ms
[2023-08-11T10:36:00.793+0000][gc,phases    ] GC(0)   Other: 0.7ms
[2023-08-11T10:36:00.793+0000][gc,heap      ] GC(0) Eden regions: 51->0(44)
[2023-08-11T10:36:00.793+0000][gc,heap      ] GC(0) Survivor regions: 0->7(7)
[2023-08-11T10:36:00.793+0000][gc,heap      ] GC(0) Old regions: 0->25
[2023-08-11T10:36:00.793+0000][gc,heap      ] GC(0) Humongous regions: 2->2
[2023-08-11T10:36:00.793+0000][gc,metaspace ] GC(0) Metaspace: 12470K(12928K)->12470K(12928K) NonClass: 11277K(11520K)->11277K(11520K) Class: 1193K(1408K)->1193K(1408K)
[2023-08-11T10:36:00.793+0000][gc           ] GC(0) Pause Young (Normal) (G1 Evacuation Pause) 53M->33M(1024M) 9.353ms
[2023-08-11T10:36:00.793+0000][gc,cpu       ] GC(0) User=0.01s Sys=0.04s Real=0.01s
[2023-08-11T10:36:01.256+0000][gc,start     ] GC(1) Pause Young (Normal) (G1 Evacuation Pause)
[2023-08-11T10:36:01.256+0000][gc,task      ] GC(1) Using 8 workers of 8 for evacuation
[2023-08-11T10:36:01.262+0000][gc,phases    ] GC(1)   Pre Evacuate Collection Set: 0.0ms
[2023-08-11T10:36:01.262+0000][gc,phases    ] GC(1)   Evacuate Collection Set: 5.1ms
[2023-08-11T10:36:01.262+0000][gc,phases    ] GC(1)   Post Evacuate Collection Set: 0.4ms
[2023-08-11T10:36:01.262+0000][gc,phases    ] GC(1)   Other: 0.2ms
[2023-08-11T10:36:01.262+0000][gc,heap      ] GC(1) Eden regions: 44->0(49)
[2023-08-11T10:36:01.262+0000][gc,heap      ] GC(1) Survivor regions: 7->2(7)
[2023-08-11T10:36:01.262+0000][gc,heap      ] GC(1) Old regions: 25->32
[2023-08-11T10:36:01.262+0000][gc,heap      ] GC(1) Humongous regions: 2->2
[2023-08-11T10:36:01.262+0000][gc,metaspace ] GC(1) Metaspace: 19645K(20352K)->19645K(20352K) NonClass: 17617K(18176K)->17617K(18176K) Class: 2028K(2176K)->2028K(2176K)
[2023-08-11T10:36:01.262+0000][gc           ] GC(1) Pause Young (Normal) (G1 Evacuation Pause) 77M->34M(1024M) 5.822ms
[2023-08-11T10:36:01.262+0000][gc,cpu       ] GC(1) User=0.02s Sys=0.01s Real=0.01s
[2023-08-11T10:36:01.673+0000][gc,start     ] GC(2) Pause Young (Normal) (G1 Evacuation Pause)
[2023-08-11T10:36:01.673+0000][gc,task      ] GC(2) Using 8 workers of 8 for evacuation
[2023-08-11T10:36:01.677+0000][gc,phases    ] GC(2)   Pre Evacuate Collection Set: 0.0ms
[2023-08-11T10:36:01.677+0000][gc,phases    ] GC(2)   Evacuate Collection Set: 3.9ms
[2023-08-11T10:36:01.677+0000][gc,phases    ] GC(2)   Post Evacuate Collection Set: 0.3ms
[2023-08-11T10:36:01.677+0000][gc,phases    ] GC(2)   Other: 0.2ms
[2023-08-11T10:36:01.677+0000][gc,heap      ] GC(2) Eden regions: 49->0(48)
[2023-08-11T10:36:01.677+0000][gc,heap      ] GC(2) Survivor regions: 2->3(7)
[2023-08-11T10:36:01.677+0000][gc,heap      ] GC(2) Old regions: 32->32
[2023-08-11T10:36:01.677+0000][gc,heap      ] GC(2) Humongous regions: 2->2
[2023-08-11T10:36:01.677+0000][gc,metaspace ] GC(2) Metaspace: 26573K(27392K)->26573K(27392K) NonClass: 23918K(24576K)->23918K(24576K) Class: 2655K(2816K)->2655K(2816K)
[2023-08-11T10:36:01.677+0000][gc           ] GC(2) Pause Young (Normal) (G1 Evacuation Pause) 83M->35M(1024M) 4.507ms
[2023-08-11T10:36:01.677+0000][gc,cpu       ] GC(2) User=0.02s Sys=0.00s Real=0.00s
[2023-08-11T10:36:02.178+0000][gc,start     ] GC(3) Pause Young (Normal) (G1 Evacuation Pause)
[2023-08-11T10:36:02.178+0000][gc,task      ] GC(3) Using 8 workers of 8 for evacuation
[2023-08-11T10:36:02.184+0000][gc,phases    ] GC(3)   Pre Evacuate Collection Set: 0.0ms
[2023-08-11T10:36:02.184+0000][gc,phases    ] GC(3)   Evacuate Collection Set: 5.8ms
[2023-08-11T10:36:02.184+0000][gc,phases    ] GC(3)   Post Evacuate Collection Set: 0.5ms
[2023-08-11T10:36:02.184+0000][gc,phases    ] GC(3)   Other: 0.2ms
[2023-08-11T10:36:02.184+0000][gc,heap      ] GC(3) Eden regions: 48->0(47)
[2023-08-11T10:36:02.184+0000][gc,heap      ] GC(3) Survivor regions: 3->4(7)
[2023-08-11T10:36:02.184+0000][gc,heap      ] GC(3) Old regions: 32->32
[2023-08-11T10:36:02.184+0000][gc,heap      ] GC(3) Humongous regions: 2->2
[2023-08-11T10:36:02.185+0000][gc,metaspace ] GC(3) Metaspace: 34651K(35712K)->34651K(35712K) NonClass: 31059K(31744K)->31059K(31744K) Class: 3592K(3968K)->3592K(3968K)
[2023-08-11T10:36:02.185+0000][gc           ] GC(3) Pause Young (Normal) (G1 Evacuation Pause) 83M->36M(1024M) 6.609ms
[2023-08-11T10:36:02.185+0000][gc,cpu       ] GC(3) User=0.03s Sys=0.00s Real=0.01s
[2023-08-11T10:36:02.743+0000][gc,start     ] GC(4) Pause Young (Normal) (G1 Evacuation Pause)
[2023-08-11T10:36:02.743+0000][gc,task      ] GC(4) Using 8 workers of 8 for evacuation
[2023-08-11T10:36:02.751+0000][gc,phases    ] GC(4)   Pre Evacuate Collection Set: 0.0ms
[2023-08-11T10:36:02.751+0000][gc,phases    ] GC(4)   Evacuate Collection Set: 5.7ms
[2023-08-11T10:36:02.751+0000][gc,phases    ] GC(4)   Post Evacuate Collection Set: 2.1ms
[2023-08-11T10:36:02.751+0000][gc,phases    ] GC(4)   Other: 0.2ms
[2023-08-11T10:36:02.751+0000][gc,heap      ] GC(4) Eden regions: 47->0(44)
[2023-08-11T10:36:02.751+0000][gc,heap      ] GC(4) Survivor regions: 4->7(7)
[2023-08-11T10:36:02.751+0000][gc,heap      ] GC(4) Old regions: 32->32
[2023-08-11T10:36:02.751+0000][gc,heap      ] GC(4) Humongous regions: 2->2
[2023-08-11T10:36:02.751+0000][gc,metaspace ] GC(4) Metaspace: 40504K(41728K)->40504K(41728K) NonClass: 36148K(36864K)->36148K(36864K) Class: 4355K(4864K)->4355K(4864K)
[2023-08-11T10:36:02.751+0000][gc           ] GC(4) Pause Young (Normal) (G1 Evacuation Pause) 83M->39M(1024M) 8.234ms
[2023-08-11T10:36:02.751+0000][gc,cpu       ] GC(4) User=0.05s Sys=0.00s Real=0.01s
[2023-08-11T10:36:03.264+0000][gc,start     ] GC(5) Pause Young (Normal) (G1 Evacuation Pause)
[2023-08-11T10:36:03.264+0000][gc,task      ] GC(5) Using 8 workers of 8 for evacuation
[2023-08-11T10:36:03.270+0000][gc,phases    ] GC(5)   Pre Evacuate Collection Set: 0.0ms
[2023-08-11T10:36:03.270+0000][gc,phases    ] GC(5)   Evacuate Collection Set: 5.7ms
[2023-08-11T10:36:03.270+0000][gc,phases    ] GC(5)   Post Evacuate Collection Set: 0.5ms
[2023-08-11T10:36:03.270+0000][gc,phases    ] GC(5)   Other: 0.2ms
[2023-08-11T10:36:03.270+0000][gc,heap      ] GC(5) Eden regions: 44->0(46)
[2023-08-11T10:36:03.270+0000][gc,heap      ] GC(5) Survivor regions: 7->5(7)
[2023-08-11T10:36:03.270+0000][gc,heap      ] GC(5) Old regions: 32->35
[2023-08-11T10:36:03.270+0000][gc,heap      ] GC(5) Humongous regions: 11->11
[2023-08-11T10:36:03.270+0000][gc,metaspace ] GC(5) Metaspace: 47560K(49152K)->47560K(49152K) NonClass: 42334K(43264K)->42334K(43264K) Class: 5225K(5888K)->5225K(5888K)
[2023-08-11T10:36:03.270+0000][gc           ] GC(5) Pause Young (Normal) (G1 Evacuation Pause) 92M->50M(1024M) 6.522ms
[2023-08-11T10:36:03.270+0000][gc,cpu       ] GC(5) User=0.04s Sys=0.01s Real=0.00s
[2023-08-11T10:36:03.772+0000][gc,start     ] GC(6) Pause Young (Normal) (G1 Evacuation Pause)
[2023-08-11T10:36:03.772+0000][gc,task      ] GC(6) Using 8 workers of 8 for evacuation
[2023-08-11T10:36:03.782+0000][gc,phases    ] GC(6)   Pre Evacuate Collection Set: 0.0ms
[2023-08-11T10:36:03.782+0000][gc,phases    ] GC(6)   Evacuate Collection Set: 7.0ms
[2023-08-11T10:36:03.782+0000][gc,phases    ] GC(6)   Post Evacuate Collection Set: 3.4ms
[2023-08-11T10:36:03.782+0000][gc,phases    ] GC(6)   Other: 0.3ms
[2023-08-11T10:36:03.782+0000][gc,heap      ] GC(6) Eden regions: 46->0(44)
[2023-08-11T10:36:03.782+0000][gc,heap      ] GC(6) Survivor regions: 5->7(7)
[2023-08-11T10:36:03.782+0000][gc,heap      ] GC(6) Old regions: 35->37
[2023-08-11T10:36:03.782+0000][gc,heap      ] GC(6) Humongous regions: 11->11
[2023-08-11T10:36:03.782+0000][gc,metaspace ] GC(6) Metaspace: 52450K(54400K)->52450K(54400K) NonClass: 46772K(47872K)->46772K(47872K) Class: 5677K(6528K)->5677K(6528K)
[2023-08-11T10:36:03.782+0000][gc           ] GC(6) Pause Young (Normal) (G1 Evacuation Pause) 96M->54M(1024M) 10.783ms
[2023-08-11T10:36:03.782+0000][gc,cpu       ] GC(6) User=0.05s Sys=0.01s Real=0.01s
[2023-08-11T10:36:04.016+0000][gc,start     ] GC(7) Pause Young (Normal) (G1 Evacuation Pause)
[2023-08-11T10:36:04.016+0000][gc,task      ] GC(7) Using 8 workers of 8 for evacuation
[2023-08-11T10:36:04.023+0000][gc,phases    ] GC(7)   Pre Evacuate Collection Set: 0.0ms
[2023-08-11T10:36:04.023+0000][gc,phases    ] GC(7)   Evacuate Collection Set: 6.3ms
[2023-08-11T10:36:04.023+0000][gc,phases    ] GC(7)   Post Evacuate Collection Set: 0.5ms
[2023-08-11T10:36:04.023+0000][gc,phases    ] GC(7)   Other: 0.6ms
[2023-08-11T10:36:04.023+0000][gc,heap      ] GC(7) Eden regions: 44->0(50)
[2023-08-11T10:36:04.023+0000][gc,heap      ] GC(7) Survivor regions: 7->1(7)
[2023-08-11T10:36:04.023+0000][gc,heap      ] GC(7) Old regions: 37->44
[2023-08-11T10:36:04.023+0000][gc,heap      ] GC(7) Humongous regions: 11->11
[2023-08-11T10:36:04.023+0000][gc,metaspace ] GC(7) Metaspace: 54067K(55808K)->54067K(55808K) NonClass: 48222K(49152K)->48222K(49152K) Class: 5844K(6656K)->5844K(6656K)
[2023-08-11T10:36:04.023+0000][gc           ] GC(7) Pause Young (Normal) (G1 Evacuation Pause) 98M->55M(1024M) 7.607ms
[2023-08-11T10:36:04.023+0000][gc,cpu       ] GC(7) User=0.02s Sys=0.01s Real=0.01s
[2023-08-11T10:36:04.284+0000][gc,start     ] GC(8) Pause Young (Normal) (G1 Evacuation Pause)
[2023-08-11T10:36:04.284+0000][gc,task      ] GC(8) Using 8 workers of 8 for evacuation
[2023-08-11T10:36:04.286+0000][gc,phases    ] GC(8)   Pre Evacuate Collection Set: 0.0ms
[2023-08-11T10:36:04.286+0000][gc,phases    ] GC(8)   Evacuate Collection Set: 1.9ms
[2023-08-11T10:36:04.286+0000][gc,phases    ] GC(8)   Post Evacuate Collection Set: 0.3ms
[2023-08-11T10:36:04.286+0000][gc,phases    ] GC(8)   Other: 0.2ms
[2023-08-11T10:36:04.286+0000][gc,heap      ] GC(8) Eden regions: 50->0(55)
[2023-08-11T10:36:04.286+0000][gc,heap      ] GC(8) Survivor regions: 1->1(7)
[2023-08-11T10:36:04.286+0000][gc,heap      ] GC(8) Old regions: 44->44
[2023-08-11T10:36:04.286+0000][gc,heap      ] GC(8) Humongous regions: 11->11
[2023-08-11T10:36:04.286+0000][gc,metaspace ] GC(8) Metaspace: 56193K(58112K)->56193K(58112K) NonClass: 50082K(51200K)->50082K(51200K) Class: 6111K(6912K)->6111K(6912K)
[2023-08-11T10:36:04.286+0000][gc           ] GC(8) Pause Young (Normal) (G1 Evacuation Pause) 105M->55M(1024M) 2.640ms
[2023-08-11T10:36:04.286+0000][gc,cpu       ] GC(8) User=0.01s Sys=0.00s Real=0.00s
[2023-08-11T10:36:04.759+0000][gc,start     ] GC(9) Pause Young (Normal) (G1 Evacuation Pause)
[2023-08-11T10:36:04.759+0000][gc,task      ] GC(9) Using 8 workers of 8 for evacuation
[2023-08-11T10:36:04.762+0000][gc,phases    ] GC(9)   Pre Evacuate Collection Set: 0.0ms
[2023-08-11T10:36:04.762+0000][gc,phases    ] GC(9)   Evacuate Collection Set: 2.7ms
[2023-08-11T10:36:04.762+0000][gc,phases    ] GC(9)   Post Evacuate Collection Set: 0.7ms
[2023-08-11T10:36:04.762+0000][gc,phases    ] GC(9)   Other: 0.2ms
[2023-08-11T10:36:04.762+0000][gc,heap      ] GC(9) Eden regions: 55->0(56)
[2023-08-11T10:36:04.762+0000][gc,heap      ] GC(9) Survivor regions: 1->4(7)
[2023-08-11T10:36:04.762+0000][gc,heap      ] GC(9) Old regions: 44->44
[2023-08-11T10:36:04.762+0000][gc,heap      ] GC(9) Humongous regions: 11->11
[2023-08-11T10:36:04.762+0000][gc,metaspace ] GC(9) Metaspace: 62774K(64768K)->62774K(64768K) NonClass: 55930K(57088K)->55930K(57088K) Class: 6843K(7680K)->6843K(7680K)
[2023-08-11T10:36:04.762+0000][gc           ] GC(9) Pause Young (Normal) (G1 Evacuation Pause) 110M->57M(1024M) 3.662ms
[2023-08-11T10:36:04.762+0000][gc,cpu       ] GC(9) User=0.01s Sys=0.00s Real=0.01s
[2023-08-11T10:36:04.920+0000][gc,start     ] GC(10) Pause Young (Normal) (G1 Evacuation Pause)
[2023-08-11T10:36:04.920+0000][gc,task      ] GC(10) Using 8 workers of 8 for evacuation
[2023-08-11T10:36:04.924+0000][gc,phases    ] GC(10)   Pre Evacuate Collection Set: 0.0ms
[2023-08-11T10:36:04.924+0000][gc,phases    ] GC(10)   Evacuate Collection Set: 2.9ms
[2023-08-11T10:36:04.924+0000][gc,phases    ] GC(10)   Post Evacuate Collection Set: 0.4ms
[2023-08-11T10:36:04.924+0000][gc,phases    ] GC(10)   Other: 0.2ms
[2023-08-11T10:36:04.924+0000][gc,heap      ] GC(10) Eden regions: 56->0(61)
[2023-08-11T10:36:04.924+0000][gc,heap      ] GC(10) Survivor regions: 4->5(8)
[2023-08-11T10:36:04.924+0000][gc,heap      ] GC(10) Old regions: 44->44
[2023-08-11T10:36:04.924+0000][gc,heap      ] GC(10) Humongous regions: 11->11
[2023-08-11T10:36:04.924+0000][gc,metaspace ] GC(10) Metaspace: 64226K(66304K)->64226K(66304K) NonClass: 57151K(58368K)->57151K(58368K) Class: 7074K(7936K)->7074K(7936K)
[2023-08-11T10:36:04.924+0000][gc           ] GC(10) Pause Young (Normal) (G1 Evacuation Pause) 113M->58M(1024M) 3.594ms
[2023-08-11T10:36:04.924+0000][gc,cpu       ] GC(10) User=0.01s Sys=0.02s Real=0.00s
[2023-08-11T10:36:05.132+0000][gc,start     ] GC(11) Pause Young (Normal) (G1 Evacuation Pause)
[2023-08-11T10:36:05.132+0000][gc,task      ] GC(11) Using 8 workers of 8 for evacuation
[2023-08-11T10:36:05.138+0000][gc,phases    ] GC(11)   Pre Evacuate Collection Set: 0.0ms
[2023-08-11T10:36:05.138+0000][gc,phases    ] GC(11)   Evacuate Collection Set: 4.9ms
[2023-08-11T10:36:05.138+0000][gc,phases    ] GC(11)   Post Evacuate Collection Set: 0.4ms
[2023-08-11T10:36:05.138+0000][gc,phases    ] GC(11)   Other: 0.2ms
[2023-08-11T10:36:05.138+0000][gc,heap      ] GC(11) Eden regions: 61->0(609)
[2023-08-11T10:36:05.138+0000][gc,heap      ] GC(11) Survivor regions: 5->5(9)
[2023-08-11T10:36:05.138+0000][gc,heap      ] GC(11) Old regions: 44->44
[2023-08-11T10:36:05.138+0000][gc,heap      ] GC(11) Humongous regions: 11->11
[2023-08-11T10:36:05.138+0000][gc,metaspace ] GC(11) Metaspace: 65894K(67968K)->65894K(67968K) NonClass: 58661K(59904K)->58661K(59904K) Class: 7233K(8064K)->7233K(8064K)
[2023-08-11T10:36:05.138+0000][gc           ] GC(11) Pause Young (Normal) (G1 Evacuation Pause) 119M->58M(1024M) 5.688ms
[2023-08-11T10:36:05.138+0000][gc,cpu       ] GC(11) User=0.02s Sys=0.00s Real=0.00s
[2023-08-11T10:36:10.109+0000][gc,start     ] GC(12) Pause Young (Normal) (G1 Evacuation Pause)
[2023-08-11T10:36:10.110+0000][gc,task      ] GC(12) Using 8 workers of 8 for evacuation
[2023-08-11T10:36:10.177+0000][gc,mmu       ] GC(12) MMU target violated: 21.0ms (20.0ms/21.0ms)
[2023-08-11T10:36:10.177+0000][gc,phases    ] GC(12)   Pre Evacuate Collection Set: 0.1ms
[2023-08-11T10:36:10.177+0000][gc,phases    ] GC(12)   Evacuate Collection Set: 33.8ms
[2023-08-11T10:36:10.177+0000][gc,phases    ] GC(12)   Post Evacuate Collection Set: 32.8ms
[2023-08-11T10:36:10.177+0000][gc,phases    ] GC(12)   Other: 1.0ms
[2023-08-11T10:36:10.177+0000][gc,heap      ] GC(12) Eden regions: 609->0(43)
[2023-08-11T10:36:10.177+0000][gc,heap      ] GC(12) Survivor regions: 5->21(77)
[2023-08-11T10:36:10.177+0000][gc,heap      ] GC(12) Old regions: 44->44
[2023-08-11T10:36:10.177+0000][gc,heap      ] GC(12) Humongous regions: 141->140
[2023-08-11T10:36:10.177+0000][gc,metaspace ] GC(12) Metaspace: 91611K(94720K)->91611K(94720K) NonClass: 80912K(82688K)->80912K(82688K) Class: 10698K(12032K)->10698K(12032K)
[2023-08-11T10:36:10.177+0000][gc           ] GC(12) Pause Young (Normal) (G1 Evacuation Pause) 797M->203M(1024M) 67.764ms
[2023-08-11T10:36:10.177+0000][gc,cpu       ] GC(12) User=0.15s Sys=0.01s Real=0.07s
[2023-08-11T10:36:10.322+0000][gc,start     ] GC(13) Pause Young (Normal) (G1 Evacuation Pause)
[2023-08-11T10:36:10.322+0000][gc,task      ] GC(13) Using 8 workers of 8 for evacuation
[2023-08-11T10:36:10.371+0000][gc,mmu       ] GC(13) MMU target violated: 21.0ms (20.0ms/21.0ms)
[2023-08-11T10:36:10.372+0000][gc,phases    ] GC(13)   Pre Evacuate Collection Set: 0.0ms
[2023-08-11T10:36:10.372+0000][gc,phases    ] GC(13)   Evacuate Collection Set: 48.7ms
[2023-08-11T10:36:10.372+0000][gc,phases    ] GC(13)   Post Evacuate Collection Set: 0.6ms
[2023-08-11T10:36:10.372+0000][gc,phases    ] GC(13)   Other: 0.8ms
[2023-08-11T10:36:10.372+0000][gc,heap      ] GC(13) Eden regions: 43->0(54)
[2023-08-11T10:36:10.372+0000][gc,heap      ] GC(13) Survivor regions: 21->4(8)
[2023-08-11T10:36:10.373+0000][gc,heap      ] GC(13) Old regions: 44->63
[2023-08-11T10:36:10.373+0000][gc,heap      ] GC(13) Humongous regions: 140->140
[2023-08-11T10:36:10.373+0000][gc,metaspace ] GC(13) Metaspace: 91627K(94720K)->91627K(94720K) NonClass: 80928K(82688K)->80928K(82688K) Class: 10698K(12032K)->10698K(12032K)
[2023-08-11T10:36:10.373+0000][gc           ] GC(13) Pause Young (Normal) (G1 Evacuation Pause) 246M->205M(1024M) 51.370ms
[2023-08-11T10:36:10.373+0000][gc,cpu       ] GC(13) User=0.13s Sys=0.03s Real=0.05s
[2023-08-11T10:36:11.243+0000][gc,start     ] GC(14) Pause Young (Concurrent Start) (Metadata GC Threshold)
[2023-08-11T10:36:11.243+0000][gc,task      ] GC(14) Using 8 workers of 8 for evacuation
[2023-08-11T10:36:11.259+0000][gc,phases    ] GC(14)   Pre Evacuate Collection Set: 0.3ms
[2023-08-11T10:36:11.259+0000][gc,phases    ] GC(14)   Evacuate Collection Set: 12.8ms
[2023-08-11T10:36:11.260+0000][gc,phases    ] GC(14)   Post Evacuate Collection Set: 2.2ms
[2023-08-11T10:36:11.260+0000][gc,phases    ] GC(14)   Other: 0.5ms
[2023-08-11T10:36:11.260+0000][gc,heap      ] GC(14) Eden regions: 49->0(215)
[2023-08-11T10:36:11.260+0000][gc,heap      ] GC(14) Survivor regions: 4->4(8)
[2023-08-11T10:36:11.260+0000][gc,heap      ] GC(14) Old regions: 63->63
[2023-08-11T10:36:11.260+0000][gc,heap      ] GC(14) Humongous regions: 140->140
[2023-08-11T10:36:11.260+0000][gc,metaspace ] GC(14) Metaspace: 95225K(98304K)->95225K(98304K) NonClass: 83991K(85632K)->83991K(85632K) Class: 11233K(12672K)->11233K(12672K)
[2023-08-11T10:36:11.260+0000][gc           ] GC(14) Pause Young (Concurrent Start) (Metadata GC Threshold) 254M->205M(1024M) 17.071ms
[2023-08-11T10:36:11.261+0000][gc,cpu       ] GC(14) User=0.04s Sys=0.00s Real=0.02s
[2023-08-11T10:36:11.263+0000][gc           ] GC(15) Concurrent Cycle
[2023-08-11T10:36:11.263+0000][gc,marking   ] GC(15) Concurrent Clear Claimed Marks
[2023-08-11T10:36:11.263+0000][gc,marking   ] GC(15) Concurrent Clear Claimed Marks 0.281ms
[2023-08-11T10:36:11.263+0000][gc,marking   ] GC(15) Concurrent Scan Root Regions
[2023-08-11T10:36:11.281+0000][gc,marking   ] GC(15) Concurrent Scan Root Regions 17.413ms
[2023-08-11T10:36:11.281+0000][gc,marking   ] GC(15) Concurrent Mark (11.253s)
[2023-08-11T10:36:11.282+0000][gc,marking   ] GC(15) Concurrent Mark From Roots
[2023-08-11T10:36:11.282+0000][gc,task      ] GC(15) Using 2 workers of 2 for marking
[2023-08-11T10:36:11.492+0000][gc,marking   ] GC(15) Concurrent Mark From Roots 210.724ms
[2023-08-11T10:36:11.493+0000][gc,marking   ] GC(15) Concurrent Preclean
[2023-08-11T10:36:11.493+0000][gc,marking   ] GC(15) Concurrent Preclean 0.586ms
[2023-08-11T10:36:11.493+0000][gc,marking   ] GC(15) Concurrent Mark (11.253s, 11.465s) 212.291ms
[2023-08-11T10:36:11.495+0000][gc,start     ] GC(15) Pause Remark
[2023-08-11T10:36:11.531+0000][gc,stringtable] GC(15) Cleaned string and symbol table, strings: 33398 processed, 83 removed, symbols: 257102 processed, 300 removed
[2023-08-11T10:36:11.532+0000][gc,mmu        ] GC(15) MMU target violated: 21.0ms (20.0ms/21.0ms)
[2023-08-11T10:36:11.532+0000][gc            ] GC(15) Pause Remark 214M->214M(1024M) 36.924ms
[2023-08-11T10:36:11.532+0000][gc,cpu        ] GC(15) User=0.13s Sys=0.00s Real=0.04s
[2023-08-11T10:36:11.532+0000][gc,marking    ] GC(15) Concurrent Rebuild Remembered Sets
[2023-08-11T10:36:11.670+0000][gc,marking    ] GC(15) Concurrent Rebuild Remembered Sets 138.124ms
[2023-08-11T10:36:11.679+0000][gc,start      ] GC(15) Pause Cleanup
[2023-08-11T10:36:11.680+0000][gc            ] GC(15) Pause Cleanup 219M->219M(1024M) 0.636ms
[2023-08-11T10:36:11.680+0000][gc,cpu        ] GC(15) User=0.00s Sys=0.00s Real=0.00s
[2023-08-11T10:36:11.687+0000][gc,marking    ] GC(15) Concurrent Cleanup for Next Mark
[2023-08-11T10:36:11.755+0000][gc,marking    ] GC(15) Concurrent Cleanup for Next Mark 67.968ms
[2023-08-11T10:36:11.755+0000][gc            ] GC(15) Concurrent Cycle 492.300ms
[2023-08-11T10:36:12.824+0000][gc,start      ] GC(16) Pause Young (Concurrent Start) (G1 Evacuation Pause)
[2023-08-11T10:36:12.824+0000][gc,task       ] GC(16) Using 8 workers of 8 for evacuation
[2023-08-11T10:36:12.888+0000][gc,mmu        ] GC(16) MMU target violated: 21.0ms (20.0ms/21.0ms)
[2023-08-11T10:36:12.889+0000][gc,phases     ] GC(16)   Pre Evacuate Collection Set: 0.3ms
[2023-08-11T10:36:12.889+0000][gc,phases     ] GC(16)   Evacuate Collection Set: 62.8ms
[2023-08-11T10:36:12.889+0000][gc,phases     ] GC(16)   Post Evacuate Collection Set: 0.8ms
[2023-08-11T10:36:12.889+0000][gc,phases     ] GC(16)   Other: 0.9ms
[2023-08-11T10:36:12.889+0000][gc,heap       ] GC(16) Eden regions: 47->0(44)
[2023-08-11T10:36:12.889+0000][gc,heap       ] GC(16) Survivor regions: 4->7(7)
[2023-08-11T10:36:12.889+0000][gc,heap       ] GC(16) Old regions: 63->63
[2023-08-11T10:36:12.889+0000][gc,heap       ] GC(16) Humongous regions: 140->140
[2023-08-11T10:36:12.890+0000][gc,metaspace  ] GC(16) Metaspace: 98959K(102628K)->98959K(102628K) NonClass: 87085K(89036K)->87085K(89036K) Class: 11873K(13592K)->11873K(13592K)
[2023-08-11T10:36:12.890+0000][gc            ] GC(16) Pause Young (Concurrent Start) (G1 Evacuation Pause) 252M->209M(1024M) 65.979ms
[2023-08-11T10:36:12.890+0000][gc,cpu        ] GC(16) User=0.11s Sys=0.00s Real=0.06s
[2023-08-11T10:36:12.891+0000][gc            ] GC(17) Concurrent Cycle
[2023-08-11T10:36:12.892+0000][gc,marking    ] GC(17) Concurrent Clear Claimed Marks
[2023-08-11T10:36:12.893+0000][gc,marking    ] GC(17) Concurrent Clear Claimed Marks 0.739ms
[2023-08-11T10:36:12.893+0000][gc,marking    ] GC(17) Concurrent Scan Root Regions
[2023-08-11T10:36:12.899+0000][gc,marking    ] GC(17) Concurrent Scan Root Regions 6.142ms
[2023-08-11T10:36:12.899+0000][gc,marking    ] GC(17) Concurrent Mark (12.871s)
[2023-08-11T10:36:12.900+0000][gc,marking    ] GC(17) Concurrent Mark From Roots
[2023-08-11T10:36:12.900+0000][gc,task       ] GC(17) Using 2 workers of 2 for marking
[2023-08-11T10:36:13.104+0000][gc,marking    ] GC(17) Concurrent Mark From Roots 204.156ms
[2023-08-11T10:36:13.104+0000][gc,marking    ] GC(17) Concurrent Preclean
[2023-08-11T10:36:13.105+0000][gc,marking    ] GC(17) Concurrent Preclean 0.557ms
[2023-08-11T10:36:13.105+0000][gc,marking    ] GC(17) Concurrent Mark (12.871s, 13.076s) 205.269ms
[2023-08-11T10:36:13.119+0000][gc,start      ] GC(17) Pause Remark
[2023-08-11T10:36:13.155+0000][gc,stringtable] GC(17) Cleaned string and symbol table, strings: 35202 processed, 2 removed, symbols: 264658 processed, 19 removed
[2023-08-11T10:36:13.158+0000][gc,mmu        ] GC(17) MMU target violated: 21.0ms (20.0ms/21.0ms)
[2023-08-11T10:36:13.159+0000][gc            ] GC(17) Pause Remark 213M->213M(1024M) 39.396ms
[2023-08-11T10:36:13.159+0000][gc,cpu        ] GC(17) User=0.08s Sys=0.00s Real=0.04s
[2023-08-11T10:36:13.161+0000][gc,marking    ] GC(17) Concurrent Rebuild Remembered Sets
[2023-08-11T10:36:13.214+0000][gc,marking    ] GC(17) Concurrent Rebuild Remembered Sets 53.100ms
[2023-08-11T10:36:13.215+0000][gc,start      ] GC(17) Pause Cleanup
[2023-08-11T10:36:13.215+0000][gc            ] GC(17) Pause Cleanup 214M->214M(1024M) 0.372ms
[2023-08-11T10:36:13.215+0000][gc,cpu        ] GC(17) User=0.00s Sys=0.00s Real=0.00s
[2023-08-11T10:36:13.217+0000][gc,marking    ] GC(17) Concurrent Cleanup for Next Mark
[2023-08-11T10:36:13.240+0000][gc,marking    ] GC(17) Concurrent Cleanup for Next Mark 23.393ms
[2023-08-11T10:36:13.241+0000][gc            ] GC(17) Concurrent Cycle 349.400ms
[2023-08-11T10:36:19.672+0000][gc,start      ] GC(18) Pause Young (Normal) (G1 Evacuation Pause)
[2023-08-11T10:36:19.672+0000][gc,task       ] GC(18) Using 8 workers of 8 for evacuation
[2023-08-11T10:36:19.692+0000][gc,mmu        ] GC(18) MMU target violated: 20.3ms (20.0ms/21.0ms)
[2023-08-11T10:36:19.692+0000][gc,phases     ] GC(18)   Pre Evacuate Collection Set: 0.0ms
[2023-08-11T10:36:19.692+0000][gc,phases     ] GC(18)   Evacuate Collection Set: 19.5ms
[2023-08-11T10:36:19.692+0000][gc,phases     ] GC(18)   Post Evacuate Collection Set: 0.7ms
[2023-08-11T10:36:19.692+0000][gc,phases     ] GC(18)   Other: 0.3ms
[2023-08-11T10:36:19.692+0000][gc,heap       ] GC(18) Eden regions: 44->0(44)
[2023-08-11T10:36:19.692+0000][gc,heap       ] GC(18) Survivor regions: 7->7(7)
[2023-08-11T10:36:19.692+0000][gc,heap       ] GC(18) Old regions: 63->66
[2023-08-11T10:36:19.692+0000][gc,heap       ] GC(18) Humongous regions: 140->140
[2023-08-11T10:36:19.692+0000][gc,metaspace  ] GC(18) Metaspace: 100850K(104804K)->100850K(104804K) NonClass: 88685K(90828K)->88685K(90828K) Class: 12164K(13976K)->12164K(13976K)
[2023-08-11T10:36:19.692+0000][gc            ] GC(18) Pause Young (Normal) (G1 Evacuation Pause) 253M->212M(1024M) 20.581ms
[2023-08-11T10:36:19.692+0000][gc,cpu        ] GC(18) User=0.09s Sys=0.00s Real=0.02s
[2023-08-11T10:36:20.992+0000][gc,start      ] GC(19) Pause Young (Normal) (G1 Evacuation Pause)
[2023-08-11T10:36:20.992+0000][gc,task       ] GC(19) Using 8 workers of 8 for evacuation
[2023-08-11T10:36:21.008+0000][gc,phases     ] GC(19)   Pre Evacuate Collection Set: 0.0ms
[2023-08-11T10:36:21.008+0000][gc,phases     ] GC(19)   Evacuate Collection Set: 14.7ms
[2023-08-11T10:36:21.008+0000][gc,phases     ] GC(19)   Post Evacuate Collection Set: 0.6ms
[2023-08-11T10:36:21.008+0000][gc,phases     ] GC(19)   Other: 0.3ms
[2023-08-11T10:36:21.008+0000][gc,heap       ] GC(19) Eden regions: 44->0(44)
[2023-08-11T10:36:21.008+0000][gc,heap       ] GC(19) Survivor regions: 7->7(7)
[2023-08-11T10:36:21.008+0000][gc,heap       ] GC(19) Old regions: 66->69
[2023-08-11T10:36:21.008+0000][gc,heap       ] GC(19) Humongous regions: 140->140
[2023-08-11T10:36:21.008+0000][gc,metaspace  ] GC(19) Metaspace: 101839K(105828K)->101839K(105828K) NonClass: 89622K(91852K)->89622K(91852K) Class: 12216K(13976K)->12216K(13976K)
[2023-08-11T10:36:21.008+0000][gc            ] GC(19) Pause Young (Normal) (G1 Evacuation Pause) 256M->215M(1024M) 15.770ms
[2023-08-11T10:36:21.008+0000][gc,cpu        ] GC(19) User=0.05s Sys=0.00s Real=0.01s
[2023-08-11T10:36:21.428+0000][gc,start      ] GC(20) Pause Young (Normal) (G1 Evacuation Pause)
[2023-08-11T10:36:21.428+0000][gc,task       ] GC(20) Using 8 workers of 8 for evacuation
[2023-08-11T10:36:21.439+0000][gc,phases     ] GC(20)   Pre Evacuate Collection Set: 0.0ms
[2023-08-11T10:36:21.439+0000][gc,phases     ] GC(20)   Evacuate Collection Set: 9.6ms
[2023-08-11T10:36:21.439+0000][gc,phases     ] GC(20)   Post Evacuate Collection Set: 0.8ms
[2023-08-11T10:36:21.439+0000][gc,phases     ] GC(20)   Other: 0.3ms
[2023-08-11T10:36:21.439+0000][gc,heap       ] GC(20) Eden regions: 44->0(47)
[2023-08-11T10:36:21.439+0000][gc,heap       ] GC(20) Survivor regions: 7->6(7)
[2023-08-11T10:36:21.439+0000][gc,heap       ] GC(20) Old regions: 69->73
[2023-08-11T10:36:21.439+0000][gc,heap       ] GC(20) Humongous regions: 140->140
[2023-08-11T10:36:21.439+0000][gc,metaspace  ] GC(20) Metaspace: 103481K(107876K)->103481K(107876K) NonClass: 90970K(93388K)->90970K(93388K) Class: 12511K(14488K)->12511K(14488K)
[2023-08-11T10:36:21.439+0000][gc            ] GC(20) Pause Young (Normal) (G1 Evacuation Pause) 259M->218M(1024M) 10.869ms
[2023-08-11T10:36:21.439+0000][gc,cpu        ] GC(20) User=0.04s Sys=0.01s Real=0.01s
[2023-08-11T10:36:26.779+0000][gc,start      ] GC(21) Pause Young (Normal) (G1 Evacuation Pause)
[2023-08-11T10:36:26.779+0000][gc,task       ] GC(21) Using 8 workers of 8 for evacuation
[2023-08-11T10:36:26.799+0000][gc,mmu        ] GC(21) MMU target violated: 20.1ms (20.0ms/21.0ms)
[2023-08-11T10:36:26.799+0000][gc,phases     ] GC(21)   Pre Evacuate Collection Set: 0.0ms
[2023-08-11T10:36:26.799+0000][gc,phases     ] GC(21)   Evacuate Collection Set: 19.2ms
[2023-08-11T10:36:26.799+0000][gc,phases     ] GC(21)   Post Evacuate Collection Set: 0.7ms
[2023-08-11T10:36:26.799+0000][gc,phases     ] GC(21)   Other: 0.4ms
[2023-08-11T10:36:26.799+0000][gc,heap       ] GC(21) Eden regions: 47->0(54)
[2023-08-11T10:36:26.799+0000][gc,heap       ] GC(21) Survivor regions: 6->6(7)
[2023-08-11T10:36:26.799+0000][gc,heap       ] GC(21) Old regions: 73->76
[2023-08-11T10:36:26.799+0000][gc,heap       ] GC(21) Humongous regions: 140->140
[2023-08-11T10:36:26.799+0000][gc,metaspace  ] GC(21) Metaspace: 105835K(110308K)->105835K(110308K) NonClass: 93044K(95436K)->93044K(95436K) Class: 12790K(14872K)->12790K(14872K)
[2023-08-11T10:36:26.799+0000][gc            ] GC(21) Pause Young (Normal) (G1 Evacuation Pause) 265M->221M(1024M) 20.430ms
[2023-08-11T10:36:26.799+0000][gc,cpu        ] GC(21) User=0.06s Sys=0.01s Real=0.03s
[2023-08-11T10:36:36.314+0000][gc,start      ] GC(22) Pause Young (Normal) (G1 Evacuation Pause)
[2023-08-11T10:36:36.314+0000][gc,task       ] GC(22) Using 8 workers of 8 for evacuation
[2023-08-11T10:36:36.335+0000][gc,mmu        ] GC(22) MMU target violated: 21.0ms (20.0ms/21.0ms)
[2023-08-11T10:36:36.336+0000][gc,phases     ] GC(22)   Pre Evacuate Collection Set: 0.0ms
[2023-08-11T10:36:36.336+0000][gc,phases     ] GC(22)   Evacuate Collection Set: 20.1ms
[2023-08-11T10:36:36.336+0000][gc,phases     ] GC(22)   Post Evacuate Collection Set: 0.9ms
[2023-08-11T10:36:36.336+0000][gc,phases     ] GC(22)   Other: 1.0ms
[2023-08-11T10:36:36.336+0000][gc,heap       ] GC(22) Eden regions: 54->0(59)
[2023-08-11T10:36:36.336+0000][gc,heap       ] GC(22) Survivor regions: 6->5(8)
[2023-08-11T10:36:36.336+0000][gc,heap       ] GC(22) Old regions: 76->79
[2023-08-11T10:36:36.337+0000][gc,heap       ] GC(22) Humongous regions: 140->140
[2023-08-11T10:36:36.337+0000][gc,metaspace  ] GC(22) Metaspace: 107185K(111716K)->107185K(111716K) NonClass: 94239K(96716K)->94239K(96716K) Class: 12946K(15000K)->12946K(15000K)
[2023-08-11T10:36:36.337+0000][gc            ] GC(22) Pause Young (Normal) (G1 Evacuation Pause) 275M->223M(1024M) 23.167ms
[2023-08-11T10:36:36.337+0000][gc,cpu        ] GC(22) User=0.08s Sys=0.00s Real=0.02s
[2023-08-11T10:36:37.377+0000][gc,start      ] GC(23) Pause Young (Normal) (G1 Evacuation Pause)
[2023-08-11T10:36:37.377+0000][gc,task       ] GC(23) Using 8 workers of 8 for evacuation
[2023-08-11T10:36:37.387+0000][gc,phases     ] GC(23)   Pre Evacuate Collection Set: 0.0ms
[2023-08-11T10:36:37.387+0000][gc,phases     ] GC(23)   Evacuate Collection Set: 9.2ms
[2023-08-11T10:36:37.387+0000][gc,phases     ] GC(23)   Post Evacuate Collection Set: 0.6ms
[2023-08-11T10:36:37.387+0000][gc,phases     ] GC(23)   Other: 0.6ms
[2023-08-11T10:36:37.387+0000][gc,heap       ] GC(23) Eden regions: 52->0(66)
[2023-08-11T10:36:37.387+0000][gc,heap       ] GC(23) Survivor regions: 5->4(8)
[2023-08-11T10:36:37.387+0000][gc,heap       ] GC(23) Old regions: 79->81
[2023-08-11T10:36:37.387+0000][gc,heap       ] GC(23) Humongous regions: 140->140
[2023-08-11T10:36:37.387+0000][gc,metaspace  ] GC(23) Metaspace: 108352K(112996K)->108352K(112996K) NonClass: 95229K(97740K)->95229K(97740K) Class: 13122K(15256K)->13122K(15256K)
[2023-08-11T10:36:37.387+0000][gc            ] GC(23) Pause Young (Normal) (G1 Evacuation Pause) 275M->224M(1024M) 10.555ms
[2023-08-11T10:36:37.387+0000][gc,cpu        ] GC(23) User=0.05s Sys=0.00s Real=0.01s
[2023-08-11T10:36:44.323+0000][gc,start      ] GC(24) Pause Young (Normal) (G1 Evacuation Pause)
[2023-08-11T10:36:44.323+0000][gc,task       ] GC(24) Using 8 workers of 8 for evacuation
[2023-08-11T10:36:44.337+0000][gc,phases     ] GC(24)   Pre Evacuate Collection Set: 0.0ms
[2023-08-11T10:36:44.337+0000][gc,phases     ] GC(24)   Evacuate Collection Set: 12.7ms
[2023-08-11T10:36:44.337+0000][gc,phases     ] GC(24)   Post Evacuate Collection Set: 0.6ms
[2023-08-11T10:36:44.337+0000][gc,phases     ] GC(24)   Other: 0.3ms
[2023-08-11T10:36:44.337+0000][gc,heap       ] GC(24) Eden regions: 58->0(67)
[2023-08-11T10:36:44.337+0000][gc,heap       ] GC(24) Survivor regions: 4->7(8)
[2023-08-11T10:36:44.337+0000][gc,heap       ] GC(24) Old regions: 81->81
[2023-08-11T10:36:44.337+0000][gc,heap       ] GC(24) Humongous regions: 140->140
[2023-08-11T10:36:44.337+0000][gc,metaspace  ] GC(24) Metaspace: 110798K(115684K)->110798K(115684K) NonClass: 97390K(100044K)->97390K(100044K) Class: 13408K(15640K)->13408K(15640K)
[2023-08-11T10:36:44.337+0000][gc            ] GC(24) Pause Young (Normal) (G1 Evacuation Pause) 282M->227M(1024M) 13.809ms
[2023-08-11T10:36:44.337+0000][gc,cpu        ] GC(24) User=0.09s Sys=0.00s Real=0.01s
[2023-08-11T10:37:00.262+0000][gc,start      ] GC(25) Pause Young (Normal) (G1 Evacuation Pause)
[2023-08-11T10:37:00.262+0000][gc,task       ] GC(25) Using 8 workers of 8 for evacuation
[2023-08-11T10:37:00.291+0000][gc,mmu        ] GC(25) MMU target violated: 21.0ms (20.0ms/21.0ms)
[2023-08-11T10:37:00.291+0000][gc,phases     ] GC(25)   Pre Evacuate Collection Set: 0.1ms
[2023-08-11T10:37:00.291+0000][gc,phases     ] GC(25)   Evacuate Collection Set: 28.4ms
[2023-08-11T10:37:00.291+0000][gc,phases     ] GC(25)   Post Evacuate Collection Set: 0.8ms
[2023-08-11T10:37:00.291+0000][gc,phases     ] GC(25)   Other: 0.5ms
[2023-08-11T10:37:00.291+0000][gc,heap       ] GC(25) Eden regions: 60->0(69)
[2023-08-11T10:37:00.291+0000][gc,heap       ] GC(25) Survivor regions: 7->7(9)
[2023-08-11T10:37:00.291+0000][gc,heap       ] GC(25) Old regions: 81->83
[2023-08-11T10:37:00.291+0000][gc,heap       ] GC(25) Humongous regions: 140->140
[2023-08-11T10:37:00.291+0000][gc,metaspace  ] GC(25) Metaspace: 112263K(117348K)->112263K(117348K) NonClass: 98726K(101580K)->98726K(101580K) Class: 13536K(15768K)->13536K(15768K)
[2023-08-11T10:37:00.291+0000][gc            ] GC(25) Pause Young (Normal) (G1 Evacuation Pause) 287M->229M(1024M) 29.737ms
[2023-08-11T10:37:00.291+0000][gc,cpu        ] GC(25) User=0.11s Sys=0.00s Real=0.03s
[2023-08-11T10:37:06.752+0000][gc,start      ] GC(26) Pause Young (Normal) (G1 Evacuation Pause)
[2023-08-11T10:37:06.752+0000][gc,task       ] GC(26) Using 8 workers of 8 for evacuation
[2023-08-11T10:37:06.763+0000][gc,phases     ] GC(26)   Pre Evacuate Collection Set: 0.0ms
[2023-08-11T10:37:06.763+0000][gc,phases     ] GC(26)   Evacuate Collection Set: 9.7ms
[2023-08-11T10:37:06.763+0000][gc,phases     ] GC(26)   Post Evacuate Collection Set: 0.6ms
[2023-08-11T10:37:06.763+0000][gc,phases     ] GC(26)   Other: 0.3ms
[2023-08-11T10:37:06.763+0000][gc,heap       ] GC(26) Eden regions: 64->0(75)
[2023-08-11T10:37:06.763+0000][gc,heap       ] GC(26) Survivor regions: 7->6(9)
[2023-08-11T10:37:06.763+0000][gc,heap       ] GC(26) Old regions: 83->86
[2023-08-11T10:37:06.763+0000][gc,heap       ] GC(26) Humongous regions: 140->140
[2023-08-11T10:37:06.763+0000][gc,metaspace  ] GC(26) Metaspace: 112606K(117604K)->112606K(117604K) NonClass: 99063K(101836K)->99063K(101836K) Class: 13542K(15768K)->13542K(15768K)
[2023-08-11T10:37:06.763+0000][gc            ] GC(26) Pause Young (Normal) (G1 Evacuation Pause) 293M->231M(1024M) 10.798ms
[2023-08-11T10:37:06.763+0000][gc,cpu        ] GC(26) User=0.06s Sys=0.00s Real=0.01s
[2023-08-11T10:37:25.770+0000][gc,start      ] GC(27) Pause Young (Normal) (G1 Evacuation Pause)
[2023-08-11T10:37:25.770+0000][gc,task       ] GC(27) Using 8 workers of 8 for evacuation
[2023-08-11T10:37:25.779+0000][gc,phases     ] GC(27)   Pre Evacuate Collection Set: 0.0ms
[2023-08-11T10:37:25.779+0000][gc,phases     ] GC(27)   Evacuate Collection Set: 8.1ms
[2023-08-11T10:37:25.779+0000][gc,phases     ] GC(27)   Post Evacuate Collection Set: 0.5ms
[2023-08-11T10:37:25.779+0000][gc,phases     ] GC(27)   Other: 0.3ms
[2023-08-11T10:37:25.779+0000][gc,heap       ] GC(27) Eden regions: 69->0(86)
[2023-08-11T10:37:25.779+0000][gc,heap       ] GC(27) Survivor regions: 6->7(10)
[2023-08-11T10:37:25.779+0000][gc,heap       ] GC(27) Old regions: 86->88
[2023-08-11T10:37:25.779+0000][gc,heap       ] GC(27) Humongous regions: 140->140
[2023-08-11T10:37:25.779+0000][gc,metaspace  ] GC(27) Metaspace: 113076K(118116K)->113076K(118116K) NonClass: 99523K(102348K)->99523K(102348K) Class: 13552K(15768K)->13552K(15768K)
[2023-08-11T10:37:25.779+0000][gc            ] GC(27) Pause Young (Normal) (G1 Evacuation Pause) 300M->234M(1024M) 9.105ms
[2023-08-11T10:37:25.779+0000][gc,cpu        ] GC(27) User=0.06s Sys=0.00s Real=0.02s
[2023-08-11T10:37:44.189+0000][gc,start      ] GC(28) Pause Young (Normal) (G1 Evacuation Pause)
[2023-08-11T10:37:44.189+0000][gc,task       ] GC(28) Using 8 workers of 8 for evacuation
[2023-08-11T10:37:44.196+0000][gc,phases     ] GC(28)   Pre Evacuate Collection Set: 0.0ms
[2023-08-11T10:37:44.197+0000][gc,phases     ] GC(28)   Evacuate Collection Set: 6.5ms
[2023-08-11T10:37:44.197+0000][gc,phases     ] GC(28)   Post Evacuate Collection Set: 0.5ms
[2023-08-11T10:37:44.197+0000][gc,phases     ] GC(28)   Other: 0.3ms
[2023-08-11T10:37:44.197+0000][gc,heap       ] GC(28) Eden regions: 80->0(101)
[2023-08-11T10:37:44.197+0000][gc,heap       ] GC(28) Survivor regions: 7->7(11)
[2023-08-11T10:37:44.197+0000][gc,heap       ] GC(28) Old regions: 88->90
[2023-08-11T10:37:44.197+0000][gc,heap       ] GC(28) Humongous regions: 140->140
[2023-08-11T10:37:44.197+0000][gc,metaspace  ] GC(28) Metaspace: 113308K(118372K)->113308K(118372K) NonClass: 99754K(102604K)->99754K(102604K) Class: 13553K(15768K)->13553K(15768K)
[2023-08-11T10:37:44.197+0000][gc            ] GC(28) Pause Young (Normal) (G1 Evacuation Pause) 314M->235M(1024M) 7.570ms
[2023-08-11T10:37:44.197+0000][gc,cpu        ] GC(28) User=0.06s Sys=0.00s Real=0.01s
[2023-08-11T10:38:06.632+0000][gc,start      ] GC(29) Pause Young (Normal) (G1 Evacuation Pause)
[2023-08-11T10:38:06.632+0000][gc,task       ] GC(29) Using 8 workers of 8 for evacuation
[2023-08-11T10:38:06.639+0000][gc,phases     ] GC(29)   Pre Evacuate Collection Set: 0.0ms
[2023-08-11T10:38:06.639+0000][gc,phases     ] GC(29)   Evacuate Collection Set: 5.8ms
[2023-08-11T10:38:06.639+0000][gc,phases     ] GC(29)   Post Evacuate Collection Set: 0.5ms
[2023-08-11T10:38:06.639+0000][gc,phases     ] GC(29)   Other: 0.3ms
[2023-08-11T10:38:06.639+0000][gc,heap       ] GC(29) Eden regions: 101->0(122)
[2023-08-11T10:38:06.639+0000][gc,heap       ] GC(29) Survivor regions: 7->6(14)
[2023-08-11T10:38:06.639+0000][gc,heap       ] GC(29) Old regions: 90->90
[2023-08-11T10:38:06.639+0000][gc,heap       ] GC(29) Humongous regions: 140->140
[2023-08-11T10:38:06.639+0000][gc,metaspace  ] GC(29) Metaspace: 113584K(118628K)->113584K(118628K) NonClass: 100029K(102860K)->100029K(102860K) Class: 13554K(15768K)->13554K(15768K)
[2023-08-11T10:38:06.639+0000][gc            ] GC(29) Pause Young (Normal) (G1 Evacuation Pause) 336M->235M(1024M) 6.768ms
[2023-08-11T10:38:06.639+0000][gc,cpu        ] GC(29) User=0.05s Sys=0.00s Real=0.00s
[2023-08-11T10:38:36.676+0000][gc,start      ] GC(30) Pause Young (Normal) (G1 Evacuation Pause)
[2023-08-11T10:38:36.676+0000][gc,task       ] GC(30) Using 8 workers of 8 for evacuation
[2023-08-11T10:38:36.685+0000][gc,phases     ] GC(30)   Pre Evacuate Collection Set: 0.0ms
[2023-08-11T10:38:36.685+0000][gc,phases     ] GC(30)   Evacuate Collection Set: 7.9ms
[2023-08-11T10:38:36.685+0000][gc,phases     ] GC(30)   Post Evacuate Collection Set: 0.5ms
[2023-08-11T10:38:36.685+0000][gc,phases     ] GC(30)   Other: 0.3ms
[2023-08-11T10:38:36.685+0000][gc,heap       ] GC(30) Eden regions: 122->0(137)
[2023-08-11T10:38:36.685+0000][gc,heap       ] GC(30) Survivor regions: 6->9(16)
[2023-08-11T10:38:36.685+0000][gc,heap       ] GC(30) Old regions: 90->90
[2023-08-11T10:38:36.685+0000][gc,heap       ] GC(30) Humongous regions: 140->140
[2023-08-11T10:38:36.685+0000][gc,metaspace  ] GC(30) Metaspace: 113860K(118884K)->113860K(118884K) NonClass: 100305K(103116K)->100305K(103116K) Class: 13554K(15768K)->13554K(15768K)
[2023-08-11T10:38:36.685+0000][gc            ] GC(30) Pause Young (Normal) (G1 Evacuation Pause) 357M->238M(1024M) 8.888ms
[2023-08-11T10:38:36.685+0000][gc,cpu        ] GC(30) User=0.05s Sys=0.00s Real=0.01s
[2023-08-11T10:39:20.987+0000][gc,start      ] GC(31) Pause Young (Normal) (G1 Evacuation Pause)
[2023-08-11T10:39:20.987+0000][gc,task       ] GC(31) Using 8 workers of 8 for evacuation
[2023-08-11T10:39:20.995+0000][gc,phases     ] GC(31)   Pre Evacuate Collection Set: 0.0ms
[2023-08-11T10:39:20.995+0000][gc,phases     ] GC(31)   Evacuate Collection Set: 8.0ms
[2023-08-11T10:39:20.995+0000][gc,phases     ] GC(31)   Post Evacuate Collection Set: 0.6ms
[2023-08-11T10:39:20.995+0000][gc,phases     ] GC(31)   Other: 0.3ms
[2023-08-11T10:39:20.995+0000][gc,heap       ] GC(31) Eden regions: 137->0(154)
[2023-08-11T10:39:20.995+0000][gc,heap       ] GC(31) Survivor regions: 9->12(19)
[2023-08-11T10:39:20.995+0000][gc,heap       ] GC(31) Old regions: 90->90
[2023-08-11T10:39:20.995+0000][gc,heap       ] GC(31) Humongous regions: 140->140
[2023-08-11T10:39:20.995+0000][gc,metaspace  ] GC(31) Metaspace: 114134K(119396K)->114134K(119396K) NonClass: 100579K(103628K)->100579K(103628K) Class: 13554K(15768K)->13554K(15768K)
[2023-08-11T10:39:20.995+0000][gc            ] GC(31) Pause Young (Normal) (G1 Evacuation Pause) 375M->240M(1024M) 8.942ms
[2023-08-11T10:39:20.995+0000][gc,cpu        ] GC(31) User=0.07s Sys=0.00s Real=0.01s
[2023-08-11T10:39:50.984+0000][gc,start      ] GC(32) Pause Young (Normal) (G1 Evacuation Pause)
[2023-08-11T10:39:50.984+0000][gc,task       ] GC(32) Using 8 workers of 8 for evacuation
[2023-08-11T10:39:50.994+0000][gc,phases     ] GC(32)   Pre Evacuate Collection Set: 0.0ms
[2023-08-11T10:39:50.994+0000][gc,phases     ] GC(32)   Evacuate Collection Set: 8.8ms
[2023-08-11T10:39:50.994+0000][gc,phases     ] GC(32)   Post Evacuate Collection Set: 0.5ms
[2023-08-11T10:39:50.994+0000][gc,phases     ] GC(32)   Other: 0.3ms
[2023-08-11T10:39:50.994+0000][gc,heap       ] GC(32) Eden regions: 154->0(174)
[2023-08-11T10:39:50.994+0000][gc,heap       ] GC(32) Survivor regions: 12->11(21)
[2023-08-11T10:39:50.994+0000][gc,heap       ] GC(32) Old regions: 90->93
[2023-08-11T10:39:50.994+0000][gc,heap       ] GC(32) Humongous regions: 140->140
[2023-08-11T10:39:50.994+0000][gc,metaspace  ] GC(32) Metaspace: 114320K(119652K)->114320K(119652K) NonClass: 100765K(103884K)->100765K(103884K) Class: 13554K(15768K)->13554K(15768K)
[2023-08-11T10:39:50.994+0000][gc            ] GC(32) Pause Young (Normal) (G1 Evacuation Pause) 394M->242M(1024M) 9.723ms
[2023-08-11T10:39:50.994+0000][gc,cpu        ] GC(32) User=0.07s Sys=0.00s Real=0.01s
[2023-08-11T10:40:35.986+0000][gc,start      ] GC(33) Pause Young (Normal) (G1 Evacuation Pause)
[2023-08-11T10:40:35.986+0000][gc,task       ] GC(33) Using 8 workers of 8 for evacuation
[2023-08-11T10:40:35.995+0000][gc,phases     ] GC(33)   Pre Evacuate Collection Set: 0.0ms
[2023-08-11T10:40:35.995+0000][gc,phases     ] GC(33)   Evacuate Collection Set: 8.1ms
[2023-08-11T10:40:35.995+0000][gc,phases     ] GC(33)   Post Evacuate Collection Set: 0.5ms
[2023-08-11T10:40:35.995+0000][gc,phases     ] GC(33)   Other: 0.3ms
[2023-08-11T10:40:35.995+0000][gc,heap       ] GC(33) Eden regions: 174->0(203)
[2023-08-11T10:40:35.995+0000][gc,heap       ] GC(33) Survivor regions: 11->13(24)
[2023-08-11T10:40:35.995+0000][gc,heap       ] GC(33) Old regions: 93->93
[2023-08-11T10:40:35.995+0000][gc,heap       ] GC(33) Humongous regions: 140->140
[2023-08-11T10:40:35.995+0000][gc,metaspace  ] GC(33) Metaspace: 114401K(119652K)->114401K(119652K) NonClass: 100846K(103884K)->100846K(103884K) Class: 13554K(15768K)->13554K(15768K)
[2023-08-11T10:40:35.995+0000][gc            ] GC(33) Pause Young (Normal) (G1 Evacuation Pause) 416M->244M(1024M) 9.039ms
[2023-08-11T10:40:35.995+0000][gc,cpu        ] GC(33) User=0.06s Sys=0.00s Real=0.01s
