[2023-08-11T09:56:27.849+0000][gc,heap] Heap region size: 1M
[2023-08-11T09:56:27.859+0000][gc     ] Using G1
[2023-08-11T09:56:27.859+0000][gc,heap,coops] Heap address: 0x00000000c0000000, size: 1024 MB, Compressed Oops mode: 32-bit
[2023-08-11T09:56:28.515+0000][gc,start     ] GC(0) Pause Young (Normal) (G1 Evacuation Pause)
[2023-08-11T09:56:28.516+0000][gc,task      ] GC(0) Using 8 workers of 8 for evacuation
[2023-08-11T09:56:28.524+0000][gc,phases    ] GC(0)   Pre Evacuate Collection Set: 0.0ms
[2023-08-11T09:56:28.524+0000][gc,phases    ] GC(0)   Evacuate Collection Set: 7.0ms
[2023-08-11T09:56:28.524+0000][gc,phases    ] GC(0)   Post Evacuate Collection Set: 0.7ms
[2023-08-11T09:56:28.524+0000][gc,phases    ] GC(0)   Other: 0.7ms
[2023-08-11T09:56:28.524+0000][gc,heap      ] GC(0) Eden regions: 51->0(44)
[2023-08-11T09:56:28.524+0000][gc,heap      ] GC(0) Survivor regions: 0->7(7)
[2023-08-11T09:56:28.524+0000][gc,heap      ] GC(0) Old regions: 0->24
[2023-08-11T09:56:28.524+0000][gc,heap      ] GC(0) Humongous regions: 2->2
[2023-08-11T09:56:28.524+0000][gc,metaspace ] GC(0) Metaspace: 12477K(12928K)->12477K(12928K) NonClass: 11284K(11520K)->11284K(11520K) Class: 1193K(1408K)->1193K(1408K)
[2023-08-11T09:56:28.524+0000][gc           ] GC(0) Pause Young (Normal) (G1 Evacuation Pause) 53M->32M(1024M) 8.472ms
[2023-08-11T09:56:28.524+0000][gc,cpu       ] GC(0) User=0.03s Sys=0.03s Real=0.01s
[2023-08-11T09:56:28.962+0000][gc,start     ] GC(1) Pause Young (Normal) (G1 Evacuation Pause)
[2023-08-11T09:56:28.962+0000][gc,task      ] GC(1) Using 8 workers of 8 for evacuation
[2023-08-11T09:56:28.967+0000][gc,phases    ] GC(1)   Pre Evacuate Collection Set: 0.0ms
[2023-08-11T09:56:28.967+0000][gc,phases    ] GC(1)   Evacuate Collection Set: 4.1ms
[2023-08-11T09:56:28.967+0000][gc,phases    ] GC(1)   Post Evacuate Collection Set: 0.4ms
[2023-08-11T09:56:28.967+0000][gc,phases    ] GC(1)   Other: 0.1ms
[2023-08-11T09:56:28.967+0000][gc,heap      ] GC(1) Eden regions: 44->0(49)
[2023-08-11T09:56:28.967+0000][gc,heap      ] GC(1) Survivor regions: 7->2(7)
[2023-08-11T09:56:28.967+0000][gc,heap      ] GC(1) Old regions: 24->31
[2023-08-11T09:56:28.967+0000][gc,heap      ] GC(1) Humongous regions: 2->2
[2023-08-11T09:56:28.967+0000][gc,metaspace ] GC(1) Metaspace: 20197K(20992K)->20197K(20992K) NonClass: 18091K(18688K)->18091K(18688K) Class: 2105K(2304K)->2105K(2304K)
[2023-08-11T09:56:28.967+0000][gc           ] GC(1) Pause Young (Normal) (G1 Evacuation Pause) 76M->34M(1024M) 4.726ms
[2023-08-11T09:56:28.967+0000][gc,cpu       ] GC(1) User=0.03s Sys=0.01s Real=0.00s
[2023-08-11T09:56:29.334+0000][gc,start     ] GC(2) Pause Young (Normal) (G1 Evacuation Pause)
[2023-08-11T09:56:29.334+0000][gc,task      ] GC(2) Using 8 workers of 8 for evacuation
[2023-08-11T09:56:29.337+0000][gc,phases    ] GC(2)   Pre Evacuate Collection Set: 0.0ms
[2023-08-11T09:56:29.337+0000][gc,phases    ] GC(2)   Evacuate Collection Set: 3.0ms
[2023-08-11T09:56:29.337+0000][gc,phases    ] GC(2)   Post Evacuate Collection Set: 0.3ms
[2023-08-11T09:56:29.337+0000][gc,phases    ] GC(2)   Other: 0.1ms
[2023-08-11T09:56:29.337+0000][gc,heap      ] GC(2) Eden regions: 49->0(48)
[2023-08-11T09:56:29.337+0000][gc,heap      ] GC(2) Survivor regions: 2->3(7)
[2023-08-11T09:56:29.337+0000][gc,heap      ] GC(2) Old regions: 31->31
[2023-08-11T09:56:29.337+0000][gc,heap      ] GC(2) Humongous regions: 2->2
[2023-08-11T09:56:29.337+0000][gc,metaspace ] GC(2) Metaspace: 27361K(28544K)->27361K(28544K) NonClass: 24655K(25600K)->24655K(25600K) Class: 2706K(2944K)->2706K(2944K)
[2023-08-11T09:56:29.337+0000][gc           ] GC(2) Pause Young (Normal) (G1 Evacuation Pause) 83M->35M(1024M) 3.558ms
[2023-08-11T09:56:29.337+0000][gc,cpu       ] GC(2) User=0.02s Sys=0.00s Real=0.00s
[2023-08-11T09:56:29.832+0000][gc,start     ] GC(3) Pause Young (Normal) (G1 Evacuation Pause)
[2023-08-11T09:56:29.832+0000][gc,task      ] GC(3) Using 8 workers of 8 for evacuation
[2023-08-11T09:56:29.835+0000][gc,phases    ] GC(3)   Pre Evacuate Collection Set: 0.0ms
[2023-08-11T09:56:29.835+0000][gc,phases    ] GC(3)   Evacuate Collection Set: 2.4ms
[2023-08-11T09:56:29.835+0000][gc,phases    ] GC(3)   Post Evacuate Collection Set: 0.4ms
[2023-08-11T09:56:29.835+0000][gc,phases    ] GC(3)   Other: 0.1ms
[2023-08-11T09:56:29.835+0000][gc,heap      ] GC(3) Eden regions: 48->0(47)
[2023-08-11T09:56:29.835+0000][gc,heap      ] GC(3) Survivor regions: 3->4(7)
[2023-08-11T09:56:29.835+0000][gc,heap      ] GC(3) Old regions: 31->31
[2023-08-11T09:56:29.835+0000][gc,heap      ] GC(3) Humongous regions: 2->2
[2023-08-11T09:56:29.835+0000][gc,metaspace ] GC(3) Metaspace: 35456K(36480K)->35456K(36480K) NonClass: 31766K(32512K)->31766K(32512K) Class: 3689K(3968K)->3689K(3968K)
[2023-08-11T09:56:29.835+0000][gc           ] GC(3) Pause Young (Normal) (G1 Evacuation Pause) 83M->36M(1024M) 3.035ms
[2023-08-11T09:56:29.835+0000][gc,cpu       ] GC(3) User=0.02s Sys=0.00s Real=0.00s
[2023-08-11T09:56:30.290+0000][gc,start     ] GC(4) Pause Young (Normal) (G1 Evacuation Pause)
[2023-08-11T09:56:30.290+0000][gc,task      ] GC(4) Using 8 workers of 8 for evacuation
[2023-08-11T09:56:30.302+0000][gc,phases    ] GC(4)   Pre Evacuate Collection Set: 0.0ms
[2023-08-11T09:56:30.302+0000][gc,phases    ] GC(4)   Evacuate Collection Set: 5.9ms
[2023-08-11T09:56:30.302+0000][gc,phases    ] GC(4)   Post Evacuate Collection Set: 6.2ms
[2023-08-11T09:56:30.302+0000][gc,phases    ] GC(4)   Other: 0.1ms
[2023-08-11T09:56:30.302+0000][gc,heap      ] GC(4) Eden regions: 47->0(44)
[2023-08-11T09:56:30.302+0000][gc,heap      ] GC(4) Survivor regions: 4->7(7)
[2023-08-11T09:56:30.302+0000][gc,heap      ] GC(4) Old regions: 31->31
[2023-08-11T09:56:30.302+0000][gc,heap      ] GC(4) Humongous regions: 2->2
[2023-08-11T09:56:30.302+0000][gc,metaspace ] GC(4) Metaspace: 41021K(42240K)->41021K(42240K) NonClass: 36601K(37376K)->36601K(37376K) Class: 4419K(4864K)->4419K(4864K)
[2023-08-11T09:56:30.302+0000][gc           ] GC(4) Pause Young (Normal) (G1 Evacuation Pause) 83M->39M(1024M) 12.289ms
[2023-08-11T09:56:30.302+0000][gc,cpu       ] GC(4) User=0.09s Sys=0.00s Real=0.02s
[2023-08-11T09:56:30.723+0000][gc,start     ] GC(5) Pause Young (Normal) (G1 Evacuation Pause)
[2023-08-11T09:56:30.723+0000][gc,task      ] GC(5) Using 8 workers of 8 for evacuation
[2023-08-11T09:56:30.729+0000][gc,phases    ] GC(5)   Pre Evacuate Collection Set: 0.0ms
[2023-08-11T09:56:30.729+0000][gc,phases    ] GC(5)   Evacuate Collection Set: 5.3ms
[2023-08-11T09:56:30.729+0000][gc,phases    ] GC(5)   Post Evacuate Collection Set: 0.5ms
[2023-08-11T09:56:30.729+0000][gc,phases    ] GC(5)   Other: 0.2ms
[2023-08-11T09:56:30.729+0000][gc,heap      ] GC(5) Eden regions: 44->0(46)
[2023-08-11T09:56:30.729+0000][gc,heap      ] GC(5) Survivor regions: 7->5(7)
[2023-08-11T09:56:30.729+0000][gc,heap      ] GC(5) Old regions: 31->34
[2023-08-11T09:56:30.729+0000][gc,heap      ] GC(5) Humongous regions: 11->11
[2023-08-11T09:56:30.729+0000][gc,metaspace ] GC(5) Metaspace: 48121K(49792K)->48121K(49792K) NonClass: 42849K(43776K)->42849K(43776K) Class: 5271K(6016K)->5271K(6016K)
[2023-08-11T09:56:30.729+0000][gc           ] GC(5) Pause Young (Normal) (G1 Evacuation Pause) 92M->49M(1024M) 6.110ms
[2023-08-11T09:56:30.729+0000][gc,cpu       ] GC(5) User=0.03s Sys=0.00s Real=0.00s
[2023-08-11T09:56:31.101+0000][gc,start     ] GC(6) Pause Young (Normal) (G1 Evacuation Pause)
[2023-08-11T09:56:31.101+0000][gc,task      ] GC(6) Using 8 workers of 8 for evacuation
[2023-08-11T09:56:31.110+0000][gc,phases    ] GC(6)   Pre Evacuate Collection Set: 0.0ms
[2023-08-11T09:56:31.110+0000][gc,phases    ] GC(6)   Evacuate Collection Set: 7.3ms
[2023-08-11T09:56:31.110+0000][gc,phases    ] GC(6)   Post Evacuate Collection Set: 1.0ms
[2023-08-11T09:56:31.110+0000][gc,phases    ] GC(6)   Other: 0.2ms
[2023-08-11T09:56:31.110+0000][gc,heap      ] GC(6) Eden regions: 46->0(44)
[2023-08-11T09:56:31.110+0000][gc,heap      ] GC(6) Survivor regions: 5->7(7)
[2023-08-11T09:56:31.110+0000][gc,heap      ] GC(6) Old regions: 34->37
[2023-08-11T09:56:31.110+0000][gc,heap      ] GC(6) Humongous regions: 11->11
[2023-08-11T09:56:31.110+0000][gc,metaspace ] GC(6) Metaspace: 52609K(54400K)->52609K(54400K) NonClass: 46913K(47872K)->46913K(47872K) Class: 5696K(6528K)->5696K(6528K)
[2023-08-11T09:56:31.110+0000][gc           ] GC(6) Pause Young (Normal) (G1 Evacuation Pause) 95M->53M(1024M) 8.741ms
[2023-08-11T09:56:31.110+0000][gc,cpu       ] GC(6) User=0.05s Sys=0.01s Real=0.00s
[2023-08-11T09:56:31.284+0000][gc,start     ] GC(7) Pause Young (Normal) (G1 Evacuation Pause)
[2023-08-11T09:56:31.284+0000][gc,task      ] GC(7) Using 8 workers of 8 for evacuation
[2023-08-11T09:56:31.288+0000][gc,phases    ] GC(7)   Pre Evacuate Collection Set: 0.0ms
[2023-08-11T09:56:31.288+0000][gc,phases    ] GC(7)   Evacuate Collection Set: 4.1ms
[2023-08-11T09:56:31.288+0000][gc,phases    ] GC(7)   Post Evacuate Collection Set: 0.4ms
[2023-08-11T09:56:31.288+0000][gc,phases    ] GC(7)   Other: 0.2ms
[2023-08-11T09:56:31.288+0000][gc,heap      ] GC(7) Eden regions: 44->0(50)
[2023-08-11T09:56:31.288+0000][gc,heap      ] GC(7) Survivor regions: 7->1(7)
[2023-08-11T09:56:31.289+0000][gc,heap      ] GC(7) Old regions: 37->43
[2023-08-11T09:56:31.289+0000][gc,heap      ] GC(7) Humongous regions: 11->11
[2023-08-11T09:56:31.289+0000][gc,metaspace ] GC(7) Metaspace: 54329K(56064K)->54329K(56064K) NonClass: 48441K(49408K)->48441K(49408K) Class: 5887K(6656K)->5887K(6656K)
[2023-08-11T09:56:31.289+0000][gc           ] GC(7) Pause Young (Normal) (G1 Evacuation Pause) 97M->54M(1024M) 4.790ms
[2023-08-11T09:56:31.289+0000][gc,cpu       ] GC(7) User=0.03s Sys=0.01s Real=0.00s
[2023-08-11T09:56:31.468+0000][gc,start     ] GC(8) Pause Young (Normal) (G1 Evacuation Pause)
[2023-08-11T09:56:31.468+0000][gc,task      ] GC(8) Using 8 workers of 8 for evacuation
[2023-08-11T09:56:31.470+0000][gc,phases    ] GC(8)   Pre Evacuate Collection Set: 0.0ms
[2023-08-11T09:56:31.470+0000][gc,phases    ] GC(8)   Evacuate Collection Set: 1.7ms
[2023-08-11T09:56:31.470+0000][gc,phases    ] GC(8)   Post Evacuate Collection Set: 0.4ms
[2023-08-11T09:56:31.470+0000][gc,phases    ] GC(8)   Other: 0.2ms
[2023-08-11T09:56:31.470+0000][gc,heap      ] GC(8) Eden regions: 50->0(53)
[2023-08-11T09:56:31.470+0000][gc,heap      ] GC(8) Survivor regions: 1->2(7)
[2023-08-11T09:56:31.470+0000][gc,heap      ] GC(8) Old regions: 43->43
[2023-08-11T09:56:31.470+0000][gc,heap      ] GC(8) Humongous regions: 11->11
[2023-08-11T09:56:31.470+0000][gc,metaspace ] GC(8) Metaspace: 56588K(58752K)->56588K(58752K) NonClass: 50431K(51712K)->50431K(51712K) Class: 6156K(7040K)->6156K(7040K)
[2023-08-11T09:56:31.470+0000][gc           ] GC(8) Pause Young (Normal) (G1 Evacuation Pause) 104M->54M(1024M) 2.465ms
[2023-08-11T09:56:31.471+0000][gc,cpu       ] GC(8) User=0.01s Sys=0.00s Real=0.00s
[2023-08-11T09:56:31.873+0000][gc,start     ] GC(9) Pause Young (Normal) (G1 Evacuation Pause)
[2023-08-11T09:56:31.873+0000][gc,task      ] GC(9) Using 8 workers of 8 for evacuation
[2023-08-11T09:56:31.884+0000][gc,phases    ] GC(9)   Pre Evacuate Collection Set: 0.0ms
[2023-08-11T09:56:31.884+0000][gc,phases    ] GC(9)   Evacuate Collection Set: 3.8ms
[2023-08-11T09:56:31.884+0000][gc,phases    ] GC(9)   Post Evacuate Collection Set: 7.6ms
[2023-08-11T09:56:31.884+0000][gc,phases    ] GC(9)   Other: 0.2ms
[2023-08-11T09:56:31.884+0000][gc,heap      ] GC(9) Eden regions: 53->0(58)
[2023-08-11T09:56:31.884+0000][gc,heap      ] GC(9) Survivor regions: 2->4(7)
[2023-08-11T09:56:31.884+0000][gc,heap      ] GC(9) Old regions: 43->43
[2023-08-11T09:56:31.884+0000][gc,heap      ] GC(9) Humongous regions: 11->11
[2023-08-11T09:56:31.884+0000][gc,metaspace ] GC(9) Metaspace: 62924K(65024K)->62924K(65024K) NonClass: 56051K(57344K)->56051K(57344K) Class: 6873K(7680K)->6873K(7680K)
[2023-08-11T09:56:31.884+0000][gc           ] GC(9) Pause Young (Normal) (G1 Evacuation Pause) 107M->57M(1024M) 11.680ms
[2023-08-11T09:56:31.884+0000][gc,cpu       ] GC(9) User=0.07s Sys=0.00s Real=0.01s
[2023-08-11T09:56:32.070+0000][gc,start     ] GC(10) Pause Young (Normal) (G1 Evacuation Pause)
[2023-08-11T09:56:32.070+0000][gc,task      ] GC(10) Using 8 workers of 8 for evacuation
[2023-08-11T09:56:32.073+0000][gc,phases    ] GC(10)   Pre Evacuate Collection Set: 0.0ms
[2023-08-11T09:56:32.073+0000][gc,phases    ] GC(10)   Evacuate Collection Set: 2.3ms
[2023-08-11T09:56:32.073+0000][gc,phases    ] GC(10)   Post Evacuate Collection Set: 0.4ms
[2023-08-11T09:56:32.073+0000][gc,phases    ] GC(10)   Other: 0.2ms
[2023-08-11T09:56:32.073+0000][gc,heap      ] GC(10) Eden regions: 58->0(61)
[2023-08-11T09:56:32.073+0000][gc,heap      ] GC(10) Survivor regions: 4->5(8)
[2023-08-11T09:56:32.073+0000][gc,heap      ] GC(10) Old regions: 43->43
[2023-08-11T09:56:32.073+0000][gc,heap      ] GC(10) Humongous regions: 11->11
[2023-08-11T09:56:32.073+0000][gc,metaspace ] GC(10) Metaspace: 64441K(66560K)->64441K(66560K) NonClass: 57342K(58624K)->57342K(58624K) Class: 7098K(7936K)->7098K(7936K)
[2023-08-11T09:56:32.073+0000][gc           ] GC(10) Pause Young (Normal) (G1 Evacuation Pause) 115M->57M(1024M) 3.039ms
[2023-08-11T09:56:32.073+0000][gc,cpu       ] GC(10) User=0.01s Sys=0.01s Real=0.01s
[2023-08-11T09:56:32.248+0000][gc,start     ] GC(11) Pause Young (Normal) (G1 Evacuation Pause)
[2023-08-11T09:56:32.248+0000][gc,task      ] GC(11) Using 8 workers of 8 for evacuation
[2023-08-11T09:56:32.252+0000][gc,phases    ] GC(11)   Pre Evacuate Collection Set: 0.0ms
[2023-08-11T09:56:32.252+0000][gc,phases    ] GC(11)   Evacuate Collection Set: 2.8ms
[2023-08-11T09:56:32.252+0000][gc,phases    ] GC(11)   Post Evacuate Collection Set: 0.4ms
[2023-08-11T09:56:32.252+0000][gc,phases    ] GC(11)   Other: 0.2ms
[2023-08-11T09:56:32.252+0000][gc,heap      ] GC(11) Eden regions: 61->0(269)
[2023-08-11T09:56:32.252+0000][gc,heap      ] GC(11) Survivor regions: 5->5(9)
[2023-08-11T09:56:32.252+0000][gc,heap      ] GC(11) Old regions: 43->43
[2023-08-11T09:56:32.252+0000][gc,heap      ] GC(11) Humongous regions: 11->11
[2023-08-11T09:56:32.252+0000][gc,metaspace ] GC(11) Metaspace: 66068K(68352K)->66068K(68352K) NonClass: 58802K(60160K)->58802K(60160K) Class: 7265K(8192K)->7265K(8192K)
[2023-08-11T09:56:32.252+0000][gc           ] GC(11) Pause Young (Normal) (G1 Evacuation Pause) 118M->58M(1024M) 3.465ms
[2023-08-11T09:56:32.252+0000][gc,cpu       ] GC(11) User=0.03s Sys=0.00s Real=0.01s
[2023-08-11T09:56:33.788+0000][gc,start     ] GC(12) Pause Young (Normal) (G1 Evacuation Pause)
[2023-08-11T09:56:33.788+0000][gc,task      ] GC(12) Using 8 workers of 8 for evacuation
[2023-08-11T09:56:33.799+0000][gc,phases    ] GC(12)   Pre Evacuate Collection Set: 0.0ms
[2023-08-11T09:56:33.799+0000][gc,phases    ] GC(12)   Evacuate Collection Set: 9.3ms
[2023-08-11T09:56:33.799+0000][gc,phases    ] GC(12)   Post Evacuate Collection Set: 1.0ms
[2023-08-11T09:56:33.799+0000][gc,phases    ] GC(12)   Other: 0.3ms
[2023-08-11T09:56:33.799+0000][gc,heap      ] GC(12) Eden regions: 269->0(275)
[2023-08-11T09:56:33.799+0000][gc,heap      ] GC(12) Survivor regions: 5->12(35)
[2023-08-11T09:56:33.799+0000][gc,heap      ] GC(12) Old regions: 43->43
[2023-08-11T09:56:33.799+0000][gc,heap      ] GC(12) Humongous regions: 141->140
[2023-08-11T09:56:33.799+0000][gc,metaspace ] GC(12) Metaspace: 79496K(82176K)->79496K(82176K) NonClass: 70530K(71936K)->70530K(71936K) Class: 8966K(10240K)->8966K(10240K)
[2023-08-11T09:56:33.799+0000][gc           ] GC(12) Pause Young (Normal) (G1 Evacuation Pause) 457M->193M(1024M) 10.731ms
[2023-08-11T09:56:33.799+0000][gc,cpu       ] GC(12) User=0.04s Sys=0.01s Real=0.01s
[2023-08-11T09:56:35.636+0000][gc,start     ] GC(13) Pause Young (Normal) (G1 Evacuation Pause)
[2023-08-11T09:56:35.637+0000][gc,task      ] GC(13) Using 8 workers of 8 for evacuation
[2023-08-11T09:56:35.685+0000][gc,mmu       ] GC(13) MMU target violated: 21.0ms (20.0ms/21.0ms)
[2023-08-11T09:56:35.685+0000][gc,phases    ] GC(13)   Pre Evacuate Collection Set: 0.0ms
[2023-08-11T09:56:35.685+0000][gc,phases    ] GC(13)   Evacuate Collection Set: 28.4ms
[2023-08-11T09:56:35.685+0000][gc,phases    ] GC(13)   Post Evacuate Collection Set: 20.0ms
[2023-08-11T09:56:35.685+0000][gc,phases    ] GC(13)   Other: 0.4ms
[2023-08-11T09:56:35.685+0000][gc,heap      ] GC(13) Eden regions: 275->0(35)
[2023-08-11T09:56:35.685+0000][gc,heap      ] GC(13) Survivor regions: 12->16(36)
[2023-08-11T09:56:35.685+0000][gc,heap      ] GC(13) Old regions: 43->43
[2023-08-11T09:56:35.685+0000][gc,heap      ] GC(13) Humongous regions: 140->140
[2023-08-11T09:56:35.685+0000][gc,metaspace ] GC(13) Metaspace: 90654K(93696K)->90654K(93696K) NonClass: 80016K(81664K)->80016K(81664K) Class: 10637K(12032K)->10637K(12032K)
[2023-08-11T09:56:35.685+0000][gc           ] GC(13) Pause Young (Normal) (G1 Evacuation Pause) 468M->198M(1024M) 48.920ms
[2023-08-11T09:56:35.685+0000][gc,cpu       ] GC(13) User=0.09s Sys=0.02s Real=0.05s
[2023-08-11T09:56:35.944+0000][gc,start     ] GC(14) Pause Young (Normal) (G1 Evacuation Pause)
[2023-08-11T09:56:35.944+0000][gc,task      ] GC(14) Using 8 workers of 8 for evacuation
[2023-08-11T09:56:35.987+0000][gc,mmu       ] GC(14) MMU target violated: 21.0ms (20.0ms/21.0ms)
[2023-08-11T09:56:35.987+0000][gc,phases    ] GC(14)   Pre Evacuate Collection Set: 0.1ms
[2023-08-11T09:56:35.987+0000][gc,phases    ] GC(14)   Evacuate Collection Set: 38.9ms
[2023-08-11T09:56:35.987+0000][gc,phases    ] GC(14)   Post Evacuate Collection Set: 4.0ms
[2023-08-11T09:56:35.987+0000][gc,phases    ] GC(14)   Other: 0.4ms
[2023-08-11T09:56:35.987+0000][gc,heap      ] GC(14) Eden regions: 35->0(47)
[2023-08-11T09:56:35.987+0000][gc,heap      ] GC(14) Survivor regions: 16->4(7)
[2023-08-11T09:56:35.987+0000][gc,heap      ] GC(14) Old regions: 43->59
[2023-08-11T09:56:35.987+0000][gc,heap      ] GC(14) Humongous regions: 140->140
[2023-08-11T09:56:35.987+0000][gc,metaspace ] GC(14) Metaspace: 91262K(94464K)->91262K(94464K) NonClass: 80546K(82432K)->80546K(82432K) Class: 10715K(12032K)->10715K(12032K)
[2023-08-11T09:56:35.987+0000][gc           ] GC(14) Pause Young (Normal) (G1 Evacuation Pause) 233M->201M(1024M) 43.434ms
[2023-08-11T09:56:35.987+0000][gc,cpu       ] GC(14) User=0.09s Sys=0.00s Real=0.04s
[2023-08-11T09:56:36.324+0000][gc,start     ] GC(15) Pause Young (Normal) (G1 Evacuation Pause)
[2023-08-11T09:56:36.325+0000][gc,task      ] GC(15) Using 8 workers of 8 for evacuation
[2023-08-11T09:56:36.335+0000][gc,phases    ] GC(15)   Pre Evacuate Collection Set: 0.0ms
[2023-08-11T09:56:36.336+0000][gc,phases    ] GC(15)   Evacuate Collection Set: 10.0ms
[2023-08-11T09:56:36.336+0000][gc,phases    ] GC(15)   Post Evacuate Collection Set: 0.6ms
[2023-08-11T09:56:36.336+0000][gc,phases    ] GC(15)   Other: 0.3ms
[2023-08-11T09:56:36.336+0000][gc,heap      ] GC(15) Eden regions: 47->0(51)
[2023-08-11T09:56:36.336+0000][gc,heap      ] GC(15) Survivor regions: 4->5(7)
[2023-08-11T09:56:36.336+0000][gc,heap      ] GC(15) Old regions: 59->59
[2023-08-11T09:56:36.336+0000][gc,heap      ] GC(15) Humongous regions: 140->140
[2023-08-11T09:56:36.336+0000][gc,metaspace ] GC(15) Metaspace: 91704K(94848K)->91704K(94848K) NonClass: 80943K(82688K)->80943K(82688K) Class: 10761K(12160K)->10761K(12160K)
[2023-08-11T09:56:36.337+0000][gc           ] GC(15) Pause Young (Normal) (G1 Evacuation Pause) 248M->203M(1024M) 12.071ms
[2023-08-11T09:56:36.337+0000][gc,cpu       ] GC(15) User=0.06s Sys=0.00s Real=0.01s
[2023-08-11T09:56:36.653+0000][gc,start     ] GC(16) Pause Young (Normal) (G1 Evacuation Pause)
[2023-08-11T09:56:36.653+0000][gc,task      ] GC(16) Using 8 workers of 8 for evacuation
[2023-08-11T09:56:36.669+0000][gc,phases    ] GC(16)   Pre Evacuate Collection Set: 0.0ms
[2023-08-11T09:56:36.670+0000][gc,phases    ] GC(16)   Evacuate Collection Set: 15.5ms
[2023-08-11T09:56:36.670+0000][gc,phases    ] GC(16)   Post Evacuate Collection Set: 0.5ms
[2023-08-11T09:56:36.670+0000][gc,phases    ] GC(16)   Other: 0.3ms
[2023-08-11T09:56:36.670+0000][gc,heap      ] GC(16) Eden regions: 51->0(58)
[2023-08-11T09:56:36.670+0000][gc,heap      ] GC(16) Survivor regions: 5->5(7)
[2023-08-11T09:56:36.670+0000][gc,heap      ] GC(16) Old regions: 59->61
[2023-08-11T09:56:36.670+0000][gc,heap      ] GC(16) Humongous regions: 140->140
[2023-08-11T09:56:36.670+0000][gc,metaspace ] GC(16) Metaspace: 93205K(96256K)->93205K(96256K) NonClass: 82265K(83968K)->82265K(83968K) Class: 10940K(12288K)->10940K(12288K)
[2023-08-11T09:56:36.671+0000][gc           ] GC(16) Pause Young (Normal) (G1 Evacuation Pause) 254M->205M(1024M) 17.562ms
[2023-08-11T09:56:36.671+0000][gc,cpu       ] GC(16) User=0.03s Sys=0.00s Real=0.01s
[2023-08-11T09:56:37.097+0000][gc,start     ] GC(17) Pause Young (Concurrent Start) (Metadata GC Threshold)
[2023-08-11T09:56:37.097+0000][gc,task      ] GC(17) Using 8 workers of 8 for evacuation
[2023-08-11T09:56:37.121+0000][gc,mmu       ] GC(17) MMU target violated: 21.0ms (20.0ms/21.0ms)
[2023-08-11T09:56:37.121+0000][gc,phases    ] GC(17)   Pre Evacuate Collection Set: 0.3ms
[2023-08-11T09:56:37.121+0000][gc,phases    ] GC(17)   Evacuate Collection Set: 22.1ms
[2023-08-11T09:56:37.121+0000][gc,phases    ] GC(17)   Post Evacuate Collection Set: 0.9ms
[2023-08-11T09:56:37.121+0000][gc,phases    ] GC(17)   Other: 0.8ms
[2023-08-11T09:56:37.121+0000][gc,heap      ] GC(17) Eden regions: 18->0(51)
[2023-08-11T09:56:37.121+0000][gc,heap      ] GC(17) Survivor regions: 5->3(8)
[2023-08-11T09:56:37.121+0000][gc,heap      ] GC(17) Old regions: 61->64
[2023-08-11T09:56:37.121+0000][gc,heap      ] GC(17) Humongous regions: 140->140
[2023-08-11T09:56:37.121+0000][gc,metaspace ] GC(17) Metaspace: 95143K(98304K)->95143K(98304K) NonClass: 83882K(85632K)->83882K(85632K) Class: 11260K(12672K)->11260K(12672K)
[2023-08-11T09:56:37.121+0000][gc           ] GC(17) Pause Young (Concurrent Start) (Metadata GC Threshold) 222M->205M(1024M) 24.204ms
[2023-08-11T09:56:37.121+0000][gc,cpu       ] GC(17) User=0.04s Sys=0.00s Real=0.03s
[2023-08-11T09:56:37.123+0000][gc           ] GC(18) Concurrent Cycle
[2023-08-11T09:56:37.123+0000][gc,marking   ] GC(18) Concurrent Clear Claimed Marks
[2023-08-11T09:56:37.123+0000][gc,marking   ] GC(18) Concurrent Clear Claimed Marks 0.234ms
[2023-08-11T09:56:37.123+0000][gc,marking   ] GC(18) Concurrent Scan Root Regions
[2023-08-11T09:56:37.129+0000][gc,marking   ] GC(18) Concurrent Scan Root Regions 5.993ms
[2023-08-11T09:56:37.130+0000][gc,marking   ] GC(18) Concurrent Mark (9.284s)
[2023-08-11T09:56:37.133+0000][gc,marking   ] GC(18) Concurrent Mark From Roots
[2023-08-11T09:56:37.133+0000][gc,task      ] GC(18) Using 2 workers of 2 for marking
[2023-08-11T09:56:37.355+0000][gc,marking   ] GC(18) Concurrent Mark From Roots 222.235ms
[2023-08-11T09:56:37.356+0000][gc,marking   ] GC(18) Concurrent Preclean
[2023-08-11T09:56:37.356+0000][gc,marking   ] GC(18) Concurrent Preclean 0.610ms
[2023-08-11T09:56:37.356+0000][gc,marking   ] GC(18) Concurrent Mark (9.284s, 9.511s) 226.768ms
[2023-08-11T09:56:37.361+0000][gc,start     ] GC(18) Pause Remark
[2023-08-11T09:56:37.389+0000][gc,stringtable] GC(18) Cleaned string and symbol table, strings: 33462 processed, 82 removed, symbols: 258900 processed, 292 removed
[2023-08-11T09:56:37.390+0000][gc,mmu        ] GC(18) MMU target violated: 21.0ms (20.0ms/21.0ms)
[2023-08-11T09:56:37.390+0000][gc            ] GC(18) Pause Remark 215M->215M(1024M) 29.237ms
[2023-08-11T09:56:37.390+0000][gc,cpu        ] GC(18) User=0.07s Sys=0.01s Real=0.02s
[2023-08-11T09:56:37.391+0000][gc,marking    ] GC(18) Concurrent Rebuild Remembered Sets
[2023-08-11T09:56:37.507+0000][gc,marking    ] GC(18) Concurrent Rebuild Remembered Sets 116.075ms
[2023-08-11T09:56:37.509+0000][gc,start      ] GC(18) Pause Cleanup
[2023-08-11T09:56:37.509+0000][gc            ] GC(18) Pause Cleanup 219M->219M(1024M) 0.294ms
[2023-08-11T09:56:37.509+0000][gc,cpu        ] GC(18) User=0.00s Sys=0.00s Real=0.00s
[2023-08-11T09:56:37.509+0000][gc,marking    ] GC(18) Concurrent Cleanup for Next Mark
[2023-08-11T09:56:37.526+0000][gc,marking    ] GC(18) Concurrent Cleanup for Next Mark 17.449ms
[2023-08-11T09:56:37.527+0000][gc            ] GC(18) Concurrent Cycle 403.891ms
[2023-08-11T09:56:38.781+0000][gc,start      ] GC(19) Pause Young (Concurrent Start) (G1 Evacuation Pause)
[2023-08-11T09:56:38.781+0000][gc,task       ] GC(19) Using 8 workers of 8 for evacuation
[2023-08-11T09:56:38.844+0000][gc,mmu        ] GC(19) MMU target violated: 21.0ms (20.0ms/21.0ms)
[2023-08-11T09:56:38.844+0000][gc,phases     ] GC(19)   Pre Evacuate Collection Set: 0.4ms
[2023-08-11T09:56:38.844+0000][gc,phases     ] GC(19)   Evacuate Collection Set: 61.4ms
[2023-08-11T09:56:38.845+0000][gc,phases     ] GC(19)   Post Evacuate Collection Set: 0.9ms
[2023-08-11T09:56:38.845+0000][gc,phases     ] GC(19)   Other: 1.1ms
[2023-08-11T09:56:38.845+0000][gc,heap       ] GC(19) Eden regions: 48->0(52)
[2023-08-11T09:56:38.845+0000][gc,heap       ] GC(19) Survivor regions: 3->6(7)
[2023-08-11T09:56:38.845+0000][gc,heap       ] GC(19) Old regions: 64->64
[2023-08-11T09:56:38.845+0000][gc,heap       ] GC(19) Humongous regions: 140->140
[2023-08-11T09:56:38.845+0000][gc,metaspace  ] GC(19) Metaspace: 98968K(102832K)->98968K(102832K) NonClass: 87073K(89240K)->87073K(89240K) Class: 11894K(13592K)->11894K(13592K)
[2023-08-11T09:56:38.845+0000][gc            ] GC(19) Pause Young (Concurrent Start) (G1 Evacuation Pause) 253M->208M(1024M) 64.713ms
[2023-08-11T09:56:38.845+0000][gc,cpu        ] GC(19) User=0.17s Sys=0.00s Real=0.06s
[2023-08-11T09:56:38.846+0000][gc            ] GC(20) Concurrent Cycle
[2023-08-11T09:56:38.846+0000][gc,marking    ] GC(20) Concurrent Clear Claimed Marks
[2023-08-11T09:56:38.846+0000][gc,marking    ] GC(20) Concurrent Clear Claimed Marks 0.466ms
[2023-08-11T09:56:38.847+0000][gc,marking    ] GC(20) Concurrent Scan Root Regions
[2023-08-11T09:56:38.853+0000][gc,marking    ] GC(20) Concurrent Scan Root Regions 6.037ms
[2023-08-11T09:56:38.854+0000][gc,marking    ] GC(20) Concurrent Mark (11.009s)
[2023-08-11T09:56:38.854+0000][gc,marking    ] GC(20) Concurrent Mark From Roots
[2023-08-11T09:56:38.854+0000][gc,task       ] GC(20) Using 2 workers of 2 for marking
[2023-08-11T09:56:38.947+0000][gc,marking    ] GC(20) Concurrent Mark From Roots 92.732ms
[2023-08-11T09:56:38.947+0000][gc,marking    ] GC(20) Concurrent Preclean
[2023-08-11T09:56:38.951+0000][gc,marking    ] GC(20) Concurrent Preclean 4.155ms
[2023-08-11T09:56:38.951+0000][gc,marking    ] GC(20) Concurrent Mark (11.009s, 11.106s) 97.399ms
[2023-08-11T09:56:38.952+0000][gc,start      ] GC(20) Pause Remark
[2023-08-11T09:56:38.992+0000][gc,stringtable] GC(20) Cleaned string and symbol table, strings: 35139 processed, 3 removed, symbols: 264631 processed, 54 removed
[2023-08-11T09:56:38.995+0000][gc,mmu        ] GC(20) MMU target violated: 21.0ms (20.0ms/21.0ms)
[2023-08-11T09:56:38.995+0000][gc            ] GC(20) Pause Remark 210M->210M(1024M) 43.121ms
[2023-08-11T09:56:38.995+0000][gc,cpu        ] GC(20) User=0.06s Sys=0.00s Real=0.04s
[2023-08-11T09:56:38.995+0000][gc,marking    ] GC(20) Concurrent Rebuild Remembered Sets
[2023-08-11T09:56:39.059+0000][gc,marking    ] GC(20) Concurrent Rebuild Remembered Sets 63.451ms
[2023-08-11T09:56:39.066+0000][gc,start      ] GC(20) Pause Cleanup
[2023-08-11T09:56:39.067+0000][gc            ] GC(20) Pause Cleanup 211M->211M(1024M) 0.308ms
[2023-08-11T09:56:39.067+0000][gc,cpu        ] GC(20) User=0.00s Sys=0.00s Real=0.00s
[2023-08-11T09:56:39.067+0000][gc,marking    ] GC(20) Concurrent Cleanup for Next Mark
[2023-08-11T09:56:39.086+0000][gc,marking    ] GC(20) Concurrent Cleanup for Next Mark 18.636ms
[2023-08-11T09:56:39.086+0000][gc            ] GC(20) Concurrent Cycle 239.961ms
[2023-08-11T09:56:44.876+0000][gc,start      ] GC(21) Pause Young (Normal) (G1 Evacuation Pause)
[2023-08-11T09:56:44.876+0000][gc,task       ] GC(21) Using 8 workers of 8 for evacuation
[2023-08-11T09:56:44.887+0000][gc,phases     ] GC(21)   Pre Evacuate Collection Set: 0.0ms
[2023-08-11T09:56:44.887+0000][gc,phases     ] GC(21)   Evacuate Collection Set: 9.6ms
[2023-08-11T09:56:44.887+0000][gc,phases     ] GC(21)   Post Evacuate Collection Set: 0.7ms
[2023-08-11T09:56:44.887+0000][gc,phases     ] GC(21)   Other: 0.3ms
[2023-08-11T09:56:44.887+0000][gc,heap       ] GC(21) Eden regions: 45->0(61)
[2023-08-11T09:56:44.887+0000][gc,heap       ] GC(21) Survivor regions: 6->7(7)
[2023-08-11T09:56:44.887+0000][gc,heap       ] GC(21) Old regions: 64->66
[2023-08-11T09:56:44.887+0000][gc,heap       ] GC(21) Humongous regions: 140->140
[2023-08-11T09:56:44.887+0000][gc,metaspace  ] GC(21) Metaspace: 100886K(104752K)->100886K(104752K) NonClass: 88691K(90776K)->88691K(90776K) Class: 12194K(13976K)->12194K(13976K)
[2023-08-11T09:56:44.887+0000][gc            ] GC(21) Pause Young (Normal) (G1 Evacuation Pause) 253M->211M(1024M) 10.735ms
[2023-08-11T09:56:44.887+0000][gc,cpu        ] GC(21) User=0.05s Sys=0.00s Real=0.01s
[2023-08-11T09:56:45.923+0000][gc,start      ] GC(22) Pause Young (Normal) (G1 Evacuation Pause)
[2023-08-11T09:56:45.923+0000][gc,task       ] GC(22) Using 8 workers of 8 for evacuation
[2023-08-11T09:56:45.929+0000][gc,phases     ] GC(22)   Pre Evacuate Collection Set: 0.0ms
[2023-08-11T09:56:45.929+0000][gc,phases     ] GC(22)   Evacuate Collection Set: 5.7ms
[2023-08-11T09:56:45.929+0000][gc,phases     ] GC(22)   Post Evacuate Collection Set: 0.5ms
[2023-08-11T09:56:45.929+0000][gc,phases     ] GC(22)   Other: 0.2ms
[2023-08-11T09:56:45.930+0000][gc,heap       ] GC(22) Eden regions: 61->0(76)
[2023-08-11T09:56:45.930+0000][gc,heap       ] GC(22) Survivor regions: 7->9(9)
[2023-08-11T09:56:45.930+0000][gc,heap       ] GC(22) Old regions: 66->69
[2023-08-11T09:56:45.930+0000][gc,heap       ] GC(22) Humongous regions: 140->140
[2023-08-11T09:56:45.930+0000][gc,metaspace  ] GC(22) Metaspace: 101707K(105904K)->101707K(105904K) NonClass: 89484K(91800K)->89484K(91800K) Class: 12223K(14104K)->12223K(14104K)
[2023-08-11T09:56:45.930+0000][gc            ] GC(22) Pause Young (Normal) (G1 Evacuation Pause) 272M->216M(1024M) 6.574ms
[2023-08-11T09:56:45.930+0000][gc,cpu        ] GC(22) User=0.04s Sys=0.00s Real=0.00s
[2023-08-11T09:56:50.898+0000][gc,start      ] GC(23) Pause Young (Normal) (G1 Evacuation Pause)
[2023-08-11T09:56:50.898+0000][gc,task       ] GC(23) Using 8 workers of 8 for evacuation
[2023-08-11T09:56:50.911+0000][gc,phases     ] GC(23)   Pre Evacuate Collection Set: 0.0ms
[2023-08-11T09:56:50.911+0000][gc,phases     ] GC(23)   Evacuate Collection Set: 11.0ms
[2023-08-11T09:56:50.911+0000][gc,phases     ] GC(23)   Post Evacuate Collection Set: 2.1ms
[2023-08-11T09:56:50.911+0000][gc,phases     ] GC(23)   Other: 0.3ms
[2023-08-11T09:56:50.911+0000][gc,heap       ] GC(23) Eden regions: 76->0(90)
[2023-08-11T09:56:50.911+0000][gc,heap       ] GC(23) Survivor regions: 9->9(11)
[2023-08-11T09:56:50.911+0000][gc,heap       ] GC(23) Old regions: 69->72
[2023-08-11T09:56:50.911+0000][gc,heap       ] GC(23) Humongous regions: 140->140
[2023-08-11T09:56:50.911+0000][gc,metaspace  ] GC(23) Metaspace: 105758K(110256K)->105758K(110256K) NonClass: 92951K(95384K)->92951K(95384K) Class: 12807K(14872K)->12807K(14872K)
[2023-08-11T09:56:50.911+0000][gc            ] GC(23) Pause Young (Normal) (G1 Evacuation Pause) 292M->220M(1024M) 13.518ms
[2023-08-11T09:56:50.911+0000][gc,cpu        ] GC(23) User=0.09s Sys=0.00s Real=0.02s
[2023-08-11T09:57:03.397+0000][gc,start      ] GC(24) Pause Young (Normal) (G1 Evacuation Pause)
[2023-08-11T09:57:03.397+0000][gc,task       ] GC(24) Using 8 workers of 8 for evacuation
[2023-08-11T09:57:03.411+0000][gc,phases     ] GC(24)   Pre Evacuate Collection Set: 0.0ms
[2023-08-11T09:57:03.411+0000][gc,phases     ] GC(24)   Evacuate Collection Set: 13.3ms
[2023-08-11T09:57:03.411+0000][gc,phases     ] GC(24)   Post Evacuate Collection Set: 1.0ms
[2023-08-11T09:57:03.412+0000][gc,phases     ] GC(24)   Other: 0.3ms
[2023-08-11T09:57:03.412+0000][gc,heap       ] GC(24) Eden regions: 90->0(104)
[2023-08-11T09:57:03.412+0000][gc,heap       ] GC(24) Survivor regions: 9->8(13)
[2023-08-11T09:57:03.412+0000][gc,heap       ] GC(24) Old regions: 72->77
[2023-08-11T09:57:03.412+0000][gc,heap       ] GC(24) Humongous regions: 140->140
[2023-08-11T09:57:03.412+0000][gc,metaspace  ] GC(24) Metaspace: 108251K(112944K)->108251K(112944K) NonClass: 95134K(97688K)->95134K(97688K) Class: 13117K(15256K)->13117K(15256K)
[2023-08-11T09:57:03.412+0000][gc            ] GC(24) Pause Young (Normal) (G1 Evacuation Pause) 310M->224M(1024M) 14.744ms
[2023-08-11T09:57:03.412+0000][gc,cpu        ] GC(24) User=0.09s Sys=0.00s Real=0.02s
[2023-08-11T09:57:10.513+0000][gc,start      ] GC(25) Pause Young (Normal) (G1 Evacuation Pause)
[2023-08-11T09:57:10.513+0000][gc,task       ] GC(25) Using 8 workers of 8 for evacuation
[2023-08-11T09:57:10.520+0000][gc,phases     ] GC(25)   Pre Evacuate Collection Set: 0.0ms
[2023-08-11T09:57:10.521+0000][gc,phases     ] GC(25)   Evacuate Collection Set: 6.9ms
[2023-08-11T09:57:10.521+0000][gc,phases     ] GC(25)   Post Evacuate Collection Set: 0.6ms
[2023-08-11T09:57:10.521+0000][gc,phases     ] GC(25)   Other: 0.2ms
[2023-08-11T09:57:10.521+0000][gc,heap       ] GC(25) Eden regions: 98->0(129)
[2023-08-11T09:57:10.521+0000][gc,heap       ] GC(25) Survivor regions: 8->11(14)
[2023-08-11T09:57:10.521+0000][gc,heap       ] GC(25) Old regions: 77->77
[2023-08-11T09:57:10.521+0000][gc,heap       ] GC(25) Humongous regions: 140->140
[2023-08-11T09:57:10.521+0000][gc,metaspace  ] GC(25) Metaspace: 111636K(116784K)->111636K(116784K) NonClass: 98118K(101016K)->98118K(101016K) Class: 13518K(15768K)->13518K(15768K)
[2023-08-11T09:57:10.521+0000][gc            ] GC(25) Pause Young (Normal) (G1 Evacuation Pause) 322M->226M(1024M) 7.880ms
[2023-08-11T09:57:10.521+0000][gc,cpu        ] GC(25) User=0.06s Sys=0.00s Real=0.01s
[2023-08-11T09:57:47.943+0000][gc,start      ] GC(26) Pause Young (Normal) (G1 Evacuation Pause)
[2023-08-11T09:57:47.943+0000][gc,task       ] GC(26) Using 8 workers of 8 for evacuation
[2023-08-11T09:57:47.955+0000][gc,phases     ] GC(26)   Pre Evacuate Collection Set: 0.0ms
[2023-08-11T09:57:47.955+0000][gc,phases     ] GC(26)   Evacuate Collection Set: 10.5ms
[2023-08-11T09:57:47.955+0000][gc,phases     ] GC(26)   Post Evacuate Collection Set: 0.7ms
[2023-08-11T09:57:47.955+0000][gc,phases     ] GC(26)   Other: 0.4ms
[2023-08-11T09:57:47.955+0000][gc,heap       ] GC(26) Eden regions: 129->0(147)
[2023-08-11T09:57:47.955+0000][gc,heap       ] GC(26) Survivor regions: 11->11(18)
[2023-08-11T09:57:47.955+0000][gc,heap       ] GC(26) Old regions: 77->80
[2023-08-11T09:57:47.955+0000][gc,heap       ] GC(26) Humongous regions: 140->140
[2023-08-11T09:57:47.955+0000][gc,metaspace  ] GC(26) Metaspace: 112966K(118192K)->112966K(118192K) NonClass: 99392K(102296K)->99392K(102296K) Class: 13574K(15896K)->13574K(15896K)
[2023-08-11T09:57:47.955+0000][gc            ] GC(26) Pause Young (Normal) (G1 Evacuation Pause) 355M->230M(1024M) 11.587ms
[2023-08-11T09:57:47.955+0000][gc,cpu        ] GC(26) User=0.08s Sys=0.01s Real=0.01s
[2023-08-11T09:58:29.999+0000][gc,start      ] GC(27) Pause Young (Normal) (G1 Evacuation Pause)
[2023-08-11T09:58:29.999+0000][gc,task       ] GC(27) Using 8 workers of 8 for evacuation
[2023-08-11T09:58:30.008+0000][gc,phases     ] GC(27)   Pre Evacuate Collection Set: 0.0ms
[2023-08-11T09:58:30.008+0000][gc,phases     ] GC(27)   Evacuate Collection Set: 8.7ms
[2023-08-11T09:58:30.008+0000][gc,phases     ] GC(27)   Post Evacuate Collection Set: 0.6ms
[2023-08-11T09:58:30.008+0000][gc,phases     ] GC(27)   Other: 0.3ms
[2023-08-11T09:58:30.008+0000][gc,heap       ] GC(27) Eden regions: 141->0(167)
[2023-08-11T09:58:30.008+0000][gc,heap       ] GC(27) Survivor regions: 11->11(19)
[2023-08-11T09:58:30.008+0000][gc,heap       ] GC(27) Old regions: 80->83
[2023-08-11T09:58:30.008+0000][gc,heap       ] GC(27) Humongous regions: 140->140
[2023-08-11T09:58:30.008+0000][gc,metaspace  ] GC(27) Metaspace: 113459K(118704K)->113459K(118704K) NonClass: 99883K(102808K)->99883K(102808K) Class: 13576K(15896K)->13576K(15896K)
[2023-08-11T09:58:30.008+0000][gc            ] GC(27) Pause Young (Normal) (G1 Evacuation Pause) 371M->232M(1024M) 9.657ms
[2023-08-11T09:58:30.008+0000][gc,cpu        ] GC(27) User=0.06s Sys=0.01s Real=0.01s
[2023-08-11T09:59:15.524+0000][gc,start      ] GC(28) Pause Young (Normal) (G1 Evacuation Pause)
[2023-08-11T09:59:15.524+0000][gc,task       ] GC(28) Using 8 workers of 8 for evacuation
[2023-08-11T09:59:15.533+0000][gc,phases     ] GC(28)   Pre Evacuate Collection Set: 0.0ms
[2023-08-11T09:59:15.533+0000][gc,phases     ] GC(28)   Evacuate Collection Set: 8.1ms
[2023-08-11T09:59:15.533+0000][gc,phases     ] GC(28)   Post Evacuate Collection Set: 0.5ms
[2023-08-11T09:59:15.533+0000][gc,phases     ] GC(28)   Other: 0.3ms
[2023-08-11T09:59:15.533+0000][gc,heap       ] GC(28) Eden regions: 167->0(195)
[2023-08-11T09:59:15.533+0000][gc,heap       ] GC(28) Survivor regions: 11->13(23)
[2023-08-11T09:59:15.533+0000][gc,heap       ] GC(28) Old regions: 83->83
[2023-08-11T09:59:15.533+0000][gc,heap       ] GC(28) Humongous regions: 140->140
[2023-08-11T09:59:15.533+0000][gc,metaspace  ] GC(28) Metaspace: 113876K(119216K)->113876K(119216K) NonClass: 100298K(103320K)->100298K(103320K) Class: 13577K(15896K)->13577K(15896K)
[2023-08-11T09:59:15.533+0000][gc            ] GC(28) Pause Young (Normal) (G1 Evacuation Pause) 399M->234M(1024M) 9.041ms
[2023-08-11T09:59:15.533+0000][gc,cpu        ] GC(28) User=0.06s Sys=0.00s Real=0.01s
[2023-08-11T10:00:09.951+0000][gc,start      ] GC(29) Pause Young (Normal) (G1 Evacuation Pause)
[2023-08-11T10:00:09.951+0000][gc,task       ] GC(29) Using 8 workers of 8 for evacuation
[2023-08-11T10:00:09.964+0000][gc,phases     ] GC(29)   Pre Evacuate Collection Set: 0.0ms
[2023-08-11T10:00:09.964+0000][gc,phases     ] GC(29)   Evacuate Collection Set: 12.0ms
[2023-08-11T10:00:09.964+0000][gc,phases     ] GC(29)   Post Evacuate Collection Set: 0.6ms
[2023-08-11T10:00:09.964+0000][gc,phases     ] GC(29)   Other: 0.3ms
[2023-08-11T10:00:09.964+0000][gc,heap       ] GC(29) Eden regions: 195->0(222)
[2023-08-11T10:00:09.964+0000][gc,heap       ] GC(29) Survivor regions: 13->20(26)
[2023-08-11T10:00:09.964+0000][gc,heap       ] GC(29) Old regions: 83->83
[2023-08-11T10:00:09.964+0000][gc,heap       ] GC(29) Humongous regions: 140->140
[2023-08-11T10:00:09.964+0000][gc,metaspace  ] GC(29) Metaspace: 114120K(119472K)->114120K(119472K) NonClass: 100542K(103576K)->100542K(103576K) Class: 13577K(15896K)->13577K(15896K)
[2023-08-11T10:00:09.964+0000][gc            ] GC(29) Pause Young (Normal) (G1 Evacuation Pause) 429M->241M(1024M) 12.995ms
[2023-08-11T10:00:09.964+0000][gc,cpu        ] GC(29) User=0.09s Sys=0.00s Real=0.01s
[2023-08-11T10:01:03.507+0000][gc,start      ] GC(30) Pause Young (Normal) (G1 Evacuation Pause)
[2023-08-11T10:01:03.507+0000][gc,task       ] GC(30) Using 8 workers of 8 for evacuation
[2023-08-11T10:01:03.521+0000][gc,phases     ] GC(30)   Pre Evacuate Collection Set: 0.0ms
[2023-08-11T10:01:03.521+0000][gc,phases     ] GC(30)   Evacuate Collection Set: 12.8ms
[2023-08-11T10:01:03.521+0000][gc,phases     ] GC(30)   Post Evacuate Collection Set: 0.6ms
[2023-08-11T10:01:03.521+0000][gc,phases     ] GC(30)   Other: 0.3ms
[2023-08-11T10:01:03.521+0000][gc,heap       ] GC(30) Eden regions: 222->0(243)
[2023-08-11T10:01:03.521+0000][gc,heap       ] GC(30) Survivor regions: 20->12(31)
[2023-08-11T10:01:03.521+0000][gc,heap       ] GC(30) Old regions: 83->89
[2023-08-11T10:01:03.521+0000][gc,heap       ] GC(30) Humongous regions: 140->140
[2023-08-11T10:01:03.521+0000][gc,metaspace  ] GC(30) Metaspace: 114408K(119728K)->114408K(119728K) NonClass: 100825K(103832K)->100825K(103832K) Class: 13583K(15896K)->13583K(15896K)
[2023-08-11T10:01:03.521+0000][gc            ] GC(30) Pause Young (Normal) (G1 Evacuation Pause) 463M->240M(1024M) 13.870ms
[2023-08-11T10:01:03.521+0000][gc,cpu        ] GC(30) User=0.09s Sys=0.00s Real=0.02s
[2023-08-11T10:02:18.833+0000][gc,start      ] GC(31) Pause Young (Normal) (G1 Evacuation Pause)
[2023-08-11T10:02:18.833+0000][gc,task       ] GC(31) Using 8 workers of 8 for evacuation
[2023-08-11T10:02:18.843+0000][gc,phases     ] GC(31)   Pre Evacuate Collection Set: 0.0ms
[2023-08-11T10:02:18.843+0000][gc,phases     ] GC(31)   Evacuate Collection Set: 9.0ms
[2023-08-11T10:02:18.843+0000][gc,phases     ] GC(31)   Post Evacuate Collection Set: 0.6ms
[2023-08-11T10:02:18.843+0000][gc,phases     ] GC(31)   Other: 0.3ms
[2023-08-11T10:02:18.843+0000][gc,heap       ] GC(31) Eden regions: 243->0(281)
[2023-08-11T10:02:18.843+0000][gc,heap       ] GC(31) Survivor regions: 12->16(32)
[2023-08-11T10:02:18.843+0000][gc,heap       ] GC(31) Old regions: 89->89
[2023-08-11T10:02:18.843+0000][gc,heap       ] GC(31) Humongous regions: 140->140
[2023-08-11T10:02:18.843+0000][gc,metaspace  ] GC(31) Metaspace: 114540K(119728K)->114540K(119728K) NonClass: 100954K(103832K)->100954K(103832K) Class: 13586K(15896K)->13586K(15896K)
[2023-08-11T10:02:18.843+0000][gc            ] GC(31) Pause Young (Normal) (G1 Evacuation Pause) 483M->243M(1024M) 10.041ms
[2023-08-11T10:02:18.843+0000][gc,cpu        ] GC(31) User=0.07s Sys=0.00s Real=0.01s
[2023-08-11T10:03:32.882+0000][gc,start      ] GC(32) Pause Young (Normal) (G1 Evacuation Pause)
[2023-08-11T10:03:32.882+0000][gc,task       ] GC(32) Using 8 workers of 8 for evacuation
[2023-08-11T10:03:32.896+0000][gc,phases     ] GC(32)   Pre Evacuate Collection Set: 0.0ms
[2023-08-11T10:03:32.896+0000][gc,phases     ] GC(32)   Evacuate Collection Set: 12.8ms
[2023-08-11T10:03:32.896+0000][gc,phases     ] GC(32)   Post Evacuate Collection Set: 0.6ms
[2023-08-11T10:03:32.896+0000][gc,phases     ] GC(32)   Other: 0.3ms
[2023-08-11T10:03:32.896+0000][gc,heap       ] GC(32) Eden regions: 281->0(273)
[2023-08-11T10:03:32.896+0000][gc,heap       ] GC(32) Survivor regions: 16->18(38)
[2023-08-11T10:03:32.896+0000][gc,heap       ] GC(32) Old regions: 89->89
[2023-08-11T10:03:32.896+0000][gc,heap       ] GC(32) Humongous regions: 140->140
[2023-08-11T10:03:32.896+0000][gc,metaspace  ] GC(32) Metaspace: 114637K(119984K)->114637K(119984K) NonClass: 101050K(104088K)->101050K(104088K) Class: 13586K(15896K)->13586K(15896K)
[2023-08-11T10:03:32.896+0000][gc            ] GC(32) Pause Young (Normal) (G1 Evacuation Pause) 524M->246M(1024M) 13.785ms
[2023-08-11T10:03:32.896+0000][gc,cpu        ] GC(32) User=0.08s Sys=0.02s Real=0.01s
[2023-08-11T10:05:02.163+0000][gc,start      ] GC(33) Pause Young (Normal) (G1 Evacuation Pause)
[2023-08-11T10:05:02.164+0000][gc,task       ] GC(33) Using 8 workers of 8 for evacuation
[2023-08-11T10:05:02.176+0000][gc,phases     ] GC(33)   Pre Evacuate Collection Set: 0.0ms
[2023-08-11T10:05:02.176+0000][gc,phases     ] GC(33)   Evacuate Collection Set: 11.3ms
[2023-08-11T10:05:02.176+0000][gc,phases     ] GC(33)   Post Evacuate Collection Set: 0.6ms
[2023-08-11T10:05:02.176+0000][gc,phases     ] GC(33)   Other: 0.3ms
[2023-08-11T10:05:02.176+0000][gc,heap       ] GC(33) Eden regions: 273->0(290)
[2023-08-11T10:05:02.176+0000][gc,heap       ] GC(33) Survivor regions: 18->22(37)
[2023-08-11T10:05:02.176+0000][gc,heap       ] GC(33) Old regions: 89->89
[2023-08-11T10:05:02.176+0000][gc,heap       ] GC(33) Humongous regions: 140->140
[2023-08-11T10:05:02.176+0000][gc,metaspace  ] GC(33) Metaspace: 114732K(119984K)->114732K(119984K) NonClass: 101146K(104088K)->101146K(104088K) Class: 13586K(15896K)->13586K(15896K)
[2023-08-11T10:05:02.176+0000][gc            ] GC(33) Pause Young (Normal) (G1 Evacuation Pause) 519M->250M(1024M) 12.263ms
[2023-08-11T10:05:02.176+0000][gc,cpu        ] GC(33) User=0.09s Sys=0.00s Real=0.01s
[2023-08-11T10:06:09.964+0000][gc,start      ] GC(34) Pause Young (Normal) (G1 Evacuation Pause)
[2023-08-11T10:06:09.964+0000][gc,task       ] GC(34) Using 8 workers of 8 for evacuation
[2023-08-11T10:06:09.983+0000][gc,phases     ] GC(34)   Pre Evacuate Collection Set: 0.0ms
[2023-08-11T10:06:09.983+0000][gc,phases     ] GC(34)   Evacuate Collection Set: 17.8ms
[2023-08-11T10:06:09.983+0000][gc,phases     ] GC(34)   Post Evacuate Collection Set: 0.6ms
[2023-08-11T10:06:09.983+0000][gc,phases     ] GC(34)   Other: 0.4ms
[2023-08-11T10:06:09.983+0000][gc,heap       ] GC(34) Eden regions: 290->0(291)
[2023-08-11T10:06:09.983+0000][gc,heap       ] GC(34) Survivor regions: 22->28(39)
[2023-08-11T10:06:09.983+0000][gc,heap       ] GC(34) Old regions: 89->91
[2023-08-11T10:06:09.983+0000][gc,heap       ] GC(34) Humongous regions: 140->140
[2023-08-11T10:06:09.983+0000][gc,metaspace  ] GC(34) Metaspace: 114787K(119984K)->114787K(119984K) NonClass: 101200K(104088K)->101200K(104088K) Class: 13587K(15896K)->13587K(15896K)
[2023-08-11T10:06:09.983+0000][gc            ] GC(34) Pause Young (Normal) (G1 Evacuation Pause) 540M->257M(1024M) 18.911ms
[2023-08-11T10:06:09.983+0000][gc,cpu        ] GC(34) User=0.13s Sys=0.01s Real=0.02s
[2023-08-11T10:07:33.478+0000][gc,start      ] GC(35) Pause Young (Normal) (G1 Evacuation Pause)
[2023-08-11T10:07:33.478+0000][gc,task       ] GC(35) Using 8 workers of 8 for evacuation
[2023-08-11T10:07:33.497+0000][gc,phases     ] GC(35)   Pre Evacuate Collection Set: 0.0ms
[2023-08-11T10:07:33.497+0000][gc,phases     ] GC(35)   Evacuate Collection Set: 17.5ms
[2023-08-11T10:07:33.497+0000][gc,phases     ] GC(35)   Post Evacuate Collection Set: 0.6ms
[2023-08-11T10:07:33.497+0000][gc,phases     ] GC(35)   Other: 0.3ms
[2023-08-11T10:07:33.497+0000][gc,heap       ] GC(35) Eden regions: 291->0(593)
[2023-08-11T10:07:33.497+0000][gc,heap       ] GC(35) Survivor regions: 28->21(40)
[2023-08-11T10:07:33.497+0000][gc,heap       ] GC(35) Old regions: 91->97
[2023-08-11T10:07:33.497+0000][gc,heap       ] GC(35) Humongous regions: 140->140
[2023-08-11T10:07:33.497+0000][gc,metaspace  ] GC(35) Metaspace: 114949K(120240K)->114949K(120240K) NonClass: 101337K(104344K)->101337K(104344K) Class: 13611K(15896K)->13611K(15896K)
[2023-08-11T10:07:33.497+0000][gc            ] GC(35) Pause Young (Normal) (G1 Evacuation Pause) 548M->257M(1024M) 18.528ms
[2023-08-11T10:07:33.497+0000][gc,cpu        ] GC(35) User=0.12s Sys=0.00s Real=0.02s
[2023-08-11T10:10:32.716+0000][gc,start      ] GC(36) Pause Young (Normal) (G1 Evacuation Pause)
[2023-08-11T10:10:32.716+0000][gc,task       ] GC(36) Using 8 workers of 8 for evacuation
[2023-08-11T10:10:32.735+0000][gc,phases     ] GC(36)   Pre Evacuate Collection Set: 0.0ms
[2023-08-11T10:10:32.735+0000][gc,phases     ] GC(36)   Evacuate Collection Set: 17.8ms
[2023-08-11T10:10:32.735+0000][gc,phases     ] GC(36)   Post Evacuate Collection Set: 0.7ms
[2023-08-11T10:10:32.735+0000][gc,phases     ] GC(36)   Other: 0.4ms
[2023-08-11T10:10:32.735+0000][gc,heap       ] GC(36) Eden regions: 593->0(192)
[2023-08-11T10:10:32.735+0000][gc,heap       ] GC(36) Survivor regions: 21->28(77)
[2023-08-11T10:10:32.735+0000][gc,heap       ] GC(36) Old regions: 97->97
[2023-08-11T10:10:32.735+0000][gc,heap       ] GC(36) Humongous regions: 140->140
[2023-08-11T10:10:32.735+0000][gc,metaspace  ] GC(36) Metaspace: 115085K(120496K)->115085K(120496K) NonClass: 101473K(104600K)->101473K(104600K) Class: 13612K(15896K)->13612K(15896K)
[2023-08-11T10:10:32.735+0000][gc            ] GC(36) Pause Young (Normal) (G1 Evacuation Pause) 850M->264M(1024M) 19.007ms
[2023-08-11T10:10:32.735+0000][gc,cpu        ] GC(36) User=0.13s Sys=0.02s Real=0.02s
[2023-08-11T10:11:07.976+0000][gc,start      ] GC(37) Pause Young (Normal) (G1 Evacuation Pause)
[2023-08-11T10:11:07.976+0000][gc,task       ] GC(37) Using 8 workers of 8 for evacuation
[2023-08-11T10:11:07.992+0000][gc,phases     ] GC(37)   Pre Evacuate Collection Set: 0.0ms
[2023-08-11T10:11:07.992+0000][gc,phases     ] GC(37)   Evacuate Collection Set: 15.8ms
[2023-08-11T10:11:07.992+0000][gc,phases     ] GC(37)   Post Evacuate Collection Set: 0.6ms
[2023-08-11T10:11:07.993+0000][gc,phases     ] GC(37)   Other: 0.3ms
[2023-08-11T10:11:07.993+0000][gc,heap       ] GC(37) Eden regions: 156->0(365)
[2023-08-11T10:11:07.993+0000][gc,heap       ] GC(37) Survivor regions: 28->13(23)
[2023-08-11T10:11:07.993+0000][gc,heap       ] GC(37) Old regions: 97->114
[2023-08-11T10:11:07.993+0000][gc,heap       ] GC(37) Humongous regions: 140->140
[2023-08-11T10:11:07.993+0000][gc,metaspace  ] GC(37) Metaspace: 115124K(120496K)->115124K(120496K) NonClass: 101512K(104600K)->101512K(104600K) Class: 13612K(15896K)->13612K(15896K)
[2023-08-11T10:11:07.993+0000][gc            ] GC(37) Pause Young (Normal) (G1 Evacuation Pause) 420M->265M(1024M) 16.770ms
[2023-08-11T10:11:07.993+0000][gc,cpu        ] GC(37) User=0.12s Sys=0.00s Real=0.02s
[2023-08-11T10:12:47.960+0000][gc,start      ] GC(38) Pause Young (Normal) (G1 Evacuation Pause)
[2023-08-11T10:12:47.960+0000][gc,task       ] GC(38) Using 8 workers of 8 for evacuation
[2023-08-11T10:12:47.972+0000][gc,phases     ] GC(38)   Pre Evacuate Collection Set: 0.0ms
[2023-08-11T10:12:47.972+0000][gc,phases     ] GC(38)   Evacuate Collection Set: 10.3ms
[2023-08-11T10:12:47.972+0000][gc,phases     ] GC(38)   Post Evacuate Collection Set: 0.6ms
[2023-08-11T10:12:47.972+0000][gc,phases     ] GC(38)   Other: 0.3ms
[2023-08-11T10:12:47.972+0000][gc,heap       ] GC(38) Eden regions: 365->0(368)
[2023-08-11T10:12:47.972+0000][gc,heap       ] GC(38) Survivor regions: 13->19(48)
[2023-08-11T10:12:47.972+0000][gc,heap       ] GC(38) Old regions: 114->114
[2023-08-11T10:12:47.972+0000][gc,heap       ] GC(38) Humongous regions: 140->140
[2023-08-11T10:12:47.972+0000][gc,metaspace  ] GC(38) Metaspace: 115153K(120496K)->115153K(120496K) NonClass: 101541K(104600K)->101541K(104600K) Class: 13612K(15896K)->13612K(15896K)
[2023-08-11T10:12:47.972+0000][gc            ] GC(38) Pause Young (Normal) (G1 Evacuation Pause) 630M->271M(1024M) 11.410ms
[2023-08-11T10:12:47.972+0000][gc,cpu        ] GC(38) User=0.09s Sys=0.00s Real=0.01s
[2023-08-11T10:14:32.856+0000][gc,start      ] GC(39) Pause Young (Normal) (G1 Evacuation Pause)
[2023-08-11T10:14:32.856+0000][gc,task       ] GC(39) Using 8 workers of 8 for evacuation
[2023-08-11T10:14:32.868+0000][gc,phases     ] GC(39)   Pre Evacuate Collection Set: 0.0ms
[2023-08-11T10:14:32.868+0000][gc,phases     ] GC(39)   Evacuate Collection Set: 11.0ms
[2023-08-11T10:14:32.868+0000][gc,phases     ] GC(39)   Post Evacuate Collection Set: 0.6ms
[2023-08-11T10:14:32.868+0000][gc,phases     ] GC(39)   Other: 0.3ms
[2023-08-11T10:14:32.868+0000][gc,heap       ] GC(39) Eden regions: 333->0(442)
[2023-08-11T10:14:32.868+0000][gc,heap       ] GC(39) Survivor regions: 19->21(44)
[2023-08-11T10:14:32.868+0000][gc,heap       ] GC(39) Old regions: 114->114
[2023-08-11T10:14:32.868+0000][gc,heap       ] GC(39) Humongous regions: 140->140
[2023-08-11T10:14:32.868+0000][gc,metaspace  ] GC(39) Metaspace: 115268K(120752K)->115268K(120752K) NonClass: 101655K(104856K)->101655K(104856K) Class: 13612K(15896K)->13612K(15896K)
[2023-08-11T10:14:32.868+0000][gc            ] GC(39) Pause Young (Normal) (G1 Evacuation Pause) 604M->274M(1024M) 12.011ms
[2023-08-11T10:14:32.868+0000][gc,cpu        ] GC(39) User=0.08s Sys=0.00s Real=0.01s
[2023-08-11T10:16:14.229+0000][gc,start      ] GC(40) Pause Young (Normal) (G1 Evacuation Pause)
[2023-08-11T10:16:14.229+0000][gc,task       ] GC(40) Using 8 workers of 8 for evacuation
[2023-08-11T10:16:14.242+0000][gc,phases     ] GC(40)   Pre Evacuate Collection Set: 0.0ms
[2023-08-11T10:16:14.242+0000][gc,phases     ] GC(40)   Evacuate Collection Set: 12.6ms
[2023-08-11T10:16:14.242+0000][gc,phases     ] GC(40)   Post Evacuate Collection Set: 0.7ms
[2023-08-11T10:16:14.242+0000][gc,phases     ] GC(40)   Other: 0.3ms
[2023-08-11T10:16:14.242+0000][gc,heap       ] GC(40) Eden regions: 397->0(429)
[2023-08-11T10:16:14.242+0000][gc,heap       ] GC(40) Survivor regions: 21->25(53)
[2023-08-11T10:16:14.242+0000][gc,heap       ] GC(40) Old regions: 114->114
[2023-08-11T10:16:14.242+0000][gc,heap       ] GC(40) Humongous regions: 140->140
[2023-08-11T10:16:14.242+0000][gc,metaspace  ] GC(40) Metaspace: 115287K(120752K)->115287K(120752K) NonClass: 101674K(104856K)->101674K(104856K) Class: 13612K(15896K)->13612K(15896K)
[2023-08-11T10:16:14.242+0000][gc            ] GC(40) Pause Young (Normal) (G1 Evacuation Pause) 671M->278M(1024M) 13.694ms
[2023-08-11T10:16:14.242+0000][gc,cpu        ] GC(40) User=0.10s Sys=0.00s Real=0.02s
[2023-08-11T10:18:09.965+0000][gc,start      ] GC(41) Pause Young (Normal) (G1 Evacuation Pause)
[2023-08-11T10:18:09.965+0000][gc,task       ] GC(41) Using 8 workers of 8 for evacuation
[2023-08-11T10:18:09.982+0000][gc,phases     ] GC(41)   Pre Evacuate Collection Set: 0.0ms
[2023-08-11T10:18:09.982+0000][gc,phases     ] GC(41)   Evacuate Collection Set: 16.3ms
[2023-08-11T10:18:09.983+0000][gc,phases     ] GC(41)   Post Evacuate Collection Set: 0.7ms
[2023-08-11T10:18:09.983+0000][gc,phases     ] GC(41)   Other: 0.4ms
[2023-08-11T10:18:09.983+0000][gc,heap       ] GC(41) Eden regions: 429->0(420)
[2023-08-11T10:18:09.983+0000][gc,heap       ] GC(41) Survivor regions: 25->35(57)
[2023-08-11T10:18:09.983+0000][gc,heap       ] GC(41) Old regions: 114->114
[2023-08-11T10:18:09.983+0000][gc,heap       ] GC(41) Humongous regions: 140->140
[2023-08-11T10:18:09.983+0000][gc,metaspace  ] GC(41) Metaspace: 115353K(120752K)->115353K(120752K) NonClass: 101740K(104856K)->101740K(104856K) Class: 13613K(15896K)->13613K(15896K)
[2023-08-11T10:18:09.983+0000][gc            ] GC(41) Pause Young (Normal) (G1 Evacuation Pause) 707M->287M(1024M) 17.466ms
[2023-08-11T10:18:09.983+0000][gc,cpu        ] GC(41) User=0.12s Sys=0.00s Real=0.02s
[2023-08-11T10:20:02.941+0000][gc,start      ] GC(42) Pause Young (Normal) (G1 Evacuation Pause)
[2023-08-11T10:20:02.941+0000][gc,task       ] GC(42) Using 8 workers of 8 for evacuation
[2023-08-11T10:20:02.960+0000][gc,phases     ] GC(42)   Pre Evacuate Collection Set: 0.0ms
[2023-08-11T10:20:02.960+0000][gc,phases     ] GC(42)   Evacuate Collection Set: 18.4ms
[2023-08-11T10:20:02.960+0000][gc,phases     ] GC(42)   Post Evacuate Collection Set: 0.7ms
[2023-08-11T10:20:02.960+0000][gc,phases     ] GC(42)   Other: 0.3ms
[2023-08-11T10:20:02.960+0000][gc,heap       ] GC(42) Eden regions: 372->0(420)
[2023-08-11T10:20:02.960+0000][gc,heap       ] GC(42) Survivor regions: 35->28(51)
[2023-08-11T10:20:02.960+0000][gc,heap       ] GC(42) Old regions: 114->121
[2023-08-11T10:20:02.960+0000][gc,heap       ] GC(42) Humongous regions: 140->140
[2023-08-11T10:20:02.960+0000][gc,metaspace  ] GC(42) Metaspace: 115378K(120752K)->115378K(120752K) NonClass: 101765K(104856K)->101765K(104856K) Class: 13613K(15896K)->13613K(15896K)
[2023-08-11T10:20:02.960+0000][gc            ] GC(42) Pause Young (Normal) (G1 Evacuation Pause) 659M->288M(1024M) 19.468ms
[2023-08-11T10:20:02.960+0000][gc,cpu        ] GC(42) User=0.14s Sys=0.00s Real=0.02s
[2023-08-11T10:21:39.803+0000][gc,start      ] GC(43) Pause Young (Normal) (G1 Evacuation Pause)
[2023-08-11T10:21:39.803+0000][gc,task       ] GC(43) Using 8 workers of 8 for evacuation
[2023-08-11T10:21:39.820+0000][gc,phases     ] GC(43)   Pre Evacuate Collection Set: 0.0ms
[2023-08-11T10:21:39.820+0000][gc,phases     ] GC(43)   Evacuate Collection Set: 16.3ms
[2023-08-11T10:21:39.820+0000][gc,phases     ] GC(43)   Post Evacuate Collection Set: 0.7ms
[2023-08-11T10:21:39.820+0000][gc,phases     ] GC(43)   Other: 0.3ms
[2023-08-11T10:21:39.820+0000][gc,heap       ] GC(43) Eden regions: 374->0(368)
[2023-08-11T10:21:39.820+0000][gc,heap       ] GC(43) Survivor regions: 28->30(51)
[2023-08-11T10:21:39.820+0000][gc,heap       ] GC(43) Old regions: 121->124
[2023-08-11T10:21:39.820+0000][gc,heap       ] GC(43) Humongous regions: 140->140
[2023-08-11T10:21:39.820+0000][gc,metaspace  ] GC(43) Metaspace: 115408K(120752K)->115408K(120752K) NonClass: 101794K(104856K)->101794K(104856K) Class: 13613K(15896K)->13613K(15896K)
[2023-08-11T10:21:39.820+0000][gc            ] GC(43) Pause Young (Normal) (G1 Evacuation Pause) 662M->293M(1024M) 17.438ms
[2023-08-11T10:21:39.820+0000][gc,cpu        ] GC(43) User=0.13s Sys=0.00s Real=0.02s
[2023-08-11T10:23:02.852+0000][gc,start      ] GC(44) Pause Young (Normal) (G1 Evacuation Pause)
[2023-08-11T10:23:02.852+0000][gc,task       ] GC(44) Using 8 workers of 8 for evacuation
[2023-08-11T10:23:02.872+0000][gc,phases     ] GC(44)   Pre Evacuate Collection Set: 0.0ms
[2023-08-11T10:23:02.872+0000][gc,phases     ] GC(44)   Evacuate Collection Set: 18.8ms
[2023-08-11T10:23:02.872+0000][gc,phases     ] GC(44)   Post Evacuate Collection Set: 0.7ms
[2023-08-11T10:23:02.872+0000][gc,phases     ] GC(44)   Other: 0.4ms
[2023-08-11T10:23:02.872+0000][gc,heap       ] GC(44) Eden regions: 255->0(289)
[2023-08-11T10:23:02.872+0000][gc,heap       ] GC(44) Survivor regions: 30->21(36)
[2023-08-11T10:23:02.872+0000][gc,heap       ] GC(44) Old regions: 124->137
[2023-08-11T10:23:02.872+0000][gc,heap       ] GC(44) Humongous regions: 140->140
[2023-08-11T10:23:02.872+0000][gc,metaspace  ] GC(44) Metaspace: 115437K(120752K)->115437K(120752K) NonClass: 101824K(104856K)->101824K(104856K) Class: 13613K(15896K)->13613K(15896K)
[2023-08-11T10:23:02.872+0000][gc            ] GC(44) Pause Young (Normal) (G1 Evacuation Pause) 548M->297M(1024M) 20.100ms
[2023-08-11T10:23:02.872+0000][gc,cpu        ] GC(44) User=0.13s Sys=0.02s Real=0.02s
[2023-08-11T10:24:09.956+0000][gc,start      ] GC(45) Pause Young (Normal) (G1 Evacuation Pause)
[2023-08-11T10:24:09.956+0000][gc,task       ] GC(45) Using 8 workers of 8 for evacuation
[2023-08-11T10:24:09.971+0000][gc,phases     ] GC(45)   Pre Evacuate Collection Set: 0.0ms
[2023-08-11T10:24:09.971+0000][gc,phases     ] GC(45)   Evacuate Collection Set: 14.0ms
[2023-08-11T10:24:09.971+0000][gc,phases     ] GC(45)   Post Evacuate Collection Set: 0.6ms
[2023-08-11T10:24:09.971+0000][gc,phases     ] GC(45)   Other: 0.3ms
[2023-08-11T10:24:09.971+0000][gc,heap       ] GC(45) Eden regions: 273->0(278)
[2023-08-11T10:24:09.971+0000][gc,heap       ] GC(45) Survivor regions: 21->26(37)
[2023-08-11T10:24:09.971+0000][gc,heap       ] GC(45) Old regions: 137->142
[2023-08-11T10:24:09.971+0000][gc,heap       ] GC(45) Humongous regions: 140->140
[2023-08-11T10:24:09.971+0000][gc,metaspace  ] GC(45) Metaspace: 115451K(121008K)->115451K(121008K) NonClass: 101838K(105112K)->101838K(105112K) Class: 13613K(15896K)->13613K(15896K)
[2023-08-11T10:24:09.971+0000][gc            ] GC(45) Pause Young (Normal) (G1 Evacuation Pause) 570M->307M(1024M) 14.974ms
[2023-08-11T10:24:09.971+0000][gc,cpu        ] GC(45) User=0.10s Sys=0.01s Real=0.02s
[2023-08-11T10:25:32.848+0000][gc,start      ] GC(46) Pause Young (Normal) (G1 Evacuation Pause)
[2023-08-11T10:25:32.848+0000][gc,task       ] GC(46) Using 8 workers of 8 for evacuation
[2023-08-11T10:25:32.862+0000][gc,phases     ] GC(46)   Pre Evacuate Collection Set: 0.0ms
[2023-08-11T10:25:32.862+0000][gc,phases     ] GC(46)   Evacuate Collection Set: 12.7ms
[2023-08-11T10:25:32.862+0000][gc,phases     ] GC(46)   Post Evacuate Collection Set: 0.6ms
[2023-08-11T10:25:32.862+0000][gc,phases     ] GC(46)   Other: 0.3ms
[2023-08-11T10:25:32.862+0000][gc,heap       ] GC(46) Eden regions: 261->0(318)
[2023-08-11T10:25:32.862+0000][gc,heap       ] GC(46) Survivor regions: 26->18(36)
[2023-08-11T10:25:32.862+0000][gc,heap       ] GC(46) Old regions: 142->148
[2023-08-11T10:25:32.862+0000][gc,heap       ] GC(46) Humongous regions: 140->140
[2023-08-11T10:25:32.862+0000][gc,metaspace  ] GC(46) Metaspace: 115470K(121008K)->115470K(121008K) NonClass: 101857K(105112K)->101857K(105112K) Class: 13613K(15896K)->13613K(15896K)
[2023-08-11T10:25:32.862+0000][gc            ] GC(46) Pause Young (Normal) (G1 Evacuation Pause) 568M->304M(1024M) 13.765ms
[2023-08-11T10:25:32.862+0000][gc,cpu        ] GC(46) User=0.10s Sys=0.00s Real=0.02s
[2023-08-11T10:27:01.102+0000][gc,start      ] GC(47) Pause Young (Normal) (G1 Evacuation Pause)
[2023-08-11T10:27:01.102+0000][gc,task       ] GC(47) Using 8 workers of 8 for evacuation
[2023-08-11T10:27:01.115+0000][gc,phases     ] GC(47)   Pre Evacuate Collection Set: 0.0ms
[2023-08-11T10:27:01.115+0000][gc,phases     ] GC(47)   Evacuate Collection Set: 11.8ms
[2023-08-11T10:27:01.115+0000][gc,phases     ] GC(47)   Post Evacuate Collection Set: 0.6ms
[2023-08-11T10:27:01.115+0000][gc,phases     ] GC(47)   Other: 0.3ms
[2023-08-11T10:27:01.115+0000][gc,heap       ] GC(47) Eden regions: 305->0(325)
[2023-08-11T10:27:01.115+0000][gc,heap       ] GC(47) Survivor regions: 18->21(41)
[2023-08-11T10:27:01.115+0000][gc,heap       ] GC(47) Old regions: 148->148
[2023-08-11T10:27:01.115+0000][gc,heap       ] GC(47) Humongous regions: 140->140
[2023-08-11T10:27:01.115+0000][gc,metaspace  ] GC(47) Metaspace: 115485K(121008K)->115485K(121008K) NonClass: 101872K(105112K)->101872K(105112K) Class: 13613K(15896K)->13613K(15896K)
[2023-08-11T10:27:01.115+0000][gc            ] GC(47) Pause Young (Normal) (G1 Evacuation Pause) 609M->308M(1024M) 12.914ms
[2023-08-11T10:27:01.115+0000][gc,cpu        ] GC(47) User=0.09s Sys=0.00s Real=0.01s
[2023-08-11T10:28:09.810+0000][gc,start      ] GC(48) Pause Young (Normal) (G1 Evacuation Pause)
[2023-08-11T10:28:09.810+0000][gc,task       ] GC(48) Using 8 workers of 8 for evacuation
[2023-08-11T10:28:09.824+0000][gc,phases     ] GC(48)   Pre Evacuate Collection Set: 0.0ms
[2023-08-11T10:28:09.824+0000][gc,phases     ] GC(48)   Evacuate Collection Set: 13.2ms
[2023-08-11T10:28:09.824+0000][gc,phases     ] GC(48)   Post Evacuate Collection Set: 0.7ms
[2023-08-11T10:28:09.824+0000][gc,phases     ] GC(48)   Other: 0.3ms
[2023-08-11T10:28:09.824+0000][gc,heap       ] GC(48) Eden regions: 304->0(330)
[2023-08-11T10:28:09.824+0000][gc,heap       ] GC(48) Survivor regions: 21->24(41)
[2023-08-11T10:28:09.824+0000][gc,heap       ] GC(48) Old regions: 148->148
[2023-08-11T10:28:09.824+0000][gc,heap       ] GC(48) Humongous regions: 140->140
[2023-08-11T10:28:09.824+0000][gc,metaspace  ] GC(48) Metaspace: 116361K(122032K)->116361K(122032K) NonClass: 102624K(105880K)->102624K(105880K) Class: 13736K(16152K)->13736K(16152K)
[2023-08-11T10:28:09.824+0000][gc            ] GC(48) Pause Young (Normal) (G1 Evacuation Pause) 612M->311M(1024M) 14.297ms
[2023-08-11T10:28:09.824+0000][gc,cpu        ] GC(48) User=0.11s Sys=0.00s Real=0.02s
[2023-08-11T10:29:43.934+0000][gc,start      ] GC(49) Pause Young (Normal) (G1 Evacuation Pause)
[2023-08-11T10:29:43.934+0000][gc,task       ] GC(49) Using 8 workers of 8 for evacuation
[2023-08-11T10:29:43.950+0000][gc,phases     ] GC(49)   Pre Evacuate Collection Set: 0.0ms
[2023-08-11T10:29:43.950+0000][gc,phases     ] GC(49)   Evacuate Collection Set: 15.3ms
[2023-08-11T10:29:43.950+0000][gc,phases     ] GC(49)   Post Evacuate Collection Set: 0.7ms
[2023-08-11T10:29:43.950+0000][gc,phases     ] GC(49)   Other: 0.3ms
[2023-08-11T10:29:43.950+0000][gc,heap       ] GC(49) Eden regions: 307->0(325)
[2023-08-11T10:29:43.950+0000][gc,heap       ] GC(49) Survivor regions: 24->25(42)
[2023-08-11T10:29:43.950+0000][gc,heap       ] GC(49) Old regions: 148->152
[2023-08-11T10:29:43.950+0000][gc,heap       ] GC(49) Humongous regions: 140->140
[2023-08-11T10:29:43.950+0000][gc,metaspace  ] GC(49) Metaspace: 116408K(122032K)->116408K(122032K) NonClass: 102671K(105880K)->102671K(105880K) Class: 13736K(16152K)->13736K(16152K)
[2023-08-11T10:29:43.950+0000][gc            ] GC(49) Pause Young (Normal) (G1 Evacuation Pause) 618M->315M(1024M) 16.403ms
[2023-08-11T10:29:43.950+0000][gc,cpu        ] GC(49) User=0.11s Sys=0.01s Real=0.01s
[2023-08-11T10:31:02.962+0000][gc,start      ] GC(50) Pause Young (Normal) (G1 Evacuation Pause)
[2023-08-11T10:31:02.962+0000][gc,task       ] GC(50) Using 8 workers of 8 for evacuation
[2023-08-11T10:31:02.978+0000][gc,phases     ] GC(50)   Pre Evacuate Collection Set: 0.0ms
[2023-08-11T10:31:02.978+0000][gc,phases     ] GC(50)   Evacuate Collection Set: 15.2ms
[2023-08-11T10:31:02.978+0000][gc,phases     ] GC(50)   Post Evacuate Collection Set: 0.7ms
[2023-08-11T10:31:02.978+0000][gc,phases     ] GC(50)   Other: 0.3ms
[2023-08-11T10:31:02.978+0000][gc,heap       ] GC(50) Eden regions: 325->0(332)
[2023-08-11T10:31:02.978+0000][gc,heap       ] GC(50) Survivor regions: 25->26(44)
[2023-08-11T10:31:02.978+0000][gc,heap       ] GC(50) Old regions: 152->156
[2023-08-11T10:31:02.978+0000][gc,heap       ] GC(50) Humongous regions: 140->140
[2023-08-11T10:31:02.978+0000][gc,metaspace  ] GC(50) Metaspace: 116439K(122032K)->116439K(122032K) NonClass: 102702K(105880K)->102702K(105880K) Class: 13736K(16152K)->13736K(16152K)
[2023-08-11T10:31:02.978+0000][gc            ] GC(50) Pause Young (Normal) (G1 Evacuation Pause) 640M->321M(1024M) 16.314ms
[2023-08-11T10:31:02.978+0000][gc,cpu        ] GC(50) User=0.12s Sys=0.00s Real=0.01s
[2023-08-11T10:32:37.163+0000][gc,start      ] GC(51) Pause Young (Normal) (G1 Evacuation Pause)
[2023-08-11T10:32:37.163+0000][gc,task       ] GC(51) Using 8 workers of 8 for evacuation
[2023-08-11T10:32:37.179+0000][gc,phases     ] GC(51)   Pre Evacuate Collection Set: 0.0ms
[2023-08-11T10:32:37.179+0000][gc,phases     ] GC(51)   Evacuate Collection Set: 15.2ms
[2023-08-11T10:32:37.179+0000][gc,phases     ] GC(51)   Post Evacuate Collection Set: 0.6ms
[2023-08-11T10:32:37.179+0000][gc,phases     ] GC(51)   Other: 0.4ms
[2023-08-11T10:32:37.179+0000][gc,heap       ] GC(51) Eden regions: 313->0(341)
[2023-08-11T10:32:37.179+0000][gc,heap       ] GC(51) Survivor regions: 26->25(43)
[2023-08-11T10:32:37.179+0000][gc,heap       ] GC(51) Old regions: 156->159
[2023-08-11T10:32:37.179+0000][gc,heap       ] GC(51) Humongous regions: 140->140
[2023-08-11T10:32:37.179+0000][gc,metaspace  ] GC(51) Metaspace: 116444K(122032K)->116444K(122032K) NonClass: 102708K(105880K)->102708K(105880K) Class: 13736K(16152K)->13736K(16152K)
[2023-08-11T10:32:37.179+0000][gc            ] GC(51) Pause Young (Normal) (G1 Evacuation Pause) 634M->323M(1024M) 16.286ms
[2023-08-11T10:32:37.179+0000][gc,cpu        ] GC(51) User=0.12s Sys=0.00s Real=0.02s
