[2023-08-21T06:48:44.168+0000][gc,heap] Heap region size: 1M
[2023-08-21T06:48:44.178+0000][gc     ] Using G1
[2023-08-21T06:48:44.178+0000][gc,heap,coops] Heap address: 0x00000000c0000000, size: 1024 MB, Compressed Oops mode: 32-bit
[2023-08-21T06:48:44.857+0000][gc,start     ] GC(0) Pause Young (Normal) (G1 Evacuation Pause)
[2023-08-21T06:48:44.858+0000][gc,task      ] GC(0) Using 8 workers of 8 for evacuation
[2023-08-21T06:48:44.865+0000][gc,phases    ] GC(0)   Pre Evacuate Collection Set: 0.0ms
[2023-08-21T06:48:44.866+0000][gc,phases    ] GC(0)   Evacuate Collection Set: 6.9ms
[2023-08-21T06:48:44.866+0000][gc,phases    ] GC(0)   Post Evacuate Collection Set: 0.7ms
[2023-08-21T06:48:44.866+0000][gc,phases    ] GC(0)   Other: 0.7ms
[2023-08-21T06:48:44.866+0000][gc,heap      ] GC(0) Eden regions: 51->0(44)
[2023-08-21T06:48:44.866+0000][gc,heap      ] GC(0) Survivor regions: 0->7(7)
[2023-08-21T06:48:44.866+0000][gc,heap      ] GC(0) Old regions: 0->24
[2023-08-21T06:48:44.866+0000][gc,heap      ] GC(0) Humongous regions: 2->2
[2023-08-21T06:48:44.866+0000][gc,metaspace ] GC(0) Metaspace: 12463K(12928K)->12463K(12928K) NonClass: 11270K(11520K)->11270K(11520K) Class: 1193K(1408K)->1193K(1408K)
[2023-08-21T06:48:44.866+0000][gc           ] GC(0) Pause Young (Normal) (G1 Evacuation Pause) 53M->32M(1024M) 8.470ms
[2023-08-21T06:48:44.866+0000][gc,cpu       ] GC(0) User=0.03s Sys=0.03s Real=0.01s
[2023-08-21T06:48:45.278+0000][gc,start     ] GC(1) Pause Young (Normal) (G1 Evacuation Pause)
[2023-08-21T06:48:45.278+0000][gc,task      ] GC(1) Using 8 workers of 8 for evacuation
[2023-08-21T06:48:45.283+0000][gc,phases    ] GC(1)   Pre Evacuate Collection Set: 0.0ms
[2023-08-21T06:48:45.283+0000][gc,phases    ] GC(1)   Evacuate Collection Set: 4.4ms
[2023-08-21T06:48:45.283+0000][gc,phases    ] GC(1)   Post Evacuate Collection Set: 0.4ms
[2023-08-21T06:48:45.283+0000][gc,phases    ] GC(1)   Other: 0.1ms
[2023-08-21T06:48:45.283+0000][gc,heap      ] GC(1) Eden regions: 44->0(49)
[2023-08-21T06:48:45.283+0000][gc,heap      ] GC(1) Survivor regions: 7->2(7)
[2023-08-21T06:48:45.283+0000][gc,heap      ] GC(1) Old regions: 24->31
[2023-08-21T06:48:45.283+0000][gc,heap      ] GC(1) Humongous regions: 2->2
[2023-08-21T06:48:45.283+0000][gc,metaspace ] GC(1) Metaspace: 19636K(20352K)->19636K(20352K) NonClass: 17607K(18176K)->17607K(18176K) Class: 2028K(2176K)->2028K(2176K)
[2023-08-21T06:48:45.283+0000][gc           ] GC(1) Pause Young (Normal) (G1 Evacuation Pause) 76M->34M(1024M) 5.054ms
[2023-08-21T06:48:45.283+0000][gc,cpu       ] GC(1) User=0.03s Sys=0.02s Real=0.01s
[2023-08-21T06:48:45.653+0000][gc,start     ] GC(2) Pause Young (Normal) (G1 Evacuation Pause)
[2023-08-21T06:48:45.653+0000][gc,task      ] GC(2) Using 8 workers of 8 for evacuation
[2023-08-21T06:48:45.656+0000][gc,phases    ] GC(2)   Pre Evacuate Collection Set: 0.0ms
[2023-08-21T06:48:45.656+0000][gc,phases    ] GC(2)   Evacuate Collection Set: 2.9ms
[2023-08-21T06:48:45.656+0000][gc,phases    ] GC(2)   Post Evacuate Collection Set: 0.3ms
[2023-08-21T06:48:45.657+0000][gc,phases    ] GC(2)   Other: 0.1ms
[2023-08-21T06:48:45.657+0000][gc,heap      ] GC(2) Eden regions: 49->0(48)
[2023-08-21T06:48:45.657+0000][gc,heap      ] GC(2) Survivor regions: 2->3(7)
[2023-08-21T06:48:45.657+0000][gc,heap      ] GC(2) Old regions: 31->31
[2023-08-21T06:48:45.657+0000][gc,heap      ] GC(2) Humongous regions: 2->2
[2023-08-21T06:48:45.657+0000][gc,metaspace ] GC(2) Metaspace: 26554K(27648K)->26554K(27648K) NonClass: 23899K(24832K)->23899K(24832K) Class: 2654K(2816K)->2654K(2816K)
[2023-08-21T06:48:45.657+0000][gc           ] GC(2) Pause Young (Normal) (G1 Evacuation Pause) 83M->35M(1024M) 3.475ms
[2023-08-21T06:48:45.657+0000][gc,cpu       ] GC(2) User=0.02s Sys=0.00s Real=0.00s
[2023-08-21T06:48:46.140+0000][gc,start     ] GC(3) Pause Young (Normal) (G1 Evacuation Pause)
[2023-08-21T06:48:46.140+0000][gc,task      ] GC(3) Using 8 workers of 8 for evacuation
[2023-08-21T06:48:46.144+0000][gc,phases    ] GC(3)   Pre Evacuate Collection Set: 0.0ms
[2023-08-21T06:48:46.144+0000][gc,phases    ] GC(3)   Evacuate Collection Set: 3.1ms
[2023-08-21T06:48:46.144+0000][gc,phases    ] GC(3)   Post Evacuate Collection Set: 0.5ms
[2023-08-21T06:48:46.144+0000][gc,phases    ] GC(3)   Other: 0.2ms
[2023-08-21T06:48:46.144+0000][gc,heap      ] GC(3) Eden regions: 48->0(47)
[2023-08-21T06:48:46.144+0000][gc,heap      ] GC(3) Survivor regions: 3->4(7)
[2023-08-21T06:48:46.144+0000][gc,heap      ] GC(3) Old regions: 31->31
[2023-08-21T06:48:46.144+0000][gc,heap      ] GC(3) Humongous regions: 2->2
[2023-08-21T06:48:46.144+0000][gc,metaspace ] GC(3) Metaspace: 34661K(35712K)->34661K(35712K) NonClass: 31069K(31744K)->31069K(31744K) Class: 3592K(3968K)->3592K(3968K)
[2023-08-21T06:48:46.144+0000][gc           ] GC(3) Pause Young (Normal) (G1 Evacuation Pause) 83M->36M(1024M) 3.932ms
[2023-08-21T06:48:46.144+0000][gc,cpu       ] GC(3) User=0.02s Sys=0.00s Real=0.00s
[2023-08-21T06:48:46.636+0000][gc,start     ] GC(4) Pause Young (Normal) (G1 Evacuation Pause)
[2023-08-21T06:48:46.636+0000][gc,task      ] GC(4) Using 8 workers of 8 for evacuation
[2023-08-21T06:48:46.647+0000][gc,phases    ] GC(4)   Pre Evacuate Collection Set: 0.0ms
[2023-08-21T06:48:46.647+0000][gc,phases    ] GC(4)   Evacuate Collection Set: 6.1ms
[2023-08-21T06:48:46.647+0000][gc,phases    ] GC(4)   Post Evacuate Collection Set: 4.7ms
[2023-08-21T06:48:46.647+0000][gc,phases    ] GC(4)   Other: 0.2ms
[2023-08-21T06:48:46.647+0000][gc,heap      ] GC(4) Eden regions: 47->0(45)
[2023-08-21T06:48:46.647+0000][gc,heap      ] GC(4) Survivor regions: 4->6(7)
[2023-08-21T06:48:46.647+0000][gc,heap      ] GC(4) Old regions: 31->31
[2023-08-21T06:48:46.647+0000][gc,heap      ] GC(4) Humongous regions: 2->2
[2023-08-21T06:48:46.647+0000][gc,metaspace ] GC(4) Metaspace: 40488K(41728K)->40488K(41728K) NonClass: 36132K(36864K)->36132K(36864K) Class: 4355K(4864K)->4355K(4864K)
[2023-08-21T06:48:46.647+0000][gc           ] GC(4) Pause Young (Normal) (G1 Evacuation Pause) 83M->38M(1024M) 11.177ms
[2023-08-21T06:48:46.647+0000][gc,cpu       ] GC(4) User=0.05s Sys=0.00s Real=0.01s
[2023-08-21T06:48:47.117+0000][gc,start     ] GC(5) Pause Young (Normal) (G1 Evacuation Pause)
[2023-08-21T06:48:47.117+0000][gc,task      ] GC(5) Using 8 workers of 8 for evacuation
[2023-08-21T06:48:47.123+0000][gc,phases    ] GC(5)   Pre Evacuate Collection Set: 0.0ms
[2023-08-21T06:48:47.123+0000][gc,phases    ] GC(5)   Evacuate Collection Set: 5.7ms
[2023-08-21T06:48:47.123+0000][gc,phases    ] GC(5)   Post Evacuate Collection Set: 0.6ms
[2023-08-21T06:48:47.123+0000][gc,phases    ] GC(5)   Other: 0.1ms
[2023-08-21T06:48:47.123+0000][gc,heap      ] GC(5) Eden regions: 45->0(46)
[2023-08-21T06:48:47.123+0000][gc,heap      ] GC(5) Survivor regions: 6->5(7)
[2023-08-21T06:48:47.123+0000][gc,heap      ] GC(5) Old regions: 31->35
[2023-08-21T06:48:47.123+0000][gc,heap      ] GC(5) Humongous regions: 11->11
[2023-08-21T06:48:47.123+0000][gc,metaspace ] GC(5) Metaspace: 47652K(49152K)->47652K(49152K) NonClass: 42419K(43264K)->42419K(43264K) Class: 5233K(5888K)->5233K(5888K)
[2023-08-21T06:48:47.123+0000][gc           ] GC(5) Pause Young (Normal) (G1 Evacuation Pause) 92M->50M(1024M) 6.546ms
[2023-08-21T06:48:47.123+0000][gc,cpu       ] GC(5) User=0.04s Sys=0.01s Real=0.01s
[2023-08-21T06:48:47.459+0000][gc,start     ] GC(6) Pause Young (Normal) (G1 Evacuation Pause)
[2023-08-21T06:48:47.459+0000][gc,task      ] GC(6) Using 8 workers of 8 for evacuation
[2023-08-21T06:48:47.464+0000][gc,phases    ] GC(6)   Pre Evacuate Collection Set: 0.0ms
[2023-08-21T06:48:47.464+0000][gc,phases    ] GC(6)   Evacuate Collection Set: 4.7ms
[2023-08-21T06:48:47.464+0000][gc,phases    ] GC(6)   Post Evacuate Collection Set: 0.8ms
[2023-08-21T06:48:47.464+0000][gc,phases    ] GC(6)   Other: 0.2ms
[2023-08-21T06:48:47.464+0000][gc,heap      ] GC(6) Eden regions: 46->0(44)
[2023-08-21T06:48:47.464+0000][gc,heap      ] GC(6) Survivor regions: 5->7(7)
[2023-08-21T06:48:47.464+0000][gc,heap      ] GC(6) Old regions: 35->37
[2023-08-21T06:48:47.464+0000][gc,heap      ] GC(6) Humongous regions: 11->11
[2023-08-21T06:48:47.464+0000][gc,metaspace ] GC(6) Metaspace: 52436K(54272K)->52436K(54272K) NonClass: 46769K(47872K)->46769K(47872K) Class: 5666K(6400K)->5666K(6400K)
[2023-08-21T06:48:47.464+0000][gc           ] GC(6) Pause Young (Normal) (G1 Evacuation Pause) 96M->53M(1024M) 5.772ms
[2023-08-21T06:48:47.465+0000][gc,cpu       ] GC(6) User=0.04s Sys=0.00s Real=0.01s
[2023-08-21T06:48:47.620+0000][gc,start     ] GC(7) Pause Young (Normal) (G1 Evacuation Pause)
[2023-08-21T06:48:47.620+0000][gc,task      ] GC(7) Using 8 workers of 8 for evacuation
[2023-08-21T06:48:47.625+0000][gc,phases    ] GC(7)   Pre Evacuate Collection Set: 0.0ms
[2023-08-21T06:48:47.625+0000][gc,phases    ] GC(7)   Evacuate Collection Set: 4.9ms
[2023-08-21T06:48:47.625+0000][gc,phases    ] GC(7)   Post Evacuate Collection Set: 0.4ms
[2023-08-21T06:48:47.625+0000][gc,phases    ] GC(7)   Other: 0.1ms
[2023-08-21T06:48:47.625+0000][gc,heap      ] GC(7) Eden regions: 44->0(50)
[2023-08-21T06:48:47.625+0000][gc,heap      ] GC(7) Survivor regions: 7->1(7)
[2023-08-21T06:48:47.625+0000][gc,heap      ] GC(7) Old regions: 37->43
[2023-08-21T06:48:47.625+0000][gc,heap      ] GC(7) Humongous regions: 11->11
[2023-08-21T06:48:47.625+0000][gc,metaspace ] GC(7) Metaspace: 54080K(56064K)->54080K(56064K) NonClass: 48229K(49408K)->48229K(49408K) Class: 5850K(6656K)->5850K(6656K)
[2023-08-21T06:48:47.625+0000][gc           ] GC(7) Pause Young (Normal) (G1 Evacuation Pause) 97M->54M(1024M) 5.544ms
[2023-08-21T06:48:47.625+0000][gc,cpu       ] GC(7) User=0.03s Sys=0.00s Real=0.00s
[2023-08-21T06:48:47.811+0000][gc,start     ] GC(8) Pause Young (Normal) (G1 Evacuation Pause)
[2023-08-21T06:48:47.811+0000][gc,task      ] GC(8) Using 8 workers of 8 for evacuation
[2023-08-21T06:48:47.814+0000][gc,phases    ] GC(8)   Pre Evacuate Collection Set: 0.0ms
[2023-08-21T06:48:47.814+0000][gc,phases    ] GC(8)   Evacuate Collection Set: 1.9ms
[2023-08-21T06:48:47.814+0000][gc,phases    ] GC(8)   Post Evacuate Collection Set: 0.4ms
[2023-08-21T06:48:47.814+0000][gc,phases    ] GC(8)   Other: 0.2ms
[2023-08-21T06:48:47.814+0000][gc,heap      ] GC(8) Eden regions: 50->0(51)
[2023-08-21T06:48:47.814+0000][gc,heap      ] GC(8) Survivor regions: 1->1(7)
[2023-08-21T06:48:47.814+0000][gc,heap      ] GC(8) Old regions: 43->43
[2023-08-21T06:48:47.814+0000][gc,heap      ] GC(8) Humongous regions: 11->11
[2023-08-21T06:48:47.814+0000][gc,metaspace ] GC(8) Metaspace: 56250K(58112K)->56250K(58112K) NonClass: 50126K(51200K)->50126K(51200K) Class: 6124K(6912K)->6124K(6912K)
[2023-08-21T06:48:47.814+0000][gc           ] GC(8) Pause Young (Normal) (G1 Evacuation Pause) 104M->54M(1024M) 2.491ms
[2023-08-21T06:48:47.814+0000][gc,cpu       ] GC(8) User=0.01s Sys=0.00s Real=0.00s
[2023-08-21T06:48:48.179+0000][gc,start     ] GC(9) Pause Young (Normal) (G1 Evacuation Pause)
[2023-08-21T06:48:48.179+0000][gc,task      ] GC(9) Using 8 workers of 8 for evacuation
[2023-08-21T06:48:48.182+0000][gc,phases    ] GC(9)   Pre Evacuate Collection Set: 0.0ms
[2023-08-21T06:48:48.182+0000][gc,phases    ] GC(9)   Evacuate Collection Set: 2.3ms
[2023-08-21T06:48:48.182+0000][gc,phases    ] GC(9)   Post Evacuate Collection Set: 0.8ms
[2023-08-21T06:48:48.182+0000][gc,phases    ] GC(9)   Other: 0.2ms
[2023-08-21T06:48:48.182+0000][gc,heap      ] GC(9) Eden regions: 51->0(53)
[2023-08-21T06:48:48.182+0000][gc,heap      ] GC(9) Survivor regions: 1->4(7)
[2023-08-21T06:48:48.182+0000][gc,heap      ] GC(9) Old regions: 43->43
[2023-08-21T06:48:48.182+0000][gc,heap      ] GC(9) Humongous regions: 11->11
[2023-08-21T06:48:48.182+0000][gc,metaspace ] GC(9) Metaspace: 62624K(64768K)->62624K(64768K) NonClass: 55787K(57088K)->55787K(57088K) Class: 6836K(7680K)->6836K(7680K)
[2023-08-21T06:48:48.182+0000][gc           ] GC(9) Pause Young (Normal) (G1 Evacuation Pause) 105M->57M(1024M) 3.394ms
[2023-08-21T06:48:48.182+0000][gc,cpu       ] GC(9) User=0.02s Sys=0.00s Real=0.00s
[2023-08-21T06:48:48.335+0000][gc,start     ] GC(10) Pause Young (Normal) (G1 Evacuation Pause)
[2023-08-21T06:48:48.335+0000][gc,task      ] GC(10) Using 8 workers of 8 for evacuation
[2023-08-21T06:48:48.337+0000][gc,phases    ] GC(10)   Pre Evacuate Collection Set: 0.0ms
[2023-08-21T06:48:48.337+0000][gc,phases    ] GC(10)   Evacuate Collection Set: 2.2ms
[2023-08-21T06:48:48.337+0000][gc,phases    ] GC(10)   Post Evacuate Collection Set: 0.4ms
[2023-08-21T06:48:48.337+0000][gc,phases    ] GC(10)   Other: 0.2ms
[2023-08-21T06:48:48.337+0000][gc,heap      ] GC(10) Eden regions: 53->0(58)
[2023-08-21T06:48:48.337+0000][gc,heap      ] GC(10) Survivor regions: 4->5(8)
[2023-08-21T06:48:48.337+0000][gc,heap      ] GC(10) Old regions: 43->43
[2023-08-21T06:48:48.337+0000][gc,heap      ] GC(10) Humongous regions: 11->11
[2023-08-21T06:48:48.337+0000][gc,metaspace ] GC(10) Metaspace: 64081K(66304K)->64081K(66304K) NonClass: 57023K(58368K)->57023K(58368K) Class: 7057K(7936K)->7057K(7936K)
[2023-08-21T06:48:48.337+0000][gc           ] GC(10) Pause Young (Normal) (G1 Evacuation Pause) 110M->57M(1024M) 2.868ms
[2023-08-21T06:48:48.337+0000][gc,cpu       ] GC(10) User=0.01s Sys=0.01s Real=0.00s
[2023-08-21T06:48:48.492+0000][gc,start     ] GC(11) Pause Young (Normal) (G1 Evacuation Pause)
[2023-08-21T06:48:48.492+0000][gc,task      ] GC(11) Using 8 workers of 8 for evacuation
[2023-08-21T06:48:48.496+0000][gc,phases    ] GC(11)   Pre Evacuate Collection Set: 0.0ms
[2023-08-21T06:48:48.496+0000][gc,phases    ] GC(11)   Evacuate Collection Set: 3.0ms
[2023-08-21T06:48:48.496+0000][gc,phases    ] GC(11)   Post Evacuate Collection Set: 0.5ms
[2023-08-21T06:48:48.496+0000][gc,phases    ] GC(11)   Other: 0.2ms
[2023-08-21T06:48:48.496+0000][gc,heap      ] GC(11) Eden regions: 58->0(320)
[2023-08-21T06:48:48.496+0000][gc,heap      ] GC(11) Survivor regions: 5->5(8)
[2023-08-21T06:48:48.496+0000][gc,heap      ] GC(11) Old regions: 43->43
[2023-08-21T06:48:48.496+0000][gc,heap      ] GC(11) Humongous regions: 11->11
[2023-08-21T06:48:48.496+0000][gc,metaspace ] GC(11) Metaspace: 65818K(67968K)->65818K(67968K) NonClass: 58602K(59904K)->58602K(59904K) Class: 7215K(8064K)->7215K(8064K)
[2023-08-21T06:48:48.496+0000][gc           ] GC(11) Pause Young (Normal) (G1 Evacuation Pause) 115M->58M(1024M) 3.788ms
[2023-08-21T06:48:48.496+0000][gc,cpu       ] GC(11) User=0.03s Sys=0.00s Real=0.00s
[2023-08-21T06:48:50.319+0000][gc,start     ] GC(12) Pause Young (Normal) (G1 Evacuation Pause)
[2023-08-21T06:48:50.319+0000][gc,task      ] GC(12) Using 8 workers of 8 for evacuation
[2023-08-21T06:48:50.335+0000][gc,phases    ] GC(12)   Pre Evacuate Collection Set: 0.0ms
[2023-08-21T06:48:50.335+0000][gc,phases    ] GC(12)   Evacuate Collection Set: 14.5ms
[2023-08-21T06:48:50.335+0000][gc,phases    ] GC(12)   Post Evacuate Collection Set: 1.4ms
[2023-08-21T06:48:50.335+0000][gc,phases    ] GC(12)   Other: 0.4ms
[2023-08-21T06:48:50.335+0000][gc,heap      ] GC(12) Eden regions: 320->0(129)
[2023-08-21T06:48:50.335+0000][gc,heap      ] GC(12) Survivor regions: 5->15(41)
[2023-08-21T06:48:50.335+0000][gc,heap      ] GC(12) Old regions: 43->43
[2023-08-21T06:48:50.335+0000][gc,heap      ] GC(12) Humongous regions: 141->140
[2023-08-21T06:48:50.335+0000][gc,metaspace ] GC(12) Metaspace: 82222K(85632K)->82222K(85632K) NonClass: 72651K(74496K)->72651K(74496K) Class: 9570K(11136K)->9570K(11136K)
[2023-08-21T06:48:50.335+0000][gc           ] GC(12) Pause Young (Normal) (G1 Evacuation Pause) 508M->197M(1024M) 16.413ms
[2023-08-21T06:48:50.335+0000][gc,cpu       ] GC(12) User=0.08s Sys=0.01s Real=0.02s
[2023-08-21T06:48:51.085+0000][gc,start     ] GC(13) Pause Young (Normal) (G1 Evacuation Pause)
[2023-08-21T06:48:51.085+0000][gc,task      ] GC(13) Using 8 workers of 8 for evacuation
[2023-08-21T06:48:51.125+0000][gc,mmu       ] GC(13) MMU target violated: 21.0ms (20.0ms/21.0ms)
[2023-08-21T06:48:51.125+0000][gc,phases    ] GC(13)   Pre Evacuate Collection Set: 0.0ms
[2023-08-21T06:48:51.125+0000][gc,phases    ] GC(13)   Evacuate Collection Set: 31.3ms
[2023-08-21T06:48:51.125+0000][gc,phases    ] GC(13)   Post Evacuate Collection Set: 8.1ms
[2023-08-21T06:48:51.125+0000][gc,phases    ] GC(13)   Other: 0.4ms
[2023-08-21T06:48:51.125+0000][gc,heap      ] GC(13) Eden regions: 129->0(115)
[2023-08-21T06:48:51.125+0000][gc,heap      ] GC(13) Survivor regions: 15->5(18)
[2023-08-21T06:48:51.125+0000][gc,heap      ] GC(13) Old regions: 43->57
[2023-08-21T06:48:51.125+0000][gc,heap      ] GC(13) Humongous regions: 140->140
[2023-08-21T06:48:51.125+0000][gc,metaspace ] GC(13) Metaspace: 89810K(93440K)->89810K(93440K) NonClass: 79238K(81152K)->79238K(81152K) Class: 10572K(12288K)->10572K(12288K)
[2023-08-21T06:48:51.125+0000][gc           ] GC(13) Pause Young (Normal) (G1 Evacuation Pause) 326M->201M(1024M) 39.960ms
[2023-08-21T06:48:51.125+0000][gc,cpu       ] GC(13) User=0.12s Sys=0.02s Real=0.04s
[2023-08-21T06:48:51.859+0000][gc,start     ] GC(14) Pause Young (Concurrent Start) (Metadata GC Threshold)
[2023-08-21T06:48:51.859+0000][gc,task      ] GC(14) Using 8 workers of 8 for evacuation
[2023-08-21T06:48:51.896+0000][gc,mmu       ] GC(14) MMU target violated: 21.0ms (20.0ms/21.0ms)
[2023-08-21T06:48:51.896+0000][gc,phases    ] GC(14)   Pre Evacuate Collection Set: 0.3ms
[2023-08-21T06:48:51.896+0000][gc,phases    ] GC(14)   Evacuate Collection Set: 23.0ms
[2023-08-21T06:48:51.896+0000][gc,phases    ] GC(14)   Post Evacuate Collection Set: 12.8ms
[2023-08-21T06:48:51.896+0000][gc,phases    ] GC(14)   Other: 0.5ms
[2023-08-21T06:48:51.896+0000][gc,heap      ] GC(14) Eden regions: 68->0(73)
[2023-08-21T06:48:51.896+0000][gc,heap      ] GC(14) Survivor regions: 5->7(15)
[2023-08-21T06:48:51.896+0000][gc,heap      ] GC(14) Old regions: 57->57
[2023-08-21T06:48:51.896+0000][gc,heap      ] GC(14) Humongous regions: 140->140
[2023-08-21T06:48:51.896+0000][gc,metaspace ] GC(14) Metaspace: 94473K(98304K)->94473K(98304K) NonClass: 83244K(85248K)->83244K(85248K) Class: 11228K(13056K)->11228K(13056K)
[2023-08-21T06:48:51.896+0000][gc           ] GC(14) Pause Young (Concurrent Start) (Metadata GC Threshold) 269M->203M(1024M) 36.643ms
[2023-08-21T06:48:51.896+0000][gc,cpu       ] GC(14) User=0.06s Sys=0.00s Real=0.03s
[2023-08-21T06:48:51.896+0000][gc           ] GC(15) Concurrent Cycle
[2023-08-21T06:48:51.896+0000][gc,marking   ] GC(15) Concurrent Clear Claimed Marks
[2023-08-21T06:48:51.897+0000][gc,marking   ] GC(15) Concurrent Clear Claimed Marks 0.326ms
[2023-08-21T06:48:51.897+0000][gc,marking   ] GC(15) Concurrent Scan Root Regions
[2023-08-21T06:48:51.900+0000][gc,marking   ] GC(15) Concurrent Scan Root Regions 3.772ms
[2023-08-21T06:48:51.900+0000][gc,marking   ] GC(15) Concurrent Mark (7.737s)
[2023-08-21T06:48:51.900+0000][gc,marking   ] GC(15) Concurrent Mark From Roots
[2023-08-21T06:48:51.900+0000][gc,task      ] GC(15) Using 2 workers of 2 for marking
[2023-08-21T06:48:52.006+0000][gc,marking   ] GC(15) Concurrent Mark From Roots 105.278ms
[2023-08-21T06:48:52.006+0000][gc,marking   ] GC(15) Concurrent Preclean
[2023-08-21T06:48:52.006+0000][gc,marking   ] GC(15) Concurrent Preclean 0.493ms
[2023-08-21T06:48:52.006+0000][gc,marking   ] GC(15) Concurrent Mark (7.737s, 7.842s) 105.855ms
[2023-08-21T06:48:52.007+0000][gc,start     ] GC(15) Pause Remark
[2023-08-21T06:48:52.030+0000][gc,stringtable] GC(15) Cleaned string and symbol table, strings: 33142 processed, 64 removed, symbols: 248546 processed, 240 removed
[2023-08-21T06:48:52.033+0000][gc,mmu        ] GC(15) MMU target violated: 21.0ms (20.0ms/21.0ms)
[2023-08-21T06:48:52.033+0000][gc            ] GC(15) Pause Remark 215M->215M(1024M) 25.185ms
[2023-08-21T06:48:52.033+0000][gc,cpu        ] GC(15) User=0.08s Sys=0.01s Real=0.03s
[2023-08-21T06:48:52.034+0000][gc,marking    ] GC(15) Concurrent Rebuild Remembered Sets
[2023-08-21T06:48:52.064+0000][gc,marking    ] GC(15) Concurrent Rebuild Remembered Sets 29.817ms
[2023-08-21T06:48:52.065+0000][gc,start      ] GC(15) Pause Cleanup
[2023-08-21T06:48:52.065+0000][gc            ] GC(15) Pause Cleanup 220M->220M(1024M) 0.373ms
[2023-08-21T06:48:52.065+0000][gc,cpu        ] GC(15) User=0.01s Sys=0.00s Real=0.00s
[2023-08-21T06:48:52.065+0000][gc,marking    ] GC(15) Concurrent Cleanup for Next Mark
[2023-08-21T06:48:52.079+0000][gc,marking    ] GC(15) Concurrent Cleanup for Next Mark 14.141ms
[2023-08-21T06:48:52.079+0000][gc            ] GC(15) Concurrent Cycle 183.035ms
[2023-08-21T06:48:52.157+0000][gc,start      ] GC(16) Pause Young (Normal) (G1 Evacuation Pause)
[2023-08-21T06:48:52.157+0000][gc,task       ] GC(16) Using 8 workers of 8 for evacuation
[2023-08-21T06:48:52.169+0000][gc,phases     ] GC(16)   Pre Evacuate Collection Set: 0.1ms
[2023-08-21T06:48:52.169+0000][gc,phases     ] GC(16)   Evacuate Collection Set: 10.9ms
[2023-08-21T06:48:52.169+0000][gc,phases     ] GC(16)   Post Evacuate Collection Set: 0.7ms
[2023-08-21T06:48:52.169+0000][gc,phases     ] GC(16)   Other: 0.3ms
[2023-08-21T06:48:52.169+0000][gc,heap       ] GC(16) Eden regions: 44->0(97)
[2023-08-21T06:48:52.169+0000][gc,heap       ] GC(16) Survivor regions: 7->3(7)
[2023-08-21T06:48:52.169+0000][gc,heap       ] GC(16) Old regions: 57->62
[2023-08-21T06:48:52.169+0000][gc,heap       ] GC(16) Humongous regions: 140->140
[2023-08-21T06:48:52.169+0000][gc,metaspace  ] GC(16) Metaspace: 94497K(98688K)->94497K(98688K) NonClass: 83264K(85504K)->83264K(85504K) Class: 11233K(13184K)->11233K(13184K)
[2023-08-21T06:48:52.169+0000][gc            ] GC(16) Pause Young (Normal) (G1 Evacuation Pause) 247M->203M(1024M) 12.009ms
[2023-08-21T06:48:52.169+0000][gc,cpu        ] GC(16) User=0.05s Sys=0.00s Real=0.01s
[2023-08-21T06:48:52.777+0000][gc,start      ] GC(17) Pause Young (Normal) (G1 Evacuation Pause)
[2023-08-21T06:48:52.777+0000][gc,task       ] GC(17) Using 8 workers of 8 for evacuation
[2023-08-21T06:48:52.790+0000][gc,phases     ] GC(17)   Pre Evacuate Collection Set: 0.0ms
[2023-08-21T06:48:52.790+0000][gc,phases     ] GC(17)   Evacuate Collection Set: 9.7ms
[2023-08-21T06:48:52.790+0000][gc,phases     ] GC(17)   Post Evacuate Collection Set: 3.5ms
[2023-08-21T06:48:52.790+0000][gc,phases     ] GC(17)   Other: 0.2ms
[2023-08-21T06:48:52.790+0000][gc,heap       ] GC(17) Eden regions: 97->0(123)
[2023-08-21T06:48:52.790+0000][gc,heap       ] GC(17) Survivor regions: 3->5(13)
[2023-08-21T06:48:52.790+0000][gc,heap       ] GC(17) Old regions: 62->62
[2023-08-21T06:48:52.790+0000][gc,heap       ] GC(17) Humongous regions: 140->140
[2023-08-21T06:48:52.790+0000][gc,metaspace  ] GC(17) Metaspace: 96481K(100736K)->96481K(100736K) NonClass: 84912K(87296K)->84912K(87296K) Class: 11569K(13440K)->11569K(13440K)
[2023-08-21T06:48:52.790+0000][gc            ] GC(17) Pause Young (Normal) (G1 Evacuation Pause) 300M->205M(1024M) 13.491ms
[2023-08-21T06:48:52.790+0000][gc,cpu        ] GC(17) User=0.04s Sys=0.00s Real=0.01s
[2023-08-21T06:48:53.600+0000][gc,start      ] GC(18) Pause Young (Normal) (G1 Evacuation Pause)
[2023-08-21T06:48:53.600+0000][gc,task       ] GC(18) Using 8 workers of 8 for evacuation
[2023-08-21T06:48:53.624+0000][gc,mmu        ] GC(18) MMU target violated: 21.0ms (20.0ms/21.0ms)
[2023-08-21T06:48:53.624+0000][gc,phases     ] GC(18)   Pre Evacuate Collection Set: 0.1ms
[2023-08-21T06:48:53.624+0000][gc,phases     ] GC(18)   Evacuate Collection Set: 22.7ms
[2023-08-21T06:48:53.624+0000][gc,phases     ] GC(18)   Post Evacuate Collection Set: 0.5ms
[2023-08-21T06:48:53.624+0000][gc,phases     ] GC(18)   Other: 0.3ms
[2023-08-21T06:48:53.624+0000][gc,heap       ] GC(18) Eden regions: 123->0(126)
[2023-08-21T06:48:53.624+0000][gc,heap       ] GC(18) Survivor regions: 5->10(16)
[2023-08-21T06:48:53.624+0000][gc,heap       ] GC(18) Old regions: 62->62
[2023-08-21T06:48:53.624+0000][gc,heap       ] GC(18) Humongous regions: 140->140
[2023-08-21T06:48:53.624+0000][gc,metaspace  ] GC(18) Metaspace: 99134K(103296K)->99134K(103296K) NonClass: 87270K(89600K)->87270K(89600K) Class: 11864K(13696K)->11864K(13696K)
[2023-08-21T06:48:53.624+0000][gc            ] GC(18) Pause Young (Normal) (G1 Evacuation Pause) 328M->211M(1024M) 23.641ms
[2023-08-21T06:48:53.624+0000][gc,cpu        ] GC(18) User=0.10s Sys=0.00s Real=0.02s
[2023-08-21T06:49:09.038+0000][gc,start      ] GC(19) Pause Young (Normal) (G1 Evacuation Pause)
[2023-08-21T06:49:09.038+0000][gc,task       ] GC(19) Using 8 workers of 8 for evacuation
[2023-08-21T06:49:09.048+0000][gc,phases     ] GC(19)   Pre Evacuate Collection Set: 0.0ms
[2023-08-21T06:49:09.048+0000][gc,phases     ] GC(19)   Evacuate Collection Set: 9.5ms
[2023-08-21T06:49:09.048+0000][gc,phases     ] GC(19)   Post Evacuate Collection Set: 0.7ms
[2023-08-21T06:49:09.048+0000][gc,phases     ] GC(19)   Other: 0.2ms
[2023-08-21T06:49:09.048+0000][gc,heap       ] GC(19) Eden regions: 126->0(128)
[2023-08-21T06:49:09.048+0000][gc,heap       ] GC(19) Survivor regions: 10->17(17)
[2023-08-21T06:49:09.048+0000][gc,heap       ] GC(19) Old regions: 62->63
[2023-08-21T06:49:09.048+0000][gc,heap       ] GC(19) Humongous regions: 140->140
[2023-08-21T06:49:09.048+0000][gc,metaspace  ] GC(19) Metaspace: 104513K(108800K)->104513K(108800K) NonClass: 91884K(94208K)->91884K(94208K) Class: 12628K(14592K)->12628K(14592K)
[2023-08-21T06:49:09.048+0000][gc            ] GC(19) Pause Young (Normal) (G1 Evacuation Pause) 337M->219M(1024M) 10.507ms
[2023-08-21T06:49:09.049+0000][gc,cpu        ] GC(19) User=0.08s Sys=0.00s Real=0.01s
[2023-08-21T06:49:19.783+0000][gc,start      ] GC(20) Pause Young (Normal) (G1 Evacuation Pause)
[2023-08-21T06:49:19.783+0000][gc,task       ] GC(20) Using 8 workers of 8 for evacuation
[2023-08-21T06:49:19.801+0000][gc,phases     ] GC(20)   Pre Evacuate Collection Set: 0.0ms
[2023-08-21T06:49:19.801+0000][gc,phases     ] GC(20)   Evacuate Collection Set: 16.8ms
[2023-08-21T06:49:19.801+0000][gc,phases     ] GC(20)   Post Evacuate Collection Set: 0.7ms
[2023-08-21T06:49:19.801+0000][gc,phases     ] GC(20)   Other: 0.3ms
[2023-08-21T06:49:19.801+0000][gc,heap       ] GC(20) Eden regions: 118->0(127)
[2023-08-21T06:49:19.801+0000][gc,heap       ] GC(20) Survivor regions: 17->13(17)
[2023-08-21T06:49:19.801+0000][gc,heap       ] GC(20) Old regions: 63->71
[2023-08-21T06:49:19.801+0000][gc,heap       ] GC(20) Humongous regions: 140->140
[2023-08-21T06:49:19.801+0000][gc,metaspace  ] GC(20) Metaspace: 108513K(113408K)->108513K(113408K) NonClass: 95355K(98048K)->95355K(98048K) Class: 13158K(15360K)->13158K(15360K)
[2023-08-21T06:49:19.801+0000][gc            ] GC(20) Pause Young (Normal) (G1 Evacuation Pause) 337M->223M(1024M) 17.970ms
[2023-08-21T06:49:19.801+0000][gc,cpu        ] GC(20) User=0.08s Sys=0.01s Real=0.02s
[2023-08-21T06:49:23.122+0000][gc,start      ] GC(21) Pause Young (Normal) (G1 Evacuation Pause)
[2023-08-21T06:49:23.122+0000][gc,task       ] GC(21) Using 8 workers of 8 for evacuation
[2023-08-21T06:49:23.134+0000][gc,phases     ] GC(21)   Pre Evacuate Collection Set: 0.0ms
[2023-08-21T06:49:23.134+0000][gc,phases     ] GC(21)   Evacuate Collection Set: 11.2ms
[2023-08-21T06:49:23.134+0000][gc,phases     ] GC(21)   Post Evacuate Collection Set: 0.7ms
[2023-08-21T06:49:23.134+0000][gc,phases     ] GC(21)   Other: 0.3ms
[2023-08-21T06:49:23.134+0000][gc,heap       ] GC(21) Eden regions: 50->0(165)
[2023-08-21T06:49:23.134+0000][gc,heap       ] GC(21) Survivor regions: 13->3(8)
[2023-08-21T06:49:23.134+0000][gc,heap       ] GC(21) Old regions: 71->83
[2023-08-21T06:49:23.134+0000][gc,heap       ] GC(21) Humongous regions: 140->140
[2023-08-21T06:49:23.134+0000][gc,metaspace  ] GC(21) Metaspace: 109852K(114944K)->109852K(114944K) NonClass: 96516K(99328K)->96516K(99328K) Class: 13336K(15616K)->13336K(15616K)
[2023-08-21T06:49:23.134+0000][gc            ] GC(21) Pause Young (Normal) (G1 Evacuation Pause) 273M->225M(1024M) 12.283ms
[2023-08-21T06:49:23.134+0000][gc,cpu        ] GC(21) User=0.07s Sys=0.01s Real=0.01s
[2023-08-21T06:49:49.927+0000][gc,start      ] GC(22) Pause Young (Normal) (G1 Evacuation Pause)
[2023-08-21T06:49:49.927+0000][gc,task       ] GC(22) Using 8 workers of 8 for evacuation
[2023-08-21T06:49:49.940+0000][gc,phases     ] GC(22)   Pre Evacuate Collection Set: 0.1ms
[2023-08-21T06:49:49.940+0000][gc,phases     ] GC(22)   Evacuate Collection Set: 12.1ms
[2023-08-21T06:49:49.940+0000][gc,phases     ] GC(22)   Post Evacuate Collection Set: 0.7ms
[2023-08-21T06:49:49.940+0000][gc,phases     ] GC(22)   Other: 0.3ms
[2023-08-21T06:49:49.940+0000][gc,heap       ] GC(22) Eden regions: 142->0(154)
[2023-08-21T06:49:49.940+0000][gc,heap       ] GC(22) Survivor regions: 3->8(19)
[2023-08-21T06:49:49.940+0000][gc,heap       ] GC(22) Old regions: 83->83
[2023-08-21T06:49:49.940+0000][gc,heap       ] GC(22) Humongous regions: 140->140
[2023-08-21T06:49:49.940+0000][gc,metaspace  ] GC(22) Metaspace: 112897K(118016K)->112897K(118016K) NonClass: 99299K(102144K)->99299K(102144K) Class: 13597K(15872K)->13597K(15872K)
[2023-08-21T06:49:49.940+0000][gc            ] GC(22) Pause Young (Normal) (G1 Evacuation Pause) 367M->230M(1024M) 13.291ms
[2023-08-21T06:49:49.940+0000][gc,cpu        ] GC(22) User=0.07s Sys=0.00s Real=0.02s
[2023-08-21T06:50:22.142+0000][gc,start      ] GC(23) Pause Young (Normal) (G1 Evacuation Pause)
[2023-08-21T06:50:22.142+0000][gc,task       ] GC(23) Using 8 workers of 8 for evacuation
[2023-08-21T06:50:22.154+0000][gc,phases     ] GC(23)   Pre Evacuate Collection Set: 0.0ms
[2023-08-21T06:50:22.154+0000][gc,phases     ] GC(23)   Evacuate Collection Set: 10.7ms
[2023-08-21T06:50:22.154+0000][gc,phases     ] GC(23)   Post Evacuate Collection Set: 0.9ms
[2023-08-21T06:50:22.155+0000][gc,phases     ] GC(23)   Other: 0.4ms
[2023-08-21T06:50:22.155+0000][gc,heap       ] GC(23) Eden regions: 132->0(164)
[2023-08-21T06:50:22.155+0000][gc,heap       ] GC(23) Survivor regions: 8->9(18)
[2023-08-21T06:50:22.155+0000][gc,heap       ] GC(23) Old regions: 83->83
[2023-08-21T06:50:22.155+0000][gc,heap       ] GC(23) Humongous regions: 140->140
[2023-08-21T06:50:22.155+0000][gc,metaspace  ] GC(23) Metaspace: 113734K(118912K)->113734K(118912K) NonClass: 100071K(102912K)->100071K(102912K) Class: 13663K(16000K)->13663K(16000K)
[2023-08-21T06:50:22.155+0000][gc            ] GC(23) Pause Young (Normal) (G1 Evacuation Pause) 362M->231M(1024M) 12.155ms
[2023-08-21T06:50:22.155+0000][gc,cpu        ] GC(23) User=0.06s Sys=0.00s Real=0.01s
[2023-08-21T06:51:04.704+0000][gc,start      ] GC(24) Pause Young (Normal) (G1 Evacuation Pause)
[2023-08-21T06:51:04.704+0000][gc,task       ] GC(24) Using 8 workers of 8 for evacuation
[2023-08-21T06:51:04.713+0000][gc,phases     ] GC(24)   Pre Evacuate Collection Set: 0.0ms
[2023-08-21T06:51:04.713+0000][gc,phases     ] GC(24)   Evacuate Collection Set: 8.8ms
[2023-08-21T06:51:04.713+0000][gc,phases     ] GC(24)   Post Evacuate Collection Set: 0.6ms
[2023-08-21T06:51:04.713+0000][gc,phases     ] GC(24)   Other: 0.3ms
[2023-08-21T06:51:04.713+0000][gc,heap       ] GC(24) Eden regions: 164->0(177)
[2023-08-21T06:51:04.713+0000][gc,heap       ] GC(24) Survivor regions: 9->11(22)
[2023-08-21T06:51:04.713+0000][gc,heap       ] GC(24) Old regions: 83->83
[2023-08-21T06:51:04.713+0000][gc,heap       ] GC(24) Humongous regions: 140->140
[2023-08-21T06:51:04.713+0000][gc,metaspace  ] GC(24) Metaspace: 114260K(119680K)->114260K(119680K) NonClass: 100592K(103680K)->100592K(103680K) Class: 13667K(16000K)->13667K(16000K)
[2023-08-21T06:51:04.713+0000][gc            ] GC(24) Pause Young (Normal) (G1 Evacuation Pause) 395M->233M(1024M) 9.753ms
[2023-08-21T06:51:04.713+0000][gc,cpu        ] GC(24) User=0.07s Sys=0.00s Real=0.01s
[2023-08-21T06:51:51.361+0000][gc,start      ] GC(25) Pause Young (Normal) (G1 Evacuation Pause)
[2023-08-21T06:51:51.361+0000][gc,task       ] GC(25) Using 8 workers of 8 for evacuation
[2023-08-21T06:51:51.372+0000][gc,phases     ] GC(25)   Pre Evacuate Collection Set: 0.0ms
[2023-08-21T06:51:51.372+0000][gc,phases     ] GC(25)   Evacuate Collection Set: 10.3ms
[2023-08-21T06:51:51.372+0000][gc,phases     ] GC(25)   Post Evacuate Collection Set: 0.6ms
[2023-08-21T06:51:51.372+0000][gc,phases     ] GC(25)   Other: 0.3ms
[2023-08-21T06:51:51.372+0000][gc,heap       ] GC(25) Eden regions: 177->0(192)
[2023-08-21T06:51:51.372+0000][gc,heap       ] GC(25) Survivor regions: 11->14(24)
[2023-08-21T06:51:51.372+0000][gc,heap       ] GC(25) Old regions: 83->83
[2023-08-21T06:51:51.372+0000][gc,heap       ] GC(25) Humongous regions: 140->140
[2023-08-21T06:51:51.372+0000][gc,metaspace  ] GC(25) Metaspace: 114462K(119936K)->114462K(119936K) NonClass: 100794K(103936K)->100794K(103936K) Class: 13667K(16000K)->13667K(16000K)
[2023-08-21T06:51:51.372+0000][gc            ] GC(25) Pause Young (Normal) (G1 Evacuation Pause) 410M->236M(1024M) 11.214ms
[2023-08-21T06:51:51.372+0000][gc,cpu        ] GC(25) User=0.08s Sys=0.00s Real=0.01s
[2023-08-21T06:52:41.217+0000][gc,start      ] GC(26) Pause Young (Normal) (G1 Evacuation Pause)
[2023-08-21T06:52:41.217+0000][gc,task       ] GC(26) Using 8 workers of 8 for evacuation
[2023-08-21T06:52:41.229+0000][gc,phases     ] GC(26)   Pre Evacuate Collection Set: 0.0ms
[2023-08-21T06:52:41.229+0000][gc,phases     ] GC(26)   Evacuate Collection Set: 10.9ms
[2023-08-21T06:52:41.229+0000][gc,phases     ] GC(26)   Post Evacuate Collection Set: 0.6ms
[2023-08-21T06:52:41.229+0000][gc,phases     ] GC(26)   Other: 0.3ms
[2023-08-21T06:52:41.229+0000][gc,heap       ] GC(26) Eden regions: 192->0(206)
[2023-08-21T06:52:41.229+0000][gc,heap       ] GC(26) Survivor regions: 14->17(26)
[2023-08-21T06:52:41.229+0000][gc,heap       ] GC(26) Old regions: 83->83
[2023-08-21T06:52:41.229+0000][gc,heap       ] GC(26) Humongous regions: 140->140
[2023-08-21T06:52:41.229+0000][gc,metaspace  ] GC(26) Metaspace: 114755K(120192K)->114755K(120192K) NonClass: 101087K(104192K)->101087K(104192K) Class: 13667K(16000K)->13667K(16000K)
[2023-08-21T06:52:41.229+0000][gc            ] GC(26) Pause Young (Normal) (G1 Evacuation Pause) 428M->239M(1024M) 11.896ms
[2023-08-21T06:52:41.229+0000][gc,cpu        ] GC(26) User=0.09s Sys=0.00s Real=0.01s
[2023-08-21T06:53:38.947+0000][gc,start      ] GC(27) Pause Young (Normal) (G1 Evacuation Pause)
[2023-08-21T06:53:38.947+0000][gc,task       ] GC(27) Using 8 workers of 8 for evacuation
[2023-08-21T06:53:38.960+0000][gc,phases     ] GC(27)   Pre Evacuate Collection Set: 0.0ms
[2023-08-21T06:53:38.960+0000][gc,phases     ] GC(27)   Evacuate Collection Set: 11.8ms
[2023-08-21T06:53:38.960+0000][gc,phases     ] GC(27)   Post Evacuate Collection Set: 0.6ms
[2023-08-21T06:53:38.960+0000][gc,phases     ] GC(27)   Other: 0.3ms
[2023-08-21T06:53:38.960+0000][gc,heap       ] GC(27) Eden regions: 206->0(221)
[2023-08-21T06:53:38.960+0000][gc,heap       ] GC(27) Survivor regions: 17->17(28)
[2023-08-21T06:53:38.960+0000][gc,heap       ] GC(27) Old regions: 83->85
[2023-08-21T06:53:38.960+0000][gc,heap       ] GC(27) Humongous regions: 140->140
[2023-08-21T06:53:38.960+0000][gc,metaspace  ] GC(27) Metaspace: 114864K(120192K)->114864K(120192K) NonClass: 101196K(104192K)->101196K(104192K) Class: 13667K(16000K)->13667K(16000K)
[2023-08-21T06:53:38.960+0000][gc            ] GC(27) Pause Young (Normal) (G1 Evacuation Pause) 445M->241M(1024M) 12.770ms
[2023-08-21T06:53:38.960+0000][gc,cpu        ] GC(27) User=0.09s Sys=0.00s Real=0.02s
[2023-08-21T06:54:45.218+0000][gc,start      ] GC(28) Pause Young (Normal) (G1 Evacuation Pause)
[2023-08-21T06:54:45.218+0000][gc,task       ] GC(28) Using 8 workers of 8 for evacuation
[2023-08-21T06:54:45.231+0000][gc,phases     ] GC(28)   Pre Evacuate Collection Set: 0.0ms
[2023-08-21T06:54:45.231+0000][gc,phases     ] GC(28)   Evacuate Collection Set: 12.1ms
[2023-08-21T06:54:45.231+0000][gc,phases     ] GC(28)   Post Evacuate Collection Set: 0.6ms
[2023-08-21T06:54:45.231+0000][gc,phases     ] GC(28)   Other: 0.3ms
[2023-08-21T06:54:45.231+0000][gc,heap       ] GC(28) Eden regions: 221->0(242)
[2023-08-21T06:54:45.231+0000][gc,heap       ] GC(28) Survivor regions: 17->17(30)
[2023-08-21T06:54:45.231+0000][gc,heap       ] GC(28) Old regions: 85->89
[2023-08-21T06:54:45.231+0000][gc,heap       ] GC(28) Humongous regions: 140->140
[2023-08-21T06:54:45.231+0000][gc,metaspace  ] GC(28) Metaspace: 114959K(120448K)->114959K(120448K) NonClass: 101288K(104448K)->101288K(104448K) Class: 13671K(16000K)->13671K(16000K)
[2023-08-21T06:54:45.231+0000][gc            ] GC(28) Pause Young (Normal) (G1 Evacuation Pause) 462M->244M(1024M) 13.134ms
[2023-08-21T06:54:45.231+0000][gc,cpu        ] GC(28) User=0.10s Sys=0.00s Real=0.02s
[2023-08-21T06:55:38.134+0000][gc,start      ] GC(29) Pause Young (Normal) (G1 Evacuation Pause)
[2023-08-21T06:55:38.134+0000][gc,task       ] GC(29) Using 8 workers of 8 for evacuation
[2023-08-21T06:55:38.146+0000][gc,phases     ] GC(29)   Pre Evacuate Collection Set: 0.0ms
[2023-08-21T06:55:38.146+0000][gc,phases     ] GC(29)   Evacuate Collection Set: 11.2ms
[2023-08-21T06:55:38.146+0000][gc,phases     ] GC(29)   Post Evacuate Collection Set: 0.6ms
[2023-08-21T06:55:38.146+0000][gc,phases     ] GC(29)   Other: 0.3ms
[2023-08-21T06:55:38.146+0000][gc,heap       ] GC(29) Eden regions: 242->0(266)
[2023-08-21T06:55:38.146+0000][gc,heap       ] GC(29) Survivor regions: 17->20(33)
[2023-08-21T06:55:38.146+0000][gc,heap       ] GC(29) Old regions: 89->89
[2023-08-21T06:55:38.146+0000][gc,heap       ] GC(29) Humongous regions: 140->140
[2023-08-21T06:55:38.146+0000][gc,metaspace  ] GC(29) Metaspace: 115030K(120448K)->115030K(120448K) NonClass: 101359K(104448K)->101359K(104448K) Class: 13671K(16000K)->13671K(16000K)
[2023-08-21T06:55:38.146+0000][gc            ] GC(29) Pause Young (Normal) (G1 Evacuation Pause) 486M->248M(1024M) 12.109ms
[2023-08-21T06:55:38.146+0000][gc,cpu        ] GC(29) User=0.09s Sys=0.00s Real=0.01s
