[2023-08-11T10:41:48.702+0000][gc,heap] Heap region size: 1M
[2023-08-11T10:41:48.713+0000][gc     ] Using G1
[2023-08-11T10:41:48.713+0000][gc,heap,coops] Heap address: 0x00000000c0000000, size: 1024 MB, Compressed Oops mode: 32-bit
[2023-08-11T10:41:49.491+0000][gc,start     ] GC(0) Pause Young (Normal) (G1 Evacuation Pause)
[2023-08-11T10:41:49.491+0000][gc,task      ] GC(0) Using 8 workers of 8 for evacuation
[2023-08-11T10:41:49.499+0000][gc,phases    ] GC(0)   Pre Evacuate Collection Set: 0.0ms
[2023-08-11T10:41:49.499+0000][gc,phases    ] GC(0)   Evacuate Collection Set: 7.1ms
[2023-08-11T10:41:49.499+0000][gc,phases    ] GC(0)   Post Evacuate Collection Set: 0.7ms
[2023-08-11T10:41:49.499+0000][gc,phases    ] GC(0)   Other: 0.8ms
[2023-08-11T10:41:49.499+0000][gc,heap      ] GC(0) Eden regions: 51->0(44)
[2023-08-11T10:41:49.499+0000][gc,heap      ] GC(0) Survivor regions: 0->7(7)
[2023-08-11T10:41:49.499+0000][gc,heap      ] GC(0) Old regions: 0->25
[2023-08-11T10:41:49.499+0000][gc,heap      ] GC(0) Humongous regions: 2->2
[2023-08-11T10:41:49.499+0000][gc,metaspace ] GC(0) Metaspace: 12469K(12928K)->12469K(12928K) NonClass: 11276K(11520K)->11276K(11520K) Class: 1193K(1408K)->1193K(1408K)
[2023-08-11T10:41:49.499+0000][gc           ] GC(0) Pause Young (Normal) (G1 Evacuation Pause) 53M->33M(1024M) 8.717ms
[2023-08-11T10:41:49.499+0000][gc,cpu       ] GC(0) User=0.04s Sys=0.02s Real=0.02s
[2023-08-11T10:41:49.993+0000][gc,start     ] GC(1) Pause Young (Normal) (G1 Evacuation Pause)
[2023-08-11T10:41:49.993+0000][gc,task      ] GC(1) Using 8 workers of 8 for evacuation
[2023-08-11T10:41:50.001+0000][gc,phases    ] GC(1)   Pre Evacuate Collection Set: 0.0ms
[2023-08-11T10:41:50.001+0000][gc,phases    ] GC(1)   Evacuate Collection Set: 6.8ms
[2023-08-11T10:41:50.001+0000][gc,phases    ] GC(1)   Post Evacuate Collection Set: 0.4ms
[2023-08-11T10:41:50.001+0000][gc,phases    ] GC(1)   Other: 0.2ms
[2023-08-11T10:41:50.001+0000][gc,heap      ] GC(1) Eden regions: 44->0(49)
[2023-08-11T10:41:50.001+0000][gc,heap      ] GC(1) Survivor regions: 7->2(7)
[2023-08-11T10:41:50.001+0000][gc,heap      ] GC(1) Old regions: 25->32
[2023-08-11T10:41:50.001+0000][gc,heap      ] GC(1) Humongous regions: 2->2
[2023-08-11T10:41:50.001+0000][gc,metaspace ] GC(1) Metaspace: 19772K(20736K)->19772K(20736K) NonClass: 17731K(18432K)->17731K(18432K) Class: 2041K(2304K)->2041K(2304K)
[2023-08-11T10:41:50.001+0000][gc           ] GC(1) Pause Young (Normal) (G1 Evacuation Pause) 77M->34M(1024M) 7.473ms
[2023-08-11T10:41:50.001+0000][gc,cpu       ] GC(1) User=0.03s Sys=0.01s Real=0.01s
[2023-08-11T10:41:50.403+0000][gc,start     ] GC(2) Pause Young (Normal) (G1 Evacuation Pause)
[2023-08-11T10:41:50.403+0000][gc,task      ] GC(2) Using 8 workers of 8 for evacuation
[2023-08-11T10:41:50.407+0000][gc,phases    ] GC(2)   Pre Evacuate Collection Set: 0.0ms
[2023-08-11T10:41:50.407+0000][gc,phases    ] GC(2)   Evacuate Collection Set: 3.9ms
[2023-08-11T10:41:50.407+0000][gc,phases    ] GC(2)   Post Evacuate Collection Set: 0.4ms
[2023-08-11T10:41:50.407+0000][gc,phases    ] GC(2)   Other: 0.2ms
[2023-08-11T10:41:50.407+0000][gc,heap      ] GC(2) Eden regions: 49->0(48)
[2023-08-11T10:41:50.407+0000][gc,heap      ] GC(2) Survivor regions: 2->3(7)
[2023-08-11T10:41:50.407+0000][gc,heap      ] GC(2) Old regions: 32->32
[2023-08-11T10:41:50.407+0000][gc,heap      ] GC(2) Humongous regions: 2->2
[2023-08-11T10:41:50.407+0000][gc,metaspace ] GC(2) Metaspace: 26710K(27648K)->26710K(27648K) NonClass: 24047K(24832K)->24047K(24832K) Class: 2663K(2816K)->2663K(2816K)
[2023-08-11T10:41:50.407+0000][gc           ] GC(2) Pause Young (Normal) (G1 Evacuation Pause) 83M->35M(1024M) 4.673ms
[2023-08-11T10:41:50.407+0000][gc,cpu       ] GC(2) User=0.03s Sys=0.00s Real=0.00s
[2023-08-11T10:41:50.954+0000][gc,start     ] GC(3) Pause Young (Normal) (G1 Evacuation Pause)
[2023-08-11T10:41:50.954+0000][gc,task      ] GC(3) Using 8 workers of 8 for evacuation
[2023-08-11T10:41:50.957+0000][gc,phases    ] GC(3)   Pre Evacuate Collection Set: 0.0ms
[2023-08-11T10:41:50.957+0000][gc,phases    ] GC(3)   Evacuate Collection Set: 2.8ms
[2023-08-11T10:41:50.957+0000][gc,phases    ] GC(3)   Post Evacuate Collection Set: 0.4ms
[2023-08-11T10:41:50.957+0000][gc,phases    ] GC(3)   Other: 0.2ms
[2023-08-11T10:41:50.957+0000][gc,heap      ] GC(3) Eden regions: 48->0(47)
[2023-08-11T10:41:50.957+0000][gc,heap      ] GC(3) Survivor regions: 3->4(7)
[2023-08-11T10:41:50.957+0000][gc,heap      ] GC(3) Old regions: 32->32
[2023-08-11T10:41:50.957+0000][gc,heap      ] GC(3) Humongous regions: 2->2
[2023-08-11T10:41:50.957+0000][gc,metaspace ] GC(3) Metaspace: 34770K(35968K)->34770K(35968K) NonClass: 31168K(32000K)->31168K(32000K) Class: 3601K(3968K)->3601K(3968K)
[2023-08-11T10:41:50.958+0000][gc           ] GC(3) Pause Young (Normal) (G1 Evacuation Pause) 83M->36M(1024M) 3.551ms
[2023-08-11T10:41:50.958+0000][gc,cpu       ] GC(3) User=0.03s Sys=0.00s Real=0.00s
[2023-08-11T10:41:51.464+0000][gc,start     ] GC(4) Pause Young (Normal) (G1 Evacuation Pause)
[2023-08-11T10:41:51.464+0000][gc,task      ] GC(4) Using 8 workers of 8 for evacuation
[2023-08-11T10:41:51.480+0000][gc,phases    ] GC(4)   Pre Evacuate Collection Set: 0.0ms
[2023-08-11T10:41:51.480+0000][gc,phases    ] GC(4)   Evacuate Collection Set: 12.5ms
[2023-08-11T10:41:51.480+0000][gc,phases    ] GC(4)   Post Evacuate Collection Set: 2.5ms
[2023-08-11T10:41:51.480+0000][gc,phases    ] GC(4)   Other: 0.3ms
[2023-08-11T10:41:51.480+0000][gc,heap      ] GC(4) Eden regions: 47->0(44)
[2023-08-11T10:41:51.480+0000][gc,heap      ] GC(4) Survivor regions: 4->7(7)
[2023-08-11T10:41:51.480+0000][gc,heap      ] GC(4) Old regions: 32->32
[2023-08-11T10:41:51.480+0000][gc,heap      ] GC(4) Humongous regions: 2->2
[2023-08-11T10:41:51.480+0000][gc,metaspace ] GC(4) Metaspace: 40496K(41728K)->40496K(41728K) NonClass: 36140K(36864K)->36140K(36864K) Class: 4355K(4864K)->4355K(4864K)
[2023-08-11T10:41:51.480+0000][gc           ] GC(4) Pause Young (Normal) (G1 Evacuation Pause) 83M->39M(1024M) 15.492ms
[2023-08-11T10:41:51.480+0000][gc,cpu       ] GC(4) User=0.08s Sys=0.00s Real=0.02s
[2023-08-11T10:41:51.978+0000][gc,start     ] GC(5) Pause Young (Normal) (G1 Evacuation Pause)
[2023-08-11T10:41:51.978+0000][gc,task      ] GC(5) Using 8 workers of 8 for evacuation
[2023-08-11T10:41:51.986+0000][gc,phases    ] GC(5)   Pre Evacuate Collection Set: 0.0ms
[2023-08-11T10:41:51.986+0000][gc,phases    ] GC(5)   Evacuate Collection Set: 6.6ms
[2023-08-11T10:41:51.986+0000][gc,phases    ] GC(5)   Post Evacuate Collection Set: 0.5ms
[2023-08-11T10:41:51.986+0000][gc,phases    ] GC(5)   Other: 0.2ms
[2023-08-11T10:41:51.986+0000][gc,heap      ] GC(5) Eden regions: 44->0(46)
[2023-08-11T10:41:51.986+0000][gc,heap      ] GC(5) Survivor regions: 7->5(7)
[2023-08-11T10:41:51.986+0000][gc,heap      ] GC(5) Old regions: 32->35
[2023-08-11T10:41:51.986+0000][gc,heap      ] GC(5) Humongous regions: 11->11
[2023-08-11T10:41:51.986+0000][gc,metaspace ] GC(5) Metaspace: 47570K(49152K)->47570K(49152K) NonClass: 42349K(43264K)->42349K(43264K) Class: 5220K(5888K)->5220K(5888K)
[2023-08-11T10:41:51.986+0000][gc           ] GC(5) Pause Young (Normal) (G1 Evacuation Pause) 92M->50M(1024M) 7.412ms
[2023-08-11T10:41:51.986+0000][gc,cpu       ] GC(5) User=0.04s Sys=0.01s Real=0.01s
[2023-08-11T10:41:52.463+0000][gc,start     ] GC(6) Pause Young (Normal) (G1 Evacuation Pause)
[2023-08-11T10:41:52.463+0000][gc,task      ] GC(6) Using 8 workers of 8 for evacuation
[2023-08-11T10:41:52.471+0000][gc,phases    ] GC(6)   Pre Evacuate Collection Set: 0.0ms
[2023-08-11T10:41:52.471+0000][gc,phases    ] GC(6)   Evacuate Collection Set: 6.7ms
[2023-08-11T10:41:52.471+0000][gc,phases    ] GC(6)   Post Evacuate Collection Set: 1.3ms
[2023-08-11T10:41:52.471+0000][gc,phases    ] GC(6)   Other: 0.2ms
[2023-08-11T10:41:52.471+0000][gc,heap      ] GC(6) Eden regions: 46->0(44)
[2023-08-11T10:41:52.471+0000][gc,heap      ] GC(6) Survivor regions: 5->7(7)
[2023-08-11T10:41:52.471+0000][gc,heap      ] GC(6) Old regions: 35->38
[2023-08-11T10:41:52.471+0000][gc,heap      ] GC(6) Humongous regions: 11->11
[2023-08-11T10:41:52.471+0000][gc,metaspace ] GC(6) Metaspace: 52486K(54400K)->52486K(54400K) NonClass: 46806K(47872K)->46806K(47872K) Class: 5679K(6528K)->5679K(6528K)
[2023-08-11T10:41:52.471+0000][gc           ] GC(6) Pause Young (Normal) (G1 Evacuation Pause) 96M->54M(1024M) 8.312ms
[2023-08-11T10:41:52.471+0000][gc,cpu       ] GC(6) User=0.04s Sys=0.01s Real=0.01s
[2023-08-11T10:41:52.646+0000][gc,start     ] GC(7) Pause Young (Normal) (G1 Evacuation Pause)
[2023-08-11T10:41:52.646+0000][gc,task      ] GC(7) Using 8 workers of 8 for evacuation
[2023-08-11T10:41:52.651+0000][gc,phases    ] GC(7)   Pre Evacuate Collection Set: 0.0ms
[2023-08-11T10:41:52.651+0000][gc,phases    ] GC(7)   Evacuate Collection Set: 4.8ms
[2023-08-11T10:41:52.651+0000][gc,phases    ] GC(7)   Post Evacuate Collection Set: 0.4ms
[2023-08-11T10:41:52.651+0000][gc,phases    ] GC(7)   Other: 0.2ms
[2023-08-11T10:41:52.651+0000][gc,heap      ] GC(7) Eden regions: 44->0(50)
[2023-08-11T10:41:52.651+0000][gc,heap      ] GC(7) Survivor regions: 7->1(7)
[2023-08-11T10:41:52.651+0000][gc,heap      ] GC(7) Old regions: 38->44
[2023-08-11T10:41:52.651+0000][gc,heap      ] GC(7) Humongous regions: 11->11
[2023-08-11T10:41:52.651+0000][gc,metaspace ] GC(7) Metaspace: 54121K(56064K)->54121K(56064K) NonClass: 48270K(49408K)->48270K(49408K) Class: 5850K(6656K)->5850K(6656K)
[2023-08-11T10:41:52.651+0000][gc           ] GC(7) Pause Young (Normal) (G1 Evacuation Pause) 98M->55M(1024M) 5.659ms
[2023-08-11T10:41:52.651+0000][gc,cpu       ] GC(7) User=0.01s Sys=0.01s Real=0.01s
[2023-08-11T10:41:52.879+0000][gc,start     ] GC(8) Pause Young (Normal) (G1 Evacuation Pause)
[2023-08-11T10:41:52.879+0000][gc,task      ] GC(8) Using 8 workers of 8 for evacuation
[2023-08-11T10:41:52.886+0000][gc,phases    ] GC(8)   Pre Evacuate Collection Set: 0.0ms
[2023-08-11T10:41:52.886+0000][gc,phases    ] GC(8)   Evacuate Collection Set: 6.2ms
[2023-08-11T10:41:52.886+0000][gc,phases    ] GC(8)   Post Evacuate Collection Set: 0.4ms
[2023-08-11T10:41:52.886+0000][gc,phases    ] GC(8)   Other: 0.2ms
[2023-08-11T10:41:52.886+0000][gc,heap      ] GC(8) Eden regions: 50->0(53)
[2023-08-11T10:41:52.886+0000][gc,heap      ] GC(8) Survivor regions: 1->1(7)
[2023-08-11T10:41:52.886+0000][gc,heap      ] GC(8) Old regions: 44->44
[2023-08-11T10:41:52.886+0000][gc,heap      ] GC(8) Humongous regions: 11->11
[2023-08-11T10:41:52.886+0000][gc,metaspace ] GC(8) Metaspace: 56241K(58112K)->56241K(58112K) NonClass: 50126K(51200K)->50126K(51200K) Class: 6115K(6912K)->6115K(6912K)
[2023-08-11T10:41:52.886+0000][gc           ] GC(8) Pause Young (Normal) (G1 Evacuation Pause) 105M->55M(1024M) 6.825ms
[2023-08-11T10:41:52.886+0000][gc,cpu       ] GC(8) User=0.03s Sys=0.00s Real=0.00s
[2023-08-11T10:41:53.313+0000][gc,start     ] GC(9) Pause Young (Normal) (G1 Evacuation Pause)
[2023-08-11T10:41:53.313+0000][gc,task      ] GC(9) Using 8 workers of 8 for evacuation
[2023-08-11T10:41:53.334+0000][gc,mmu       ] GC(9) MMU target violated: 20.1ms (20.0ms/21.0ms)
[2023-08-11T10:41:53.334+0000][gc,phases    ] GC(9)   Pre Evacuate Collection Set: 0.0ms
[2023-08-11T10:41:53.334+0000][gc,phases    ] GC(9)   Evacuate Collection Set: 13.2ms
[2023-08-11T10:41:53.334+0000][gc,phases    ] GC(9)   Post Evacuate Collection Set: 6.8ms
[2023-08-11T10:41:53.334+0000][gc,phases    ] GC(9)   Other: 0.3ms
[2023-08-11T10:41:53.334+0000][gc,heap      ] GC(9) Eden regions: 53->0(53)
[2023-08-11T10:41:53.334+0000][gc,heap      ] GC(9) Survivor regions: 1->4(7)
[2023-08-11T10:41:53.334+0000][gc,heap      ] GC(9) Old regions: 44->44
[2023-08-11T10:41:53.334+0000][gc,heap      ] GC(9) Humongous regions: 11->11
[2023-08-11T10:41:53.334+0000][gc,metaspace ] GC(9) Metaspace: 62763K(64768K)->62763K(64768K) NonClass: 55932K(57088K)->55932K(57088K) Class: 6831K(7680K)->6831K(7680K)
[2023-08-11T10:41:53.334+0000][gc           ] GC(9) Pause Young (Normal) (G1 Evacuation Pause) 108M->58M(1024M) 20.412ms
[2023-08-11T10:41:53.334+0000][gc,cpu       ] GC(9) User=0.09s Sys=0.00s Real=0.02s
[2023-08-11T10:41:53.540+0000][gc,start     ] GC(10) Pause Young (Normal) (G1 Evacuation Pause)
[2023-08-11T10:41:53.540+0000][gc,task      ] GC(10) Using 8 workers of 8 for evacuation
[2023-08-11T10:41:53.543+0000][gc,phases    ] GC(10)   Pre Evacuate Collection Set: 0.0ms
[2023-08-11T10:41:53.543+0000][gc,phases    ] GC(10)   Evacuate Collection Set: 2.6ms
[2023-08-11T10:41:53.543+0000][gc,phases    ] GC(10)   Post Evacuate Collection Set: 0.4ms
[2023-08-11T10:41:53.543+0000][gc,phases    ] GC(10)   Other: 0.2ms
[2023-08-11T10:41:53.543+0000][gc,heap      ] GC(10) Eden regions: 53->0(57)
[2023-08-11T10:41:53.543+0000][gc,heap      ] GC(10) Survivor regions: 4->4(8)
[2023-08-11T10:41:53.543+0000][gc,heap      ] GC(10) Old regions: 44->44
[2023-08-11T10:41:53.543+0000][gc,heap      ] GC(10) Humongous regions: 11->11
[2023-08-11T10:41:53.543+0000][gc,metaspace ] GC(10) Metaspace: 64064K(66304K)->64064K(66304K) NonClass: 57005K(58368K)->57005K(58368K) Class: 7059K(7936K)->7059K(7936K)
[2023-08-11T10:41:53.543+0000][gc           ] GC(10) Pause Young (Normal) (G1 Evacuation Pause) 111M->58M(1024M) 3.337ms
[2023-08-11T10:41:53.543+0000][gc,cpu       ] GC(10) User=0.02s Sys=0.00s Real=0.00s
[2023-08-11T10:41:53.717+0000][gc,start     ] GC(11) Pause Young (Normal) (G1 Evacuation Pause)
[2023-08-11T10:41:53.717+0000][gc,task      ] GC(11) Using 8 workers of 8 for evacuation
[2023-08-11T10:41:53.720+0000][gc,phases    ] GC(11)   Pre Evacuate Collection Set: 0.0ms
[2023-08-11T10:41:53.720+0000][gc,phases    ] GC(11)   Evacuate Collection Set: 2.8ms
[2023-08-11T10:41:53.720+0000][gc,phases    ] GC(11)   Post Evacuate Collection Set: 0.4ms
[2023-08-11T10:41:53.720+0000][gc,phases    ] GC(11)   Other: 0.2ms
[2023-08-11T10:41:53.720+0000][gc,heap      ] GC(11) Eden regions: 57->0(65)
[2023-08-11T10:41:53.720+0000][gc,heap      ] GC(11) Survivor regions: 4->5(8)
[2023-08-11T10:41:53.720+0000][gc,heap      ] GC(11) Old regions: 44->44
[2023-08-11T10:41:53.720+0000][gc,heap      ] GC(11) Humongous regions: 11->11
[2023-08-11T10:41:53.720+0000][gc,metaspace ] GC(11) Metaspace: 65787K(67968K)->65787K(67968K) NonClass: 58582K(59904K)->58582K(59904K) Class: 7205K(8064K)->7205K(8064K)
[2023-08-11T10:41:53.720+0000][gc           ] GC(11) Pause Young (Normal) (G1 Evacuation Pause) 115M->58M(1024M) 3.502ms
[2023-08-11T10:41:53.720+0000][gc,cpu       ] GC(11) User=0.02s Sys=0.01s Real=0.01s
[2023-08-11T10:41:53.892+0000][gc,start     ] GC(12) Pause Young (Normal) (G1 Evacuation Pause)
[2023-08-11T10:41:53.892+0000][gc,task      ] GC(12) Using 8 workers of 8 for evacuation
[2023-08-11T10:41:53.899+0000][gc,phases    ] GC(12)   Pre Evacuate Collection Set: 0.0ms
[2023-08-11T10:41:53.899+0000][gc,phases    ] GC(12)   Evacuate Collection Set: 6.4ms
[2023-08-11T10:41:53.899+0000][gc,phases    ] GC(12)   Post Evacuate Collection Set: 0.5ms
[2023-08-11T10:41:53.899+0000][gc,phases    ] GC(12)   Other: 0.2ms
[2023-08-11T10:41:53.899+0000][gc,heap      ] GC(12) Eden regions: 65->0(222)
[2023-08-11T10:41:53.899+0000][gc,heap      ] GC(12) Survivor regions: 5->5(9)
[2023-08-11T10:41:53.899+0000][gc,heap      ] GC(12) Old regions: 44->44
[2023-08-11T10:41:53.899+0000][gc,heap      ] GC(12) Humongous regions: 11->11
[2023-08-11T10:41:53.899+0000][gc,metaspace ] GC(12) Metaspace: 66973K(69120K)->66973K(69120K) NonClass: 59592K(60928K)->59592K(60928K) Class: 7381K(8192K)->7381K(8192K)
[2023-08-11T10:41:53.899+0000][gc           ] GC(12) Pause Young (Normal) (G1 Evacuation Pause) 123M->58M(1024M) 7.228ms
[2023-08-11T10:41:53.899+0000][gc,cpu       ] GC(12) User=0.04s Sys=0.01s Real=0.01s
[2023-08-11T10:41:55.648+0000][gc,start     ] GC(13) Pause Young (Normal) (G1 Evacuation Pause)
[2023-08-11T10:41:55.648+0000][gc,task      ] GC(13) Using 8 workers of 8 for evacuation
[2023-08-11T10:41:55.692+0000][gc,mmu       ] GC(13) MMU target violated: 21.0ms (20.0ms/21.0ms)
[2023-08-11T10:41:55.692+0000][gc,phases    ] GC(13)   Pre Evacuate Collection Set: 0.0ms
[2023-08-11T10:41:55.693+0000][gc,phases    ] GC(13)   Evacuate Collection Set: 28.2ms
[2023-08-11T10:41:55.693+0000][gc,phases    ] GC(13)   Post Evacuate Collection Set: 15.3ms
[2023-08-11T10:41:55.693+0000][gc,phases    ] GC(13)   Other: 1.0ms
[2023-08-11T10:41:55.693+0000][gc,heap      ] GC(13) Eden regions: 222->0(125)
[2023-08-11T10:41:55.693+0000][gc,heap      ] GC(13) Survivor regions: 5->12(29)
[2023-08-11T10:41:55.693+0000][gc,heap      ] GC(13) Old regions: 44->44
[2023-08-11T10:41:55.693+0000][gc,heap      ] GC(13) Humongous regions: 141->140
[2023-08-11T10:41:55.693+0000][gc,metaspace ] GC(13) Metaspace: 79705K(82304K)->79705K(82304K) NonClass: 70752K(72192K)->70752K(72192K) Class: 8952K(10112K)->8952K(10112K)
[2023-08-11T10:41:55.694+0000][gc           ] GC(13) Pause Young (Normal) (G1 Evacuation Pause) 410M->194M(1024M) 45.774ms
[2023-08-11T10:41:55.694+0000][gc,cpu       ] GC(13) User=0.13s Sys=0.00s Real=0.05s
[2023-08-11T10:41:57.028+0000][gc,start     ] GC(14) Pause Young (Normal) (G1 Evacuation Pause)
[2023-08-11T10:41:57.028+0000][gc,task      ] GC(14) Using 8 workers of 8 for evacuation
[2023-08-11T10:41:57.111+0000][gc,mmu       ] GC(14) MMU target violated: 21.0ms (20.0ms/21.0ms)
[2023-08-11T10:41:57.111+0000][gc,phases    ] GC(14)   Pre Evacuate Collection Set: 0.0ms
[2023-08-11T10:41:57.112+0000][gc,phases    ] GC(14)   Evacuate Collection Set: 81.5ms
[2023-08-11T10:41:57.112+0000][gc,phases    ] GC(14)   Post Evacuate Collection Set: 1.7ms
[2023-08-11T10:41:57.112+0000][gc,phases    ] GC(14)   Other: 0.5ms
[2023-08-11T10:41:57.112+0000][gc,heap      ] GC(14) Eden regions: 125->0(40)
[2023-08-11T10:41:57.112+0000][gc,heap      ] GC(14) Survivor regions: 12->11(18)
[2023-08-11T10:41:57.112+0000][gc,heap      ] GC(14) Old regions: 44->48
[2023-08-11T10:41:57.112+0000][gc,heap      ] GC(14) Humongous regions: 140->140
[2023-08-11T10:41:57.112+0000][gc,metaspace ] GC(14) Metaspace: 87144K(90112K)->87144K(90112K) NonClass: 77119K(78848K)->77119K(78848K) Class: 10024K(11264K)->10024K(11264K)
[2023-08-11T10:41:57.112+0000][gc           ] GC(14) Pause Young (Normal) (G1 Evacuation Pause) 319M->198M(1024M) 84.318ms
[2023-08-11T10:41:57.112+0000][gc,cpu       ] GC(14) User=0.10s Sys=0.01s Real=0.09s
[2023-08-11T10:41:57.285+0000][gc,start     ] GC(15) Pause Young (Normal) (G1 Evacuation Pause)
[2023-08-11T10:41:57.285+0000][gc,task      ] GC(15) Using 8 workers of 8 for evacuation
[2023-08-11T10:41:57.329+0000][gc,mmu       ] GC(15) MMU target violated: 21.0ms (20.0ms/21.0ms)
[2023-08-11T10:41:57.329+0000][gc,phases    ] GC(15)   Pre Evacuate Collection Set: 0.0ms
[2023-08-11T10:41:57.329+0000][gc,phases    ] GC(15)   Evacuate Collection Set: 39.7ms
[2023-08-11T10:41:57.329+0000][gc,phases    ] GC(15)   Post Evacuate Collection Set: 3.8ms
[2023-08-11T10:41:57.329+0000][gc,phases    ] GC(15)   Other: 0.6ms
[2023-08-11T10:41:57.329+0000][gc,heap      ] GC(15) Eden regions: 40->0(53)
[2023-08-11T10:41:57.329+0000][gc,heap      ] GC(15) Survivor regions: 11->5(7)
[2023-08-11T10:41:57.329+0000][gc,heap      ] GC(15) Old regions: 48->55
[2023-08-11T10:41:57.329+0000][gc,heap      ] GC(15) Humongous regions: 140->140
[2023-08-11T10:41:57.329+0000][gc,metaspace ] GC(15) Metaspace: 88080K(91136K)->88080K(91136K) NonClass: 77884K(79616K)->77884K(79616K) Class: 10196K(11520K)->10196K(11520K)
[2023-08-11T10:41:57.329+0000][gc           ] GC(15) Pause Young (Normal) (G1 Evacuation Pause) 238M->198M(1024M) 44.188ms
[2023-08-11T10:41:57.329+0000][gc,cpu       ] GC(15) User=0.07s Sys=0.00s Real=0.04s
[2023-08-11T10:41:57.664+0000][gc,start     ] GC(16) Pause Young (Normal) (G1 Evacuation Pause)
[2023-08-11T10:41:57.664+0000][gc,task      ] GC(16) Using 8 workers of 8 for evacuation
[2023-08-11T10:41:57.698+0000][gc,mmu       ] GC(16) MMU target violated: 21.0ms (20.0ms/21.0ms)
[2023-08-11T10:41:57.698+0000][gc,phases    ] GC(16)   Pre Evacuate Collection Set: 0.0ms
[2023-08-11T10:41:57.698+0000][gc,phases    ] GC(16)   Evacuate Collection Set: 28.7ms
[2023-08-11T10:41:57.698+0000][gc,phases    ] GC(16)   Post Evacuate Collection Set: 5.0ms
[2023-08-11T10:41:57.699+0000][gc,phases    ] GC(16)   Other: 0.7ms
[2023-08-11T10:41:57.699+0000][gc,heap      ] GC(16) Eden regions: 53->0(62)
[2023-08-11T10:41:57.699+0000][gc,heap      ] GC(16) Survivor regions: 5->5(8)
[2023-08-11T10:41:57.699+0000][gc,heap      ] GC(16) Old regions: 55->55
[2023-08-11T10:41:57.699+0000][gc,heap      ] GC(16) Humongous regions: 140->140
[2023-08-11T10:41:57.699+0000][gc,metaspace ] GC(16) Metaspace: 89379K(92288K)->89379K(92288K) NonClass: 78976K(80640K)->78976K(80640K) Class: 10402K(11648K)->10402K(11648K)
[2023-08-11T10:41:57.699+0000][gc           ] GC(16) Pause Young (Normal) (G1 Evacuation Pause) 251M->199M(1024M) 34.552ms
[2023-08-11T10:41:57.699+0000][gc,cpu       ] GC(16) User=0.08s Sys=0.00s Real=0.03s
[2023-08-11T10:41:58.076+0000][gc,start     ] GC(17) Pause Young (Normal) (G1 Evacuation Pause)
[2023-08-11T10:41:58.076+0000][gc,task      ] GC(17) Using 8 workers of 8 for evacuation
[2023-08-11T10:41:58.107+0000][gc,mmu       ] GC(17) MMU target violated: 20.1ms (20.0ms/21.0ms)
[2023-08-11T10:41:58.107+0000][gc,phases    ] GC(17)   Pre Evacuate Collection Set: 0.0ms
[2023-08-11T10:41:58.108+0000][gc,phases    ] GC(17)   Evacuate Collection Set: 19.3ms
[2023-08-11T10:41:58.108+0000][gc,phases    ] GC(17)   Post Evacuate Collection Set: 0.6ms
[2023-08-11T10:41:58.108+0000][gc,phases    ] GC(17)   Other: 11.4ms
[2023-08-11T10:41:58.108+0000][gc,heap      ] GC(17) Eden regions: 62->0(73)
[2023-08-11T10:41:58.108+0000][gc,heap      ] GC(17) Survivor regions: 5->6(9)
[2023-08-11T10:41:58.108+0000][gc,heap      ] GC(17) Old regions: 55->55
[2023-08-11T10:41:58.108+0000][gc,heap      ] GC(17) Humongous regions: 140->140
[2023-08-11T10:41:58.108+0000][gc,metaspace ] GC(17) Metaspace: 90786K(93824K)->90786K(93824K) NonClass: 80182K(81920K)->80182K(81920K) Class: 10603K(11904K)->10603K(11904K)
[2023-08-11T10:41:58.109+0000][gc           ] GC(17) Pause Young (Normal) (G1 Evacuation Pause) 261M->200M(1024M) 32.485ms
[2023-08-11T10:41:58.109+0000][gc,cpu       ] GC(17) User=0.06s Sys=0.00s Real=0.03s
[2023-08-11T10:41:58.777+0000][gc,start     ] GC(18) Pause Young (Normal) (G1 Evacuation Pause)
[2023-08-11T10:41:58.777+0000][gc,task      ] GC(18) Using 8 workers of 8 for evacuation
[2023-08-11T10:41:58.804+0000][gc,mmu       ] GC(18) MMU target violated: 21.0ms (20.0ms/21.0ms)
[2023-08-11T10:41:58.804+0000][gc,phases    ] GC(18)   Pre Evacuate Collection Set: 0.0ms
[2023-08-11T10:41:58.804+0000][gc,phases    ] GC(18)   Evacuate Collection Set: 25.8ms
[2023-08-11T10:41:58.804+0000][gc,phases    ] GC(18)   Post Evacuate Collection Set: 0.6ms
[2023-08-11T10:41:58.805+0000][gc,phases    ] GC(18)   Other: 0.8ms
[2023-08-11T10:41:58.805+0000][gc,heap      ] GC(18) Eden regions: 73->0(66)
[2023-08-11T10:41:58.805+0000][gc,heap      ] GC(18) Survivor regions: 6->8(10)
[2023-08-11T10:41:58.805+0000][gc,heap      ] GC(18) Old regions: 55->58
[2023-08-11T10:41:58.805+0000][gc,heap      ] GC(18) Humongous regions: 140->140
[2023-08-11T10:41:58.805+0000][gc,metaspace ] GC(18) Metaspace: 91503K(94464K)->91503K(94464K) NonClass: 80822K(82432K)->80822K(82432K) Class: 10680K(12032K)->10680K(12032K)
[2023-08-11T10:41:58.805+0000][gc           ] GC(18) Pause Young (Normal) (G1 Evacuation Pause) 273M->204M(1024M) 28.383ms
[2023-08-11T10:41:58.805+0000][gc,cpu       ] GC(18) User=0.10s Sys=0.00s Real=0.03s
[2023-08-11T10:41:59.785+0000][gc,start     ] GC(19) Pause Young (Concurrent Start) (Metadata GC Threshold)
[2023-08-11T10:41:59.785+0000][gc,task      ] GC(19) Using 8 workers of 8 for evacuation
[2023-08-11T10:41:59.834+0000][gc,mmu       ] GC(19) MMU target violated: 21.0ms (20.0ms/21.0ms)
[2023-08-11T10:41:59.834+0000][gc,phases    ] GC(19)   Pre Evacuate Collection Set: 0.3ms
[2023-08-11T10:41:59.834+0000][gc,phases    ] GC(19)   Evacuate Collection Set: 37.5ms
[2023-08-11T10:41:59.835+0000][gc,phases    ] GC(19)   Post Evacuate Collection Set: 7.2ms
[2023-08-11T10:41:59.835+0000][gc,phases    ] GC(19)   Other: 4.7ms
[2023-08-11T10:41:59.835+0000][gc,heap      ] GC(19) Eden regions: 66->0(61)
[2023-08-11T10:41:59.835+0000][gc,heap      ] GC(19) Survivor regions: 8->8(10)
[2023-08-11T10:41:59.835+0000][gc,heap      ] GC(19) Old regions: 58->60
[2023-08-11T10:41:59.835+0000][gc,heap      ] GC(19) Humongous regions: 140->140
[2023-08-11T10:41:59.835+0000][gc,metaspace ] GC(19) Metaspace: 95174K(98304K)->95174K(98304K) NonClass: 83942K(85632K)->83942K(85632K) Class: 11231K(12672K)->11231K(12672K)
[2023-08-11T10:41:59.836+0000][gc           ] GC(19) Pause Young (Concurrent Start) (Metadata GC Threshold) 269M->206M(1024M) 50.843ms
[2023-08-11T10:41:59.836+0000][gc,cpu       ] GC(19) User=0.09s Sys=0.00s Real=0.05s
[2023-08-11T10:41:59.843+0000][gc           ] GC(20) Concurrent Cycle
[2023-08-11T10:41:59.843+0000][gc,marking   ] GC(20) Concurrent Clear Claimed Marks
[2023-08-11T10:41:59.843+0000][gc,marking   ] GC(20) Concurrent Clear Claimed Marks 0.287ms
[2023-08-11T10:41:59.843+0000][gc,marking   ] GC(20) Concurrent Scan Root Regions
[2023-08-11T10:41:59.853+0000][gc,marking   ] GC(20) Concurrent Scan Root Regions 10.051ms
[2023-08-11T10:41:59.853+0000][gc,marking   ] GC(20) Concurrent Mark (11.155s)
[2023-08-11T10:41:59.853+0000][gc,marking   ] GC(20) Concurrent Mark From Roots
[2023-08-11T10:41:59.853+0000][gc,task      ] GC(20) Using 2 workers of 2 for marking
[2023-08-11T10:42:00.000+0000][gc,marking   ] GC(20) Concurrent Mark From Roots 146.216ms
[2023-08-11T10:42:00.000+0000][gc,marking   ] GC(20) Concurrent Preclean
[2023-08-11T10:42:00.000+0000][gc,marking   ] GC(20) Concurrent Preclean 0.556ms
[2023-08-11T10:42:00.001+0000][gc,marking   ] GC(20) Concurrent Mark (11.155s, 11.302s) 147.202ms
[2023-08-11T10:42:00.007+0000][gc,start     ] GC(20) Pause Remark
[2023-08-11T10:42:00.035+0000][gc,stringtable] GC(20) Cleaned string and symbol table, strings: 33166 processed, 79 removed, symbols: 255736 processed, 299 removed
[2023-08-11T10:42:00.036+0000][gc,mmu        ] GC(20) MMU target violated: 21.0ms (20.0ms/21.0ms)
[2023-08-11T10:42:00.036+0000][gc            ] GC(20) Pause Remark 211M->211M(1024M) 28.533ms
[2023-08-11T10:42:00.036+0000][gc,cpu        ] GC(20) User=0.07s Sys=0.00s Real=0.03s
[2023-08-11T10:42:00.039+0000][gc,marking    ] GC(20) Concurrent Rebuild Remembered Sets
[2023-08-11T10:42:00.176+0000][gc,marking    ] GC(20) Concurrent Rebuild Remembered Sets 137.011ms
[2023-08-11T10:42:00.187+0000][gc,start      ] GC(20) Pause Cleanup
[2023-08-11T10:42:00.188+0000][gc            ] GC(20) Pause Cleanup 214M->214M(1024M) 0.512ms
[2023-08-11T10:42:00.188+0000][gc,cpu        ] GC(20) User=0.00s Sys=0.00s Real=0.00s
[2023-08-11T10:42:00.191+0000][gc,marking    ] GC(20) Concurrent Cleanup for Next Mark
[2023-08-11T10:42:00.264+0000][gc,marking    ] GC(20) Concurrent Cleanup for Next Mark 73.053ms
[2023-08-11T10:42:00.270+0000][gc            ] GC(20) Concurrent Cycle 426.801ms
[2023-08-11T10:42:01.293+0000][gc,start      ] GC(21) Pause Young (Concurrent Start) (G1 Evacuation Pause)
[2023-08-11T10:42:01.293+0000][gc,task       ] GC(21) Using 8 workers of 8 for evacuation
[2023-08-11T10:42:01.368+0000][gc,mmu        ] GC(21) MMU target violated: 21.0ms (20.0ms/21.0ms)
[2023-08-11T10:42:01.368+0000][gc,phases     ] GC(21)   Pre Evacuate Collection Set: 0.4ms
[2023-08-11T10:42:01.368+0000][gc,phases     ] GC(21)   Evacuate Collection Set: 73.5ms
[2023-08-11T10:42:01.368+0000][gc,phases     ] GC(21)   Post Evacuate Collection Set: 0.9ms
[2023-08-11T10:42:01.368+0000][gc,phases     ] GC(21)   Other: 0.7ms
[2023-08-11T10:42:01.368+0000][gc,heap       ] GC(21) Eden regions: 45->0(61)
[2023-08-11T10:42:01.369+0000][gc,heap       ] GC(21) Survivor regions: 8->6(7)
[2023-08-11T10:42:01.369+0000][gc,heap       ] GC(21) Old regions: 60->65
[2023-08-11T10:42:01.369+0000][gc,heap       ] GC(21) Humongous regions: 140->140
[2023-08-11T10:42:01.369+0000][gc,metaspace  ] GC(21) Metaspace: 99007K(102628K)->99007K(102628K) NonClass: 87105K(89036K)->87105K(89036K) Class: 11902K(13592K)->11902K(13592K)
[2023-08-11T10:42:01.369+0000][gc            ] GC(21) Pause Young (Concurrent Start) (G1 Evacuation Pause) 251M->209M(1024M) 75.560ms
[2023-08-11T10:42:01.369+0000][gc,cpu        ] GC(21) User=0.23s Sys=0.00s Real=0.07s
[2023-08-11T10:42:01.369+0000][gc            ] GC(22) Concurrent Cycle
[2023-08-11T10:42:01.369+0000][gc,marking    ] GC(22) Concurrent Clear Claimed Marks
[2023-08-11T10:42:01.370+0000][gc,marking    ] GC(22) Concurrent Clear Claimed Marks 0.365ms
[2023-08-11T10:42:01.370+0000][gc,marking    ] GC(22) Concurrent Scan Root Regions
[2023-08-11T10:42:01.374+0000][gc,marking    ] GC(22) Concurrent Scan Root Regions 4.442ms
[2023-08-11T10:42:01.374+0000][gc,marking    ] GC(22) Concurrent Mark (12.676s)
[2023-08-11T10:42:01.374+0000][gc,marking    ] GC(22) Concurrent Mark From Roots
[2023-08-11T10:42:01.374+0000][gc,task       ] GC(22) Using 2 workers of 2 for marking
[2023-08-11T10:42:01.531+0000][gc,marking    ] GC(22) Concurrent Mark From Roots 156.271ms
[2023-08-11T10:42:01.531+0000][gc,marking    ] GC(22) Concurrent Preclean
[2023-08-11T10:42:01.531+0000][gc,marking    ] GC(22) Concurrent Preclean 0.468ms
[2023-08-11T10:42:01.531+0000][gc,marking    ] GC(22) Concurrent Mark (12.676s, 12.833s) 157.077ms
[2023-08-11T10:42:01.535+0000][gc,start      ] GC(22) Pause Remark
[2023-08-11T10:42:01.559+0000][gc,stringtable] GC(22) Cleaned string and symbol table, strings: 35135 processed, 6 removed, symbols: 264649 processed, 10 removed
[2023-08-11T10:42:01.563+0000][gc,mmu        ] GC(22) MMU target violated: 21.0ms (20.0ms/21.0ms)
[2023-08-11T10:42:01.563+0000][gc            ] GC(22) Pause Remark 212M->212M(1024M) 28.225ms
[2023-08-11T10:42:01.563+0000][gc,cpu        ] GC(22) User=0.03s Sys=0.00s Real=0.03s
[2023-08-11T10:42:01.563+0000][gc,marking    ] GC(22) Concurrent Rebuild Remembered Sets
[2023-08-11T10:42:01.628+0000][gc,marking    ] GC(22) Concurrent Rebuild Remembered Sets 64.726ms
[2023-08-11T10:42:01.631+0000][gc,start      ] GC(22) Pause Cleanup
[2023-08-11T10:42:01.631+0000][gc            ] GC(22) Pause Cleanup 212M->212M(1024M) 0.363ms
[2023-08-11T10:42:01.631+0000][gc,cpu        ] GC(22) User=0.00s Sys=0.00s Real=0.00s
[2023-08-11T10:42:01.632+0000][gc,marking    ] GC(22) Concurrent Cleanup for Next Mark
[2023-08-11T10:42:01.647+0000][gc,marking    ] GC(22) Concurrent Cleanup for Next Mark 15.120ms
[2023-08-11T10:42:01.647+0000][gc            ] GC(22) Concurrent Cycle 277.871ms
[2023-08-11T10:42:08.453+0000][gc,start      ] GC(23) Pause Young (Normal) (G1 Evacuation Pause)
[2023-08-11T10:42:08.453+0000][gc,task       ] GC(23) Using 8 workers of 8 for evacuation
[2023-08-11T10:42:08.465+0000][gc,phases     ] GC(23)   Pre Evacuate Collection Set: 0.0ms
[2023-08-11T10:42:08.465+0000][gc,phases     ] GC(23)   Evacuate Collection Set: 11.1ms
[2023-08-11T10:42:08.465+0000][gc,phases     ] GC(23)   Post Evacuate Collection Set: 0.7ms
[2023-08-11T10:42:08.465+0000][gc,phases     ] GC(23)   Other: 0.3ms
[2023-08-11T10:42:08.465+0000][gc,heap       ] GC(23) Eden regions: 45->0(78)
[2023-08-11T10:42:08.465+0000][gc,heap       ] GC(23) Survivor regions: 6->7(7)
[2023-08-11T10:42:08.465+0000][gc,heap       ] GC(23) Old regions: 65->67
[2023-08-11T10:42:08.465+0000][gc,heap       ] GC(23) Humongous regions: 140->140
[2023-08-11T10:42:08.465+0000][gc,metaspace  ] GC(23) Metaspace: 100931K(105060K)->100931K(105060K) NonClass: 88733K(91084K)->88733K(91084K) Class: 12198K(13976K)->12198K(13976K)
[2023-08-11T10:42:08.465+0000][gc            ] GC(23) Pause Young (Normal) (G1 Evacuation Pause) 254M->213M(1024M) 12.252ms
[2023-08-11T10:42:08.465+0000][gc,cpu        ] GC(23) User=0.07s Sys=0.00s Real=0.01s
[2023-08-11T10:42:09.954+0000][gc,start      ] GC(24) Pause Young (Normal) (G1 Evacuation Pause)
[2023-08-11T10:42:09.954+0000][gc,task       ] GC(24) Using 8 workers of 8 for evacuation
[2023-08-11T10:42:09.963+0000][gc,phases     ] GC(24)   Pre Evacuate Collection Set: 0.0ms
[2023-08-11T10:42:09.963+0000][gc,phases     ] GC(24)   Evacuate Collection Set: 7.5ms
[2023-08-11T10:42:09.963+0000][gc,phases     ] GC(24)   Post Evacuate Collection Set: 0.9ms
[2023-08-11T10:42:09.963+0000][gc,phases     ] GC(24)   Other: 0.3ms
[2023-08-11T10:42:09.963+0000][gc,heap       ] GC(24) Eden regions: 78->0(94)
[2023-08-11T10:42:09.963+0000][gc,heap       ] GC(24) Survivor regions: 7->9(11)
[2023-08-11T10:42:09.963+0000][gc,heap       ] GC(24) Old regions: 67->70
[2023-08-11T10:42:09.963+0000][gc,heap       ] GC(24) Humongous regions: 140->140
[2023-08-11T10:42:09.963+0000][gc,metaspace  ] GC(24) Metaspace: 103342K(107620K)->103342K(107620K) NonClass: 90831K(93132K)->90831K(93132K) Class: 12510K(14488K)->12510K(14488K)
[2023-08-11T10:42:09.963+0000][gc            ] GC(24) Pause Young (Normal) (G1 Evacuation Pause) 291M->217M(1024M) 8.904ms
[2023-08-11T10:42:09.963+0000][gc,cpu        ] GC(24) User=0.04s Sys=0.01s Real=0.01s
[2023-08-11T10:42:24.505+0000][gc,start      ] GC(25) Pause Young (Normal) (G1 Evacuation Pause)
[2023-08-11T10:42:24.505+0000][gc,task       ] GC(25) Using 8 workers of 8 for evacuation
[2023-08-11T10:42:24.539+0000][gc,mmu        ] GC(25) MMU target violated: 21.0ms (20.0ms/21.0ms)
[2023-08-11T10:42:24.539+0000][gc,phases     ] GC(25)   Pre Evacuate Collection Set: 0.0ms
[2023-08-11T10:42:24.539+0000][gc,phases     ] GC(25)   Evacuate Collection Set: 32.7ms
[2023-08-11T10:42:24.540+0000][gc,phases     ] GC(25)   Post Evacuate Collection Set: 0.8ms
[2023-08-11T10:42:24.540+0000][gc,phases     ] GC(25)   Other: 0.9ms
[2023-08-11T10:42:24.540+0000][gc,heap       ] GC(25) Eden regions: 94->0(95)
[2023-08-11T10:42:24.540+0000][gc,heap       ] GC(25) Survivor regions: 9->11(13)
[2023-08-11T10:42:24.540+0000][gc,heap       ] GC(25) Old regions: 70->74
[2023-08-11T10:42:24.540+0000][gc,heap       ] GC(25) Humongous regions: 140->140
[2023-08-11T10:42:24.540+0000][gc,metaspace  ] GC(25) Metaspace: 106942K(111716K)->106942K(111716K) NonClass: 94032K(96716K)->94032K(96716K) Class: 12910K(15000K)->12910K(15000K)
[2023-08-11T10:42:24.540+0000][gc            ] GC(25) Pause Young (Normal) (G1 Evacuation Pause) 311M->223M(1024M) 35.384ms
[2023-08-11T10:42:24.541+0000][gc,cpu        ] GC(25) User=0.13s Sys=0.00s Real=0.04s
[2023-08-11T10:42:31.534+0000][gc,start      ] GC(26) Pause Young (Normal) (G1 Evacuation Pause)
[2023-08-11T10:42:31.534+0000][gc,task       ] GC(26) Using 8 workers of 8 for evacuation
[2023-08-11T10:42:31.545+0000][gc,phases     ] GC(26)   Pre Evacuate Collection Set: 0.0ms
[2023-08-11T10:42:31.545+0000][gc,phases     ] GC(26)   Evacuate Collection Set: 10.6ms
[2023-08-11T10:42:31.545+0000][gc,phases     ] GC(26)   Post Evacuate Collection Set: 0.6ms
[2023-08-11T10:42:31.545+0000][gc,phases     ] GC(26)   Other: 0.3ms
[2023-08-11T10:42:31.545+0000][gc,heap       ] GC(26) Eden regions: 81->0(108)
[2023-08-11T10:42:31.545+0000][gc,heap       ] GC(26) Survivor regions: 11->9(12)
[2023-08-11T10:42:31.545+0000][gc,heap       ] GC(26) Old regions: 74->78
[2023-08-11T10:42:31.545+0000][gc,heap       ] GC(26) Humongous regions: 140->140
[2023-08-11T10:42:31.545+0000][gc,metaspace  ] GC(26) Metaspace: 108635K(113636K)->108635K(113636K) NonClass: 95450K(98252K)->95450K(98252K) Class: 13184K(15384K)->13184K(15384K)
[2023-08-11T10:42:31.545+0000][gc            ] GC(26) Pause Young (Normal) (G1 Evacuation Pause) 304M->226M(1024M) 11.643ms
[2023-08-11T10:42:31.545+0000][gc,cpu        ] GC(26) User=0.05s Sys=0.01s Real=0.01s
[2023-08-11T10:42:42.102+0000][gc,start      ] GC(27) Pause Young (Normal) (G1 Evacuation Pause)
[2023-08-11T10:42:42.102+0000][gc,task       ] GC(27) Using 8 workers of 8 for evacuation
[2023-08-11T10:42:42.111+0000][gc,phases     ] GC(27)   Pre Evacuate Collection Set: 0.1ms
[2023-08-11T10:42:42.112+0000][gc,phases     ] GC(27)   Evacuate Collection Set: 8.4ms
[2023-08-11T10:42:42.112+0000][gc,phases     ] GC(27)   Post Evacuate Collection Set: 0.7ms
[2023-08-11T10:42:42.112+0000][gc,phases     ] GC(27)   Other: 0.3ms
[2023-08-11T10:42:42.112+0000][gc,heap       ] GC(27) Eden regions: 92->0(134)
[2023-08-11T10:42:42.112+0000][gc,heap       ] GC(27) Survivor regions: 9->7(13)
[2023-08-11T10:42:42.112+0000][gc,heap       ] GC(27) Old regions: 78->83
[2023-08-11T10:42:42.112+0000][gc,heap       ] GC(27) Humongous regions: 140->140
[2023-08-11T10:42:42.112+0000][gc,metaspace  ] GC(27) Metaspace: 112019K(117220K)->112019K(117220K) NonClass: 98459K(101324K)->98459K(101324K) Class: 13559K(15896K)->13559K(15896K)
[2023-08-11T10:42:42.112+0000][gc            ] GC(27) Pause Young (Normal) (G1 Evacuation Pause) 318M->229M(1024M) 9.450ms
[2023-08-11T10:42:42.112+0000][gc,cpu        ] GC(27) User=0.05s Sys=0.00s Real=0.01s
[2023-08-11T10:43:02.777+0000][gc,start      ] GC(28) Pause Young (Normal) (G1 Evacuation Pause)
[2023-08-11T10:43:02.777+0000][gc,task       ] GC(28) Using 8 workers of 8 for evacuation
[2023-08-11T10:43:02.788+0000][gc,phases     ] GC(28)   Pre Evacuate Collection Set: 0.0ms
[2023-08-11T10:43:02.788+0000][gc,phases     ] GC(28)   Evacuate Collection Set: 10.1ms
[2023-08-11T10:43:02.788+0000][gc,phases     ] GC(28)   Post Evacuate Collection Set: 0.5ms
[2023-08-11T10:43:02.788+0000][gc,phases     ] GC(28)   Other: 0.3ms
[2023-08-11T10:43:02.788+0000][gc,heap       ] GC(28) Eden regions: 103->0(129)
[2023-08-11T10:43:02.788+0000][gc,heap       ] GC(28) Survivor regions: 7->11(14)
[2023-08-11T10:43:02.788+0000][gc,heap       ] GC(28) Old regions: 83->83
[2023-08-11T10:43:02.788+0000][gc,heap       ] GC(28) Humongous regions: 140->140
[2023-08-11T10:43:02.788+0000][gc,metaspace  ] GC(28) Metaspace: 112800K(117988K)->112800K(117988K) NonClass: 99227K(102092K)->99227K(102092K) Class: 13573K(15896K)->13573K(15896K)
[2023-08-11T10:43:02.788+0000][gc            ] GC(28) Pause Young (Normal) (G1 Evacuation Pause) 332M->233M(1024M) 11.082ms
[2023-08-11T10:43:02.788+0000][gc,cpu        ] GC(28) User=0.08s Sys=0.00s Real=0.01s
[2023-08-11T10:43:29.063+0000][gc,start      ] GC(29) Pause Young (Normal) (G1 Evacuation Pause)
[2023-08-11T10:43:29.063+0000][gc,task       ] GC(29) Using 8 workers of 8 for evacuation
[2023-08-11T10:43:29.074+0000][gc,phases     ] GC(29)   Pre Evacuate Collection Set: 0.0ms
[2023-08-11T10:43:29.074+0000][gc,phases     ] GC(29)   Evacuate Collection Set: 9.4ms
[2023-08-11T10:43:29.074+0000][gc,phases     ] GC(29)   Post Evacuate Collection Set: 0.6ms
[2023-08-11T10:43:29.074+0000][gc,phases     ] GC(29)   Other: 0.3ms
[2023-08-11T10:43:29.074+0000][gc,heap       ] GC(29) Eden regions: 112->0(148)
[2023-08-11T10:43:29.074+0000][gc,heap       ] GC(29) Survivor regions: 11->8(16)
[2023-08-11T10:43:29.074+0000][gc,heap       ] GC(29) Old regions: 83->88
[2023-08-11T10:43:29.074+0000][gc,heap       ] GC(29) Humongous regions: 140->140
[2023-08-11T10:43:29.074+0000][gc,metaspace  ] GC(29) Metaspace: 113330K(118500K)->113330K(118500K) NonClass: 99753K(102604K)->99753K(102604K) Class: 13576K(15896K)->13576K(15896K)
[2023-08-11T10:43:29.074+0000][gc            ] GC(29) Pause Young (Normal) (G1 Evacuation Pause) 345M->235M(1024M) 10.326ms
[2023-08-11T10:43:29.074+0000][gc,cpu        ] GC(29) User=0.07s Sys=0.01s Real=0.01s
[2023-08-11T10:44:09.480+0000][gc,start      ] GC(30) Pause Young (Normal) (G1 Evacuation Pause)
[2023-08-11T10:44:09.480+0000][gc,task       ] GC(30) Using 8 workers of 8 for evacuation
[2023-08-11T10:44:09.489+0000][gc,phases     ] GC(30)   Pre Evacuate Collection Set: 0.0ms
[2023-08-11T10:44:09.489+0000][gc,phases     ] GC(30)   Evacuate Collection Set: 8.7ms
[2023-08-11T10:44:09.489+0000][gc,phases     ] GC(30)   Post Evacuate Collection Set: 0.5ms
[2023-08-11T10:44:09.489+0000][gc,phases     ] GC(30)   Other: 0.3ms
[2023-08-11T10:44:09.489+0000][gc,heap       ] GC(30) Eden regions: 148->0(169)
[2023-08-11T10:44:09.489+0000][gc,heap       ] GC(30) Survivor regions: 8->11(20)
[2023-08-11T10:44:09.489+0000][gc,heap       ] GC(30) Old regions: 88->88
[2023-08-11T10:44:09.489+0000][gc,heap       ] GC(30) Humongous regions: 140->140
[2023-08-11T10:44:09.489+0000][gc,metaspace  ] GC(30) Metaspace: 113745K(119012K)->113745K(119012K) NonClass: 100168K(103116K)->100168K(103116K) Class: 13576K(15896K)->13576K(15896K)
[2023-08-11T10:44:09.489+0000][gc            ] GC(30) Pause Young (Normal) (G1 Evacuation Pause) 383M->237M(1024M) 9.702ms
[2023-08-11T10:44:09.490+0000][gc,cpu        ] GC(30) User=0.07s Sys=0.00s Real=0.00s
[2023-08-11T10:44:54.411+0000][gc,start      ] GC(31) Pause Young (Normal) (G1 Evacuation Pause)
[2023-08-11T10:44:54.411+0000][gc,task       ] GC(31) Using 8 workers of 8 for evacuation
[2023-08-11T10:44:54.421+0000][gc,phases     ] GC(31)   Pre Evacuate Collection Set: 0.0ms
[2023-08-11T10:44:54.421+0000][gc,phases     ] GC(31)   Evacuate Collection Set: 8.8ms
[2023-08-11T10:44:54.421+0000][gc,phases     ] GC(31)   Post Evacuate Collection Set: 0.6ms
[2023-08-11T10:44:54.421+0000][gc,phases     ] GC(31)   Other: 0.4ms
[2023-08-11T10:44:54.421+0000][gc,heap       ] GC(31) Eden regions: 169->0(195)
[2023-08-11T10:44:54.421+0000][gc,heap       ] GC(31) Survivor regions: 11->11(23)
[2023-08-11T10:44:54.421+0000][gc,heap       ] GC(31) Old regions: 88->88
[2023-08-11T10:44:54.421+0000][gc,heap       ] GC(31) Humongous regions: 140->140
[2023-08-11T10:44:54.421+0000][gc,metaspace  ] GC(31) Metaspace: 114006K(119268K)->114006K(119268K) NonClass: 100428K(103372K)->100428K(103372K) Class: 13578K(15896K)->13578K(15896K)
[2023-08-11T10:44:54.421+0000][gc            ] GC(31) Pause Young (Normal) (G1 Evacuation Pause) 406M->238M(1024M) 9.872ms
[2023-08-11T10:44:54.421+0000][gc,cpu        ] GC(31) User=0.07s Sys=0.00s Real=0.01s
[2023-08-11T10:45:32.988+0000][gc,start      ] GC(32) Pause Young (Normal) (G1 Evacuation Pause)
[2023-08-11T10:45:32.988+0000][gc,task       ] GC(32) Using 8 workers of 8 for evacuation
[2023-08-11T10:45:32.999+0000][gc,phases     ] GC(32)   Pre Evacuate Collection Set: 0.0ms
[2023-08-11T10:45:32.999+0000][gc,phases     ] GC(32)   Evacuate Collection Set: 10.2ms
[2023-08-11T10:45:32.999+0000][gc,phases     ] GC(32)   Post Evacuate Collection Set: 0.7ms
[2023-08-11T10:45:32.999+0000][gc,phases     ] GC(32)   Other: 0.3ms
[2023-08-11T10:45:32.999+0000][gc,heap       ] GC(32) Eden regions: 195->0(208)
[2023-08-11T10:45:32.999+0000][gc,heap       ] GC(32) Survivor regions: 11->18(26)
[2023-08-11T10:45:32.999+0000][gc,heap       ] GC(32) Old regions: 88->88
[2023-08-11T10:45:32.999+0000][gc,heap       ] GC(32) Humongous regions: 140->140
[2023-08-11T10:45:32.999+0000][gc,metaspace  ] GC(32) Metaspace: 114231K(119524K)->114231K(119524K) NonClass: 100652K(103628K)->100652K(103628K) Class: 13578K(15896K)->13578K(15896K)
[2023-08-11T10:45:32.999+0000][gc            ] GC(32) Pause Young (Normal) (G1 Evacuation Pause) 433M->244M(1024M) 11.395ms
[2023-08-11T10:45:32.999+0000][gc,cpu        ] GC(32) User=0.07s Sys=0.00s Real=0.02s
[2023-08-11T10:46:25.204+0000][gc,start      ] GC(33) Pause Young (Normal) (G1 Evacuation Pause)
[2023-08-11T10:46:25.204+0000][gc,task       ] GC(33) Using 8 workers of 8 for evacuation
[2023-08-11T10:46:25.216+0000][gc,phases     ] GC(33)   Pre Evacuate Collection Set: 0.0ms
[2023-08-11T10:46:25.216+0000][gc,phases     ] GC(33)   Evacuate Collection Set: 10.9ms
[2023-08-11T10:46:25.216+0000][gc,phases     ] GC(33)   Post Evacuate Collection Set: 0.6ms
[2023-08-11T10:46:25.216+0000][gc,phases     ] GC(33)   Other: 0.3ms
[2023-08-11T10:46:25.216+0000][gc,heap       ] GC(33) Eden regions: 208->0(220)
[2023-08-11T10:46:25.216+0000][gc,heap       ] GC(33) Survivor regions: 18->14(29)
[2023-08-11T10:46:25.216+0000][gc,heap       ] GC(33) Old regions: 88->92
[2023-08-11T10:46:25.216+0000][gc,heap       ] GC(33) Humongous regions: 140->140
[2023-08-11T10:46:25.216+0000][gc,metaspace  ] GC(33) Metaspace: 114405K(119780K)->114405K(119780K) NonClass: 100827K(103884K)->100827K(103884K) Class: 13578K(15896K)->13578K(15896K)
[2023-08-11T10:46:25.216+0000][gc            ] GC(33) Pause Young (Normal) (G1 Evacuation Pause) 452M->244M(1024M) 11.838ms
[2023-08-11T10:46:25.216+0000][gc,cpu        ] GC(33) User=0.09s Sys=0.00s Real=0.01s
[2023-08-11T10:47:27.255+0000][gc,start      ] GC(34) Pause Young (Normal) (G1 Evacuation Pause)
[2023-08-11T10:47:27.255+0000][gc,task       ] GC(34) Using 8 workers of 8 for evacuation
[2023-08-11T10:47:27.266+0000][gc,phases     ] GC(34)   Pre Evacuate Collection Set: 0.0ms
[2023-08-11T10:47:27.266+0000][gc,phases     ] GC(34)   Evacuate Collection Set: 10.5ms
[2023-08-11T10:47:27.266+0000][gc,phases     ] GC(34)   Post Evacuate Collection Set: 0.6ms
[2023-08-11T10:47:27.266+0000][gc,phases     ] GC(34)   Other: 0.3ms
[2023-08-11T10:47:27.266+0000][gc,heap       ] GC(34) Eden regions: 220->0(227)
[2023-08-11T10:47:27.266+0000][gc,heap       ] GC(34) Survivor regions: 14->16(30)
[2023-08-11T10:47:27.266+0000][gc,heap       ] GC(34) Old regions: 92->92
[2023-08-11T10:47:27.266+0000][gc,heap       ] GC(34) Humongous regions: 140->140
[2023-08-11T10:47:27.266+0000][gc,metaspace  ] GC(34) Metaspace: 114494K(119780K)->114494K(119780K) NonClass: 100915K(103884K)->100915K(103884K) Class: 13579K(15896K)->13579K(15896K)
[2023-08-11T10:47:27.266+0000][gc            ] GC(34) Pause Young (Normal) (G1 Evacuation Pause) 464M->247M(1024M) 11.446ms
[2023-08-11T10:47:27.266+0000][gc,cpu        ] GC(34) User=0.08s Sys=0.01s Real=0.01s
[2023-08-11T10:48:32.742+0000][gc,start      ] GC(35) Pause Young (Normal) (G1 Evacuation Pause)
[2023-08-11T10:48:32.742+0000][gc,task       ] GC(35) Using 8 workers of 8 for evacuation
[2023-08-11T10:48:32.755+0000][gc,phases     ] GC(35)   Pre Evacuate Collection Set: 0.0ms
[2023-08-11T10:48:32.755+0000][gc,phases     ] GC(35)   Evacuate Collection Set: 11.5ms
[2023-08-11T10:48:32.755+0000][gc,phases     ] GC(35)   Post Evacuate Collection Set: 0.6ms
[2023-08-11T10:48:32.755+0000][gc,phases     ] GC(35)   Other: 0.3ms
[2023-08-11T10:48:32.755+0000][gc,heap       ] GC(35) Eden regions: 227->0(233)
[2023-08-11T10:48:32.755+0000][gc,heap       ] GC(35) Survivor regions: 16->19(31)
[2023-08-11T10:48:32.755+0000][gc,heap       ] GC(35) Old regions: 92->92
[2023-08-11T10:48:32.755+0000][gc,heap       ] GC(35) Humongous regions: 140->140
[2023-08-11T10:48:32.755+0000][gc,metaspace  ] GC(35) Metaspace: 114557K(120036K)->114557K(120036K) NonClass: 100973K(104140K)->100973K(104140K) Class: 13583K(15896K)->13583K(15896K)
[2023-08-11T10:48:32.755+0000][gc            ] GC(35) Pause Young (Normal) (G1 Evacuation Pause) 474M->250M(1024M) 12.466ms
[2023-08-11T10:48:32.755+0000][gc,cpu        ] GC(35) User=0.09s Sys=0.01s Real=0.01s
[2023-08-11T10:49:24.383+0000][gc,start      ] GC(36) Pause Young (Normal) (G1 Evacuation Pause)
[2023-08-11T10:49:24.383+0000][gc,task       ] GC(36) Using 8 workers of 8 for evacuation
[2023-08-11T10:49:24.397+0000][gc,phases     ] GC(36)   Pre Evacuate Collection Set: 0.0ms
[2023-08-11T10:49:24.397+0000][gc,phases     ] GC(36)   Evacuate Collection Set: 12.8ms
[2023-08-11T10:49:24.397+0000][gc,phases     ] GC(36)   Post Evacuate Collection Set: 0.6ms
[2023-08-11T10:49:24.397+0000][gc,phases     ] GC(36)   Other: 0.4ms
[2023-08-11T10:49:24.397+0000][gc,heap       ] GC(36) Eden regions: 233->0(594)
[2023-08-11T10:49:24.397+0000][gc,heap       ] GC(36) Survivor regions: 19->20(32)
[2023-08-11T10:49:24.397+0000][gc,heap       ] GC(36) Old regions: 92->93
[2023-08-11T10:49:24.397+0000][gc,heap       ] GC(36) Humongous regions: 140->140
[2023-08-11T10:49:24.397+0000][gc,metaspace  ] GC(36) Metaspace: 114683K(120036K)->114683K(120036K) NonClass: 101094K(104140K)->101094K(104140K) Class: 13589K(15896K)->13589K(15896K)
[2023-08-11T10:49:24.397+0000][gc            ] GC(36) Pause Young (Normal) (G1 Evacuation Pause) 483M->252M(1024M) 13.820ms
[2023-08-11T10:49:24.397+0000][gc,cpu        ] GC(36) User=0.09s Sys=0.01s Real=0.01s
[2023-08-11T10:51:54.438+0000][gc,start      ] GC(37) Pause Young (Normal) (G1 Evacuation Pause)
[2023-08-11T10:51:54.438+0000][gc,task       ] GC(37) Using 8 workers of 8 for evacuation
[2023-08-11T10:51:54.456+0000][gc,phases     ] GC(37)   Pre Evacuate Collection Set: 0.1ms
[2023-08-11T10:51:54.456+0000][gc,phases     ] GC(37)   Evacuate Collection Set: 16.7ms
[2023-08-11T10:51:54.456+0000][gc,phases     ] GC(37)   Post Evacuate Collection Set: 0.6ms
[2023-08-11T10:51:54.456+0000][gc,phases     ] GC(37)   Other: 0.4ms
[2023-08-11T10:51:54.456+0000][gc,heap       ] GC(37) Eden regions: 594->0(421)
[2023-08-11T10:51:54.456+0000][gc,heap       ] GC(37) Survivor regions: 20->26(77)
[2023-08-11T10:51:54.456+0000][gc,heap       ] GC(37) Old regions: 93->93
[2023-08-11T10:51:54.456+0000][gc,heap       ] GC(37) Humongous regions: 140->140
[2023-08-11T10:51:54.456+0000][gc,metaspace  ] GC(37) Metaspace: 114852K(120292K)->114852K(120292K) NonClass: 101262K(104396K)->101262K(104396K) Class: 13590K(15896K)->13590K(15896K)
[2023-08-11T10:51:54.456+0000][gc            ] GC(37) Pause Young (Normal) (G1 Evacuation Pause) 846M->258M(1024M) 17.861ms
[2023-08-11T10:51:54.456+0000][gc,cpu        ] GC(37) User=0.11s Sys=0.02s Real=0.02s
[2023-08-11T10:53:39.471+0000][gc,start      ] GC(38) Pause Young (Normal) (G1 Evacuation Pause)
[2023-08-11T10:53:39.471+0000][gc,task       ] GC(38) Using 8 workers of 8 for evacuation
[2023-08-11T10:53:39.488+0000][gc,phases     ] GC(38)   Pre Evacuate Collection Set: 0.0ms
[2023-08-11T10:53:39.488+0000][gc,phases     ] GC(38)   Evacuate Collection Set: 16.1ms
[2023-08-11T10:53:39.488+0000][gc,phases     ] GC(38)   Post Evacuate Collection Set: 0.7ms
[2023-08-11T10:53:39.488+0000][gc,phases     ] GC(38)   Other: 0.4ms
[2023-08-11T10:53:39.488+0000][gc,heap       ] GC(38) Eden regions: 383->0(303)
[2023-08-11T10:53:39.488+0000][gc,heap       ] GC(38) Survivor regions: 26->32(52)
[2023-08-11T10:53:39.488+0000][gc,heap       ] GC(38) Old regions: 93->93
[2023-08-11T10:53:39.488+0000][gc,heap       ] GC(38) Humongous regions: 140->140
[2023-08-11T10:53:39.488+0000][gc,metaspace  ] GC(38) Metaspace: 114990K(120292K)->114990K(120292K) NonClass: 101375K(104396K)->101375K(104396K) Class: 13615K(15896K)->13615K(15896K)
[2023-08-11T10:53:39.488+0000][gc            ] GC(38) Pause Young (Normal) (G1 Evacuation Pause) 641M->264M(1024M) 17.294ms
[2023-08-11T10:53:39.488+0000][gc,cpu        ] GC(38) User=0.12s Sys=0.00s Real=0.01s
[2023-08-11T10:54:54.361+0000][gc,start      ] GC(39) Pause Young (Normal) (G1 Evacuation Pause)
[2023-08-11T10:54:54.361+0000][gc,task       ] GC(39) Using 8 workers of 8 for evacuation
[2023-08-11T10:54:54.381+0000][gc,phases     ] GC(39)   Pre Evacuate Collection Set: 0.0ms
[2023-08-11T10:54:54.381+0000][gc,phases     ] GC(39)   Evacuate Collection Set: 18.7ms
[2023-08-11T10:54:54.381+0000][gc,phases     ] GC(39)   Post Evacuate Collection Set: 0.6ms
[2023-08-11T10:54:54.381+0000][gc,phases     ] GC(39)   Other: 0.3ms
[2023-08-11T10:54:54.381+0000][gc,heap       ] GC(39) Eden regions: 303->0(446)
[2023-08-11T10:54:54.381+0000][gc,heap       ] GC(39) Survivor regions: 32->23(42)
[2023-08-11T10:54:54.381+0000][gc,heap       ] GC(39) Old regions: 93->104
[2023-08-11T10:54:54.381+0000][gc,heap       ] GC(39) Humongous regions: 140->140
[2023-08-11T10:54:54.381+0000][gc,metaspace  ] GC(39) Metaspace: 115038K(120292K)->115038K(120292K) NonClass: 101423K(104396K)->101423K(104396K) Class: 13615K(15896K)->13615K(15896K)
[2023-08-11T10:54:54.381+0000][gc            ] GC(39) Pause Young (Normal) (G1 Evacuation Pause) 567M->266M(1024M) 19.795ms
[2023-08-11T10:54:54.381+0000][gc,cpu        ] GC(39) User=0.14s Sys=0.01s Real=0.02s
[2023-08-11T10:56:34.355+0000][gc,start      ] GC(40) Pause Young (Normal) (G1 Evacuation Pause)
[2023-08-11T10:56:34.355+0000][gc,task       ] GC(40) Using 8 workers of 8 for evacuation
[2023-08-11T10:56:34.370+0000][gc,phases     ] GC(40)   Pre Evacuate Collection Set: 0.0ms
[2023-08-11T10:56:34.370+0000][gc,phases     ] GC(40)   Evacuate Collection Set: 14.1ms
[2023-08-11T10:56:34.370+0000][gc,phases     ] GC(40)   Post Evacuate Collection Set: 0.7ms
[2023-08-11T10:56:34.370+0000][gc,phases     ] GC(40)   Other: 0.3ms
[2023-08-11T10:56:34.370+0000][gc,heap       ] GC(40) Eden regions: 394->0(343)
[2023-08-11T10:56:34.370+0000][gc,heap       ] GC(40) Survivor regions: 23->28(53)
[2023-08-11T10:56:34.370+0000][gc,heap       ] GC(40) Old regions: 104->104
[2023-08-11T10:56:34.370+0000][gc,heap       ] GC(40) Humongous regions: 140->140
[2023-08-11T10:56:34.370+0000][gc,metaspace  ] GC(40) Metaspace: 115148K(120548K)->115148K(120548K) NonClass: 101533K(104652K)->101533K(104652K) Class: 13615K(15896K)->13615K(15896K)
[2023-08-11T10:56:34.370+0000][gc            ] GC(40) Pause Young (Normal) (G1 Evacuation Pause) 660M->271M(1024M) 15.265ms
[2023-08-11T10:56:34.370+0000][gc,cpu        ] GC(40) User=0.11s Sys=0.00s Real=0.01s
[2023-08-11T10:57:32.900+0000][gc,start      ] GC(41) Pause Young (Normal) (G1 Evacuation Pause)
[2023-08-11T10:57:32.900+0000][gc,task       ] GC(41) Using 8 workers of 8 for evacuation
[2023-08-11T10:57:32.918+0000][gc,phases     ] GC(41)   Pre Evacuate Collection Set: 0.0ms
[2023-08-11T10:57:32.918+0000][gc,phases     ] GC(41)   Evacuate Collection Set: 16.5ms
[2023-08-11T10:57:32.918+0000][gc,phases     ] GC(41)   Post Evacuate Collection Set: 0.6ms
[2023-08-11T10:57:32.918+0000][gc,phases     ] GC(41)   Other: 0.3ms
[2023-08-11T10:57:32.918+0000][gc,heap       ] GC(41) Eden regions: 218->0(405)
[2023-08-11T10:57:32.918+0000][gc,heap       ] GC(41) Survivor regions: 28->20(31)
[2023-08-11T10:57:32.918+0000][gc,heap       ] GC(41) Old regions: 104->116
[2023-08-11T10:57:32.918+0000][gc,heap       ] GC(41) Humongous regions: 140->140
[2023-08-11T10:57:32.918+0000][gc,metaspace  ] GC(41) Metaspace: 115173K(120548K)->115173K(120548K) NonClass: 101558K(104652K)->101558K(104652K) Class: 13615K(15896K)->13615K(15896K)
[2023-08-11T10:57:32.918+0000][gc            ] GC(41) Pause Young (Normal) (G1 Evacuation Pause) 489M->275M(1024M) 17.530ms
[2023-08-11T10:57:32.918+0000][gc,cpu        ] GC(41) User=0.13s Sys=0.00s Real=0.01s
[2023-08-11T10:59:14.899+0000][gc,start      ] GC(42) Pause Young (Normal) (G1 Evacuation Pause)
[2023-08-11T10:59:14.900+0000][gc,task       ] GC(42) Using 8 workers of 8 for evacuation
[2023-08-11T10:59:14.913+0000][gc,phases     ] GC(42)   Pre Evacuate Collection Set: 0.0ms
[2023-08-11T10:59:14.913+0000][gc,phases     ] GC(42)   Evacuate Collection Set: 12.5ms
[2023-08-11T10:59:14.913+0000][gc,phases     ] GC(42)   Post Evacuate Collection Set: 0.7ms
[2023-08-11T10:59:14.913+0000][gc,phases     ] GC(42)   Other: 0.3ms
[2023-08-11T10:59:14.913+0000][gc,heap       ] GC(42) Eden regions: 405->0(410)
[2023-08-11T10:59:14.913+0000][gc,heap       ] GC(42) Survivor regions: 20->23(54)
[2023-08-11T10:59:14.913+0000][gc,heap       ] GC(42) Old regions: 116->116
[2023-08-11T10:59:14.913+0000][gc,heap       ] GC(42) Humongous regions: 140->140
[2023-08-11T10:59:14.913+0000][gc,metaspace  ] GC(42) Metaspace: 115321K(120804K)->115321K(120804K) NonClass: 101706K(104908K)->101706K(104908K) Class: 13615K(15896K)->13615K(15896K)
[2023-08-11T10:59:14.913+0000][gc            ] GC(42) Pause Young (Normal) (G1 Evacuation Pause) 680M->278M(1024M) 13.617ms
[2023-08-11T10:59:14.913+0000][gc,cpu        ] GC(42) User=0.10s Sys=0.00s Real=0.01s
[2023-08-11T11:00:54.473+0000][gc,start      ] GC(43) Pause Young (Normal) (G1 Evacuation Pause)
[2023-08-11T11:00:54.473+0000][gc,task       ] GC(43) Using 8 workers of 8 for evacuation
[2023-08-11T11:00:54.488+0000][gc,phases     ] GC(43)   Pre Evacuate Collection Set: 0.0ms
[2023-08-11T11:00:54.488+0000][gc,phases     ] GC(43)   Evacuate Collection Set: 13.8ms
[2023-08-11T11:00:54.488+0000][gc,phases     ] GC(43)   Post Evacuate Collection Set: 0.7ms
[2023-08-11T11:00:54.488+0000][gc,phases     ] GC(43)   Other: 0.3ms
[2023-08-11T11:00:54.488+0000][gc,heap       ] GC(43) Eden regions: 410->0(410)
[2023-08-11T11:00:54.488+0000][gc,heap       ] GC(43) Survivor regions: 23->28(55)
[2023-08-11T11:00:54.488+0000][gc,heap       ] GC(43) Old regions: 116->116
[2023-08-11T11:00:54.488+0000][gc,heap       ] GC(43) Humongous regions: 140->140
[2023-08-11T11:00:54.488+0000][gc,metaspace  ] GC(43) Metaspace: 115349K(120804K)->115349K(120804K) NonClass: 101733K(104908K)->101733K(104908K) Class: 13615K(15896K)->13615K(15896K)
[2023-08-11T11:00:54.488+0000][gc            ] GC(43) Pause Young (Normal) (G1 Evacuation Pause) 688M->283M(1024M) 14.952ms
[2023-08-11T11:00:54.488+0000][gc,cpu        ] GC(43) User=0.11s Sys=0.00s Real=0.01s
[2023-08-11T11:02:51.359+0000][gc,start      ] GC(44) Pause Young (Normal) (G1 Evacuation Pause)
[2023-08-11T11:02:51.359+0000][gc,task       ] GC(44) Using 8 workers of 8 for evacuation
[2023-08-11T11:02:51.376+0000][gc,phases     ] GC(44)   Pre Evacuate Collection Set: 0.0ms
[2023-08-11T11:02:51.376+0000][gc,phases     ] GC(44)   Evacuate Collection Set: 15.5ms
[2023-08-11T11:02:51.376+0000][gc,phases     ] GC(44)   Post Evacuate Collection Set: 0.7ms
[2023-08-11T11:02:51.376+0000][gc,phases     ] GC(44)   Other: 0.3ms
[2023-08-11T11:02:51.376+0000][gc,heap       ] GC(44) Eden regions: 410->0(414)
[2023-08-11T11:02:51.376+0000][gc,heap       ] GC(44) Survivor regions: 28->33(55)
[2023-08-11T11:02:51.376+0000][gc,heap       ] GC(44) Old regions: 116->116
[2023-08-11T11:02:51.376+0000][gc,heap       ] GC(44) Humongous regions: 140->140
[2023-08-11T11:02:51.376+0000][gc,metaspace  ] GC(44) Metaspace: 115380K(120804K)->115380K(120804K) NonClass: 101764K(104908K)->101764K(104908K) Class: 13616K(15896K)->13616K(15896K)
[2023-08-11T11:02:51.376+0000][gc            ] GC(44) Pause Young (Normal) (G1 Evacuation Pause) 693M->288M(1024M) 16.727ms
[2023-08-11T11:02:51.376+0000][gc,cpu        ] GC(44) User=0.13s Sys=0.00s Real=0.01s
[2023-08-11T11:04:24.470+0000][gc,start      ] GC(45) Pause Young (Normal) (G1 Evacuation Pause)
[2023-08-11T11:04:24.470+0000][gc,task       ] GC(45) Using 8 workers of 8 for evacuation
[2023-08-11T11:04:24.490+0000][gc,phases     ] GC(45)   Pre Evacuate Collection Set: 0.0ms
[2023-08-11T11:04:24.490+0000][gc,phases     ] GC(45)   Evacuate Collection Set: 18.6ms
[2023-08-11T11:04:24.490+0000][gc,phases     ] GC(45)   Post Evacuate Collection Set: 0.7ms
[2023-08-11T11:04:24.490+0000][gc,phases     ] GC(45)   Other: 0.4ms
[2023-08-11T11:04:24.490+0000][gc,heap       ] GC(45) Eden regions: 414->0(403)
[2023-08-11T11:04:24.490+0000][gc,heap       ] GC(45) Survivor regions: 33->32(56)
[2023-08-11T11:04:24.490+0000][gc,heap       ] GC(45) Old regions: 116->120
[2023-08-11T11:04:24.490+0000][gc,heap       ] GC(45) Humongous regions: 140->140
[2023-08-11T11:04:24.490+0000][gc,metaspace  ] GC(45) Metaspace: 115442K(120804K)->115442K(120804K) NonClass: 101826K(104908K)->101826K(104908K) Class: 13616K(15896K)->13616K(15896K)
[2023-08-11T11:04:24.490+0000][gc            ] GC(45) Pause Young (Normal) (G1 Evacuation Pause) 702M->291M(1024M) 19.775ms
[2023-08-11T11:04:24.490+0000][gc,cpu        ] GC(45) User=0.15s Sys=0.00s Real=0.02s
[2023-08-11T11:06:09.471+0000][gc,start      ] GC(46) Pause Young (Normal) (G1 Evacuation Pause)
[2023-08-11T11:06:09.471+0000][gc,task       ] GC(46) Using 8 workers of 8 for evacuation
[2023-08-11T11:06:09.495+0000][gc,mmu        ] GC(46) MMU target violated: 21.0ms (20.0ms/21.0ms)
[2023-08-11T11:06:09.495+0000][gc,phases     ] GC(46)   Pre Evacuate Collection Set: 0.0ms
[2023-08-11T11:06:09.495+0000][gc,phases     ] GC(46)   Evacuate Collection Set: 23.1ms
[2023-08-11T11:06:09.495+0000][gc,phases     ] GC(46)   Post Evacuate Collection Set: 0.7ms
[2023-08-11T11:06:09.495+0000][gc,phases     ] GC(46)   Other: 0.4ms
[2023-08-11T11:06:09.495+0000][gc,heap       ] GC(46) Eden regions: 369->0(371)
[2023-08-11T11:06:09.495+0000][gc,heap       ] GC(46) Survivor regions: 32->30(51)
[2023-08-11T11:06:09.495+0000][gc,heap       ] GC(46) Old regions: 120->128
[2023-08-11T11:06:09.495+0000][gc,heap       ] GC(46) Humongous regions: 140->140
[2023-08-11T11:06:09.495+0000][gc,metaspace  ] GC(46) Metaspace: 115447K(120804K)->115447K(120804K) NonClass: 101831K(104908K)->101831K(104908K) Class: 13616K(15896K)->13616K(15896K)
[2023-08-11T11:06:09.495+0000][gc            ] GC(46) Pause Young (Normal) (G1 Evacuation Pause) 660M->296M(1024M) 24.372ms
[2023-08-11T11:06:09.495+0000][gc,cpu        ] GC(46) User=0.16s Sys=0.01s Real=0.02s
[2023-08-11T11:07:16.026+0000][gc,start      ] GC(47) Pause Young (Normal) (G1 Evacuation Pause)
[2023-08-11T11:07:16.026+0000][gc,task       ] GC(47) Using 8 workers of 8 for evacuation
[2023-08-11T11:07:16.044+0000][gc,phases     ] GC(47)   Pre Evacuate Collection Set: 0.0ms
[2023-08-11T11:07:16.044+0000][gc,phases     ] GC(47)   Evacuate Collection Set: 16.9ms
[2023-08-11T11:07:16.044+0000][gc,phases     ] GC(47)   Post Evacuate Collection Set: 0.6ms
[2023-08-11T11:07:16.044+0000][gc,phases     ] GC(47)   Other: 0.3ms
[2023-08-11T11:07:16.044+0000][gc,heap       ] GC(47) Eden regions: 297->0(475)
[2023-08-11T11:07:16.044+0000][gc,heap       ] GC(47) Survivor regions: 30->20(41)
[2023-08-11T11:07:16.044+0000][gc,heap       ] GC(47) Old regions: 128->139
[2023-08-11T11:07:16.044+0000][gc,heap       ] GC(47) Humongous regions: 140->140
[2023-08-11T11:07:16.044+0000][gc,metaspace  ] GC(47) Metaspace: 115473K(120804K)->115473K(120804K) NonClass: 101856K(104908K)->101856K(104908K) Class: 13616K(15896K)->13616K(15896K)
[2023-08-11T11:07:16.044+0000][gc            ] GC(47) Pause Young (Normal) (G1 Evacuation Pause) 593M->298M(1024M) 18.008ms
[2023-08-11T11:07:16.044+0000][gc,cpu        ] GC(47) User=0.13s Sys=0.00s Real=0.02s
[2023-08-11T11:09:20.676+0000][gc,start      ] GC(48) Pause Young (Normal) (G1 Evacuation Pause)
[2023-08-11T11:09:20.676+0000][gc,task       ] GC(48) Using 8 workers of 8 for evacuation
[2023-08-11T11:09:20.691+0000][gc,phases     ] GC(48)   Pre Evacuate Collection Set: 0.0ms
[2023-08-11T11:09:20.691+0000][gc,phases     ] GC(48)   Evacuate Collection Set: 14.2ms
[2023-08-11T11:09:20.691+0000][gc,phases     ] GC(48)   Post Evacuate Collection Set: 0.6ms
[2023-08-11T11:09:20.691+0000][gc,phases     ] GC(48)   Other: 0.3ms
[2023-08-11T11:09:20.691+0000][gc,heap       ] GC(48) Eden regions: 450->0(444)
[2023-08-11T11:09:20.691+0000][gc,heap       ] GC(48) Survivor regions: 20->26(59)
[2023-08-11T11:09:20.691+0000][gc,heap       ] GC(48) Old regions: 139->139
[2023-08-11T11:09:20.691+0000][gc,heap       ] GC(48) Humongous regions: 140->140
[2023-08-11T11:09:20.691+0000][gc,metaspace  ] GC(48) Metaspace: 115513K(120804K)->115513K(120804K) NonClass: 101896K(104908K)->101896K(104908K) Class: 13616K(15896K)->13616K(15896K)
[2023-08-11T11:09:20.691+0000][gc            ] GC(48) Pause Young (Normal) (G1 Evacuation Pause) 748M->304M(1024M) 15.294ms
[2023-08-11T11:09:20.691+0000][gc,cpu        ] GC(48) User=0.10s Sys=0.01s Real=0.02s
[2023-08-11T11:10:54.473+0000][gc,start      ] GC(49) Pause Young (Normal) (G1 Evacuation Pause)
[2023-08-11T11:10:54.473+0000][gc,task       ] GC(49) Using 8 workers of 8 for evacuation
[2023-08-11T11:10:54.490+0000][gc,phases     ] GC(49)   Pre Evacuate Collection Set: 0.0ms
[2023-08-11T11:10:54.490+0000][gc,phases     ] GC(49)   Evacuate Collection Set: 15.9ms
[2023-08-11T11:10:54.490+0000][gc,phases     ] GC(49)   Post Evacuate Collection Set: 0.7ms
[2023-08-11T11:10:54.490+0000][gc,phases     ] GC(49)   Other: 0.3ms
[2023-08-11T11:10:54.490+0000][gc,heap       ] GC(49) Eden regions: 402->0(424)
[2023-08-11T11:10:54.490+0000][gc,heap       ] GC(49) Survivor regions: 26->30(54)
[2023-08-11T11:10:54.490+0000][gc,heap       ] GC(49) Old regions: 139->139
[2023-08-11T11:10:54.490+0000][gc,heap       ] GC(49) Humongous regions: 140->140
[2023-08-11T11:10:54.490+0000][gc,metaspace  ] GC(49) Metaspace: 115563K(121060K)->115563K(121060K) NonClass: 101947K(105164K)->101947K(105164K) Class: 13616K(15896K)->13616K(15896K)
[2023-08-11T11:10:54.490+0000][gc            ] GC(49) Pause Young (Normal) (G1 Evacuation Pause) 706M->308M(1024M) 17.097ms
[2023-08-11T11:10:54.490+0000][gc,cpu        ] GC(49) User=0.13s Sys=0.00s Real=0.01s
[2023-08-11T11:12:24.382+0000][gc,start      ] GC(50) Pause Young (Normal) (G1 Evacuation Pause)
[2023-08-11T11:12:24.382+0000][gc,task       ] GC(50) Using 8 workers of 8 for evacuation
[2023-08-11T11:12:24.401+0000][gc,phases     ] GC(50)   Pre Evacuate Collection Set: 0.0ms
[2023-08-11T11:12:24.402+0000][gc,phases     ] GC(50)   Evacuate Collection Set: 18.6ms
[2023-08-11T11:12:24.402+0000][gc,phases     ] GC(50)   Post Evacuate Collection Set: 0.7ms
[2023-08-11T11:12:24.402+0000][gc,phases     ] GC(50)   Other: 0.4ms
[2023-08-11T11:12:24.402+0000][gc,heap       ] GC(50) Eden regions: 328->0(441)
[2023-08-11T11:12:24.402+0000][gc,heap       ] GC(50) Survivor regions: 30->26(45)
[2023-08-11T11:12:24.402+0000][gc,heap       ] GC(50) Old regions: 139->148
[2023-08-11T11:12:24.402+0000][gc,heap       ] GC(50) Humongous regions: 140->140
[2023-08-11T11:12:24.402+0000][gc,metaspace  ] GC(50) Metaspace: 115584K(121060K)->115584K(121060K) NonClass: 101967K(105164K)->101967K(105164K) Class: 13616K(15896K)->13616K(15896K)
[2023-08-11T11:12:24.402+0000][gc            ] GC(50) Pause Young (Normal) (G1 Evacuation Pause) 636M->313M(1024M) 19.682ms
[2023-08-11T11:12:24.402+0000][gc,cpu        ] GC(50) User=0.14s Sys=0.00s Real=0.02s
[2023-08-11T11:13:54.440+0000][gc,start      ] GC(51) Pause Young (Normal) (G1 Evacuation Pause)
[2023-08-11T11:13:54.440+0000][gc,task       ] GC(51) Using 8 workers of 8 for evacuation
[2023-08-11T11:13:54.456+0000][gc,phases     ] GC(51)   Pre Evacuate Collection Set: 0.0ms
[2023-08-11T11:13:54.456+0000][gc,phases     ] GC(51)   Evacuate Collection Set: 15.6ms
[2023-08-11T11:13:54.456+0000][gc,phases     ] GC(51)   Post Evacuate Collection Set: 0.7ms
[2023-08-11T11:13:54.456+0000][gc,phases     ] GC(51)   Other: 0.3ms
[2023-08-11T11:13:54.456+0000][gc,heap       ] GC(51) Eden regions: 399->0(440)
[2023-08-11T11:13:54.456+0000][gc,heap       ] GC(51) Survivor regions: 26->29(54)
[2023-08-11T11:13:54.456+0000][gc,heap       ] GC(51) Old regions: 148->148
[2023-08-11T11:13:54.456+0000][gc,heap       ] GC(51) Humongous regions: 140->140
[2023-08-11T11:13:54.456+0000][gc,metaspace  ] GC(51) Metaspace: 116449K(122084K)->116449K(122084K) NonClass: 102710K(105932K)->102710K(105932K) Class: 13738K(16152K)->13738K(16152K)
[2023-08-11T11:13:54.456+0000][gc            ] GC(51) Pause Young (Normal) (G1 Evacuation Pause) 712M->316M(1024M) 16.687ms
[2023-08-11T11:13:54.456+0000][gc,cpu        ] GC(51) User=0.13s Sys=0.00s Real=0.01s
[2023-08-11T11:15:20.150+0000][gc,start      ] GC(52) Pause Young (Normal) (G1 Evacuation Pause)
[2023-08-11T11:15:20.150+0000][gc,task       ] GC(52) Using 8 workers of 8 for evacuation
[2023-08-11T11:15:20.172+0000][gc,mmu        ] GC(52) MMU target violated: 21.0ms (20.0ms/21.0ms)
[2023-08-11T11:15:20.172+0000][gc,phases     ] GC(52)   Pre Evacuate Collection Set: 0.0ms
[2023-08-11T11:15:20.172+0000][gc,phases     ] GC(52)   Evacuate Collection Set: 20.7ms
[2023-08-11T11:15:20.172+0000][gc,phases     ] GC(52)   Post Evacuate Collection Set: 0.7ms
[2023-08-11T11:15:20.172+0000][gc,phases     ] GC(52)   Other: 0.4ms
[2023-08-11T11:15:20.172+0000][gc,heap       ] GC(52) Eden regions: 301->0(327)
[2023-08-11T11:15:20.172+0000][gc,heap       ] GC(52) Survivor regions: 29->25(42)
[2023-08-11T11:15:20.172+0000][gc,heap       ] GC(52) Old regions: 148->156
[2023-08-11T11:15:20.172+0000][gc,heap       ] GC(52) Humongous regions: 140->140
[2023-08-11T11:15:20.172+0000][gc,metaspace  ] GC(52) Metaspace: 116471K(122084K)->116471K(122084K) NonClass: 102732K(105932K)->102732K(105932K) Class: 13738K(16152K)->13738K(16152K)
[2023-08-11T11:15:20.172+0000][gc            ] GC(52) Pause Young (Normal) (G1 Evacuation Pause) 617M->320M(1024M) 21.838ms
[2023-08-11T11:15:20.172+0000][gc,cpu        ] GC(52) User=0.14s Sys=0.01s Real=0.03s
[2023-08-11T11:16:13.759+0000][gc,start      ] GC(53) Pause Young (Normal) (G1 Evacuation Pause)
[2023-08-11T11:16:13.759+0000][gc,task       ] GC(53) Using 8 workers of 8 for evacuation
[2023-08-11T11:16:13.776+0000][gc,phases     ] GC(53)   Pre Evacuate Collection Set: 0.0ms
[2023-08-11T11:16:13.776+0000][gc,phases     ] GC(53)   Evacuate Collection Set: 15.6ms
[2023-08-11T11:16:13.776+0000][gc,phases     ] GC(53)   Post Evacuate Collection Set: 0.6ms
[2023-08-11T11:16:13.776+0000][gc,phases     ] GC(53)   Other: 0.3ms
[2023-08-11T11:16:13.776+0000][gc,heap       ] GC(53) Eden regions: 248->0(306)
[2023-08-11T11:16:13.776+0000][gc,heap       ] GC(53) Survivor regions: 25->18(35)
[2023-08-11T11:16:13.776+0000][gc,heap       ] GC(53) Old regions: 156->166
[2023-08-11T11:16:13.776+0000][gc,heap       ] GC(53) Humongous regions: 140->140
[2023-08-11T11:16:13.776+0000][gc,metaspace  ] GC(53) Metaspace: 116476K(122084K)->116476K(122084K) NonClass: 102737K(105932K)->102737K(105932K) Class: 13738K(16152K)->13738K(16152K)
[2023-08-11T11:16:13.776+0000][gc            ] GC(53) Pause Young (Normal) (G1 Evacuation Pause) 568M->322M(1024M) 16.657ms
[2023-08-11T11:16:13.776+0000][gc,cpu        ] GC(53) User=0.12s Sys=0.00s Real=0.01s
[2023-08-11T11:17:32.740+0000][gc,start      ] GC(54) Pause Young (Normal) (G1 Evacuation Pause)
[2023-08-11T11:17:32.740+0000][gc,task       ] GC(54) Using 8 workers of 8 for evacuation
[2023-08-11T11:17:32.755+0000][gc,phases     ] GC(54)   Pre Evacuate Collection Set: 0.0ms
[2023-08-11T11:17:32.755+0000][gc,phases     ] GC(54)   Evacuate Collection Set: 14.1ms
[2023-08-11T11:17:32.755+0000][gc,phases     ] GC(54)   Post Evacuate Collection Set: 0.7ms
[2023-08-11T11:17:32.755+0000][gc,phases     ] GC(54)   Other: 0.3ms
[2023-08-11T11:17:32.755+0000][gc,heap       ] GC(54) Eden regions: 306->0(304)
[2023-08-11T11:17:32.755+0000][gc,heap       ] GC(54) Survivor regions: 18->22(41)
[2023-08-11T11:17:32.755+0000][gc,heap       ] GC(54) Old regions: 166->166
[2023-08-11T11:17:32.755+0000][gc,heap       ] GC(54) Humongous regions: 140->140
[2023-08-11T11:17:32.755+0000][gc,metaspace  ] GC(54) Metaspace: 116484K(122084K)->116484K(122084K) NonClass: 102745K(105932K)->102745K(105932K) Class: 13738K(16152K)->13738K(16152K)
[2023-08-11T11:17:32.755+0000][gc            ] GC(54) Pause Young (Normal) (G1 Evacuation Pause) 628M->326M(1024M) 15.203ms
[2023-08-11T11:17:32.755+0000][gc,cpu        ] GC(54) User=0.11s Sys=0.00s Real=0.01s
[2023-08-11T11:18:39.438+0000][gc,start      ] GC(55) Pause Young (Normal) (G1 Evacuation Pause)
[2023-08-11T11:18:39.438+0000][gc,task       ] GC(55) Using 8 workers of 8 for evacuation
[2023-08-11T11:18:39.453+0000][gc,phases     ] GC(55)   Pre Evacuate Collection Set: 0.0ms
[2023-08-11T11:18:39.453+0000][gc,phases     ] GC(55)   Evacuate Collection Set: 14.3ms
[2023-08-11T11:18:39.453+0000][gc,phases     ] GC(55)   Post Evacuate Collection Set: 0.6ms
[2023-08-11T11:18:39.453+0000][gc,phases     ] GC(55)   Other: 0.3ms
[2023-08-11T11:18:39.453+0000][gc,heap       ] GC(55) Eden regions: 277->0(323)
[2023-08-11T11:18:39.453+0000][gc,heap       ] GC(55) Survivor regions: 22->20(38)
[2023-08-11T11:18:39.453+0000][gc,heap       ] GC(55) Old regions: 166->170
[2023-08-11T11:18:39.453+0000][gc,heap       ] GC(55) Humongous regions: 140->140
[2023-08-11T11:18:39.453+0000][gc,metaspace  ] GC(55) Metaspace: 116491K(122084K)->116491K(122084K) NonClass: 102753K(105932K)->102753K(105932K) Class: 13738K(16152K)->13738K(16152K)
[2023-08-11T11:18:39.453+0000][gc            ] GC(55) Pause Young (Normal) (G1 Evacuation Pause) 603M->329M(1024M) 15.289ms
[2023-08-11T11:18:39.453+0000][gc,cpu        ] GC(55) User=0.12s Sys=0.00s Real=0.02s
[2023-08-11T11:19:54.471+0000][gc,start      ] GC(56) Pause Young (Normal) (G1 Evacuation Pause)
[2023-08-11T11:19:54.471+0000][gc,task       ] GC(56) Using 8 workers of 8 for evacuation
[2023-08-11T11:19:54.486+0000][gc,phases     ] GC(56)   Pre Evacuate Collection Set: 0.0ms
[2023-08-11T11:19:54.486+0000][gc,phases     ] GC(56)   Evacuate Collection Set: 13.6ms
[2023-08-11T11:19:54.486+0000][gc,phases     ] GC(56)   Post Evacuate Collection Set: 0.7ms
[2023-08-11T11:19:54.486+0000][gc,phases     ] GC(56)   Other: 0.4ms
[2023-08-11T11:19:54.486+0000][gc,heap       ] GC(56) Eden regions: 298->0(314)
[2023-08-11T11:19:54.486+0000][gc,heap       ] GC(56) Survivor regions: 20->25(40)
[2023-08-11T11:19:54.486+0000][gc,heap       ] GC(56) Old regions: 170->170
[2023-08-11T11:19:54.486+0000][gc,heap       ] GC(56) Humongous regions: 140->140
[2023-08-11T11:19:54.486+0000][gc,metaspace  ] GC(56) Metaspace: 116533K(122084K)->116533K(122084K) NonClass: 102795K(105932K)->102795K(105932K) Class: 13738K(16152K)->13738K(16152K)
[2023-08-11T11:19:54.486+0000][gc            ] GC(56) Pause Young (Normal) (G1 Evacuation Pause) 627M->334M(1024M) 14.774ms
[2023-08-11T11:19:54.486+0000][gc,cpu        ] GC(56) User=0.11s Sys=0.00s Real=0.01s
[2023-08-11T11:21:17.744+0000][gc,start      ] GC(57) Pause Young (Normal) (G1 Evacuation Pause)
[2023-08-11T11:21:17.744+0000][gc,task       ] GC(57) Using 8 workers of 8 for evacuation
[2023-08-11T11:21:17.760+0000][gc,phases     ] GC(57)   Pre Evacuate Collection Set: 0.0ms
[2023-08-11T11:21:17.760+0000][gc,phases     ] GC(57)   Evacuate Collection Set: 15.2ms
[2023-08-11T11:21:17.760+0000][gc,phases     ] GC(57)   Post Evacuate Collection Set: 0.7ms
[2023-08-11T11:21:17.760+0000][gc,phases     ] GC(57)   Other: 0.4ms
[2023-08-11T11:21:17.760+0000][gc,heap       ] GC(57) Eden regions: 297->0(326)
[2023-08-11T11:21:17.760+0000][gc,heap       ] GC(57) Survivor regions: 25->24(41)
[2023-08-11T11:21:17.760+0000][gc,heap       ] GC(57) Old regions: 170->174
[2023-08-11T11:21:17.761+0000][gc,heap       ] GC(57) Humongous regions: 140->140
[2023-08-11T11:21:17.761+0000][gc,metaspace  ] GC(57) Metaspace: 116538K(122084K)->116538K(122084K) NonClass: 102799K(105932K)->102799K(105932K) Class: 13738K(16152K)->13738K(16152K)
[2023-08-11T11:21:17.761+0000][gc            ] GC(57) Pause Young (Normal) (G1 Evacuation Pause) 631M->337M(1024M) 16.320ms
[2023-08-11T11:21:17.761+0000][gc,cpu        ] GC(57) User=0.12s Sys=0.01s Real=0.02s
[2023-08-11T11:22:29.598+0000][gc,start      ] GC(58) Pause Young (Normal) (G1 Evacuation Pause)
[2023-08-11T11:22:29.598+0000][gc,task       ] GC(58) Using 8 workers of 8 for evacuation
[2023-08-11T11:22:29.613+0000][gc,phases     ] GC(58)   Pre Evacuate Collection Set: 0.0ms
[2023-08-11T11:22:29.613+0000][gc,phases     ] GC(58)   Evacuate Collection Set: 14.7ms
[2023-08-11T11:22:29.613+0000][gc,phases     ] GC(58)   Post Evacuate Collection Set: 0.7ms
[2023-08-11T11:22:29.613+0000][gc,phases     ] GC(58)   Other: 0.4ms
[2023-08-11T11:22:29.613+0000][gc,heap       ] GC(58) Eden regions: 326->0(345)
[2023-08-11T11:22:29.613+0000][gc,heap       ] GC(58) Survivor regions: 24->23(44)
[2023-08-11T11:22:29.613+0000][gc,heap       ] GC(58) Old regions: 174->178
[2023-08-11T11:22:29.613+0000][gc,heap       ] GC(58) Humongous regions: 140->140
[2023-08-11T11:22:29.613+0000][gc,metaspace  ] GC(58) Metaspace: 116556K(122084K)->116556K(122084K) NonClass: 102817K(105932K)->102817K(105932K) Class: 13738K(16152K)->13738K(16152K)
[2023-08-11T11:22:29.613+0000][gc            ] GC(58) Pause Young (Normal) (G1 Evacuation Pause) 663M->340M(1024M) 15.864ms
[2023-08-11T11:22:29.613+0000][gc,cpu        ] GC(58) User=0.12s Sys=0.00s Real=0.02s
[2023-08-11T11:24:03.538+0000][gc,start      ] GC(59) Pause Young (Normal) (G1 Evacuation Pause)
[2023-08-11T11:24:03.538+0000][gc,task       ] GC(59) Using 8 workers of 8 for evacuation
[2023-08-11T11:24:03.554+0000][gc,phases     ] GC(59)   Pre Evacuate Collection Set: 0.0ms
[2023-08-11T11:24:03.554+0000][gc,phases     ] GC(59)   Evacuate Collection Set: 14.7ms
[2023-08-11T11:24:03.554+0000][gc,phases     ] GC(59)   Post Evacuate Collection Set: 0.8ms
[2023-08-11T11:24:03.554+0000][gc,phases     ] GC(59)   Other: 0.4ms
[2023-08-11T11:24:03.554+0000][gc,heap       ] GC(59) Eden regions: 345->0(355)
[2023-08-11T11:24:03.554+0000][gc,heap       ] GC(59) Survivor regions: 23->27(46)
[2023-08-11T11:24:03.554+0000][gc,heap       ] GC(59) Old regions: 178->178
[2023-08-11T11:24:03.554+0000][gc,heap       ] GC(59) Humongous regions: 140->140
[2023-08-11T11:24:03.554+0000][gc,metaspace  ] GC(59) Metaspace: 116604K(122340K)->116604K(122340K) NonClass: 102865K(106188K)->102865K(106188K) Class: 13738K(16152K)->13738K(16152K)
[2023-08-11T11:24:03.554+0000][gc            ] GC(59) Pause Young (Normal) (G1 Evacuation Pause) 685M->344M(1024M) 15.972ms
[2023-08-11T11:24:03.554+0000][gc,cpu        ] GC(59) User=0.12s Sys=0.00s Real=0.02s
[2023-08-11T11:25:24.556+0000][gc,start      ] GC(60) Pause Young (Normal) (G1 Evacuation Pause)
[2023-08-11T11:25:24.556+0000][gc,task       ] GC(60) Using 8 workers of 8 for evacuation
[2023-08-11T11:25:24.573+0000][gc,phases     ] GC(60)   Pre Evacuate Collection Set: 0.0ms
[2023-08-11T11:25:24.573+0000][gc,phases     ] GC(60)   Evacuate Collection Set: 15.8ms
[2023-08-11T11:25:24.573+0000][gc,phases     ] GC(60)   Post Evacuate Collection Set: 0.7ms
[2023-08-11T11:25:24.573+0000][gc,phases     ] GC(60)   Other: 0.3ms
[2023-08-11T11:25:24.573+0000][gc,heap       ] GC(60) Eden regions: 355->0(362)
[2023-08-11T11:25:24.573+0000][gc,heap       ] GC(60) Survivor regions: 27->29(48)
[2023-08-11T11:25:24.573+0000][gc,heap       ] GC(60) Old regions: 178->181
[2023-08-11T11:25:24.573+0000][gc,heap       ] GC(60) Humongous regions: 140->140
[2023-08-11T11:25:24.573+0000][gc,metaspace  ] GC(60) Metaspace: 116705K(122340K)->116705K(122340K) NonClass: 102966K(106188K)->102966K(106188K) Class: 13738K(16152K)->13738K(16152K)
[2023-08-11T11:25:24.573+0000][gc            ] GC(60) Pause Young (Normal) (G1 Evacuation Pause) 699M->348M(1024M) 16.923ms
[2023-08-11T11:25:24.573+0000][gc,cpu        ] GC(60) User=0.13s Sys=0.00s Real=0.02s
[2023-08-11T11:26:54.393+0000][gc,start      ] GC(61) Pause Young (Normal) (G1 Evacuation Pause)
[2023-08-11T11:26:54.393+0000][gc,task       ] GC(61) Using 8 workers of 8 for evacuation
[2023-08-11T11:26:54.412+0000][gc,phases     ] GC(61)   Pre Evacuate Collection Set: 0.0ms
[2023-08-11T11:26:54.412+0000][gc,phases     ] GC(61)   Evacuate Collection Set: 17.6ms
[2023-08-11T11:26:54.412+0000][gc,phases     ] GC(61)   Post Evacuate Collection Set: 0.7ms
[2023-08-11T11:26:54.412+0000][gc,phases     ] GC(61)   Other: 0.3ms
[2023-08-11T11:26:54.412+0000][gc,heap       ] GC(61) Eden regions: 318->0(365)
[2023-08-11T11:26:54.412+0000][gc,heap       ] GC(61) Survivor regions: 29->26(44)
[2023-08-11T11:26:54.412+0000][gc,heap       ] GC(61) Old regions: 181->187
[2023-08-11T11:26:54.412+0000][gc,heap       ] GC(61) Humongous regions: 140->140
[2023-08-11T11:26:54.412+0000][gc,metaspace  ] GC(61) Metaspace: 116706K(122340K)->116706K(122340K) NonClass: 102967K(106188K)->102967K(106188K) Class: 13739K(16152K)->13739K(16152K)
[2023-08-11T11:26:54.412+0000][gc            ] GC(61) Pause Young (Normal) (G1 Evacuation Pause) 666M->352M(1024M) 18.728ms
[2023-08-11T11:26:54.412+0000][gc,cpu        ] GC(61) User=0.13s Sys=0.00s Real=0.02s
[2023-08-11T11:28:24.368+0000][gc,start      ] GC(62) Pause Young (Normal) (G1 Evacuation Pause)
[2023-08-11T11:28:24.368+0000][gc,task       ] GC(62) Using 8 workers of 8 for evacuation
[2023-08-11T11:28:24.385+0000][gc,phases     ] GC(62)   Pre Evacuate Collection Set: 0.0ms
[2023-08-11T11:28:24.385+0000][gc,phases     ] GC(62)   Evacuate Collection Set: 15.8ms
[2023-08-11T11:28:24.385+0000][gc,phases     ] GC(62)   Post Evacuate Collection Set: 0.7ms
[2023-08-11T11:28:24.385+0000][gc,phases     ] GC(62)   Other: 0.3ms
[2023-08-11T11:28:24.385+0000][gc,heap       ] GC(62) Eden regions: 365->0(374)
[2023-08-11T11:28:24.385+0000][gc,heap       ] GC(62) Survivor regions: 26->30(49)
[2023-08-11T11:28:24.385+0000][gc,heap       ] GC(62) Old regions: 187->187
[2023-08-11T11:28:24.385+0000][gc,heap       ] GC(62) Humongous regions: 140->140
[2023-08-11T11:28:24.385+0000][gc,metaspace  ] GC(62) Metaspace: 116720K(122340K)->116720K(122340K) NonClass: 102980K(106188K)->102980K(106188K) Class: 13739K(16152K)->13739K(16152K)
[2023-08-11T11:28:24.385+0000][gc            ] GC(62) Pause Young (Normal) (G1 Evacuation Pause) 717M->356M(1024M) 16.922ms
[2023-08-11T11:28:24.385+0000][gc,cpu        ] GC(62) User=0.12s Sys=0.00s Real=0.02s
[2023-08-11T11:29:54.345+0000][gc,start      ] GC(63) Pause Young (Normal) (G1 Evacuation Pause)
[2023-08-11T11:29:54.345+0000][gc,task       ] GC(63) Using 8 workers of 8 for evacuation
[2023-08-11T11:29:54.363+0000][gc,phases     ] GC(63)   Pre Evacuate Collection Set: 0.0ms
[2023-08-11T11:29:54.363+0000][gc,phases     ] GC(63)   Evacuate Collection Set: 17.5ms
[2023-08-11T11:29:54.363+0000][gc,phases     ] GC(63)   Post Evacuate Collection Set: 0.7ms
[2023-08-11T11:29:54.363+0000][gc,phases     ] GC(63)   Other: 0.3ms
[2023-08-11T11:29:54.363+0000][gc,heap       ] GC(63) Eden regions: 321->0(374)
[2023-08-11T11:29:54.363+0000][gc,heap       ] GC(63) Survivor regions: 30->26(44)
[2023-08-11T11:29:54.363+0000][gc,heap       ] GC(63) Old regions: 187->194
[2023-08-11T11:29:54.363+0000][gc,heap       ] GC(63) Humongous regions: 140->140
[2023-08-11T11:29:54.363+0000][gc,metaspace  ] GC(63) Metaspace: 116722K(122340K)->116722K(122340K) NonClass: 102982K(106188K)->102982K(106188K) Class: 13739K(16152K)->13739K(16152K)
[2023-08-11T11:29:54.363+0000][gc            ] GC(63) Pause Young (Normal) (G1 Evacuation Pause) 677M->359M(1024M) 18.556ms
[2023-08-11T11:29:54.363+0000][gc,cpu        ] GC(63) User=0.13s Sys=0.00s Real=0.02s
[2023-08-11T11:31:17.737+0000][gc,start      ] GC(64) Pause Young (Normal) (G1 Evacuation Pause)
[2023-08-11T11:31:17.737+0000][gc,task       ] GC(64) Using 8 workers of 8 for evacuation
[2023-08-11T11:31:17.754+0000][gc,phases     ] GC(64)   Pre Evacuate Collection Set: 0.0ms
[2023-08-11T11:31:17.754+0000][gc,phases     ] GC(64)   Evacuate Collection Set: 15.5ms
[2023-08-11T11:31:17.754+0000][gc,phases     ] GC(64)   Post Evacuate Collection Set: 0.7ms
[2023-08-11T11:31:17.754+0000][gc,phases     ] GC(64)   Other: 0.4ms
[2023-08-11T11:31:17.754+0000][gc,heap       ] GC(64) Eden regions: 374->0(378)
[2023-08-11T11:31:17.754+0000][gc,heap       ] GC(64) Survivor regions: 26->29(50)
[2023-08-11T11:31:17.754+0000][gc,heap       ] GC(64) Old regions: 194->194
[2023-08-11T11:31:17.754+0000][gc,heap       ] GC(64) Humongous regions: 140->140
[2023-08-11T11:31:17.754+0000][gc,metaspace  ] GC(64) Metaspace: 116771K(122340K)->116771K(122340K) NonClass: 103031K(106188K)->103031K(106188K) Class: 13739K(16152K)->13739K(16152K)
[2023-08-11T11:31:17.754+0000][gc            ] GC(64) Pause Young (Normal) (G1 Evacuation Pause) 733M->362M(1024M) 16.666ms
[2023-08-11T11:31:17.754+0000][gc,cpu        ] GC(64) User=0.12s Sys=0.00s Real=0.02s
[2023-08-11T11:32:54.976+0000][gc,start      ] GC(65) Pause Young (Normal) (G1 Evacuation Pause)
[2023-08-11T11:32:54.976+0000][gc,task       ] GC(65) Using 8 workers of 8 for evacuation
[2023-08-11T11:32:54.996+0000][gc,phases     ] GC(65)   Pre Evacuate Collection Set: 0.0ms
[2023-08-11T11:32:54.996+0000][gc,phases     ] GC(65)   Evacuate Collection Set: 18.3ms
[2023-08-11T11:32:54.996+0000][gc,phases     ] GC(65)   Post Evacuate Collection Set: 0.7ms
[2023-08-11T11:32:54.996+0000][gc,phases     ] GC(65)   Other: 0.4ms
[2023-08-11T11:32:54.996+0000][gc,heap       ] GC(65) Eden regions: 378->0(378)
[2023-08-11T11:32:54.996+0000][gc,heap       ] GC(65) Survivor regions: 29->31(51)
[2023-08-11T11:32:54.996+0000][gc,heap       ] GC(65) Old regions: 194->197
[2023-08-11T11:32:54.996+0000][gc,heap       ] GC(65) Humongous regions: 140->140
[2023-08-11T11:32:54.996+0000][gc,metaspace  ] GC(65) Metaspace: 116779K(122340K)->116779K(122340K) NonClass: 103040K(106188K)->103040K(106188K) Class: 13739K(16152K)->13739K(16152K)
[2023-08-11T11:32:54.996+0000][gc            ] GC(65) Pause Young (Normal) (G1 Evacuation Pause) 740M->367M(1024M) 19.436ms
[2023-08-11T11:32:54.996+0000][gc,cpu        ] GC(65) User=0.14s Sys=0.00s Real=0.02s
[2023-08-11T11:34:24.474+0000][gc,start      ] GC(66) Pause Young (Normal) (G1 Evacuation Pause)
[2023-08-11T11:34:24.474+0000][gc,task       ] GC(66) Using 8 workers of 8 for evacuation
[2023-08-11T11:34:24.494+0000][gc,phases     ] GC(66)   Pre Evacuate Collection Set: 0.0ms
[2023-08-11T11:34:24.494+0000][gc,phases     ] GC(66)   Evacuate Collection Set: 18.9ms
[2023-08-11T11:34:24.494+0000][gc,phases     ] GC(66)   Post Evacuate Collection Set: 0.7ms
[2023-08-11T11:34:24.494+0000][gc,phases     ] GC(66)   Other: 0.4ms
[2023-08-11T11:34:24.494+0000][gc,heap       ] GC(66) Eden regions: 378->0(368)
[2023-08-11T11:34:24.494+0000][gc,heap       ] GC(66) Survivor regions: 31->32(52)
[2023-08-11T11:34:24.494+0000][gc,heap       ] GC(66) Old regions: 197->201
[2023-08-11T11:34:24.494+0000][gc,heap       ] GC(66) Humongous regions: 140->140
[2023-08-11T11:34:24.494+0000][gc,metaspace  ] GC(66) Metaspace: 116789K(122340K)->116789K(122340K) NonClass: 103050K(106188K)->103050K(106188K) Class: 13739K(16152K)->13739K(16152K)
[2023-08-11T11:34:24.494+0000][gc            ] GC(66) Pause Young (Normal) (G1 Evacuation Pause) 745M->372M(1024M) 20.112ms
[2023-08-11T11:34:24.494+0000][gc,cpu        ] GC(66) User=0.15s Sys=0.00s Real=0.02s
[2023-08-11T11:35:54.346+0000][gc,start      ] GC(67) Pause Young (Normal) (G1 Evacuation Pause)
[2023-08-11T11:35:54.346+0000][gc,task       ] GC(67) Using 8 workers of 8 for evacuation
[2023-08-11T11:35:54.369+0000][gc,mmu        ] GC(67) MMU target violated: 21.0ms (20.0ms/21.0ms)
[2023-08-11T11:35:54.369+0000][gc,phases     ] GC(67)   Pre Evacuate Collection Set: 0.0ms
[2023-08-11T11:35:54.369+0000][gc,phases     ] GC(67)   Evacuate Collection Set: 22.0ms
[2023-08-11T11:35:54.369+0000][gc,phases     ] GC(67)   Post Evacuate Collection Set: 0.7ms
[2023-08-11T11:35:54.369+0000][gc,phases     ] GC(67)   Other: 0.4ms
[2023-08-11T11:35:54.369+0000][gc,heap       ] GC(67) Eden regions: 293->0(391)
[2023-08-11T11:35:54.369+0000][gc,heap       ] GC(67) Survivor regions: 32->23(41)
[2023-08-11T11:35:54.369+0000][gc,heap       ] GC(67) Old regions: 201->213
[2023-08-11T11:35:54.369+0000][gc,heap       ] GC(67) Humongous regions: 140->140
[2023-08-11T11:35:54.369+0000][gc,metaspace  ] GC(67) Metaspace: 116799K(122340K)->116799K(122340K) NonClass: 103060K(106188K)->103060K(106188K) Class: 13739K(16152K)->13739K(16152K)
[2023-08-11T11:35:54.369+0000][gc            ] GC(67) Pause Young (Normal) (G1 Evacuation Pause) 665M->375M(1024M) 23.167ms
[2023-08-11T11:35:54.369+0000][gc,cpu        ] GC(67) User=0.15s Sys=0.01s Real=0.02s
[2023-08-11T11:37:24.342+0000][gc,start      ] GC(68) Pause Young (Normal) (G1 Evacuation Pause)
[2023-08-11T11:37:24.342+0000][gc,task       ] GC(68) Using 8 workers of 8 for evacuation
[2023-08-11T11:37:24.358+0000][gc,phases     ] GC(68)   Pre Evacuate Collection Set: 0.0ms
[2023-08-11T11:37:24.358+0000][gc,phases     ] GC(68)   Evacuate Collection Set: 15.3ms
[2023-08-11T11:37:24.358+0000][gc,phases     ] GC(68)   Post Evacuate Collection Set: 0.7ms
[2023-08-11T11:37:24.358+0000][gc,phases     ] GC(68)   Other: 0.3ms
[2023-08-11T11:37:24.358+0000][gc,heap       ] GC(68) Eden regions: 391->0(380)
[2023-08-11T11:37:24.358+0000][gc,heap       ] GC(68) Survivor regions: 23->28(52)
[2023-08-11T11:37:24.358+0000][gc,heap       ] GC(68) Old regions: 213->213
[2023-08-11T11:37:24.358+0000][gc,heap       ] GC(68) Humongous regions: 140->140
[2023-08-11T11:37:24.358+0000][gc,metaspace  ] GC(68) Metaspace: 116805K(122340K)->116805K(122340K) NonClass: 103066K(106188K)->103066K(106188K) Class: 13739K(16152K)->13739K(16152K)
[2023-08-11T11:37:24.358+0000][gc            ] GC(68) Pause Young (Normal) (G1 Evacuation Pause) 766M->379M(1024M) 16.447ms
[2023-08-11T11:37:24.358+0000][gc,cpu        ] GC(68) User=0.12s Sys=0.00s Real=0.01s
[2023-08-11T11:38:32.739+0000][gc,start      ] GC(69) Pause Young (Normal) (G1 Evacuation Pause)
[2023-08-11T11:38:32.739+0000][gc,task       ] GC(69) Using 8 workers of 8 for evacuation
[2023-08-11T11:38:32.756+0000][gc,phases     ] GC(69)   Pre Evacuate Collection Set: 0.1ms
[2023-08-11T11:38:32.756+0000][gc,phases     ] GC(69)   Evacuate Collection Set: 16.1ms
[2023-08-11T11:38:32.756+0000][gc,phases     ] GC(69)   Post Evacuate Collection Set: 0.7ms
[2023-08-11T11:38:32.756+0000][gc,phases     ] GC(69)   Other: 0.3ms
[2023-08-11T11:38:32.756+0000][gc,heap       ] GC(69) Eden regions: 274->0(391)
[2023-08-11T11:38:32.756+0000][gc,heap       ] GC(69) Survivor regions: 28->22(38)
[2023-08-11T11:38:32.756+0000][gc,heap       ] GC(69) Old regions: 213->221
[2023-08-11T11:38:32.756+0000][gc,heap       ] GC(69) Humongous regions: 140->140
[2023-08-11T11:38:32.756+0000][gc,metaspace  ] GC(69) Metaspace: 116824K(122340K)->116824K(122340K) NonClass: 103085K(106188K)->103085K(106188K) Class: 13739K(16152K)->13739K(16152K)
[2023-08-11T11:38:32.756+0000][gc            ] GC(69) Pause Young (Normal) (G1 Evacuation Pause) 653M->382M(1024M) 17.194ms
[2023-08-11T11:38:32.756+0000][gc,cpu        ] GC(69) User=0.13s Sys=0.01s Real=0.02s
[2023-08-11T11:40:09.458+0000][gc,start      ] GC(70) Pause Young (Concurrent Start) (G1 Evacuation Pause)
[2023-08-11T11:40:09.458+0000][gc,task       ] GC(70) Using 8 workers of 8 for evacuation
[2023-08-11T11:40:09.481+0000][gc,mmu        ] GC(70) MMU target violated: 21.0ms (20.0ms/21.0ms)
[2023-08-11T11:40:09.481+0000][gc,phases     ] GC(70)   Pre Evacuate Collection Set: 0.5ms
[2023-08-11T11:40:09.481+0000][gc,phases     ] GC(70)   Evacuate Collection Set: 21.1ms
[2023-08-11T11:40:09.481+0000][gc,phases     ] GC(70)   Post Evacuate Collection Set: 0.7ms
[2023-08-11T11:40:09.481+0000][gc,phases     ] GC(70)   Other: 0.5ms
[2023-08-11T11:40:09.481+0000][gc,heap       ] GC(70) Eden regions: 391->0(310)
[2023-08-11T11:40:09.481+0000][gc,heap       ] GC(70) Survivor regions: 22->27(52)
[2023-08-11T11:40:09.481+0000][gc,heap       ] GC(70) Old regions: 221->221
[2023-08-11T11:40:09.481+0000][gc,heap       ] GC(70) Humongous regions: 140->140
[2023-08-11T11:40:09.481+0000][gc,metaspace  ] GC(70) Metaspace: 116837K(122340K)->116837K(122340K) NonClass: 103098K(106188K)->103098K(106188K) Class: 13739K(16152K)->13739K(16152K)
[2023-08-11T11:40:09.481+0000][gc            ] GC(70) Pause Young (Concurrent Start) (G1 Evacuation Pause) 773M->386M(1024M) 22.755ms
[2023-08-11T11:40:09.481+0000][gc,cpu        ] GC(70) User=0.15s Sys=0.00s Real=0.03s
[2023-08-11T11:40:09.481+0000][gc            ] GC(71) Concurrent Cycle
[2023-08-11T11:40:09.481+0000][gc,marking    ] GC(71) Concurrent Clear Claimed Marks
[2023-08-11T11:40:09.481+0000][gc,marking    ] GC(71) Concurrent Clear Claimed Marks 0.281ms
[2023-08-11T11:40:09.481+0000][gc,marking    ] GC(71) Concurrent Scan Root Regions
[2023-08-11T11:40:09.496+0000][gc,marking    ] GC(71) Concurrent Scan Root Regions 14.483ms
[2023-08-11T11:40:09.496+0000][gc,marking    ] GC(71) Concurrent Mark (3500.797s)
[2023-08-11T11:40:09.496+0000][gc,marking    ] GC(71) Concurrent Mark From Roots
[2023-08-11T11:40:09.496+0000][gc,task       ] GC(71) Using 2 workers of 2 for marking
[2023-08-11T11:40:09.585+0000][gc,marking    ] GC(71) Concurrent Mark From Roots 89.526ms
[2023-08-11T11:40:09.585+0000][gc,marking    ] GC(71) Concurrent Preclean
[2023-08-11T11:40:09.586+0000][gc,marking    ] GC(71) Concurrent Preclean 0.812ms
[2023-08-11T11:40:09.586+0000][gc,marking    ] GC(71) Concurrent Mark (3500.797s, 3500.888s) 90.427ms
[2023-08-11T11:40:09.587+0000][gc,start      ] GC(71) Pause Remark
[2023-08-11T11:40:09.611+0000][gc,stringtable] GC(71) Cleaned string and symbol table, strings: 45707 processed, 2686 removed, symbols: 278133 processed, 12 removed
[2023-08-11T11:40:09.612+0000][gc,mmu        ] GC(71) MMU target violated: 21.0ms (20.0ms/21.0ms)
[2023-08-11T11:40:09.612+0000][gc            ] GC(71) Pause Remark 399M->398M(1024M) 25.372ms
[2023-08-11T11:40:09.612+0000][gc,cpu        ] GC(71) User=0.16s Sys=0.00s Real=0.03s
[2023-08-11T11:40:09.612+0000][gc,marking    ] GC(71) Concurrent Rebuild Remembered Sets
[2023-08-11T11:40:09.654+0000][gc,marking    ] GC(71) Concurrent Rebuild Remembered Sets 42.165ms
[2023-08-11T11:40:09.654+0000][gc,start      ] GC(71) Pause Cleanup
[2023-08-11T11:40:09.655+0000][gc            ] GC(71) Pause Cleanup 398M->398M(1024M) 0.266ms
[2023-08-11T11:40:09.655+0000][gc,cpu        ] GC(71) User=0.00s Sys=0.00s Real=0.00s
[2023-08-11T11:40:09.655+0000][gc,marking    ] GC(71) Concurrent Cleanup for Next Mark
[2023-08-11T11:40:09.656+0000][gc,marking    ] GC(71) Concurrent Cleanup for Next Mark 1.381ms
[2023-08-11T11:40:09.656+0000][gc            ] GC(71) Concurrent Cycle 175.172ms
[2023-08-11T11:40:14.562+0000][gc,start      ] GC(72) Pause Young (Prepare Mixed) (G1 Evacuation Pause)
[2023-08-11T11:40:14.563+0000][gc,task       ] GC(72) Using 8 workers of 8 for evacuation
[2023-08-11T11:40:14.580+0000][gc,phases     ] GC(72)   Pre Evacuate Collection Set: 0.0ms
[2023-08-11T11:40:14.580+0000][gc,phases     ] GC(72)   Evacuate Collection Set: 16.7ms
[2023-08-11T11:40:14.580+0000][gc,phases     ] GC(72)   Post Evacuate Collection Set: 0.6ms
[2023-08-11T11:40:14.580+0000][gc,phases     ] GC(72)   Other: 0.4ms
[2023-08-11T11:40:14.580+0000][gc,heap       ] GC(72) Eden regions: 24->0(47)
[2023-08-11T11:40:14.580+0000][gc,heap       ] GC(72) Survivor regions: 27->4(7)
[2023-08-11T11:40:14.580+0000][gc,heap       ] GC(72) Old regions: 220->244
[2023-08-11T11:40:14.580+0000][gc,heap       ] GC(72) Humongous regions: 140->140
[2023-08-11T11:40:14.580+0000][gc,metaspace  ] GC(72) Metaspace: 116574K(122340K)->116574K(122340K) NonClass: 102914K(106188K)->102914K(106188K) Class: 13659K(16152K)->13659K(16152K)
[2023-08-11T11:40:14.580+0000][gc            ] GC(72) Pause Young (Prepare Mixed) (G1 Evacuation Pause) 409M->387M(1024M) 17.801ms
[2023-08-11T11:40:14.580+0000][gc,cpu        ] GC(72) User=0.11s Sys=0.02s Real=0.02s
[2023-08-11T11:40:24.473+0000][gc,start      ] GC(73) Pause Young (Mixed) (G1 Evacuation Pause)
[2023-08-11T11:40:24.473+0000][gc,task       ] GC(73) Using 8 workers of 8 for evacuation
[2023-08-11T11:40:24.480+0000][gc,phases     ] GC(73)   Pre Evacuate Collection Set: 0.1ms
[2023-08-11T11:40:24.480+0000][gc,phases     ] GC(73)   Evacuate Collection Set: 6.2ms
[2023-08-11T11:40:24.480+0000][gc,phases     ] GC(73)   Post Evacuate Collection Set: 0.5ms
[2023-08-11T11:40:24.480+0000][gc,phases     ] GC(73)   Other: 0.3ms
[2023-08-11T11:40:24.480+0000][gc,heap       ] GC(73) Eden regions: 47->0(48)
[2023-08-11T11:40:24.480+0000][gc,heap       ] GC(73) Survivor regions: 4->3(7)
[2023-08-11T11:40:24.480+0000][gc,heap       ] GC(73) Old regions: 244->226
[2023-08-11T11:40:24.480+0000][gc,heap       ] GC(73) Humongous regions: 140->140
[2023-08-11T11:40:24.480+0000][gc,metaspace  ] GC(73) Metaspace: 116574K(122340K)->116574K(122340K) NonClass: 102914K(106188K)->102914K(106188K) Class: 13659K(16152K)->13659K(16152K)
[2023-08-11T11:40:24.480+0000][gc            ] GC(73) Pause Young (Mixed) (G1 Evacuation Pause) 434M->368M(1024M) 7.108ms
[2023-08-11T11:40:24.480+0000][gc,cpu        ] GC(73) User=0.05s Sys=0.00s Real=0.01s
[2023-08-11T11:40:39.471+0000][gc,start      ] GC(74) Pause Young (Mixed) (G1 Evacuation Pause)
[2023-08-11T11:40:39.471+0000][gc,task       ] GC(74) Using 8 workers of 8 for evacuation
[2023-08-11T11:40:39.476+0000][gc,phases     ] GC(74)   Pre Evacuate Collection Set: 0.1ms
[2023-08-11T11:40:39.476+0000][gc,phases     ] GC(74)   Evacuate Collection Set: 4.6ms
[2023-08-11T11:40:39.476+0000][gc,phases     ] GC(74)   Post Evacuate Collection Set: 0.6ms
[2023-08-11T11:40:39.476+0000][gc,phases     ] GC(74)   Other: 0.4ms
[2023-08-11T11:40:39.476+0000][gc,heap       ] GC(74) Eden regions: 48->0(47)
[2023-08-11T11:40:39.476+0000][gc,heap       ] GC(74) Survivor regions: 3->4(7)
[2023-08-11T11:40:39.476+0000][gc,heap       ] GC(74) Old regions: 226->194
[2023-08-11T11:40:39.476+0000][gc,heap       ] GC(74) Humongous regions: 140->140
[2023-08-11T11:40:39.476+0000][gc,metaspace  ] GC(74) Metaspace: 116574K(122340K)->116574K(122340K) NonClass: 102914K(106188K)->102914K(106188K) Class: 13659K(16152K)->13659K(16152K)
[2023-08-11T11:40:39.476+0000][gc            ] GC(74) Pause Young (Mixed) (G1 Evacuation Pause) 416M->337M(1024M) 5.694ms
[2023-08-11T11:40:39.476+0000][gc,cpu        ] GC(74) User=0.04s Sys=0.00s Real=0.01s
[2023-08-11T11:40:54.391+0000][gc,start      ] GC(75) Pause Young (Mixed) (G1 Evacuation Pause)
[2023-08-11T11:40:54.391+0000][gc,task       ] GC(75) Using 8 workers of 8 for evacuation
[2023-08-11T11:40:54.397+0000][gc,phases     ] GC(75)   Pre Evacuate Collection Set: 0.1ms
[2023-08-11T11:40:54.397+0000][gc,phases     ] GC(75)   Evacuate Collection Set: 5.5ms
[2023-08-11T11:40:54.397+0000][gc,phases     ] GC(75)   Post Evacuate Collection Set: 0.5ms
[2023-08-11T11:40:54.397+0000][gc,phases     ] GC(75)   Other: 0.4ms
[2023-08-11T11:40:54.397+0000][gc,heap       ] GC(75) Eden regions: 47->0(469)
[2023-08-11T11:40:54.397+0000][gc,heap       ] GC(75) Survivor regions: 4->4(7)
[2023-08-11T11:40:54.397+0000][gc,heap       ] GC(75) Old regions: 194->167
[2023-08-11T11:40:54.397+0000][gc,heap       ] GC(75) Humongous regions: 140->140
[2023-08-11T11:40:54.397+0000][gc,metaspace  ] GC(75) Metaspace: 116574K(122340K)->116574K(122340K) NonClass: 102914K(106188K)->102914K(106188K) Class: 13659K(16152K)->13659K(16152K)
[2023-08-11T11:40:54.397+0000][gc            ] GC(75) Pause Young (Mixed) (G1 Evacuation Pause) 384M->310M(1024M) 6.563ms
[2023-08-11T11:40:54.397+0000][gc,cpu        ] GC(75) User=0.04s Sys=0.00s Real=0.01s
[2023-08-11T11:42:32.916+0000][gc,start      ] GC(76) Pause Young (Normal) (G1 Evacuation Pause)
[2023-08-11T11:42:32.917+0000][gc,task       ] GC(76) Using 8 workers of 8 for evacuation
[2023-08-11T11:42:32.931+0000][gc,phases     ] GC(76)   Pre Evacuate Collection Set: 0.0ms
[2023-08-11T11:42:32.931+0000][gc,phases     ] GC(76)   Evacuate Collection Set: 13.4ms
[2023-08-11T11:42:32.931+0000][gc,phases     ] GC(76)   Post Evacuate Collection Set: 0.7ms
[2023-08-11T11:42:32.931+0000][gc,phases     ] GC(76)   Other: 0.3ms
[2023-08-11T11:42:32.931+0000][gc,heap       ] GC(76) Eden regions: 431->0(291)
[2023-08-11T11:42:32.931+0000][gc,heap       ] GC(76) Survivor regions: 4->24(55)
[2023-08-11T11:42:32.931+0000][gc,heap       ] GC(76) Old regions: 167->167
[2023-08-11T11:42:32.931+0000][gc,heap       ] GC(76) Humongous regions: 149->149
[2023-08-11T11:42:32.931+0000][gc,metaspace  ] GC(76) Metaspace: 116760K(122596K)->116760K(122596K) NonClass: 103066K(106444K)->103066K(106444K) Class: 13694K(16152K)->13694K(16152K)
[2023-08-11T11:42:32.931+0000][gc            ] GC(76) Pause Young (Normal) (G1 Evacuation Pause) 750M->339M(1024M) 14.551ms
[2023-08-11T11:42:32.931+0000][gc,cpu        ] GC(76) User=0.11s Sys=0.00s Real=0.02s
[2023-08-11T11:43:54.346+0000][gc,start      ] GC(77) Pause Young (Normal) (G1 Evacuation Pause)
[2023-08-11T11:43:54.346+0000][gc,task       ] GC(77) Using 8 workers of 8 for evacuation
[2023-08-11T11:43:54.359+0000][gc,phases     ] GC(77)   Pre Evacuate Collection Set: 0.0ms
[2023-08-11T11:43:54.359+0000][gc,phases     ] GC(77)   Evacuate Collection Set: 12.2ms
[2023-08-11T11:43:54.359+0000][gc,phases     ] GC(77)   Post Evacuate Collection Set: 0.6ms
[2023-08-11T11:43:54.359+0000][gc,phases     ] GC(77)   Other: 0.3ms
[2023-08-11T11:43:54.359+0000][gc,heap       ] GC(77) Eden regions: 291->0(475)
[2023-08-11T11:43:54.359+0000][gc,heap       ] GC(77) Survivor regions: 24->6(40)
[2023-08-11T11:43:54.359+0000][gc,heap       ] GC(77) Old regions: 167->182
[2023-08-11T11:43:54.359+0000][gc,heap       ] GC(77) Humongous regions: 149->149
[2023-08-11T11:43:54.359+0000][gc,metaspace  ] GC(77) Metaspace: 116798K(122596K)->116798K(122596K) NonClass: 103096K(106444K)->103096K(106444K) Class: 13702K(16152K)->13702K(16152K)
[2023-08-11T11:43:54.359+0000][gc            ] GC(77) Pause Young (Normal) (G1 Evacuation Pause) 630M->336M(1024M) 13.262ms
[2023-08-11T11:43:54.359+0000][gc,cpu        ] GC(77) User=0.09s Sys=0.00s Real=0.02s
[2023-08-11T11:45:54.337+0000][gc,start      ] GC(78) Pause Young (Normal) (G1 Evacuation Pause)
[2023-08-11T11:45:54.337+0000][gc,task       ] GC(78) Using 8 workers of 8 for evacuation
[2023-08-11T11:45:54.344+0000][gc,phases     ] GC(78)   Pre Evacuate Collection Set: 0.0ms
[2023-08-11T11:45:54.344+0000][gc,phases     ] GC(78)   Evacuate Collection Set: 6.9ms
[2023-08-11T11:45:54.344+0000][gc,phases     ] GC(78)   Post Evacuate Collection Set: 0.6ms
[2023-08-11T11:45:54.344+0000][gc,phases     ] GC(78)   Other: 0.3ms
[2023-08-11T11:45:54.344+0000][gc,heap       ] GC(78) Eden regions: 475->0(427)
[2023-08-11T11:45:54.344+0000][gc,heap       ] GC(78) Survivor regions: 6->11(61)
[2023-08-11T11:45:54.344+0000][gc,heap       ] GC(78) Old regions: 182->182
[2023-08-11T11:45:54.344+0000][gc,heap       ] GC(78) Humongous regions: 149->149
[2023-08-11T11:45:54.344+0000][gc,metaspace  ] GC(78) Metaspace: 116842K(122596K)->116842K(122596K) NonClass: 103140K(106444K)->103140K(106444K) Class: 13702K(16152K)->13702K(16152K)
[2023-08-11T11:45:54.344+0000][gc            ] GC(78) Pause Young (Normal) (G1 Evacuation Pause) 811M->341M(1024M) 7.830ms
[2023-08-11T11:45:54.344+0000][gc,cpu        ] GC(78) User=0.05s Sys=0.00s Real=0.01s
[2023-08-11T11:47:40.169+0000][gc,start      ] GC(79) Pause Young (Normal) (G1 Evacuation Pause)
[2023-08-11T11:47:40.169+0000][gc,task       ] GC(79) Using 8 workers of 8 for evacuation
[2023-08-11T11:47:40.179+0000][gc,phases     ] GC(79)   Pre Evacuate Collection Set: 0.0ms
[2023-08-11T11:47:40.179+0000][gc,phases     ] GC(79)   Evacuate Collection Set: 8.9ms
[2023-08-11T11:47:40.179+0000][gc,phases     ] GC(79)   Post Evacuate Collection Set: 0.7ms
[2023-08-11T11:47:40.179+0000][gc,phases     ] GC(79)   Other: 0.4ms
[2023-08-11T11:47:40.179+0000][gc,heap       ] GC(79) Eden regions: 427->0(436)
[2023-08-11T11:47:40.179+0000][gc,heap       ] GC(79) Survivor regions: 11->14(55)
[2023-08-11T11:47:40.179+0000][gc,heap       ] GC(79) Old regions: 182->182
[2023-08-11T11:47:40.179+0000][gc,heap       ] GC(79) Humongous regions: 149->149
[2023-08-11T11:47:40.179+0000][gc,metaspace  ] GC(79) Metaspace: 116915K(122596K)->116915K(122596K) NonClass: 103213K(106444K)->103213K(106444K) Class: 13702K(16152K)->13702K(16152K)
[2023-08-11T11:47:40.179+0000][gc            ] GC(79) Pause Young (Normal) (G1 Evacuation Pause) 768M->344M(1024M) 10.079ms
[2023-08-11T11:47:40.179+0000][gc,cpu        ] GC(79) User=0.07s Sys=0.01s Real=0.01s
[2023-08-11T11:49:24.469+0000][gc,start      ] GC(80) Pause Young (Normal) (G1 Evacuation Pause)
[2023-08-11T11:49:24.469+0000][gc,task       ] GC(80) Using 8 workers of 8 for evacuation
[2023-08-11T11:49:24.484+0000][gc,phases     ] GC(80)   Pre Evacuate Collection Set: 0.0ms
[2023-08-11T11:49:24.484+0000][gc,phases     ] GC(80)   Evacuate Collection Set: 13.4ms
[2023-08-11T11:49:24.484+0000][gc,phases     ] GC(80)   Post Evacuate Collection Set: 0.7ms
[2023-08-11T11:49:24.484+0000][gc,phases     ] GC(80)   Other: 0.4ms
[2023-08-11T11:49:24.484+0000][gc,heap       ] GC(80) Eden regions: 436->0(437)
[2023-08-11T11:49:24.484+0000][gc,heap       ] GC(80) Survivor regions: 14->20(57)
[2023-08-11T11:49:24.484+0000][gc,heap       ] GC(80) Old regions: 182->182
[2023-08-11T11:49:24.484+0000][gc,heap       ] GC(80) Humongous regions: 149->149
[2023-08-11T11:49:24.484+0000][gc,metaspace  ] GC(80) Metaspace: 116925K(122596K)->116925K(122596K) NonClass: 103222K(106444K)->103222K(106444K) Class: 13702K(16152K)->13702K(16152K)
[2023-08-11T11:49:24.484+0000][gc            ] GC(80) Pause Young (Normal) (G1 Evacuation Pause) 780M->350M(1024M) 14.580ms
[2023-08-11T11:49:24.484+0000][gc,cpu        ] GC(80) User=0.10s Sys=0.00s Real=0.02s
[2023-08-11T11:51:24.403+0000][gc,start      ] GC(81) Pause Young (Normal) (G1 Evacuation Pause)
[2023-08-11T11:51:24.403+0000][gc,task       ] GC(81) Using 8 workers of 8 for evacuation
[2023-08-11T11:51:24.417+0000][gc,phases     ] GC(81)   Pre Evacuate Collection Set: 0.0ms
[2023-08-11T11:51:24.417+0000][gc,phases     ] GC(81)   Evacuate Collection Set: 13.1ms
[2023-08-11T11:51:24.417+0000][gc,phases     ] GC(81)   Post Evacuate Collection Set: 0.7ms
[2023-08-11T11:51:24.417+0000][gc,phases     ] GC(81)   Other: 0.3ms
[2023-08-11T11:51:24.417+0000][gc,heap       ] GC(81) Eden regions: 437->0(442)
[2023-08-11T11:51:24.417+0000][gc,heap       ] GC(81) Survivor regions: 20->25(58)
[2023-08-11T11:51:24.417+0000][gc,heap       ] GC(81) Old regions: 182->182
[2023-08-11T11:51:24.417+0000][gc,heap       ] GC(81) Humongous regions: 149->149
[2023-08-11T11:51:24.417+0000][gc,metaspace  ] GC(81) Metaspace: 116935K(122596K)->116935K(122596K) NonClass: 103232K(106444K)->103232K(106444K) Class: 13702K(16152K)->13702K(16152K)
[2023-08-11T11:51:24.417+0000][gc            ] GC(81) Pause Young (Normal) (G1 Evacuation Pause) 787M->355M(1024M) 14.228ms
[2023-08-11T11:51:24.417+0000][gc,cpu        ] GC(81) User=0.11s Sys=0.00s Real=0.01s
[2023-08-11T11:53:14.560+0000][gc,start      ] GC(82) Pause Young (Normal) (G1 Evacuation Pause)
[2023-08-11T11:53:14.560+0000][gc,task       ] GC(82) Using 8 workers of 8 for evacuation
[2023-08-11T11:53:14.575+0000][gc,phases     ] GC(82)   Pre Evacuate Collection Set: 0.0ms
[2023-08-11T11:53:14.576+0000][gc,phases     ] GC(82)   Evacuate Collection Set: 14.4ms
[2023-08-11T11:53:14.576+0000][gc,phases     ] GC(82)   Post Evacuate Collection Set: 0.7ms
[2023-08-11T11:53:14.576+0000][gc,phases     ] GC(82)   Other: 0.3ms
[2023-08-11T11:53:14.576+0000][gc,heap       ] GC(82) Eden regions: 442->0(447)
[2023-08-11T11:53:14.576+0000][gc,heap       ] GC(82) Survivor regions: 25->30(59)
[2023-08-11T11:53:14.576+0000][gc,heap       ] GC(82) Old regions: 182->182
[2023-08-11T11:53:14.576+0000][gc,heap       ] GC(82) Humongous regions: 149->149
[2023-08-11T11:53:14.576+0000][gc,metaspace  ] GC(82) Metaspace: 116945K(122596K)->116945K(122596K) NonClass: 103242K(106444K)->103242K(106444K) Class: 13702K(16152K)->13702K(16152K)
[2023-08-11T11:53:14.576+0000][gc            ] GC(82) Pause Young (Normal) (G1 Evacuation Pause) 797M->360M(1024M) 15.495ms
[2023-08-11T11:53:14.576+0000][gc,cpu        ] GC(82) User=0.11s Sys=0.00s Real=0.01s
[2023-08-11T11:55:02.733+0000][gc,start      ] GC(83) Pause Young (Normal) (G1 Evacuation Pause)
[2023-08-11T11:55:02.734+0000][gc,task       ] GC(83) Using 8 workers of 8 for evacuation
[2023-08-11T11:55:02.751+0000][gc,phases     ] GC(83)   Pre Evacuate Collection Set: 0.0ms
[2023-08-11T11:55:02.751+0000][gc,phases     ] GC(83)   Evacuate Collection Set: 16.8ms
[2023-08-11T11:55:02.751+0000][gc,phases     ] GC(83)   Post Evacuate Collection Set: 0.7ms
[2023-08-11T11:55:02.751+0000][gc,phases     ] GC(83)   Other: 0.4ms
[2023-08-11T11:55:02.751+0000][gc,heap       ] GC(83) Eden regions: 447->0(440)
[2023-08-11T11:55:02.751+0000][gc,heap       ] GC(83) Survivor regions: 30->35(60)
[2023-08-11T11:55:02.751+0000][gc,heap       ] GC(83) Old regions: 182->182
[2023-08-11T11:55:02.751+0000][gc,heap       ] GC(83) Humongous regions: 149->149
[2023-08-11T11:55:02.752+0000][gc,metaspace  ] GC(83) Metaspace: 116945K(122596K)->116945K(122596K) NonClass: 103242K(106444K)->103242K(106444K) Class: 13702K(16152K)->13702K(16152K)
[2023-08-11T11:55:02.752+0000][gc            ] GC(83) Pause Young (Normal) (G1 Evacuation Pause) 807M->365M(1024M) 18.047ms
[2023-08-11T11:55:02.752+0000][gc,cpu        ] GC(83) User=0.13s Sys=0.00s Real=0.02s
[2023-08-11T11:56:55.234+0000][gc,start      ] GC(84) Pause Young (Normal) (G1 Evacuation Pause)
[2023-08-11T11:56:55.234+0000][gc,task       ] GC(84) Using 8 workers of 8 for evacuation
[2023-08-11T11:56:55.254+0000][gc,phases     ] GC(84)   Pre Evacuate Collection Set: 0.0ms
[2023-08-11T11:56:55.254+0000][gc,phases     ] GC(84)   Evacuate Collection Set: 18.5ms
[2023-08-11T11:56:55.254+0000][gc,phases     ] GC(84)   Post Evacuate Collection Set: 0.7ms
[2023-08-11T11:56:55.254+0000][gc,phases     ] GC(84)   Other: 0.3ms
[2023-08-11T11:56:55.254+0000][gc,heap       ] GC(84) Eden regions: 440->0(431)
[2023-08-11T11:56:55.254+0000][gc,heap       ] GC(84) Survivor regions: 35->32(60)
[2023-08-11T11:56:55.254+0000][gc,heap       ] GC(84) Old regions: 182->189
[2023-08-11T11:56:55.254+0000][gc,heap       ] GC(84) Humongous regions: 149->149
[2023-08-11T11:56:55.254+0000][gc,metaspace  ] GC(84) Metaspace: 116946K(122596K)->116946K(122596K) NonClass: 103243K(106444K)->103243K(106444K) Class: 13702K(16152K)->13702K(16152K)
[2023-08-11T11:56:55.254+0000][gc            ] GC(84) Pause Young (Normal) (G1 Evacuation Pause) 805M->369M(1024M) 19.651ms
[2023-08-11T11:56:55.254+0000][gc,cpu        ] GC(84) User=0.15s Sys=0.00s Real=0.02s
[2023-08-11T11:57:54.391+0000][gc,start      ] GC(85) Pause Young (Normal) (G1 Evacuation Pause)
[2023-08-11T11:57:54.391+0000][gc,task       ] GC(85) Using 8 workers of 8 for evacuation
[2023-08-11T11:57:54.409+0000][gc,phases     ] GC(85)   Pre Evacuate Collection Set: 0.0ms
[2023-08-11T11:57:54.409+0000][gc,phases     ] GC(85)   Evacuate Collection Set: 17.3ms
[2023-08-11T11:57:54.409+0000][gc,phases     ] GC(85)   Post Evacuate Collection Set: 0.6ms
[2023-08-11T11:57:54.409+0000][gc,phases     ] GC(85)   Other: 0.3ms
[2023-08-11T11:57:54.409+0000][gc,heap       ] GC(85) Eden regions: 238->0(310)
[2023-08-11T11:57:54.409+0000][gc,heap       ] GC(85) Survivor regions: 32->21(34)
[2023-08-11T11:57:54.409+0000][gc,heap       ] GC(85) Old regions: 189->204
[2023-08-11T11:57:54.409+0000][gc,heap       ] GC(85) Humongous regions: 149->149
[2023-08-11T11:57:54.409+0000][gc,metaspace  ] GC(85) Metaspace: 116955K(122596K)->116955K(122596K) NonClass: 103253K(106444K)->103253K(106444K) Class: 13702K(16152K)->13702K(16152K)
[2023-08-11T11:57:54.409+0000][gc            ] GC(85) Pause Young (Normal) (G1 Evacuation Pause) 607M->373M(1024M) 18.363ms
[2023-08-11T11:57:54.409+0000][gc,cpu        ] GC(85) User=0.14s Sys=0.00s Real=0.02s
[2023-08-11T11:59:17.507+0000][gc,start      ] GC(86) Pause Young (Normal) (G1 Evacuation Pause)
[2023-08-11T11:59:17.507+0000][gc,task       ] GC(86) Using 8 workers of 8 for evacuation
[2023-08-11T11:59:17.521+0000][gc,phases     ] GC(86)   Pre Evacuate Collection Set: 0.0ms
[2023-08-11T11:59:17.521+0000][gc,phases     ] GC(86)   Evacuate Collection Set: 13.5ms
[2023-08-11T11:59:17.521+0000][gc,phases     ] GC(86)   Post Evacuate Collection Set: 0.6ms
[2023-08-11T11:59:17.521+0000][gc,phases     ] GC(86)   Other: 0.3ms
[2023-08-11T11:59:17.521+0000][gc,heap       ] GC(86) Eden regions: 310->0(313)
[2023-08-11T11:59:17.521+0000][gc,heap       ] GC(86) Survivor regions: 21->24(42)
[2023-08-11T11:59:17.521+0000][gc,heap       ] GC(86) Old regions: 204->204
[2023-08-11T11:59:17.521+0000][gc,heap       ] GC(86) Humongous regions: 149->149
[2023-08-11T11:59:17.521+0000][gc,metaspace  ] GC(86) Metaspace: 116955K(122596K)->116955K(122596K) NonClass: 103253K(106444K)->103253K(106444K) Class: 13702K(16152K)->13702K(16152K)
[2023-08-11T11:59:17.521+0000][gc            ] GC(86) Pause Young (Normal) (G1 Evacuation Pause) 683M->376M(1024M) 14.571ms
[2023-08-11T11:59:17.521+0000][gc,cpu        ] GC(86) User=0.10s Sys=0.00s Real=0.02s
[2023-08-11T12:00:32.909+0000][gc,start      ] GC(87) Pause Young (Normal) (G1 Evacuation Pause)
[2023-08-11T12:00:32.909+0000][gc,task       ] GC(87) Using 8 workers of 8 for evacuation
[2023-08-11T12:00:32.925+0000][gc,phases     ] GC(87)   Pre Evacuate Collection Set: 0.0ms
[2023-08-11T12:00:32.925+0000][gc,phases     ] GC(87)   Evacuate Collection Set: 14.6ms
[2023-08-11T12:00:32.925+0000][gc,phases     ] GC(87)   Post Evacuate Collection Set: 0.6ms
[2023-08-11T12:00:32.925+0000][gc,phases     ] GC(87)   Other: 0.3ms
[2023-08-11T12:00:32.925+0000][gc,heap       ] GC(87) Eden regions: 313->0(305)
[2023-08-11T12:00:32.925+0000][gc,heap       ] GC(87) Survivor regions: 24->28(43)
[2023-08-11T12:00:32.925+0000][gc,heap       ] GC(87) Old regions: 204->209
[2023-08-11T12:00:32.925+0000][gc,heap       ] GC(87) Humongous regions: 149->149
[2023-08-11T12:00:32.925+0000][gc,metaspace  ] GC(87) Metaspace: 116958K(122852K)->116958K(122852K) NonClass: 103256K(106700K)->103256K(106700K) Class: 13702K(16152K)->13702K(16152K)
[2023-08-11T12:00:32.925+0000][gc            ] GC(87) Pause Young (Normal) (G1 Evacuation Pause) 689M->385M(1024M) 15.706ms
[2023-08-11T12:00:32.925+0000][gc,cpu        ] GC(87) User=0.12s Sys=0.00s Real=0.02s
[2023-08-11T12:01:39.470+0000][gc,start      ] GC(88) Pause Young (Normal) (G1 Evacuation Pause)
[2023-08-11T12:01:39.470+0000][gc,task       ] GC(88) Using 8 workers of 8 for evacuation
[2023-08-11T12:01:39.485+0000][gc,phases     ] GC(88)   Pre Evacuate Collection Set: 0.0ms
[2023-08-11T12:01:39.485+0000][gc,phases     ] GC(88)   Evacuate Collection Set: 13.8ms
[2023-08-11T12:01:39.485+0000][gc,phases     ] GC(88)   Post Evacuate Collection Set: 0.6ms
[2023-08-11T12:01:39.485+0000][gc,phases     ] GC(88)   Other: 0.3ms
[2023-08-11T12:01:39.485+0000][gc,heap       ] GC(88) Eden regions: 273->0(395)
[2023-08-11T12:01:39.485+0000][gc,heap       ] GC(88) Survivor regions: 28->17(38)
[2023-08-11T12:01:39.485+0000][gc,heap       ] GC(88) Old regions: 209->219
[2023-08-11T12:01:39.485+0000][gc,heap       ] GC(88) Humongous regions: 149->149
[2023-08-11T12:01:39.485+0000][gc,metaspace  ] GC(88) Metaspace: 116975K(122852K)->116975K(122852K) NonClass: 103273K(106700K)->103273K(106700K) Class: 13702K(16152K)->13702K(16152K)
[2023-08-11T12:01:39.485+0000][gc            ] GC(88) Pause Young (Normal) (G1 Evacuation Pause) 658M->384M(1024M) 14.812ms
[2023-08-11T12:01:39.485+0000][gc,cpu        ] GC(88) User=0.11s Sys=0.00s Real=0.02s
[2023-08-11T12:03:24.346+0000][gc,start      ] GC(89) Pause Young (Concurrent Start) (G1 Evacuation Pause)
[2023-08-11T12:03:24.346+0000][gc,task       ] GC(89) Using 8 workers of 8 for evacuation
[2023-08-11T12:03:24.360+0000][gc,phases     ] GC(89)   Pre Evacuate Collection Set: 0.5ms
[2023-08-11T12:03:24.360+0000][gc,phases     ] GC(89)   Evacuate Collection Set: 12.8ms
[2023-08-11T12:03:24.360+0000][gc,phases     ] GC(89)   Post Evacuate Collection Set: 0.7ms
[2023-08-11T12:03:24.360+0000][gc,phases     ] GC(89)   Other: 0.4ms
[2023-08-11T12:03:24.360+0000][gc,heap       ] GC(89) Eden regions: 358->0(348)
[2023-08-11T12:03:24.360+0000][gc,heap       ] GC(89) Survivor regions: 17->21(47)
[2023-08-11T12:03:24.360+0000][gc,heap       ] GC(89) Old regions: 219->219
[2023-08-11T12:03:24.360+0000][gc,heap       ] GC(89) Humongous regions: 149->149
[2023-08-11T12:03:24.360+0000][gc,metaspace  ] GC(89) Metaspace: 116979K(122852K)->116979K(122852K) NonClass: 103277K(106700K)->103277K(106700K) Class: 13702K(16152K)->13702K(16152K)
[2023-08-11T12:03:24.360+0000][gc            ] GC(89) Pause Young (Concurrent Start) (G1 Evacuation Pause) 742M->388M(1024M) 14.428ms
[2023-08-11T12:03:24.360+0000][gc,cpu        ] GC(89) User=0.10s Sys=0.00s Real=0.02s
[2023-08-11T12:03:24.360+0000][gc            ] GC(90) Concurrent Cycle
[2023-08-11T12:03:24.360+0000][gc,marking    ] GC(90) Concurrent Clear Claimed Marks
[2023-08-11T12:03:24.361+0000][gc,marking    ] GC(90) Concurrent Clear Claimed Marks 0.351ms
[2023-08-11T12:03:24.361+0000][gc,marking    ] GC(90) Concurrent Scan Root Regions
[2023-08-11T12:03:24.369+0000][gc,marking    ] GC(90) Concurrent Scan Root Regions 8.221ms
[2023-08-11T12:03:24.369+0000][gc,marking    ] GC(90) Concurrent Mark (4895.670s)
[2023-08-11T12:03:24.369+0000][gc,marking    ] GC(90) Concurrent Mark From Roots
[2023-08-11T12:03:24.369+0000][gc,task       ] GC(90) Using 2 workers of 2 for marking
[2023-08-11T12:03:24.436+0000][gc,marking    ] GC(90) Concurrent Mark From Roots 66.662ms
[2023-08-11T12:03:24.436+0000][gc,marking    ] GC(90) Concurrent Preclean
[2023-08-11T12:03:24.436+0000][gc,marking    ] GC(90) Concurrent Preclean 0.597ms
[2023-08-11T12:03:24.436+0000][gc,marking    ] GC(90) Concurrent Mark (4895.670s, 4895.738s) 67.341ms
[2023-08-11T12:03:24.436+0000][gc,start      ] GC(90) Pause Remark
[2023-08-11T12:03:24.449+0000][gc,stringtable] GC(90) Cleaned string and symbol table, strings: 43158 processed, 5 removed, symbols: 278302 processed, 53 removed
[2023-08-11T12:03:24.449+0000][gc            ] GC(90) Pause Remark 409M->395M(1024M) 12.708ms
[2023-08-11T12:03:24.449+0000][gc,cpu        ] GC(90) User=0.09s Sys=0.00s Real=0.01s
[2023-08-11T12:03:24.449+0000][gc,marking    ] GC(90) Concurrent Rebuild Remembered Sets
[2023-08-11T12:03:24.494+0000][gc,marking    ] GC(90) Concurrent Rebuild Remembered Sets 44.664ms
[2023-08-11T12:03:24.494+0000][gc,start      ] GC(90) Pause Cleanup
[2023-08-11T12:03:24.495+0000][gc            ] GC(90) Pause Cleanup 407M->407M(1024M) 0.293ms
[2023-08-11T12:03:24.495+0000][gc,cpu        ] GC(90) User=0.00s Sys=0.00s Real=0.00s
[2023-08-11T12:03:24.495+0000][gc,marking    ] GC(90) Concurrent Cleanup for Next Mark
[2023-08-11T12:03:24.496+0000][gc,marking    ] GC(90) Concurrent Cleanup for Next Mark 1.508ms
[2023-08-11T12:03:24.496+0000][gc            ] GC(90) Concurrent Cycle 136.001ms
[2023-08-11T12:04:14.556+0000][gc,start      ] GC(91) Pause Young (Prepare Mixed) (G1 Evacuation Pause)
[2023-08-11T12:04:14.556+0000][gc,task       ] GC(91) Using 8 workers of 8 for evacuation
[2023-08-11T12:04:14.569+0000][gc,phases     ] GC(91)   Pre Evacuate Collection Set: 0.0ms
[2023-08-11T12:04:14.569+0000][gc,phases     ] GC(91)   Evacuate Collection Set: 12.8ms
[2023-08-11T12:04:14.569+0000][gc,phases     ] GC(91)   Post Evacuate Collection Set: 0.6ms
[2023-08-11T12:04:14.569+0000][gc,phases     ] GC(91)   Other: 0.4ms
[2023-08-11T12:04:14.569+0000][gc,heap       ] GC(91) Eden regions: 250->0(31)
[2023-08-11T12:04:14.569+0000][gc,heap       ] GC(91) Survivor regions: 21->20(34)
[2023-08-11T12:04:14.569+0000][gc,heap       ] GC(91) Old regions: 205->208
[2023-08-11T12:04:14.569+0000][gc,heap       ] GC(91) Humongous regions: 149->149
[2023-08-11T12:04:14.569+0000][gc,metaspace  ] GC(91) Metaspace: 116987K(122852K)->116987K(122852K) NonClass: 103284K(106700K)->103284K(106700K) Class: 13702K(16152K)->13702K(16152K)
[2023-08-11T12:04:14.570+0000][gc            ] GC(91) Pause Young (Prepare Mixed) (G1 Evacuation Pause) 624M->376M(1024M) 13.888ms
[2023-08-11T12:04:14.570+0000][gc,cpu        ] GC(91) User=0.11s Sys=0.00s Real=0.01s
[2023-08-11T12:04:24.367+0000][gc,start      ] GC(92) Pause Young (Mixed) (G1 Evacuation Pause)
[2023-08-11T12:04:24.368+0000][gc,task       ] GC(92) Using 8 workers of 8 for evacuation
[2023-08-11T12:04:24.380+0000][gc,phases     ] GC(92)   Pre Evacuate Collection Set: 0.0ms
[2023-08-11T12:04:24.380+0000][gc,phases     ] GC(92)   Evacuate Collection Set: 11.3ms
[2023-08-11T12:04:24.380+0000][gc,phases     ] GC(92)   Post Evacuate Collection Set: 0.5ms
[2023-08-11T12:04:24.380+0000][gc,phases     ] GC(92)   Other: 0.3ms
[2023-08-11T12:04:24.380+0000][gc,heap       ] GC(92) Eden regions: 31->0(47)
[2023-08-11T12:04:24.380+0000][gc,heap       ] GC(92) Survivor regions: 20->4(7)
[2023-08-11T12:04:24.380+0000][gc,heap       ] GC(92) Old regions: 208->200
[2023-08-11T12:04:24.380+0000][gc,heap       ] GC(92) Humongous regions: 149->149
[2023-08-11T12:04:24.380+0000][gc,metaspace  ] GC(92) Metaspace: 116987K(122852K)->116987K(122852K) NonClass: 103284K(106700K)->103284K(106700K) Class: 13702K(16152K)->13702K(16152K)
[2023-08-11T12:04:24.380+0000][gc            ] GC(92) Pause Young (Mixed) (G1 Evacuation Pause) 407M->352M(1024M) 12.157ms
[2023-08-11T12:04:24.380+0000][gc,cpu        ] GC(92) User=0.09s Sys=0.00s Real=0.02s
[2023-08-11T12:04:28.574+0000][gc,start      ] GC(93) Pause Young (Mixed) (G1 Evacuation Pause)
[2023-08-11T12:04:28.574+0000][gc,task       ] GC(93) Using 8 workers of 8 for evacuation
[2023-08-11T12:04:28.580+0000][gc,phases     ] GC(93)   Pre Evacuate Collection Set: 0.1ms
[2023-08-11T12:04:28.580+0000][gc,phases     ] GC(93)   Evacuate Collection Set: 4.8ms
[2023-08-11T12:04:28.580+0000][gc,phases     ] GC(93)   Post Evacuate Collection Set: 0.5ms
[2023-08-11T12:04:28.580+0000][gc,phases     ] GC(93)   Other: 0.4ms
[2023-08-11T12:04:28.580+0000][gc,heap       ] GC(93) Eden regions: 47->0(521)
[2023-08-11T12:04:28.580+0000][gc,heap       ] GC(93) Survivor regions: 4->2(7)
[2023-08-11T12:04:28.580+0000][gc,heap       ] GC(93) Old regions: 200->163
[2023-08-11T12:04:28.580+0000][gc,heap       ] GC(93) Humongous regions: 149->149
[2023-08-11T12:04:28.580+0000][gc,metaspace  ] GC(93) Metaspace: 116988K(122852K)->116988K(122852K) NonClass: 103285K(106700K)->103285K(106700K) Class: 13702K(16152K)->13702K(16152K)
[2023-08-11T12:04:28.580+0000][gc            ] GC(93) Pause Young (Mixed) (G1 Evacuation Pause) 399M->313M(1024M) 5.901ms
[2023-08-11T12:04:28.580+0000][gc,cpu        ] GC(93) User=0.04s Sys=0.00s Real=0.01s
[2023-08-11T12:06:39.443+0000][gc,start      ] GC(94) Pause Young (Normal) (G1 Evacuation Pause)
[2023-08-11T12:06:39.443+0000][gc,task       ] GC(94) Using 8 workers of 8 for evacuation
[2023-08-11T12:06:39.452+0000][gc,phases     ] GC(94)   Pre Evacuate Collection Set: 0.0ms
[2023-08-11T12:06:39.452+0000][gc,phases     ] GC(94)   Evacuate Collection Set: 7.6ms
[2023-08-11T12:06:39.452+0000][gc,phases     ] GC(94)   Post Evacuate Collection Set: 0.6ms
[2023-08-11T12:06:39.452+0000][gc,phases     ] GC(94)   Other: 0.3ms
[2023-08-11T12:06:39.452+0000][gc,heap       ] GC(94) Eden regions: 505->0(483)
[2023-08-11T12:06:39.452+0000][gc,heap       ] GC(94) Survivor regions: 2->9(64)
[2023-08-11T12:06:39.452+0000][gc,heap       ] GC(94) Old regions: 163->163
[2023-08-11T12:06:39.452+0000][gc,heap       ] GC(94) Humongous regions: 149->149
[2023-08-11T12:06:39.452+0000][gc,metaspace  ] GC(94) Metaspace: 116997K(122852K)->116997K(122852K) NonClass: 103294K(106700K)->103294K(106700K) Class: 13702K(16152K)->13702K(16152K)
[2023-08-11T12:06:39.452+0000][gc            ] GC(94) Pause Young (Normal) (G1 Evacuation Pause) 818M->320M(1024M) 8.702ms
[2023-08-11T12:06:39.452+0000][gc,cpu        ] GC(94) User=0.06s Sys=0.00s Real=0.01s
[2023-08-11T12:08:54.041+0000][gc,start      ] GC(95) Pause Young (Normal) (G1 Evacuation Pause)
[2023-08-11T12:08:54.041+0000][gc,task       ] GC(95) Using 8 workers of 8 for evacuation
[2023-08-11T12:08:54.052+0000][gc,phases     ] GC(95)   Pre Evacuate Collection Set: 0.0ms
[2023-08-11T12:08:54.052+0000][gc,phases     ] GC(95)   Evacuate Collection Set: 9.8ms
[2023-08-11T12:08:54.052+0000][gc,phases     ] GC(95)   Post Evacuate Collection Set: 0.7ms
[2023-08-11T12:08:54.052+0000][gc,phases     ] GC(95)   Other: 0.3ms
[2023-08-11T12:08:54.052+0000][gc,heap       ] GC(95) Eden regions: 483->0(477)
[2023-08-11T12:08:54.052+0000][gc,heap       ] GC(95) Survivor regions: 9->15(62)
[2023-08-11T12:08:54.052+0000][gc,heap       ] GC(95) Old regions: 163->163
[2023-08-11T12:08:54.052+0000][gc,heap       ] GC(95) Humongous regions: 149->149
[2023-08-11T12:08:54.052+0000][gc,metaspace  ] GC(95) Metaspace: 117011K(122852K)->117011K(122852K) NonClass: 103308K(106700K)->103308K(106700K) Class: 13702K(16152K)->13702K(16152K)
[2023-08-11T12:08:54.052+0000][gc            ] GC(95) Pause Young (Normal) (G1 Evacuation Pause) 803M->326M(1024M) 10.982ms
[2023-08-11T12:08:54.052+0000][gc,cpu        ] GC(95) User=0.08s Sys=0.00s Real=0.01s
[2023-08-11T12:10:53.619+0000][gc,start      ] GC(96) Pause Young (Normal) (G1 Evacuation Pause)
[2023-08-11T12:10:53.619+0000][gc,task       ] GC(96) Using 8 workers of 8 for evacuation
[2023-08-11T12:10:53.632+0000][gc,phases     ] GC(96)   Pre Evacuate Collection Set: 0.0ms
[2023-08-11T12:10:53.632+0000][gc,phases     ] GC(96)   Evacuate Collection Set: 11.8ms
[2023-08-11T12:10:53.632+0000][gc,phases     ] GC(96)   Post Evacuate Collection Set: 0.7ms
[2023-08-11T12:10:53.632+0000][gc,phases     ] GC(96)   Other: 0.4ms
[2023-08-11T12:10:53.632+0000][gc,heap       ] GC(96) Eden regions: 477->0(480)
[2023-08-11T12:10:53.632+0000][gc,heap       ] GC(96) Survivor regions: 15->21(62)
[2023-08-11T12:10:53.632+0000][gc,heap       ] GC(96) Old regions: 163->163
[2023-08-11T12:10:53.632+0000][gc,heap       ] GC(96) Humongous regions: 149->149
[2023-08-11T12:10:53.632+0000][gc,metaspace  ] GC(96) Metaspace: 117011K(122852K)->117011K(122852K) NonClass: 103308K(106700K)->103308K(106700K) Class: 13702K(16152K)->13702K(16152K)
[2023-08-11T12:10:53.632+0000][gc            ] GC(96) Pause Young (Normal) (G1 Evacuation Pause) 803M->332M(1024M) 12.991ms
[2023-08-11T12:10:53.632+0000][gc,cpu        ] GC(96) User=0.09s Sys=0.00s Real=0.01s
[2023-08-11T12:12:44.994+0000][gc,start      ] GC(97) Pause Young (Normal) (G1 Evacuation Pause)
[2023-08-11T12:12:44.995+0000][gc,task       ] GC(97) Using 8 workers of 8 for evacuation
[2023-08-11T12:12:45.009+0000][gc,phases     ] GC(97)   Pre Evacuate Collection Set: 0.0ms
[2023-08-11T12:12:45.009+0000][gc,phases     ] GC(97)   Evacuate Collection Set: 13.5ms
[2023-08-11T12:12:45.009+0000][gc,phases     ] GC(97)   Post Evacuate Collection Set: 0.7ms
[2023-08-11T12:12:45.009+0000][gc,phases     ] GC(97)   Other: 0.4ms
[2023-08-11T12:12:45.009+0000][gc,heap       ] GC(97) Eden regions: 480->0(487)
[2023-08-11T12:12:45.009+0000][gc,heap       ] GC(97) Survivor regions: 21->25(63)
[2023-08-11T12:12:45.009+0000][gc,heap       ] GC(97) Old regions: 163->163
[2023-08-11T12:12:45.009+0000][gc,heap       ] GC(97) Humongous regions: 149->149
[2023-08-11T12:12:45.009+0000][gc,metaspace  ] GC(97) Metaspace: 117030K(122852K)->117030K(122852K) NonClass: 103328K(106700K)->103328K(106700K) Class: 13702K(16152K)->13702K(16152K)
[2023-08-11T12:12:45.009+0000][gc            ] GC(97) Pause Young (Normal) (G1 Evacuation Pause) 812M->336M(1024M) 14.627ms
[2023-08-11T12:12:45.009+0000][gc,cpu        ] GC(97) User=0.10s Sys=0.00s Real=0.01s
[2023-08-11T12:14:54.459+0000][gc,start      ] GC(98) Pause Young (Normal) (G1 Evacuation Pause)
[2023-08-11T12:14:54.459+0000][gc,task       ] GC(98) Using 8 workers of 8 for evacuation
[2023-08-11T12:14:54.476+0000][gc,phases     ] GC(98)   Pre Evacuate Collection Set: 0.0ms
[2023-08-11T12:14:54.476+0000][gc,phases     ] GC(98)   Evacuate Collection Set: 16.3ms
[2023-08-11T12:14:54.476+0000][gc,phases     ] GC(98)   Post Evacuate Collection Set: 0.7ms
[2023-08-11T12:14:54.476+0000][gc,phases     ] GC(98)   Other: 0.4ms
[2023-08-11T12:14:54.476+0000][gc,heap       ] GC(98) Eden regions: 487->0(476)
[2023-08-11T12:14:54.476+0000][gc,heap       ] GC(98) Survivor regions: 25->32(64)
[2023-08-11T12:14:54.476+0000][gc,heap       ] GC(98) Old regions: 163->163
[2023-08-11T12:14:54.476+0000][gc,heap       ] GC(98) Humongous regions: 149->149
[2023-08-11T12:14:54.476+0000][gc,metaspace  ] GC(98) Metaspace: 117044K(122852K)->117044K(122852K) NonClass: 103341K(106700K)->103341K(106700K) Class: 13702K(16152K)->13702K(16152K)
[2023-08-11T12:14:54.477+0000][gc            ] GC(98) Pause Young (Normal) (G1 Evacuation Pause) 823M->344M(1024M) 17.525ms
[2023-08-11T12:14:54.477+0000][gc,cpu        ] GC(98) User=0.13s Sys=0.00s Real=0.01s
[2023-08-11T12:16:54.366+0000][gc,start      ] GC(99) Pause Young (Normal) (G1 Evacuation Pause)
[2023-08-11T12:16:54.366+0000][gc,task       ] GC(99) Using 8 workers of 8 for evacuation
[2023-08-11T12:16:54.385+0000][gc,phases     ] GC(99)   Pre Evacuate Collection Set: 0.0ms
[2023-08-11T12:16:54.385+0000][gc,phases     ] GC(99)   Evacuate Collection Set: 18.1ms
[2023-08-11T12:16:54.385+0000][gc,phases     ] GC(99)   Post Evacuate Collection Set: 0.7ms
[2023-08-11T12:16:54.385+0000][gc,phases     ] GC(99)   Other: 0.4ms
[2023-08-11T12:16:54.385+0000][gc,heap       ] GC(99) Eden regions: 476->0(428)
[2023-08-11T12:16:54.385+0000][gc,heap       ] GC(99) Survivor regions: 32->38(64)
[2023-08-11T12:16:54.385+0000][gc,heap       ] GC(99) Old regions: 163->163
[2023-08-11T12:16:54.385+0000][gc,heap       ] GC(99) Humongous regions: 149->149
[2023-08-11T12:16:54.385+0000][gc,metaspace  ] GC(99) Metaspace: 117101K(122852K)->117101K(122852K) NonClass: 103399K(106700K)->103399K(106700K) Class: 13702K(16152K)->13702K(16152K)
[2023-08-11T12:16:54.385+0000][gc            ] GC(99) Pause Young (Normal) (G1 Evacuation Pause) 820M->349M(1024M) 19.291ms
[2023-08-11T12:16:54.385+0000][gc,cpu        ] GC(99) User=0.14s Sys=0.00s Real=0.02s
[2023-08-11T12:18:33.128+0000][gc,start      ] GC(100) Pause Young (Normal) (G1 Evacuation Pause)
[2023-08-11T12:18:33.128+0000][gc,task       ] GC(100) Using 8 workers of 8 for evacuation
[2023-08-11T12:18:33.154+0000][gc,mmu        ] GC(100) MMU target violated: 21.0ms (20.0ms/21.0ms)
[2023-08-11T12:18:33.154+0000][gc,phases     ] GC(100)   Pre Evacuate Collection Set: 0.0ms
[2023-08-11T12:18:33.154+0000][gc,phases     ] GC(100)   Evacuate Collection Set: 25.0ms
[2023-08-11T12:18:33.154+0000][gc,phases     ] GC(100)   Post Evacuate Collection Set: 0.8ms
[2023-08-11T12:18:33.154+0000][gc,phases     ] GC(100)   Other: 0.4ms
[2023-08-11T12:18:33.154+0000][gc,heap       ] GC(100) Eden regions: 428->0(227)
[2023-08-11T12:18:33.154+0000][gc,heap       ] GC(100) Survivor regions: 38->36(59)
[2023-08-11T12:18:33.154+0000][gc,heap       ] GC(100) Old regions: 163->170
[2023-08-11T12:18:33.154+0000][gc,heap       ] GC(100) Humongous regions: 149->149
[2023-08-11T12:18:33.154+0000][gc,metaspace  ] GC(100) Metaspace: 117140K(122852K)->117140K(122852K) NonClass: 103437K(106700K)->103437K(106700K) Class: 13702K(16152K)->13702K(16152K)
[2023-08-11T12:18:33.154+0000][gc            ] GC(100) Pause Young (Normal) (G1 Evacuation Pause) 777M->353M(1024M) 26.259ms
[2023-08-11T12:18:33.154+0000][gc,cpu        ] GC(100) User=0.17s Sys=0.00s Real=0.03s
[2023-08-11T12:19:26.098+0000][gc,start      ] GC(101) Pause Young (Normal) (G1 Evacuation Pause)
[2023-08-11T12:19:26.098+0000][gc,task       ] GC(101) Using 8 workers of 8 for evacuation
[2023-08-11T12:19:26.117+0000][gc,phases     ] GC(101)   Pre Evacuate Collection Set: 0.0ms
[2023-08-11T12:19:26.117+0000][gc,phases     ] GC(101)   Evacuate Collection Set: 17.5ms
[2023-08-11T12:19:26.117+0000][gc,phases     ] GC(101)   Post Evacuate Collection Set: 0.6ms
[2023-08-11T12:19:26.117+0000][gc,phases     ] GC(101)   Other: 0.3ms
[2023-08-11T12:19:26.117+0000][gc,heap       ] GC(101) Eden regions: 227->0(525)
[2023-08-11T12:19:26.117+0000][gc,heap       ] GC(101) Survivor regions: 36->15(33)
[2023-08-11T12:19:26.117+0000][gc,heap       ] GC(101) Old regions: 170->191
[2023-08-11T12:19:26.117+0000][gc,heap       ] GC(101) Humongous regions: 149->149
[2023-08-11T12:19:26.117+0000][gc,metaspace  ] GC(101) Metaspace: 117145K(122852K)->117145K(122852K) NonClass: 103443K(106700K)->103443K(106700K) Class: 13702K(16152K)->13702K(16152K)
[2023-08-11T12:19:26.117+0000][gc            ] GC(101) Pause Young (Normal) (G1 Evacuation Pause) 580M->354M(1024M) 18.540ms
[2023-08-11T12:19:26.117+0000][gc,cpu        ] GC(101) User=0.14s Sys=0.00s Real=0.02s
[2023-08-11T12:21:42.508+0000][gc,start      ] GC(102) Pause Young (Normal) (G1 Evacuation Pause)
[2023-08-11T12:21:42.508+0000][gc,task       ] GC(102) Using 8 workers of 8 for evacuation
[2023-08-11T12:21:42.521+0000][gc,phases     ] GC(102)   Pre Evacuate Collection Set: 0.0ms
[2023-08-11T12:21:42.521+0000][gc,phases     ] GC(102)   Evacuate Collection Set: 12.6ms
[2023-08-11T12:21:42.521+0000][gc,phases     ] GC(102)   Post Evacuate Collection Set: 0.7ms
[2023-08-11T12:21:42.521+0000][gc,phases     ] GC(102)   Other: 0.3ms
[2023-08-11T12:21:42.521+0000][gc,heap       ] GC(102) Eden regions: 525->0(523)
[2023-08-11T12:21:42.521+0000][gc,heap       ] GC(102) Survivor regions: 15->21(68)
[2023-08-11T12:21:42.521+0000][gc,heap       ] GC(102) Old regions: 191->191
[2023-08-11T12:21:42.521+0000][gc,heap       ] GC(102) Humongous regions: 149->149
[2023-08-11T12:21:42.521+0000][gc,metaspace  ] GC(102) Metaspace: 117155K(122852K)->117155K(122852K) NonClass: 103453K(106700K)->103453K(106700K) Class: 13702K(16152K)->13702K(16152K)
[2023-08-11T12:21:42.521+0000][gc            ] GC(102) Pause Young (Normal) (G1 Evacuation Pause) 879M->360M(1024M) 13.738ms
[2023-08-11T12:21:42.521+0000][gc,cpu        ] GC(102) User=0.11s Sys=0.00s Real=0.02s
[2023-08-11T12:24:03.688+0000][gc,start      ] GC(103) Pause Young (Normal) (G1 Evacuation Pause)
[2023-08-11T12:24:03.688+0000][gc,task       ] GC(103) Using 8 workers of 8 for evacuation
[2023-08-11T12:24:03.704+0000][gc,phases     ] GC(103)   Pre Evacuate Collection Set: 0.0ms
[2023-08-11T12:24:03.704+0000][gc,phases     ] GC(103)   Evacuate Collection Set: 15.0ms
[2023-08-11T12:24:03.704+0000][gc,phases     ] GC(103)   Post Evacuate Collection Set: 0.8ms
[2023-08-11T12:24:03.704+0000][gc,phases     ] GC(103)   Other: 0.4ms
[2023-08-11T12:24:03.704+0000][gc,heap       ] GC(103) Eden regions: 523->0(513)
[2023-08-11T12:24:03.704+0000][gc,heap       ] GC(103) Survivor regions: 21->28(68)
[2023-08-11T12:24:03.704+0000][gc,heap       ] GC(103) Old regions: 191->191
[2023-08-11T12:24:03.704+0000][gc,heap       ] GC(103) Humongous regions: 149->149
[2023-08-11T12:24:03.704+0000][gc,metaspace  ] GC(103) Metaspace: 117165K(122852K)->117165K(122852K) NonClass: 103462K(106700K)->103462K(106700K) Class: 13702K(16152K)->13702K(16152K)
[2023-08-11T12:24:03.704+0000][gc            ] GC(103) Pause Young (Normal) (G1 Evacuation Pause) 883M->367M(1024M) 16.269ms
[2023-08-11T12:24:03.704+0000][gc,cpu        ] GC(103) User=0.12s Sys=0.00s Real=0.02s
[2023-08-11T12:26:12.937+0000][gc,start      ] GC(104) Pause Young (Normal) (G1 Evacuation Pause)
[2023-08-11T12:26:12.937+0000][gc,task       ] GC(104) Using 8 workers of 8 for evacuation
[2023-08-11T12:26:12.965+0000][gc,mmu        ] GC(104) MMU target violated: 21.0ms (20.0ms/21.0ms)
[2023-08-11T12:26:12.965+0000][gc,phases     ] GC(104)   Pre Evacuate Collection Set: 0.0ms
[2023-08-11T12:26:12.965+0000][gc,phases     ] GC(104)   Evacuate Collection Set: 27.3ms
[2023-08-11T12:26:12.965+0000][gc,phases     ] GC(104)   Post Evacuate Collection Set: 0.7ms
[2023-08-11T12:26:12.965+0000][gc,phases     ] GC(104)   Other: 0.4ms
[2023-08-11T12:26:12.965+0000][gc,heap       ] GC(104) Eden regions: 513->0(405)
[2023-08-11T12:26:12.965+0000][gc,heap       ] GC(104) Survivor regions: 28->33(68)
[2023-08-11T12:26:12.965+0000][gc,heap       ] GC(104) Old regions: 191->191
[2023-08-11T12:26:12.965+0000][gc,heap       ] GC(104) Humongous regions: 149->149
[2023-08-11T12:26:12.965+0000][gc,metaspace  ] GC(104) Metaspace: 117183K(122852K)->117183K(122852K) NonClass: 103480K(106700K)->103480K(106700K) Class: 13702K(16152K)->13702K(16152K)
[2023-08-11T12:26:12.965+0000][gc            ] GC(104) Pause Young (Normal) (G1 Evacuation Pause) 880M->372M(1024M) 28.437ms
[2023-08-11T12:26:12.965+0000][gc,cpu        ] GC(104) User=0.19s Sys=0.00s Real=0.03s
[2023-08-11T12:27:54.347+0000][gc,start      ] GC(105) Pause Young (Normal) (G1 Evacuation Pause)
[2023-08-11T12:27:54.347+0000][gc,task       ] GC(105) Using 8 workers of 8 for evacuation
[2023-08-11T12:27:54.367+0000][gc,phases     ] GC(105)   Pre Evacuate Collection Set: 0.0ms
[2023-08-11T12:27:54.367+0000][gc,phases     ] GC(105)   Evacuate Collection Set: 18.1ms
[2023-08-11T12:27:54.367+0000][gc,phases     ] GC(105)   Post Evacuate Collection Set: 0.7ms
[2023-08-11T12:27:54.367+0000][gc,phases     ] GC(105)   Other: 0.3ms
[2023-08-11T12:27:54.367+0000][gc,heap       ] GC(105) Eden regions: 405->0(364)
[2023-08-11T12:27:54.367+0000][gc,heap       ] GC(105) Survivor regions: 33->33(55)
[2023-08-11T12:27:54.367+0000][gc,heap       ] GC(105) Old regions: 191->196
[2023-08-11T12:27:54.367+0000][gc,heap       ] GC(105) Humongous regions: 149->149
[2023-08-11T12:27:54.367+0000][gc,metaspace  ] GC(105) Metaspace: 117190K(122852K)->117190K(122852K) NonClass: 103487K(106700K)->103487K(106700K) Class: 13702K(16152K)->13702K(16152K)
[2023-08-11T12:27:54.367+0000][gc            ] GC(105) Pause Young (Normal) (G1 Evacuation Pause) 777M->377M(1024M) 19.263ms
[2023-08-11T12:27:54.367+0000][gc,cpu        ] GC(105) User=0.15s Sys=0.01s Real=0.02s
[2023-08-11T12:29:24.471+0000][gc,start      ] GC(106) Pause Young (Normal) (G1 Evacuation Pause)
[2023-08-11T12:29:24.471+0000][gc,task       ] GC(106) Using 8 workers of 8 for evacuation
[2023-08-11T12:29:24.490+0000][gc,phases     ] GC(106)   Pre Evacuate Collection Set: 0.0ms
[2023-08-11T12:29:24.490+0000][gc,phases     ] GC(106)   Evacuate Collection Set: 18.0ms
[2023-08-11T12:29:24.490+0000][gc,phases     ] GC(106)   Post Evacuate Collection Set: 0.7ms
[2023-08-11T12:29:24.490+0000][gc,phases     ] GC(106)   Other: 0.4ms
[2023-08-11T12:29:24.490+0000][gc,heap       ] GC(106) Eden regions: 364->0(369)
[2023-08-11T12:29:24.490+0000][gc,heap       ] GC(106) Survivor regions: 33->31(50)
[2023-08-11T12:29:24.490+0000][gc,heap       ] GC(106) Old regions: 196->204
[2023-08-11T12:29:24.490+0000][gc,heap       ] GC(106) Humongous regions: 149->149
[2023-08-11T12:29:24.490+0000][gc,metaspace  ] GC(106) Metaspace: 117223K(123108K)->117223K(123108K) NonClass: 103521K(106956K)->103521K(106956K) Class: 13702K(16152K)->13702K(16152K)
[2023-08-11T12:29:24.490+0000][gc            ] GC(106) Pause Young (Normal) (G1 Evacuation Pause) 741M->383M(1024M) 19.129ms
[2023-08-11T12:29:24.490+0000][gc,cpu        ] GC(106) User=0.14s Sys=0.00s Real=0.02s
[2023-08-11T12:30:49.832+0000][gc,start      ] GC(107) Pause Young (Normal) (G1 Evacuation Pause)
[2023-08-11T12:30:49.832+0000][gc,task       ] GC(107) Using 8 workers of 8 for evacuation
[2023-08-11T12:30:49.849+0000][gc,phases     ] GC(107)   Pre Evacuate Collection Set: 0.0ms
[2023-08-11T12:30:49.849+0000][gc,phases     ] GC(107)   Evacuate Collection Set: 16.4ms
[2023-08-11T12:30:49.849+0000][gc,phases     ] GC(107)   Post Evacuate Collection Set: 0.7ms
[2023-08-11T12:30:49.849+0000][gc,phases     ] GC(107)   Other: 0.4ms
[2023-08-11T12:30:49.849+0000][gc,heap       ] GC(107) Eden regions: 333->0(504)
[2023-08-11T12:30:49.849+0000][gc,heap       ] GC(107) Survivor regions: 31->21(46)
[2023-08-11T12:30:49.849+0000][gc,heap       ] GC(107) Old regions: 204->216
[2023-08-11T12:30:49.849+0000][gc,heap       ] GC(107) Humongous regions: 149->149
[2023-08-11T12:30:49.849+0000][gc,metaspace  ] GC(107) Metaspace: 117224K(123108K)->117224K(123108K) NonClass: 103522K(106956K)->103522K(106956K) Class: 13702K(16152K)->13702K(16152K)
[2023-08-11T12:30:49.849+0000][gc            ] GC(107) Pause Young (Normal) (G1 Evacuation Pause) 716M->385M(1024M) 17.592ms
[2023-08-11T12:30:49.850+0000][gc,cpu        ] GC(107) User=0.14s Sys=0.00s Real=0.01s
[2023-08-11T12:32:55.990+0000][gc,start      ] GC(108) Pause Young (Concurrent Start) (G1 Evacuation Pause)
[2023-08-11T12:32:55.990+0000][gc,task       ] GC(108) Using 8 workers of 8 for evacuation
[2023-08-11T12:32:56.007+0000][gc,phases     ] GC(108)   Pre Evacuate Collection Set: 0.5ms
[2023-08-11T12:32:56.007+0000][gc,phases     ] GC(108)   Evacuate Collection Set: 15.9ms
[2023-08-11T12:32:56.007+0000][gc,phases     ] GC(108)   Post Evacuate Collection Set: 0.7ms
[2023-08-11T12:32:56.007+0000][gc,phases     ] GC(108)   Other: 0.4ms
[2023-08-11T12:32:56.007+0000][gc,heap       ] GC(108) Eden regions: 504->0(399)
[2023-08-11T12:32:56.007+0000][gc,heap       ] GC(108) Survivor regions: 21->28(66)
[2023-08-11T12:32:56.007+0000][gc,heap       ] GC(108) Old regions: 216->216
[2023-08-11T12:32:56.007+0000][gc,heap       ] GC(108) Humongous regions: 149->149
[2023-08-11T12:32:56.007+0000][gc,metaspace  ] GC(108) Metaspace: 117242K(123108K)->117242K(123108K) NonClass: 103540K(106956K)->103540K(106956K) Class: 13702K(16152K)->13702K(16152K)
[2023-08-11T12:32:56.007+0000][gc            ] GC(108) Pause Young (Concurrent Start) (G1 Evacuation Pause) 889M->392M(1024M) 17.657ms
[2023-08-11T12:32:56.007+0000][gc,cpu        ] GC(108) User=0.12s Sys=0.00s Real=0.02s
[2023-08-11T12:32:56.007+0000][gc            ] GC(109) Concurrent Cycle
[2023-08-11T12:32:56.007+0000][gc,marking    ] GC(109) Concurrent Clear Claimed Marks
[2023-08-11T12:32:56.008+0000][gc,marking    ] GC(109) Concurrent Clear Claimed Marks 0.427ms
[2023-08-11T12:32:56.008+0000][gc,marking    ] GC(109) Concurrent Scan Root Regions
[2023-08-11T12:32:56.017+0000][gc,marking    ] GC(109) Concurrent Scan Root Regions 9.126ms
[2023-08-11T12:32:56.017+0000][gc,marking    ] GC(109) Concurrent Mark (6667.318s)
[2023-08-11T12:32:56.017+0000][gc,marking    ] GC(109) Concurrent Mark From Roots
[2023-08-11T12:32:56.017+0000][gc,task       ] GC(109) Using 2 workers of 2 for marking
[2023-08-11T12:32:56.080+0000][gc,marking    ] GC(109) Concurrent Mark From Roots 62.959ms
[2023-08-11T12:32:56.080+0000][gc,marking    ] GC(109) Concurrent Preclean
[2023-08-11T12:32:56.081+0000][gc,marking    ] GC(109) Concurrent Preclean 0.481ms
[2023-08-11T12:32:56.081+0000][gc,marking    ] GC(109) Concurrent Mark (6667.318s, 6667.382s) 63.516ms
[2023-08-11T12:32:56.081+0000][gc,start      ] GC(109) Pause Remark
[2023-08-11T12:32:56.090+0000][gc,stringtable] GC(109) Cleaned string and symbol table, strings: 43251 processed, 0 removed, symbols: 278250 processed, 1 removed
[2023-08-11T12:32:56.090+0000][gc            ] GC(109) Pause Remark 393M->393M(1024M) 9.201ms
[2023-08-11T12:32:56.090+0000][gc,cpu        ] GC(109) User=0.07s Sys=0.00s Real=0.00s
[2023-08-11T12:32:56.090+0000][gc,marking    ] GC(109) Concurrent Rebuild Remembered Sets
[2023-08-11T12:32:56.131+0000][gc,marking    ] GC(109) Concurrent Rebuild Remembered Sets 41.133ms
[2023-08-11T12:32:56.132+0000][gc,start      ] GC(109) Pause Cleanup
[2023-08-11T12:32:56.132+0000][gc            ] GC(109) Pause Cleanup 395M->395M(1024M) 0.255ms
[2023-08-11T12:32:56.132+0000][gc,cpu        ] GC(109) User=0.00s Sys=0.00s Real=0.00s
[2023-08-11T12:32:56.132+0000][gc,marking    ] GC(109) Concurrent Cleanup for Next Mark
[2023-08-11T12:32:56.133+0000][gc,marking    ] GC(109) Concurrent Cleanup for Next Mark 1.358ms
[2023-08-11T12:32:56.133+0000][gc            ] GC(109) Concurrent Cycle 125.879ms
[2023-08-11T12:33:24.362+0000][gc,start      ] GC(110) Pause Young (Prepare Mixed) (G1 Evacuation Pause)
[2023-08-11T12:33:24.362+0000][gc,task       ] GC(110) Using 8 workers of 8 for evacuation
[2023-08-11T12:33:24.377+0000][gc,phases     ] GC(110)   Pre Evacuate Collection Set: 0.0ms
[2023-08-11T12:33:24.377+0000][gc,phases     ] GC(110)   Evacuate Collection Set: 14.6ms
[2023-08-11T12:33:24.377+0000][gc,phases     ] GC(110)   Post Evacuate Collection Set: 0.6ms
[2023-08-11T12:33:24.377+0000][gc,phases     ] GC(110)   Other: 0.4ms
[2023-08-11T12:33:24.377+0000][gc,heap       ] GC(110) Eden regions: 78->0(47)
[2023-08-11T12:33:24.377+0000][gc,heap       ] GC(110) Survivor regions: 28->4(14)
[2023-08-11T12:33:24.377+0000][gc,heap       ] GC(110) Old regions: 216->240
[2023-08-11T12:33:24.377+0000][gc,heap       ] GC(110) Humongous regions: 149->149
[2023-08-11T12:33:24.377+0000][gc,metaspace  ] GC(110) Metaspace: 117242K(123108K)->117242K(123108K) NonClass: 103540K(106956K)->103540K(106956K) Class: 13702K(16152K)->13702K(16152K)
[2023-08-11T12:33:24.377+0000][gc            ] GC(110) Pause Young (Prepare Mixed) (G1 Evacuation Pause) 470M->392M(1024M) 15.791ms
[2023-08-11T12:33:24.377+0000][gc,cpu        ] GC(110) User=0.11s Sys=0.00s Real=0.01s
[2023-08-11T12:33:32.737+0000][gc,start      ] GC(111) Pause Young (Mixed) (G1 Evacuation Pause)
[2023-08-11T12:33:32.737+0000][gc,task       ] GC(111) Using 8 workers of 8 for evacuation
[2023-08-11T12:33:32.744+0000][gc,phases     ] GC(111)   Pre Evacuate Collection Set: 0.2ms
[2023-08-11T12:33:32.744+0000][gc,phases     ] GC(111)   Evacuate Collection Set: 6.3ms
[2023-08-11T12:33:32.744+0000][gc,phases     ] GC(111)   Post Evacuate Collection Set: 0.5ms
[2023-08-11T12:33:32.744+0000][gc,phases     ] GC(111)   Other: 0.4ms
[2023-08-11T12:33:32.744+0000][gc,heap       ] GC(111) Eden regions: 47->0(540)
[2023-08-11T12:33:32.744+0000][gc,heap       ] GC(111) Survivor regions: 4->4(7)
[2023-08-11T12:33:32.744+0000][gc,heap       ] GC(111) Old regions: 240->167
[2023-08-11T12:33:32.744+0000][gc,heap       ] GC(111) Humongous regions: 149->149
[2023-08-11T12:33:32.744+0000][gc,metaspace  ] GC(111) Metaspace: 117242K(123108K)->117242K(123108K) NonClass: 103540K(106956K)->103540K(106956K) Class: 13702K(16152K)->13702K(16152K)
[2023-08-11T12:33:32.744+0000][gc            ] GC(111) Pause Young (Mixed) (G1 Evacuation Pause) 439M->319M(1024M) 7.506ms
[2023-08-11T12:33:32.744+0000][gc,cpu        ] GC(111) User=0.06s Sys=0.00s Real=0.01s
[2023-08-11T12:35:54.345+0000][gc,start      ] GC(112) Pause Young (Normal) (G1 Evacuation Pause)
[2023-08-11T12:35:54.345+0000][gc,task       ] GC(112) Using 8 workers of 8 for evacuation
[2023-08-11T12:35:54.355+0000][gc,phases     ] GC(112)   Pre Evacuate Collection Set: 0.0ms
[2023-08-11T12:35:54.355+0000][gc,phases     ] GC(112)   Evacuate Collection Set: 9.3ms
[2023-08-11T12:35:54.355+0000][gc,phases     ] GC(112)   Post Evacuate Collection Set: 0.7ms
[2023-08-11T12:35:54.355+0000][gc,phases     ] GC(112)   Other: 0.4ms
[2023-08-11T12:35:54.355+0000][gc,heap       ] GC(112) Eden regions: 540->0(541)
[2023-08-11T12:35:54.355+0000][gc,heap       ] GC(112) Survivor regions: 4->11(68)
[2023-08-11T12:35:54.355+0000][gc,heap       ] GC(112) Old regions: 167->167
[2023-08-11T12:35:54.355+0000][gc,heap       ] GC(112) Humongous regions: 149->149
[2023-08-11T12:35:54.355+0000][gc,metaspace  ] GC(112) Metaspace: 117243K(123108K)->117243K(123108K) NonClass: 103541K(106956K)->103541K(106956K) Class: 13702K(16152K)->13702K(16152K)
[2023-08-11T12:35:54.355+0000][gc            ] GC(112) Pause Young (Normal) (G1 Evacuation Pause) 859M->325M(1024M) 10.431ms
[2023-08-11T12:35:54.355+0000][gc,cpu        ] GC(112) User=0.06s Sys=0.00s Real=0.01s
[2023-08-11T12:37:56.295+0000][gc,start      ] GC(113) Pause Young (Normal) (G1 Evacuation Pause)
[2023-08-11T12:37:56.295+0000][gc,task       ] GC(113) Using 8 workers of 8 for evacuation
[2023-08-11T12:37:56.306+0000][gc,phases     ] GC(113)   Pre Evacuate Collection Set: 0.0ms
[2023-08-11T12:37:56.306+0000][gc,phases     ] GC(113)   Evacuate Collection Set: 10.2ms
[2023-08-11T12:37:56.306+0000][gc,phases     ] GC(113)   Post Evacuate Collection Set: 0.7ms
[2023-08-11T12:37:56.306+0000][gc,phases     ] GC(113)   Other: 0.4ms
[2023-08-11T12:37:56.306+0000][gc,heap       ] GC(113) Eden regions: 541->0(542)
[2023-08-11T12:37:56.306+0000][gc,heap       ] GC(113) Survivor regions: 11->16(69)
[2023-08-11T12:37:56.306+0000][gc,heap       ] GC(113) Old regions: 167->167
[2023-08-11T12:37:56.306+0000][gc,heap       ] GC(113) Humongous regions: 149->149
[2023-08-11T12:37:56.306+0000][gc,metaspace  ] GC(113) Metaspace: 117246K(123108K)->117246K(123108K) NonClass: 103543K(106956K)->103543K(106956K) Class: 13702K(16152K)->13702K(16152K)
[2023-08-11T12:37:56.306+0000][gc            ] GC(113) Pause Young (Normal) (G1 Evacuation Pause) 866M->331M(1024M) 11.393ms
[2023-08-11T12:37:56.306+0000][gc,cpu        ] GC(113) User=0.08s Sys=0.01s Real=0.01s
[2023-08-11T12:40:15.350+0000][gc,start      ] GC(114) Pause Young (Concurrent Start) (G1 Evacuation Pause)
[2023-08-11T12:40:15.350+0000][gc,task       ] GC(114) Using 8 workers of 8 for evacuation
[2023-08-11T12:40:15.366+0000][gc,phases     ] GC(114)   Pre Evacuate Collection Set: 0.5ms
[2023-08-11T12:40:15.366+0000][gc,phases     ] GC(114)   Evacuate Collection Set: 13.5ms
[2023-08-11T12:40:15.366+0000][gc,phases     ] GC(114)   Post Evacuate Collection Set: 0.8ms
[2023-08-11T12:40:15.366+0000][gc,phases     ] GC(114)   Other: 0.5ms
[2023-08-11T12:40:15.366+0000][gc,heap       ] GC(114) Eden regions: 542->0(505)
[2023-08-11T12:40:15.366+0000][gc,heap       ] GC(114) Survivor regions: 16->23(70)
[2023-08-11T12:40:15.366+0000][gc,heap       ] GC(114) Old regions: 167->167
[2023-08-11T12:40:15.366+0000][gc,heap       ] GC(114) Humongous regions: 149->149
[2023-08-11T12:40:15.366+0000][gc,metaspace  ] GC(114) Metaspace: 117246K(123108K)->117246K(123108K) NonClass: 103543K(106956K)->103543K(106956K) Class: 13702K(16152K)->13702K(16152K)
[2023-08-11T12:40:15.366+0000][gc            ] GC(114) Pause Young (Concurrent Start) (G1 Evacuation Pause) 873M->337M(1024M) 15.277ms
[2023-08-11T12:40:15.366+0000][gc,cpu        ] GC(114) User=0.11s Sys=0.00s Real=0.02s
[2023-08-11T12:40:15.366+0000][gc            ] GC(115) Concurrent Cycle
[2023-08-11T12:40:15.366+0000][gc,marking    ] GC(115) Concurrent Clear Claimed Marks
[2023-08-11T12:40:15.366+0000][gc,marking    ] GC(115) Concurrent Clear Claimed Marks 0.304ms
[2023-08-11T12:40:15.366+0000][gc,marking    ] GC(115) Concurrent Scan Root Regions
[2023-08-11T12:40:15.375+0000][gc,marking    ] GC(115) Concurrent Scan Root Regions 9.008ms
[2023-08-11T12:40:15.375+0000][gc,marking    ] GC(115) Concurrent Mark (7106.677s)
[2023-08-11T12:40:15.375+0000][gc,marking    ] GC(115) Concurrent Mark From Roots
[2023-08-11T12:40:15.375+0000][gc,task       ] GC(115) Using 2 workers of 2 for marking
[2023-08-11T12:40:15.451+0000][gc,marking    ] GC(115) Concurrent Mark From Roots 75.678ms
[2023-08-11T12:40:15.451+0000][gc,marking    ] GC(115) Concurrent Preclean
[2023-08-11T12:40:15.451+0000][gc,marking    ] GC(115) Concurrent Preclean 0.454ms
[2023-08-11T12:40:15.451+0000][gc,marking    ] GC(115) Concurrent Mark (7106.677s, 7106.753s) 76.217ms
[2023-08-11T12:40:15.452+0000][gc,start      ] GC(115) Pause Remark
[2023-08-11T12:40:15.464+0000][gc,stringtable] GC(115) Cleaned string and symbol table, strings: 43268 processed, 0 removed, symbols: 278250 processed, 1 removed
[2023-08-11T12:40:15.464+0000][gc            ] GC(115) Pause Remark 338M->338M(1024M) 12.465ms
[2023-08-11T12:40:15.464+0000][gc,cpu        ] GC(115) User=0.09s Sys=0.00s Real=0.01s
[2023-08-11T12:40:15.464+0000][gc,marking    ] GC(115) Concurrent Rebuild Remembered Sets
[2023-08-11T12:40:15.511+0000][gc,marking    ] GC(115) Concurrent Rebuild Remembered Sets 47.232ms
[2023-08-11T12:40:15.512+0000][gc,start      ] GC(115) Pause Cleanup
[2023-08-11T12:40:15.512+0000][gc            ] GC(115) Pause Cleanup 341M->341M(1024M) 0.285ms
[2023-08-11T12:40:15.512+0000][gc,cpu        ] GC(115) User=0.00s Sys=0.00s Real=0.00s
[2023-08-11T12:40:15.512+0000][gc,marking    ] GC(115) Concurrent Cleanup for Next Mark
[2023-08-11T12:40:15.513+0000][gc,marking    ] GC(115) Concurrent Cleanup for Next Mark 1.410ms
[2023-08-11T12:40:15.514+0000][gc            ] GC(115) Concurrent Cycle 147.803ms
[2023-08-11T12:41:54.390+0000][gc,start      ] GC(116) Pause Young (Prepare Mixed) (G1 Evacuation Pause)
[2023-08-11T12:41:54.390+0000][gc,task       ] GC(116) Using 8 workers of 8 for evacuation
[2023-08-11T12:41:54.409+0000][gc,phases     ] GC(116)   Pre Evacuate Collection Set: 0.0ms
[2023-08-11T12:41:54.409+0000][gc,phases     ] GC(116)   Evacuate Collection Set: 17.5ms
[2023-08-11T12:41:54.409+0000][gc,phases     ] GC(116)   Post Evacuate Collection Set: 0.7ms
[2023-08-11T12:41:54.409+0000][gc,phases     ] GC(116)   Other: 0.4ms
[2023-08-11T12:41:54.409+0000][gc,heap       ] GC(116) Eden regions: 376->0(18)
[2023-08-11T12:41:54.409+0000][gc,heap       ] GC(116) Survivor regions: 23->33(50)
[2023-08-11T12:41:54.409+0000][gc,heap       ] GC(116) Old regions: 167->167
[2023-08-11T12:41:54.409+0000][gc,heap       ] GC(116) Humongous regions: 149->149
[2023-08-11T12:41:54.409+0000][gc,metaspace  ] GC(116) Metaspace: 117259K(123108K)->117259K(123108K) NonClass: 103554K(106956K)->103554K(106956K) Class: 13704K(16152K)->13704K(16152K)
[2023-08-11T12:41:54.409+0000][gc            ] GC(116) Pause Young (Prepare Mixed) (G1 Evacuation Pause) 713M->348M(1024M) 18.661ms
[2023-08-11T12:41:54.409+0000][gc,cpu        ] GC(116) User=0.14s Sys=0.00s Real=0.02s
[2023-08-11T12:41:54.985+0000][gc,start      ] GC(117) Pause Young (Mixed) (G1 Evacuation Pause)
[2023-08-11T12:41:54.985+0000][gc,task       ] GC(117) Using 8 workers of 8 for evacuation
[2023-08-11T12:41:55.004+0000][gc,phases     ] GC(117)   Pre Evacuate Collection Set: 0.1ms
[2023-08-11T12:41:55.004+0000][gc,phases     ] GC(117)   Evacuate Collection Set: 18.2ms
[2023-08-11T12:41:55.004+0000][gc,phases     ] GC(117)   Post Evacuate Collection Set: 0.5ms
[2023-08-11T12:41:55.004+0000][gc,phases     ] GC(117)   Other: 0.4ms
[2023-08-11T12:41:55.004+0000][gc,heap       ] GC(117) Eden regions: 18->0(452)
[2023-08-11T12:41:55.004+0000][gc,heap       ] GC(117) Survivor regions: 33->4(7)
[2023-08-11T12:41:55.004+0000][gc,heap       ] GC(117) Old regions: 167->172
[2023-08-11T12:41:55.004+0000][gc,heap       ] GC(117) Humongous regions: 149->149
[2023-08-11T12:41:55.004+0000][gc,metaspace  ] GC(117) Metaspace: 117259K(123108K)->117259K(123108K) NonClass: 103554K(106956K)->103554K(106956K) Class: 13704K(16152K)->13704K(16152K)
[2023-08-11T12:41:55.004+0000][gc            ] GC(117) Pause Young (Mixed) (G1 Evacuation Pause) 366M->324M(1024M) 19.331ms
[2023-08-11T12:41:55.005+0000][gc,cpu        ] GC(117) User=0.15s Sys=0.00s Real=0.02s
[2023-08-11T12:43:42.034+0000][gc,start      ] GC(118) Pause Young (Normal) (G1 Evacuation Pause)
[2023-08-11T12:43:42.034+0000][gc,task       ] GC(118) Using 8 workers of 8 for evacuation
[2023-08-11T12:43:42.046+0000][gc,phases     ] GC(118)   Pre Evacuate Collection Set: 0.0ms
[2023-08-11T12:43:42.046+0000][gc,phases     ] GC(118)   Evacuate Collection Set: 11.0ms
[2023-08-11T12:43:42.046+0000][gc,phases     ] GC(118)   Post Evacuate Collection Set: 0.7ms
[2023-08-11T12:43:42.046+0000][gc,phases     ] GC(118)   Other: 0.4ms
[2023-08-11T12:43:42.046+0000][gc,heap       ] GC(118) Eden regions: 445->0(422)
[2023-08-11T12:43:42.046+0000][gc,heap       ] GC(118) Survivor regions: 4->15(57)
[2023-08-11T12:43:42.046+0000][gc,heap       ] GC(118) Old regions: 172->172
[2023-08-11T12:43:42.046+0000][gc,heap       ] GC(118) Humongous regions: 149->149
[2023-08-11T12:43:42.046+0000][gc,metaspace  ] GC(118) Metaspace: 117328K(123108K)->117328K(123108K) NonClass: 103607K(106956K)->103607K(106956K) Class: 13720K(16152K)->13720K(16152K)
[2023-08-11T12:43:42.046+0000][gc            ] GC(118) Pause Young (Normal) (G1 Evacuation Pause) 769M->334M(1024M) 12.236ms
[2023-08-11T12:43:42.046+0000][gc,cpu        ] GC(118) User=0.09s Sys=0.00s Real=0.01s
[2023-08-11T12:45:25.204+0000][gc,start      ] GC(119) Pause Young (Normal) (G1 Evacuation Pause)
[2023-08-11T12:45:25.204+0000][gc,task       ] GC(119) Using 8 workers of 8 for evacuation
[2023-08-11T12:45:25.218+0000][gc,phases     ] GC(119)   Pre Evacuate Collection Set: 0.0ms
[2023-08-11T12:45:25.218+0000][gc,phases     ] GC(119)   Evacuate Collection Set: 12.8ms
[2023-08-11T12:45:25.218+0000][gc,phases     ] GC(119)   Post Evacuate Collection Set: 0.7ms
[2023-08-11T12:45:25.218+0000][gc,phases     ] GC(119)   Other: 0.3ms
[2023-08-11T12:45:25.218+0000][gc,heap       ] GC(119) Eden regions: 396->0(425)
[2023-08-11T12:45:25.218+0000][gc,heap       ] GC(119) Survivor regions: 15->19(52)
[2023-08-11T12:45:25.218+0000][gc,heap       ] GC(119) Old regions: 172->172
[2023-08-11T12:45:25.218+0000][gc,heap       ] GC(119) Humongous regions: 149->149
[2023-08-11T12:45:25.218+0000][gc,metaspace  ] GC(119) Metaspace: 117328K(123108K)->117328K(123108K) NonClass: 103607K(106956K)->103607K(106956K) Class: 13720K(16152K)->13720K(16152K)
[2023-08-11T12:45:25.218+0000][gc            ] GC(119) Pause Young (Normal) (G1 Evacuation Pause) 730M->338M(1024M) 13.937ms
[2023-08-11T12:45:25.218+0000][gc,cpu        ] GC(119) User=0.10s Sys=0.00s Real=0.01s
[2023-08-11T12:47:10.487+0000][gc,start      ] GC(120) Pause Young (Normal) (G1 Evacuation Pause)
[2023-08-11T12:47:10.487+0000][gc,task       ] GC(120) Using 8 workers of 8 for evacuation
[2023-08-11T12:47:10.503+0000][gc,phases     ] GC(120)   Pre Evacuate Collection Set: 0.0ms
[2023-08-11T12:47:10.503+0000][gc,phases     ] GC(120)   Evacuate Collection Set: 14.2ms
[2023-08-11T12:47:10.503+0000][gc,phases     ] GC(120)   Post Evacuate Collection Set: 0.7ms
[2023-08-11T12:47:10.503+0000][gc,phases     ] GC(120)   Other: 0.3ms
[2023-08-11T12:47:10.503+0000][gc,heap       ] GC(120) Eden regions: 425->0(425)
[2023-08-11T12:47:10.503+0000][gc,heap       ] GC(120) Survivor regions: 19->23(56)
[2023-08-11T12:47:10.503+0000][gc,heap       ] GC(120) Old regions: 172->172
[2023-08-11T12:47:10.503+0000][gc,heap       ] GC(120) Humongous regions: 149->149
[2023-08-11T12:47:10.503+0000][gc,metaspace  ] GC(120) Metaspace: 117337K(123108K)->117337K(123108K) NonClass: 103616K(106956K)->103616K(106956K) Class: 13720K(16152K)->13720K(16152K)
[2023-08-11T12:47:10.503+0000][gc            ] GC(120) Pause Young (Normal) (G1 Evacuation Pause) 763M->343M(1024M) 15.328ms
[2023-08-11T12:47:10.503+0000][gc,cpu        ] GC(120) User=0.11s Sys=0.00s Real=0.02s
[2023-08-11T12:48:47.741+0000][gc,start      ] GC(121) Pause Young (Normal) (G1 Evacuation Pause)
[2023-08-11T12:48:47.741+0000][gc,task       ] GC(121) Using 8 workers of 8 for evacuation
[2023-08-11T12:48:47.757+0000][gc,phases     ] GC(121)   Pre Evacuate Collection Set: 0.0ms
[2023-08-11T12:48:47.757+0000][gc,phases     ] GC(121)   Evacuate Collection Set: 15.7ms
[2023-08-11T12:48:47.757+0000][gc,phases     ] GC(121)   Post Evacuate Collection Set: 0.7ms
[2023-08-11T12:48:47.757+0000][gc,phases     ] GC(121)   Other: 0.4ms
[2023-08-11T12:48:47.757+0000][gc,heap       ] GC(121) Eden regions: 388->0(415)
[2023-08-11T12:48:47.757+0000][gc,heap       ] GC(121) Survivor regions: 23->27(52)
[2023-08-11T12:48:47.757+0000][gc,heap       ] GC(121) Old regions: 172->172
[2023-08-11T12:48:47.757+0000][gc,heap       ] GC(121) Humongous regions: 149->149
[2023-08-11T12:48:47.757+0000][gc,metaspace  ] GC(121) Metaspace: 117352K(123108K)->117352K(123108K) NonClass: 103631K(106956K)->103631K(106956K) Class: 13720K(16152K)->13720K(16152K)
[2023-08-11T12:48:47.757+0000][gc            ] GC(121) Pause Young (Normal) (G1 Evacuation Pause) 731M->347M(1024M) 16.858ms
[2023-08-11T12:48:47.757+0000][gc,cpu        ] GC(121) User=0.13s Sys=0.00s Real=0.01s
[2023-08-11T12:50:34.729+0000][gc,start      ] GC(122) Pause Young (Normal) (G1 Evacuation Pause)
[2023-08-11T12:50:34.729+0000][gc,task       ] GC(122) Using 8 workers of 8 for evacuation
[2023-08-11T12:50:34.747+0000][gc,phases     ] GC(122)   Pre Evacuate Collection Set: 0.0ms
[2023-08-11T12:50:34.747+0000][gc,phases     ] GC(122)   Evacuate Collection Set: 17.0ms
[2023-08-11T12:50:34.747+0000][gc,phases     ] GC(122)   Post Evacuate Collection Set: 0.7ms
[2023-08-11T12:50:34.747+0000][gc,phases     ] GC(122)   Other: 0.4ms
[2023-08-11T12:50:34.747+0000][gc,heap       ] GC(122) Eden regions: 415->0(411)
[2023-08-11T12:50:34.747+0000][gc,heap       ] GC(122) Survivor regions: 27->31(56)
[2023-08-11T12:50:34.747+0000][gc,heap       ] GC(122) Old regions: 172->172
[2023-08-11T12:50:34.747+0000][gc,heap       ] GC(122) Humongous regions: 149->149
[2023-08-11T12:50:34.747+0000][gc,metaspace  ] GC(122) Metaspace: 117591K(123364K)->117591K(123364K) NonClass: 103870K(107212K)->103870K(107212K) Class: 13720K(16152K)->13720K(16152K)
[2023-08-11T12:50:34.747+0000][gc            ] GC(122) Pause Young (Normal) (G1 Evacuation Pause) 762M->350M(1024M) 18.235ms
[2023-08-11T12:50:34.747+0000][gc,cpu        ] GC(122) User=0.14s Sys=0.00s Real=0.02s
[2023-08-11T12:51:32.740+0000][gc,start      ] GC(123) Pause Young (Normal) (G1 Evacuation Pause)
[2023-08-11T12:51:32.741+0000][gc,task       ] GC(123) Using 8 workers of 8 for evacuation
[2023-08-11T12:51:32.763+0000][gc,mmu        ] GC(123) MMU target violated: 21.0ms (20.0ms/21.0ms)
[2023-08-11T12:51:32.763+0000][gc,phases     ] GC(123)   Pre Evacuate Collection Set: 0.1ms
[2023-08-11T12:51:32.763+0000][gc,phases     ] GC(123)   Evacuate Collection Set: 21.4ms
[2023-08-11T12:51:32.763+0000][gc,phases     ] GC(123)   Post Evacuate Collection Set: 0.7ms
[2023-08-11T12:51:32.763+0000][gc,phases     ] GC(123)   Other: 0.5ms
[2023-08-11T12:51:32.763+0000][gc,heap       ] GC(123) Eden regions: 223->0(397)
[2023-08-11T12:51:32.763+0000][gc,heap       ] GC(123) Survivor regions: 31->19(32)
[2023-08-11T12:51:32.763+0000][gc,heap       ] GC(123) Old regions: 172->186
[2023-08-11T12:51:32.763+0000][gc,heap       ] GC(123) Humongous regions: 149->149
[2023-08-11T12:51:32.763+0000][gc,metaspace  ] GC(123) Metaspace: 117599K(123364K)->117599K(123364K) NonClass: 103878K(107212K)->103878K(107212K) Class: 13720K(16152K)->13720K(16152K)
[2023-08-11T12:51:32.763+0000][gc            ] GC(123) Pause Young (Normal) (G1 Evacuation Pause) 573M->353M(1024M) 22.668ms
[2023-08-11T12:51:32.763+0000][gc,cpu        ] GC(123) User=0.15s Sys=0.00s Real=0.02s
[2023-08-11T12:53:09.476+0000][gc,start      ] GC(124) Pause Young (Normal) (G1 Evacuation Pause)
[2023-08-11T12:53:09.476+0000][gc,task       ] GC(124) Using 8 workers of 8 for evacuation
[2023-08-11T12:53:09.494+0000][gc,phases     ] GC(124)   Pre Evacuate Collection Set: 0.0ms
[2023-08-11T12:53:09.494+0000][gc,phases     ] GC(124)   Evacuate Collection Set: 16.7ms
[2023-08-11T12:53:09.494+0000][gc,phases     ] GC(124)   Post Evacuate Collection Set: 0.7ms
[2023-08-11T12:53:09.494+0000][gc,phases     ] GC(124)   Other: 0.4ms
[2023-08-11T12:53:09.494+0000][gc,heap       ] GC(124) Eden regions: 397->0(364)
[2023-08-11T12:53:09.494+0000][gc,heap       ] GC(124) Survivor regions: 19->23(52)
[2023-08-11T12:53:09.494+0000][gc,heap       ] GC(124) Old regions: 186->186
[2023-08-11T12:53:09.494+0000][gc,heap       ] GC(124) Humongous regions: 149->149
[2023-08-11T12:53:09.494+0000][gc,metaspace  ] GC(124) Metaspace: 117604K(123364K)->117604K(123364K) NonClass: 103883K(107212K)->103883K(107212K) Class: 13720K(16152K)->13720K(16152K)
[2023-08-11T12:53:09.494+0000][gc            ] GC(124) Pause Young (Normal) (G1 Evacuation Pause) 750M->357M(1024M) 17.845ms
[2023-08-11T12:53:09.494+0000][gc,cpu        ] GC(124) User=0.11s Sys=0.00s Real=0.02s
[2023-08-11T12:54:32.922+0000][gc,start      ] GC(125) Pause Young (Normal) (G1 Evacuation Pause)
[2023-08-11T12:54:32.922+0000][gc,task       ] GC(125) Using 8 workers of 8 for evacuation
[2023-08-11T12:54:32.937+0000][gc,phases     ] GC(125)   Pre Evacuate Collection Set: 0.0ms
[2023-08-11T12:54:32.937+0000][gc,phases     ] GC(125)   Evacuate Collection Set: 13.7ms
[2023-08-11T12:54:32.937+0000][gc,phases     ] GC(125)   Post Evacuate Collection Set: 0.7ms
[2023-08-11T12:54:32.937+0000][gc,phases     ] GC(125)   Other: 0.3ms
[2023-08-11T12:54:32.937+0000][gc,heap       ] GC(125) Eden regions: 364->0(326)
[2023-08-11T12:54:32.937+0000][gc,heap       ] GC(125) Survivor regions: 23->31(49)
[2023-08-11T12:54:32.937+0000][gc,heap       ] GC(125) Old regions: 186->186
[2023-08-11T12:54:32.937+0000][gc,heap       ] GC(125) Humongous regions: 149->149
[2023-08-11T12:54:32.937+0000][gc,metaspace  ] GC(125) Metaspace: 117606K(123364K)->117606K(123364K) NonClass: 103885K(107212K)->103885K(107212K) Class: 13720K(16152K)->13720K(16152K)
[2023-08-11T12:54:32.937+0000][gc            ] GC(125) Pause Young (Normal) (G1 Evacuation Pause) 721M->365M(1024M) 14.776ms
[2023-08-11T12:54:32.937+0000][gc,cpu        ] GC(125) User=0.11s Sys=0.00s Real=0.01s
[2023-08-11T12:56:02.735+0000][gc,start      ] GC(126) Pause Young (Normal) (G1 Evacuation Pause)
[2023-08-11T12:56:02.735+0000][gc,task       ] GC(126) Using 8 workers of 8 for evacuation
[2023-08-11T12:56:02.751+0000][gc,phases     ] GC(126)   Pre Evacuate Collection Set: 0.0ms
[2023-08-11T12:56:02.751+0000][gc,phases     ] GC(126)   Evacuate Collection Set: 15.2ms
[2023-08-11T12:56:02.751+0000][gc,phases     ] GC(126)   Post Evacuate Collection Set: 0.7ms
[2023-08-11T12:56:02.751+0000][gc,phases     ] GC(126)   Other: 0.3ms
[2023-08-11T12:56:02.751+0000][gc,heap       ] GC(126) Eden regions: 326->0(433)
[2023-08-11T12:56:02.751+0000][gc,heap       ] GC(126) Survivor regions: 31->23(45)
[2023-08-11T12:56:02.751+0000][gc,heap       ] GC(126) Old regions: 186->194
[2023-08-11T12:56:02.751+0000][gc,heap       ] GC(126) Humongous regions: 149->149
[2023-08-11T12:56:02.751+0000][gc,metaspace  ] GC(126) Metaspace: 117610K(123364K)->117610K(123364K) NonClass: 103890K(107212K)->103890K(107212K) Class: 13720K(16152K)->13720K(16152K)
[2023-08-11T12:56:02.751+0000][gc            ] GC(126) Pause Young (Normal) (G1 Evacuation Pause) 691M->365M(1024M) 16.377ms
[2023-08-11T12:56:02.751+0000][gc,cpu        ] GC(126) User=0.12s Sys=0.00s Real=0.02s
[2023-08-11T12:57:49.773+0000][gc,start      ] GC(127) Pause Young (Normal) (G1 Evacuation Pause)
[2023-08-11T12:57:49.773+0000][gc,task       ] GC(127) Using 8 workers of 8 for evacuation
[2023-08-11T12:57:49.788+0000][gc,phases     ] GC(127)   Pre Evacuate Collection Set: 0.0ms
[2023-08-11T12:57:49.788+0000][gc,phases     ] GC(127)   Evacuate Collection Set: 14.0ms
[2023-08-11T12:57:49.788+0000][gc,phases     ] GC(127)   Post Evacuate Collection Set: 0.7ms
[2023-08-11T12:57:49.788+0000][gc,phases     ] GC(127)   Other: 0.4ms
[2023-08-11T12:57:49.788+0000][gc,heap       ] GC(127) Eden regions: 433->0(439)
[2023-08-11T12:57:49.788+0000][gc,heap       ] GC(127) Survivor regions: 23->27(57)
[2023-08-11T12:57:49.788+0000][gc,heap       ] GC(127) Old regions: 194->194
[2023-08-11T12:57:49.788+0000][gc,heap       ] GC(127) Humongous regions: 149->149
[2023-08-11T12:57:49.788+0000][gc,metaspace  ] GC(127) Metaspace: 117628K(123364K)->117628K(123364K) NonClass: 103907K(107212K)->103907K(107212K) Class: 13720K(16152K)->13720K(16152K)
[2023-08-11T12:57:49.788+0000][gc            ] GC(127) Pause Young (Normal) (G1 Evacuation Pause) 798M->369M(1024M) 15.109ms
[2023-08-11T12:57:49.788+0000][gc,cpu        ] GC(127) User=0.11s Sys=0.00s Real=0.01s
[2023-08-11T12:59:44.064+0000][gc,start      ] GC(128) Pause Young (Normal) (G1 Evacuation Pause)
[2023-08-11T12:59:44.064+0000][gc,task       ] GC(128) Using 8 workers of 8 for evacuation
[2023-08-11T12:59:44.081+0000][gc,phases     ] GC(128)   Pre Evacuate Collection Set: 0.0ms
[2023-08-11T12:59:44.081+0000][gc,phases     ] GC(128)   Evacuate Collection Set: 15.9ms
[2023-08-11T12:59:44.081+0000][gc,phases     ] GC(128)   Post Evacuate Collection Set: 0.7ms
[2023-08-11T12:59:44.081+0000][gc,phases     ] GC(128)   Other: 0.4ms
[2023-08-11T12:59:44.081+0000][gc,heap       ] GC(128) Eden regions: 439->0(441)
[2023-08-11T12:59:44.081+0000][gc,heap       ] GC(128) Survivor regions: 27->31(59)
[2023-08-11T12:59:44.081+0000][gc,heap       ] GC(128) Old regions: 194->194
[2023-08-11T12:59:44.081+0000][gc,heap       ] GC(128) Humongous regions: 149->149
[2023-08-11T12:59:44.081+0000][gc,metaspace  ] GC(128) Metaspace: 117635K(123364K)->117635K(123364K) NonClass: 103914K(107212K)->103914K(107212K) Class: 13720K(16152K)->13720K(16152K)
[2023-08-11T12:59:44.081+0000][gc            ] GC(128) Pause Young (Normal) (G1 Evacuation Pause) 808M->373M(1024M) 17.022ms
[2023-08-11T12:59:44.081+0000][gc,cpu        ] GC(128) User=0.13s Sys=0.00s Real=0.02s
[2023-08-11T13:01:24.474+0000][gc,start      ] GC(129) Pause Young (Normal) (G1 Evacuation Pause)
[2023-08-11T13:01:24.474+0000][gc,task       ] GC(129) Using 8 workers of 8 for evacuation
[2023-08-11T13:01:24.495+0000][gc,mmu        ] GC(129) MMU target violated: 21.0ms (20.0ms/21.0ms)
[2023-08-11T13:01:24.495+0000][gc,phases     ] GC(129)   Pre Evacuate Collection Set: 0.1ms
[2023-08-11T13:01:24.495+0000][gc,phases     ] GC(129)   Evacuate Collection Set: 20.0ms
[2023-08-11T13:01:24.495+0000][gc,phases     ] GC(129)   Post Evacuate Collection Set: 0.8ms
[2023-08-11T13:01:24.495+0000][gc,phases     ] GC(129)   Other: 0.5ms
[2023-08-11T13:01:24.495+0000][gc,heap       ] GC(129) Eden regions: 441->0(415)
[2023-08-11T13:01:24.495+0000][gc,heap       ] GC(129) Survivor regions: 31->37(59)
[2023-08-11T13:01:24.495+0000][gc,heap       ] GC(129) Old regions: 194->194
[2023-08-11T13:01:24.495+0000][gc,heap       ] GC(129) Humongous regions: 149->149
[2023-08-11T13:01:24.495+0000][gc,metaspace  ] GC(129) Metaspace: 117641K(123364K)->117641K(123364K) NonClass: 103920K(107212K)->103920K(107212K) Class: 13720K(16152K)->13720K(16152K)
[2023-08-11T13:01:24.495+0000][gc            ] GC(129) Pause Young (Normal) (G1 Evacuation Pause) 814M->379M(1024M) 21.310ms
[2023-08-11T13:01:24.495+0000][gc,cpu        ] GC(129) User=0.14s Sys=0.00s Real=0.02s
[2023-08-11T13:03:24.363+0000][gc,start      ] GC(130) Pause Young (Normal) (G1 Evacuation Pause)
[2023-08-11T13:03:24.363+0000][gc,task       ] GC(130) Using 8 workers of 8 for evacuation
[2023-08-11T13:03:24.385+0000][gc,mmu        ] GC(130) MMU target violated: 21.0ms (20.0ms/21.0ms)
[2023-08-11T13:03:24.385+0000][gc,phases     ] GC(130)   Pre Evacuate Collection Set: 0.0ms
[2023-08-11T13:03:24.385+0000][gc,phases     ] GC(130)   Evacuate Collection Set: 20.7ms
[2023-08-11T13:03:24.385+0000][gc,phases     ] GC(130)   Post Evacuate Collection Set: 0.7ms
[2023-08-11T13:03:24.385+0000][gc,phases     ] GC(130)   Other: 0.4ms
[2023-08-11T13:03:24.385+0000][gc,heap       ] GC(130) Eden regions: 415->0(332)
[2023-08-11T13:03:24.385+0000][gc,heap       ] GC(130) Survivor regions: 37->35(57)
[2023-08-11T13:03:24.385+0000][gc,heap       ] GC(130) Old regions: 194->201
[2023-08-11T13:03:24.385+0000][gc,heap       ] GC(130) Humongous regions: 149->149
[2023-08-11T13:03:24.385+0000][gc,metaspace  ] GC(130) Metaspace: 117641K(123364K)->117641K(123364K) NonClass: 103921K(107212K)->103921K(107212K) Class: 13720K(16152K)->13720K(16152K)
[2023-08-11T13:03:24.385+0000][gc            ] GC(130) Pause Young (Normal) (G1 Evacuation Pause) 794M->384M(1024M) 21.912ms
[2023-08-11T13:03:24.385+0000][gc,cpu        ] GC(130) User=0.17s Sys=0.00s Real=0.02s
[2023-08-11T13:04:35.985+0000][gc,start      ] GC(131) Pause Young (Normal) (G1 Evacuation Pause)
[2023-08-11T13:04:35.985+0000][gc,task       ] GC(131) Using 8 workers of 8 for evacuation
[2023-08-11T13:04:36.005+0000][gc,phases     ] GC(131)   Pre Evacuate Collection Set: 0.0ms
[2023-08-11T13:04:36.005+0000][gc,phases     ] GC(131)   Evacuate Collection Set: 19.2ms
[2023-08-11T13:04:36.005+0000][gc,phases     ] GC(131)   Post Evacuate Collection Set: 0.6ms
[2023-08-11T13:04:36.005+0000][gc,phases     ] GC(131)   Other: 0.3ms
[2023-08-11T13:04:36.005+0000][gc,heap       ] GC(131) Eden regions: 332->0(429)
[2023-08-11T13:04:36.005+0000][gc,heap       ] GC(131) Survivor regions: 35->27(46)
[2023-08-11T13:04:36.005+0000][gc,heap       ] GC(131) Old regions: 201->213
[2023-08-11T13:04:36.005+0000][gc,heap       ] GC(131) Humongous regions: 149->149
[2023-08-11T13:04:36.005+0000][gc,metaspace  ] GC(131) Metaspace: 117644K(123364K)->117644K(123364K) NonClass: 103923K(107212K)->103923K(107212K) Class: 13720K(16152K)->13720K(16152K)
[2023-08-11T13:04:36.005+0000][gc            ] GC(131) Pause Young (Normal) (G1 Evacuation Pause) 716M->388M(1024M) 20.231ms
[2023-08-11T13:04:36.005+0000][gc,cpu        ] GC(131) User=0.15s Sys=0.00s Real=0.02s
[2023-08-11T13:06:28.778+0000][gc,start      ] GC(132) Pause Young (Normal) (G1 Evacuation Pause)
[2023-08-11T13:06:28.779+0000][gc,task       ] GC(132) Using 8 workers of 8 for evacuation
[2023-08-11T13:06:28.796+0000][gc,phases     ] GC(132)   Pre Evacuate Collection Set: 0.0ms
[2023-08-11T13:06:28.796+0000][gc,phases     ] GC(132)   Evacuate Collection Set: 16.8ms
[2023-08-11T13:06:28.796+0000][gc,phases     ] GC(132)   Post Evacuate Collection Set: 0.7ms
[2023-08-11T13:06:28.796+0000][gc,phases     ] GC(132)   Other: 0.4ms
[2023-08-11T13:06:28.796+0000][gc,heap       ] GC(132) Eden regions: 429->0(378)
[2023-08-11T13:06:28.796+0000][gc,heap       ] GC(132) Survivor regions: 27->31(57)
[2023-08-11T13:06:28.796+0000][gc,heap       ] GC(132) Old regions: 213->213
[2023-08-11T13:06:28.796+0000][gc,heap       ] GC(132) Humongous regions: 149->149
[2023-08-11T13:06:28.796+0000][gc,metaspace  ] GC(132) Metaspace: 117645K(123364K)->117645K(123364K) NonClass: 103924K(107212K)->103924K(107212K) Class: 13720K(16152K)->13720K(16152K)
[2023-08-11T13:06:28.797+0000][gc            ] GC(132) Pause Young (Normal) (G1 Evacuation Pause) 817M->392M(1024M) 18.045ms
[2023-08-11T13:06:28.797+0000][gc,cpu        ] GC(132) User=0.14s Sys=0.00s Real=0.02s
[2023-08-11T13:07:09.437+0000][gc,start      ] GC(133) Pause Young (Normal) (G1 Evacuation Pause)
[2023-08-11T13:07:09.437+0000][gc,task       ] GC(133) Using 8 workers of 8 for evacuation
[2023-08-11T13:07:09.454+0000][gc,phases     ] GC(133)   Pre Evacuate Collection Set: 0.0ms
[2023-08-11T13:07:09.454+0000][gc,phases     ] GC(133)   Evacuate Collection Set: 16.4ms
[2023-08-11T13:07:09.454+0000][gc,phases     ] GC(133)   Post Evacuate Collection Set: 0.5ms
[2023-08-11T13:07:09.454+0000][gc,phases     ] GC(133)   Other: 0.3ms
[2023-08-11T13:07:09.454+0000][gc,heap       ] GC(133) Eden regions: 184->0(378)
[2023-08-11T13:07:09.454+0000][gc,heap       ] GC(133) Survivor regions: 31->13(27)
[2023-08-11T13:07:09.454+0000][gc,heap       ] GC(133) Old regions: 213->232
[2023-08-11T13:07:09.454+0000][gc,heap       ] GC(133) Humongous regions: 149->149
[2023-08-11T13:07:09.454+0000][gc,metaspace  ] GC(133) Metaspace: 117655K(123364K)->117655K(123364K) NonClass: 103934K(107212K)->103934K(107212K) Class: 13720K(16152K)->13720K(16152K)
[2023-08-11T13:07:09.454+0000][gc            ] GC(133) Pause Young (Normal) (G1 Evacuation Pause) 576M->393M(1024M) 17.323ms
[2023-08-11T13:07:09.454+0000][gc,cpu        ] GC(133) User=0.13s Sys=0.00s Real=0.02s
[2023-08-11T13:08:54.341+0000][gc,start      ] GC(134) Pause Young (Normal) (G1 Evacuation Pause)
[2023-08-11T13:08:54.341+0000][gc,task       ] GC(134) Using 8 workers of 8 for evacuation
[2023-08-11T13:08:54.353+0000][gc,phases     ] GC(134)   Pre Evacuate Collection Set: 0.0ms
[2023-08-11T13:08:54.353+0000][gc,phases     ] GC(134)   Evacuate Collection Set: 10.3ms
[2023-08-11T13:08:54.353+0000][gc,phases     ] GC(134)   Post Evacuate Collection Set: 0.6ms
[2023-08-11T13:08:54.353+0000][gc,phases     ] GC(134)   Other: 0.3ms
[2023-08-11T13:08:54.353+0000][gc,heap       ] GC(134) Eden regions: 378->0(380)
[2023-08-11T13:08:54.353+0000][gc,heap       ] GC(134) Survivor regions: 13->17(49)
[2023-08-11T13:08:54.353+0000][gc,heap       ] GC(134) Old regions: 232->232
[2023-08-11T13:08:54.353+0000][gc,heap       ] GC(134) Humongous regions: 149->149
[2023-08-11T13:08:54.353+0000][gc,metaspace  ] GC(134) Metaspace: 117659K(123364K)->117659K(123364K) NonClass: 103938K(107212K)->103938K(107212K) Class: 13720K(16152K)->13720K(16152K)
[2023-08-11T13:08:54.353+0000][gc            ] GC(134) Pause Young (Normal) (G1 Evacuation Pause) 771M->397M(1024M) 11.378ms
[2023-08-11T13:08:54.353+0000][gc,cpu        ] GC(134) User=0.08s Sys=0.00s Real=0.01s
[2023-08-11T13:10:24.351+0000][gc,start      ] GC(135) Pause Young (Normal) (G1 Evacuation Pause)
[2023-08-11T13:10:24.351+0000][gc,task       ] GC(135) Using 8 workers of 8 for evacuation
[2023-08-11T13:10:24.376+0000][gc,mmu        ] GC(135) MMU target violated: 21.0ms (20.0ms/21.0ms)
[2023-08-11T13:10:24.376+0000][gc,phases     ] GC(135)   Pre Evacuate Collection Set: 0.0ms
[2023-08-11T13:10:24.376+0000][gc,phases     ] GC(135)   Evacuate Collection Set: 24.0ms
[2023-08-11T13:10:24.376+0000][gc,phases     ] GC(135)   Post Evacuate Collection Set: 0.7ms
[2023-08-11T13:10:24.376+0000][gc,phases     ] GC(135)   Other: 0.4ms
[2023-08-11T13:10:24.376+0000][gc,heap       ] GC(135) Eden regions: 380->0(354)
[2023-08-11T13:10:24.376+0000][gc,heap       ] GC(135) Survivor regions: 17->22(50)
[2023-08-11T13:10:24.376+0000][gc,heap       ] GC(135) Old regions: 232->232
[2023-08-11T13:10:24.376+0000][gc,heap       ] GC(135) Humongous regions: 149->149
[2023-08-11T13:10:24.376+0000][gc,metaspace  ] GC(135) Metaspace: 117661K(123364K)->117661K(123364K) NonClass: 103940K(107212K)->103940K(107212K) Class: 13720K(16152K)->13720K(16152K)
[2023-08-11T13:10:24.376+0000][gc            ] GC(135) Pause Young (Normal) (G1 Evacuation Pause) 777M->402M(1024M) 25.150ms
[2023-08-11T13:10:24.376+0000][gc,cpu        ] GC(135) User=0.17s Sys=0.01s Real=0.03s
[2023-08-11T13:11:54.442+0000][gc,start      ] GC(136) Pause Young (Normal) (G1 Evacuation Pause)
[2023-08-11T13:11:54.442+0000][gc,task       ] GC(136) Using 8 workers of 8 for evacuation
[2023-08-11T13:11:54.456+0000][gc,phases     ] GC(136)   Pre Evacuate Collection Set: 0.0ms
[2023-08-11T13:11:54.456+0000][gc,phases     ] GC(136)   Evacuate Collection Set: 13.1ms
[2023-08-11T13:11:54.456+0000][gc,phases     ] GC(136)   Post Evacuate Collection Set: 0.6ms
[2023-08-11T13:11:54.456+0000][gc,phases     ] GC(136)   Other: 0.3ms
[2023-08-11T13:11:54.456+0000][gc,heap       ] GC(136) Eden regions: 354->0(358)
[2023-08-11T13:11:54.456+0000][gc,heap       ] GC(136) Survivor regions: 22->26(47)
[2023-08-11T13:11:54.456+0000][gc,heap       ] GC(136) Old regions: 232->232
[2023-08-11T13:11:54.456+0000][gc,heap       ] GC(136) Humongous regions: 149->149
[2023-08-11T13:11:54.456+0000][gc,metaspace  ] GC(136) Metaspace: 117663K(123364K)->117663K(123364K) NonClass: 103942K(107212K)->103942K(107212K) Class: 13720K(16152K)->13720K(16152K)
[2023-08-11T13:11:54.456+0000][gc            ] GC(136) Pause Young (Normal) (G1 Evacuation Pause) 756M->406M(1024M) 14.151ms
[2023-08-11T13:11:54.456+0000][gc,cpu        ] GC(136) User=0.11s Sys=0.00s Real=0.01s
[2023-08-11T13:13:20.439+0000][gc,start      ] GC(137) Pause Young (Normal) (G1 Evacuation Pause)
[2023-08-11T13:13:20.439+0000][gc,task       ] GC(137) Using 8 workers of 8 for evacuation
[2023-08-11T13:13:20.455+0000][gc,phases     ] GC(137)   Pre Evacuate Collection Set: 0.0ms
[2023-08-11T13:13:20.455+0000][gc,phases     ] GC(137)   Evacuate Collection Set: 14.9ms
[2023-08-11T13:13:20.455+0000][gc,phases     ] GC(137)   Post Evacuate Collection Set: 0.6ms
[2023-08-11T13:13:20.455+0000][gc,phases     ] GC(137)   Other: 0.4ms
[2023-08-11T13:13:20.455+0000][gc,heap       ] GC(137) Eden regions: 358->0(362)
[2023-08-11T13:13:20.455+0000][gc,heap       ] GC(137) Survivor regions: 26->30(48)
[2023-08-11T13:13:20.455+0000][gc,heap       ] GC(137) Old regions: 232->232
[2023-08-11T13:13:20.455+0000][gc,heap       ] GC(137) Humongous regions: 149->149
[2023-08-11T13:13:20.455+0000][gc,metaspace  ] GC(137) Metaspace: 117663K(123364K)->117663K(123364K) NonClass: 103942K(107212K)->103942K(107212K) Class: 13720K(16152K)->13720K(16152K)
[2023-08-11T13:13:20.455+0000][gc            ] GC(137) Pause Young (Normal) (G1 Evacuation Pause) 764M->410M(1024M) 16.016ms
[2023-08-11T13:13:20.455+0000][gc,cpu        ] GC(137) User=0.11s Sys=0.00s Real=0.02s
[2023-08-11T13:14:54.437+0000][gc,start      ] GC(138) Pause Young (Normal) (G1 Evacuation Pause)
[2023-08-11T13:14:54.437+0000][gc,task       ] GC(138) Using 8 workers of 8 for evacuation
[2023-08-11T13:14:54.464+0000][gc,mmu        ] GC(138) MMU target violated: 21.0ms (20.0ms/21.0ms)
[2023-08-11T13:14:54.464+0000][gc,phases     ] GC(138)   Pre Evacuate Collection Set: 0.0ms
[2023-08-11T13:14:54.464+0000][gc,phases     ] GC(138)   Evacuate Collection Set: 25.8ms
[2023-08-11T13:14:54.464+0000][gc,phases     ] GC(138)   Post Evacuate Collection Set: 0.8ms
[2023-08-11T13:14:54.464+0000][gc,phases     ] GC(138)   Other: 0.4ms
[2023-08-11T13:14:54.464+0000][gc,heap       ] GC(138) Eden regions: 362->0(356)
[2023-08-11T13:14:54.464+0000][gc,heap       ] GC(138) Survivor regions: 30->26(49)
[2023-08-11T13:14:54.464+0000][gc,heap       ] GC(138) Old regions: 232->240
[2023-08-11T13:14:54.464+0000][gc,heap       ] GC(138) Humongous regions: 149->149
[2023-08-11T13:14:54.464+0000][gc,metaspace  ] GC(138) Metaspace: 117666K(123364K)->117666K(123364K) NonClass: 103945K(107212K)->103945K(107212K) Class: 13720K(16152K)->13720K(16152K)
[2023-08-11T13:14:54.464+0000][gc            ] GC(138) Pause Young (Normal) (G1 Evacuation Pause) 772M->414M(1024M) 27.169ms
[2023-08-11T13:14:54.464+0000][gc,cpu        ] GC(138) User=0.17s Sys=0.00s Real=0.03s
[2023-08-11T13:16:17.744+0000][gc,start      ] GC(139) Pause Young (Normal) (G1 Evacuation Pause)
[2023-08-11T13:16:17.744+0000][gc,task       ] GC(139) Using 8 workers of 8 for evacuation
[2023-08-11T13:16:17.762+0000][gc,phases     ] GC(139)   Pre Evacuate Collection Set: 0.0ms
[2023-08-11T13:16:17.762+0000][gc,phases     ] GC(139)   Evacuate Collection Set: 16.3ms
[2023-08-11T13:16:17.762+0000][gc,phases     ] GC(139)   Post Evacuate Collection Set: 0.7ms
[2023-08-11T13:16:17.762+0000][gc,phases     ] GC(139)   Other: 0.3ms
[2023-08-11T13:16:17.762+0000][gc,heap       ] GC(139) Eden regions: 356->0(356)
[2023-08-11T13:16:17.762+0000][gc,heap       ] GC(139) Survivor regions: 26->30(48)
[2023-08-11T13:16:17.762+0000][gc,heap       ] GC(139) Old regions: 240->240
[2023-08-11T13:16:17.762+0000][gc,heap       ] GC(139) Humongous regions: 149->149
[2023-08-11T13:16:17.762+0000][gc,metaspace  ] GC(139) Metaspace: 117666K(123364K)->117666K(123364K) NonClass: 103945K(107212K)->103945K(107212K) Class: 13720K(16152K)->13720K(16152K)
[2023-08-11T13:16:17.762+0000][gc            ] GC(139) Pause Young (Normal) (G1 Evacuation Pause) 770M->418M(1024M) 17.404ms
[2023-08-11T13:16:17.762+0000][gc,cpu        ] GC(139) User=0.12s Sys=0.00s Real=0.02s
[2023-08-11T13:17:32.250+0000][gc,start      ] GC(140) Pause Young (Normal) (G1 Evacuation Pause)
[2023-08-11T13:17:32.250+0000][gc,task       ] GC(140) Using 8 workers of 8 for evacuation
[2023-08-11T13:17:32.267+0000][gc,phases     ] GC(140)   Pre Evacuate Collection Set: 0.0ms
[2023-08-11T13:17:32.267+0000][gc,phases     ] GC(140)   Evacuate Collection Set: 16.2ms
[2023-08-11T13:17:32.267+0000][gc,phases     ] GC(140)   Post Evacuate Collection Set: 0.6ms
[2023-08-11T13:17:32.267+0000][gc,phases     ] GC(140)   Other: 0.3ms
[2023-08-11T13:17:32.267+0000][gc,heap       ] GC(140) Eden regions: 283->0(384)
[2023-08-11T13:17:32.267+0000][gc,heap       ] GC(140) Survivor regions: 30->22(40)
[2023-08-11T13:17:32.267+0000][gc,heap       ] GC(140) Old regions: 240->251
[2023-08-11T13:17:32.267+0000][gc,heap       ] GC(140) Humongous regions: 149->149
[2023-08-11T13:17:32.267+0000][gc,metaspace  ] GC(140) Metaspace: 117666K(123364K)->117666K(123364K) NonClass: 103945K(107212K)->103945K(107212K) Class: 13720K(16152K)->13720K(16152K)
[2023-08-11T13:17:32.267+0000][gc            ] GC(140) Pause Young (Normal) (G1 Evacuation Pause) 701M->421M(1024M) 17.251ms
[2023-08-11T13:17:32.267+0000][gc,cpu        ] GC(140) User=0.13s Sys=0.00s Real=0.02s
[2023-08-11T13:19:02.740+0000][gc,start      ] GC(141) Pause Young (Normal) (G1 Evacuation Pause)
[2023-08-11T13:19:02.740+0000][gc,task       ] GC(141) Using 8 workers of 8 for evacuation
[2023-08-11T13:19:02.755+0000][gc,phases     ] GC(141)   Pre Evacuate Collection Set: 0.0ms
[2023-08-11T13:19:02.755+0000][gc,phases     ] GC(141)   Evacuate Collection Set: 14.1ms
[2023-08-11T13:19:02.755+0000][gc,phases     ] GC(141)   Post Evacuate Collection Set: 0.7ms
[2023-08-11T13:19:02.755+0000][gc,phases     ] GC(141)   Other: 0.3ms
[2023-08-11T13:19:02.755+0000][gc,heap       ] GC(141) Eden regions: 384->0(380)
[2023-08-11T13:19:02.755+0000][gc,heap       ] GC(141) Survivor regions: 22->28(51)
[2023-08-11T13:19:02.755+0000][gc,heap       ] GC(141) Old regions: 251->251
[2023-08-11T13:19:02.755+0000][gc,heap       ] GC(141) Humongous regions: 149->149
[2023-08-11T13:19:02.755+0000][gc,metaspace  ] GC(141) Metaspace: 117678K(123364K)->117678K(123364K) NonClass: 103958K(107212K)->103958K(107212K) Class: 13720K(16152K)->13720K(16152K)
[2023-08-11T13:19:02.755+0000][gc            ] GC(141) Pause Young (Normal) (G1 Evacuation Pause) 805M->427M(1024M) 15.226ms
[2023-08-11T13:19:02.755+0000][gc,cpu        ] GC(141) User=0.11s Sys=0.01s Real=0.01s
[2023-08-11T13:20:39.473+0000][gc,start      ] GC(142) Pause Young (Normal) (G1 Evacuation Pause)
[2023-08-11T13:20:39.473+0000][gc,task       ] GC(142) Using 8 workers of 8 for evacuation
[2023-08-11T13:20:39.490+0000][gc,phases     ] GC(142)   Pre Evacuate Collection Set: 0.0ms
[2023-08-11T13:20:39.490+0000][gc,phases     ] GC(142)   Evacuate Collection Set: 16.6ms
[2023-08-11T13:20:39.490+0000][gc,phases     ] GC(142)   Post Evacuate Collection Set: 0.7ms
[2023-08-11T13:20:39.490+0000][gc,phases     ] GC(142)   Other: 0.4ms
[2023-08-11T13:20:39.490+0000][gc,heap       ] GC(142) Eden regions: 362->0(384)
[2023-08-11T13:20:39.490+0000][gc,heap       ] GC(142) Survivor regions: 28->28(49)
[2023-08-11T13:20:39.490+0000][gc,heap       ] GC(142) Old regions: 251->255
[2023-08-11T13:20:39.490+0000][gc,heap       ] GC(142) Humongous regions: 149->149
[2023-08-11T13:20:39.490+0000][gc,metaspace  ] GC(142) Metaspace: 117689K(123364K)->117689K(123364K) NonClass: 103968K(107212K)->103968K(107212K) Class: 13720K(16152K)->13720K(16152K)
[2023-08-11T13:20:39.490+0000][gc            ] GC(142) Pause Young (Normal) (G1 Evacuation Pause) 789M->431M(1024M) 17.794ms
[2023-08-11T13:20:39.491+0000][gc,cpu        ] GC(142) User=0.14s Sys=0.00s Real=0.01s
[2023-08-11T13:22:09.477+0000][gc,start      ] GC(143) Pause Young (Normal) (G1 Evacuation Pause)
[2023-08-11T13:22:09.477+0000][gc,task       ] GC(143) Using 8 workers of 8 for evacuation
[2023-08-11T13:22:09.495+0000][gc,phases     ] GC(143)   Pre Evacuate Collection Set: 0.0ms
[2023-08-11T13:22:09.495+0000][gc,phases     ] GC(143)   Evacuate Collection Set: 17.7ms
[2023-08-11T13:22:09.495+0000][gc,phases     ] GC(143)   Post Evacuate Collection Set: 0.7ms
[2023-08-11T13:22:09.495+0000][gc,phases     ] GC(143)   Other: 0.4ms
[2023-08-11T13:22:09.495+0000][gc,heap       ] GC(143) Eden regions: 384->0(390)
[2023-08-11T13:22:09.495+0000][gc,heap       ] GC(143) Survivor regions: 28->31(52)
[2023-08-11T13:22:09.495+0000][gc,heap       ] GC(143) Old regions: 255->255
[2023-08-11T13:22:09.495+0000][gc,heap       ] GC(143) Humongous regions: 149->149
[2023-08-11T13:22:09.495+0000][gc,metaspace  ] GC(143) Metaspace: 117712K(123364K)->117712K(123364K) NonClass: 103991K(107212K)->103991K(107212K) Class: 13720K(16152K)->13720K(16152K)
[2023-08-11T13:22:09.496+0000][gc            ] GC(143) Pause Young (Normal) (G1 Evacuation Pause) 815M->433M(1024M) 18.931ms
[2023-08-11T13:22:09.496+0000][gc,cpu        ] GC(143) User=0.13s Sys=0.00s Real=0.02s
[2023-08-11T13:23:54.003+0000][gc,start      ] GC(144) Pause Young (Normal) (G1 Evacuation Pause)
[2023-08-11T13:23:54.003+0000][gc,task       ] GC(144) Using 8 workers of 8 for evacuation
[2023-08-11T13:23:54.022+0000][gc,phases     ] GC(144)   Pre Evacuate Collection Set: 0.1ms
[2023-08-11T13:23:54.022+0000][gc,phases     ] GC(144)   Evacuate Collection Set: 18.2ms
[2023-08-11T13:23:54.022+0000][gc,phases     ] GC(144)   Post Evacuate Collection Set: 0.7ms
[2023-08-11T13:23:54.022+0000][gc,phases     ] GC(144)   Other: 0.5ms
[2023-08-11T13:23:54.022+0000][gc,heap       ] GC(144) Eden regions: 363->0(395)
[2023-08-11T13:23:54.022+0000][gc,heap       ] GC(144) Survivor regions: 31->28(50)
[2023-08-11T13:23:54.022+0000][gc,heap       ] GC(144) Old regions: 255->263
[2023-08-11T13:23:54.022+0000][gc,heap       ] GC(144) Humongous regions: 149->149
[2023-08-11T13:23:54.022+0000][gc,metaspace  ] GC(144) Metaspace: 117712K(123364K)->117712K(123364K) NonClass: 103991K(107212K)->103991K(107212K) Class: 13720K(16152K)->13720K(16152K)
[2023-08-11T13:23:54.022+0000][gc            ] GC(144) Pause Young (Normal) (G1 Evacuation Pause) 796M->439M(1024M) 19.466ms
[2023-08-11T13:23:54.022+0000][gc,cpu        ] GC(144) User=0.14s Sys=0.00s Real=0.02s
[2023-08-11T13:25:24.359+0000][gc,start      ] GC(145) Pause Young (Normal) (G1 Evacuation Pause)
[2023-08-11T13:25:24.359+0000][gc,task       ] GC(145) Using 8 workers of 8 for evacuation
[2023-08-11T13:25:24.376+0000][gc,phases     ] GC(145)   Pre Evacuate Collection Set: 0.0ms
[2023-08-11T13:25:24.376+0000][gc,phases     ] GC(145)   Evacuate Collection Set: 15.3ms
[2023-08-11T13:25:24.376+0000][gc,phases     ] GC(145)   Post Evacuate Collection Set: 0.7ms
[2023-08-11T13:25:24.376+0000][gc,phases     ] GC(145)   Other: 0.3ms
[2023-08-11T13:25:24.376+0000][gc,heap       ] GC(145) Eden regions: 395->0(403)
[2023-08-11T13:25:24.376+0000][gc,heap       ] GC(145) Survivor regions: 28->31(53)
[2023-08-11T13:25:24.376+0000][gc,heap       ] GC(145) Old regions: 263->263
[2023-08-11T13:25:24.376+0000][gc,heap       ] GC(145) Humongous regions: 149->149
[2023-08-11T13:25:24.376+0000][gc,metaspace  ] GC(145) Metaspace: 117713K(123364K)->117713K(123364K) NonClass: 103992K(107212K)->103992K(107212K) Class: 13720K(16152K)->13720K(16152K)
[2023-08-11T13:25:24.376+0000][gc            ] GC(145) Pause Young (Normal) (G1 Evacuation Pause) 834M->441M(1024M) 16.420ms
[2023-08-11T13:25:24.376+0000][gc,cpu        ] GC(145) User=0.12s Sys=0.00s Real=0.01s
[2023-08-11T13:26:55.206+0000][gc,start      ] GC(146) Pause Young (Normal) (G1 Evacuation Pause)
[2023-08-11T13:26:55.206+0000][gc,task       ] GC(146) Using 8 workers of 8 for evacuation
[2023-08-11T13:26:55.226+0000][gc,phases     ] GC(146)   Pre Evacuate Collection Set: 0.0ms
[2023-08-11T13:26:55.226+0000][gc,phases     ] GC(146)   Evacuate Collection Set: 18.7ms
[2023-08-11T13:26:55.226+0000][gc,phases     ] GC(146)   Post Evacuate Collection Set: 0.7ms
[2023-08-11T13:26:55.226+0000][gc,phases     ] GC(146)   Other: 0.4ms
[2023-08-11T13:26:55.226+0000][gc,heap       ] GC(146) Eden regions: 369->0(397)
[2023-08-11T13:26:55.226+0000][gc,heap       ] GC(146) Survivor regions: 31->29(50)
[2023-08-11T13:26:55.226+0000][gc,heap       ] GC(146) Old regions: 263->269
[2023-08-11T13:26:55.226+0000][gc,heap       ] GC(146) Humongous regions: 149->149
[2023-08-11T13:26:55.226+0000][gc,metaspace  ] GC(146) Metaspace: 117715K(123364K)->117715K(123364K) NonClass: 103994K(107212K)->103994K(107212K) Class: 13720K(16152K)->13720K(16152K)
[2023-08-11T13:26:55.226+0000][gc            ] GC(146) Pause Young (Normal) (G1 Evacuation Pause) 810M->446M(1024M) 19.877ms
[2023-08-11T13:26:55.226+0000][gc,cpu        ] GC(146) User=0.15s Sys=0.00s Real=0.02s
[2023-08-11T13:28:32.745+0000][gc,start      ] GC(147) Pause Young (Concurrent Start) (G1 Evacuation Pause)
[2023-08-11T13:28:32.745+0000][gc,task       ] GC(147) Using 8 workers of 8 for evacuation
[2023-08-11T13:28:32.764+0000][gc,phases     ] GC(147)   Pre Evacuate Collection Set: 0.4ms
[2023-08-11T13:28:32.764+0000][gc,phases     ] GC(147)   Evacuate Collection Set: 17.3ms
[2023-08-11T13:28:32.764+0000][gc,phases     ] GC(147)   Post Evacuate Collection Set: 0.7ms
[2023-08-11T13:28:32.764+0000][gc,phases     ] GC(147)   Other: 0.4ms
[2023-08-11T13:28:32.764+0000][gc,heap       ] GC(147) Eden regions: 397->0(334)
[2023-08-11T13:28:32.764+0000][gc,heap       ] GC(147) Survivor regions: 29->33(54)
[2023-08-11T13:28:32.764+0000][gc,heap       ] GC(147) Old regions: 269->269
[2023-08-11T13:28:32.764+0000][gc,heap       ] GC(147) Humongous regions: 149->149
[2023-08-11T13:28:32.764+0000][gc,metaspace  ] GC(147) Metaspace: 117718K(123364K)->117718K(123364K) NonClass: 103997K(107212K)->103997K(107212K) Class: 13720K(16152K)->13720K(16152K)
[2023-08-11T13:28:32.764+0000][gc            ] GC(147) Pause Young (Concurrent Start) (G1 Evacuation Pause) 843M->450M(1024M) 18.897ms
[2023-08-11T13:28:32.764+0000][gc,cpu        ] GC(147) User=0.14s Sys=0.00s Real=0.02s
[2023-08-11T13:28:32.764+0000][gc            ] GC(148) Concurrent Cycle
[2023-08-11T13:28:32.764+0000][gc,marking    ] GC(148) Concurrent Clear Claimed Marks
[2023-08-11T13:28:32.764+0000][gc,marking    ] GC(148) Concurrent Clear Claimed Marks 0.219ms
[2023-08-11T13:28:32.764+0000][gc,marking    ] GC(148) Concurrent Scan Root Regions
[2023-08-11T13:28:32.775+0000][gc,marking    ] GC(148) Concurrent Scan Root Regions 11.238ms
[2023-08-11T13:28:32.775+0000][gc,marking    ] GC(148) Concurrent Mark (10004.077s)
[2023-08-11T13:28:32.775+0000][gc,marking    ] GC(148) Concurrent Mark From Roots
[2023-08-11T13:28:32.775+0000][gc,task       ] GC(148) Using 2 workers of 2 for marking
[2023-08-11T13:28:32.838+0000][gc,marking    ] GC(148) Concurrent Mark From Roots 62.413ms
[2023-08-11T13:28:32.838+0000][gc,marking    ] GC(148) Concurrent Preclean
[2023-08-11T13:28:32.838+0000][gc,marking    ] GC(148) Concurrent Preclean 0.445ms
[2023-08-11T13:28:32.838+0000][gc,marking    ] GC(148) Concurrent Mark (10004.077s, 10004.140s) 62.933ms
[2023-08-11T13:28:32.838+0000][gc,start      ] GC(148) Pause Remark
[2023-08-11T13:28:32.849+0000][gc,stringtable] GC(148) Cleaned string and symbol table, strings: 43448 processed, 5 removed, symbols: 278312 processed, 1 removed
[2023-08-11T13:28:32.849+0000][gc            ] GC(148) Pause Remark 451M->435M(1024M) 10.520ms
[2023-08-11T13:28:32.849+0000][gc,cpu        ] GC(148) User=0.07s Sys=0.00s Real=0.01s
[2023-08-11T13:28:32.849+0000][gc,marking    ] GC(148) Concurrent Rebuild Remembered Sets
[2023-08-11T13:28:32.890+0000][gc,marking    ] GC(148) Concurrent Rebuild Remembered Sets 41.117ms
[2023-08-11T13:28:32.891+0000][gc,start      ] GC(148) Pause Cleanup
[2023-08-11T13:28:32.891+0000][gc            ] GC(148) Pause Cleanup 435M->435M(1024M) 0.334ms
[2023-08-11T13:28:32.891+0000][gc,cpu        ] GC(148) User=0.01s Sys=0.00s Real=0.01s
[2023-08-11T13:28:32.891+0000][gc,marking    ] GC(148) Concurrent Cleanup for Next Mark
[2023-08-11T13:28:32.892+0000][gc,marking    ] GC(148) Concurrent Cleanup for Next Mark 1.373ms
[2023-08-11T13:28:32.892+0000][gc            ] GC(148) Concurrent Cycle 128.542ms
[2023-08-11T13:28:47.743+0000][gc,start      ] GC(149) Pause Young (Prepare Mixed) (G1 Evacuation Pause)
[2023-08-11T13:28:47.743+0000][gc,task       ] GC(149) Using 8 workers of 8 for evacuation
[2023-08-11T13:28:47.761+0000][gc,phases     ] GC(149)   Pre Evacuate Collection Set: 0.0ms
[2023-08-11T13:28:47.761+0000][gc,phases     ] GC(149)   Evacuate Collection Set: 16.7ms
[2023-08-11T13:28:47.761+0000][gc,phases     ] GC(149)   Post Evacuate Collection Set: 0.5ms
[2023-08-11T13:28:47.761+0000][gc,phases     ] GC(149)   Other: 0.4ms
[2023-08-11T13:28:47.761+0000][gc,heap       ] GC(149) Eden regions: 43->0(47)
[2023-08-11T13:28:47.761+0000][gc,heap       ] GC(149) Survivor regions: 33->4(10)
[2023-08-11T13:28:47.761+0000][gc,heap       ] GC(149) Old regions: 253->283
[2023-08-11T13:28:47.761+0000][gc,heap       ] GC(149) Humongous regions: 149->149
[2023-08-11T13:28:47.761+0000][gc,metaspace  ] GC(149) Metaspace: 117718K(123364K)->117718K(123364K) NonClass: 103997K(107212K)->103997K(107212K) Class: 13720K(16152K)->13720K(16152K)
[2023-08-11T13:28:47.761+0000][gc            ] GC(149) Pause Young (Prepare Mixed) (G1 Evacuation Pause) 477M->435M(1024M) 17.768ms
[2023-08-11T13:28:47.761+0000][gc,cpu        ] GC(149) User=0.13s Sys=0.00s Real=0.02s
[2023-08-11T13:28:54.556+0000][gc,start      ] GC(150) Pause Young (Mixed) (G1 Evacuation Pause)
[2023-08-11T13:28:54.556+0000][gc,task       ] GC(150) Using 8 workers of 8 for evacuation
[2023-08-11T13:28:54.562+0000][gc,phases     ] GC(150)   Pre Evacuate Collection Set: 0.1ms
[2023-08-11T13:28:54.562+0000][gc,phases     ] GC(150)   Evacuate Collection Set: 5.7ms
[2023-08-11T13:28:54.562+0000][gc,phases     ] GC(150)   Post Evacuate Collection Set: 0.6ms
[2023-08-11T13:28:54.562+0000][gc,phases     ] GC(150)   Other: 0.3ms
[2023-08-11T13:28:54.562+0000][gc,heap       ] GC(150) Eden regions: 47->0(47)
[2023-08-11T13:28:54.562+0000][gc,heap       ] GC(150) Survivor regions: 4->4(7)
[2023-08-11T13:28:54.562+0000][gc,heap       ] GC(150) Old regions: 283->184
[2023-08-11T13:28:54.562+0000][gc,heap       ] GC(150) Humongous regions: 149->149
[2023-08-11T13:28:54.562+0000][gc,metaspace  ] GC(150) Metaspace: 117719K(123364K)->117719K(123364K) NonClass: 103998K(107212K)->103998K(107212K) Class: 13720K(16152K)->13720K(16152K)
[2023-08-11T13:28:54.562+0000][gc            ] GC(150) Pause Young (Mixed) (G1 Evacuation Pause) 482M->335M(1024M) 6.843ms
[2023-08-11T13:28:54.562+0000][gc,cpu        ] GC(150) User=0.04s Sys=0.00s Real=0.01s
[2023-08-11T13:29:09.474+0000][gc,start      ] GC(151) Pause Young (Mixed) (G1 Evacuation Pause)
[2023-08-11T13:29:09.474+0000][gc,task       ] GC(151) Using 8 workers of 8 for evacuation
[2023-08-11T13:29:09.481+0000][gc,phases     ] GC(151)   Pre Evacuate Collection Set: 0.1ms
[2023-08-11T13:29:09.481+0000][gc,phases     ] GC(151)   Evacuate Collection Set: 5.9ms
[2023-08-11T13:29:09.481+0000][gc,phases     ] GC(151)   Post Evacuate Collection Set: 0.5ms
[2023-08-11T13:29:09.481+0000][gc,phases     ] GC(151)   Other: 0.4ms
[2023-08-11T13:29:09.481+0000][gc,heap       ] GC(151) Eden regions: 47->0(541)
[2023-08-11T13:29:09.481+0000][gc,heap       ] GC(151) Survivor regions: 4->4(7)
[2023-08-11T13:29:09.481+0000][gc,heap       ] GC(151) Old regions: 184->175
[2023-08-11T13:29:09.481+0000][gc,heap       ] GC(151) Humongous regions: 149->149
[2023-08-11T13:29:09.481+0000][gc,metaspace  ] GC(151) Metaspace: 117721K(123364K)->117721K(123364K) NonClass: 104000K(107212K)->104000K(107212K) Class: 13720K(16152K)->13720K(16152K)
[2023-08-11T13:29:09.481+0000][gc            ] GC(151) Pause Young (Mixed) (G1 Evacuation Pause) 382M->327M(1024M) 7.016ms
[2023-08-11T13:29:09.481+0000][gc,cpu        ] GC(151) User=0.04s Sys=0.00s Real=0.01s
[2023-08-11T13:31:24.358+0000][gc,start      ] GC(152) Pause Young (Normal) (G1 Evacuation Pause)
[2023-08-11T13:31:24.358+0000][gc,task       ] GC(152) Using 8 workers of 8 for evacuation
[2023-08-11T13:31:24.368+0000][gc,phases     ] GC(152)   Pre Evacuate Collection Set: 0.0ms
[2023-08-11T13:31:24.368+0000][gc,phases     ] GC(152)   Evacuate Collection Set: 9.2ms
[2023-08-11T13:31:24.368+0000][gc,phases     ] GC(152)   Post Evacuate Collection Set: 0.7ms
[2023-08-11T13:31:24.368+0000][gc,phases     ] GC(152)   Other: 0.3ms
[2023-08-11T13:31:24.368+0000][gc,heap       ] GC(152) Eden regions: 541->0(541)
[2023-08-11T13:31:24.368+0000][gc,heap       ] GC(152) Survivor regions: 4->10(69)
[2023-08-11T13:31:24.368+0000][gc,heap       ] GC(152) Old regions: 175->175
[2023-08-11T13:31:24.368+0000][gc,heap       ] GC(152) Humongous regions: 149->149
[2023-08-11T13:31:24.368+0000][gc,metaspace  ] GC(152) Metaspace: 117721K(123364K)->117721K(123364K) NonClass: 104000K(107212K)->104000K(107212K) Class: 13720K(16152K)->13720K(16152K)
[2023-08-11T13:31:24.368+0000][gc            ] GC(152) Pause Young (Normal) (G1 Evacuation Pause) 868M->333M(1024M) 10.417ms
[2023-08-11T13:31:24.368+0000][gc,cpu        ] GC(152) User=0.07s Sys=0.00s Real=0.01s
[2023-08-11T13:33:33.483+0000][gc,start      ] GC(153) Pause Young (Normal) (G1 Evacuation Pause)
[2023-08-11T13:33:33.483+0000][gc,task       ] GC(153) Using 8 workers of 8 for evacuation
[2023-08-11T13:33:33.494+0000][gc,phases     ] GC(153)   Pre Evacuate Collection Set: 0.0ms
[2023-08-11T13:33:33.494+0000][gc,phases     ] GC(153)   Evacuate Collection Set: 9.9ms
[2023-08-11T13:33:33.494+0000][gc,phases     ] GC(153)   Post Evacuate Collection Set: 0.7ms
[2023-08-11T13:33:33.494+0000][gc,phases     ] GC(153)   Other: 0.4ms
[2023-08-11T13:33:33.494+0000][gc,heap       ] GC(153) Eden regions: 541->0(540)
[2023-08-11T13:33:33.494+0000][gc,heap       ] GC(153) Survivor regions: 10->16(69)
[2023-08-11T13:33:33.494+0000][gc,heap       ] GC(153) Old regions: 175->175
[2023-08-11T13:33:33.494+0000][gc,heap       ] GC(153) Humongous regions: 149->149
[2023-08-11T13:33:33.494+0000][gc,metaspace  ] GC(153) Metaspace: 117721K(123364K)->117721K(123364K) NonClass: 104000K(107212K)->104000K(107212K) Class: 13720K(16152K)->13720K(16152K)
[2023-08-11T13:33:33.494+0000][gc            ] GC(153) Pause Young (Normal) (G1 Evacuation Pause) 874M->339M(1024M) 11.089ms
[2023-08-11T13:33:33.494+0000][gc,cpu        ] GC(153) User=0.08s Sys=0.01s Real=0.01s
[2023-08-11T13:36:00.595+0000][gc,start      ] GC(154) Pause Young (Concurrent Start) (G1 Evacuation Pause)
[2023-08-11T13:36:00.595+0000][gc,task       ] GC(154) Using 8 workers of 8 for evacuation
[2023-08-11T13:36:00.610+0000][gc,phases     ] GC(154)   Pre Evacuate Collection Set: 0.4ms
[2023-08-11T13:36:00.610+0000][gc,phases     ] GC(154)   Evacuate Collection Set: 13.6ms
[2023-08-11T13:36:00.610+0000][gc,phases     ] GC(154)   Post Evacuate Collection Set: 0.7ms
[2023-08-11T13:36:00.610+0000][gc,phases     ] GC(154)   Other: 0.4ms
[2023-08-11T13:36:00.610+0000][gc,heap       ] GC(154) Eden regions: 540->0(516)
[2023-08-11T13:36:00.610+0000][gc,heap       ] GC(154) Survivor regions: 16->23(70)
[2023-08-11T13:36:00.610+0000][gc,heap       ] GC(154) Old regions: 175->175
[2023-08-11T13:36:00.610+0000][gc,heap       ] GC(154) Humongous regions: 149->149
[2023-08-11T13:36:00.610+0000][gc,metaspace  ] GC(154) Metaspace: 117721K(123364K)->117721K(123364K) NonClass: 104000K(107212K)->104000K(107212K) Class: 13720K(16152K)->13720K(16152K)
[2023-08-11T13:36:00.610+0000][gc            ] GC(154) Pause Young (Concurrent Start) (G1 Evacuation Pause) 879M->346M(1024M) 15.146ms
[2023-08-11T13:36:00.610+0000][gc,cpu        ] GC(154) User=0.11s Sys=0.00s Real=0.01s
[2023-08-11T13:36:00.611+0000][gc            ] GC(155) Concurrent Cycle
[2023-08-11T13:36:00.611+0000][gc,marking    ] GC(155) Concurrent Clear Claimed Marks
[2023-08-11T13:36:00.611+0000][gc,marking    ] GC(155) Concurrent Clear Claimed Marks 0.353ms
[2023-08-11T13:36:00.611+0000][gc,marking    ] GC(155) Concurrent Scan Root Regions
[2023-08-11T13:36:00.619+0000][gc,marking    ] GC(155) Concurrent Scan Root Regions 8.323ms
[2023-08-11T13:36:00.619+0000][gc,marking    ] GC(155) Concurrent Mark (10451.921s)
[2023-08-11T13:36:00.619+0000][gc,marking    ] GC(155) Concurrent Mark From Roots
[2023-08-11T13:36:00.619+0000][gc,task       ] GC(155) Using 2 workers of 2 for marking
[2023-08-11T13:36:00.685+0000][gc,marking    ] GC(155) Concurrent Mark From Roots 65.718ms
[2023-08-11T13:36:00.685+0000][gc,marking    ] GC(155) Concurrent Preclean
[2023-08-11T13:36:00.686+0000][gc,marking    ] GC(155) Concurrent Preclean 0.493ms
[2023-08-11T13:36:00.686+0000][gc,marking    ] GC(155) Concurrent Mark (10451.921s, 10451.987s) 66.287ms
[2023-08-11T13:36:00.686+0000][gc,start      ] GC(155) Pause Remark
[2023-08-11T13:36:00.702+0000][gc,stringtable] GC(155) Cleaned string and symbol table, strings: 43452 processed, 0 removed, symbols: 278311 processed, 0 removed
[2023-08-11T13:36:00.703+0000][gc            ] GC(155) Pause Remark 350M->350M(1024M) 16.709ms
[2023-08-11T13:36:00.703+0000][gc,cpu        ] GC(155) User=0.10s Sys=0.00s Real=0.02s
[2023-08-11T13:36:00.703+0000][gc,marking    ] GC(155) Concurrent Rebuild Remembered Sets
[2023-08-11T13:36:00.743+0000][gc,marking    ] GC(155) Concurrent Rebuild Remembered Sets 40.744ms
[2023-08-11T13:36:00.744+0000][gc,start      ] GC(155) Pause Cleanup
[2023-08-11T13:36:00.744+0000][gc            ] GC(155) Pause Cleanup 350M->350M(1024M) 0.225ms
[2023-08-11T13:36:00.744+0000][gc,cpu        ] GC(155) User=0.01s Sys=0.00s Real=0.00s
[2023-08-11T13:36:00.744+0000][gc,marking    ] GC(155) Concurrent Cleanup for Next Mark
[2023-08-11T13:36:00.745+0000][gc,marking    ] GC(155) Concurrent Cleanup for Next Mark 1.331ms
[2023-08-11T13:36:00.745+0000][gc            ] GC(155) Concurrent Cycle 134.729ms
[2023-08-11T13:37:47.420+0000][gc,start      ] GC(156) Pause Young (Prepare Mixed) (G1 Evacuation Pause)
[2023-08-11T13:37:47.420+0000][gc,task       ] GC(156) Using 8 workers of 8 for evacuation
[2023-08-11T13:37:47.437+0000][gc,phases     ] GC(156)   Pre Evacuate Collection Set: 0.0ms
[2023-08-11T13:37:47.437+0000][gc,phases     ] GC(156)   Evacuate Collection Set: 15.8ms
[2023-08-11T13:37:47.437+0000][gc,phases     ] GC(156)   Post Evacuate Collection Set: 0.7ms
[2023-08-11T13:37:47.437+0000][gc,phases     ] GC(156)   Other: 0.5ms
[2023-08-11T13:37:47.437+0000][gc,heap       ] GC(156) Eden regions: 442->0(22)
[2023-08-11T13:37:47.437+0000][gc,heap       ] GC(156) Survivor regions: 23->29(59)
[2023-08-11T13:37:47.437+0000][gc,heap       ] GC(156) Old regions: 175->175
[2023-08-11T13:37:47.437+0000][gc,heap       ] GC(156) Humongous regions: 149->149
[2023-08-11T13:37:47.437+0000][gc,metaspace  ] GC(156) Metaspace: 117733K(123364K)->117733K(123364K) NonClass: 104012K(107212K)->104012K(107212K) Class: 13720K(16152K)->13720K(16152K)
[2023-08-11T13:37:47.437+0000][gc            ] GC(156) Pause Young (Prepare Mixed) (G1 Evacuation Pause) 788M->352M(1024M) 17.054ms
[2023-08-11T13:37:47.437+0000][gc,cpu        ] GC(156) User=0.12s Sys=0.00s Real=0.01s
[2023-08-11T13:37:54.364+0000][gc,start      ] GC(157) Pause Young (Mixed) (G1 Evacuation Pause)
[2023-08-11T13:37:54.364+0000][gc,task       ] GC(157) Using 8 workers of 8 for evacuation
[2023-08-11T13:37:54.381+0000][gc,phases     ] GC(157)   Pre Evacuate Collection Set: 0.1ms
[2023-08-11T13:37:54.381+0000][gc,phases     ] GC(157)   Evacuate Collection Set: 15.6ms
[2023-08-11T13:37:54.381+0000][gc,phases     ] GC(157)   Post Evacuate Collection Set: 0.6ms
[2023-08-11T13:37:54.381+0000][gc,phases     ] GC(157)   Other: 0.4ms
[2023-08-11T13:37:54.381+0000][gc,heap       ] GC(157) Eden regions: 22->0(553)
[2023-08-11T13:37:54.381+0000][gc,heap       ] GC(157) Survivor regions: 29->4(7)
[2023-08-11T13:37:54.381+0000][gc,heap       ] GC(157) Old regions: 175->167
[2023-08-11T13:37:54.381+0000][gc,heap       ] GC(157) Humongous regions: 149->149
[2023-08-11T13:37:54.381+0000][gc,metaspace  ] GC(157) Metaspace: 117733K(123364K)->117733K(123364K) NonClass: 104012K(107212K)->104012K(107212K) Class: 13720K(16152K)->13720K(16152K)
[2023-08-11T13:37:54.381+0000][gc            ] GC(157) Pause Young (Mixed) (G1 Evacuation Pause) 374M->319M(1024M) 16.803ms
[2023-08-11T13:37:54.381+0000][gc,cpu        ] GC(157) User=0.13s Sys=0.00s Real=0.02s
[2023-08-11T13:40:08.916+0000][gc,start      ] GC(158) Pause Young (Normal) (G1 Evacuation Pause)
[2023-08-11T13:40:08.916+0000][gc,task       ] GC(158) Using 8 workers of 8 for evacuation
[2023-08-11T13:40:08.924+0000][gc,phases     ] GC(158)   Pre Evacuate Collection Set: 0.0ms
[2023-08-11T13:40:08.924+0000][gc,phases     ] GC(158)   Evacuate Collection Set: 7.4ms
[2023-08-11T13:40:08.924+0000][gc,phases     ] GC(158)   Post Evacuate Collection Set: 0.7ms
[2023-08-11T13:40:08.924+0000][gc,phases     ] GC(158)   Other: 0.3ms
[2023-08-11T13:40:08.924+0000][gc,heap       ] GC(158) Eden regions: 553->0(554)
[2023-08-11T13:40:08.924+0000][gc,heap       ] GC(158) Survivor regions: 4->8(70)
[2023-08-11T13:40:08.924+0000][gc,heap       ] GC(158) Old regions: 167->167
[2023-08-11T13:40:08.924+0000][gc,heap       ] GC(158) Humongous regions: 149->149
[2023-08-11T13:40:08.924+0000][gc,metaspace  ] GC(158) Metaspace: 117734K(123364K)->117734K(123364K) NonClass: 104013K(107212K)->104013K(107212K) Class: 13720K(16152K)->13720K(16152K)
[2023-08-11T13:40:08.924+0000][gc            ] GC(158) Pause Young (Normal) (G1 Evacuation Pause) 872M->323M(1024M) 8.494ms
[2023-08-11T13:40:08.924+0000][gc,cpu        ] GC(158) User=0.06s Sys=0.00s Real=0.01s
[2023-08-11T13:42:25.197+0000][gc,start      ] GC(159) Pause Young (Normal) (G1 Evacuation Pause)
[2023-08-11T13:42:25.198+0000][gc,task       ] GC(159) Using 8 workers of 8 for evacuation
[2023-08-11T13:42:25.217+0000][gc,phases     ] GC(159)   Pre Evacuate Collection Set: 0.0ms
[2023-08-11T13:42:25.217+0000][gc,phases     ] GC(159)   Evacuate Collection Set: 18.6ms
[2023-08-11T13:42:25.217+0000][gc,phases     ] GC(159)   Post Evacuate Collection Set: 0.8ms
[2023-08-11T13:42:25.217+0000][gc,phases     ] GC(159)   Other: 0.4ms
[2023-08-11T13:42:25.217+0000][gc,heap       ] GC(159) Eden regions: 548->0(433)
[2023-08-11T13:42:25.217+0000][gc,heap       ] GC(159) Survivor regions: 8->25(70)
[2023-08-11T13:42:25.217+0000][gc,heap       ] GC(159) Old regions: 167->167
[2023-08-11T13:42:25.217+0000][gc,heap       ] GC(159) Humongous regions: 149->149
[2023-08-11T13:42:25.217+0000][gc,metaspace  ] GC(159) Metaspace: 117734K(123364K)->117734K(123364K) NonClass: 104014K(107212K)->104014K(107212K) Class: 13720K(16152K)->13720K(16152K)
[2023-08-11T13:42:25.217+0000][gc            ] GC(159) Pause Young (Normal) (G1 Evacuation Pause) 871M->339M(1024M) 19.893ms
[2023-08-11T13:42:25.217+0000][gc,cpu        ] GC(159) User=0.13s Sys=0.00s Real=0.02s
[2023-08-11T13:43:02.738+0000][gc,start      ] GC(160) Pause Young (Concurrent Start) (G1 Evacuation Pause)
[2023-08-11T13:43:02.738+0000][gc,task       ] GC(160) Using 8 workers of 8 for evacuation
[2023-08-11T13:43:02.759+0000][gc,mmu        ] GC(160) MMU target violated: 20.8ms (20.0ms/21.0ms)
[2023-08-11T13:43:02.759+0000][gc,phases     ] GC(160)   Pre Evacuate Collection Set: 0.5ms
[2023-08-11T13:43:02.759+0000][gc,phases     ] GC(160)   Evacuate Collection Set: 19.5ms
[2023-08-11T13:43:02.759+0000][gc,phases     ] GC(160)   Post Evacuate Collection Set: 0.6ms
[2023-08-11T13:43:02.759+0000][gc,phases     ] GC(160)   Other: 0.5ms
[2023-08-11T13:43:02.759+0000][gc,heap       ] GC(160) Eden regions: 170->0(488)
[2023-08-11T13:43:02.759+0000][gc,heap       ] GC(160) Survivor regions: 25->7(25)
[2023-08-11T13:43:02.759+0000][gc,heap       ] GC(160) Old regions: 167->189
[2023-08-11T13:43:02.759+0000][gc,heap       ] GC(160) Humongous regions: 149->149
[2023-08-11T13:43:02.759+0000][gc,metaspace  ] GC(160) Metaspace: 117739K(123364K)->117739K(123364K) NonClass: 104015K(107212K)->104015K(107212K) Class: 13723K(16152K)->13723K(16152K)
[2023-08-11T13:43:02.759+0000][gc            ] GC(160) Pause Young (Concurrent Start) (G1 Evacuation Pause) 509M->344M(1024M) 21.152ms
[2023-08-11T13:43:02.759+0000][gc,cpu        ] GC(160) User=0.14s Sys=0.00s Real=0.03s
[2023-08-11T13:43:02.759+0000][gc            ] GC(161) Concurrent Cycle
[2023-08-11T13:43:02.759+0000][gc,marking    ] GC(161) Concurrent Clear Claimed Marks
[2023-08-11T13:43:02.759+0000][gc,marking    ] GC(161) Concurrent Clear Claimed Marks 0.273ms
[2023-08-11T13:43:02.759+0000][gc,marking    ] GC(161) Concurrent Scan Root Regions
[2023-08-11T13:43:02.763+0000][gc,marking    ] GC(161) Concurrent Scan Root Regions 3.736ms
[2023-08-11T13:43:02.763+0000][gc,marking    ] GC(161) Concurrent Mark (10874.065s)
[2023-08-11T13:43:02.763+0000][gc,marking    ] GC(161) Concurrent Mark From Roots
[2023-08-11T13:43:02.763+0000][gc,task       ] GC(161) Using 2 workers of 2 for marking
[2023-08-11T13:43:02.851+0000][gc,marking    ] GC(161) Concurrent Mark From Roots 87.814ms
[2023-08-11T13:43:02.851+0000][gc,marking    ] GC(161) Concurrent Preclean
[2023-08-11T13:43:02.852+0000][gc,marking    ] GC(161) Concurrent Preclean 0.472ms
[2023-08-11T13:43:02.852+0000][gc,marking    ] GC(161) Concurrent Mark (10874.065s, 10874.153s) 88.361ms
[2023-08-11T13:43:02.852+0000][gc,start      ] GC(161) Pause Remark
[2023-08-11T13:43:02.874+0000][gc,stringtable] GC(161) Cleaned string and symbol table, strings: 43513 processed, 0 removed, symbols: 278313 processed, 0 removed
[2023-08-11T13:43:02.874+0000][gc,mmu        ] GC(161) MMU target violated: 21.0ms (20.0ms/21.0ms)
[2023-08-11T13:43:02.874+0000][gc            ] GC(161) Pause Remark 353M->349M(1024M) 22.374ms
[2023-08-11T13:43:02.874+0000][gc,cpu        ] GC(161) User=0.14s Sys=0.00s Real=0.02s
[2023-08-11T13:43:02.874+0000][gc,marking    ] GC(161) Concurrent Rebuild Remembered Sets
[2023-08-11T13:43:02.915+0000][gc,marking    ] GC(161) Concurrent Rebuild Remembered Sets 40.928ms
[2023-08-11T13:43:02.915+0000][gc,start      ] GC(161) Pause Cleanup
[2023-08-11T13:43:02.916+0000][gc            ] GC(161) Pause Cleanup 350M->350M(1024M) 0.245ms
[2023-08-11T13:43:02.916+0000][gc,cpu        ] GC(161) User=0.00s Sys=0.00s Real=0.00s
[2023-08-11T13:43:02.916+0000][gc,marking    ] GC(161) Concurrent Cleanup for Next Mark
[2023-08-11T13:43:02.917+0000][gc,marking    ] GC(161) Concurrent Cleanup for Next Mark 1.361ms
[2023-08-11T13:43:02.917+0000][gc            ] GC(161) Concurrent Cycle 158.096ms
[2023-08-11T13:45:11.504+0000][gc,start      ] GC(162) Pause Young (Prepare Mixed) (G1 Evacuation Pause)
[2023-08-11T13:45:11.504+0000][gc,task       ] GC(162) Using 8 workers of 8 for evacuation
[2023-08-11T13:45:11.514+0000][gc,phases     ] GC(162)   Pre Evacuate Collection Set: 0.0ms
[2023-08-11T13:45:11.514+0000][gc,phases     ] GC(162)   Evacuate Collection Set: 8.9ms
[2023-08-11T13:45:11.514+0000][gc,phases     ] GC(162)   Post Evacuate Collection Set: 0.8ms
[2023-08-11T13:45:11.514+0000][gc,phases     ] GC(162)   Other: 0.4ms
[2023-08-11T13:45:11.514+0000][gc,heap       ] GC(162) Eden regions: 488->0(39)
[2023-08-11T13:45:11.514+0000][gc,heap       ] GC(162) Survivor regions: 7->12(62)
[2023-08-11T13:45:11.514+0000][gc,heap       ] GC(162) Old regions: 185->185
[2023-08-11T13:45:11.514+0000][gc,heap       ] GC(162) Humongous regions: 149->149
[2023-08-11T13:45:11.514+0000][gc,metaspace  ] GC(162) Metaspace: 117754K(123364K)->117754K(123364K) NonClass: 104031K(107212K)->104031K(107212K) Class: 13723K(16152K)->13723K(16152K)
[2023-08-11T13:45:11.514+0000][gc            ] GC(162) Pause Young (Prepare Mixed) (G1 Evacuation Pause) 828M->344M(1024M) 10.164ms
[2023-08-11T13:45:11.514+0000][gc,cpu        ] GC(162) User=0.07s Sys=0.00s Real=0.01s
[2023-08-11T13:45:24.374+0000][gc,start      ] GC(163) Pause Young (Mixed) (G1 Evacuation Pause)
[2023-08-11T13:45:24.374+0000][gc,task       ] GC(163) Using 8 workers of 8 for evacuation
[2023-08-11T13:45:24.382+0000][gc,phases     ] GC(163)   Pre Evacuate Collection Set: 0.1ms
[2023-08-11T13:45:24.382+0000][gc,phases     ] GC(163)   Evacuate Collection Set: 7.2ms
[2023-08-11T13:45:24.382+0000][gc,phases     ] GC(163)   Post Evacuate Collection Set: 0.5ms
[2023-08-11T13:45:24.382+0000][gc,phases     ] GC(163)   Other: 0.4ms
[2023-08-11T13:45:24.382+0000][gc,heap       ] GC(163) Eden regions: 39->0(540)
[2023-08-11T13:45:24.382+0000][gc,heap       ] GC(163) Survivor regions: 12->2(7)
[2023-08-11T13:45:24.382+0000][gc,heap       ] GC(163) Old regions: 185->151
[2023-08-11T13:45:24.382+0000][gc,heap       ] GC(163) Humongous regions: 149->149
[2023-08-11T13:45:24.382+0000][gc,metaspace  ] GC(163) Metaspace: 117754K(123364K)->117754K(123364K) NonClass: 104031K(107212K)->104031K(107212K) Class: 13723K(16152K)->13723K(16152K)
[2023-08-11T13:45:24.382+0000][gc            ] GC(163) Pause Young (Mixed) (G1 Evacuation Pause) 383M->301M(1024M) 8.334ms
[2023-08-11T13:45:24.382+0000][gc,cpu        ] GC(163) User=0.06s Sys=0.00s Real=0.01s
[2023-08-11T13:47:32.740+0000][gc,start      ] GC(164) Pause Young (Normal) (G1 Evacuation Pause)
[2023-08-11T13:47:32.740+0000][gc,task       ] GC(164) Using 8 workers of 8 for evacuation
[2023-08-11T13:47:32.749+0000][gc,phases     ] GC(164)   Pre Evacuate Collection Set: 0.0ms
[2023-08-11T13:47:32.749+0000][gc,phases     ] GC(164)   Evacuate Collection Set: 7.6ms
[2023-08-11T13:47:32.749+0000][gc,phases     ] GC(164)   Post Evacuate Collection Set: 0.7ms
[2023-08-11T13:47:32.749+0000][gc,phases     ] GC(164)   Other: 0.3ms
[2023-08-11T13:47:32.749+0000][gc,heap       ] GC(164) Eden regions: 540->0(534)
[2023-08-11T13:47:32.749+0000][gc,heap       ] GC(164) Survivor regions: 2->9(68)
[2023-08-11T13:47:32.749+0000][gc,heap       ] GC(164) Old regions: 151->151
[2023-08-11T13:47:32.749+0000][gc,heap       ] GC(164) Humongous regions: 149->149
[2023-08-11T13:47:32.749+0000][gc,metaspace  ] GC(164) Metaspace: 117756K(123364K)->117756K(123364K) NonClass: 104033K(107212K)->104033K(107212K) Class: 13723K(16152K)->13723K(16152K)
[2023-08-11T13:47:32.749+0000][gc            ] GC(164) Pause Young (Normal) (G1 Evacuation Pause) 841M->308M(1024M) 8.724ms
[2023-08-11T13:47:32.749+0000][gc,cpu        ] GC(164) User=0.06s Sys=0.00s Real=0.00s
[2023-08-11T13:49:44.555+0000][gc,start      ] GC(165) Pause Young (Normal) (G1 Evacuation Pause)
[2023-08-11T13:49:44.555+0000][gc,task       ] GC(165) Using 8 workers of 8 for evacuation
[2023-08-11T13:49:44.566+0000][gc,phases     ] GC(165)   Pre Evacuate Collection Set: 0.0ms
[2023-08-11T13:49:44.566+0000][gc,phases     ] GC(165)   Evacuate Collection Set: 9.6ms
[2023-08-11T13:49:44.566+0000][gc,phases     ] GC(165)   Post Evacuate Collection Set: 0.7ms
[2023-08-11T13:49:44.566+0000][gc,phases     ] GC(165)   Other: 0.4ms
[2023-08-11T13:49:44.566+0000][gc,heap       ] GC(165) Eden regions: 534->0(545)
[2023-08-11T13:49:44.566+0000][gc,heap       ] GC(165) Survivor regions: 9->15(68)
[2023-08-11T13:49:44.566+0000][gc,heap       ] GC(165) Old regions: 151->151
[2023-08-11T13:49:44.566+0000][gc,heap       ] GC(165) Humongous regions: 149->149
[2023-08-11T13:49:44.566+0000][gc,metaspace  ] GC(165) Metaspace: 117758K(123364K)->117758K(123364K) NonClass: 104035K(107212K)->104035K(107212K) Class: 13723K(16152K)->13723K(16152K)
[2023-08-11T13:49:44.566+0000][gc            ] GC(165) Pause Young (Normal) (G1 Evacuation Pause) 842M->314M(1024M) 10.817ms
[2023-08-11T13:49:44.566+0000][gc,cpu        ] GC(165) User=0.08s Sys=0.00s Real=0.01s
[2023-08-11T13:51:54.485+0000][gc,start      ] GC(166) Pause Young (Normal) (G1 Evacuation Pause)
[2023-08-11T13:51:54.486+0000][gc,task       ] GC(166) Using 8 workers of 8 for evacuation
[2023-08-11T13:51:54.504+0000][gc,phases     ] GC(166)   Pre Evacuate Collection Set: 0.0ms
[2023-08-11T13:51:54.504+0000][gc,phases     ] GC(166)   Evacuate Collection Set: 17.3ms
[2023-08-11T13:51:54.504+0000][gc,phases     ] GC(166)   Post Evacuate Collection Set: 0.7ms
[2023-08-11T13:51:54.504+0000][gc,phases     ] GC(166)   Other: 0.4ms
[2023-08-11T13:51:54.504+0000][gc,heap       ] GC(166) Eden regions: 545->0(529)
[2023-08-11T13:51:54.504+0000][gc,heap       ] GC(166) Survivor regions: 15->22(70)
[2023-08-11T13:51:54.504+0000][gc,heap       ] GC(166) Old regions: 151->151
[2023-08-11T13:51:54.504+0000][gc,heap       ] GC(166) Humongous regions: 149->149
[2023-08-11T13:51:54.504+0000][gc,metaspace  ] GC(166) Metaspace: 117758K(123364K)->117758K(123364K) NonClass: 104035K(107212K)->104035K(107212K) Class: 13723K(16152K)->13723K(16152K)
[2023-08-11T13:51:54.504+0000][gc            ] GC(166) Pause Young (Normal) (G1 Evacuation Pause) 859M->321M(1024M) 18.484ms
[2023-08-11T13:51:54.504+0000][gc,cpu        ] GC(166) User=0.11s Sys=0.00s Real=0.02s
[2023-08-11T13:54:24.345+0000][gc,start      ] GC(167) Pause Young (Concurrent Start) (G1 Evacuation Pause)
[2023-08-11T13:54:24.345+0000][gc,task       ] GC(167) Using 8 workers of 8 for evacuation
[2023-08-11T13:54:24.362+0000][gc,phases     ] GC(167)   Pre Evacuate Collection Set: 0.5ms
[2023-08-11T13:54:24.362+0000][gc,phases     ] GC(167)   Evacuate Collection Set: 15.9ms
[2023-08-11T13:54:24.362+0000][gc,phases     ] GC(167)   Post Evacuate Collection Set: 0.7ms
[2023-08-11T13:54:24.362+0000][gc,phases     ] GC(167)   Other: 0.4ms
[2023-08-11T13:54:24.362+0000][gc,heap       ] GC(167) Eden regions: 529->0(490)
[2023-08-11T13:54:24.362+0000][gc,heap       ] GC(167) Survivor regions: 22->28(69)
[2023-08-11T13:54:24.362+0000][gc,heap       ] GC(167) Old regions: 151->151
[2023-08-11T13:54:24.362+0000][gc,heap       ] GC(167) Humongous regions: 149->149
[2023-08-11T13:54:24.362+0000][gc,metaspace  ] GC(167) Metaspace: 117828K(123364K)->117828K(123364K) NonClass: 104105K(107212K)->104105K(107212K) Class: 13723K(16152K)->13723K(16152K)
[2023-08-11T13:54:24.362+0000][gc            ] GC(167) Pause Young (Concurrent Start) (G1 Evacuation Pause) 850M->327M(1024M) 17.573ms
[2023-08-11T13:54:24.362+0000][gc,cpu        ] GC(167) User=0.13s Sys=0.00s Real=0.02s
[2023-08-11T13:54:24.362+0000][gc            ] GC(168) Concurrent Cycle
[2023-08-11T13:54:24.362+0000][gc,marking    ] GC(168) Concurrent Clear Claimed Marks
[2023-08-11T13:54:24.363+0000][gc,marking    ] GC(168) Concurrent Clear Claimed Marks 0.419ms
[2023-08-11T13:54:24.363+0000][gc,marking    ] GC(168) Concurrent Scan Root Regions
[2023-08-11T13:54:24.375+0000][gc,marking    ] GC(168) Concurrent Scan Root Regions 12.231ms
[2023-08-11T13:54:24.375+0000][gc,marking    ] GC(168) Concurrent Mark (11555.676s)
[2023-08-11T13:54:24.375+0000][gc,marking    ] GC(168) Concurrent Mark From Roots
[2023-08-11T13:54:24.375+0000][gc,task       ] GC(168) Using 2 workers of 2 for marking
[2023-08-11T13:54:24.456+0000][gc,marking    ] GC(168) Concurrent Mark From Roots 81.353ms
[2023-08-11T13:54:24.456+0000][gc,marking    ] GC(168) Concurrent Preclean
[2023-08-11T13:54:24.457+0000][gc,marking    ] GC(168) Concurrent Preclean 0.655ms
[2023-08-11T13:54:24.457+0000][gc,marking    ] GC(168) Concurrent Mark (11555.676s, 11555.758s) 82.111ms
[2023-08-11T13:54:24.457+0000][gc,start      ] GC(168) Pause Remark
[2023-08-11T13:54:24.466+0000][gc,stringtable] GC(168) Cleaned string and symbol table, strings: 43570 processed, 4 removed, symbols: 278313 processed, 0 removed
[2023-08-11T13:54:24.467+0000][gc            ] GC(168) Pause Remark 352M->351M(1024M) 9.426ms
[2023-08-11T13:54:24.467+0000][gc,cpu        ] GC(168) User=0.07s Sys=0.00s Real=0.01s
[2023-08-11T13:54:24.467+0000][gc,marking    ] GC(168) Concurrent Rebuild Remembered Sets
[2023-08-11T13:54:24.519+0000][gc,marking    ] GC(168) Concurrent Rebuild Remembered Sets 52.291ms
[2023-08-11T13:54:24.519+0000][gc,start      ] GC(168) Pause Cleanup
[2023-08-11T13:54:24.520+0000][gc            ] GC(168) Pause Cleanup 361M->361M(1024M) 0.264ms
[2023-08-11T13:54:24.520+0000][gc,cpu        ] GC(168) User=0.00s Sys=0.00s Real=0.00s
[2023-08-11T13:54:24.520+0000][gc,marking    ] GC(168) Concurrent Cleanup for Next Mark
[2023-08-11T13:54:24.521+0000][gc,marking    ] GC(168) Concurrent Cleanup for Next Mark 1.395ms
[2023-08-11T13:54:24.521+0000][gc            ] GC(168) Concurrent Cycle 159.039ms
[2023-08-11T13:55:32.743+0000][gc,start      ] GC(169) Pause Young (Prepare Mixed) (G1 Evacuation Pause)
[2023-08-11T13:55:32.743+0000][gc,task       ] GC(169) Using 8 workers of 8 for evacuation
[2023-08-11T13:55:32.761+0000][gc,phases     ] GC(169)   Pre Evacuate Collection Set: 0.0ms
[2023-08-11T13:55:32.761+0000][gc,phases     ] GC(169)   Evacuate Collection Set: 17.1ms
[2023-08-11T13:55:32.761+0000][gc,phases     ] GC(169)   Post Evacuate Collection Set: 0.7ms
[2023-08-11T13:55:32.762+0000][gc,phases     ] GC(169)   Other: 0.4ms
[2023-08-11T13:55:32.762+0000][gc,heap       ] GC(169) Eden regions: 332->0(24)
[2023-08-11T13:55:32.762+0000][gc,heap       ] GC(169) Survivor regions: 28->27(45)
[2023-08-11T13:55:32.762+0000][gc,heap       ] GC(169) Old regions: 150->156
[2023-08-11T13:55:32.762+0000][gc,heap       ] GC(169) Humongous regions: 149->149
[2023-08-11T13:55:32.762+0000][gc,metaspace  ] GC(169) Metaspace: 117829K(123364K)->117829K(123364K) NonClass: 104106K(107212K)->104106K(107212K) Class: 13723K(16152K)->13723K(16152K)
[2023-08-11T13:55:32.762+0000][gc            ] GC(169) Pause Young (Prepare Mixed) (G1 Evacuation Pause) 658M->331M(1024M) 18.372ms
[2023-08-11T13:55:32.762+0000][gc,cpu        ] GC(169) User=0.14s Sys=0.00s Real=0.02s
[2023-08-11T13:55:39.484+0000][gc,start      ] GC(170) Pause Young (Mixed) (G1 Evacuation Pause)
[2023-08-11T13:55:39.484+0000][gc,task       ] GC(170) Using 8 workers of 8 for evacuation
[2023-08-11T13:55:39.499+0000][gc,phases     ] GC(170)   Pre Evacuate Collection Set: 0.0ms
[2023-08-11T13:55:39.499+0000][gc,phases     ] GC(170)   Evacuate Collection Set: 14.4ms
[2023-08-11T13:55:39.499+0000][gc,phases     ] GC(170)   Post Evacuate Collection Set: 0.5ms
[2023-08-11T13:55:39.499+0000][gc,phases     ] GC(170)   Other: 0.4ms
[2023-08-11T13:55:39.499+0000][gc,heap       ] GC(170) Eden regions: 24->0(540)
[2023-08-11T13:55:39.499+0000][gc,heap       ] GC(170) Survivor regions: 27->4(7)
[2023-08-11T13:55:39.499+0000][gc,heap       ] GC(170) Old regions: 156->171
[2023-08-11T13:55:39.499+0000][gc,heap       ] GC(170) Humongous regions: 149->149
[2023-08-11T13:55:39.499+0000][gc,metaspace  ] GC(170) Metaspace: 117829K(123364K)->117829K(123364K) NonClass: 104106K(107212K)->104106K(107212K) Class: 13723K(16152K)->13723K(16152K)
[2023-08-11T13:55:39.499+0000][gc            ] GC(170) Pause Young (Mixed) (G1 Evacuation Pause) 355M->323M(1024M) 15.468ms
[2023-08-11T13:55:39.499+0000][gc,cpu        ] GC(170) User=0.10s Sys=0.00s Real=0.02s
[2023-08-11T13:57:54.395+0000][gc,start      ] GC(171) Pause Young (Normal) (G1 Evacuation Pause)
[2023-08-11T13:57:54.395+0000][gc,task       ] GC(171) Using 8 workers of 8 for evacuation
[2023-08-11T13:57:54.403+0000][gc,phases     ] GC(171)   Pre Evacuate Collection Set: 0.0ms
[2023-08-11T13:57:54.403+0000][gc,phases     ] GC(171)   Evacuate Collection Set: 7.1ms
[2023-08-11T13:57:54.403+0000][gc,phases     ] GC(171)   Post Evacuate Collection Set: 0.7ms
[2023-08-11T13:57:54.403+0000][gc,phases     ] GC(171)   Other: 0.4ms
[2023-08-11T13:57:54.403+0000][gc,heap       ] GC(171) Eden regions: 540->0(542)
[2023-08-11T13:57:54.403+0000][gc,heap       ] GC(171) Survivor regions: 4->9(68)
[2023-08-11T13:57:54.403+0000][gc,heap       ] GC(171) Old regions: 171->171
[2023-08-11T13:57:54.403+0000][gc,heap       ] GC(171) Humongous regions: 149->149
[2023-08-11T13:57:54.403+0000][gc,metaspace  ] GC(171) Metaspace: 117829K(123364K)->117829K(123364K) NonClass: 104106K(107212K)->104106K(107212K) Class: 13723K(16152K)->13723K(16152K)
[2023-08-11T13:57:54.403+0000][gc            ] GC(171) Pause Young (Normal) (G1 Evacuation Pause) 863M->327M(1024M) 8.333ms
[2023-08-11T13:57:54.403+0000][gc,cpu        ] GC(171) User=0.06s Sys=0.00s Real=0.01s
[2023-08-11T14:00:24.348+0000][gc,start      ] GC(172) Pause Young (Normal) (G1 Evacuation Pause)
[2023-08-11T14:00:24.348+0000][gc,task       ] GC(172) Using 8 workers of 8 for evacuation
[2023-08-11T14:00:24.359+0000][gc,phases     ] GC(172)   Pre Evacuate Collection Set: 0.0ms
[2023-08-11T14:00:24.359+0000][gc,phases     ] GC(172)   Evacuate Collection Set: 10.1ms
[2023-08-11T14:00:24.359+0000][gc,phases     ] GC(172)   Post Evacuate Collection Set: 0.7ms
[2023-08-11T14:00:24.359+0000][gc,phases     ] GC(172)   Other: 0.4ms
[2023-08-11T14:00:24.359+0000][gc,heap       ] GC(172) Eden regions: 542->0(540)
[2023-08-11T14:00:24.359+0000][gc,heap       ] GC(172) Survivor regions: 9->16(69)
[2023-08-11T14:00:24.359+0000][gc,heap       ] GC(172) Old regions: 171->171
[2023-08-11T14:00:24.359+0000][gc,heap       ] GC(172) Humongous regions: 149->149
[2023-08-11T14:00:24.359+0000][gc,metaspace  ] GC(172) Metaspace: 117829K(123364K)->117829K(123364K) NonClass: 104106K(107212K)->104106K(107212K) Class: 13723K(16152K)->13723K(16152K)
[2023-08-11T14:00:24.359+0000][gc            ] GC(172) Pause Young (Normal) (G1 Evacuation Pause) 869M->335M(1024M) 11.296ms
[2023-08-11T14:00:24.359+0000][gc,cpu        ] GC(172) User=0.08s Sys=0.00s Real=0.02s
[2023-08-11T14:02:25.192+0000][gc,start      ] GC(173) Pause Young (Concurrent Start) (G1 Evacuation Pause)
[2023-08-11T14:02:25.192+0000][gc,task       ] GC(173) Using 8 workers of 8 for evacuation
[2023-08-11T14:02:25.206+0000][gc,phases     ] GC(173)   Pre Evacuate Collection Set: 0.5ms
[2023-08-11T14:02:25.206+0000][gc,phases     ] GC(173)   Evacuate Collection Set: 13.1ms
[2023-08-11T14:02:25.206+0000][gc,phases     ] GC(173)   Post Evacuate Collection Set: 0.7ms
[2023-08-11T14:02:25.207+0000][gc,phases     ] GC(173)   Other: 0.4ms
[2023-08-11T14:02:25.207+0000][gc,heap       ] GC(173) Eden regions: 540->0(526)
[2023-08-11T14:02:25.207+0000][gc,heap       ] GC(173) Survivor regions: 16->22(70)
[2023-08-11T14:02:25.207+0000][gc,heap       ] GC(173) Old regions: 171->171
[2023-08-11T14:02:25.207+0000][gc,heap       ] GC(173) Humongous regions: 149->149
[2023-08-11T14:02:25.207+0000][gc,metaspace  ] GC(173) Metaspace: 117836K(123620K)->117836K(123620K) NonClass: 104113K(107468K)->104113K(107468K) Class: 13723K(16152K)->13723K(16152K)
[2023-08-11T14:02:25.207+0000][gc            ] GC(173) Pause Young (Concurrent Start) (G1 Evacuation Pause) 875M->341M(1024M) 14.915ms
[2023-08-11T14:02:25.207+0000][gc,cpu        ] GC(173) User=0.10s Sys=0.00s Real=0.01s
[2023-08-11T14:02:25.207+0000][gc            ] GC(174) Concurrent Cycle
[2023-08-11T14:02:25.207+0000][gc,marking    ] GC(174) Concurrent Clear Claimed Marks
[2023-08-11T14:02:25.207+0000][gc,marking    ] GC(174) Concurrent Clear Claimed Marks 0.349ms
[2023-08-11T14:02:25.207+0000][gc,marking    ] GC(174) Concurrent Scan Root Regions
[2023-08-11T14:02:25.217+0000][gc,marking    ] GC(174) Concurrent Scan Root Regions 9.474ms
[2023-08-11T14:02:25.217+0000][gc,marking    ] GC(174) Concurrent Mark (12036.518s)
[2023-08-11T14:02:25.217+0000][gc,marking    ] GC(174) Concurrent Mark From Roots
[2023-08-11T14:02:25.217+0000][gc,task       ] GC(174) Using 2 workers of 2 for marking
[2023-08-11T14:02:25.280+0000][gc,marking    ] GC(174) Concurrent Mark From Roots 63.543ms
[2023-08-11T14:02:25.280+0000][gc,marking    ] GC(174) Concurrent Preclean
[2023-08-11T14:02:25.281+0000][gc,marking    ] GC(174) Concurrent Preclean 0.463ms
[2023-08-11T14:02:25.281+0000][gc,marking    ] GC(174) Concurrent Mark (12036.518s, 12036.582s) 64.081ms
[2023-08-11T14:02:25.281+0000][gc,start      ] GC(174) Pause Remark
[2023-08-11T14:02:25.290+0000][gc,stringtable] GC(174) Cleaned string and symbol table, strings: 43579 processed, 0 removed, symbols: 278313 processed, 0 removed
[2023-08-11T14:02:25.290+0000][gc            ] GC(174) Pause Remark 349M->349M(1024M) 9.067ms
[2023-08-11T14:02:25.290+0000][gc,cpu        ] GC(174) User=0.06s Sys=0.00s Real=0.00s
[2023-08-11T14:02:25.290+0000][gc,marking    ] GC(174) Concurrent Rebuild Remembered Sets
[2023-08-11T14:02:25.331+0000][gc,marking    ] GC(174) Concurrent Rebuild Remembered Sets 40.506ms
[2023-08-11T14:02:25.331+0000][gc,start      ] GC(174) Pause Cleanup
[2023-08-11T14:02:25.331+0000][gc            ] GC(174) Pause Cleanup 349M->349M(1024M) 0.227ms
[2023-08-11T14:02:25.331+0000][gc,cpu        ] GC(174) User=0.00s Sys=0.00s Real=0.00s
[2023-08-11T14:02:25.331+0000][gc,marking    ] GC(174) Concurrent Cleanup for Next Mark
[2023-08-11T14:02:25.333+0000][gc,marking    ] GC(174) Concurrent Cleanup for Next Mark 1.343ms
[2023-08-11T14:02:25.333+0000][gc            ] GC(174) Concurrent Cycle 125.870ms
[2023-08-11T14:04:24.471+0000][gc,start      ] GC(175) Pause Young (Prepare Mixed) (G1 Evacuation Pause)
[2023-08-11T14:04:24.472+0000][gc,task       ] GC(175) Using 8 workers of 8 for evacuation
[2023-08-11T14:04:24.489+0000][gc,phases     ] GC(175)   Pre Evacuate Collection Set: 0.0ms
[2023-08-11T14:04:24.489+0000][gc,phases     ] GC(175)   Evacuate Collection Set: 16.4ms
[2023-08-11T14:04:24.489+0000][gc,phases     ] GC(175)   Post Evacuate Collection Set: 0.7ms
[2023-08-11T14:04:24.489+0000][gc,phases     ] GC(175)   Other: 0.5ms
[2023-08-11T14:04:24.489+0000][gc,heap       ] GC(175) Eden regions: 482->0(23)
[2023-08-11T14:04:24.489+0000][gc,heap       ] GC(175) Survivor regions: 22->28(63)
[2023-08-11T14:04:24.489+0000][gc,heap       ] GC(175) Old regions: 171->171
[2023-08-11T14:04:24.489+0000][gc,heap       ] GC(175) Humongous regions: 149->149
[2023-08-11T14:04:24.489+0000][gc,metaspace  ] GC(175) Metaspace: 117840K(123620K)->117840K(123620K) NonClass: 104116K(107468K)->104116K(107468K) Class: 13723K(16152K)->13723K(16152K)
[2023-08-11T14:04:24.489+0000][gc            ] GC(175) Pause Young (Prepare Mixed) (G1 Evacuation Pause) 823M->347M(1024M) 17.741ms
[2023-08-11T14:04:24.489+0000][gc,cpu        ] GC(175) User=0.13s Sys=0.01s Real=0.01s
[2023-08-11T14:04:25.240+0000][gc,start      ] GC(176) Pause Young (Mixed) (G1 Evacuation Pause)
[2023-08-11T14:04:25.240+0000][gc,task       ] GC(176) Using 8 workers of 8 for evacuation
[2023-08-11T14:04:25.257+0000][gc,phases     ] GC(176)   Pre Evacuate Collection Set: 0.1ms
[2023-08-11T14:04:25.257+0000][gc,phases     ] GC(176)   Evacuate Collection Set: 15.8ms
[2023-08-11T14:04:25.257+0000][gc,phases     ] GC(176)   Post Evacuate Collection Set: 0.6ms
[2023-08-11T14:04:25.257+0000][gc,phases     ] GC(176)   Other: 0.4ms
[2023-08-11T14:04:25.257+0000][gc,heap       ] GC(176) Eden regions: 23->0(553)
[2023-08-11T14:04:25.257+0000][gc,heap       ] GC(176) Survivor regions: 28->4(7)
[2023-08-11T14:04:25.257+0000][gc,heap       ] GC(176) Old regions: 171->167
[2023-08-11T14:04:25.257+0000][gc,heap       ] GC(176) Humongous regions: 149->149
[2023-08-11T14:04:25.257+0000][gc,metaspace  ] GC(176) Metaspace: 117840K(123620K)->117840K(123620K) NonClass: 104116K(107468K)->104116K(107468K) Class: 13723K(16152K)->13723K(16152K)
[2023-08-11T14:04:25.257+0000][gc            ] GC(176) Pause Young (Mixed) (G1 Evacuation Pause) 370M->319M(1024M) 16.978ms
[2023-08-11T14:04:25.257+0000][gc,cpu        ] GC(176) User=0.13s Sys=0.00s Real=0.01s
[2023-08-11T14:06:54.348+0000][gc,start      ] GC(177) Pause Young (Normal) (G1 Evacuation Pause)
[2023-08-11T14:06:54.348+0000][gc,task       ] GC(177) Using 8 workers of 8 for evacuation
[2023-08-11T14:06:54.356+0000][gc,phases     ] GC(177)   Pre Evacuate Collection Set: 0.0ms
[2023-08-11T14:06:54.356+0000][gc,phases     ] GC(177)   Evacuate Collection Set: 7.8ms
[2023-08-11T14:06:54.356+0000][gc,phases     ] GC(177)   Post Evacuate Collection Set: 0.6ms
[2023-08-11T14:06:54.356+0000][gc,phases     ] GC(177)   Other: 0.3ms
[2023-08-11T14:06:54.356+0000][gc,heap       ] GC(177) Eden regions: 553->0(552)
[2023-08-11T14:06:54.356+0000][gc,heap       ] GC(177) Survivor regions: 4->10(70)
[2023-08-11T14:06:54.356+0000][gc,heap       ] GC(177) Old regions: 167->167
[2023-08-11T14:06:54.356+0000][gc,heap       ] GC(177) Humongous regions: 149->149
[2023-08-11T14:06:54.356+0000][gc,metaspace  ] GC(177) Metaspace: 117842K(123620K)->117842K(123620K) NonClass: 104118K(107468K)->104118K(107468K) Class: 13723K(16152K)->13723K(16152K)
[2023-08-11T14:06:54.356+0000][gc            ] GC(177) Pause Young (Normal) (G1 Evacuation Pause) 872M->324M(1024M) 8.821ms
[2023-08-11T14:06:54.356+0000][gc,cpu        ] GC(177) User=0.06s Sys=0.00s Real=0.01s
[2023-08-11T14:09:14.564+0000][gc,start      ] GC(178) Pause Young (Normal) (G1 Evacuation Pause)
[2023-08-11T14:09:14.564+0000][gc,task       ] GC(178) Using 8 workers of 8 for evacuation
[2023-08-11T14:09:14.575+0000][gc,phases     ] GC(178)   Pre Evacuate Collection Set: 0.0ms
[2023-08-11T14:09:14.575+0000][gc,phases     ] GC(178)   Evacuate Collection Set: 10.2ms
[2023-08-11T14:09:14.575+0000][gc,phases     ] GC(178)   Post Evacuate Collection Set: 0.7ms
[2023-08-11T14:09:14.575+0000][gc,phases     ] GC(178)   Other: 0.3ms
[2023-08-11T14:09:14.575+0000][gc,heap       ] GC(178) Eden regions: 552->0(550)
[2023-08-11T14:09:14.575+0000][gc,heap       ] GC(178) Survivor regions: 10->16(71)
[2023-08-11T14:09:14.575+0000][gc,heap       ] GC(178) Old regions: 167->167
[2023-08-11T14:09:14.575+0000][gc,heap       ] GC(178) Humongous regions: 149->149
[2023-08-11T14:09:14.575+0000][gc,metaspace  ] GC(178) Metaspace: 117863K(123620K)->117863K(123620K) NonClass: 104140K(107468K)->104140K(107468K) Class: 13723K(16152K)->13723K(16152K)
[2023-08-11T14:09:14.575+0000][gc            ] GC(178) Pause Young (Normal) (G1 Evacuation Pause) 876M->331M(1024M) 11.405ms
[2023-08-11T14:09:14.575+0000][gc,cpu        ] GC(178) User=0.09s Sys=0.00s Real=0.01s
[2023-08-11T14:11:25.203+0000][gc,start      ] GC(179) Pause Young (Concurrent Start) (G1 Evacuation Pause)
[2023-08-11T14:11:25.203+0000][gc,task       ] GC(179) Using 8 workers of 8 for evacuation
[2023-08-11T14:11:25.218+0000][gc,phases     ] GC(179)   Pre Evacuate Collection Set: 0.5ms
[2023-08-11T14:11:25.218+0000][gc,phases     ] GC(179)   Evacuate Collection Set: 13.2ms
[2023-08-11T14:11:25.218+0000][gc,phases     ] GC(179)   Post Evacuate Collection Set: 0.7ms
[2023-08-11T14:11:25.218+0000][gc,phases     ] GC(179)   Other: 0.5ms
[2023-08-11T14:11:25.218+0000][gc,heap       ] GC(179) Eden regions: 550->0(548)
[2023-08-11T14:11:25.218+0000][gc,heap       ] GC(179) Survivor regions: 16->22(71)
[2023-08-11T14:11:25.218+0000][gc,heap       ] GC(179) Old regions: 167->167
[2023-08-11T14:11:25.218+0000][gc,heap       ] GC(179) Humongous regions: 149->149
[2023-08-11T14:11:25.218+0000][gc,metaspace  ] GC(179) Metaspace: 117873K(123620K)->117873K(123620K) NonClass: 104149K(107468K)->104149K(107468K) Class: 13723K(16152K)->13723K(16152K)
[2023-08-11T14:11:25.218+0000][gc            ] GC(179) Pause Young (Concurrent Start) (G1 Evacuation Pause) 881M->336M(1024M) 14.879ms
[2023-08-11T14:11:25.218+0000][gc,cpu        ] GC(179) User=0.11s Sys=0.00s Real=0.01s
[2023-08-11T14:11:25.218+0000][gc            ] GC(180) Concurrent Cycle
[2023-08-11T14:11:25.218+0000][gc,marking    ] GC(180) Concurrent Clear Claimed Marks
[2023-08-11T14:11:25.219+0000][gc,marking    ] GC(180) Concurrent Clear Claimed Marks 0.387ms
[2023-08-11T14:11:25.219+0000][gc,marking    ] GC(180) Concurrent Scan Root Regions
[2023-08-11T14:11:25.231+0000][gc,marking    ] GC(180) Concurrent Scan Root Regions 12.333ms
[2023-08-11T14:11:25.231+0000][gc,marking    ] GC(180) Concurrent Mark (12576.532s)
[2023-08-11T14:11:25.231+0000][gc,marking    ] GC(180) Concurrent Mark From Roots
[2023-08-11T14:11:25.231+0000][gc,task       ] GC(180) Using 2 workers of 2 for marking
[2023-08-11T14:11:25.310+0000][gc,marking    ] GC(180) Concurrent Mark From Roots 78.648ms
[2023-08-11T14:11:25.310+0000][gc,marking    ] GC(180) Concurrent Preclean
[2023-08-11T14:11:25.310+0000][gc,marking    ] GC(180) Concurrent Preclean 0.469ms
[2023-08-11T14:11:25.310+0000][gc,marking    ] GC(180) Concurrent Mark (12576.532s, 12576.611s) 79.195ms
[2023-08-11T14:11:25.310+0000][gc,start      ] GC(180) Pause Remark
[2023-08-11T14:11:25.321+0000][gc,stringtable] GC(180) Cleaned string and symbol table, strings: 43582 processed, 0 removed, symbols: 278314 processed, 1 removed
[2023-08-11T14:11:25.322+0000][gc            ] GC(180) Pause Remark 340M->340M(1024M) 11.178ms
[2023-08-11T14:11:25.322+0000][gc,cpu        ] GC(180) User=0.08s Sys=0.00s Real=0.02s
[2023-08-11T14:11:25.322+0000][gc,marking    ] GC(180) Concurrent Rebuild Remembered Sets
[2023-08-11T14:11:25.363+0000][gc,marking    ] GC(180) Concurrent Rebuild Remembered Sets 40.913ms
[2023-08-11T14:11:25.363+0000][gc,start      ] GC(180) Pause Cleanup
[2023-08-11T14:11:25.363+0000][gc            ] GC(180) Pause Cleanup 340M->340M(1024M) 0.319ms
[2023-08-11T14:11:25.363+0000][gc,cpu        ] GC(180) User=0.00s Sys=0.00s Real=0.00s
[2023-08-11T14:11:25.363+0000][gc,marking    ] GC(180) Concurrent Cleanup for Next Mark
[2023-08-11T14:11:25.365+0000][gc,marking    ] GC(180) Concurrent Cleanup for Next Mark 1.375ms
[2023-08-11T14:11:25.365+0000][gc            ] GC(180) Concurrent Cycle 146.518ms
[2023-08-11T14:13:25.194+0000][gc,start      ] GC(181) Pause Young (Prepare Mixed) (G1 Evacuation Pause)
[2023-08-11T14:13:25.194+0000][gc,task       ] GC(181) Using 8 workers of 8 for evacuation
[2023-08-11T14:13:25.211+0000][gc,phases     ] GC(181)   Pre Evacuate Collection Set: 0.0ms
[2023-08-11T14:13:25.211+0000][gc,phases     ] GC(181)   Evacuate Collection Set: 15.8ms
[2023-08-11T14:13:25.211+0000][gc,phases     ] GC(181)   Post Evacuate Collection Set: 0.7ms
[2023-08-11T14:13:25.211+0000][gc,phases     ] GC(181)   Other: 0.4ms
[2023-08-11T14:13:25.211+0000][gc,heap       ] GC(181) Eden regions: 488->0(23)
[2023-08-11T14:13:25.211+0000][gc,heap       ] GC(181) Survivor regions: 22->28(64)
[2023-08-11T14:13:25.211+0000][gc,heap       ] GC(181) Old regions: 167->167
[2023-08-11T14:13:25.211+0000][gc,heap       ] GC(181) Humongous regions: 149->149
[2023-08-11T14:13:25.211+0000][gc,metaspace  ] GC(181) Metaspace: 117873K(123620K)->117873K(123620K) NonClass: 104150K(107468K)->104150K(107468K) Class: 13723K(16152K)->13723K(16152K)
[2023-08-11T14:13:25.211+0000][gc            ] GC(181) Pause Young (Prepare Mixed) (G1 Evacuation Pause) 824M->343M(1024M) 17.043ms
[2023-08-11T14:13:25.211+0000][gc,cpu        ] GC(181) User=0.12s Sys=0.00s Real=0.01s
[2023-08-11T14:13:32.743+0000][gc,start      ] GC(182) Pause Young (Mixed) (G1 Evacuation Pause)
[2023-08-11T14:13:32.743+0000][gc,task       ] GC(182) Using 8 workers of 8 for evacuation
[2023-08-11T14:13:32.760+0000][gc,phases     ] GC(182)   Pre Evacuate Collection Set: 0.1ms
[2023-08-11T14:13:32.760+0000][gc,phases     ] GC(182)   Evacuate Collection Set: 15.9ms
[2023-08-11T14:13:32.760+0000][gc,phases     ] GC(182)   Post Evacuate Collection Set: 0.6ms
[2023-08-11T14:13:32.760+0000][gc,phases     ] GC(182)   Other: 0.4ms
[2023-08-11T14:13:32.760+0000][gc,heap       ] GC(182) Eden regions: 23->0(565)
[2023-08-11T14:13:32.760+0000][gc,heap       ] GC(182) Survivor regions: 28->4(7)
[2023-08-11T14:13:32.760+0000][gc,heap       ] GC(182) Old regions: 167->167
[2023-08-11T14:13:32.760+0000][gc,heap       ] GC(182) Humongous regions: 149->149
[2023-08-11T14:13:32.760+0000][gc,metaspace  ] GC(182) Metaspace: 117873K(123620K)->117873K(123620K) NonClass: 104150K(107468K)->104150K(107468K) Class: 13723K(16152K)->13723K(16152K)
[2023-08-11T14:13:32.760+0000][gc            ] GC(182) Pause Young (Mixed) (G1 Evacuation Pause) 366M->319M(1024M) 16.984ms
[2023-08-11T14:13:32.760+0000][gc,cpu        ] GC(182) User=0.13s Sys=0.00s Real=0.02s
[2023-08-11T14:15:54.476+0000][gc,start      ] GC(183) Pause Young (Normal) (G1 Evacuation Pause)
[2023-08-11T14:15:54.476+0000][gc,task       ] GC(183) Using 8 workers of 8 for evacuation
[2023-08-11T14:15:54.486+0000][gc,phases     ] GC(183)   Pre Evacuate Collection Set: 0.0ms
[2023-08-11T14:15:54.486+0000][gc,phases     ] GC(183)   Evacuate Collection Set: 8.4ms
[2023-08-11T14:15:54.486+0000][gc,phases     ] GC(183)   Post Evacuate Collection Set: 0.7ms
[2023-08-11T14:15:54.486+0000][gc,phases     ] GC(183)   Other: 0.3ms
[2023-08-11T14:15:54.486+0000][gc,heap       ] GC(183) Eden regions: 565->0(560)
[2023-08-11T14:15:54.486+0000][gc,heap       ] GC(183) Survivor regions: 4->11(72)
[2023-08-11T14:15:54.486+0000][gc,heap       ] GC(183) Old regions: 167->167
[2023-08-11T14:15:54.486+0000][gc,heap       ] GC(183) Humongous regions: 149->149
[2023-08-11T14:15:54.486+0000][gc,metaspace  ] GC(183) Metaspace: 117909K(123620K)->117909K(123620K) NonClass: 104185K(107468K)->104185K(107468K) Class: 13723K(16152K)->13723K(16152K)
[2023-08-11T14:15:54.486+0000][gc            ] GC(183) Pause Young (Normal) (G1 Evacuation Pause) 884M->326M(1024M) 9.549ms
[2023-08-11T14:15:54.486+0000][gc,cpu        ] GC(183) User=0.07s Sys=0.00s Real=0.01s
[2023-08-11T14:18:24.478+0000][gc,start      ] GC(184) Pause Young (Normal) (G1 Evacuation Pause)
[2023-08-11T14:18:24.478+0000][gc,task       ] GC(184) Using 8 workers of 8 for evacuation
[2023-08-11T14:18:24.497+0000][gc,phases     ] GC(184)   Pre Evacuate Collection Set: 0.0ms
[2023-08-11T14:18:24.497+0000][gc,phases     ] GC(184)   Evacuate Collection Set: 18.1ms
[2023-08-11T14:18:24.497+0000][gc,phases     ] GC(184)   Post Evacuate Collection Set: 0.7ms
[2023-08-11T14:18:24.497+0000][gc,phases     ] GC(184)   Other: 0.4ms
[2023-08-11T14:18:24.497+0000][gc,heap       ] GC(184) Eden regions: 560->0(555)
[2023-08-11T14:18:24.497+0000][gc,heap       ] GC(184) Survivor regions: 11->17(72)
[2023-08-11T14:18:24.497+0000][gc,heap       ] GC(184) Old regions: 167->167
[2023-08-11T14:18:24.497+0000][gc,heap       ] GC(184) Humongous regions: 149->149
[2023-08-11T14:18:24.497+0000][gc,metaspace  ] GC(184) Metaspace: 117929K(123620K)->117929K(123620K) NonClass: 104205K(107468K)->104205K(107468K) Class: 13723K(16152K)->13723K(16152K)
[2023-08-11T14:18:24.497+0000][gc            ] GC(184) Pause Young (Normal) (G1 Evacuation Pause) 886M->332M(1024M) 19.397ms
[2023-08-11T14:18:24.497+0000][gc,cpu        ] GC(184) User=0.13s Sys=0.00s Real=0.02s
[2023-08-11T14:20:39.487+0000][gc,start      ] GC(185) Pause Young (Concurrent Start) (G1 Evacuation Pause)
[2023-08-11T14:20:39.487+0000][gc,task       ] GC(185) Using 8 workers of 8 for evacuation
[2023-08-11T14:20:39.502+0000][gc,phases     ] GC(185)   Pre Evacuate Collection Set: 0.5ms
[2023-08-11T14:20:39.502+0000][gc,phases     ] GC(185)   Evacuate Collection Set: 13.8ms
[2023-08-11T14:20:39.502+0000][gc,phases     ] GC(185)   Post Evacuate Collection Set: 0.7ms
[2023-08-11T14:20:39.502+0000][gc,phases     ] GC(185)   Other: 0.5ms
[2023-08-11T14:20:39.502+0000][gc,heap       ] GC(185) Eden regions: 555->0(552)
[2023-08-11T14:20:39.502+0000][gc,heap       ] GC(185) Survivor regions: 17->22(72)
[2023-08-11T14:20:39.502+0000][gc,heap       ] GC(185) Old regions: 167->167
[2023-08-11T14:20:39.502+0000][gc,heap       ] GC(185) Humongous regions: 149->149
[2023-08-11T14:20:39.502+0000][gc,metaspace  ] GC(185) Metaspace: 117933K(123620K)->117933K(123620K) NonClass: 104210K(107468K)->104210K(107468K) Class: 13723K(16152K)->13723K(16152K)
[2023-08-11T14:20:39.502+0000][gc            ] GC(185) Pause Young (Concurrent Start) (G1 Evacuation Pause) 887M->337M(1024M) 15.589ms
[2023-08-11T14:20:39.502+0000][gc,cpu        ] GC(185) User=0.11s Sys=0.00s Real=0.02s
[2023-08-11T14:20:39.502+0000][gc            ] GC(186) Concurrent Cycle
[2023-08-11T14:20:39.502+0000][gc,marking    ] GC(186) Concurrent Clear Claimed Marks
[2023-08-11T14:20:39.503+0000][gc,marking    ] GC(186) Concurrent Clear Claimed Marks 0.429ms
[2023-08-11T14:20:39.503+0000][gc,marking    ] GC(186) Concurrent Scan Root Regions
[2023-08-11T14:20:39.512+0000][gc,marking    ] GC(186) Concurrent Scan Root Regions 9.246ms
[2023-08-11T14:20:39.512+0000][gc,marking    ] GC(186) Concurrent Mark (13130.813s)
[2023-08-11T14:20:39.512+0000][gc,marking    ] GC(186) Concurrent Mark From Roots
[2023-08-11T14:20:39.512+0000][gc,task       ] GC(186) Using 2 workers of 2 for marking
[2023-08-11T14:20:39.584+0000][gc,marking    ] GC(186) Concurrent Mark From Roots 72.086ms
[2023-08-11T14:20:39.584+0000][gc,marking    ] GC(186) Concurrent Preclean
[2023-08-11T14:20:39.585+0000][gc,marking    ] GC(186) Concurrent Preclean 0.478ms
[2023-08-11T14:20:39.585+0000][gc,marking    ] GC(186) Concurrent Mark (13130.813s, 13130.886s) 72.644ms
[2023-08-11T14:20:39.585+0000][gc,start      ] GC(186) Pause Remark
[2023-08-11T14:20:39.594+0000][gc,stringtable] GC(186) Cleaned string and symbol table, strings: 43618 processed, 0 removed, symbols: 278313 processed, 0 removed
[2023-08-11T14:20:39.595+0000][gc            ] GC(186) Pause Remark 342M->342M(1024M) 9.752ms
[2023-08-11T14:20:39.595+0000][gc,cpu        ] GC(186) User=0.07s Sys=0.00s Real=0.01s
[2023-08-11T14:20:39.595+0000][gc,marking    ] GC(186) Concurrent Rebuild Remembered Sets
[2023-08-11T14:20:39.649+0000][gc,marking    ] GC(186) Concurrent Rebuild Remembered Sets 53.740ms
[2023-08-11T14:20:39.649+0000][gc,start      ] GC(186) Pause Cleanup
[2023-08-11T14:20:39.649+0000][gc            ] GC(186) Pause Cleanup 342M->342M(1024M) 0.265ms
[2023-08-11T14:20:39.649+0000][gc,cpu        ] GC(186) User=0.00s Sys=0.00s Real=0.00s
[2023-08-11T14:20:39.649+0000][gc,marking    ] GC(186) Concurrent Cleanup for Next Mark
[2023-08-11T14:20:39.651+0000][gc,marking    ] GC(186) Concurrent Cleanup for Next Mark 1.354ms
[2023-08-11T14:20:39.651+0000][gc            ] GC(186) Concurrent Cycle 148.313ms
[2023-08-11T14:20:54.388+0000][gc,start      ] GC(187) Pause Young (Prepare Mixed) (G1 Evacuation Pause)
[2023-08-11T14:20:54.388+0000][gc,task       ] GC(187) Using 8 workers of 8 for evacuation
[2023-08-11T14:20:54.403+0000][gc,phases     ] GC(187)   Pre Evacuate Collection Set: 0.1ms
[2023-08-11T14:20:54.403+0000][gc,phases     ] GC(187)   Evacuate Collection Set: 13.3ms
[2023-08-11T14:20:54.403+0000][gc,phases     ] GC(187)   Post Evacuate Collection Set: 0.6ms
[2023-08-11T14:20:54.403+0000][gc,phases     ] GC(187)   Other: 0.4ms
[2023-08-11T14:20:54.403+0000][gc,heap       ] GC(187) Eden regions: 42->0(47)
[2023-08-11T14:20:54.403+0000][gc,heap       ] GC(187) Survivor regions: 22->4(8)
[2023-08-11T14:20:54.403+0000][gc,heap       ] GC(187) Old regions: 167->187
[2023-08-11T14:20:54.403+0000][gc,heap       ] GC(187) Humongous regions: 149->149
[2023-08-11T14:20:54.403+0000][gc,metaspace  ] GC(187) Metaspace: 117933K(123620K)->117933K(123620K) NonClass: 104210K(107468K)->104210K(107468K) Class: 13723K(16152K)->13723K(16152K)
[2023-08-11T14:20:54.403+0000][gc            ] GC(187) Pause Young (Prepare Mixed) (G1 Evacuation Pause) 379M->339M(1024M) 14.448ms
[2023-08-11T14:20:54.403+0000][gc,cpu        ] GC(187) User=0.11s Sys=0.00s Real=0.02s
[2023-08-11T14:21:03.537+0000][gc,start      ] GC(188) Pause Young (Mixed) (G1 Evacuation Pause)
[2023-08-11T14:21:03.537+0000][gc,task       ] GC(188) Using 8 workers of 8 for evacuation
[2023-08-11T14:21:03.544+0000][gc,phases     ] GC(188)   Pre Evacuate Collection Set: 0.1ms
[2023-08-11T14:21:03.544+0000][gc,phases     ] GC(188)   Evacuate Collection Set: 5.9ms
[2023-08-11T14:21:03.544+0000][gc,phases     ] GC(188)   Post Evacuate Collection Set: 0.6ms
[2023-08-11T14:21:03.544+0000][gc,phases     ] GC(188)   Other: 0.5ms
[2023-08-11T14:21:03.544+0000][gc,heap       ] GC(188) Eden regions: 47->0(284)
[2023-08-11T14:21:03.544+0000][gc,heap       ] GC(188) Survivor regions: 4->3(7)
[2023-08-11T14:21:03.544+0000][gc,heap       ] GC(188) Old regions: 187->163
[2023-08-11T14:21:03.544+0000][gc,heap       ] GC(188) Humongous regions: 149->149
[2023-08-11T14:21:03.544+0000][gc,metaspace  ] GC(188) Metaspace: 117933K(123620K)->117933K(123620K) NonClass: 104210K(107468K)->104210K(107468K) Class: 13723K(16152K)->13723K(16152K)
[2023-08-11T14:21:03.544+0000][gc            ] GC(188) Pause Young (Mixed) (G1 Evacuation Pause) 386M->315M(1024M) 7.110ms
[2023-08-11T14:21:03.544+0000][gc,cpu        ] GC(188) User=0.05s Sys=0.00s Real=0.01s
[2023-08-11T14:22:09.442+0000][gc,start      ] GC(189) Pause Young (Normal) (G1 Evacuation Pause)
[2023-08-11T14:22:09.442+0000][gc,task       ] GC(189) Using 8 workers of 8 for evacuation
[2023-08-11T14:22:09.448+0000][gc,phases     ] GC(189)   Pre Evacuate Collection Set: 0.0ms
[2023-08-11T14:22:09.448+0000][gc,phases     ] GC(189)   Evacuate Collection Set: 5.5ms
[2023-08-11T14:22:09.448+0000][gc,phases     ] GC(189)   Post Evacuate Collection Set: 0.5ms
[2023-08-11T14:22:09.448+0000][gc,phases     ] GC(189)   Other: 0.3ms
[2023-08-11T14:22:09.448+0000][gc,heap       ] GC(189) Eden regions: 284->0(306)
[2023-08-11T14:22:09.448+0000][gc,heap       ] GC(189) Survivor regions: 3->7(36)
[2023-08-11T14:22:09.448+0000][gc,heap       ] GC(189) Old regions: 163->163
[2023-08-11T14:22:09.448+0000][gc,heap       ] GC(189) Humongous regions: 149->149
[2023-08-11T14:22:09.448+0000][gc,metaspace  ] GC(189) Metaspace: 117933K(123620K)->117933K(123620K) NonClass: 104210K(107468K)->104210K(107468K) Class: 13723K(16152K)->13723K(16152K)
[2023-08-11T14:22:09.448+0000][gc            ] GC(189) Pause Young (Normal) (G1 Evacuation Pause) 599M->318M(1024M) 6.539ms
[2023-08-11T14:22:09.448+0000][gc,cpu        ] GC(189) User=0.04s Sys=0.00s Real=0.00s
[2023-08-11T14:23:28.240+0000][gc,start      ] GC(190) Pause Young (Normal) (G1 Evacuation Pause)
[2023-08-11T14:23:28.240+0000][gc,task       ] GC(190) Using 8 workers of 8 for evacuation
[2023-08-11T14:23:28.248+0000][gc,phases     ] GC(190)   Pre Evacuate Collection Set: 0.1ms
[2023-08-11T14:23:28.248+0000][gc,phases     ] GC(190)   Evacuate Collection Set: 7.3ms
[2023-08-11T14:23:28.248+0000][gc,phases     ] GC(190)   Post Evacuate Collection Set: 0.6ms
[2023-08-11T14:23:28.248+0000][gc,phases     ] GC(190)   Other: 0.4ms
[2023-08-11T14:23:28.248+0000][gc,heap       ] GC(190) Eden regions: 306->0(318)
[2023-08-11T14:23:28.248+0000][gc,heap       ] GC(190) Survivor regions: 7->11(40)
[2023-08-11T14:23:28.248+0000][gc,heap       ] GC(190) Old regions: 163->163
[2023-08-11T14:23:28.248+0000][gc,heap       ] GC(190) Humongous regions: 149->149
[2023-08-11T14:23:28.248+0000][gc,metaspace  ] GC(190) Metaspace: 117936K(123620K)->117936K(123620K) NonClass: 104212K(107468K)->104212K(107468K) Class: 13723K(16152K)->13723K(16152K)
[2023-08-11T14:23:28.248+0000][gc            ] GC(190) Pause Young (Normal) (G1 Evacuation Pause) 624M->322M(1024M) 8.435ms
[2023-08-11T14:23:28.248+0000][gc,cpu        ] GC(190) User=0.05s Sys=0.00s Real=0.00s
[2023-08-11T14:24:43.671+0000][gc,start      ] GC(191) Pause Young (Normal) (G1 Evacuation Pause)
[2023-08-11T14:24:43.671+0000][gc,task       ] GC(191) Using 8 workers of 8 for evacuation
[2023-08-11T14:24:43.680+0000][gc,phases     ] GC(191)   Pre Evacuate Collection Set: 0.0ms
[2023-08-11T14:24:43.680+0000][gc,phases     ] GC(191)   Evacuate Collection Set: 8.5ms
[2023-08-11T14:24:43.680+0000][gc,phases     ] GC(191)   Post Evacuate Collection Set: 0.6ms
[2023-08-11T14:24:43.680+0000][gc,phases     ] GC(191)   Other: 0.4ms
[2023-08-11T14:24:43.680+0000][gc,heap       ] GC(191) Eden regions: 318->0(334)
[2023-08-11T14:24:43.680+0000][gc,heap       ] GC(191) Survivor regions: 11->14(42)
[2023-08-11T14:24:43.680+0000][gc,heap       ] GC(191) Old regions: 163->163
[2023-08-11T14:24:43.680+0000][gc,heap       ] GC(191) Humongous regions: 149->149
[2023-08-11T14:24:43.680+0000][gc,metaspace  ] GC(191) Metaspace: 117936K(123620K)->117936K(123620K) NonClass: 104212K(107468K)->104212K(107468K) Class: 13723K(16152K)->13723K(16152K)
[2023-08-11T14:24:43.680+0000][gc            ] GC(191) Pause Young (Normal) (G1 Evacuation Pause) 640M->326M(1024M) 9.593ms
[2023-08-11T14:24:43.680+0000][gc,cpu        ] GC(191) User=0.07s Sys=0.00s Real=0.02s
[2023-08-11T14:26:14.342+0000][gc,start      ] GC(192) Pause Young (Normal) (G1 Evacuation Pause)
[2023-08-11T14:26:14.342+0000][gc,task       ] GC(192) Using 8 workers of 8 for evacuation
[2023-08-11T14:26:14.354+0000][gc,phases     ] GC(192)   Pre Evacuate Collection Set: 0.0ms
[2023-08-11T14:26:14.354+0000][gc,phases     ] GC(192)   Evacuate Collection Set: 10.2ms
[2023-08-11T14:26:14.354+0000][gc,phases     ] GC(192)   Post Evacuate Collection Set: 0.7ms
[2023-08-11T14:26:14.354+0000][gc,phases     ] GC(192)   Other: 0.4ms
[2023-08-11T14:26:14.354+0000][gc,heap       ] GC(192) Eden regions: 334->0(346)
[2023-08-11T14:26:14.354+0000][gc,heap       ] GC(192) Survivor regions: 14->17(44)
[2023-08-11T14:26:14.354+0000][gc,heap       ] GC(192) Old regions: 163->163
[2023-08-11T14:26:14.354+0000][gc,heap       ] GC(192) Humongous regions: 149->149
[2023-08-11T14:26:14.354+0000][gc,metaspace  ] GC(192) Metaspace: 117936K(123620K)->117936K(123620K) NonClass: 104213K(107468K)->104213K(107468K) Class: 13723K(16152K)->13723K(16152K)
[2023-08-11T14:26:14.354+0000][gc            ] GC(192) Pause Young (Normal) (G1 Evacuation Pause) 660M->329M(1024M) 11.489ms
[2023-08-11T14:26:14.354+0000][gc,cpu        ] GC(192) User=0.08s Sys=0.00s Real=0.01s
[2023-08-11T14:27:32.956+0000][gc,start      ] GC(193) Pause Young (Normal) (G1 Evacuation Pause)
[2023-08-11T14:27:32.956+0000][gc,task       ] GC(193) Using 8 workers of 8 for evacuation
[2023-08-11T14:27:32.969+0000][gc,phases     ] GC(193)   Pre Evacuate Collection Set: 0.0ms
[2023-08-11T14:27:32.969+0000][gc,phases     ] GC(193)   Evacuate Collection Set: 12.2ms
[2023-08-11T14:27:32.969+0000][gc,phases     ] GC(193)   Post Evacuate Collection Set: 0.6ms
[2023-08-11T14:27:32.969+0000][gc,phases     ] GC(193)   Other: 0.3ms
[2023-08-11T14:27:32.969+0000][gc,heap       ] GC(193) Eden regions: 346->0(349)
[2023-08-11T14:27:32.969+0000][gc,heap       ] GC(193) Survivor regions: 17->26(46)
[2023-08-11T14:27:32.969+0000][gc,heap       ] GC(193) Old regions: 163->163
[2023-08-11T14:27:32.969+0000][gc,heap       ] GC(193) Humongous regions: 149->149
[2023-08-11T14:27:32.969+0000][gc,metaspace  ] GC(193) Metaspace: 117938K(123620K)->117938K(123620K) NonClass: 104214K(107468K)->104214K(107468K) Class: 13723K(16152K)->13723K(16152K)
[2023-08-11T14:27:32.969+0000][gc            ] GC(193) Pause Young (Normal) (G1 Evacuation Pause) 675M->338M(1024M) 13.292ms
[2023-08-11T14:27:32.969+0000][gc,cpu        ] GC(193) User=0.10s Sys=0.00s Real=0.01s
[2023-08-11T14:29:03.909+0000][gc,start      ] GC(194) Pause Young (Normal) (G1 Evacuation Pause)
[2023-08-11T14:29:03.909+0000][gc,task       ] GC(194) Using 8 workers of 8 for evacuation
[2023-08-11T14:29:03.924+0000][gc,phases     ] GC(194)   Pre Evacuate Collection Set: 0.0ms
[2023-08-11T14:29:03.924+0000][gc,phases     ] GC(194)   Evacuate Collection Set: 13.9ms
[2023-08-11T14:29:03.924+0000][gc,phases     ] GC(194)   Post Evacuate Collection Set: 0.7ms
[2023-08-11T14:29:03.924+0000][gc,phases     ] GC(194)   Other: 0.4ms
[2023-08-11T14:29:03.924+0000][gc,heap       ] GC(194) Eden regions: 349->0(356)
[2023-08-11T14:29:03.924+0000][gc,heap       ] GC(194) Survivor regions: 26->22(47)
[2023-08-11T14:29:03.924+0000][gc,heap       ] GC(194) Old regions: 163->167
[2023-08-11T14:29:03.924+0000][gc,heap       ] GC(194) Humongous regions: 149->149
[2023-08-11T14:29:03.924+0000][gc,metaspace  ] GC(194) Metaspace: 117938K(123620K)->117938K(123620K) NonClass: 104214K(107468K)->104214K(107468K) Class: 13723K(16152K)->13723K(16152K)
[2023-08-11T14:29:03.925+0000][gc            ] GC(194) Pause Young (Normal) (G1 Evacuation Pause) 687M->337M(1024M) 15.127ms
[2023-08-11T14:29:03.925+0000][gc,cpu        ] GC(194) User=0.11s Sys=0.00s Real=0.02s
[2023-08-11T14:30:32.910+0000][gc,start      ] GC(195) Pause Young (Normal) (G1 Evacuation Pause)
[2023-08-11T14:30:32.910+0000][gc,task       ] GC(195) Using 8 workers of 8 for evacuation
[2023-08-11T14:30:32.924+0000][gc,phases     ] GC(195)   Pre Evacuate Collection Set: 0.0ms
[2023-08-11T14:30:32.924+0000][gc,phases     ] GC(195)   Evacuate Collection Set: 13.9ms
[2023-08-11T14:30:32.924+0000][gc,phases     ] GC(195)   Post Evacuate Collection Set: 0.6ms
[2023-08-11T14:30:32.924+0000][gc,phases     ] GC(195)   Other: 0.3ms
[2023-08-11T14:30:32.924+0000][gc,heap       ] GC(195) Eden regions: 356->0(357)
[2023-08-11T14:30:32.924+0000][gc,heap       ] GC(195) Survivor regions: 22->32(48)
[2023-08-11T14:30:32.924+0000][gc,heap       ] GC(195) Old regions: 167->167
[2023-08-11T14:30:32.924+0000][gc,heap       ] GC(195) Humongous regions: 149->149
[2023-08-11T14:30:32.924+0000][gc,metaspace  ] GC(195) Metaspace: 117938K(123620K)->117938K(123620K) NonClass: 104214K(107468K)->104214K(107468K) Class: 13723K(16152K)->13723K(16152K)
[2023-08-11T14:30:32.924+0000][gc            ] GC(195) Pause Young (Normal) (G1 Evacuation Pause) 693M->347M(1024M) 14.929ms
[2023-08-11T14:30:32.925+0000][gc,cpu        ] GC(195) User=0.11s Sys=0.00s Real=0.02s
[2023-08-11T14:31:55.205+0000][gc,start      ] GC(196) Pause Young (Normal) (G1 Evacuation Pause)
[2023-08-11T14:31:55.205+0000][gc,task       ] GC(196) Using 8 workers of 8 for evacuation
[2023-08-11T14:31:55.221+0000][gc,phases     ] GC(196)   Pre Evacuate Collection Set: 0.0ms
[2023-08-11T14:31:55.221+0000][gc,phases     ] GC(196)   Evacuate Collection Set: 14.8ms
[2023-08-11T14:31:55.221+0000][gc,phases     ] GC(196)   Post Evacuate Collection Set: 0.7ms
[2023-08-11T14:31:55.221+0000][gc,phases     ] GC(196)   Other: 0.4ms
[2023-08-11T14:31:55.221+0000][gc,heap       ] GC(196) Eden regions: 344->0(381)
[2023-08-11T14:31:55.221+0000][gc,heap       ] GC(196) Survivor regions: 32->22(47)
[2023-08-11T14:31:55.221+0000][gc,heap       ] GC(196) Old regions: 167->174
[2023-08-11T14:31:55.221+0000][gc,heap       ] GC(196) Humongous regions: 149->149
[2023-08-11T14:31:55.221+0000][gc,metaspace  ] GC(196) Metaspace: 117938K(123620K)->117938K(123620K) NonClass: 104214K(107468K)->104214K(107468K) Class: 13723K(16152K)->13723K(16152K)
[2023-08-11T14:31:55.221+0000][gc            ] GC(196) Pause Young (Normal) (G1 Evacuation Pause) 691M->344M(1024M) 15.950ms
[2023-08-11T14:31:55.221+0000][gc,cpu        ] GC(196) User=0.12s Sys=0.00s Real=0.02s
[2023-08-11T14:33:32.914+0000][gc,start      ] GC(197) Pause Young (Normal) (G1 Evacuation Pause)
[2023-08-11T14:33:32.914+0000][gc,task       ] GC(197) Using 8 workers of 8 for evacuation
[2023-08-11T14:33:32.930+0000][gc,phases     ] GC(197)   Pre Evacuate Collection Set: 0.0ms
[2023-08-11T14:33:32.930+0000][gc,phases     ] GC(197)   Evacuate Collection Set: 14.9ms
[2023-08-11T14:33:32.930+0000][gc,phases     ] GC(197)   Post Evacuate Collection Set: 0.7ms
[2023-08-11T14:33:32.930+0000][gc,phases     ] GC(197)   Other: 0.3ms
[2023-08-11T14:33:32.930+0000][gc,heap       ] GC(197) Eden regions: 381->0(364)
[2023-08-11T14:33:32.930+0000][gc,heap       ] GC(197) Survivor regions: 22->33(51)
[2023-08-11T14:33:32.930+0000][gc,heap       ] GC(197) Old regions: 174->174
[2023-08-11T14:33:32.930+0000][gc,heap       ] GC(197) Humongous regions: 149->149
[2023-08-11T14:33:32.930+0000][gc,metaspace  ] GC(197) Metaspace: 117943K(123620K)->117943K(123620K) NonClass: 104220K(107468K)->104220K(107468K) Class: 13723K(16152K)->13723K(16152K)
[2023-08-11T14:33:32.930+0000][gc            ] GC(197) Pause Young (Normal) (G1 Evacuation Pause) 725M->355M(1024M) 16.018ms
[2023-08-11T14:33:32.930+0000][gc,cpu        ] GC(197) User=0.12s Sys=0.00s Real=0.01s
[2023-08-11T14:35:02.734+0000][gc,start      ] GC(198) Pause Young (Normal) (G1 Evacuation Pause)
[2023-08-11T14:35:02.734+0000][gc,task       ] GC(198) Using 8 workers of 8 for evacuation
[2023-08-11T14:35:02.750+0000][gc,phases     ] GC(198)   Pre Evacuate Collection Set: 0.0ms
[2023-08-11T14:35:02.750+0000][gc,phases     ] GC(198)   Evacuate Collection Set: 15.4ms
[2023-08-11T14:35:02.750+0000][gc,phases     ] GC(198)   Post Evacuate Collection Set: 0.7ms
[2023-08-11T14:35:02.750+0000][gc,phases     ] GC(198)   Other: 0.3ms
[2023-08-11T14:35:02.750+0000][gc,heap       ] GC(198) Eden regions: 342->0(403)
[2023-08-11T14:35:02.750+0000][gc,heap       ] GC(198) Survivor regions: 33->23(47)
[2023-08-11T14:35:02.750+0000][gc,heap       ] GC(198) Old regions: 174->182
[2023-08-11T14:35:02.750+0000][gc,heap       ] GC(198) Humongous regions: 149->149
[2023-08-11T14:35:02.750+0000][gc,metaspace  ] GC(198) Metaspace: 117943K(123620K)->117943K(123620K) NonClass: 104220K(107468K)->104220K(107468K) Class: 13723K(16152K)->13723K(16152K)
[2023-08-11T14:35:02.751+0000][gc            ] GC(198) Pause Young (Normal) (G1 Evacuation Pause) 697M->352M(1024M) 16.548ms
[2023-08-11T14:35:02.751+0000][gc,cpu        ] GC(198) User=0.12s Sys=0.00s Real=0.01s
[2023-08-11T14:36:36.989+0000][gc,start      ] GC(199) Pause Young (Normal) (G1 Evacuation Pause)
[2023-08-11T14:36:36.989+0000][gc,task       ] GC(199) Using 8 workers of 8 for evacuation
[2023-08-11T14:36:37.005+0000][gc,phases     ] GC(199)   Pre Evacuate Collection Set: 0.0ms
[2023-08-11T14:36:37.005+0000][gc,phases     ] GC(199)   Evacuate Collection Set: 15.3ms
[2023-08-11T14:36:37.005+0000][gc,phases     ] GC(199)   Post Evacuate Collection Set: 0.7ms
[2023-08-11T14:36:37.005+0000][gc,phases     ] GC(199)   Other: 0.3ms
[2023-08-11T14:36:37.005+0000][gc,heap       ] GC(199) Eden regions: 403->0(390)
[2023-08-11T14:36:37.005+0000][gc,heap       ] GC(199) Survivor regions: 23->28(54)
[2023-08-11T14:36:37.005+0000][gc,heap       ] GC(199) Old regions: 182->182
[2023-08-11T14:36:37.005+0000][gc,heap       ] GC(199) Humongous regions: 149->149
[2023-08-11T14:36:37.005+0000][gc,metaspace  ] GC(199) Metaspace: 117943K(123620K)->117943K(123620K) NonClass: 104220K(107468K)->104220K(107468K) Class: 13723K(16152K)->13723K(16152K)
[2023-08-11T14:36:37.005+0000][gc            ] GC(199) Pause Young (Normal) (G1 Evacuation Pause) 755M->357M(1024M) 16.425ms
[2023-08-11T14:36:37.005+0000][gc,cpu        ] GC(199) User=0.12s Sys=0.00s Real=0.02s
[2023-08-11T14:38:09.473+0000][gc,start      ] GC(200) Pause Young (Normal) (GCLocker Initiated GC)
[2023-08-11T14:38:09.473+0000][gc,task       ] GC(200) Using 8 workers of 8 for evacuation
[2023-08-11T14:38:09.490+0000][gc,phases     ] GC(200)   Pre Evacuate Collection Set: 0.0ms
[2023-08-11T14:38:09.490+0000][gc,phases     ] GC(200)   Evacuate Collection Set: 16.1ms
[2023-08-11T14:38:09.490+0000][gc,phases     ] GC(200)   Post Evacuate Collection Set: 0.7ms
[2023-08-11T14:38:09.490+0000][gc,phases     ] GC(200)   Other: 0.3ms
[2023-08-11T14:38:09.490+0000][gc,heap       ] GC(200) Eden regions: 346->0(390)
[2023-08-11T14:38:09.490+0000][gc,heap       ] GC(200) Survivor regions: 28->29(47)
[2023-08-11T14:38:09.490+0000][gc,heap       ] GC(200) Old regions: 182->185
[2023-08-11T14:38:09.490+0000][gc,heap       ] GC(200) Humongous regions: 149->149
[2023-08-11T14:38:09.490+0000][gc,metaspace  ] GC(200) Metaspace: 117945K(123620K)->117945K(123620K) NonClass: 104222K(107468K)->104222K(107468K) Class: 13723K(16152K)->13723K(16152K)
[2023-08-11T14:38:09.490+0000][gc            ] GC(200) Pause Young (Normal) (GCLocker Initiated GC) 703M->362M(1024M) 17.196ms
[2023-08-11T14:38:09.490+0000][gc,cpu        ] GC(200) User=0.13s Sys=0.00s Real=0.01s
[2023-08-11T14:39:32.913+0000][gc,start      ] GC(201) Pause Young (Normal) (G1 Evacuation Pause)
[2023-08-11T14:39:32.914+0000][gc,task       ] GC(201) Using 8 workers of 8 for evacuation
[2023-08-11T14:39:32.933+0000][gc,phases     ] GC(201)   Pre Evacuate Collection Set: 0.0ms
[2023-08-11T14:39:32.933+0000][gc,phases     ] GC(201)   Evacuate Collection Set: 18.2ms
[2023-08-11T14:39:32.933+0000][gc,phases     ] GC(201)   Post Evacuate Collection Set: 0.7ms
[2023-08-11T14:39:32.933+0000][gc,phases     ] GC(201)   Other: 0.4ms
[2023-08-11T14:39:32.933+0000][gc,heap       ] GC(201) Eden regions: 354->0(365)
[2023-08-11T14:39:32.933+0000][gc,heap       ] GC(201) Survivor regions: 29->33(48)
[2023-08-11T14:39:32.933+0000][gc,heap       ] GC(201) Old regions: 185->190
[2023-08-11T14:39:32.933+0000][gc,heap       ] GC(201) Humongous regions: 149->149
[2023-08-11T14:39:32.933+0000][gc,metaspace  ] GC(201) Metaspace: 117945K(123620K)->117945K(123620K) NonClass: 104222K(107468K)->104222K(107468K) Class: 13723K(16152K)->13723K(16152K)
[2023-08-11T14:39:32.933+0000][gc            ] GC(201) Pause Young (Normal) (G1 Evacuation Pause) 716M->371M(1024M) 19.463ms
[2023-08-11T14:39:32.933+0000][gc,cpu        ] GC(201) User=0.13s Sys=0.00s Real=0.02s
[2023-08-11T14:40:35.135+0000][gc,start      ] GC(202) Pause Young (Normal) (G1 Evacuation Pause)
[2023-08-11T14:40:35.135+0000][gc,task       ] GC(202) Using 8 workers of 8 for evacuation
[2023-08-11T14:40:35.151+0000][gc,phases     ] GC(202)   Pre Evacuate Collection Set: 0.0ms
[2023-08-11T14:40:35.151+0000][gc,phases     ] GC(202)   Evacuate Collection Set: 15.4ms
[2023-08-11T14:40:35.151+0000][gc,phases     ] GC(202)   Post Evacuate Collection Set: 0.7ms
[2023-08-11T14:40:35.152+0000][gc,phases     ] GC(202)   Other: 0.4ms
[2023-08-11T14:40:35.152+0000][gc,heap       ] GC(202) Eden regions: 239->0(497)
[2023-08-11T14:40:35.152+0000][gc,heap       ] GC(202) Survivor regions: 33->15(34)
[2023-08-11T14:40:35.152+0000][gc,heap       ] GC(202) Old regions: 190->206
[2023-08-11T14:40:35.152+0000][gc,heap       ] GC(202) Humongous regions: 149->149
[2023-08-11T14:40:35.152+0000][gc,metaspace  ] GC(202) Metaspace: 117946K(123620K)->117946K(123620K) NonClass: 104223K(107468K)->104223K(107468K) Class: 13723K(16152K)->13723K(16152K)
[2023-08-11T14:40:35.152+0000][gc            ] GC(202) Pause Young (Normal) (G1 Evacuation Pause) 610M->369M(1024M) 16.640ms
[2023-08-11T14:40:35.152+0000][gc,cpu        ] GC(202) User=0.12s Sys=0.00s Real=0.02s
[2023-08-11T14:42:24.999+0000][gc,start      ] GC(203) Pause Young (Normal) (G1 Evacuation Pause)
[2023-08-11T14:42:24.999+0000][gc,task       ] GC(203) Using 8 workers of 8 for evacuation
[2023-08-11T14:42:25.018+0000][gc,phases     ] GC(203)   Pre Evacuate Collection Set: 0.0ms
[2023-08-11T14:42:25.018+0000][gc,phases     ] GC(203)   Evacuate Collection Set: 17.1ms
[2023-08-11T14:42:25.018+0000][gc,phases     ] GC(203)   Post Evacuate Collection Set: 0.7ms
[2023-08-11T14:42:25.018+0000][gc,phases     ] GC(203)   Other: 0.4ms
[2023-08-11T14:42:25.018+0000][gc,heap       ] GC(203) Eden regions: 437->0(280)
[2023-08-11T14:42:25.018+0000][gc,heap       ] GC(203) Survivor regions: 15->29(57)
[2023-08-11T14:42:25.018+0000][gc,heap       ] GC(203) Old regions: 206->206
[2023-08-11T14:42:25.018+0000][gc,heap       ] GC(203) Humongous regions: 149->149
[2023-08-11T14:42:25.018+0000][gc,metaspace  ] GC(203) Metaspace: 117948K(123620K)->117948K(123620K) NonClass: 104225K(107468K)->104225K(107468K) Class: 13723K(16152K)->13723K(16152K)
[2023-08-11T14:42:25.018+0000][gc            ] GC(203) Pause Young (Normal) (G1 Evacuation Pause) 806M->383M(1024M) 18.313ms
[2023-08-11T14:42:25.018+0000][gc,cpu        ] GC(203) User=0.13s Sys=0.00s Real=0.01s
[2023-08-11T14:42:39.467+0000][gc,start      ] GC(204) Pause Young (Concurrent Start) (G1 Evacuation Pause)
[2023-08-11T14:42:39.467+0000][gc,task       ] GC(204) Using 8 workers of 8 for evacuation
[2023-08-11T14:42:39.485+0000][gc,phases     ] GC(204)   Pre Evacuate Collection Set: 0.5ms
[2023-08-11T14:42:39.485+0000][gc,phases     ] GC(204)   Evacuate Collection Set: 16.3ms
[2023-08-11T14:42:39.485+0000][gc,phases     ] GC(204)   Post Evacuate Collection Set: 0.6ms
[2023-08-11T14:42:39.485+0000][gc,phases     ] GC(204)   Other: 0.4ms
[2023-08-11T14:42:39.485+0000][gc,heap       ] GC(204) Eden regions: 88->0(487)
[2023-08-11T14:42:39.485+0000][gc,heap       ] GC(204) Survivor regions: 29->5(15)
[2023-08-11T14:42:39.485+0000][gc,heap       ] GC(204) Old regions: 206->232
[2023-08-11T14:42:39.485+0000][gc,heap       ] GC(204) Humongous regions: 149->149
[2023-08-11T14:42:39.485+0000][gc,metaspace  ] GC(204) Metaspace: 118024K(123876K)->118024K(123876K) NonClass: 104278K(107724K)->104278K(107724K) Class: 13745K(16152K)->13745K(16152K)
[2023-08-11T14:42:39.485+0000][gc            ] GC(204) Pause Young (Concurrent Start) (G1 Evacuation Pause) 471M->385M(1024M) 17.844ms
[2023-08-11T14:42:39.485+0000][gc,cpu        ] GC(204) User=0.13s Sys=0.00s Real=0.02s
[2023-08-11T14:42:39.485+0000][gc            ] GC(205) Concurrent Cycle
[2023-08-11T14:42:39.485+0000][gc,marking    ] GC(205) Concurrent Clear Claimed Marks
[2023-08-11T14:42:39.486+0000][gc,marking    ] GC(205) Concurrent Clear Claimed Marks 0.354ms
[2023-08-11T14:42:39.486+0000][gc,marking    ] GC(205) Concurrent Scan Root Regions
[2023-08-11T14:42:39.487+0000][gc,marking    ] GC(205) Concurrent Scan Root Regions 1.711ms
[2023-08-11T14:42:39.487+0000][gc,marking    ] GC(205) Concurrent Mark (14450.789s)
[2023-08-11T14:42:39.487+0000][gc,marking    ] GC(205) Concurrent Mark From Roots
[2023-08-11T14:42:39.487+0000][gc,task       ] GC(205) Using 2 workers of 2 for marking
[2023-08-11T14:42:39.562+0000][gc,marking    ] GC(205) Concurrent Mark From Roots 75.027ms
[2023-08-11T14:42:39.562+0000][gc,marking    ] GC(205) Concurrent Preclean
[2023-08-11T14:42:39.563+0000][gc,marking    ] GC(205) Concurrent Preclean 0.467ms
[2023-08-11T14:42:39.563+0000][gc,marking    ] GC(205) Concurrent Mark (14450.789s, 14450.864s) 75.567ms
[2023-08-11T14:42:39.563+0000][gc,start      ] GC(205) Pause Remark
[2023-08-11T14:42:39.572+0000][gc,stringtable] GC(205) Cleaned string and symbol table, strings: 43629 processed, 0 removed, symbols: 278336 processed, 0 removed
[2023-08-11T14:42:39.572+0000][gc            ] GC(205) Pause Remark 395M->388M(1024M) 9.250ms
[2023-08-11T14:42:39.572+0000][gc,cpu        ] GC(205) User=0.07s Sys=0.00s Real=0.01s
[2023-08-11T14:42:39.572+0000][gc,marking    ] GC(205) Concurrent Rebuild Remembered Sets
[2023-08-11T14:42:39.613+0000][gc,marking    ] GC(205) Concurrent Rebuild Remembered Sets 40.986ms
[2023-08-11T14:42:39.614+0000][gc,start      ] GC(205) Pause Cleanup
[2023-08-11T14:42:39.614+0000][gc            ] GC(205) Pause Cleanup 388M->388M(1024M) 0.231ms
[2023-08-11T14:42:39.614+0000][gc,cpu        ] GC(205) User=0.00s Sys=0.00s Real=0.00s
[2023-08-11T14:42:39.614+0000][gc,marking    ] GC(205) Concurrent Cleanup for Next Mark
[2023-08-11T14:42:39.615+0000][gc,marking    ] GC(205) Concurrent Cleanup for Next Mark 1.415ms
[2023-08-11T14:42:39.615+0000][gc            ] GC(205) Concurrent Cycle 130.295ms
[2023-08-11T14:44:54.014+0000][gc,start      ] GC(206) Pause Young (Prepare Mixed) (G1 Evacuation Pause)
[2023-08-11T14:44:54.014+0000][gc,task       ] GC(206) Using 8 workers of 8 for evacuation
[2023-08-11T14:44:54.024+0000][gc,phases     ] GC(206)   Pre Evacuate Collection Set: 0.0ms
[2023-08-11T14:44:54.025+0000][gc,phases     ] GC(206)   Evacuate Collection Set: 9.2ms
[2023-08-11T14:44:54.025+0000][gc,phases     ] GC(206)   Post Evacuate Collection Set: 0.7ms
[2023-08-11T14:44:54.025+0000][gc,phases     ] GC(206)   Other: 0.4ms
[2023-08-11T14:44:54.025+0000][gc,heap       ] GC(206) Eden regions: 487->0(39)
[2023-08-11T14:44:54.025+0000][gc,heap       ] GC(206) Survivor regions: 5->12(62)
[2023-08-11T14:44:54.025+0000][gc,heap       ] GC(206) Old regions: 225->225
[2023-08-11T14:44:54.025+0000][gc,heap       ] GC(206) Humongous regions: 149->149
[2023-08-11T14:44:54.025+0000][gc,metaspace  ] GC(206) Metaspace: 118033K(123876K)->118033K(123876K) NonClass: 104285K(107724K)->104285K(107724K) Class: 13748K(16152K)->13748K(16152K)
[2023-08-11T14:44:54.025+0000][gc            ] GC(206) Pause Young (Prepare Mixed) (G1 Evacuation Pause) 865M->385M(1024M) 10.420ms
[2023-08-11T14:44:54.025+0000][gc,cpu        ] GC(206) User=0.08s Sys=0.00s Real=0.01s
[2023-08-11T14:44:54.923+0000][gc,start      ] GC(207) Pause Young (Mixed) (G1 Evacuation Pause)
[2023-08-11T14:44:54.923+0000][gc,task       ] GC(207) Using 8 workers of 8 for evacuation
[2023-08-11T14:44:54.932+0000][gc,phases     ] GC(207)   Pre Evacuate Collection Set: 0.1ms
[2023-08-11T14:44:54.932+0000][gc,phases     ] GC(207)   Evacuate Collection Set: 7.4ms
[2023-08-11T14:44:54.932+0000][gc,phases     ] GC(207)   Post Evacuate Collection Set: 0.5ms
[2023-08-11T14:44:54.932+0000][gc,phases     ] GC(207)   Other: 0.4ms
[2023-08-11T14:44:54.932+0000][gc,heap       ] GC(207) Eden regions: 39->0(542)
[2023-08-11T14:44:54.932+0000][gc,heap       ] GC(207) Survivor regions: 12->2(7)
[2023-08-11T14:44:54.932+0000][gc,heap       ] GC(207) Old regions: 225->153
[2023-08-11T14:44:54.932+0000][gc,heap       ] GC(207) Humongous regions: 149->149
[2023-08-11T14:44:54.932+0000][gc,metaspace  ] GC(207) Metaspace: 118033K(123876K)->118033K(123876K) NonClass: 104285K(107724K)->104285K(107724K) Class: 13748K(16152K)->13748K(16152K)
[2023-08-11T14:44:54.932+0000][gc            ] GC(207) Pause Young (Mixed) (G1 Evacuation Pause) 424M->303M(1024M) 8.486ms
[2023-08-11T14:44:54.932+0000][gc,cpu        ] GC(207) User=0.06s Sys=0.00s Real=0.01s
[2023-08-11T14:47:09.476+0000][gc,start      ] GC(208) Pause Young (Normal) (G1 Evacuation Pause)
[2023-08-11T14:47:09.476+0000][gc,task       ] GC(208) Using 8 workers of 8 for evacuation
[2023-08-11T14:47:09.487+0000][gc,phases     ] GC(208)   Pre Evacuate Collection Set: 0.0ms
[2023-08-11T14:47:09.487+0000][gc,phases     ] GC(208)   Evacuate Collection Set: 9.8ms
[2023-08-11T14:47:09.487+0000][gc,phases     ] GC(208)   Post Evacuate Collection Set: 0.8ms
[2023-08-11T14:47:09.487+0000][gc,phases     ] GC(208)   Other: 0.5ms
[2023-08-11T14:47:09.487+0000][gc,heap       ] GC(208) Eden regions: 542->0(522)
[2023-08-11T14:47:09.487+0000][gc,heap       ] GC(208) Survivor regions: 2->10(68)
[2023-08-11T14:47:09.487+0000][gc,heap       ] GC(208) Old regions: 153->153
[2023-08-11T14:47:09.487+0000][gc,heap       ] GC(208) Humongous regions: 149->149
[2023-08-11T14:47:09.487+0000][gc,metaspace  ] GC(208) Metaspace: 118038K(123876K)->118038K(123876K) NonClass: 104289K(107724K)->104289K(107724K) Class: 13748K(16152K)->13748K(16152K)
[2023-08-11T14:47:09.487+0000][gc            ] GC(208) Pause Young (Normal) (G1 Evacuation Pause) 845M->311M(1024M) 11.206ms
[2023-08-11T14:47:09.487+0000][gc,cpu        ] GC(208) User=0.07s Sys=0.00s Real=0.01s
[2023-08-11T14:49:19.281+0000][gc,start      ] GC(209) Pause Young (Normal) (G1 Evacuation Pause)
[2023-08-11T14:49:19.281+0000][gc,task       ] GC(209) Using 8 workers of 8 for evacuation
[2023-08-11T14:49:19.292+0000][gc,phases     ] GC(209)   Pre Evacuate Collection Set: 0.0ms
[2023-08-11T14:49:19.292+0000][gc,phases     ] GC(209)   Evacuate Collection Set: 10.3ms
[2023-08-11T14:49:19.292+0000][gc,phases     ] GC(209)   Post Evacuate Collection Set: 0.7ms
[2023-08-11T14:49:19.293+0000][gc,phases     ] GC(209)   Other: 0.4ms
[2023-08-11T14:49:19.293+0000][gc,heap       ] GC(209) Eden regions: 522->0(529)
[2023-08-11T14:49:19.293+0000][gc,heap       ] GC(209) Survivor regions: 10->15(67)
[2023-08-11T14:49:19.293+0000][gc,heap       ] GC(209) Old regions: 153->153
[2023-08-11T14:49:19.293+0000][gc,heap       ] GC(209) Humongous regions: 149->149
[2023-08-11T14:49:19.293+0000][gc,metaspace  ] GC(209) Metaspace: 118053K(123876K)->118053K(123876K) NonClass: 104304K(107724K)->104304K(107724K) Class: 13749K(16152K)->13749K(16152K)
[2023-08-11T14:49:19.293+0000][gc            ] GC(209) Pause Young (Normal) (G1 Evacuation Pause) 833M->316M(1024M) 11.495ms
[2023-08-11T14:49:19.293+0000][gc,cpu        ] GC(209) User=0.09s Sys=0.00s Real=0.01s
[2023-08-11T14:51:32.901+0000][gc,start      ] GC(210) Pause Young (Normal) (G1 Evacuation Pause)
[2023-08-11T14:51:32.901+0000][gc,task       ] GC(210) Using 8 workers of 8 for evacuation
[2023-08-11T14:51:32.918+0000][gc,phases     ] GC(210)   Pre Evacuate Collection Set: 0.0ms
[2023-08-11T14:51:32.918+0000][gc,phases     ] GC(210)   Evacuate Collection Set: 15.4ms
[2023-08-11T14:51:32.918+0000][gc,phases     ] GC(210)   Post Evacuate Collection Set: 0.8ms
[2023-08-11T14:51:32.918+0000][gc,phases     ] GC(210)   Other: 0.5ms
[2023-08-11T14:51:32.918+0000][gc,heap       ] GC(210) Eden regions: 529->0(490)
[2023-08-11T14:51:32.918+0000][gc,heap       ] GC(210) Survivor regions: 15->27(68)
[2023-08-11T14:51:32.918+0000][gc,heap       ] GC(210) Old regions: 153->153
[2023-08-11T14:51:32.918+0000][gc,heap       ] GC(210) Humongous regions: 149->149
[2023-08-11T14:51:32.918+0000][gc,metaspace  ] GC(210) Metaspace: 118056K(123876K)->118056K(123876K) NonClass: 104306K(107724K)->104306K(107724K) Class: 13749K(16152K)->13749K(16152K)
[2023-08-11T14:51:32.918+0000][gc            ] GC(210) Pause Young (Normal) (G1 Evacuation Pause) 845M->328M(1024M) 16.838ms
[2023-08-11T14:51:32.918+0000][gc,cpu        ] GC(210) User=0.11s Sys=0.00s Real=0.01s
[2023-08-11T14:53:39.471+0000][gc,start      ] GC(211) Pause Young (Concurrent Start) (G1 Evacuation Pause)
[2023-08-11T14:53:39.471+0000][gc,task       ] GC(211) Using 8 workers of 8 for evacuation
[2023-08-11T14:53:39.489+0000][gc,phases     ] GC(211)   Pre Evacuate Collection Set: 0.5ms
[2023-08-11T14:53:39.489+0000][gc,phases     ] GC(211)   Evacuate Collection Set: 15.8ms
[2023-08-11T14:53:39.489+0000][gc,phases     ] GC(211)   Post Evacuate Collection Set: 0.7ms
[2023-08-11T14:53:39.489+0000][gc,phases     ] GC(211)   Other: 0.4ms
[2023-08-11T14:53:39.489+0000][gc,heap       ] GC(211) Eden regions: 490->0(396)
[2023-08-11T14:53:39.489+0000][gc,heap       ] GC(211) Survivor regions: 27->28(65)
[2023-08-11T14:53:39.489+0000][gc,heap       ] GC(211) Old regions: 153->153
[2023-08-11T14:53:39.489+0000][gc,heap       ] GC(211) Humongous regions: 149->149
[2023-08-11T14:53:39.489+0000][gc,metaspace  ] GC(211) Metaspace: 118064K(123876K)->118064K(123876K) NonClass: 104314K(107724K)->104314K(107724K) Class: 13749K(16152K)->13749K(16152K)
[2023-08-11T14:53:39.489+0000][gc            ] GC(211) Pause Young (Concurrent Start) (G1 Evacuation Pause) 818M->329M(1024M) 17.386ms
[2023-08-11T14:53:39.489+0000][gc,cpu        ] GC(211) User=0.12s Sys=0.00s Real=0.01s
[2023-08-11T14:53:39.489+0000][gc            ] GC(212) Concurrent Cycle
[2023-08-11T14:53:39.489+0000][gc,marking    ] GC(212) Concurrent Clear Claimed Marks
[2023-08-11T14:53:39.489+0000][gc,marking    ] GC(212) Concurrent Clear Claimed Marks 0.176ms
[2023-08-11T14:53:39.489+0000][gc,marking    ] GC(212) Concurrent Scan Root Regions
[2023-08-11T14:53:39.506+0000][gc,marking    ] GC(212) Concurrent Scan Root Regions 16.514ms
[2023-08-11T14:53:39.506+0000][gc,marking    ] GC(212) Concurrent Mark (15110.807s)
[2023-08-11T14:53:39.506+0000][gc,marking    ] GC(212) Concurrent Mark From Roots
[2023-08-11T14:53:39.506+0000][gc,task       ] GC(212) Using 2 workers of 2 for marking
[2023-08-11T14:53:39.569+0000][gc,marking    ] GC(212) Concurrent Mark From Roots 62.989ms
[2023-08-11T14:53:39.569+0000][gc,marking    ] GC(212) Concurrent Preclean
[2023-08-11T14:53:39.569+0000][gc,marking    ] GC(212) Concurrent Preclean 0.527ms
[2023-08-11T14:53:39.569+0000][gc,marking    ] GC(212) Concurrent Mark (15110.807s, 15110.871s) 63.631ms
[2023-08-11T14:53:39.569+0000][gc,start      ] GC(212) Pause Remark
[2023-08-11T14:53:39.580+0000][gc,stringtable] GC(212) Cleaned string and symbol table, strings: 43672 processed, 1 removed, symbols: 278354 processed, 0 removed
[2023-08-11T14:53:39.580+0000][gc            ] GC(212) Pause Remark 338M->338M(1024M) 10.406ms
[2023-08-11T14:53:39.580+0000][gc,cpu        ] GC(212) User=0.08s Sys=0.00s Real=0.02s
[2023-08-11T14:53:39.580+0000][gc,marking    ] GC(212) Concurrent Rebuild Remembered Sets
[2023-08-11T14:53:39.621+0000][gc,marking    ] GC(212) Concurrent Rebuild Remembered Sets 41.269ms
[2023-08-11T14:53:39.621+0000][gc,start      ] GC(212) Pause Cleanup
[2023-08-11T14:53:39.622+0000][gc            ] GC(212) Pause Cleanup 338M->338M(1024M) 0.209ms
[2023-08-11T14:53:39.622+0000][gc,cpu        ] GC(212) User=0.00s Sys=0.00s Real=0.00s
[2023-08-11T14:53:39.622+0000][gc,marking    ] GC(212) Concurrent Cleanup for Next Mark
[2023-08-11T14:53:39.623+0000][gc,marking    ] GC(212) Concurrent Cleanup for Next Mark 1.362ms
[2023-08-11T14:53:39.623+0000][gc            ] GC(212) Concurrent Cycle 134.291ms
[2023-08-11T14:53:58.158+0000][gc,start      ] GC(213) Pause Young (Prepare Mixed) (G1 Evacuation Pause)
[2023-08-11T14:53:58.159+0000][gc,task       ] GC(213) Using 8 workers of 8 for evacuation
[2023-08-11T14:53:58.176+0000][gc,phases     ] GC(213)   Pre Evacuate Collection Set: 0.0ms
[2023-08-11T14:53:58.176+0000][gc,phases     ] GC(213)   Evacuate Collection Set: 16.7ms
[2023-08-11T14:53:58.176+0000][gc,phases     ] GC(213)   Post Evacuate Collection Set: 0.6ms
[2023-08-11T14:53:58.176+0000][gc,phases     ] GC(213)   Other: 0.5ms
[2023-08-11T14:53:58.176+0000][gc,heap       ] GC(213) Eden regions: 86->0(41)
[2023-08-11T14:53:58.176+0000][gc,heap       ] GC(213) Survivor regions: 28->10(15)
[2023-08-11T14:53:58.176+0000][gc,heap       ] GC(213) Old regions: 153->173
[2023-08-11T14:53:58.176+0000][gc,heap       ] GC(213) Humongous regions: 149->149
[2023-08-11T14:53:58.176+0000][gc,metaspace  ] GC(213) Metaspace: 118064K(123876K)->118064K(123876K) NonClass: 104314K(107724K)->104314K(107724K) Class: 13749K(16152K)->13749K(16152K)
[2023-08-11T14:53:58.176+0000][gc            ] GC(213) Pause Young (Prepare Mixed) (G1 Evacuation Pause) 415M->331M(1024M) 17.882ms
[2023-08-11T14:53:58.176+0000][gc,cpu        ] GC(213) User=0.13s Sys=0.00s Real=0.02s
[2023-08-11T14:54:09.979+0000][gc,start      ] GC(214) Pause Young (Mixed) (G1 Evacuation Pause)
[2023-08-11T14:54:09.979+0000][gc,task       ] GC(214) Using 8 workers of 8 for evacuation
[2023-08-11T14:54:09.988+0000][gc,phases     ] GC(214)   Pre Evacuate Collection Set: 0.0ms
[2023-08-11T14:54:09.988+0000][gc,phases     ] GC(214)   Evacuate Collection Set: 7.6ms
[2023-08-11T14:54:09.988+0000][gc,phases     ] GC(214)   Post Evacuate Collection Set: 0.5ms
[2023-08-11T14:54:09.988+0000][gc,phases     ] GC(214)   Other: 0.4ms
[2023-08-11T14:54:09.988+0000][gc,heap       ] GC(214) Eden regions: 41->0(559)
[2023-08-11T14:54:09.988+0000][gc,heap       ] GC(214) Survivor regions: 10->3(7)
[2023-08-11T14:54:09.988+0000][gc,heap       ] GC(214) Old regions: 173->169
[2023-08-11T14:54:09.988+0000][gc,heap       ] GC(214) Humongous regions: 149->149
[2023-08-11T14:54:09.988+0000][gc,metaspace  ] GC(214) Metaspace: 118064K(123876K)->118064K(123876K) NonClass: 104314K(107724K)->104314K(107724K) Class: 13749K(16152K)->13749K(16152K)
[2023-08-11T14:54:09.988+0000][gc            ] GC(214) Pause Young (Mixed) (G1 Evacuation Pause) 372M->321M(1024M) 8.587ms
[2023-08-11T14:54:09.988+0000][gc,cpu        ] GC(214) User=0.06s Sys=0.00s Real=0.00s
[2023-08-11T14:56:24.475+0000][gc,start      ] GC(215) Pause Young (Normal) (G1 Evacuation Pause)
[2023-08-11T14:56:24.475+0000][gc,task       ] GC(215) Using 8 workers of 8 for evacuation
[2023-08-11T14:56:24.487+0000][gc,phases     ] GC(215)   Pre Evacuate Collection Set: 0.0ms
[2023-08-11T14:56:24.487+0000][gc,phases     ] GC(215)   Evacuate Collection Set: 10.9ms
[2023-08-11T14:56:24.487+0000][gc,phases     ] GC(215)   Post Evacuate Collection Set: 0.7ms
[2023-08-11T14:56:24.487+0000][gc,phases     ] GC(215)   Other: 0.4ms
[2023-08-11T14:56:24.487+0000][gc,heap       ] GC(215) Eden regions: 559->0(553)
[2023-08-11T14:56:24.487+0000][gc,heap       ] GC(215) Survivor regions: 3->12(71)
[2023-08-11T14:56:24.487+0000][gc,heap       ] GC(215) Old regions: 169->169
[2023-08-11T14:56:24.487+0000][gc,heap       ] GC(215) Humongous regions: 149->149
[2023-08-11T14:56:24.487+0000][gc,metaspace  ] GC(215) Metaspace: 118069K(123876K)->118069K(123876K) NonClass: 104319K(107724K)->104319K(107724K) Class: 13749K(16152K)->13749K(16152K)
[2023-08-11T14:56:24.487+0000][gc            ] GC(215) Pause Young (Normal) (G1 Evacuation Pause) 880M->329M(1024M) 12.185ms
[2023-08-11T14:56:24.487+0000][gc,cpu        ] GC(215) User=0.07s Sys=0.00s Real=0.01s
[2023-08-11T14:58:47.741+0000][gc,start      ] GC(216) Pause Young (Normal) (G1 Evacuation Pause)
[2023-08-11T14:58:47.741+0000][gc,task       ] GC(216) Using 8 workers of 8 for evacuation
[2023-08-11T14:58:47.753+0000][gc,phases     ] GC(216)   Pre Evacuate Collection Set: 0.0ms
[2023-08-11T14:58:47.753+0000][gc,phases     ] GC(216)   Evacuate Collection Set: 10.9ms
[2023-08-11T14:58:47.753+0000][gc,phases     ] GC(216)   Post Evacuate Collection Set: 0.7ms
[2023-08-11T14:58:47.753+0000][gc,phases     ] GC(216)   Other: 0.3ms
[2023-08-11T14:58:47.753+0000][gc,heap       ] GC(216) Eden regions: 553->0(550)
[2023-08-11T14:58:47.753+0000][gc,heap       ] GC(216) Survivor regions: 12->17(71)
[2023-08-11T14:58:47.753+0000][gc,heap       ] GC(216) Old regions: 169->169
[2023-08-11T14:58:47.753+0000][gc,heap       ] GC(216) Humongous regions: 149->149
[2023-08-11T14:58:47.753+0000][gc,metaspace  ] GC(216) Metaspace: 118133K(123876K)->118133K(123876K) NonClass: 104384K(107724K)->104384K(107724K) Class: 13749K(16152K)->13749K(16152K)
[2023-08-11T14:58:47.753+0000][gc            ] GC(216) Pause Young (Normal) (G1 Evacuation Pause) 882M->334M(1024M) 12.099ms
[2023-08-11T14:58:47.754+0000][gc,cpu        ] GC(216) User=0.09s Sys=0.00s Real=0.01s
[2023-08-11T15:01:02.736+0000][gc,start      ] GC(217) Pause Young (Concurrent Start) (G1 Evacuation Pause)
[2023-08-11T15:01:02.736+0000][gc,task       ] GC(217) Using 8 workers of 8 for evacuation
[2023-08-11T15:01:02.752+0000][gc,phases     ] GC(217)   Pre Evacuate Collection Set: 0.5ms
[2023-08-11T15:01:02.752+0000][gc,phases     ] GC(217)   Evacuate Collection Set: 13.7ms
[2023-08-11T15:01:02.752+0000][gc,phases     ] GC(217)   Post Evacuate Collection Set: 0.8ms
[2023-08-11T15:01:02.752+0000][gc,phases     ] GC(217)   Other: 0.4ms
[2023-08-11T15:01:02.752+0000][gc,heap       ] GC(217) Eden regions: 550->0(547)
[2023-08-11T15:01:02.752+0000][gc,heap       ] GC(217) Survivor regions: 17->23(71)
[2023-08-11T15:01:02.752+0000][gc,heap       ] GC(217) Old regions: 169->169
[2023-08-11T15:01:02.752+0000][gc,heap       ] GC(217) Humongous regions: 149->149
[2023-08-11T15:01:02.752+0000][gc,metaspace  ] GC(217) Metaspace: 118133K(123876K)->118133K(123876K) NonClass: 104384K(107724K)->104384K(107724K) Class: 13749K(16152K)->13749K(16152K)
[2023-08-11T15:01:02.752+0000][gc            ] GC(217) Pause Young (Concurrent Start) (G1 Evacuation Pause) 884M->340M(1024M) 15.476ms
[2023-08-11T15:01:02.752+0000][gc,cpu        ] GC(217) User=0.11s Sys=0.00s Real=0.02s
[2023-08-11T15:01:02.752+0000][gc            ] GC(218) Concurrent Cycle
[2023-08-11T15:01:02.752+0000][gc,marking    ] GC(218) Concurrent Clear Claimed Marks
[2023-08-11T15:01:02.752+0000][gc,marking    ] GC(218) Concurrent Clear Claimed Marks 0.415ms
[2023-08-11T15:01:02.752+0000][gc,marking    ] GC(218) Concurrent Scan Root Regions
[2023-08-11T15:01:02.761+0000][gc,marking    ] GC(218) Concurrent Scan Root Regions 8.960ms
[2023-08-11T15:01:02.761+0000][gc,marking    ] GC(218) Concurrent Mark (15554.063s)
[2023-08-11T15:01:02.761+0000][gc,marking    ] GC(218) Concurrent Mark From Roots
[2023-08-11T15:01:02.761+0000][gc,task       ] GC(218) Using 2 workers of 2 for marking
[2023-08-11T15:01:02.827+0000][gc,marking    ] GC(218) Concurrent Mark From Roots 66.181ms
[2023-08-11T15:01:02.828+0000][gc,marking    ] GC(218) Concurrent Preclean
[2023-08-11T15:01:02.828+0000][gc,marking    ] GC(218) Concurrent Preclean 0.525ms
[2023-08-11T15:01:02.828+0000][gc,marking    ] GC(218) Concurrent Mark (15554.063s, 15554.129s) 66.797ms
[2023-08-11T15:01:02.828+0000][gc,start      ] GC(218) Pause Remark
[2023-08-11T15:01:02.840+0000][gc,stringtable] GC(218) Cleaned string and symbol table, strings: 43696 processed, 4 removed, symbols: 278355 processed, 1 removed
[2023-08-11T15:01:02.840+0000][gc            ] GC(218) Pause Remark 350M->349M(1024M) 11.874ms
[2023-08-11T15:01:02.840+0000][gc,cpu        ] GC(218) User=0.09s Sys=0.00s Real=0.02s
[2023-08-11T15:01:02.840+0000][gc,marking    ] GC(218) Concurrent Rebuild Remembered Sets
[2023-08-11T15:01:02.882+0000][gc,marking    ] GC(218) Concurrent Rebuild Remembered Sets 41.514ms
[2023-08-11T15:01:02.882+0000][gc,start      ] GC(218) Pause Cleanup
[2023-08-11T15:01:02.882+0000][gc            ] GC(218) Pause Cleanup 349M->349M(1024M) 0.254ms
[2023-08-11T15:01:02.882+0000][gc,cpu        ] GC(218) User=0.00s Sys=0.00s Real=0.00s
[2023-08-11T15:01:02.882+0000][gc,marking    ] GC(218) Concurrent Cleanup for Next Mark
[2023-08-11T15:01:02.884+0000][gc,marking    ] GC(218) Concurrent Cleanup for Next Mark 1.422ms
[2023-08-11T15:01:02.884+0000][gc            ] GC(218) Concurrent Cycle 132.083ms
[2023-08-11T15:03:09.476+0000][gc,start      ] GC(219) Pause Young (Prepare Mixed) (G1 Evacuation Pause)
[2023-08-11T15:03:09.476+0000][gc,task       ] GC(219) Using 8 workers of 8 for evacuation
[2023-08-11T15:03:09.496+0000][gc,phases     ] GC(219)   Pre Evacuate Collection Set: 0.0ms
[2023-08-11T15:03:09.496+0000][gc,phases     ] GC(219)   Evacuate Collection Set: 18.2ms
[2023-08-11T15:03:09.496+0000][gc,phases     ] GC(219)   Post Evacuate Collection Set: 0.7ms
[2023-08-11T15:03:09.496+0000][gc,phases     ] GC(219)   Other: 0.5ms
[2023-08-11T15:03:09.496+0000][gc,heap       ] GC(219) Eden regions: 487->0(21)
[2023-08-11T15:03:09.496+0000][gc,heap       ] GC(219) Survivor regions: 23->30(64)
[2023-08-11T15:03:09.496+0000][gc,heap       ] GC(219) Old regions: 168->168
[2023-08-11T15:03:09.496+0000][gc,heap       ] GC(219) Humongous regions: 149->149
[2023-08-11T15:03:09.496+0000][gc,metaspace  ] GC(219) Metaspace: 118143K(123876K)->118143K(123876K) NonClass: 104393K(107724K)->104393K(107724K) Class: 13749K(16152K)->13749K(16152K)
[2023-08-11T15:03:09.496+0000][gc            ] GC(219) Pause Young (Prepare Mixed) (G1 Evacuation Pause) 826M->346M(1024M) 19.515ms
[2023-08-11T15:03:09.496+0000][gc,cpu        ] GC(219) User=0.13s Sys=0.00s Real=0.02s
[2023-08-11T15:03:18.004+0000][gc,start      ] GC(220) Pause Young (Mixed) (G1 Evacuation Pause)
[2023-08-11T15:03:18.004+0000][gc,task       ] GC(220) Using 8 workers of 8 for evacuation
[2023-08-11T15:03:18.022+0000][gc,phases     ] GC(220)   Pre Evacuate Collection Set: 0.1ms
[2023-08-11T15:03:18.022+0000][gc,phases     ] GC(220)   Evacuate Collection Set: 16.8ms
[2023-08-11T15:03:18.022+0000][gc,phases     ] GC(220)   Post Evacuate Collection Set: 0.6ms
[2023-08-11T15:03:18.022+0000][gc,phases     ] GC(220)   Other: 0.4ms
[2023-08-11T15:03:18.022+0000][gc,heap       ] GC(220) Eden regions: 21->0(566)
[2023-08-11T15:03:18.022+0000][gc,heap       ] GC(220) Survivor regions: 30->4(7)
[2023-08-11T15:03:18.022+0000][gc,heap       ] GC(220) Old regions: 168->169
[2023-08-11T15:03:18.022+0000][gc,heap       ] GC(220) Humongous regions: 149->149
[2023-08-11T15:03:18.022+0000][gc,metaspace  ] GC(220) Metaspace: 118143K(123876K)->118143K(123876K) NonClass: 104393K(107724K)->104393K(107724K) Class: 13749K(16152K)->13749K(16152K)
[2023-08-11T15:03:18.022+0000][gc            ] GC(220) Pause Young (Mixed) (G1 Evacuation Pause) 367M->321M(1024M) 17.999ms
[2023-08-11T15:03:18.022+0000][gc,cpu        ] GC(220) User=0.13s Sys=0.01s Real=0.02s
[2023-08-11T15:05:34.281+0000][gc,start      ] GC(221) Pause Young (Normal) (G1 Evacuation Pause)
[2023-08-11T15:05:34.281+0000][gc,task       ] GC(221) Using 8 workers of 8 for evacuation
[2023-08-11T15:05:34.290+0000][gc,phases     ] GC(221)   Pre Evacuate Collection Set: 0.0ms
[2023-08-11T15:05:34.290+0000][gc,phases     ] GC(221)   Evacuate Collection Set: 7.8ms
[2023-08-11T15:05:34.290+0000][gc,phases     ] GC(221)   Post Evacuate Collection Set: 0.7ms
[2023-08-11T15:05:34.290+0000][gc,phases     ] GC(221)   Other: 0.4ms
[2023-08-11T15:05:34.290+0000][gc,heap       ] GC(221) Eden regions: 566->0(561)
[2023-08-11T15:05:34.290+0000][gc,heap       ] GC(221) Survivor regions: 4->10(72)
[2023-08-11T15:05:34.290+0000][gc,heap       ] GC(221) Old regions: 169->169
[2023-08-11T15:05:34.290+0000][gc,heap       ] GC(221) Humongous regions: 149->149
[2023-08-11T15:05:34.290+0000][gc,metaspace  ] GC(221) Metaspace: 118144K(123876K)->118144K(123876K) NonClass: 104394K(107724K)->104394K(107724K) Class: 13749K(16152K)->13749K(16152K)
[2023-08-11T15:05:34.290+0000][gc            ] GC(221) Pause Young (Normal) (G1 Evacuation Pause) 887M->326M(1024M) 8.952ms
[2023-08-11T15:05:34.290+0000][gc,cpu        ] GC(221) User=0.07s Sys=0.00s Real=0.00s
[2023-08-11T15:07:54.388+0000][gc,start      ] GC(222) Pause Young (Normal) (G1 Evacuation Pause)
[2023-08-11T15:07:54.388+0000][gc,task       ] GC(222) Using 8 workers of 8 for evacuation
[2023-08-11T15:07:54.400+0000][gc,phases     ] GC(222)   Pre Evacuate Collection Set: 0.0ms
[2023-08-11T15:07:54.400+0000][gc,phases     ] GC(222)   Evacuate Collection Set: 10.7ms
[2023-08-11T15:07:54.400+0000][gc,phases     ] GC(222)   Post Evacuate Collection Set: 0.7ms
[2023-08-11T15:07:54.400+0000][gc,phases     ] GC(222)   Other: 0.3ms
[2023-08-11T15:07:54.400+0000][gc,heap       ] GC(222) Eden regions: 561->0(556)
[2023-08-11T15:07:54.400+0000][gc,heap       ] GC(222) Survivor regions: 10->16(72)
[2023-08-11T15:07:54.400+0000][gc,heap       ] GC(222) Old regions: 169->169
[2023-08-11T15:07:54.400+0000][gc,heap       ] GC(222) Humongous regions: 149->149
[2023-08-11T15:07:54.400+0000][gc,metaspace  ] GC(222) Metaspace: 118144K(123876K)->118144K(123876K) NonClass: 104394K(107724K)->104394K(107724K) Class: 13749K(16152K)->13749K(16152K)
[2023-08-11T15:07:54.400+0000][gc            ] GC(222) Pause Young (Normal) (G1 Evacuation Pause) 887M->333M(1024M) 11.885ms
[2023-08-11T15:07:54.400+0000][gc,cpu        ] GC(222) User=0.09s Sys=0.00s Real=0.02s
[2023-08-11T15:10:09.486+0000][gc,start      ] GC(223) Pause Young (Concurrent Start) (G1 Evacuation Pause)
[2023-08-11T15:10:09.486+0000][gc,task       ] GC(223) Using 8 workers of 8 for evacuation
[2023-08-11T15:10:09.503+0000][gc,phases     ] GC(223)   Pre Evacuate Collection Set: 0.5ms
[2023-08-11T15:10:09.503+0000][gc,phases     ] GC(223)   Evacuate Collection Set: 15.2ms
[2023-08-11T15:10:09.503+0000][gc,phases     ] GC(223)   Post Evacuate Collection Set: 0.7ms
[2023-08-11T15:10:09.503+0000][gc,phases     ] GC(223)   Other: 0.4ms
[2023-08-11T15:10:09.503+0000][gc,heap       ] GC(223) Eden regions: 556->0(551)
[2023-08-11T15:10:09.503+0000][gc,heap       ] GC(223) Survivor regions: 16->22(72)
[2023-08-11T15:10:09.503+0000][gc,heap       ] GC(223) Old regions: 169->169
[2023-08-11T15:10:09.503+0000][gc,heap       ] GC(223) Humongous regions: 149->149
[2023-08-11T15:10:09.503+0000][gc,metaspace  ] GC(223) Metaspace: 118148K(123876K)->118148K(123876K) NonClass: 104398K(107724K)->104398K(107724K) Class: 13749K(16152K)->13749K(16152K)
[2023-08-11T15:10:09.503+0000][gc            ] GC(223) Pause Young (Concurrent Start) (G1 Evacuation Pause) 889M->338M(1024M) 16.939ms
[2023-08-11T15:10:09.503+0000][gc,cpu        ] GC(223) User=0.10s Sys=0.01s Real=0.02s
[2023-08-11T15:10:09.503+0000][gc            ] GC(224) Concurrent Cycle
[2023-08-11T15:10:09.503+0000][gc,marking    ] GC(224) Concurrent Clear Claimed Marks
[2023-08-11T15:10:09.503+0000][gc,marking    ] GC(224) Concurrent Clear Claimed Marks 0.354ms
[2023-08-11T15:10:09.504+0000][gc,marking    ] GC(224) Concurrent Scan Root Regions
[2023-08-11T15:10:09.514+0000][gc,marking    ] GC(224) Concurrent Scan Root Regions 10.364ms
[2023-08-11T15:10:09.514+0000][gc,marking    ] GC(224) Concurrent Mark (16100.815s)
[2023-08-11T15:10:09.514+0000][gc,marking    ] GC(224) Concurrent Mark From Roots
[2023-08-11T15:10:09.514+0000][gc,task       ] GC(224) Using 2 workers of 2 for marking
[2023-08-11T15:10:09.582+0000][gc,marking    ] GC(224) Concurrent Mark From Roots 67.896ms
[2023-08-11T15:10:09.582+0000][gc,marking    ] GC(224) Concurrent Preclean
[2023-08-11T15:10:09.582+0000][gc,marking    ] GC(224) Concurrent Preclean 0.455ms
[2023-08-11T15:10:09.582+0000][gc,marking    ] GC(224) Concurrent Mark (16100.815s, 16100.884s) 68.427ms
[2023-08-11T15:10:09.583+0000][gc,start      ] GC(224) Pause Remark
[2023-08-11T15:10:09.592+0000][gc,stringtable] GC(224) Cleaned string and symbol table, strings: 43693 processed, 0 removed, symbols: 278354 processed, 0 removed
[2023-08-11T15:10:09.592+0000][gc            ] GC(224) Pause Remark 343M->343M(1024M) 9.820ms
[2023-08-11T15:10:09.592+0000][gc,cpu        ] GC(224) User=0.07s Sys=0.00s Real=0.01s
[2023-08-11T15:10:09.593+0000][gc,marking    ] GC(224) Concurrent Rebuild Remembered Sets
[2023-08-11T15:10:09.634+0000][gc,marking    ] GC(224) Concurrent Rebuild Remembered Sets 41.383ms
[2023-08-11T15:10:09.634+0000][gc,start      ] GC(224) Pause Cleanup
[2023-08-11T15:10:09.634+0000][gc            ] GC(224) Pause Cleanup 343M->343M(1024M) 0.249ms
[2023-08-11T15:10:09.634+0000][gc,cpu        ] GC(224) User=0.00s Sys=0.00s Real=0.00s
[2023-08-11T15:10:09.634+0000][gc,marking    ] GC(224) Concurrent Cleanup for Next Mark
[2023-08-11T15:10:09.636+0000][gc,marking    ] GC(224) Concurrent Cleanup for Next Mark 1.381ms
[2023-08-11T15:10:09.636+0000][gc            ] GC(224) Concurrent Cycle 132.791ms
[2023-08-11T15:12:24.440+0000][gc,start      ] GC(225) Pause Young (Prepare Mixed) (G1 Evacuation Pause)
[2023-08-11T15:12:24.440+0000][gc,task       ] GC(225) Using 8 workers of 8 for evacuation
[2023-08-11T15:12:24.457+0000][gc,phases     ] GC(225)   Pre Evacuate Collection Set: 0.0ms
[2023-08-11T15:12:24.457+0000][gc,phases     ] GC(225)   Evacuate Collection Set: 16.0ms
[2023-08-11T15:12:24.457+0000][gc,phases     ] GC(225)   Post Evacuate Collection Set: 0.6ms
[2023-08-11T15:12:24.457+0000][gc,phases     ] GC(225)   Other: 0.4ms
[2023-08-11T15:12:24.457+0000][gc,heap       ] GC(225) Eden regions: 499->0(23)
[2023-08-11T15:12:24.457+0000][gc,heap       ] GC(225) Survivor regions: 22->28(66)
[2023-08-11T15:12:24.457+0000][gc,heap       ] GC(225) Old regions: 169->169
[2023-08-11T15:12:24.457+0000][gc,heap       ] GC(225) Humongous regions: 149->149
[2023-08-11T15:12:24.457+0000][gc,metaspace  ] GC(225) Metaspace: 118148K(123876K)->118148K(123876K) NonClass: 104398K(107724K)->104398K(107724K) Class: 13749K(16152K)->13749K(16152K)
[2023-08-11T15:12:24.457+0000][gc            ] GC(225) Pause Young (Prepare Mixed) (G1 Evacuation Pause) 837M->345M(1024M) 17.169ms
[2023-08-11T15:12:24.457+0000][gc,cpu        ] GC(225) User=0.13s Sys=0.00s Real=0.01s
[2023-08-11T15:12:26.010+0000][gc,start      ] GC(226) Pause Young (Mixed) (G1 Evacuation Pause)
[2023-08-11T15:12:26.010+0000][gc,task       ] GC(226) Using 8 workers of 8 for evacuation
[2023-08-11T15:12:26.031+0000][gc,mmu        ] GC(226) MMU target violated: 20.7ms (20.0ms/21.0ms)
[2023-08-11T15:12:26.031+0000][gc,phases     ] GC(226)   Pre Evacuate Collection Set: 0.1ms
[2023-08-11T15:12:26.031+0000][gc,phases     ] GC(226)   Evacuate Collection Set: 19.9ms
[2023-08-11T15:12:26.031+0000][gc,phases     ] GC(226)   Post Evacuate Collection Set: 0.6ms
[2023-08-11T15:12:26.031+0000][gc,phases     ] GC(226)   Other: 0.5ms
[2023-08-11T15:12:26.031+0000][gc,heap       ] GC(226) Eden regions: 23->0(566)
[2023-08-11T15:12:26.031+0000][gc,heap       ] GC(226) Survivor regions: 28->4(7)
[2023-08-11T15:12:26.031+0000][gc,heap       ] GC(226) Old regions: 169->168
[2023-08-11T15:12:26.031+0000][gc,heap       ] GC(226) Humongous regions: 149->149
[2023-08-11T15:12:26.031+0000][gc,metaspace  ] GC(226) Metaspace: 118148K(123876K)->118148K(123876K) NonClass: 104398K(107724K)->104398K(107724K) Class: 13749K(16152K)->13749K(16152K)
[2023-08-11T15:12:26.031+0000][gc            ] GC(226) Pause Young (Mixed) (G1 Evacuation Pause) 368M->320M(1024M) 21.102ms
[2023-08-11T15:12:26.031+0000][gc,cpu        ] GC(226) User=0.15s Sys=0.00s Real=0.03s
[2023-08-11T15:14:54.349+0000][gc,start      ] GC(227) Pause Young (Normal) (G1 Evacuation Pause)
[2023-08-11T15:14:54.349+0000][gc,task       ] GC(227) Using 8 workers of 8 for evacuation
[2023-08-11T15:14:54.358+0000][gc,phases     ] GC(227)   Pre Evacuate Collection Set: 0.0ms
[2023-08-11T15:14:54.358+0000][gc,phases     ] GC(227)   Evacuate Collection Set: 7.8ms
[2023-08-11T15:14:54.358+0000][gc,phases     ] GC(227)   Post Evacuate Collection Set: 0.7ms
[2023-08-11T15:14:54.358+0000][gc,phases     ] GC(227)   Other: 0.3ms
[2023-08-11T15:14:54.358+0000][gc,heap       ] GC(227) Eden regions: 566->0(563)
[2023-08-11T15:14:54.358+0000][gc,heap       ] GC(227) Survivor regions: 4->9(72)
[2023-08-11T15:14:54.358+0000][gc,heap       ] GC(227) Old regions: 168->168
[2023-08-11T15:14:54.358+0000][gc,heap       ] GC(227) Humongous regions: 149->149
[2023-08-11T15:14:54.358+0000][gc,metaspace  ] GC(227) Metaspace: 118148K(123876K)->118148K(123876K) NonClass: 104398K(107724K)->104398K(107724K) Class: 13749K(16152K)->13749K(16152K)
[2023-08-11T15:14:54.358+0000][gc            ] GC(227) Pause Young (Normal) (G1 Evacuation Pause) 886M->325M(1024M) 8.914ms
[2023-08-11T15:14:54.358+0000][gc,cpu        ] GC(227) User=0.06s Sys=0.00s Real=0.01s
[2023-08-11T15:17:09.449+0000][gc,start      ] GC(228) Pause Young (Normal) (G1 Evacuation Pause)
[2023-08-11T15:17:09.449+0000][gc,task       ] GC(228) Using 8 workers of 8 for evacuation
[2023-08-11T15:17:09.461+0000][gc,phases     ] GC(228)   Pre Evacuate Collection Set: 0.0ms
[2023-08-11T15:17:09.461+0000][gc,phases     ] GC(228)   Evacuate Collection Set: 10.5ms
[2023-08-11T15:17:09.461+0000][gc,phases     ] GC(228)   Post Evacuate Collection Set: 0.7ms
[2023-08-11T15:17:09.461+0000][gc,phases     ] GC(228)   Other: 0.3ms
[2023-08-11T15:17:09.461+0000][gc,heap       ] GC(228) Eden regions: 563->0(558)
[2023-08-11T15:17:09.461+0000][gc,heap       ] GC(228) Survivor regions: 9->16(72)
[2023-08-11T15:17:09.461+0000][gc,heap       ] GC(228) Old regions: 168->168
[2023-08-11T15:17:09.461+0000][gc,heap       ] GC(228) Humongous regions: 149->149
[2023-08-11T15:17:09.461+0000][gc,metaspace  ] GC(228) Metaspace: 118148K(123876K)->118148K(123876K) NonClass: 104398K(107724K)->104398K(107724K) Class: 13749K(16152K)->13749K(16152K)
[2023-08-11T15:17:09.461+0000][gc            ] GC(228) Pause Young (Normal) (G1 Evacuation Pause) 888M->332M(1024M) 11.681ms
[2023-08-11T15:17:09.461+0000][gc,cpu        ] GC(228) User=0.09s Sys=0.00s Real=0.02s
[2023-08-11T15:19:24.394+0000][gc,start      ] GC(229) Pause Young (Concurrent Start) (G1 Evacuation Pause)
[2023-08-11T15:19:24.394+0000][gc,task       ] GC(229) Using 8 workers of 8 for evacuation
[2023-08-11T15:19:24.410+0000][gc,phases     ] GC(229)   Pre Evacuate Collection Set: 0.5ms
[2023-08-11T15:19:24.410+0000][gc,phases     ] GC(229)   Evacuate Collection Set: 13.7ms
[2023-08-11T15:19:24.410+0000][gc,phases     ] GC(229)   Post Evacuate Collection Set: 0.7ms
[2023-08-11T15:19:24.410+0000][gc,phases     ] GC(229)   Other: 0.4ms
[2023-08-11T15:19:24.410+0000][gc,heap       ] GC(229) Eden regions: 558->0(552)
[2023-08-11T15:19:24.410+0000][gc,heap       ] GC(229) Survivor regions: 16->22(72)
[2023-08-11T15:19:24.410+0000][gc,heap       ] GC(229) Old regions: 168->168
[2023-08-11T15:19:24.410+0000][gc,heap       ] GC(229) Humongous regions: 149->149
[2023-08-11T15:19:24.410+0000][gc,metaspace  ] GC(229) Metaspace: 118148K(123876K)->118148K(123876K) NonClass: 104398K(107724K)->104398K(107724K) Class: 13749K(16152K)->13749K(16152K)
[2023-08-11T15:19:24.410+0000][gc            ] GC(229) Pause Young (Concurrent Start) (G1 Evacuation Pause) 890M->338M(1024M) 15.346ms
[2023-08-11T15:19:24.410+0000][gc,cpu        ] GC(229) User=0.11s Sys=0.00s Real=0.01s
[2023-08-11T15:19:24.410+0000][gc            ] GC(230) Concurrent Cycle
[2023-08-11T15:19:24.410+0000][gc,marking    ] GC(230) Concurrent Clear Claimed Marks
[2023-08-11T15:19:24.410+0000][gc,marking    ] GC(230) Concurrent Clear Claimed Marks 0.293ms
[2023-08-11T15:19:24.410+0000][gc,marking    ] GC(230) Concurrent Scan Root Regions
[2023-08-11T15:19:24.418+0000][gc,marking    ] GC(230) Concurrent Scan Root Regions 8.256ms
[2023-08-11T15:19:24.418+0000][gc,marking    ] GC(230) Concurrent Mark (16655.720s)
[2023-08-11T15:19:24.418+0000][gc,marking    ] GC(230) Concurrent Mark From Roots
[2023-08-11T15:19:24.418+0000][gc,task       ] GC(230) Using 2 workers of 2 for marking
[2023-08-11T15:19:24.488+0000][gc,marking    ] GC(230) Concurrent Mark From Roots 69.217ms
[2023-08-11T15:19:24.488+0000][gc,marking    ] GC(230) Concurrent Preclean
[2023-08-11T15:19:24.488+0000][gc,marking    ] GC(230) Concurrent Preclean 0.525ms
[2023-08-11T15:19:24.488+0000][gc,marking    ] GC(230) Concurrent Mark (16655.720s, 16655.790s) 69.825ms
[2023-08-11T15:19:24.488+0000][gc,start      ] GC(230) Pause Remark
[2023-08-11T15:19:24.501+0000][gc,stringtable] GC(230) Cleaned string and symbol table, strings: 43696 processed, 0 removed, symbols: 278355 processed, 1 removed
[2023-08-11T15:19:24.501+0000][gc            ] GC(230) Pause Remark 354M->354M(1024M) 12.519ms
[2023-08-11T15:19:24.501+0000][gc,cpu        ] GC(230) User=0.09s Sys=0.00s Real=0.02s
[2023-08-11T15:19:24.501+0000][gc,marking    ] GC(230) Concurrent Rebuild Remembered Sets
[2023-08-11T15:19:24.543+0000][gc,marking    ] GC(230) Concurrent Rebuild Remembered Sets 42.378ms
[2023-08-11T15:19:24.544+0000][gc,start      ] GC(230) Pause Cleanup
[2023-08-11T15:19:24.544+0000][gc            ] GC(230) Pause Cleanup 355M->355M(1024M) 0.262ms
[2023-08-11T15:19:24.544+0000][gc,cpu        ] GC(230) User=0.00s Sys=0.00s Real=0.00s
[2023-08-11T15:19:24.544+0000][gc,marking    ] GC(230) Concurrent Cleanup for Next Mark
[2023-08-11T15:19:24.546+0000][gc,marking    ] GC(230) Concurrent Cleanup for Next Mark 2.368ms
[2023-08-11T15:19:24.546+0000][gc            ] GC(230) Concurrent Cycle 136.748ms
[2023-08-11T15:21:31.099+0000][gc,start      ] GC(231) Pause Young (Prepare Mixed) (G1 Evacuation Pause)
[2023-08-11T15:21:31.099+0000][gc,task       ] GC(231) Using 8 workers of 8 for evacuation
[2023-08-11T15:21:31.116+0000][gc,phases     ] GC(231)   Pre Evacuate Collection Set: 0.0ms
[2023-08-11T15:21:31.116+0000][gc,phases     ] GC(231)   Evacuate Collection Set: 16.1ms
[2023-08-11T15:21:31.116+0000][gc,phases     ] GC(231)   Post Evacuate Collection Set: 0.7ms
[2023-08-11T15:21:31.116+0000][gc,phases     ] GC(231)   Other: 0.4ms
[2023-08-11T15:21:31.116+0000][gc,heap       ] GC(231) Eden regions: 478->0(24)
[2023-08-11T15:21:31.116+0000][gc,heap       ] GC(231) Survivor regions: 22->27(63)
[2023-08-11T15:21:31.116+0000][gc,heap       ] GC(231) Old regions: 168->168
[2023-08-11T15:21:31.116+0000][gc,heap       ] GC(231) Humongous regions: 149->149
[2023-08-11T15:21:31.116+0000][gc,metaspace  ] GC(231) Metaspace: 118148K(123876K)->118148K(123876K) NonClass: 104398K(107724K)->104398K(107724K) Class: 13749K(16152K)->13749K(16152K)
[2023-08-11T15:21:31.116+0000][gc            ] GC(231) Pause Young (Prepare Mixed) (G1 Evacuation Pause) 816M->343M(1024M) 17.344ms
[2023-08-11T15:21:31.116+0000][gc,cpu        ] GC(231) User=0.13s Sys=0.00s Real=0.02s
[2023-08-11T15:21:32.944+0000][gc,start      ] GC(232) Pause Young (Mixed) (G1 Evacuation Pause)
[2023-08-11T15:21:32.944+0000][gc,task       ] GC(232) Using 8 workers of 8 for evacuation
[2023-08-11T15:21:32.963+0000][gc,phases     ] GC(232)   Pre Evacuate Collection Set: 0.1ms
[2023-08-11T15:21:32.963+0000][gc,phases     ] GC(232)   Evacuate Collection Set: 18.0ms
[2023-08-11T15:21:32.963+0000][gc,phases     ] GC(232)   Post Evacuate Collection Set: 0.5ms
[2023-08-11T15:21:32.963+0000][gc,phases     ] GC(232)   Other: 0.4ms
[2023-08-11T15:21:32.963+0000][gc,heap       ] GC(232) Eden regions: 24->0(539)
[2023-08-11T15:21:32.963+0000][gc,heap       ] GC(232) Survivor regions: 27->7(7)
[2023-08-11T15:21:32.963+0000][gc,heap       ] GC(232) Old regions: 168->169
[2023-08-11T15:21:32.963+0000][gc,heap       ] GC(232) Humongous regions: 149->149
[2023-08-11T15:21:32.963+0000][gc,metaspace  ] GC(232) Metaspace: 118148K(123876K)->118148K(123876K) NonClass: 104398K(107724K)->104398K(107724K) Class: 13749K(16152K)->13749K(16152K)
[2023-08-11T15:21:32.963+0000][gc            ] GC(232) Pause Young (Mixed) (G1 Evacuation Pause) 367M->324M(1024M) 19.089ms
[2023-08-11T15:21:32.963+0000][gc,cpu        ] GC(232) User=0.13s Sys=0.00s Real=0.02s
[2023-08-11T15:23:54.376+0000][gc,start      ] GC(233) Pause Young (Normal) (G1 Evacuation Pause)
[2023-08-11T15:23:54.377+0000][gc,task       ] GC(233) Using 8 workers of 8 for evacuation
[2023-08-11T15:23:54.385+0000][gc,phases     ] GC(233)   Pre Evacuate Collection Set: 0.0ms
[2023-08-11T15:23:54.385+0000][gc,phases     ] GC(233)   Evacuate Collection Set: 7.7ms
[2023-08-11T15:23:54.385+0000][gc,phases     ] GC(233)   Post Evacuate Collection Set: 0.7ms
[2023-08-11T15:23:54.385+0000][gc,phases     ] GC(233)   Other: 0.3ms
[2023-08-11T15:23:54.385+0000][gc,heap       ] GC(233) Eden regions: 539->0(542)
[2023-08-11T15:23:54.385+0000][gc,heap       ] GC(233) Survivor regions: 7->10(69)
[2023-08-11T15:23:54.385+0000][gc,heap       ] GC(233) Old regions: 169->169
[2023-08-11T15:23:54.385+0000][gc,heap       ] GC(233) Humongous regions: 149->149
[2023-08-11T15:23:54.385+0000][gc,metaspace  ] GC(233) Metaspace: 118159K(123876K)->118159K(123876K) NonClass: 104409K(107724K)->104409K(107724K) Class: 13749K(16152K)->13749K(16152K)
[2023-08-11T15:23:54.385+0000][gc            ] GC(233) Pause Young (Normal) (G1 Evacuation Pause) 863M->326M(1024M) 8.792ms
[2023-08-11T15:23:54.385+0000][gc,cpu        ] GC(233) User=0.06s Sys=0.00s Real=0.01s
[2023-08-11T15:26:03.048+0000][gc,start      ] GC(234) Pause Young (Normal) (G1 Evacuation Pause)
[2023-08-11T15:26:03.048+0000][gc,task       ] GC(234) Using 8 workers of 8 for evacuation
[2023-08-11T15:26:03.059+0000][gc,phases     ] GC(234)   Pre Evacuate Collection Set: 0.0ms
[2023-08-11T15:26:03.059+0000][gc,phases     ] GC(234)   Evacuate Collection Set: 10.2ms
[2023-08-11T15:26:03.059+0000][gc,phases     ] GC(234)   Post Evacuate Collection Set: 0.7ms
[2023-08-11T15:26:03.059+0000][gc,phases     ] GC(234)   Other: 0.3ms
[2023-08-11T15:26:03.059+0000][gc,heap       ] GC(234) Eden regions: 542->0(542)
[2023-08-11T15:26:03.059+0000][gc,heap       ] GC(234) Survivor regions: 10->16(69)
[2023-08-11T15:26:03.059+0000][gc,heap       ] GC(234) Old regions: 169->169
[2023-08-11T15:26:03.059+0000][gc,heap       ] GC(234) Humongous regions: 149->149
[2023-08-11T15:26:03.059+0000][gc,metaspace  ] GC(234) Metaspace: 118161K(123876K)->118161K(123876K) NonClass: 104411K(107724K)->104411K(107724K) Class: 13749K(16152K)->13749K(16152K)
[2023-08-11T15:26:03.059+0000][gc            ] GC(234) Pause Young (Normal) (G1 Evacuation Pause) 868M->332M(1024M) 11.388ms
[2023-08-11T15:26:03.059+0000][gc,cpu        ] GC(234) User=0.08s Sys=0.00s Real=0.02s
[2023-08-11T15:28:23.155+0000][gc,start      ] GC(235) Pause Young (Concurrent Start) (G1 Evacuation Pause)
[2023-08-11T15:28:23.155+0000][gc,task       ] GC(235) Using 8 workers of 8 for evacuation
[2023-08-11T15:28:23.169+0000][gc,phases     ] GC(235)   Pre Evacuate Collection Set: 0.5ms
[2023-08-11T15:28:23.169+0000][gc,phases     ] GC(235)   Evacuate Collection Set: 13.2ms
[2023-08-11T15:28:23.169+0000][gc,phases     ] GC(235)   Post Evacuate Collection Set: 0.7ms
[2023-08-11T15:28:23.170+0000][gc,phases     ] GC(235)   Other: 0.5ms
[2023-08-11T15:28:23.170+0000][gc,heap       ] GC(235) Eden regions: 542->0(537)
[2023-08-11T15:28:23.170+0000][gc,heap       ] GC(235) Survivor regions: 16->21(70)
[2023-08-11T15:28:23.170+0000][gc,heap       ] GC(235) Old regions: 169->169
[2023-08-11T15:28:23.170+0000][gc,heap       ] GC(235) Humongous regions: 149->149
[2023-08-11T15:28:23.170+0000][gc,metaspace  ] GC(235) Metaspace: 118161K(123876K)->118161K(123876K) NonClass: 104411K(107724K)->104411K(107724K) Class: 13749K(16152K)->13749K(16152K)
[2023-08-11T15:28:23.170+0000][gc            ] GC(235) Pause Young (Concurrent Start) (G1 Evacuation Pause) 874M->337M(1024M) 14.922ms
[2023-08-11T15:28:23.170+0000][gc,cpu        ] GC(235) User=0.11s Sys=0.00s Real=0.01s
[2023-08-11T15:28:23.170+0000][gc            ] GC(236) Concurrent Cycle
[2023-08-11T15:28:23.170+0000][gc,marking    ] GC(236) Concurrent Clear Claimed Marks
[2023-08-11T15:28:23.170+0000][gc,marking    ] GC(236) Concurrent Clear Claimed Marks 0.302ms
[2023-08-11T15:28:23.170+0000][gc,marking    ] GC(236) Concurrent Scan Root Regions
[2023-08-11T15:28:23.179+0000][gc,marking    ] GC(236) Concurrent Scan Root Regions 8.510ms
[2023-08-11T15:28:23.179+0000][gc,marking    ] GC(236) Concurrent Mark (17194.480s)
[2023-08-11T15:28:23.179+0000][gc,marking    ] GC(236) Concurrent Mark From Roots
[2023-08-11T15:28:23.179+0000][gc,task       ] GC(236) Using 2 workers of 2 for marking
[2023-08-11T15:28:23.255+0000][gc,marking    ] GC(236) Concurrent Mark From Roots 76.661ms
[2023-08-11T15:28:23.255+0000][gc,marking    ] GC(236) Concurrent Preclean
[2023-08-11T15:28:23.256+0000][gc,marking    ] GC(236) Concurrent Preclean 0.427ms
[2023-08-11T15:28:23.256+0000][gc,marking    ] GC(236) Concurrent Mark (17194.480s, 17194.557s) 77.160ms
[2023-08-11T15:28:23.256+0000][gc,start      ] GC(236) Pause Remark
[2023-08-11T15:28:23.272+0000][gc,stringtable] GC(236) Cleaned string and symbol table, strings: 43700 processed, 0 removed, symbols: 278354 processed, 0 removed
[2023-08-11T15:28:23.272+0000][gc            ] GC(236) Pause Remark 341M->341M(1024M) 16.288ms
[2023-08-11T15:28:23.272+0000][gc,cpu        ] GC(236) User=0.11s Sys=0.00s Real=0.02s
[2023-08-11T15:28:23.272+0000][gc,marking    ] GC(236) Concurrent Rebuild Remembered Sets
[2023-08-11T15:28:23.314+0000][gc,marking    ] GC(236) Concurrent Rebuild Remembered Sets 41.453ms
[2023-08-11T15:28:23.314+0000][gc,start      ] GC(236) Pause Cleanup
[2023-08-11T15:28:23.314+0000][gc            ] GC(236) Pause Cleanup 341M->341M(1024M) 0.244ms
[2023-08-11T15:28:23.314+0000][gc,cpu        ] GC(236) User=0.00s Sys=0.00s Real=0.00s
[2023-08-11T15:28:23.314+0000][gc,marking    ] GC(236) Concurrent Cleanup for Next Mark
[2023-08-11T15:28:23.316+0000][gc,marking    ] GC(236) Concurrent Cleanup for Next Mark 1.380ms
[2023-08-11T15:28:23.316+0000][gc            ] GC(236) Concurrent Cycle 146.114ms
[2023-08-11T15:30:24.374+0000][gc,start      ] GC(237) Pause Young (Prepare Mixed) (G1 Evacuation Pause)
[2023-08-11T15:30:24.374+0000][gc,task       ] GC(237) Using 8 workers of 8 for evacuation
[2023-08-11T15:30:24.390+0000][gc,phases     ] GC(237)   Pre Evacuate Collection Set: 0.0ms
[2023-08-11T15:30:24.390+0000][gc,phases     ] GC(237)   Evacuate Collection Set: 15.4ms
[2023-08-11T15:30:24.391+0000][gc,phases     ] GC(237)   Post Evacuate Collection Set: 0.7ms
[2023-08-11T15:30:24.391+0000][gc,phases     ] GC(237)   Other: 0.4ms
[2023-08-11T15:30:24.391+0000][gc,heap       ] GC(237) Eden regions: 465->0(24)
[2023-08-11T15:30:24.391+0000][gc,heap       ] GC(237) Survivor regions: 21->27(61)
[2023-08-11T15:30:24.391+0000][gc,heap       ] GC(237) Old regions: 168->168
[2023-08-11T15:30:24.391+0000][gc,heap       ] GC(237) Humongous regions: 149->149
[2023-08-11T15:30:24.391+0000][gc,metaspace  ] GC(237) Metaspace: 118161K(123876K)->118161K(123876K) NonClass: 104411K(107724K)->104411K(107724K) Class: 13749K(16152K)->13749K(16152K)
[2023-08-11T15:30:24.391+0000][gc            ] GC(237) Pause Young (Prepare Mixed) (G1 Evacuation Pause) 802M->343M(1024M) 16.612ms
[2023-08-11T15:30:24.391+0000][gc,cpu        ] GC(237) User=0.12s Sys=0.00s Real=0.01s
[2023-08-11T15:30:24.971+0000][gc,start      ] GC(238) Pause Young (Mixed) (G1 Evacuation Pause)
[2023-08-11T15:30:24.972+0000][gc,task       ] GC(238) Using 8 workers of 8 for evacuation
[2023-08-11T15:30:24.990+0000][gc,phases     ] GC(238)   Pre Evacuate Collection Set: 0.1ms
[2023-08-11T15:30:24.990+0000][gc,phases     ] GC(238)   Evacuate Collection Set: 17.7ms
[2023-08-11T15:30:24.990+0000][gc,phases     ] GC(238)   Post Evacuate Collection Set: 0.5ms
[2023-08-11T15:30:24.990+0000][gc,phases     ] GC(238)   Other: 0.4ms
[2023-08-11T15:30:24.990+0000][gc,heap       ] GC(238) Eden regions: 24->0(563)
[2023-08-11T15:30:24.990+0000][gc,heap       ] GC(238) Survivor regions: 27->4(7)
[2023-08-11T15:30:24.990+0000][gc,heap       ] GC(238) Old regions: 168->167
[2023-08-11T15:30:24.990+0000][gc,heap       ] GC(238) Humongous regions: 149->149
[2023-08-11T15:30:24.990+0000][gc,metaspace  ] GC(238) Metaspace: 118161K(123876K)->118161K(123876K) NonClass: 104411K(107724K)->104411K(107724K) Class: 13749K(16152K)->13749K(16152K)
[2023-08-11T15:30:24.990+0000][gc            ] GC(238) Pause Young (Mixed) (G1 Evacuation Pause) 367M->319M(1024M) 18.827ms
[2023-08-11T15:30:24.990+0000][gc,cpu        ] GC(238) User=0.12s Sys=0.00s Real=0.01s
[2023-08-11T15:32:46.939+0000][gc,start      ] GC(239) Pause Young (Normal) (G1 Evacuation Pause)
[2023-08-11T15:32:46.939+0000][gc,task       ] GC(239) Using 8 workers of 8 for evacuation
[2023-08-11T15:32:46.947+0000][gc,phases     ] GC(239)   Pre Evacuate Collection Set: 0.0ms
[2023-08-11T15:32:46.947+0000][gc,phases     ] GC(239)   Evacuate Collection Set: 7.7ms
[2023-08-11T15:32:46.947+0000][gc,phases     ] GC(239)   Post Evacuate Collection Set: 0.7ms
[2023-08-11T15:32:46.947+0000][gc,phases     ] GC(239)   Other: 0.4ms
[2023-08-11T15:32:46.947+0000][gc,heap       ] GC(239) Eden regions: 563->0(560)
[2023-08-11T15:32:46.947+0000][gc,heap       ] GC(239) Survivor regions: 4->9(71)
[2023-08-11T15:32:46.947+0000][gc,heap       ] GC(239) Old regions: 167->167
[2023-08-11T15:32:46.947+0000][gc,heap       ] GC(239) Humongous regions: 149->149
[2023-08-11T15:32:46.947+0000][gc,metaspace  ] GC(239) Metaspace: 118165K(123876K)->118165K(123876K) NonClass: 104415K(107724K)->104415K(107724K) Class: 13749K(16152K)->13749K(16152K)
[2023-08-11T15:32:46.947+0000][gc            ] GC(239) Pause Young (Normal) (G1 Evacuation Pause) 882M->324M(1024M) 8.900ms
[2023-08-11T15:32:46.948+0000][gc,cpu        ] GC(239) User=0.06s Sys=0.00s Real=0.01s
[2023-08-11T15:35:02.737+0000][gc,start      ] GC(240) Pause Young (Normal) (G1 Evacuation Pause)
[2023-08-11T15:35:02.737+0000][gc,task       ] GC(240) Using 8 workers of 8 for evacuation
[2023-08-11T15:35:02.748+0000][gc,phases     ] GC(240)   Pre Evacuate Collection Set: 0.0ms
[2023-08-11T15:35:02.749+0000][gc,phases     ] GC(240)   Evacuate Collection Set: 10.4ms
[2023-08-11T15:35:02.749+0000][gc,phases     ] GC(240)   Post Evacuate Collection Set: 0.8ms
[2023-08-11T15:35:02.749+0000][gc,phases     ] GC(240)   Other: 0.4ms
[2023-08-11T15:35:02.749+0000][gc,heap       ] GC(240) Eden regions: 560->0(557)
[2023-08-11T15:35:02.749+0000][gc,heap       ] GC(240) Survivor regions: 9->15(72)
[2023-08-11T15:35:02.749+0000][gc,heap       ] GC(240) Old regions: 167->167
[2023-08-11T15:35:02.749+0000][gc,heap       ] GC(240) Humongous regions: 149->149
[2023-08-11T15:35:02.749+0000][gc,metaspace  ] GC(240) Metaspace: 118174K(123876K)->118174K(123876K) NonClass: 104425K(107724K)->104425K(107724K) Class: 13749K(16152K)->13749K(16152K)
[2023-08-11T15:35:02.749+0000][gc            ] GC(240) Pause Young (Normal) (G1 Evacuation Pause) 884M->330M(1024M) 11.601ms
[2023-08-11T15:35:02.749+0000][gc,cpu        ] GC(240) User=0.08s Sys=0.00s Real=0.01s
[2023-08-11T15:37:22.810+0000][gc,start      ] GC(241) Pause Young (Concurrent Start) (G1 Evacuation Pause)
[2023-08-11T15:37:22.810+0000][gc,task       ] GC(241) Using 8 workers of 8 for evacuation
[2023-08-11T15:37:22.825+0000][gc,phases     ] GC(241)   Pre Evacuate Collection Set: 0.5ms
[2023-08-11T15:37:22.825+0000][gc,phases     ] GC(241)   Evacuate Collection Set: 13.6ms
[2023-08-11T15:37:22.825+0000][gc,phases     ] GC(241)   Post Evacuate Collection Set: 0.7ms
[2023-08-11T15:37:22.825+0000][gc,phases     ] GC(241)   Other: 0.5ms
[2023-08-11T15:37:22.826+0000][gc,heap       ] GC(241) Eden regions: 557->0(552)
[2023-08-11T15:37:22.826+0000][gc,heap       ] GC(241) Survivor regions: 15->22(72)
[2023-08-11T15:37:22.826+0000][gc,heap       ] GC(241) Old regions: 167->167
[2023-08-11T15:37:22.826+0000][gc,heap       ] GC(241) Humongous regions: 149->149
[2023-08-11T15:37:22.826+0000][gc,metaspace  ] GC(241) Metaspace: 118174K(123876K)->118174K(123876K) NonClass: 104425K(107724K)->104425K(107724K) Class: 13749K(16152K)->13749K(16152K)
[2023-08-11T15:37:22.826+0000][gc            ] GC(241) Pause Young (Concurrent Start) (G1 Evacuation Pause) 887M->337M(1024M) 15.311ms
[2023-08-11T15:37:22.826+0000][gc,cpu        ] GC(241) User=0.11s Sys=0.00s Real=0.02s
[2023-08-11T15:37:22.826+0000][gc            ] GC(242) Concurrent Cycle
[2023-08-11T15:37:22.826+0000][gc,marking    ] GC(242) Concurrent Clear Claimed Marks
[2023-08-11T15:37:22.826+0000][gc,marking    ] GC(242) Concurrent Clear Claimed Marks 0.413ms
[2023-08-11T15:37:22.826+0000][gc,marking    ] GC(242) Concurrent Scan Root Regions
[2023-08-11T15:37:22.834+0000][gc,marking    ] GC(242) Concurrent Scan Root Regions 7.954ms
[2023-08-11T15:37:22.834+0000][gc,marking    ] GC(242) Concurrent Mark (17734.135s)
[2023-08-11T15:37:22.834+0000][gc,marking    ] GC(242) Concurrent Mark From Roots
[2023-08-11T15:37:22.834+0000][gc,task       ] GC(242) Using 2 workers of 2 for marking
[2023-08-11T15:37:22.899+0000][gc,marking    ] GC(242) Concurrent Mark From Roots 64.938ms
[2023-08-11T15:37:22.899+0000][gc,marking    ] GC(242) Concurrent Preclean
[2023-08-11T15:37:22.900+0000][gc,marking    ] GC(242) Concurrent Preclean 0.488ms
[2023-08-11T15:37:22.900+0000][gc,marking    ] GC(242) Concurrent Mark (17734.135s, 17734.201s) 65.501ms
[2023-08-11T15:37:22.900+0000][gc,start      ] GC(242) Pause Remark
[2023-08-11T15:37:22.909+0000][gc,stringtable] GC(242) Cleaned string and symbol table, strings: 43706 processed, 0 removed, symbols: 278354 processed, 0 removed
[2023-08-11T15:37:22.910+0000][gc            ] GC(242) Pause Remark 338M->338M(1024M) 9.809ms
[2023-08-11T15:37:22.910+0000][gc,cpu        ] GC(242) User=0.07s Sys=0.00s Real=0.00s
[2023-08-11T15:37:22.910+0000][gc,marking    ] GC(242) Concurrent Rebuild Remembered Sets
[2023-08-11T15:37:22.951+0000][gc,marking    ] GC(242) Concurrent Rebuild Remembered Sets 40.969ms
[2023-08-11T15:37:22.951+0000][gc,start      ] GC(242) Pause Cleanup
[2023-08-11T15:37:22.951+0000][gc            ] GC(242) Pause Cleanup 339M->339M(1024M) 0.244ms
[2023-08-11T15:37:22.951+0000][gc,cpu        ] GC(242) User=0.00s Sys=0.00s Real=0.00s
[2023-08-11T15:37:22.951+0000][gc,marking    ] GC(242) Concurrent Cleanup for Next Mark
[2023-08-11T15:37:22.953+0000][gc,marking    ] GC(242) Concurrent Cleanup for Next Mark 1.348ms
[2023-08-11T15:37:22.953+0000][gc            ] GC(242) Concurrent Cycle 127.082ms
[2023-08-11T15:39:25.240+0000][gc,start      ] GC(243) Pause Young (Prepare Mixed) (G1 Evacuation Pause)
[2023-08-11T15:39:25.240+0000][gc,task       ] GC(243) Using 8 workers of 8 for evacuation
[2023-08-11T15:39:25.257+0000][gc,phases     ] GC(243)   Pre Evacuate Collection Set: 0.0ms
[2023-08-11T15:39:25.258+0000][gc,phases     ] GC(243)   Evacuate Collection Set: 16.6ms
[2023-08-11T15:39:25.258+0000][gc,phases     ] GC(243)   Post Evacuate Collection Set: 0.7ms
[2023-08-11T15:39:25.258+0000][gc,phases     ] GC(243)   Other: 0.5ms
[2023-08-11T15:39:25.258+0000][gc,heap       ] GC(243) Eden regions: 502->0(23)
[2023-08-11T15:39:25.258+0000][gc,heap       ] GC(243) Survivor regions: 22->28(66)
[2023-08-11T15:39:25.258+0000][gc,heap       ] GC(243) Old regions: 167->167
[2023-08-11T15:39:25.258+0000][gc,heap       ] GC(243) Humongous regions: 149->149
[2023-08-11T15:39:25.258+0000][gc,metaspace  ] GC(243) Metaspace: 118175K(123876K)->118175K(123876K) NonClass: 104425K(107724K)->104425K(107724K) Class: 13749K(16152K)->13749K(16152K)
[2023-08-11T15:39:25.258+0000][gc            ] GC(243) Pause Young (Prepare Mixed) (G1 Evacuation Pause) 839M->343M(1024M) 17.912ms
[2023-08-11T15:39:25.258+0000][gc,cpu        ] GC(243) User=0.13s Sys=0.00s Real=0.01s
[2023-08-11T15:39:32.900+0000][gc,start      ] GC(244) Pause Young (Mixed) (G1 Evacuation Pause)
[2023-08-11T15:39:32.900+0000][gc,task       ] GC(244) Using 8 workers of 8 for evacuation
[2023-08-11T15:39:32.917+0000][gc,phases     ] GC(244)   Pre Evacuate Collection Set: 0.1ms
[2023-08-11T15:39:32.917+0000][gc,phases     ] GC(244)   Evacuate Collection Set: 16.3ms
[2023-08-11T15:39:32.917+0000][gc,phases     ] GC(244)   Post Evacuate Collection Set: 0.6ms
[2023-08-11T15:39:32.917+0000][gc,phases     ] GC(244)   Other: 0.4ms
[2023-08-11T15:39:32.917+0000][gc,heap       ] GC(244) Eden regions: 23->0(544)
[2023-08-11T15:39:32.917+0000][gc,heap       ] GC(244) Survivor regions: 28->7(7)
[2023-08-11T15:39:32.917+0000][gc,heap       ] GC(244) Old regions: 167->167
[2023-08-11T15:39:32.917+0000][gc,heap       ] GC(244) Humongous regions: 149->149
[2023-08-11T15:39:32.917+0000][gc,metaspace  ] GC(244) Metaspace: 118175K(123876K)->118175K(123876K) NonClass: 104425K(107724K)->104425K(107724K) Class: 13749K(16152K)->13749K(16152K)
[2023-08-11T15:39:32.917+0000][gc            ] GC(244) Pause Young (Mixed) (G1 Evacuation Pause) 366M->322M(1024M) 17.516ms
[2023-08-11T15:39:32.917+0000][gc,cpu        ] GC(244) User=0.13s Sys=0.00s Real=0.01s
[2023-08-11T15:41:54.360+0000][gc,start      ] GC(245) Pause Young (Normal) (G1 Evacuation Pause)
[2023-08-11T15:41:54.360+0000][gc,task       ] GC(245) Using 8 workers of 8 for evacuation
[2023-08-11T15:41:54.370+0000][gc,phases     ] GC(245)   Pre Evacuate Collection Set: 0.0ms
[2023-08-11T15:41:54.370+0000][gc,phases     ] GC(245)   Evacuate Collection Set: 9.1ms
[2023-08-11T15:41:54.370+0000][gc,phases     ] GC(245)   Post Evacuate Collection Set: 0.7ms
[2023-08-11T15:41:54.370+0000][gc,phases     ] GC(245)   Other: 0.3ms
[2023-08-11T15:41:54.370+0000][gc,heap       ] GC(245) Eden regions: 544->0(543)
[2023-08-11T15:41:54.370+0000][gc,heap       ] GC(245) Survivor regions: 7->12(69)
[2023-08-11T15:41:54.370+0000][gc,heap       ] GC(245) Old regions: 167->167
[2023-08-11T15:41:54.370+0000][gc,heap       ] GC(245) Humongous regions: 149->149
[2023-08-11T15:41:54.370+0000][gc,metaspace  ] GC(245) Metaspace: 118178K(123876K)->118178K(123876K) NonClass: 104429K(107724K)->104429K(107724K) Class: 13749K(16152K)->13749K(16152K)
[2023-08-11T15:41:54.370+0000][gc            ] GC(245) Pause Young (Normal) (G1 Evacuation Pause) 866M->327M(1024M) 10.272ms
[2023-08-11T15:41:54.370+0000][gc,cpu        ] GC(245) User=0.08s Sys=0.01s Real=0.00s
[2023-08-11T15:43:54.347+0000][gc,start      ] GC(246) Pause Young (Normal) (G1 Evacuation Pause)
[2023-08-11T15:43:54.347+0000][gc,task       ] GC(246) Using 8 workers of 8 for evacuation
[2023-08-11T15:43:54.363+0000][gc,phases     ] GC(246)   Pre Evacuate Collection Set: 0.0ms
[2023-08-11T15:43:54.363+0000][gc,phases     ] GC(246)   Evacuate Collection Set: 14.8ms
[2023-08-11T15:43:54.363+0000][gc,phases     ] GC(246)   Post Evacuate Collection Set: 0.7ms
[2023-08-11T15:43:54.363+0000][gc,phases     ] GC(246)   Other: 0.4ms
[2023-08-11T15:43:54.363+0000][gc,heap       ] GC(246) Eden regions: 513->0(513)
[2023-08-11T15:43:54.363+0000][gc,heap       ] GC(246) Survivor regions: 12->24(66)
[2023-08-11T15:43:54.363+0000][gc,heap       ] GC(246) Old regions: 167->167
[2023-08-11T15:43:54.363+0000][gc,heap       ] GC(246) Humongous regions: 149->149
[2023-08-11T15:43:54.363+0000][gc,metaspace  ] GC(246) Metaspace: 118221K(123876K)->118221K(123876K) NonClass: 104470K(107724K)->104470K(107724K) Class: 13751K(16152K)->13751K(16152K)
[2023-08-11T15:43:54.363+0000][gc            ] GC(246) Pause Young (Normal) (G1 Evacuation Pause) 840M->339M(1024M) 15.895ms
[2023-08-11T15:43:54.363+0000][gc,cpu        ] GC(246) User=0.12s Sys=0.01s Real=0.02s
[2023-08-11T15:45:32.906+0000][gc,start      ] GC(247) Pause Young (Concurrent Start) (G1 Evacuation Pause)
[2023-08-11T15:45:32.907+0000][gc,task       ] GC(247) Using 8 workers of 8 for evacuation
[2023-08-11T15:45:32.924+0000][gc,phases     ] GC(247)   Pre Evacuate Collection Set: 0.5ms
[2023-08-11T15:45:32.924+0000][gc,phases     ] GC(247)   Evacuate Collection Set: 16.2ms
[2023-08-11T15:45:32.924+0000][gc,phases     ] GC(247)   Post Evacuate Collection Set: 0.7ms
[2023-08-11T15:45:32.924+0000][gc,phases     ] GC(247)   Other: 0.5ms
[2023-08-11T15:45:32.924+0000][gc,heap       ] GC(247) Eden regions: 411->0(393)
[2023-08-11T15:45:32.924+0000][gc,heap       ] GC(247) Survivor regions: 24->31(55)
[2023-08-11T15:45:32.924+0000][gc,heap       ] GC(247) Old regions: 167->167
[2023-08-11T15:45:32.924+0000][gc,heap       ] GC(247) Humongous regions: 149->149
[2023-08-11T15:45:32.924+0000][gc,metaspace  ] GC(247) Metaspace: 118221K(123876K)->118221K(123876K) NonClass: 104470K(107724K)->104470K(107724K) Class: 13751K(16152K)->13751K(16152K)
[2023-08-11T15:45:32.924+0000][gc            ] GC(247) Pause Young (Concurrent Start) (G1 Evacuation Pause) 750M->346M(1024M) 17.904ms
[2023-08-11T15:45:32.924+0000][gc,cpu        ] GC(247) User=0.13s Sys=0.00s Real=0.02s
[2023-08-11T15:45:32.924+0000][gc            ] GC(248) Concurrent Cycle
[2023-08-11T15:45:32.925+0000][gc,marking    ] GC(248) Concurrent Clear Claimed Marks
[2023-08-11T15:45:32.925+0000][gc,marking    ] GC(248) Concurrent Clear Claimed Marks 0.407ms
[2023-08-11T15:45:32.925+0000][gc,marking    ] GC(248) Concurrent Scan Root Regions
[2023-08-11T15:45:32.936+0000][gc,marking    ] GC(248) Concurrent Scan Root Regions 11.311ms
[2023-08-11T15:45:32.936+0000][gc,marking    ] GC(248) Concurrent Mark (18224.238s)
[2023-08-11T15:45:32.936+0000][gc,marking    ] GC(248) Concurrent Mark From Roots
[2023-08-11T15:45:32.936+0000][gc,task       ] GC(248) Using 2 workers of 2 for marking
[2023-08-11T15:45:33.002+0000][gc,marking    ] GC(248) Concurrent Mark From Roots 65.551ms
[2023-08-11T15:45:33.002+0000][gc,marking    ] GC(248) Concurrent Preclean
[2023-08-11T15:45:33.003+0000][gc,marking    ] GC(248) Concurrent Preclean 0.483ms
[2023-08-11T15:45:33.003+0000][gc,marking    ] GC(248) Concurrent Mark (18224.238s, 18224.304s) 66.112ms
[2023-08-11T15:45:33.003+0000][gc,start      ] GC(248) Pause Remark
[2023-08-11T15:45:33.015+0000][gc,stringtable] GC(248) Cleaned string and symbol table, strings: 43717 processed, 0 removed, symbols: 278402 processed, 0 removed
[2023-08-11T15:45:33.015+0000][gc            ] GC(248) Pause Remark 374M->374M(1024M) 12.304ms
[2023-08-11T15:45:33.015+0000][gc,cpu        ] GC(248) User=0.08s Sys=0.00s Real=0.01s
[2023-08-11T15:45:33.015+0000][gc,marking    ] GC(248) Concurrent Rebuild Remembered Sets
[2023-08-11T15:45:33.055+0000][gc,marking    ] GC(248) Concurrent Rebuild Remembered Sets 39.490ms
[2023-08-11T15:45:33.055+0000][gc,start      ] GC(248) Pause Cleanup
[2023-08-11T15:45:33.055+0000][gc            ] GC(248) Pause Cleanup 374M->374M(1024M) 0.238ms
[2023-08-11T15:45:33.055+0000][gc,cpu        ] GC(248) User=0.00s Sys=0.00s Real=0.00s
[2023-08-11T15:45:33.055+0000][gc,marking    ] GC(248) Concurrent Cleanup for Next Mark
[2023-08-11T15:45:33.057+0000][gc,marking    ] GC(248) Concurrent Cleanup for Next Mark 1.350ms
[2023-08-11T15:45:33.057+0000][gc            ] GC(248) Concurrent Cycle 132.214ms
[2023-08-11T15:45:34.151+0000][gc,start      ] GC(249) Pause Young (Prepare Mixed) (G1 Evacuation Pause)
[2023-08-11T15:45:34.151+0000][gc,task       ] GC(249) Using 8 workers of 8 for evacuation
[2023-08-11T15:45:34.169+0000][gc,phases     ] GC(249)   Pre Evacuate Collection Set: 0.0ms
[2023-08-11T15:45:34.169+0000][gc,phases     ] GC(249)   Evacuate Collection Set: 16.6ms
[2023-08-11T15:45:34.169+0000][gc,phases     ] GC(249)   Post Evacuate Collection Set: 0.6ms
[2023-08-11T15:45:34.169+0000][gc,phases     ] GC(249)   Other: 0.4ms
[2023-08-11T15:45:34.169+0000][gc,heap       ] GC(249) Eden regions: 29->0(47)
[2023-08-11T15:45:34.169+0000][gc,heap       ] GC(249) Survivor regions: 31->4(8)
[2023-08-11T15:45:34.169+0000][gc,heap       ] GC(249) Old regions: 167->190
[2023-08-11T15:45:34.169+0000][gc,heap       ] GC(249) Humongous regions: 149->149
[2023-08-11T15:45:34.169+0000][gc,metaspace  ] GC(249) Metaspace: 118221K(123876K)->118221K(123876K) NonClass: 104470K(107724K)->104470K(107724K) Class: 13751K(16152K)->13751K(16152K)
[2023-08-11T15:45:34.169+0000][gc            ] GC(249) Pause Young (Prepare Mixed) (G1 Evacuation Pause) 375M->342M(1024M) 17.685ms
[2023-08-11T15:45:34.169+0000][gc,cpu        ] GC(249) User=0.13s Sys=0.00s Real=0.01s
[2023-08-11T15:45:54.348+0000][gc,start      ] GC(250) Pause Young (Mixed) (G1 Evacuation Pause)
[2023-08-11T15:45:54.348+0000][gc,task       ] GC(250) Using 8 workers of 8 for evacuation
[2023-08-11T15:45:54.354+0000][gc,phases     ] GC(250)   Pre Evacuate Collection Set: 0.1ms
[2023-08-11T15:45:54.354+0000][gc,phases     ] GC(250)   Evacuate Collection Set: 4.7ms
[2023-08-11T15:45:54.354+0000][gc,phases     ] GC(250)   Post Evacuate Collection Set: 0.4ms
[2023-08-11T15:45:54.354+0000][gc,phases     ] GC(250)   Other: 0.4ms
[2023-08-11T15:45:54.354+0000][gc,heap       ] GC(250) Eden regions: 47->0(553)
[2023-08-11T15:45:54.354+0000][gc,heap       ] GC(250) Survivor regions: 4->3(7)
[2023-08-11T15:45:54.354+0000][gc,heap       ] GC(250) Old regions: 190->166
[2023-08-11T15:45:54.354+0000][gc,heap       ] GC(250) Humongous regions: 149->149
[2023-08-11T15:45:54.354+0000][gc,metaspace  ] GC(250) Metaspace: 118221K(123876K)->118221K(123876K) NonClass: 104470K(107724K)->104470K(107724K) Class: 13751K(16152K)->13751K(16152K)
[2023-08-11T15:45:54.354+0000][gc            ] GC(250) Pause Young (Mixed) (G1 Evacuation Pause) 389M->317M(1024M) 5.699ms
[2023-08-11T15:45:54.354+0000][gc,cpu        ] GC(250) User=0.04s Sys=0.00s Real=0.01s
[2023-08-11T15:48:19.718+0000][gc,start      ] GC(251) Pause Young (Normal) (G1 Evacuation Pause)
[2023-08-11T15:48:19.718+0000][gc,task       ] GC(251) Using 8 workers of 8 for evacuation
[2023-08-11T15:48:19.727+0000][gc,phases     ] GC(251)   Pre Evacuate Collection Set: 0.0ms
[2023-08-11T15:48:19.727+0000][gc,phases     ] GC(251)   Evacuate Collection Set: 7.8ms
[2023-08-11T15:48:19.727+0000][gc,phases     ] GC(251)   Post Evacuate Collection Set: 0.8ms
[2023-08-11T15:48:19.727+0000][gc,phases     ] GC(251)   Other: 0.3ms
[2023-08-11T15:48:19.727+0000][gc,heap       ] GC(251) Eden regions: 553->0(551)
[2023-08-11T15:48:19.727+0000][gc,heap       ] GC(251) Survivor regions: 3->10(70)
[2023-08-11T15:48:19.727+0000][gc,heap       ] GC(251) Old regions: 166->166
[2023-08-11T15:48:19.727+0000][gc,heap       ] GC(251) Humongous regions: 149->149
[2023-08-11T15:48:19.727+0000][gc,metaspace  ] GC(251) Metaspace: 118221K(123876K)->118221K(123876K) NonClass: 104470K(107724K)->104470K(107724K) Class: 13751K(16152K)->13751K(16152K)
[2023-08-11T15:48:19.727+0000][gc            ] GC(251) Pause Young (Normal) (G1 Evacuation Pause) 870M->324M(1024M) 9.008ms
[2023-08-11T15:48:19.727+0000][gc,cpu        ] GC(251) User=0.06s Sys=0.00s Real=0.01s
[2023-08-11T15:50:25.225+0000][gc,start      ] GC(252) Pause Young (Normal) (G1 Evacuation Pause)
[2023-08-11T15:50:25.225+0000][gc,task       ] GC(252) Using 8 workers of 8 for evacuation
[2023-08-11T15:50:25.236+0000][gc,phases     ] GC(252)   Pre Evacuate Collection Set: 0.0ms
[2023-08-11T15:50:25.236+0000][gc,phases     ] GC(252)   Evacuate Collection Set: 9.5ms
[2023-08-11T15:50:25.236+0000][gc,phases     ] GC(252)   Post Evacuate Collection Set: 0.7ms
[2023-08-11T15:50:25.236+0000][gc,phases     ] GC(252)   Other: 0.3ms
[2023-08-11T15:50:25.236+0000][gc,heap       ] GC(252) Eden regions: 551->0(550)
[2023-08-11T15:50:25.236+0000][gc,heap       ] GC(252) Survivor regions: 10->16(71)
[2023-08-11T15:50:25.236+0000][gc,heap       ] GC(252) Old regions: 166->166
[2023-08-11T15:50:25.236+0000][gc,heap       ] GC(252) Humongous regions: 149->149
[2023-08-11T15:50:25.236+0000][gc,metaspace  ] GC(252) Metaspace: 118225K(123876K)->118225K(123876K) NonClass: 104474K(107724K)->104474K(107724K) Class: 13751K(16152K)->13751K(16152K)
[2023-08-11T15:50:25.236+0000][gc            ] GC(252) Pause Young (Normal) (G1 Evacuation Pause) 875M->330M(1024M) 10.637ms
[2023-08-11T15:50:25.236+0000][gc,cpu        ] GC(252) User=0.07s Sys=0.00s Real=0.01s
[2023-08-11T15:52:48.681+0000][gc,start      ] GC(253) Pause Young (Concurrent Start) (G1 Evacuation Pause)
[2023-08-11T15:52:48.681+0000][gc,task       ] GC(253) Using 8 workers of 8 for evacuation
[2023-08-11T15:52:48.695+0000][gc,phases     ] GC(253)   Pre Evacuate Collection Set: 0.4ms
[2023-08-11T15:52:48.695+0000][gc,phases     ] GC(253)   Evacuate Collection Set: 13.2ms
[2023-08-11T15:52:48.695+0000][gc,phases     ] GC(253)   Post Evacuate Collection Set: 0.7ms
[2023-08-11T15:52:48.695+0000][gc,phases     ] GC(253)   Other: 0.4ms
[2023-08-11T15:52:48.695+0000][gc,heap       ] GC(253) Eden regions: 550->0(540)
[2023-08-11T15:52:48.695+0000][gc,heap       ] GC(253) Survivor regions: 16->22(71)
[2023-08-11T15:52:48.695+0000][gc,heap       ] GC(253) Old regions: 166->166
[2023-08-11T15:52:48.695+0000][gc,heap       ] GC(253) Humongous regions: 149->149
[2023-08-11T15:52:48.695+0000][gc,metaspace  ] GC(253) Metaspace: 118237K(123876K)->118237K(123876K) NonClass: 104485K(107724K)->104485K(107724K) Class: 13751K(16152K)->13751K(16152K)
[2023-08-11T15:52:48.695+0000][gc            ] GC(253) Pause Young (Concurrent Start) (G1 Evacuation Pause) 880M->336M(1024M) 14.809ms
[2023-08-11T15:52:48.696+0000][gc,cpu        ] GC(253) User=0.11s Sys=0.00s Real=0.01s
[2023-08-11T15:52:48.696+0000][gc            ] GC(254) Concurrent Cycle
[2023-08-11T15:52:48.696+0000][gc,marking    ] GC(254) Concurrent Clear Claimed Marks
[2023-08-11T15:52:48.696+0000][gc,marking    ] GC(254) Concurrent Clear Claimed Marks 0.179ms
[2023-08-11T15:52:48.696+0000][gc,marking    ] GC(254) Concurrent Scan Root Regions
[2023-08-11T15:52:48.704+0000][gc,marking    ] GC(254) Concurrent Scan Root Regions 8.102ms
[2023-08-11T15:52:48.704+0000][gc,marking    ] GC(254) Concurrent Mark (18660.005s)
[2023-08-11T15:52:48.704+0000][gc,marking    ] GC(254) Concurrent Mark From Roots
[2023-08-11T15:52:48.704+0000][gc,task       ] GC(254) Using 2 workers of 2 for marking
[2023-08-11T15:52:48.768+0000][gc,marking    ] GC(254) Concurrent Mark From Roots 63.772ms
[2023-08-11T15:52:48.768+0000][gc,marking    ] GC(254) Concurrent Preclean
[2023-08-11T15:52:48.768+0000][gc,marking    ] GC(254) Concurrent Preclean 0.463ms
[2023-08-11T15:52:48.768+0000][gc,marking    ] GC(254) Concurrent Mark (18660.005s, 18660.070s) 64.301ms
[2023-08-11T15:52:48.768+0000][gc,start      ] GC(254) Pause Remark
[2023-08-11T15:52:48.786+0000][gc,stringtable] GC(254) Cleaned string and symbol table, strings: 43723 processed, 0 removed, symbols: 278402 processed, 0 removed
[2023-08-11T15:52:48.786+0000][gc            ] GC(254) Pause Remark 340M->338M(1024M) 18.066ms
[2023-08-11T15:52:48.787+0000][gc,cpu        ] GC(254) User=0.11s Sys=0.00s Real=0.02s
[2023-08-11T15:52:48.787+0000][gc,marking    ] GC(254) Concurrent Rebuild Remembered Sets
[2023-08-11T15:52:48.828+0000][gc,marking    ] GC(254) Concurrent Rebuild Remembered Sets 41.320ms
[2023-08-11T15:52:48.828+0000][gc,start      ] GC(254) Pause Cleanup
[2023-08-11T15:52:48.828+0000][gc            ] GC(254) Pause Cleanup 338M->338M(1024M) 0.232ms
[2023-08-11T15:52:48.828+0000][gc,cpu        ] GC(254) User=0.00s Sys=0.00s Real=0.00s
[2023-08-11T15:52:48.829+0000][gc,marking    ] GC(254) Concurrent Cleanup for Next Mark
[2023-08-11T15:52:48.830+0000][gc,marking    ] GC(254) Concurrent Cleanup for Next Mark 1.353ms
[2023-08-11T15:52:48.830+0000][gc            ] GC(254) Concurrent Cycle 134.326ms
[2023-08-11T15:54:51.655+0000][gc,start      ] GC(255) Pause Young (Prepare Mixed) (G1 Evacuation Pause)
[2023-08-11T15:54:51.655+0000][gc,task       ] GC(255) Using 8 workers of 8 for evacuation
[2023-08-11T15:54:51.672+0000][gc,phases     ] GC(255)   Pre Evacuate Collection Set: 0.0ms
[2023-08-11T15:54:51.672+0000][gc,phases     ] GC(255)   Evacuate Collection Set: 16.1ms
[2023-08-11T15:54:51.672+0000][gc,phases     ] GC(255)   Post Evacuate Collection Set: 0.7ms
[2023-08-11T15:54:51.672+0000][gc,phases     ] GC(255)   Other: 0.5ms
[2023-08-11T15:54:51.672+0000][gc,heap       ] GC(255) Eden regions: 498->0(23)
[2023-08-11T15:54:51.672+0000][gc,heap       ] GC(255) Survivor regions: 22->28(65)
[2023-08-11T15:54:51.672+0000][gc,heap       ] GC(255) Old regions: 164->164
[2023-08-11T15:54:51.672+0000][gc,heap       ] GC(255) Humongous regions: 149->149
[2023-08-11T15:54:51.672+0000][gc,metaspace  ] GC(255) Metaspace: 118247K(123876K)->118247K(123876K) NonClass: 104496K(107724K)->104496K(107724K) Class: 13751K(16152K)->13751K(16152K)
[2023-08-11T15:54:51.672+0000][gc            ] GC(255) Pause Young (Prepare Mixed) (G1 Evacuation Pause) 832M->340M(1024M) 17.459ms
[2023-08-11T15:54:51.672+0000][gc,cpu        ] GC(255) User=0.13s Sys=0.00s Real=0.02s
[2023-08-11T15:54:54.386+0000][gc,start      ] GC(256) Pause Young (Mixed) (G1 Evacuation Pause)
[2023-08-11T15:54:54.386+0000][gc,task       ] GC(256) Using 8 workers of 8 for evacuation
[2023-08-11T15:54:54.403+0000][gc,phases     ] GC(256)   Pre Evacuate Collection Set: 0.0ms
[2023-08-11T15:54:54.403+0000][gc,phases     ] GC(256)   Evacuate Collection Set: 15.4ms
[2023-08-11T15:54:54.403+0000][gc,phases     ] GC(256)   Post Evacuate Collection Set: 0.5ms
[2023-08-11T15:54:54.403+0000][gc,phases     ] GC(256)   Other: 0.4ms
[2023-08-11T15:54:54.403+0000][gc,heap       ] GC(256) Eden regions: 23->0(562)
[2023-08-11T15:54:54.403+0000][gc,heap       ] GC(256) Survivor regions: 28->4(7)
[2023-08-11T15:54:54.403+0000][gc,heap       ] GC(256) Old regions: 164->169
[2023-08-11T15:54:54.403+0000][gc,heap       ] GC(256) Humongous regions: 149->149
[2023-08-11T15:54:54.403+0000][gc,metaspace  ] GC(256) Metaspace: 118247K(123876K)->118247K(123876K) NonClass: 104496K(107724K)->104496K(107724K) Class: 13751K(16152K)->13751K(16152K)
[2023-08-11T15:54:54.403+0000][gc            ] GC(256) Pause Young (Mixed) (G1 Evacuation Pause) 363M->321M(1024M) 16.471ms
[2023-08-11T15:54:54.403+0000][gc,cpu        ] GC(256) User=0.12s Sys=0.00s Real=0.02s
[2023-08-11T15:57:24.362+0000][gc,start      ] GC(257) Pause Young (Normal) (G1 Evacuation Pause)
[2023-08-11T15:57:24.362+0000][gc,task       ] GC(257) Using 8 workers of 8 for evacuation
[2023-08-11T15:57:24.371+0000][gc,phases     ] GC(257)   Pre Evacuate Collection Set: 0.0ms
[2023-08-11T15:57:24.371+0000][gc,phases     ] GC(257)   Evacuate Collection Set: 8.0ms
[2023-08-11T15:57:24.371+0000][gc,phases     ] GC(257)   Post Evacuate Collection Set: 0.7ms
[2023-08-11T15:57:24.371+0000][gc,phases     ] GC(257)   Other: 0.3ms
[2023-08-11T15:57:24.371+0000][gc,heap       ] GC(257) Eden regions: 562->0(559)
[2023-08-11T15:57:24.371+0000][gc,heap       ] GC(257) Survivor regions: 4->9(71)
[2023-08-11T15:57:24.371+0000][gc,heap       ] GC(257) Old regions: 169->169
[2023-08-11T15:57:24.371+0000][gc,heap       ] GC(257) Humongous regions: 149->149
[2023-08-11T15:57:24.371+0000][gc,metaspace  ] GC(257) Metaspace: 118253K(123876K)->118253K(123876K) NonClass: 104502K(107724K)->104502K(107724K) Class: 13751K(16152K)->13751K(16152K)
[2023-08-11T15:57:24.371+0000][gc            ] GC(257) Pause Young (Normal) (G1 Evacuation Pause) 883M->326M(1024M) 9.179ms
[2023-08-11T15:57:24.371+0000][gc,cpu        ] GC(257) User=0.06s Sys=0.00s Real=0.01s
[2023-08-11T15:59:39.453+0000][gc,start      ] GC(258) Pause Young (Normal) (G1 Evacuation Pause)
[2023-08-11T15:59:39.453+0000][gc,task       ] GC(258) Using 8 workers of 8 for evacuation
[2023-08-11T15:59:39.464+0000][gc,phases     ] GC(258)   Pre Evacuate Collection Set: 0.0ms
[2023-08-11T15:59:39.464+0000][gc,phases     ] GC(258)   Evacuate Collection Set: 10.0ms
[2023-08-11T15:59:39.464+0000][gc,phases     ] GC(258)   Post Evacuate Collection Set: 0.7ms
[2023-08-11T15:59:39.464+0000][gc,phases     ] GC(258)   Other: 0.3ms
[2023-08-11T15:59:39.464+0000][gc,heap       ] GC(258) Eden regions: 559->0(556)
[2023-08-11T15:59:39.464+0000][gc,heap       ] GC(258) Survivor regions: 9->15(71)
[2023-08-11T15:59:39.464+0000][gc,heap       ] GC(258) Old regions: 169->169
[2023-08-11T15:59:39.464+0000][gc,heap       ] GC(258) Humongous regions: 149->149
[2023-08-11T15:59:39.464+0000][gc,metaspace  ] GC(258) Metaspace: 118259K(123876K)->118259K(123876K) NonClass: 104507K(107724K)->104507K(107724K) Class: 13751K(16152K)->13751K(16152K)
[2023-08-11T15:59:39.464+0000][gc            ] GC(258) Pause Young (Normal) (G1 Evacuation Pause) 885M->332M(1024M) 11.126ms
[2023-08-11T15:59:39.464+0000][gc,cpu        ] GC(258) User=0.08s Sys=0.00s Real=0.01s
[2023-08-11T16:01:54.395+0000][gc,start      ] GC(259) Pause Young (Concurrent Start) (G1 Evacuation Pause)
[2023-08-11T16:01:54.395+0000][gc,task       ] GC(259) Using 8 workers of 8 for evacuation
[2023-08-11T16:01:54.409+0000][gc,phases     ] GC(259)   Pre Evacuate Collection Set: 0.5ms
[2023-08-11T16:01:54.410+0000][gc,phases     ] GC(259)   Evacuate Collection Set: 12.9ms
[2023-08-11T16:01:54.410+0000][gc,phases     ] GC(259)   Post Evacuate Collection Set: 0.7ms
[2023-08-11T16:01:54.410+0000][gc,phases     ] GC(259)   Other: 0.4ms
[2023-08-11T16:01:54.410+0000][gc,heap       ] GC(259) Eden regions: 556->0(552)
[2023-08-11T16:01:54.410+0000][gc,heap       ] GC(259) Survivor regions: 15->21(72)
[2023-08-11T16:01:54.410+0000][gc,heap       ] GC(259) Old regions: 169->169
[2023-08-11T16:01:54.410+0000][gc,heap       ] GC(259) Humongous regions: 149->149
[2023-08-11T16:01:54.410+0000][gc,metaspace  ] GC(259) Metaspace: 118261K(123876K)->118261K(123876K) NonClass: 104509K(107724K)->104509K(107724K) Class: 13751K(16152K)->13751K(16152K)
[2023-08-11T16:01:54.410+0000][gc            ] GC(259) Pause Young (Concurrent Start) (G1 Evacuation Pause) 888M->338M(1024M) 14.576ms
[2023-08-11T16:01:54.410+0000][gc,cpu        ] GC(259) User=0.10s Sys=0.00s Real=0.01s
[2023-08-11T16:01:54.410+0000][gc            ] GC(260) Concurrent Cycle
[2023-08-11T16:01:54.410+0000][gc,marking    ] GC(260) Concurrent Clear Claimed Marks
[2023-08-11T16:01:54.410+0000][gc,marking    ] GC(260) Concurrent Clear Claimed Marks 0.342ms
[2023-08-11T16:01:54.410+0000][gc,marking    ] GC(260) Concurrent Scan Root Regions
[2023-08-11T16:01:54.418+0000][gc,marking    ] GC(260) Concurrent Scan Root Regions 7.842ms
[2023-08-11T16:01:54.418+0000][gc,marking    ] GC(260) Concurrent Mark (19205.719s)
[2023-08-11T16:01:54.418+0000][gc,marking    ] GC(260) Concurrent Mark From Roots
[2023-08-11T16:01:54.418+0000][gc,task       ] GC(260) Using 2 workers of 2 for marking
[2023-08-11T16:01:54.489+0000][gc,marking    ] GC(260) Concurrent Mark From Roots 70.951ms
[2023-08-11T16:01:54.489+0000][gc,marking    ] GC(260) Concurrent Preclean
[2023-08-11T16:01:54.490+0000][gc,marking    ] GC(260) Concurrent Preclean 0.563ms
[2023-08-11T16:01:54.490+0000][gc,marking    ] GC(260) Concurrent Mark (19205.719s, 19205.791s) 71.672ms
[2023-08-11T16:01:54.490+0000][gc,start      ] GC(260) Pause Remark
[2023-08-11T16:01:54.514+0000][gc,stringtable] GC(260) Cleaned string and symbol table, strings: 43725 processed, 4 removed, symbols: 278403 processed, 1 removed
[2023-08-11T16:01:54.515+0000][gc,mmu        ] GC(260) MMU target violated: 21.0ms (20.0ms/21.0ms)
[2023-08-11T16:01:54.515+0000][gc            ] GC(260) Pause Remark 355M->354M(1024M) 24.884ms
[2023-08-11T16:01:54.515+0000][gc,cpu        ] GC(260) User=0.09s Sys=0.00s Real=0.03s
[2023-08-11T16:01:54.515+0000][gc,marking    ] GC(260) Concurrent Rebuild Remembered Sets
[2023-08-11T16:01:54.559+0000][gc,marking    ] GC(260) Concurrent Rebuild Remembered Sets 44.423ms
[2023-08-11T16:01:54.560+0000][gc,start      ] GC(260) Pause Cleanup
[2023-08-11T16:01:54.560+0000][gc            ] GC(260) Pause Cleanup 354M->354M(1024M) 0.224ms
[2023-08-11T16:01:54.560+0000][gc,cpu        ] GC(260) User=0.00s Sys=0.00s Real=0.00s
[2023-08-11T16:01:54.560+0000][gc,marking    ] GC(260) Concurrent Cleanup for Next Mark
[2023-08-11T16:01:54.561+0000][gc,marking    ] GC(260) Concurrent Cleanup for Next Mark 1.350ms
[2023-08-11T16:01:54.561+0000][gc            ] GC(260) Concurrent Cycle 151.525ms
[2023-08-11T16:03:54.366+0000][gc,start      ] GC(261) Pause Young (Prepare Mixed) (G1 Evacuation Pause)
[2023-08-11T16:03:54.366+0000][gc,task       ] GC(261) Using 8 workers of 8 for evacuation
[2023-08-11T16:03:54.383+0000][gc,phases     ] GC(261)   Pre Evacuate Collection Set: 0.0ms
[2023-08-11T16:03:54.383+0000][gc,phases     ] GC(261)   Evacuate Collection Set: 15.7ms
[2023-08-11T16:03:54.383+0000][gc,phases     ] GC(261)   Post Evacuate Collection Set: 0.7ms
[2023-08-11T16:03:54.383+0000][gc,phases     ] GC(261)   Other: 0.4ms
[2023-08-11T16:03:54.383+0000][gc,heap       ] GC(261) Eden regions: 484->0(24)
[2023-08-11T16:03:54.383+0000][gc,heap       ] GC(261) Survivor regions: 21->27(64)
[2023-08-11T16:03:54.383+0000][gc,heap       ] GC(261) Old regions: 168->168
[2023-08-11T16:03:54.383+0000][gc,heap       ] GC(261) Humongous regions: 149->149
[2023-08-11T16:03:54.383+0000][gc,metaspace  ] GC(261) Metaspace: 118264K(124132K)->118264K(124132K) NonClass: 104513K(107980K)->104513K(107980K) Class: 13751K(16152K)->13751K(16152K)
[2023-08-11T16:03:54.383+0000][gc            ] GC(261) Pause Young (Prepare Mixed) (G1 Evacuation Pause) 821M->343M(1024M) 17.026ms
[2023-08-11T16:03:54.383+0000][gc,cpu        ] GC(261) User=0.13s Sys=0.00s Real=0.02s
[2023-08-11T16:03:54.474+0000][gc,start      ] GC(262) Pause Young (Mixed) (G1 Evacuation Pause)
[2023-08-11T16:03:54.474+0000][gc,task       ] GC(262) Using 8 workers of 8 for evacuation
[2023-08-11T16:03:54.493+0000][gc,phases     ] GC(262)   Pre Evacuate Collection Set: 0.1ms
[2023-08-11T16:03:54.493+0000][gc,phases     ] GC(262)   Evacuate Collection Set: 17.2ms
[2023-08-11T16:03:54.493+0000][gc,phases     ] GC(262)   Post Evacuate Collection Set: 0.6ms
[2023-08-11T16:03:54.493+0000][gc,phases     ] GC(262)   Other: 0.5ms
[2023-08-11T16:03:54.493+0000][gc,heap       ] GC(262) Eden regions: 24->0(555)
[2023-08-11T16:03:54.493+0000][gc,heap       ] GC(262) Survivor regions: 27->4(7)
[2023-08-11T16:03:54.493+0000][gc,heap       ] GC(262) Old regions: 168->168
[2023-08-11T16:03:54.493+0000][gc,heap       ] GC(262) Humongous regions: 149->149
[2023-08-11T16:03:54.493+0000][gc,metaspace  ] GC(262) Metaspace: 118264K(124132K)->118264K(124132K) NonClass: 104513K(107980K)->104513K(107980K) Class: 13751K(16152K)->13751K(16152K)
[2023-08-11T16:03:54.493+0000][gc            ] GC(262) Pause Young (Mixed) (G1 Evacuation Pause) 367M->320M(1024M) 18.403ms
[2023-08-11T16:03:54.493+0000][gc,cpu        ] GC(262) User=0.12s Sys=0.00s Real=0.02s
[2023-08-11T16:06:24.474+0000][gc,start      ] GC(263) Pause Young (Normal) (G1 Evacuation Pause)
[2023-08-11T16:06:24.474+0000][gc,task       ] GC(263) Using 8 workers of 8 for evacuation
[2023-08-11T16:06:24.484+0000][gc,phases     ] GC(263)   Pre Evacuate Collection Set: 0.0ms
[2023-08-11T16:06:24.484+0000][gc,phases     ] GC(263)   Evacuate Collection Set: 8.2ms
[2023-08-11T16:06:24.484+0000][gc,phases     ] GC(263)   Post Evacuate Collection Set: 0.8ms
[2023-08-11T16:06:24.484+0000][gc,phases     ] GC(263)   Other: 0.4ms
[2023-08-11T16:06:24.484+0000][gc,heap       ] GC(263) Eden regions: 555->0(553)
[2023-08-11T16:06:24.484+0000][gc,heap       ] GC(263) Survivor regions: 4->10(70)
[2023-08-11T16:06:24.484+0000][gc,heap       ] GC(263) Old regions: 168->168
[2023-08-11T16:06:24.484+0000][gc,heap       ] GC(263) Humongous regions: 149->149
[2023-08-11T16:06:24.484+0000][gc,metaspace  ] GC(263) Metaspace: 118264K(124132K)->118264K(124132K) NonClass: 104513K(107980K)->104513K(107980K) Class: 13751K(16152K)->13751K(16152K)
[2023-08-11T16:06:24.484+0000][gc            ] GC(263) Pause Young (Normal) (G1 Evacuation Pause) 875M->326M(1024M) 9.513ms
[2023-08-11T16:06:24.484+0000][gc,cpu        ] GC(263) User=0.07s Sys=0.00s Real=0.01s
[2023-08-11T16:08:41.599+0000][gc,start      ] GC(264) Pause Young (Normal) (G1 Evacuation Pause)
[2023-08-11T16:08:41.599+0000][gc,task       ] GC(264) Using 8 workers of 8 for evacuation
[2023-08-11T16:08:41.611+0000][gc,phases     ] GC(264)   Pre Evacuate Collection Set: 0.0ms
[2023-08-11T16:08:41.611+0000][gc,phases     ] GC(264)   Evacuate Collection Set: 10.3ms
[2023-08-11T16:08:41.611+0000][gc,phases     ] GC(264)   Post Evacuate Collection Set: 0.7ms
[2023-08-11T16:08:41.611+0000][gc,phases     ] GC(264)   Other: 0.3ms
[2023-08-11T16:08:41.611+0000][gc,heap       ] GC(264) Eden regions: 553->0(550)
[2023-08-11T16:08:41.611+0000][gc,heap       ] GC(264) Survivor regions: 10->16(71)
[2023-08-11T16:08:41.611+0000][gc,heap       ] GC(264) Old regions: 168->168
[2023-08-11T16:08:41.611+0000][gc,heap       ] GC(264) Humongous regions: 149->149
[2023-08-11T16:08:41.611+0000][gc,metaspace  ] GC(264) Metaspace: 118264K(124132K)->118264K(124132K) NonClass: 104513K(107980K)->104513K(107980K) Class: 13751K(16152K)->13751K(16152K)
[2023-08-11T16:08:41.611+0000][gc            ] GC(264) Pause Young (Normal) (G1 Evacuation Pause) 879M->331M(1024M) 11.394ms
[2023-08-11T16:08:41.611+0000][gc,cpu        ] GC(264) User=0.08s Sys=0.00s Real=0.00s
[2023-08-11T16:10:55.196+0000][gc,start      ] GC(265) Pause Young (Concurrent Start) (G1 Evacuation Pause)
[2023-08-11T16:10:55.196+0000][gc,task       ] GC(265) Using 8 workers of 8 for evacuation
[2023-08-11T16:10:55.210+0000][gc,phases     ] GC(265)   Pre Evacuate Collection Set: 0.5ms
[2023-08-11T16:10:55.210+0000][gc,phases     ] GC(265)   Evacuate Collection Set: 13.1ms
[2023-08-11T16:10:55.210+0000][gc,phases     ] GC(265)   Post Evacuate Collection Set: 0.7ms
[2023-08-11T16:10:55.210+0000][gc,phases     ] GC(265)   Other: 0.5ms
[2023-08-11T16:10:55.210+0000][gc,heap       ] GC(265) Eden regions: 550->0(548)
[2023-08-11T16:10:55.210+0000][gc,heap       ] GC(265) Survivor regions: 16->22(71)
[2023-08-11T16:10:55.210+0000][gc,heap       ] GC(265) Old regions: 168->168
[2023-08-11T16:10:55.210+0000][gc,heap       ] GC(265) Humongous regions: 149->149
[2023-08-11T16:10:55.211+0000][gc,metaspace  ] GC(265) Metaspace: 118265K(124132K)->118265K(124132K) NonClass: 104513K(107980K)->104513K(107980K) Class: 13751K(16152K)->13751K(16152K)
[2023-08-11T16:10:55.211+0000][gc            ] GC(265) Pause Young (Concurrent Start) (G1 Evacuation Pause) 881M->337M(1024M) 14.874ms
[2023-08-11T16:10:55.211+0000][gc,cpu        ] GC(265) User=0.11s Sys=0.00s Real=0.01s
[2023-08-11T16:10:55.211+0000][gc            ] GC(266) Concurrent Cycle
[2023-08-11T16:10:55.211+0000][gc,marking    ] GC(266) Concurrent Clear Claimed Marks
[2023-08-11T16:10:55.211+0000][gc,marking    ] GC(266) Concurrent Clear Claimed Marks 0.377ms
[2023-08-11T16:10:55.211+0000][gc,marking    ] GC(266) Concurrent Scan Root Regions
[2023-08-11T16:10:55.221+0000][gc,marking    ] GC(266) Concurrent Scan Root Regions 9.840ms
[2023-08-11T16:10:55.221+0000][gc,marking    ] GC(266) Concurrent Mark (19746.522s)
[2023-08-11T16:10:55.221+0000][gc,marking    ] GC(266) Concurrent Mark From Roots
[2023-08-11T16:10:55.221+0000][gc,task       ] GC(266) Using 2 workers of 2 for marking
[2023-08-11T16:10:55.286+0000][gc,marking    ] GC(266) Concurrent Mark From Roots 65.078ms
[2023-08-11T16:10:55.286+0000][gc,marking    ] GC(266) Concurrent Preclean
[2023-08-11T16:10:55.287+0000][gc,marking    ] GC(266) Concurrent Preclean 0.461ms
[2023-08-11T16:10:55.287+0000][gc,marking    ] GC(266) Concurrent Mark (19746.522s, 19746.588s) 65.631ms
[2023-08-11T16:10:55.287+0000][gc,start      ] GC(266) Pause Remark
[2023-08-11T16:10:55.298+0000][gc,stringtable] GC(266) Cleaned string and symbol table, strings: 43726 processed, 0 removed, symbols: 278402 processed, 0 removed
[2023-08-11T16:10:55.298+0000][gc            ] GC(266) Pause Remark 344M->344M(1024M) 11.099ms
[2023-08-11T16:10:55.298+0000][gc,cpu        ] GC(266) User=0.08s Sys=0.00s Real=0.01s
[2023-08-11T16:10:55.298+0000][gc,marking    ] GC(266) Concurrent Rebuild Remembered Sets
[2023-08-11T16:10:55.339+0000][gc,marking    ] GC(266) Concurrent Rebuild Remembered Sets 41.135ms
[2023-08-11T16:10:55.339+0000][gc,start      ] GC(266) Pause Cleanup
[2023-08-11T16:10:55.340+0000][gc            ] GC(266) Pause Cleanup 345M->345M(1024M) 0.257ms
[2023-08-11T16:10:55.340+0000][gc,cpu        ] GC(266) User=0.00s Sys=0.00s Real=0.00s
[2023-08-11T16:10:55.340+0000][gc,marking    ] GC(266) Concurrent Cleanup for Next Mark
[2023-08-11T16:10:55.341+0000][gc,marking    ] GC(266) Concurrent Cleanup for Next Mark 1.364ms
[2023-08-11T16:10:55.341+0000][gc            ] GC(266) Concurrent Cycle 130.527ms
[2023-08-11T16:12:54.360+0000][gc,start      ] GC(267) Pause Young (Prepare Mixed) (G1 Evacuation Pause)
[2023-08-11T16:12:54.360+0000][gc,task       ] GC(267) Using 8 workers of 8 for evacuation
[2023-08-11T16:12:54.377+0000][gc,phases     ] GC(267)   Pre Evacuate Collection Set: 0.0ms
[2023-08-11T16:12:54.377+0000][gc,phases     ] GC(267)   Evacuate Collection Set: 15.7ms
[2023-08-11T16:12:54.377+0000][gc,phases     ] GC(267)   Post Evacuate Collection Set: 0.7ms
[2023-08-11T16:12:54.377+0000][gc,phases     ] GC(267)   Other: 0.4ms
[2023-08-11T16:12:54.377+0000][gc,heap       ] GC(267) Eden regions: 464->0(24)
[2023-08-11T16:12:54.377+0000][gc,heap       ] GC(267) Survivor regions: 22->27(61)
[2023-08-11T16:12:54.377+0000][gc,heap       ] GC(267) Old regions: 168->168
[2023-08-11T16:12:54.377+0000][gc,heap       ] GC(267) Humongous regions: 149->149
[2023-08-11T16:12:54.377+0000][gc,metaspace  ] GC(267) Metaspace: 118265K(124132K)->118265K(124132K) NonClass: 104513K(107980K)->104513K(107980K) Class: 13751K(16152K)->13751K(16152K)
[2023-08-11T16:12:54.377+0000][gc            ] GC(267) Pause Young (Prepare Mixed) (G1 Evacuation Pause) 801M->343M(1024M) 16.825ms
[2023-08-11T16:12:54.377+0000][gc,cpu        ] GC(267) User=0.12s Sys=0.00s Real=0.01s
[2023-08-11T16:12:54.483+0000][gc,start      ] GC(268) Pause Young (Mixed) (G1 Evacuation Pause)
[2023-08-11T16:12:54.483+0000][gc,task       ] GC(268) Using 8 workers of 8 for evacuation
[2023-08-11T16:12:54.502+0000][gc,phases     ] GC(268)   Pre Evacuate Collection Set: 0.1ms
[2023-08-11T16:12:54.502+0000][gc,phases     ] GC(268)   Evacuate Collection Set: 18.4ms
[2023-08-11T16:12:54.502+0000][gc,phases     ] GC(268)   Post Evacuate Collection Set: 0.5ms
[2023-08-11T16:12:54.502+0000][gc,phases     ] GC(268)   Other: 0.5ms
[2023-08-11T16:12:54.502+0000][gc,heap       ] GC(268) Eden regions: 24->0(557)
[2023-08-11T16:12:54.502+0000][gc,heap       ] GC(268) Survivor regions: 27->4(7)
[2023-08-11T16:12:54.502+0000][gc,heap       ] GC(268) Old regions: 168->168
[2023-08-11T16:12:54.502+0000][gc,heap       ] GC(268) Humongous regions: 149->149
[2023-08-11T16:12:54.502+0000][gc,metaspace  ] GC(268) Metaspace: 118265K(124132K)->118265K(124132K) NonClass: 104513K(107980K)->104513K(107980K) Class: 13751K(16152K)->13751K(16152K)
[2023-08-11T16:12:54.502+0000][gc            ] GC(268) Pause Young (Mixed) (G1 Evacuation Pause) 367M->320M(1024M) 19.568ms
[2023-08-11T16:12:54.502+0000][gc,cpu        ] GC(268) User=0.13s Sys=0.00s Real=0.02s
[2023-08-11T16:15:24.391+0000][gc,start      ] GC(269) Pause Young (Normal) (G1 Evacuation Pause)
[2023-08-11T16:15:24.391+0000][gc,task       ] GC(269) Using 8 workers of 8 for evacuation
[2023-08-11T16:15:24.400+0000][gc,phases     ] GC(269)   Pre Evacuate Collection Set: 0.0ms
[2023-08-11T16:15:24.400+0000][gc,phases     ] GC(269)   Evacuate Collection Set: 7.7ms
[2023-08-11T16:15:24.400+0000][gc,phases     ] GC(269)   Post Evacuate Collection Set: 0.7ms
[2023-08-11T16:15:24.400+0000][gc,phases     ] GC(269)   Other: 0.4ms
[2023-08-11T16:15:24.400+0000][gc,heap       ] GC(269) Eden regions: 557->0(556)
[2023-08-11T16:15:24.400+0000][gc,heap       ] GC(269) Survivor regions: 4->9(71)
[2023-08-11T16:15:24.400+0000][gc,heap       ] GC(269) Old regions: 168->168
[2023-08-11T16:15:24.400+0000][gc,heap       ] GC(269) Humongous regions: 149->149
[2023-08-11T16:15:24.400+0000][gc,metaspace  ] GC(269) Metaspace: 118266K(124132K)->118266K(124132K) NonClass: 104515K(107980K)->104515K(107980K) Class: 13751K(16152K)->13751K(16152K)
[2023-08-11T16:15:24.400+0000][gc            ] GC(269) Pause Young (Normal) (G1 Evacuation Pause) 877M->324M(1024M) 8.951ms
[2023-08-11T16:15:24.400+0000][gc,cpu        ] GC(269) User=0.05s Sys=0.01s Real=0.01s
[2023-08-11T16:17:39.474+0000][gc,start      ] GC(270) Pause Young (Normal) (G1 Evacuation Pause)
[2023-08-11T16:17:39.474+0000][gc,task       ] GC(270) Using 8 workers of 8 for evacuation
[2023-08-11T16:17:39.486+0000][gc,phases     ] GC(270)   Pre Evacuate Collection Set: 0.0ms
[2023-08-11T16:17:39.486+0000][gc,phases     ] GC(270)   Evacuate Collection Set: 10.7ms
[2023-08-11T16:17:39.486+0000][gc,phases     ] GC(270)   Post Evacuate Collection Set: 0.7ms
[2023-08-11T16:17:39.486+0000][gc,phases     ] GC(270)   Other: 0.3ms
[2023-08-11T16:17:39.486+0000][gc,heap       ] GC(270) Eden regions: 556->0(551)
[2023-08-11T16:17:39.486+0000][gc,heap       ] GC(270) Survivor regions: 9->17(71)
[2023-08-11T16:17:39.486+0000][gc,heap       ] GC(270) Old regions: 168->168
[2023-08-11T16:17:39.486+0000][gc,heap       ] GC(270) Humongous regions: 149->149
[2023-08-11T16:17:39.486+0000][gc,metaspace  ] GC(270) Metaspace: 118266K(124132K)->118266K(124132K) NonClass: 104515K(107980K)->104515K(107980K) Class: 13751K(16152K)->13751K(16152K)
[2023-08-11T16:17:39.486+0000][gc            ] GC(270) Pause Young (Normal) (G1 Evacuation Pause) 880M->333M(1024M) 11.866ms
[2023-08-11T16:17:39.486+0000][gc,cpu        ] GC(270) User=0.09s Sys=0.00s Real=0.01s
[2023-08-11T16:19:54.437+0000][gc,start      ] GC(271) Pause Young (Concurrent Start) (G1 Evacuation Pause)
[2023-08-11T16:19:54.438+0000][gc,task       ] GC(271) Using 8 workers of 8 for evacuation
[2023-08-11T16:19:54.453+0000][gc,phases     ] GC(271)   Pre Evacuate Collection Set: 0.5ms
[2023-08-11T16:19:54.453+0000][gc,phases     ] GC(271)   Evacuate Collection Set: 13.6ms
[2023-08-11T16:19:54.453+0000][gc,phases     ] GC(271)   Post Evacuate Collection Set: 0.6ms
[2023-08-11T16:19:54.453+0000][gc,phases     ] GC(271)   Other: 0.4ms
[2023-08-11T16:19:54.453+0000][gc,heap       ] GC(271) Eden regions: 551->0(548)
[2023-08-11T16:19:54.453+0000][gc,heap       ] GC(271) Survivor regions: 17->22(71)
[2023-08-11T16:19:54.453+0000][gc,heap       ] GC(271) Old regions: 168->168
[2023-08-11T16:19:54.453+0000][gc,heap       ] GC(271) Humongous regions: 149->149
[2023-08-11T16:19:54.453+0000][gc,metaspace  ] GC(271) Metaspace: 118274K(124132K)->118274K(124132K) NonClass: 104522K(107980K)->104522K(107980K) Class: 13751K(16152K)->13751K(16152K)
[2023-08-11T16:19:54.453+0000][gc            ] GC(271) Pause Young (Concurrent Start) (G1 Evacuation Pause) 884M->338M(1024M) 15.144ms
[2023-08-11T16:19:54.453+0000][gc,cpu        ] GC(271) User=0.10s Sys=0.00s Real=0.02s
[2023-08-11T16:19:54.453+0000][gc            ] GC(272) Concurrent Cycle
[2023-08-11T16:19:54.453+0000][gc,marking    ] GC(272) Concurrent Clear Claimed Marks
[2023-08-11T16:19:54.453+0000][gc,marking    ] GC(272) Concurrent Clear Claimed Marks 0.244ms
[2023-08-11T16:19:54.453+0000][gc,marking    ] GC(272) Concurrent Scan Root Regions
[2023-08-11T16:19:54.461+0000][gc,marking    ] GC(272) Concurrent Scan Root Regions 8.300ms
[2023-08-11T16:19:54.462+0000][gc,marking    ] GC(272) Concurrent Mark (20285.763s)
[2023-08-11T16:19:54.462+0000][gc,marking    ] GC(272) Concurrent Mark From Roots
[2023-08-11T16:19:54.462+0000][gc,task       ] GC(272) Using 2 workers of 2 for marking
[2023-08-11T16:19:54.538+0000][gc,marking    ] GC(272) Concurrent Mark From Roots 76.958ms
[2023-08-11T16:19:54.539+0000][gc,marking    ] GC(272) Concurrent Preclean
[2023-08-11T16:19:54.539+0000][gc,marking    ] GC(272) Concurrent Preclean 0.518ms
[2023-08-11T16:19:54.539+0000][gc,marking    ] GC(272) Concurrent Mark (20285.763s, 20285.840s) 77.562ms
[2023-08-11T16:19:54.539+0000][gc,start      ] GC(272) Pause Remark
[2023-08-11T16:19:54.549+0000][gc,stringtable] GC(272) Cleaned string and symbol table, strings: 43733 processed, 0 removed, symbols: 278402 processed, 0 removed
[2023-08-11T16:19:54.549+0000][gc            ] GC(272) Pause Remark 353M->353M(1024M) 9.734ms
[2023-08-11T16:19:54.549+0000][gc,cpu        ] GC(272) User=0.07s Sys=0.00s Real=0.00s
[2023-08-11T16:19:54.549+0000][gc,marking    ] GC(272) Concurrent Rebuild Remembered Sets
[2023-08-11T16:19:54.591+0000][gc,marking    ] GC(272) Concurrent Rebuild Remembered Sets 41.929ms
[2023-08-11T16:19:54.591+0000][gc,start      ] GC(272) Pause Cleanup
[2023-08-11T16:19:54.592+0000][gc            ] GC(272) Pause Cleanup 354M->354M(1024M) 0.243ms
[2023-08-11T16:19:54.592+0000][gc,cpu        ] GC(272) User=0.01s Sys=0.00s Real=0.00s
[2023-08-11T16:19:54.592+0000][gc,marking    ] GC(272) Concurrent Cleanup for Next Mark
[2023-08-11T16:19:54.593+0000][gc,marking    ] GC(272) Concurrent Cleanup for Next Mark 1.351ms
[2023-08-11T16:19:54.593+0000][gc            ] GC(272) Concurrent Cycle 140.330ms
[2023-08-11T16:21:32.004+0000][gc,start      ] GC(273) Pause Young (Prepare Mixed) (G1 Evacuation Pause)
[2023-08-11T16:21:32.004+0000][gc,task       ] GC(273) Using 8 workers of 8 for evacuation
[2023-08-11T16:21:32.021+0000][gc,phases     ] GC(273)   Pre Evacuate Collection Set: 0.0ms
[2023-08-11T16:21:32.021+0000][gc,phases     ] GC(273)   Evacuate Collection Set: 15.5ms
[2023-08-11T16:21:32.021+0000][gc,phases     ] GC(273)   Post Evacuate Collection Set: 0.6ms
[2023-08-11T16:21:32.021+0000][gc,phases     ] GC(273)   Other: 0.4ms
[2023-08-11T16:21:32.021+0000][gc,heap       ] GC(273) Eden regions: 375->0(25)
[2023-08-11T16:21:32.021+0000][gc,heap       ] GC(273) Survivor regions: 22->26(50)
[2023-08-11T16:21:32.021+0000][gc,heap       ] GC(273) Old regions: 168->168
[2023-08-11T16:21:32.021+0000][gc,heap       ] GC(273) Humongous regions: 149->149
[2023-08-11T16:21:32.021+0000][gc,metaspace  ] GC(273) Metaspace: 118274K(124132K)->118274K(124132K) NonClass: 104522K(107980K)->104522K(107980K) Class: 13751K(16152K)->13751K(16152K)
[2023-08-11T16:21:32.021+0000][gc            ] GC(273) Pause Young (Prepare Mixed) (G1 Evacuation Pause) 713M->342M(1024M) 16.672ms
[2023-08-11T16:21:32.021+0000][gc,cpu        ] GC(273) User=0.13s Sys=0.00s Real=0.02s
[2023-08-11T16:21:32.903+0000][gc,start      ] GC(274) Pause Young (Mixed) (G1 Evacuation Pause)
[2023-08-11T16:21:32.903+0000][gc,task       ] GC(274) Using 8 workers of 8 for evacuation
[2023-08-11T16:21:32.920+0000][gc,phases     ] GC(274)   Pre Evacuate Collection Set: 0.1ms
[2023-08-11T16:21:32.920+0000][gc,phases     ] GC(274)   Evacuate Collection Set: 15.7ms
[2023-08-11T16:21:32.920+0000][gc,phases     ] GC(274)   Post Evacuate Collection Set: 0.5ms
[2023-08-11T16:21:32.920+0000][gc,phases     ] GC(274)   Other: 0.4ms
[2023-08-11T16:21:32.920+0000][gc,heap       ] GC(274) Eden regions: 25->0(450)
[2023-08-11T16:21:32.920+0000][gc,heap       ] GC(274) Survivor regions: 26->7(7)
[2023-08-11T16:21:32.920+0000][gc,heap       ] GC(274) Old regions: 168->168
[2023-08-11T16:21:32.920+0000][gc,heap       ] GC(274) Humongous regions: 149->149
[2023-08-11T16:21:32.920+0000][gc,metaspace  ] GC(274) Metaspace: 118274K(124132K)->118274K(124132K) NonClass: 104522K(107980K)->104522K(107980K) Class: 13751K(16152K)->13751K(16152K)
[2023-08-11T16:21:32.920+0000][gc            ] GC(274) Pause Young (Mixed) (G1 Evacuation Pause) 367M->323M(1024M) 16.835ms
[2023-08-11T16:21:32.920+0000][gc,cpu        ] GC(274) User=0.12s Sys=0.01s Real=0.02s
[2023-08-11T16:23:25.195+0000][gc,start      ] GC(275) Pause Young (Normal) (G1 Evacuation Pause)
[2023-08-11T16:23:25.195+0000][gc,task       ] GC(275) Using 8 workers of 8 for evacuation
[2023-08-11T16:23:25.203+0000][gc,phases     ] GC(275)   Pre Evacuate Collection Set: 0.1ms
[2023-08-11T16:23:25.203+0000][gc,phases     ] GC(275)   Evacuate Collection Set: 6.9ms
[2023-08-11T16:23:25.203+0000][gc,phases     ] GC(275)   Post Evacuate Collection Set: 0.7ms
[2023-08-11T16:23:25.203+0000][gc,phases     ] GC(275)   Other: 0.3ms
[2023-08-11T16:23:25.203+0000][gc,heap       ] GC(275) Eden regions: 450->0(474)
[2023-08-11T16:23:25.203+0000][gc,heap       ] GC(275) Survivor regions: 7->8(58)
[2023-08-11T16:23:25.203+0000][gc,heap       ] GC(275) Old regions: 168->168
[2023-08-11T16:23:25.203+0000][gc,heap       ] GC(275) Humongous regions: 149->149
[2023-08-11T16:23:25.203+0000][gc,metaspace  ] GC(275) Metaspace: 118276K(124132K)->118276K(124132K) NonClass: 104524K(107980K)->104524K(107980K) Class: 13751K(16152K)->13751K(16152K)
[2023-08-11T16:23:25.203+0000][gc            ] GC(275) Pause Young (Normal) (G1 Evacuation Pause) 773M->324M(1024M) 8.002ms
[2023-08-11T16:23:25.203+0000][gc,cpu        ] GC(275) User=0.05s Sys=0.00s Real=0.01s
[2023-08-11T16:25:24.372+0000][gc,start      ] GC(276) Pause Young (Normal) (G1 Evacuation Pause)
[2023-08-11T16:25:24.372+0000][gc,task       ] GC(276) Using 8 workers of 8 for evacuation
[2023-08-11T16:25:24.382+0000][gc,phases     ] GC(276)   Pre Evacuate Collection Set: 0.0ms
[2023-08-11T16:25:24.382+0000][gc,phases     ] GC(276)   Evacuate Collection Set: 9.3ms
[2023-08-11T16:25:24.382+0000][gc,phases     ] GC(276)   Post Evacuate Collection Set: 0.7ms
[2023-08-11T16:25:24.382+0000][gc,phases     ] GC(276)   Other: 0.3ms
[2023-08-11T16:25:24.382+0000][gc,heap       ] GC(276) Eden regions: 474->0(487)
[2023-08-11T16:25:24.382+0000][gc,heap       ] GC(276) Survivor regions: 8->13(61)
[2023-08-11T16:25:24.382+0000][gc,heap       ] GC(276) Old regions: 168->168
[2023-08-11T16:25:24.382+0000][gc,heap       ] GC(276) Humongous regions: 149->149
[2023-08-11T16:25:24.382+0000][gc,metaspace  ] GC(276) Metaspace: 118277K(124132K)->118277K(124132K) NonClass: 104525K(107980K)->104525K(107980K) Class: 13751K(16152K)->13751K(16152K)
[2023-08-11T16:25:24.382+0000][gc            ] GC(276) Pause Young (Normal) (G1 Evacuation Pause) 798M->329M(1024M) 10.380ms
[2023-08-11T16:25:24.382+0000][gc,cpu        ] GC(276) User=0.07s Sys=0.00s Real=0.01s
[2023-08-11T16:27:27.677+0000][gc,start      ] GC(277) Pause Young (Concurrent Start) (G1 Evacuation Pause)
[2023-08-11T16:27:27.677+0000][gc,task       ] GC(277) Using 8 workers of 8 for evacuation
[2023-08-11T16:27:27.691+0000][gc,phases     ] GC(277)   Pre Evacuate Collection Set: 0.5ms
[2023-08-11T16:27:27.691+0000][gc,phases     ] GC(277)   Evacuate Collection Set: 12.4ms
[2023-08-11T16:27:27.691+0000][gc,phases     ] GC(277)   Post Evacuate Collection Set: 0.7ms
[2023-08-11T16:27:27.691+0000][gc,phases     ] GC(277)   Other: 0.4ms
[2023-08-11T16:27:27.691+0000][gc,heap       ] GC(277) Eden regions: 487->0(460)
[2023-08-11T16:27:27.691+0000][gc,heap       ] GC(277) Survivor regions: 13->19(63)
[2023-08-11T16:27:27.691+0000][gc,heap       ] GC(277) Old regions: 168->168
[2023-08-11T16:27:27.691+0000][gc,heap       ] GC(277) Humongous regions: 149->149
[2023-08-11T16:27:27.691+0000][gc,metaspace  ] GC(277) Metaspace: 118277K(124132K)->118277K(124132K) NonClass: 104525K(107980K)->104525K(107980K) Class: 13751K(16152K)->13751K(16152K)
[2023-08-11T16:27:27.691+0000][gc            ] GC(277) Pause Young (Concurrent Start) (G1 Evacuation Pause) 816M->335M(1024M) 14.042ms
[2023-08-11T16:27:27.691+0000][gc,cpu        ] GC(277) User=0.10s Sys=0.00s Real=0.02s
[2023-08-11T16:27:27.691+0000][gc            ] GC(278) Concurrent Cycle
[2023-08-11T16:27:27.691+0000][gc,marking    ] GC(278) Concurrent Clear Claimed Marks
[2023-08-11T16:27:27.692+0000][gc,marking    ] GC(278) Concurrent Clear Claimed Marks 0.249ms
[2023-08-11T16:27:27.692+0000][gc,marking    ] GC(278) Concurrent Scan Root Regions
[2023-08-11T16:27:27.703+0000][gc,marking    ] GC(278) Concurrent Scan Root Regions 11.142ms
[2023-08-11T16:27:27.703+0000][gc,marking    ] GC(278) Concurrent Mark (20739.004s)
[2023-08-11T16:27:27.703+0000][gc,marking    ] GC(278) Concurrent Mark From Roots
[2023-08-11T16:27:27.703+0000][gc,task       ] GC(278) Using 2 workers of 2 for marking
[2023-08-11T16:27:27.772+0000][gc,marking    ] GC(278) Concurrent Mark From Roots 69.516ms
[2023-08-11T16:27:27.772+0000][gc,marking    ] GC(278) Concurrent Preclean
[2023-08-11T16:27:27.773+0000][gc,marking    ] GC(278) Concurrent Preclean 0.465ms
[2023-08-11T16:27:27.773+0000][gc,marking    ] GC(278) Concurrent Mark (20739.004s, 20739.074s) 70.052ms
[2023-08-11T16:27:27.773+0000][gc,start      ] GC(278) Pause Remark
[2023-08-11T16:27:27.782+0000][gc,stringtable] GC(278) Cleaned string and symbol table, strings: 43734 processed, 0 removed, symbols: 278402 processed, 0 removed
[2023-08-11T16:27:27.783+0000][gc            ] GC(278) Pause Remark 335M->334M(1024M) 9.602ms
[2023-08-11T16:27:27.783+0000][gc,cpu        ] GC(278) User=0.07s Sys=0.00s Real=0.01s
[2023-08-11T16:27:27.783+0000][gc,marking    ] GC(278) Concurrent Rebuild Remembered Sets
[2023-08-11T16:27:27.824+0000][gc,marking    ] GC(278) Concurrent Rebuild Remembered Sets 41.476ms
[2023-08-11T16:27:27.824+0000][gc,start      ] GC(278) Pause Cleanup
[2023-08-11T16:27:27.825+0000][gc            ] GC(278) Pause Cleanup 337M->337M(1024M) 0.264ms
[2023-08-11T16:27:27.825+0000][gc,cpu        ] GC(278) User=0.00s Sys=0.00s Real=0.00s
[2023-08-11T16:27:27.825+0000][gc,marking    ] GC(278) Concurrent Cleanup for Next Mark
[2023-08-11T16:27:27.826+0000][gc,marking    ] GC(278) Concurrent Cleanup for Next Mark 1.343ms
[2023-08-11T16:27:27.826+0000][gc            ] GC(278) Concurrent Cycle 134.924ms
[2023-08-11T16:29:09.472+0000][gc,start      ] GC(279) Pause Young (Prepare Mixed) (G1 Evacuation Pause)
[2023-08-11T16:29:09.472+0000][gc,task       ] GC(279) Using 8 workers of 8 for evacuation
[2023-08-11T16:29:09.490+0000][gc,phases     ] GC(279)   Pre Evacuate Collection Set: 0.0ms
[2023-08-11T16:29:09.490+0000][gc,phases     ] GC(279)   Evacuate Collection Set: 16.6ms
[2023-08-11T16:29:09.490+0000][gc,phases     ] GC(279)   Post Evacuate Collection Set: 0.8ms
[2023-08-11T16:29:09.490+0000][gc,phases     ] GC(279)   Other: 0.4ms
[2023-08-11T16:29:09.490+0000][gc,heap       ] GC(279) Eden regions: 412->0(26)
[2023-08-11T16:29:09.490+0000][gc,heap       ] GC(279) Survivor regions: 19->25(54)
[2023-08-11T16:29:09.490+0000][gc,heap       ] GC(279) Old regions: 167->167
[2023-08-11T16:29:09.490+0000][gc,heap       ] GC(279) Humongous regions: 149->149
[2023-08-11T16:29:09.490+0000][gc,metaspace  ] GC(279) Metaspace: 118278K(124132K)->118278K(124132K) NonClass: 104526K(107980K)->104526K(107980K) Class: 13751K(16152K)->13751K(16152K)
[2023-08-11T16:29:09.490+0000][gc            ] GC(279) Pause Young (Prepare Mixed) (G1 Evacuation Pause) 746M->340M(1024M) 17.979ms
[2023-08-11T16:29:09.490+0000][gc,cpu        ] GC(279) User=0.12s Sys=0.00s Real=0.01s
[2023-08-11T16:29:19.495+0000][gc,start      ] GC(280) Pause Young (Mixed) (G1 Evacuation Pause)
[2023-08-11T16:29:19.495+0000][gc,task       ] GC(280) Using 8 workers of 8 for evacuation
[2023-08-11T16:29:19.510+0000][gc,phases     ] GC(280)   Pre Evacuate Collection Set: 0.1ms
[2023-08-11T16:29:19.510+0000][gc,phases     ] GC(280)   Evacuate Collection Set: 14.2ms
[2023-08-11T16:29:19.510+0000][gc,phases     ] GC(280)   Post Evacuate Collection Set: 0.6ms
[2023-08-11T16:29:19.510+0000][gc,phases     ] GC(280)   Other: 0.4ms
[2023-08-11T16:29:19.510+0000][gc,heap       ] GC(280) Eden regions: 26->0(528)
[2023-08-11T16:29:19.510+0000][gc,heap       ] GC(280) Survivor regions: 25->4(7)
[2023-08-11T16:29:19.510+0000][gc,heap       ] GC(280) Old regions: 167->164
[2023-08-11T16:29:19.510+0000][gc,heap       ] GC(280) Humongous regions: 149->149
[2023-08-11T16:29:19.510+0000][gc,metaspace  ] GC(280) Metaspace: 118278K(124132K)->118278K(124132K) NonClass: 104526K(107980K)->104526K(107980K) Class: 13751K(16152K)->13751K(16152K)
[2023-08-11T16:29:19.510+0000][gc            ] GC(280) Pause Young (Mixed) (G1 Evacuation Pause) 366M->316M(1024M) 15.316ms
[2023-08-11T16:29:19.510+0000][gc,cpu        ] GC(280) User=0.11s Sys=0.00s Real=0.01s
[2023-08-11T16:31:24.393+0000][gc,start      ] GC(281) Pause Young (Normal) (GCLocker Initiated GC)
[2023-08-11T16:31:24.393+0000][gc,task       ] GC(281) Using 8 workers of 8 for evacuation
[2023-08-11T16:31:24.402+0000][gc,phases     ] GC(281)   Pre Evacuate Collection Set: 0.0ms
[2023-08-11T16:31:24.403+0000][gc,phases     ] GC(281)   Evacuate Collection Set: 8.0ms
[2023-08-11T16:31:24.403+0000][gc,phases     ] GC(281)   Post Evacuate Collection Set: 0.7ms
[2023-08-11T16:31:24.403+0000][gc,phases     ] GC(281)   Other: 0.3ms
[2023-08-11T16:31:24.403+0000][gc,heap       ] GC(281) Eden regions: 528->0(525)
[2023-08-11T16:31:24.403+0000][gc,heap       ] GC(281) Survivor regions: 4->9(67)
[2023-08-11T16:31:24.403+0000][gc,heap       ] GC(281) Old regions: 164->164
[2023-08-11T16:31:24.403+0000][gc,heap       ] GC(281) Humongous regions: 149->149
[2023-08-11T16:31:24.403+0000][gc,metaspace  ] GC(281) Metaspace: 118279K(124132K)->118279K(124132K) NonClass: 104527K(107980K)->104527K(107980K) Class: 13751K(16152K)->13751K(16152K)
[2023-08-11T16:31:24.403+0000][gc            ] GC(281) Pause Young (Normal) (GCLocker Initiated GC) 844M->321M(1024M) 9.133ms
[2023-08-11T16:31:24.403+0000][gc,cpu        ] GC(281) User=0.06s Sys=0.00s Real=0.01s
[2023-08-11T16:33:32.920+0000][gc,start      ] GC(282) Pause Young (Normal) (G1 Evacuation Pause)
[2023-08-11T16:33:32.920+0000][gc,task       ] GC(282) Using 8 workers of 8 for evacuation
[2023-08-11T16:33:32.932+0000][gc,phases     ] GC(282)   Pre Evacuate Collection Set: 0.0ms
[2023-08-11T16:33:32.932+0000][gc,phases     ] GC(282)   Evacuate Collection Set: 10.6ms
[2023-08-11T16:33:32.932+0000][gc,phases     ] GC(282)   Post Evacuate Collection Set: 0.7ms
[2023-08-11T16:33:32.932+0000][gc,phases     ] GC(282)   Other: 0.4ms
[2023-08-11T16:33:32.932+0000][gc,heap       ] GC(282) Eden regions: 525->0(519)
[2023-08-11T16:33:32.932+0000][gc,heap       ] GC(282) Survivor regions: 9->18(67)
[2023-08-11T16:33:32.932+0000][gc,heap       ] GC(282) Old regions: 164->164
[2023-08-11T16:33:32.932+0000][gc,heap       ] GC(282) Humongous regions: 149->149
[2023-08-11T16:33:32.932+0000][gc,metaspace  ] GC(282) Metaspace: 118279K(124132K)->118279K(124132K) NonClass: 104527K(107980K)->104527K(107980K) Class: 13751K(16152K)->13751K(16152K)
[2023-08-11T16:33:32.932+0000][gc            ] GC(282) Pause Young (Normal) (G1 Evacuation Pause) 846M->330M(1024M) 11.752ms
[2023-08-11T16:33:32.932+0000][gc,cpu        ] GC(282) User=0.07s Sys=0.01s Real=0.01s
[2023-08-11T16:35:54.470+0000][gc,start      ] GC(283) Pause Young (Concurrent Start) (G1 Evacuation Pause)
[2023-08-11T16:35:54.470+0000][gc,task       ] GC(283) Using 8 workers of 8 for evacuation
[2023-08-11T16:35:54.485+0000][gc,phases     ] GC(283)   Pre Evacuate Collection Set: 0.5ms
[2023-08-11T16:35:54.485+0000][gc,phases     ] GC(283)   Evacuate Collection Set: 13.1ms
[2023-08-11T16:35:54.485+0000][gc,phases     ] GC(283)   Post Evacuate Collection Set: 0.7ms
[2023-08-11T16:35:54.485+0000][gc,phases     ] GC(283)   Other: 0.4ms
[2023-08-11T16:35:54.485+0000][gc,heap       ] GC(283) Eden regions: 519->0(496)
[2023-08-11T16:35:54.485+0000][gc,heap       ] GC(283) Survivor regions: 18->22(68)
[2023-08-11T16:35:54.485+0000][gc,heap       ] GC(283) Old regions: 164->164
[2023-08-11T16:35:54.485+0000][gc,heap       ] GC(283) Humongous regions: 149->149
[2023-08-11T16:35:54.485+0000][gc,metaspace  ] GC(283) Metaspace: 118280K(124132K)->118280K(124132K) NonClass: 104528K(107980K)->104528K(107980K) Class: 13751K(16152K)->13751K(16152K)
[2023-08-11T16:35:54.485+0000][gc            ] GC(283) Pause Young (Concurrent Start) (G1 Evacuation Pause) 849M->333M(1024M) 14.777ms
[2023-08-11T16:35:54.485+0000][gc,cpu        ] GC(283) User=0.11s Sys=0.00s Real=0.02s
[2023-08-11T16:35:54.485+0000][gc            ] GC(284) Concurrent Cycle
[2023-08-11T16:35:54.485+0000][gc,marking    ] GC(284) Concurrent Clear Claimed Marks
[2023-08-11T16:35:54.485+0000][gc,marking    ] GC(284) Concurrent Clear Claimed Marks 0.204ms
[2023-08-11T16:35:54.485+0000][gc,marking    ] GC(284) Concurrent Scan Root Regions
[2023-08-11T16:35:54.498+0000][gc,marking    ] GC(284) Concurrent Scan Root Regions 12.754ms
[2023-08-11T16:35:54.498+0000][gc,marking    ] GC(284) Concurrent Mark (21245.799s)
[2023-08-11T16:35:54.498+0000][gc,marking    ] GC(284) Concurrent Mark From Roots
[2023-08-11T16:35:54.498+0000][gc,task       ] GC(284) Using 2 workers of 2 for marking
[2023-08-11T16:35:54.567+0000][gc,marking    ] GC(284) Concurrent Mark From Roots 68.855ms
[2023-08-11T16:35:54.567+0000][gc,marking    ] GC(284) Concurrent Preclean
[2023-08-11T16:35:54.567+0000][gc,marking    ] GC(284) Concurrent Preclean 0.448ms
[2023-08-11T16:35:54.567+0000][gc,marking    ] GC(284) Concurrent Mark (21245.799s, 21245.869s) 69.376ms
[2023-08-11T16:35:54.568+0000][gc,start      ] GC(284) Pause Remark
[2023-08-11T16:35:54.577+0000][gc,stringtable] GC(284) Cleaned string and symbol table, strings: 43734 processed, 0 removed, symbols: 278402 processed, 0 removed
[2023-08-11T16:35:54.577+0000][gc            ] GC(284) Pause Remark 343M->343M(1024M) 9.278ms
[2023-08-11T16:35:54.577+0000][gc,cpu        ] GC(284) User=0.07s Sys=0.00s Real=0.01s
[2023-08-11T16:35:54.577+0000][gc,marking    ] GC(284) Concurrent Rebuild Remembered Sets
[2023-08-11T16:35:54.625+0000][gc,marking    ] GC(284) Concurrent Rebuild Remembered Sets 48.395ms
[2023-08-11T16:35:54.626+0000][gc,start      ] GC(284) Pause Cleanup
[2023-08-11T16:35:54.626+0000][gc            ] GC(284) Pause Cleanup 343M->343M(1024M) 0.239ms
[2023-08-11T16:35:54.626+0000][gc,cpu        ] GC(284) User=0.00s Sys=0.00s Real=0.00s
[2023-08-11T16:35:54.626+0000][gc,marking    ] GC(284) Concurrent Cleanup for Next Mark
[2023-08-11T16:35:54.627+0000][gc,marking    ] GC(284) Concurrent Cleanup for Next Mark 1.373ms
[2023-08-11T16:35:54.627+0000][gc            ] GC(284) Concurrent Cycle 142.416ms
[2023-08-11T16:37:26.715+0000][gc,start      ] GC(285) Pause Young (Prepare Mixed) (G1 Evacuation Pause)
[2023-08-11T16:37:26.715+0000][gc,task       ] GC(285) Using 8 workers of 8 for evacuation
[2023-08-11T16:37:26.733+0000][gc,phases     ] GC(285)   Pre Evacuate Collection Set: 0.0ms
[2023-08-11T16:37:26.733+0000][gc,phases     ] GC(285)   Evacuate Collection Set: 16.8ms
[2023-08-11T16:37:26.733+0000][gc,phases     ] GC(285)   Post Evacuate Collection Set: 0.7ms
[2023-08-11T16:37:26.733+0000][gc,phases     ] GC(285)   Other: 0.5ms
[2023-08-11T16:37:26.733+0000][gc,heap       ] GC(285) Eden regions: 415->0(26)
[2023-08-11T16:37:26.733+0000][gc,heap       ] GC(285) Survivor regions: 22->25(55)
[2023-08-11T16:37:26.733+0000][gc,heap       ] GC(285) Old regions: 164->164
[2023-08-11T16:37:26.733+0000][gc,heap       ] GC(285) Humongous regions: 149->149
[2023-08-11T16:37:26.733+0000][gc,metaspace  ] GC(285) Metaspace: 118280K(124132K)->118280K(124132K) NonClass: 104528K(107980K)->104528K(107980K) Class: 13751K(16152K)->13751K(16152K)
[2023-08-11T16:37:26.733+0000][gc            ] GC(285) Pause Young (Prepare Mixed) (G1 Evacuation Pause) 748M->336M(1024M) 18.082ms
[2023-08-11T16:37:26.733+0000][gc,cpu        ] GC(285) User=0.12s Sys=0.00s Real=0.02s
[2023-08-11T16:37:38.546+0000][gc,start      ] GC(286) Pause Young (Mixed) (G1 Evacuation Pause)
[2023-08-11T16:37:38.546+0000][gc,task       ] GC(286) Using 8 workers of 8 for evacuation
[2023-08-11T16:37:38.562+0000][gc,phases     ] GC(286)   Pre Evacuate Collection Set: 0.1ms
[2023-08-11T16:37:38.562+0000][gc,phases     ] GC(286)   Evacuate Collection Set: 15.3ms
[2023-08-11T16:37:38.562+0000][gc,phases     ] GC(286)   Post Evacuate Collection Set: 0.6ms
[2023-08-11T16:37:38.562+0000][gc,phases     ] GC(286)   Other: 0.4ms
[2023-08-11T16:37:38.562+0000][gc,heap       ] GC(286) Eden regions: 26->0(550)
[2023-08-11T16:37:38.562+0000][gc,heap       ] GC(286) Survivor regions: 25->4(7)
[2023-08-11T16:37:38.562+0000][gc,heap       ] GC(286) Old regions: 164->166
[2023-08-11T16:37:38.562+0000][gc,heap       ] GC(286) Humongous regions: 149->149
[2023-08-11T16:37:38.562+0000][gc,metaspace  ] GC(286) Metaspace: 118280K(124132K)->118280K(124132K) NonClass: 104528K(107980K)->104528K(107980K) Class: 13751K(16152K)->13751K(16152K)
[2023-08-11T16:37:38.562+0000][gc            ] GC(286) Pause Young (Mixed) (G1 Evacuation Pause) 362M->318M(1024M) 16.375ms
[2023-08-11T16:37:38.562+0000][gc,cpu        ] GC(286) User=0.12s Sys=0.00s Real=0.02s
[2023-08-11T16:39:54.445+0000][gc,start      ] GC(287) Pause Young (Normal) (G1 Evacuation Pause)
[2023-08-11T16:39:54.445+0000][gc,task       ] GC(287) Using 8 workers of 8 for evacuation
[2023-08-11T16:39:54.454+0000][gc,phases     ] GC(287)   Pre Evacuate Collection Set: 0.0ms
[2023-08-11T16:39:54.454+0000][gc,phases     ] GC(287)   Evacuate Collection Set: 7.9ms
[2023-08-11T16:39:54.454+0000][gc,phases     ] GC(287)   Post Evacuate Collection Set: 0.6ms
[2023-08-11T16:39:54.454+0000][gc,phases     ] GC(287)   Other: 0.3ms
[2023-08-11T16:39:54.454+0000][gc,heap       ] GC(287) Eden regions: 550->0(550)
[2023-08-11T16:39:54.454+0000][gc,heap       ] GC(287) Survivor regions: 4->10(70)
[2023-08-11T16:39:54.454+0000][gc,heap       ] GC(287) Old regions: 166->166
[2023-08-11T16:39:54.454+0000][gc,heap       ] GC(287) Humongous regions: 149->149
[2023-08-11T16:39:54.454+0000][gc,metaspace  ] GC(287) Metaspace: 118280K(124132K)->118280K(124132K) NonClass: 104528K(107980K)->104528K(107980K) Class: 13751K(16152K)->13751K(16152K)
[2023-08-11T16:39:54.454+0000][gc            ] GC(287) Pause Young (Normal) (G1 Evacuation Pause) 868M->323M(1024M) 8.971ms
[2023-08-11T16:39:54.454+0000][gc,cpu        ] GC(287) User=0.07s Sys=0.00s Real=0.01s
[2023-08-11T16:42:17.509+0000][gc,start      ] GC(288) Pause Young (Normal) (G1 Evacuation Pause)
[2023-08-11T16:42:17.509+0000][gc,task       ] GC(288) Using 8 workers of 8 for evacuation
[2023-08-11T16:42:17.526+0000][gc,phases     ] GC(288)   Pre Evacuate Collection Set: 0.0ms
[2023-08-11T16:42:17.526+0000][gc,phases     ] GC(288)   Evacuate Collection Set: 15.5ms
[2023-08-11T16:42:17.526+0000][gc,phases     ] GC(288)   Post Evacuate Collection Set: 0.7ms
[2023-08-11T16:42:17.526+0000][gc,phases     ] GC(288)   Other: 0.4ms
[2023-08-11T16:42:17.526+0000][gc,heap       ] GC(288) Eden regions: 541->0(486)
[2023-08-11T16:42:17.526+0000][gc,heap       ] GC(288) Survivor regions: 10->26(69)
[2023-08-11T16:42:17.526+0000][gc,heap       ] GC(288) Old regions: 166->166
[2023-08-11T16:42:17.526+0000][gc,heap       ] GC(288) Humongous regions: 149->149
[2023-08-11T16:42:17.526+0000][gc,metaspace  ] GC(288) Metaspace: 118284K(124132K)->118284K(124132K) NonClass: 104532K(107980K)->104532K(107980K) Class: 13751K(16152K)->13751K(16152K)
[2023-08-11T16:42:17.526+0000][gc            ] GC(288) Pause Young (Normal) (G1 Evacuation Pause) 864M->339M(1024M) 16.758ms
[2023-08-11T16:42:17.526+0000][gc,cpu        ] GC(288) User=0.12s Sys=0.00s Real=0.02s
[2023-08-11T16:43:33.057+0000][gc,start      ] GC(289) Pause Young (Concurrent Start) (G1 Evacuation Pause)
[2023-08-11T16:43:33.057+0000][gc,task       ] GC(289) Using 8 workers of 8 for evacuation
[2023-08-11T16:43:33.076+0000][gc,phases     ] GC(289)   Pre Evacuate Collection Set: 0.5ms
[2023-08-11T16:43:33.076+0000][gc,phases     ] GC(289)   Evacuate Collection Set: 17.7ms
[2023-08-11T16:43:33.076+0000][gc,phases     ] GC(289)   Post Evacuate Collection Set: 0.7ms
[2023-08-11T16:43:33.076+0000][gc,phases     ] GC(289)   Other: 0.4ms
[2023-08-11T16:43:33.076+0000][gc,heap       ] GC(289) Eden regions: 351->0(309)
[2023-08-11T16:43:33.076+0000][gc,heap       ] GC(289) Survivor regions: 26->29(48)
[2023-08-11T16:43:33.076+0000][gc,heap       ] GC(289) Old regions: 166->166
[2023-08-11T16:43:33.076+0000][gc,heap       ] GC(289) Humongous regions: 149->149
[2023-08-11T16:43:33.076+0000][gc,metaspace  ] GC(289) Metaspace: 118284K(124132K)->118284K(124132K) NonClass: 104532K(107980K)->104532K(107980K) Class: 13751K(16152K)->13751K(16152K)
[2023-08-11T16:43:33.076+0000][gc            ] GC(289) Pause Young (Concurrent Start) (G1 Evacuation Pause) 690M->343M(1024M) 19.365ms
[2023-08-11T16:43:33.076+0000][gc,cpu        ] GC(289) User=0.14s Sys=0.00s Real=0.02s
[2023-08-11T16:43:33.076+0000][gc            ] GC(290) Concurrent Cycle
[2023-08-11T16:43:33.076+0000][gc,marking    ] GC(290) Concurrent Clear Claimed Marks
[2023-08-11T16:43:33.077+0000][gc,marking    ] GC(290) Concurrent Clear Claimed Marks 0.224ms
[2023-08-11T16:43:33.077+0000][gc,marking    ] GC(290) Concurrent Scan Root Regions
[2023-08-11T16:43:33.089+0000][gc,marking    ] GC(290) Concurrent Scan Root Regions 12.234ms
[2023-08-11T16:43:33.089+0000][gc,marking    ] GC(290) Concurrent Mark (21704.390s)
[2023-08-11T16:43:33.089+0000][gc,marking    ] GC(290) Concurrent Mark From Roots
[2023-08-11T16:43:33.089+0000][gc,task       ] GC(290) Using 2 workers of 2 for marking
[2023-08-11T16:43:33.149+0000][gc,marking    ] GC(290) Concurrent Mark From Roots 59.904ms
[2023-08-11T16:43:33.149+0000][gc,marking    ] GC(290) Concurrent Preclean
[2023-08-11T16:43:33.149+0000][gc,marking    ] GC(290) Concurrent Preclean 0.452ms
[2023-08-11T16:43:33.149+0000][gc,marking    ] GC(290) Concurrent Mark (21704.390s, 21704.451s) 60.434ms
[2023-08-11T16:43:33.150+0000][gc,start      ] GC(290) Pause Remark
[2023-08-11T16:43:33.159+0000][gc,stringtable] GC(290) Cleaned string and symbol table, strings: 43749 processed, 0 removed, symbols: 278402 processed, 0 removed
[2023-08-11T16:43:33.159+0000][gc            ] GC(290) Pause Remark 345M->345M(1024M) 9.781ms
[2023-08-11T16:43:33.159+0000][gc,cpu        ] GC(290) User=0.07s Sys=0.00s Real=0.02s
[2023-08-11T16:43:33.159+0000][gc,marking    ] GC(290) Concurrent Rebuild Remembered Sets
[2023-08-11T16:43:33.199+0000][gc,marking    ] GC(290) Concurrent Rebuild Remembered Sets 39.563ms
[2023-08-11T16:43:33.199+0000][gc,start      ] GC(290) Pause Cleanup
[2023-08-11T16:43:33.199+0000][gc            ] GC(290) Pause Cleanup 345M->345M(1024M) 0.222ms
[2023-08-11T16:43:33.200+0000][gc,cpu        ] GC(290) User=0.00s Sys=0.00s Real=0.00s
[2023-08-11T16:43:33.200+0000][gc,marking    ] GC(290) Concurrent Cleanup for Next Mark
[2023-08-11T16:43:33.201+0000][gc,marking    ] GC(290) Concurrent Cleanup for Next Mark 1.361ms
[2023-08-11T16:43:33.201+0000][gc            ] GC(290) Concurrent Cycle 124.570ms
[2023-08-11T16:43:39.483+0000][gc,start      ] GC(291) Pause Young (Prepare Mixed) (G1 Evacuation Pause)
[2023-08-11T16:43:39.483+0000][gc,task       ] GC(291) Using 8 workers of 8 for evacuation
[2023-08-11T16:43:39.502+0000][gc,phases     ] GC(291)   Pre Evacuate Collection Set: 0.0ms
[2023-08-11T16:43:39.502+0000][gc,phases     ] GC(291)   Evacuate Collection Set: 18.0ms
[2023-08-11T16:43:39.502+0000][gc,phases     ] GC(291)   Post Evacuate Collection Set: 0.6ms
[2023-08-11T16:43:39.502+0000][gc,phases     ] GC(291)   Other: 0.4ms
[2023-08-11T16:43:39.502+0000][gc,heap       ] GC(291) Eden regions: 22->0(47)
[2023-08-11T16:43:39.502+0000][gc,heap       ] GC(291) Survivor regions: 29->4(7)
[2023-08-11T16:43:39.502+0000][gc,heap       ] GC(291) Old regions: 166->193
[2023-08-11T16:43:39.502+0000][gc,heap       ] GC(291) Humongous regions: 149->149
[2023-08-11T16:43:39.502+0000][gc,metaspace  ] GC(291) Metaspace: 118284K(124132K)->118284K(124132K) NonClass: 104532K(107980K)->104532K(107980K) Class: 13751K(16152K)->13751K(16152K)
[2023-08-11T16:43:39.502+0000][gc            ] GC(291) Pause Young (Prepare Mixed) (G1 Evacuation Pause) 365M->345M(1024M) 19.084ms
[2023-08-11T16:43:39.502+0000][gc,cpu        ] GC(291) User=0.14s Sys=0.00s Real=0.02s
[2023-08-11T16:43:54.380+0000][gc,start      ] GC(292) Pause Young (Mixed) (G1 Evacuation Pause)
[2023-08-11T16:43:54.380+0000][gc,task       ] GC(292) Using 8 workers of 8 for evacuation
[2023-08-11T16:43:54.386+0000][gc,phases     ] GC(292)   Pre Evacuate Collection Set: 0.1ms
[2023-08-11T16:43:54.386+0000][gc,phases     ] GC(292)   Evacuate Collection Set: 5.6ms
[2023-08-11T16:43:54.386+0000][gc,phases     ] GC(292)   Post Evacuate Collection Set: 0.4ms
[2023-08-11T16:43:54.386+0000][gc,phases     ] GC(292)   Other: 0.4ms
[2023-08-11T16:43:54.386+0000][gc,heap       ] GC(292) Eden regions: 47->0(534)
[2023-08-11T16:43:54.386+0000][gc,heap       ] GC(292) Survivor regions: 4->4(7)
[2023-08-11T16:43:54.386+0000][gc,heap       ] GC(292) Old regions: 193->171
[2023-08-11T16:43:54.386+0000][gc,heap       ] GC(292) Humongous regions: 149->149
[2023-08-11T16:43:54.386+0000][gc,metaspace  ] GC(292) Metaspace: 118284K(124132K)->118284K(124132K) NonClass: 104532K(107980K)->104532K(107980K) Class: 13751K(16152K)->13751K(16152K)
[2023-08-11T16:43:54.386+0000][gc            ] GC(292) Pause Young (Mixed) (G1 Evacuation Pause) 392M->322M(1024M) 6.533ms
[2023-08-11T16:43:54.386+0000][gc,cpu        ] GC(292) User=0.04s Sys=0.00s Real=0.00s
[2023-08-11T16:46:07.571+0000][gc,start      ] GC(293) Pause Young (Normal) (G1 Evacuation Pause)
[2023-08-11T16:46:07.571+0000][gc,task       ] GC(293) Using 8 workers of 8 for evacuation
[2023-08-11T16:46:07.579+0000][gc,phases     ] GC(293)   Pre Evacuate Collection Set: 0.0ms
[2023-08-11T16:46:07.579+0000][gc,phases     ] GC(293)   Evacuate Collection Set: 7.4ms
[2023-08-11T16:46:07.579+0000][gc,phases     ] GC(293)   Post Evacuate Collection Set: 0.7ms
[2023-08-11T16:46:07.579+0000][gc,phases     ] GC(293)   Other: 0.3ms
[2023-08-11T16:46:07.579+0000][gc,heap       ] GC(293) Eden regions: 534->0(505)
[2023-08-11T16:46:07.579+0000][gc,heap       ] GC(293) Survivor regions: 4->9(68)
[2023-08-11T16:46:07.579+0000][gc,heap       ] GC(293) Old regions: 171->171
[2023-08-11T16:46:07.579+0000][gc,heap       ] GC(293) Humongous regions: 149->149
[2023-08-11T16:46:07.579+0000][gc,metaspace  ] GC(293) Metaspace: 118284K(124132K)->118284K(124132K) NonClass: 104532K(107980K)->104532K(107980K) Class: 13751K(16152K)->13751K(16152K)
[2023-08-11T16:46:07.579+0000][gc            ] GC(293) Pause Young (Normal) (G1 Evacuation Pause) 856M->328M(1024M) 8.531ms
[2023-08-11T16:46:07.579+0000][gc,cpu        ] GC(293) User=0.05s Sys=0.00s Real=0.01s
[2023-08-11T16:48:24.383+0000][gc,start      ] GC(294) Pause Young (Normal) (G1 Evacuation Pause)
[2023-08-11T16:48:24.383+0000][gc,task       ] GC(294) Using 8 workers of 8 for evacuation
[2023-08-11T16:48:24.394+0000][gc,phases     ] GC(294)   Pre Evacuate Collection Set: 0.0ms
[2023-08-11T16:48:24.394+0000][gc,phases     ] GC(294)   Evacuate Collection Set: 10.0ms
[2023-08-11T16:48:24.394+0000][gc,phases     ] GC(294)   Post Evacuate Collection Set: 0.6ms
[2023-08-11T16:48:24.394+0000][gc,phases     ] GC(294)   Other: 0.4ms
[2023-08-11T16:48:24.394+0000][gc,heap       ] GC(294) Eden regions: 505->0(508)
[2023-08-11T16:48:24.394+0000][gc,heap       ] GC(294) Survivor regions: 9->16(65)
[2023-08-11T16:48:24.394+0000][gc,heap       ] GC(294) Old regions: 171->171
[2023-08-11T16:48:24.394+0000][gc,heap       ] GC(294) Humongous regions: 149->149
[2023-08-11T16:48:24.394+0000][gc,metaspace  ] GC(294) Metaspace: 118284K(124132K)->118284K(124132K) NonClass: 104532K(107980K)->104532K(107980K) Class: 13751K(16152K)->13751K(16152K)
[2023-08-11T16:48:24.394+0000][gc            ] GC(294) Pause Young (Normal) (G1 Evacuation Pause) 833M->334M(1024M) 11.138ms
[2023-08-11T16:48:24.394+0000][gc,cpu        ] GC(294) User=0.08s Sys=0.00s Real=0.01s
[2023-08-11T16:50:24.449+0000][gc,start      ] GC(295) Pause Young (Concurrent Start) (G1 Evacuation Pause)
[2023-08-11T16:50:24.449+0000][gc,task       ] GC(295) Using 8 workers of 8 for evacuation
[2023-08-11T16:50:24.463+0000][gc,phases     ] GC(295)   Pre Evacuate Collection Set: 0.5ms
[2023-08-11T16:50:24.463+0000][gc,phases     ] GC(295)   Evacuate Collection Set: 12.7ms
[2023-08-11T16:50:24.463+0000][gc,phases     ] GC(295)   Post Evacuate Collection Set: 0.7ms
[2023-08-11T16:50:24.463+0000][gc,phases     ] GC(295)   Other: 0.5ms
[2023-08-11T16:50:24.463+0000][gc,heap       ] GC(295) Eden regions: 508->0(446)
[2023-08-11T16:50:24.463+0000][gc,heap       ] GC(295) Survivor regions: 16->21(66)
[2023-08-11T16:50:24.463+0000][gc,heap       ] GC(295) Old regions: 171->171
[2023-08-11T16:50:24.463+0000][gc,heap       ] GC(295) Humongous regions: 149->149
[2023-08-11T16:50:24.463+0000][gc,metaspace  ] GC(295) Metaspace: 118285K(124132K)->118285K(124132K) NonClass: 104533K(107980K)->104533K(107980K) Class: 13751K(16152K)->13751K(16152K)
[2023-08-11T16:50:24.463+0000][gc            ] GC(295) Pause Young (Concurrent Start) (G1 Evacuation Pause) 842M->340M(1024M) 14.474ms
[2023-08-11T16:50:24.463+0000][gc,cpu        ] GC(295) User=0.11s Sys=0.00s Real=0.02s
[2023-08-11T16:50:24.463+0000][gc            ] GC(296) Concurrent Cycle
[2023-08-11T16:50:24.463+0000][gc,marking    ] GC(296) Concurrent Clear Claimed Marks
[2023-08-11T16:50:24.463+0000][gc,marking    ] GC(296) Concurrent Clear Claimed Marks 0.407ms
[2023-08-11T16:50:24.463+0000][gc,marking    ] GC(296) Concurrent Scan Root Regions
[2023-08-11T16:50:24.471+0000][gc,marking    ] GC(296) Concurrent Scan Root Regions 7.525ms
[2023-08-11T16:50:24.471+0000][gc,marking    ] GC(296) Concurrent Mark (22115.772s)
[2023-08-11T16:50:24.471+0000][gc,marking    ] GC(296) Concurrent Mark From Roots
[2023-08-11T16:50:24.471+0000][gc,task       ] GC(296) Using 2 workers of 2 for marking
[2023-08-11T16:50:24.542+0000][gc,marking    ] GC(296) Concurrent Mark From Roots 70.884ms
[2023-08-11T16:50:24.542+0000][gc,marking    ] GC(296) Concurrent Preclean
[2023-08-11T16:50:24.542+0000][gc,marking    ] GC(296) Concurrent Preclean 0.453ms
[2023-08-11T16:50:24.542+0000][gc,marking    ] GC(296) Concurrent Mark (22115.772s, 22115.844s) 71.412ms
[2023-08-11T16:50:24.543+0000][gc,start      ] GC(296) Pause Remark
[2023-08-11T16:50:24.552+0000][gc,stringtable] GC(296) Cleaned string and symbol table, strings: 43756 processed, 0 removed, symbols: 278402 processed, 0 removed
[2023-08-11T16:50:24.552+0000][gc            ] GC(296) Pause Remark 353M->348M(1024M) 9.526ms
[2023-08-11T16:50:24.552+0000][gc,cpu        ] GC(296) User=0.07s Sys=0.00s Real=0.01s
[2023-08-11T16:50:24.552+0000][gc,marking    ] GC(296) Concurrent Rebuild Remembered Sets
[2023-08-11T16:50:24.593+0000][gc,marking    ] GC(296) Concurrent Rebuild Remembered Sets 40.859ms
[2023-08-11T16:50:24.593+0000][gc,start      ] GC(296) Pause Cleanup
[2023-08-11T16:50:24.594+0000][gc            ] GC(296) Pause Cleanup 349M->349M(1024M) 0.271ms
[2023-08-11T16:50:24.594+0000][gc,cpu        ] GC(296) User=0.00s Sys=0.00s Real=0.00s
[2023-08-11T16:50:24.594+0000][gc,marking    ] GC(296) Concurrent Cleanup for Next Mark
[2023-08-11T16:50:24.595+0000][gc,marking    ] GC(296) Concurrent Cleanup for Next Mark 1.391ms
[2023-08-11T16:50:24.595+0000][gc            ] GC(296) Concurrent Cycle 132.209ms
[2023-08-11T16:51:32.961+0000][gc,start      ] GC(297) Pause Young (Prepare Mixed) (G1 Evacuation Pause)
[2023-08-11T16:51:32.961+0000][gc,task       ] GC(297) Using 8 workers of 8 for evacuation
[2023-08-11T16:51:32.977+0000][gc,phases     ] GC(297)   Pre Evacuate Collection Set: 0.0ms
[2023-08-11T16:51:32.977+0000][gc,phases     ] GC(297)   Evacuate Collection Set: 15.4ms
[2023-08-11T16:51:32.977+0000][gc,phases     ] GC(297)   Post Evacuate Collection Set: 0.7ms
[2023-08-11T16:51:32.977+0000][gc,phases     ] GC(297)   Other: 0.4ms
[2023-08-11T16:51:32.977+0000][gc,heap       ] GC(297) Eden regions: 309->0(21)
[2023-08-11T16:51:32.977+0000][gc,heap       ] GC(297) Survivor regions: 21->30(42)
[2023-08-11T16:51:32.977+0000][gc,heap       ] GC(297) Old regions: 166->166
[2023-08-11T16:51:32.977+0000][gc,heap       ] GC(297) Humongous regions: 149->149
[2023-08-11T16:51:32.977+0000][gc,metaspace  ] GC(297) Metaspace: 118286K(124132K)->118286K(124132K) NonClass: 104534K(107980K)->104534K(107980K) Class: 13751K(16152K)->13751K(16152K)
[2023-08-11T16:51:32.977+0000][gc            ] GC(297) Pause Young (Prepare Mixed) (G1 Evacuation Pause) 644M->343M(1024M) 16.611ms
[2023-08-11T16:51:32.977+0000][gc,cpu        ] GC(297) User=0.12s Sys=0.00s Real=0.01s
[2023-08-11T16:51:39.468+0000][gc,start      ] GC(298) Pause Young (Mixed) (G1 Evacuation Pause)
[2023-08-11T16:51:39.468+0000][gc,task       ] GC(298) Using 8 workers of 8 for evacuation
[2023-08-11T16:51:39.483+0000][gc,phases     ] GC(298)   Pre Evacuate Collection Set: 0.1ms
[2023-08-11T16:51:39.483+0000][gc,phases     ] GC(298)   Evacuate Collection Set: 13.8ms
[2023-08-11T16:51:39.483+0000][gc,phases     ] GC(298)   Post Evacuate Collection Set: 0.5ms
[2023-08-11T16:51:39.483+0000][gc,phases     ] GC(298)   Other: 0.4ms
[2023-08-11T16:51:39.483+0000][gc,heap       ] GC(298) Eden regions: 21->0(512)
[2023-08-11T16:51:39.483+0000][gc,heap       ] GC(298) Survivor regions: 30->4(7)
[2023-08-11T16:51:39.483+0000][gc,heap       ] GC(298) Old regions: 166->165
[2023-08-11T16:51:39.483+0000][gc,heap       ] GC(298) Humongous regions: 149->149
[2023-08-11T16:51:39.483+0000][gc,metaspace  ] GC(298) Metaspace: 118286K(124132K)->118286K(124132K) NonClass: 104534K(107980K)->104534K(107980K) Class: 13751K(16152K)->13751K(16152K)
[2023-08-11T16:51:39.483+0000][gc            ] GC(298) Pause Young (Mixed) (G1 Evacuation Pause) 364M->317M(1024M) 14.820ms
[2023-08-11T16:51:39.483+0000][gc,cpu        ] GC(298) User=0.10s Sys=0.00s Real=0.02s
[2023-08-11T16:53:55.033+0000][gc,start      ] GC(299) Pause Young (Normal) (G1 Evacuation Pause)
[2023-08-11T16:53:55.033+0000][gc,task       ] GC(299) Using 8 workers of 8 for evacuation
[2023-08-11T16:53:55.043+0000][gc,phases     ] GC(299)   Pre Evacuate Collection Set: 0.0ms
[2023-08-11T16:53:55.043+0000][gc,phases     ] GC(299)   Evacuate Collection Set: 8.6ms
[2023-08-11T16:53:55.043+0000][gc,phases     ] GC(299)   Post Evacuate Collection Set: 0.7ms
[2023-08-11T16:53:55.043+0000][gc,phases     ] GC(299)   Other: 0.3ms
[2023-08-11T16:53:55.043+0000][gc,heap       ] GC(299) Eden regions: 512->0(480)
[2023-08-11T16:53:55.043+0000][gc,heap       ] GC(299) Survivor regions: 4->8(65)
[2023-08-11T16:53:55.043+0000][gc,heap       ] GC(299) Old regions: 165->165
[2023-08-11T16:53:55.043+0000][gc,heap       ] GC(299) Humongous regions: 149->149
[2023-08-11T16:53:55.043+0000][gc,metaspace  ] GC(299) Metaspace: 118289K(124132K)->118289K(124132K) NonClass: 104537K(107980K)->104537K(107980K) Class: 13751K(16152K)->13751K(16152K)
[2023-08-11T16:53:55.043+0000][gc            ] GC(299) Pause Young (Normal) (G1 Evacuation Pause) 829M->321M(1024M) 9.821ms
[2023-08-11T16:53:55.043+0000][gc,cpu        ] GC(299) User=0.06s Sys=0.00s Real=0.01s
[2023-08-11T16:55:54.468+0000][gc,start      ] GC(300) Pause Young (Normal) (G1 Evacuation Pause)
[2023-08-11T16:55:54.468+0000][gc,task       ] GC(300) Using 8 workers of 8 for evacuation
[2023-08-11T16:55:54.485+0000][gc,phases     ] GC(300)   Pre Evacuate Collection Set: 0.0ms
[2023-08-11T16:55:54.485+0000][gc,phases     ] GC(300)   Evacuate Collection Set: 16.0ms
[2023-08-11T16:55:54.485+0000][gc,phases     ] GC(300)   Post Evacuate Collection Set: 0.8ms
[2023-08-11T16:55:54.485+0000][gc,phases     ] GC(300)   Other: 0.4ms
[2023-08-11T16:55:54.485+0000][gc,heap       ] GC(300) Eden regions: 480->0(467)
[2023-08-11T16:55:54.485+0000][gc,heap       ] GC(300) Survivor regions: 8->15(61)
[2023-08-11T16:55:54.485+0000][gc,heap       ] GC(300) Old regions: 165->165
[2023-08-11T16:55:54.485+0000][gc,heap       ] GC(300) Humongous regions: 149->149
[2023-08-11T16:55:54.485+0000][gc,metaspace  ] GC(300) Metaspace: 118298K(124132K)->118298K(124132K) NonClass: 104546K(107980K)->104546K(107980K) Class: 13751K(16152K)->13751K(16152K)
[2023-08-11T16:55:54.485+0000][gc            ] GC(300) Pause Young (Normal) (G1 Evacuation Pause) 801M->327M(1024M) 17.242ms
[2023-08-11T16:55:54.485+0000][gc,cpu        ] GC(300) User=0.11s Sys=0.00s Real=0.02s
[2023-08-11T16:57:54.336+0000][gc,start      ] GC(301) Pause Young (Concurrent Start) (G1 Evacuation Pause)
[2023-08-11T16:57:54.336+0000][gc,task       ] GC(301) Using 8 workers of 8 for evacuation
[2023-08-11T16:57:54.350+0000][gc,phases     ] GC(301)   Pre Evacuate Collection Set: 0.4ms
[2023-08-11T16:57:54.350+0000][gc,phases     ] GC(301)   Evacuate Collection Set: 12.3ms
[2023-08-11T16:57:54.350+0000][gc,phases     ] GC(301)   Post Evacuate Collection Set: 0.7ms
[2023-08-11T16:57:54.350+0000][gc,phases     ] GC(301)   Other: 0.4ms
[2023-08-11T16:57:54.350+0000][gc,heap       ] GC(301) Eden regions: 467->0(425)
[2023-08-11T16:57:54.350+0000][gc,heap       ] GC(301) Survivor regions: 15->20(61)
[2023-08-11T16:57:54.350+0000][gc,heap       ] GC(301) Old regions: 165->165
[2023-08-11T16:57:54.350+0000][gc,heap       ] GC(301) Humongous regions: 149->149
[2023-08-11T16:57:54.350+0000][gc,metaspace  ] GC(301) Metaspace: 118309K(124132K)->118309K(124132K) NonClass: 104557K(107980K)->104557K(107980K) Class: 13751K(16152K)->13751K(16152K)
[2023-08-11T16:57:54.350+0000][gc            ] GC(301) Pause Young (Concurrent Start) (G1 Evacuation Pause) 794M->332M(1024M) 13.862ms
[2023-08-11T16:57:54.350+0000][gc,cpu        ] GC(301) User=0.10s Sys=0.00s Real=0.01s
[2023-08-11T16:57:54.350+0000][gc            ] GC(302) Concurrent Cycle
[2023-08-11T16:57:54.350+0000][gc,marking    ] GC(302) Concurrent Clear Claimed Marks
[2023-08-11T16:57:54.350+0000][gc,marking    ] GC(302) Concurrent Clear Claimed Marks 0.161ms
[2023-08-11T16:57:54.351+0000][gc,marking    ] GC(302) Concurrent Scan Root Regions
[2023-08-11T16:57:54.359+0000][gc,marking    ] GC(302) Concurrent Scan Root Regions 8.031ms
[2023-08-11T16:57:54.359+0000][gc,marking    ] GC(302) Concurrent Mark (22565.660s)
[2023-08-11T16:57:54.359+0000][gc,marking    ] GC(302) Concurrent Mark From Roots
[2023-08-11T16:57:54.359+0000][gc,task       ] GC(302) Using 2 workers of 2 for marking
[2023-08-11T16:57:54.425+0000][gc,marking    ] GC(302) Concurrent Mark From Roots 66.738ms
[2023-08-11T16:57:54.425+0000][gc,marking    ] GC(302) Concurrent Preclean
[2023-08-11T16:57:54.426+0000][gc,marking    ] GC(302) Concurrent Preclean 0.532ms
[2023-08-11T16:57:54.426+0000][gc,marking    ] GC(302) Concurrent Mark (22565.660s, 22565.727s) 67.346ms
[2023-08-11T16:57:54.426+0000][gc,start      ] GC(302) Pause Remark
[2023-08-11T16:57:54.436+0000][gc,stringtable] GC(302) Cleaned string and symbol table, strings: 43761 processed, 0 removed, symbols: 278402 processed, 0 removed
[2023-08-11T16:57:54.436+0000][gc            ] GC(302) Pause Remark 355M->355M(1024M) 9.707ms
[2023-08-11T16:57:54.436+0000][gc,cpu        ] GC(302) User=0.07s Sys=0.00s Real=0.01s
[2023-08-11T16:57:54.436+0000][gc,marking    ] GC(302) Concurrent Rebuild Remembered Sets
[2023-08-11T16:57:54.481+0000][gc,marking    ] GC(302) Concurrent Rebuild Remembered Sets 44.781ms
[2023-08-11T16:57:54.481+0000][gc,start      ] GC(302) Pause Cleanup
[2023-08-11T16:57:54.481+0000][gc            ] GC(302) Pause Cleanup 369M->369M(1024M) 0.371ms
[2023-08-11T16:57:54.482+0000][gc,cpu        ] GC(302) User=0.00s Sys=0.01s Real=0.00s
[2023-08-11T16:57:54.482+0000][gc,marking    ] GC(302) Concurrent Cleanup for Next Mark
[2023-08-11T16:57:54.483+0000][gc,marking    ] GC(302) Concurrent Cleanup for Next Mark 1.562ms
[2023-08-11T16:57:54.483+0000][gc            ] GC(302) Concurrent Cycle 132.904ms
[2023-08-11T16:58:54.474+0000][gc,start      ] GC(303) Pause Young (Prepare Mixed) (G1 Evacuation Pause)
[2023-08-11T16:58:54.474+0000][gc,task       ] GC(303) Using 8 workers of 8 for evacuation
[2023-08-11T16:58:54.491+0000][gc,phases     ] GC(303)   Pre Evacuate Collection Set: 0.1ms
[2023-08-11T16:58:54.491+0000][gc,phases     ] GC(303)   Evacuate Collection Set: 16.5ms
[2023-08-11T16:58:54.491+0000][gc,phases     ] GC(303)   Post Evacuate Collection Set: 0.7ms
[2023-08-11T16:58:54.491+0000][gc,phases     ] GC(303)   Other: 0.5ms
[2023-08-11T16:58:54.491+0000][gc,heap       ] GC(303) Eden regions: 263->0(34)
[2023-08-11T16:58:54.491+0000][gc,heap       ] GC(303) Survivor regions: 20->17(36)
[2023-08-11T16:58:54.491+0000][gc,heap       ] GC(303) Old regions: 165->171
[2023-08-11T16:58:54.491+0000][gc,heap       ] GC(303) Humongous regions: 149->149
[2023-08-11T16:58:54.491+0000][gc,metaspace  ] GC(303) Metaspace: 118309K(124132K)->118309K(124132K) NonClass: 104557K(107980K)->104557K(107980K) Class: 13751K(16152K)->13751K(16152K)
[2023-08-11T16:58:54.491+0000][gc            ] GC(303) Pause Young (Prepare Mixed) (G1 Evacuation Pause) 595M->336M(1024M) 17.835ms
[2023-08-11T16:58:54.491+0000][gc,cpu        ] GC(303) User=0.11s Sys=0.00s Real=0.02s
[2023-08-11T16:59:04.371+0000][gc,start      ] GC(304) Pause Young (Mixed) (G1 Evacuation Pause)
[2023-08-11T16:59:04.371+0000][gc,task       ] GC(304) Using 8 workers of 8 for evacuation
[2023-08-11T16:59:04.384+0000][gc,phases     ] GC(304)   Pre Evacuate Collection Set: 0.1ms
[2023-08-11T16:59:04.384+0000][gc,phases     ] GC(304)   Evacuate Collection Set: 11.2ms
[2023-08-11T16:59:04.384+0000][gc,phases     ] GC(304)   Post Evacuate Collection Set: 0.6ms
[2023-08-11T16:59:04.384+0000][gc,phases     ] GC(304)   Other: 0.5ms
[2023-08-11T16:59:04.384+0000][gc,heap       ] GC(304) Eden regions: 34->0(552)
[2023-08-11T16:59:04.384+0000][gc,heap       ] GC(304) Survivor regions: 17->3(7)
[2023-08-11T16:59:04.384+0000][gc,heap       ] GC(304) Old regions: 171->163
[2023-08-11T16:59:04.384+0000][gc,heap       ] GC(304) Humongous regions: 149->149
[2023-08-11T16:59:04.384+0000][gc,metaspace  ] GC(304) Metaspace: 118309K(124132K)->118309K(124132K) NonClass: 104557K(107980K)->104557K(107980K) Class: 13751K(16152K)->13751K(16152K)
[2023-08-11T16:59:04.384+0000][gc            ] GC(304) Pause Young (Mixed) (G1 Evacuation Pause) 370M->315M(1024M) 12.446ms
[2023-08-11T16:59:04.384+0000][gc,cpu        ] GC(304) User=0.09s Sys=0.01s Real=0.01s
[2023-08-11T17:01:24.353+0000][gc,start      ] GC(305) Pause Young (Normal) (G1 Evacuation Pause)
[2023-08-11T17:01:24.353+0000][gc,task       ] GC(305) Using 8 workers of 8 for evacuation
[2023-08-11T17:01:24.362+0000][gc,phases     ] GC(305)   Pre Evacuate Collection Set: 0.0ms
[2023-08-11T17:01:24.362+0000][gc,phases     ] GC(305)   Evacuate Collection Set: 8.0ms
[2023-08-11T17:01:24.362+0000][gc,phases     ] GC(305)   Post Evacuate Collection Set: 0.7ms
[2023-08-11T17:01:24.362+0000][gc,phases     ] GC(305)   Other: 0.3ms
[2023-08-11T17:01:24.362+0000][gc,heap       ] GC(305) Eden regions: 552->0(551)
[2023-08-11T17:01:24.362+0000][gc,heap       ] GC(305) Survivor regions: 3->10(70)
[2023-08-11T17:01:24.362+0000][gc,heap       ] GC(305) Old regions: 163->163
[2023-08-11T17:01:24.362+0000][gc,heap       ] GC(305) Humongous regions: 149->149
[2023-08-11T17:01:24.362+0000][gc,metaspace  ] GC(305) Metaspace: 118313K(124132K)->118313K(124132K) NonClass: 104561K(107980K)->104561K(107980K) Class: 13751K(16152K)->13751K(16152K)
[2023-08-11T17:01:24.362+0000][gc            ] GC(305) Pause Young (Normal) (G1 Evacuation Pause) 867M->322M(1024M) 9.145ms
[2023-08-11T17:01:24.362+0000][gc,cpu        ] GC(305) User=0.06s Sys=0.00s Real=0.01s
[2023-08-11T17:03:39.445+0000][gc,start      ] GC(306) Pause Young (Normal) (G1 Evacuation Pause)
[2023-08-11T17:03:39.445+0000][gc,task       ] GC(306) Using 8 workers of 8 for evacuation
[2023-08-11T17:03:39.456+0000][gc,phases     ] GC(306)   Pre Evacuate Collection Set: 0.0ms
[2023-08-11T17:03:39.456+0000][gc,phases     ] GC(306)   Evacuate Collection Set: 10.1ms
[2023-08-11T17:03:39.456+0000][gc,phases     ] GC(306)   Post Evacuate Collection Set: 0.7ms
[2023-08-11T17:03:39.456+0000][gc,phases     ] GC(306)   Other: 0.3ms
[2023-08-11T17:03:39.456+0000][gc,heap       ] GC(306) Eden regions: 551->0(550)
[2023-08-11T17:03:39.456+0000][gc,heap       ] GC(306) Survivor regions: 10->16(71)
[2023-08-11T17:03:39.456+0000][gc,heap       ] GC(306) Old regions: 163->163
[2023-08-11T17:03:39.456+0000][gc,heap       ] GC(306) Humongous regions: 149->149
[2023-08-11T17:03:39.456+0000][gc,metaspace  ] GC(306) Metaspace: 118321K(124132K)->118321K(124132K) NonClass: 104569K(107980K)->104569K(107980K) Class: 13751K(16152K)->13751K(16152K)
[2023-08-11T17:03:39.456+0000][gc            ] GC(306) Pause Young (Normal) (G1 Evacuation Pause) 873M->327M(1024M) 11.201ms
[2023-08-11T17:03:39.456+0000][gc,cpu        ] GC(306) User=0.08s Sys=0.00s Real=0.01s
[2023-08-11T17:06:09.312+0000][gc,start      ] GC(307) Pause Young (Concurrent Start) (G1 Evacuation Pause)
[2023-08-11T17:06:09.312+0000][gc,task       ] GC(307) Using 8 workers of 8 for evacuation
[2023-08-11T17:06:09.326+0000][gc,phases     ] GC(307)   Pre Evacuate Collection Set: 0.5ms
[2023-08-11T17:06:09.326+0000][gc,phases     ] GC(307)   Evacuate Collection Set: 13.1ms
[2023-08-11T17:06:09.326+0000][gc,phases     ] GC(307)   Post Evacuate Collection Set: 0.7ms
[2023-08-11T17:06:09.326+0000][gc,phases     ] GC(307)   Other: 0.5ms
[2023-08-11T17:06:09.326+0000][gc,heap       ] GC(307) Eden regions: 550->0(549)
[2023-08-11T17:06:09.326+0000][gc,heap       ] GC(307) Survivor regions: 16->22(71)
[2023-08-11T17:06:09.326+0000][gc,heap       ] GC(307) Old regions: 163->163
[2023-08-11T17:06:09.326+0000][gc,heap       ] GC(307) Humongous regions: 149->149
[2023-08-11T17:06:09.326+0000][gc,metaspace  ] GC(307) Metaspace: 118331K(124132K)->118331K(124132K) NonClass: 104579K(107980K)->104579K(107980K) Class: 13751K(16152K)->13751K(16152K)
[2023-08-11T17:06:09.326+0000][gc            ] GC(307) Pause Young (Concurrent Start) (G1 Evacuation Pause) 877M->334M(1024M) 14.900ms
[2023-08-11T17:06:09.327+0000][gc,cpu        ] GC(307) User=0.10s Sys=0.00s Real=0.01s
[2023-08-11T17:06:09.327+0000][gc            ] GC(308) Concurrent Cycle
[2023-08-11T17:06:09.327+0000][gc,marking    ] GC(308) Concurrent Clear Claimed Marks
[2023-08-11T17:06:09.327+0000][gc,marking    ] GC(308) Concurrent Clear Claimed Marks 0.248ms
[2023-08-11T17:06:09.327+0000][gc,marking    ] GC(308) Concurrent Scan Root Regions
[2023-08-11T17:06:09.335+0000][gc,marking    ] GC(308) Concurrent Scan Root Regions 7.670ms
[2023-08-11T17:06:09.335+0000][gc,marking    ] GC(308) Concurrent Mark (23060.636s)
[2023-08-11T17:06:09.335+0000][gc,marking    ] GC(308) Concurrent Mark From Roots
[2023-08-11T17:06:09.335+0000][gc,task       ] GC(308) Using 2 workers of 2 for marking
[2023-08-11T17:06:09.397+0000][gc,marking    ] GC(308) Concurrent Mark From Roots 62.674ms
[2023-08-11T17:06:09.397+0000][gc,marking    ] GC(308) Concurrent Preclean
[2023-08-11T17:06:09.398+0000][gc,marking    ] GC(308) Concurrent Preclean 0.458ms
[2023-08-11T17:06:09.398+0000][gc,marking    ] GC(308) Concurrent Mark (23060.636s, 23060.699s) 63.203ms
[2023-08-11T17:06:09.398+0000][gc,start      ] GC(308) Pause Remark
[2023-08-11T17:06:09.410+0000][gc,stringtable] GC(308) Cleaned string and symbol table, strings: 43788 processed, 0 removed, symbols: 278402 processed, 0 removed
[2023-08-11T17:06:09.411+0000][gc            ] GC(308) Pause Remark 334M->334M(1024M) 12.767ms
[2023-08-11T17:06:09.411+0000][gc,cpu        ] GC(308) User=0.09s Sys=0.00s Real=0.02s
[2023-08-11T17:06:09.411+0000][gc,marking    ] GC(308) Concurrent Rebuild Remembered Sets
[2023-08-11T17:06:09.456+0000][gc,marking    ] GC(308) Concurrent Rebuild Remembered Sets 45.057ms
[2023-08-11T17:06:09.456+0000][gc,start      ] GC(308) Pause Cleanup
[2023-08-11T17:06:09.456+0000][gc            ] GC(308) Pause Cleanup 338M->338M(1024M) 0.231ms
[2023-08-11T17:06:09.457+0000][gc,cpu        ] GC(308) User=0.00s Sys=0.00s Real=0.00s
[2023-08-11T17:06:09.457+0000][gc,marking    ] GC(308) Concurrent Cleanup for Next Mark
[2023-08-11T17:06:09.458+0000][gc,marking    ] GC(308) Concurrent Cleanup for Next Mark 1.402ms
[2023-08-11T17:06:09.458+0000][gc            ] GC(308) Concurrent Cycle 131.433ms
[2023-08-11T17:07:54.392+0000][gc,start      ] GC(309) Pause Young (Prepare Mixed) (G1 Evacuation Pause)
[2023-08-11T17:07:54.392+0000][gc,task       ] GC(309) Using 8 workers of 8 for evacuation
[2023-08-11T17:07:54.409+0000][gc,phases     ] GC(309)   Pre Evacuate Collection Set: 0.0ms
[2023-08-11T17:07:54.409+0000][gc,phases     ] GC(309)   Evacuate Collection Set: 15.8ms
[2023-08-11T17:07:54.409+0000][gc,phases     ] GC(309)   Post Evacuate Collection Set: 0.7ms
[2023-08-11T17:07:54.409+0000][gc,phases     ] GC(309)   Other: 0.4ms
[2023-08-11T17:07:54.409+0000][gc,heap       ] GC(309) Eden regions: 451->0(23)
[2023-08-11T17:07:54.409+0000][gc,heap       ] GC(309) Survivor regions: 22->28(60)
[2023-08-11T17:07:54.409+0000][gc,heap       ] GC(309) Old regions: 163->163
[2023-08-11T17:07:54.409+0000][gc,heap       ] GC(309) Humongous regions: 149->149
[2023-08-11T17:07:54.409+0000][gc,metaspace  ] GC(309) Metaspace: 118334K(124132K)->118334K(124132K) NonClass: 104582K(107980K)->104582K(107980K) Class: 13751K(16152K)->13751K(16152K)
[2023-08-11T17:07:54.409+0000][gc            ] GC(309) Pause Young (Prepare Mixed) (G1 Evacuation Pause) 785M->339M(1024M) 16.937ms
[2023-08-11T17:07:54.409+0000][gc,cpu        ] GC(309) User=0.13s Sys=0.00s Real=0.01s
[2023-08-11T17:07:55.203+0000][gc,start      ] GC(310) Pause Young (Mixed) (G1 Evacuation Pause)
[2023-08-11T17:07:55.203+0000][gc,task       ] GC(310) Using 8 workers of 8 for evacuation
[2023-08-11T17:07:55.220+0000][gc,phases     ] GC(310)   Pre Evacuate Collection Set: 0.1ms
[2023-08-11T17:07:55.220+0000][gc,phases     ] GC(310)   Evacuate Collection Set: 15.2ms
[2023-08-11T17:07:55.220+0000][gc,phases     ] GC(310)   Post Evacuate Collection Set: 0.6ms
[2023-08-11T17:07:55.220+0000][gc,phases     ] GC(310)   Other: 0.4ms
[2023-08-11T17:07:55.220+0000][gc,heap       ] GC(310) Eden regions: 23->0(561)
[2023-08-11T17:07:55.220+0000][gc,heap       ] GC(310) Survivor regions: 28->4(7)
[2023-08-11T17:07:55.220+0000][gc,heap       ] GC(310) Old regions: 163->168
[2023-08-11T17:07:55.220+0000][gc,heap       ] GC(310) Humongous regions: 149->149
[2023-08-11T17:07:55.220+0000][gc,metaspace  ] GC(310) Metaspace: 118334K(124132K)->118334K(124132K) NonClass: 104582K(107980K)->104582K(107980K) Class: 13751K(16152K)->13751K(16152K)
[2023-08-11T17:07:55.220+0000][gc            ] GC(310) Pause Young (Mixed) (G1 Evacuation Pause) 362M->320M(1024M) 16.319ms
[2023-08-11T17:07:55.220+0000][gc,cpu        ] GC(310) User=0.11s Sys=0.00s Real=0.02s
[2023-08-11T17:10:24.335+0000][gc,start      ] GC(311) Pause Young (Normal) (G1 Evacuation Pause)
[2023-08-11T17:10:24.335+0000][gc,task       ] GC(311) Using 8 workers of 8 for evacuation
[2023-08-11T17:10:24.344+0000][gc,phases     ] GC(311)   Pre Evacuate Collection Set: 0.0ms
[2023-08-11T17:10:24.344+0000][gc,phases     ] GC(311)   Evacuate Collection Set: 7.6ms
[2023-08-11T17:10:24.344+0000][gc,phases     ] GC(311)   Post Evacuate Collection Set: 0.8ms
[2023-08-11T17:10:24.344+0000][gc,phases     ] GC(311)   Other: 0.4ms
[2023-08-11T17:10:24.344+0000][gc,heap       ] GC(311) Eden regions: 561->0(559)
[2023-08-11T17:10:24.344+0000][gc,heap       ] GC(311) Survivor regions: 4->9(71)
[2023-08-11T17:10:24.344+0000][gc,heap       ] GC(311) Old regions: 168->168
[2023-08-11T17:10:24.344+0000][gc,heap       ] GC(311) Humongous regions: 149->149
[2023-08-11T17:10:24.344+0000][gc,metaspace  ] GC(311) Metaspace: 118334K(124132K)->118334K(124132K) NonClass: 104582K(107980K)->104582K(107980K) Class: 13751K(16152K)->13751K(16152K)
[2023-08-11T17:10:24.344+0000][gc            ] GC(311) Pause Young (Normal) (G1 Evacuation Pause) 881M->325M(1024M) 8.792ms
[2023-08-11T17:10:24.344+0000][gc,cpu        ] GC(311) User=0.06s Sys=0.00s Real=0.01s
[2023-08-11T17:12:33.409+0000][gc,start      ] GC(312) Pause Young (Normal) (G1 Evacuation Pause)
[2023-08-11T17:12:33.409+0000][gc,task       ] GC(312) Using 8 workers of 8 for evacuation
[2023-08-11T17:12:33.420+0000][gc,phases     ] GC(312)   Pre Evacuate Collection Set: 0.0ms
[2023-08-11T17:12:33.420+0000][gc,phases     ] GC(312)   Evacuate Collection Set: 10.0ms
[2023-08-11T17:12:33.420+0000][gc,phases     ] GC(312)   Post Evacuate Collection Set: 0.7ms
[2023-08-11T17:12:33.420+0000][gc,phases     ] GC(312)   Other: 0.3ms
[2023-08-11T17:12:33.420+0000][gc,heap       ] GC(312) Eden regions: 559->0(556)
[2023-08-11T17:12:33.420+0000][gc,heap       ] GC(312) Survivor regions: 9->15(71)
[2023-08-11T17:12:33.420+0000][gc,heap       ] GC(312) Old regions: 168->168
[2023-08-11T17:12:33.420+0000][gc,heap       ] GC(312) Humongous regions: 149->149
[2023-08-11T17:12:33.420+0000][gc,metaspace  ] GC(312) Metaspace: 118334K(124132K)->118334K(124132K) NonClass: 104582K(107980K)->104582K(107980K) Class: 13751K(16152K)->13751K(16152K)
[2023-08-11T17:12:33.420+0000][gc            ] GC(312) Pause Young (Normal) (G1 Evacuation Pause) 884M->331M(1024M) 11.114ms
[2023-08-11T17:12:33.420+0000][gc,cpu        ] GC(312) User=0.08s Sys=0.00s Real=0.02s
[2023-08-11T17:15:02.742+0000][gc,start      ] GC(313) Pause Young (Concurrent Start) (G1 Evacuation Pause)
[2023-08-11T17:15:02.742+0000][gc,task       ] GC(313) Using 8 workers of 8 for evacuation
[2023-08-11T17:15:02.757+0000][gc,phases     ] GC(313)   Pre Evacuate Collection Set: 0.4ms
[2023-08-11T17:15:02.757+0000][gc,phases     ] GC(313)   Evacuate Collection Set: 13.6ms
[2023-08-11T17:15:02.757+0000][gc,phases     ] GC(313)   Post Evacuate Collection Set: 0.7ms
[2023-08-11T17:15:02.757+0000][gc,phases     ] GC(313)   Other: 0.4ms
[2023-08-11T17:15:02.757+0000][gc,heap       ] GC(313) Eden regions: 556->0(551)
[2023-08-11T17:15:02.757+0000][gc,heap       ] GC(313) Survivor regions: 15->22(72)
[2023-08-11T17:15:02.757+0000][gc,heap       ] GC(313) Old regions: 168->168
[2023-08-11T17:15:02.757+0000][gc,heap       ] GC(313) Humongous regions: 149->149
[2023-08-11T17:15:02.757+0000][gc,metaspace  ] GC(313) Metaspace: 118336K(124132K)->118336K(124132K) NonClass: 104584K(107980K)->104584K(107980K) Class: 13751K(16152K)->13751K(16152K)
[2023-08-11T17:15:02.757+0000][gc            ] GC(313) Pause Young (Concurrent Start) (G1 Evacuation Pause) 887M->338M(1024M) 15.299ms
[2023-08-11T17:15:02.757+0000][gc,cpu        ] GC(313) User=0.11s Sys=0.00s Real=0.01s
[2023-08-11T17:15:02.757+0000][gc            ] GC(314) Concurrent Cycle
[2023-08-11T17:15:02.757+0000][gc,marking    ] GC(314) Concurrent Clear Claimed Marks
[2023-08-11T17:15:02.757+0000][gc,marking    ] GC(314) Concurrent Clear Claimed Marks 0.175ms
[2023-08-11T17:15:02.757+0000][gc,marking    ] GC(314) Concurrent Scan Root Regions
[2023-08-11T17:15:02.767+0000][gc,marking    ] GC(314) Concurrent Scan Root Regions 9.300ms
[2023-08-11T17:15:02.767+0000][gc,marking    ] GC(314) Concurrent Mark (23594.068s)
[2023-08-11T17:15:02.767+0000][gc,marking    ] GC(314) Concurrent Mark From Roots
[2023-08-11T17:15:02.767+0000][gc,task       ] GC(314) Using 2 workers of 2 for marking
[2023-08-11T17:15:02.833+0000][gc,marking    ] GC(314) Concurrent Mark From Roots 66.736ms
[2023-08-11T17:15:02.834+0000][gc,marking    ] GC(314) Concurrent Preclean
[2023-08-11T17:15:02.834+0000][gc,marking    ] GC(314) Concurrent Preclean 0.533ms
[2023-08-11T17:15:02.834+0000][gc,marking    ] GC(314) Concurrent Mark (23594.068s, 23594.135s) 67.351ms
[2023-08-11T17:15:02.834+0000][gc,start      ] GC(314) Pause Remark
[2023-08-11T17:15:02.844+0000][gc,stringtable] GC(314) Cleaned string and symbol table, strings: 43788 processed, 0 removed, symbols: 278402 processed, 0 removed
[2023-08-11T17:15:02.844+0000][gc            ] GC(314) Pause Remark 342M->342M(1024M) 9.676ms
[2023-08-11T17:15:02.844+0000][gc,cpu        ] GC(314) User=0.07s Sys=0.00s Real=0.01s
[2023-08-11T17:15:02.844+0000][gc,marking    ] GC(314) Concurrent Rebuild Remembered Sets
[2023-08-11T17:15:02.886+0000][gc,marking    ] GC(314) Concurrent Rebuild Remembered Sets 41.902ms
[2023-08-11T17:15:02.886+0000][gc,start      ] GC(314) Pause Cleanup
[2023-08-11T17:15:02.887+0000][gc            ] GC(314) Pause Cleanup 344M->344M(1024M) 0.249ms
[2023-08-11T17:15:02.887+0000][gc,cpu        ] GC(314) User=0.00s Sys=0.00s Real=0.00s
[2023-08-11T17:15:02.887+0000][gc,marking    ] GC(314) Concurrent Cleanup for Next Mark
[2023-08-11T17:15:02.888+0000][gc,marking    ] GC(314) Concurrent Cleanup for Next Mark 1.370ms
[2023-08-11T17:15:02.888+0000][gc            ] GC(314) Concurrent Cycle 130.875ms
[2023-08-11T17:16:55.244+0000][gc,start      ] GC(315) Pause Young (Prepare Mixed) (G1 Evacuation Pause)
[2023-08-11T17:16:55.244+0000][gc,task       ] GC(315) Using 8 workers of 8 for evacuation
[2023-08-11T17:16:55.261+0000][gc,phases     ] GC(315)   Pre Evacuate Collection Set: 0.0ms
[2023-08-11T17:16:55.261+0000][gc,phases     ] GC(315)   Evacuate Collection Set: 16.4ms
[2023-08-11T17:16:55.261+0000][gc,phases     ] GC(315)   Post Evacuate Collection Set: 0.7ms
[2023-08-11T17:16:55.261+0000][gc,phases     ] GC(315)   Other: 0.4ms
[2023-08-11T17:16:55.261+0000][gc,heap       ] GC(315) Eden regions: 486->0(22)
[2023-08-11T17:16:55.261+0000][gc,heap       ] GC(315) Survivor regions: 22->29(64)
[2023-08-11T17:16:55.261+0000][gc,heap       ] GC(315) Old regions: 168->168
[2023-08-11T17:16:55.261+0000][gc,heap       ] GC(315) Humongous regions: 149->149
[2023-08-11T17:16:55.261+0000][gc,metaspace  ] GC(315) Metaspace: 118336K(124132K)->118336K(124132K) NonClass: 104584K(107980K)->104584K(107980K) Class: 13751K(16152K)->13751K(16152K)
[2023-08-11T17:16:55.261+0000][gc            ] GC(315) Pause Young (Prepare Mixed) (G1 Evacuation Pause) 824M->345M(1024M) 17.649ms
[2023-08-11T17:16:55.261+0000][gc,cpu        ] GC(315) User=0.14s Sys=0.00s Real=0.02s
[2023-08-11T17:17:09.439+0000][gc,start      ] GC(316) Pause Young (Mixed) (G1 Evacuation Pause)
[2023-08-11T17:17:09.439+0000][gc,task       ] GC(316) Using 8 workers of 8 for evacuation
[2023-08-11T17:17:09.456+0000][gc,phases     ] GC(316)   Pre Evacuate Collection Set: 0.1ms
[2023-08-11T17:17:09.456+0000][gc,phases     ] GC(316)   Evacuate Collection Set: 15.6ms
[2023-08-11T17:17:09.456+0000][gc,phases     ] GC(316)   Post Evacuate Collection Set: 0.5ms
[2023-08-11T17:17:09.456+0000][gc,phases     ] GC(316)   Other: 0.5ms
[2023-08-11T17:17:09.456+0000][gc,heap       ] GC(316) Eden regions: 22->0(566)
[2023-08-11T17:17:09.456+0000][gc,heap       ] GC(316) Survivor regions: 29->4(7)
[2023-08-11T17:17:09.456+0000][gc,heap       ] GC(316) Old regions: 168->167
[2023-08-11T17:17:09.456+0000][gc,heap       ] GC(316) Humongous regions: 149->149
[2023-08-11T17:17:09.456+0000][gc,metaspace  ] GC(316) Metaspace: 118336K(124132K)->118336K(124132K) NonClass: 104584K(107980K)->104584K(107980K) Class: 13751K(16152K)->13751K(16152K)
[2023-08-11T17:17:09.456+0000][gc            ] GC(316) Pause Young (Mixed) (G1 Evacuation Pause) 367M->319M(1024M) 16.710ms
[2023-08-11T17:17:09.456+0000][gc,cpu        ] GC(316) User=0.13s Sys=0.00s Real=0.01s
[2023-08-11T17:19:24.462+0000][gc,start      ] GC(317) Pause Young (Normal) (G1 Evacuation Pause)
[2023-08-11T17:19:24.462+0000][gc,task       ] GC(317) Using 8 workers of 8 for evacuation
[2023-08-11T17:19:24.471+0000][gc,phases     ] GC(317)   Pre Evacuate Collection Set: 0.0ms
[2023-08-11T17:19:24.471+0000][gc,phases     ] GC(317)   Evacuate Collection Set: 8.0ms
[2023-08-11T17:19:24.471+0000][gc,phases     ] GC(317)   Post Evacuate Collection Set: 0.8ms
[2023-08-11T17:19:24.471+0000][gc,phases     ] GC(317)   Other: 0.3ms
[2023-08-11T17:19:24.471+0000][gc,heap       ] GC(317) Eden regions: 566->0(562)
[2023-08-11T17:19:24.471+0000][gc,heap       ] GC(317) Survivor regions: 4->10(72)
[2023-08-11T17:19:24.471+0000][gc,heap       ] GC(317) Old regions: 167->167
[2023-08-11T17:19:24.471+0000][gc,heap       ] GC(317) Humongous regions: 149->149
[2023-08-11T17:19:24.471+0000][gc,metaspace  ] GC(317) Metaspace: 118336K(124132K)->118336K(124132K) NonClass: 104584K(107980K)->104584K(107980K) Class: 13751K(16152K)->13751K(16152K)
[2023-08-11T17:19:24.471+0000][gc            ] GC(317) Pause Young (Normal) (G1 Evacuation Pause) 885M->325M(1024M) 9.280ms
[2023-08-11T17:19:24.471+0000][gc,cpu        ] GC(317) User=0.07s Sys=0.00s Real=0.01s
[2023-08-11T17:21:45.936+0000][gc,start      ] GC(318) Pause Young (Normal) (G1 Evacuation Pause)
[2023-08-11T17:21:45.936+0000][gc,task       ] GC(318) Using 8 workers of 8 for evacuation
[2023-08-11T17:21:45.947+0000][gc,phases     ] GC(318)   Pre Evacuate Collection Set: 0.0ms
[2023-08-11T17:21:45.947+0000][gc,phases     ] GC(318)   Evacuate Collection Set: 10.3ms
[2023-08-11T17:21:45.947+0000][gc,phases     ] GC(318)   Post Evacuate Collection Set: 0.7ms
[2023-08-11T17:21:45.947+0000][gc,phases     ] GC(318)   Other: 0.3ms
[2023-08-11T17:21:45.947+0000][gc,heap       ] GC(318) Eden regions: 562->0(558)
[2023-08-11T17:21:45.947+0000][gc,heap       ] GC(318) Survivor regions: 10->16(72)
[2023-08-11T17:21:45.947+0000][gc,heap       ] GC(318) Old regions: 167->167
[2023-08-11T17:21:45.947+0000][gc,heap       ] GC(318) Humongous regions: 149->149
[2023-08-11T17:21:45.947+0000][gc,metaspace  ] GC(318) Metaspace: 118336K(124132K)->118336K(124132K) NonClass: 104584K(107980K)->104584K(107980K) Class: 13751K(16152K)->13751K(16152K)
[2023-08-11T17:21:45.947+0000][gc            ] GC(318) Pause Young (Normal) (G1 Evacuation Pause) 887M->330M(1024M) 11.433ms
[2023-08-11T17:21:45.947+0000][gc,cpu        ] GC(318) User=0.09s Sys=0.01s Real=0.01s
[2023-08-11T17:24:15.762+0000][gc,start      ] GC(319) Pause Young (Concurrent Start) (G1 Evacuation Pause)
[2023-08-11T17:24:15.762+0000][gc,task       ] GC(319) Using 8 workers of 8 for evacuation
[2023-08-11T17:24:15.777+0000][gc,phases     ] GC(319)   Pre Evacuate Collection Set: 0.5ms
[2023-08-11T17:24:15.777+0000][gc,phases     ] GC(319)   Evacuate Collection Set: 13.5ms
[2023-08-11T17:24:15.777+0000][gc,phases     ] GC(319)   Post Evacuate Collection Set: 0.7ms
[2023-08-11T17:24:15.777+0000][gc,phases     ] GC(319)   Other: 0.4ms
[2023-08-11T17:24:15.777+0000][gc,heap       ] GC(319) Eden regions: 558->0(554)
[2023-08-11T17:24:15.777+0000][gc,heap       ] GC(319) Survivor regions: 16->22(72)
[2023-08-11T17:24:15.777+0000][gc,heap       ] GC(319) Old regions: 167->167
[2023-08-11T17:24:15.777+0000][gc,heap       ] GC(319) Humongous regions: 149->149
[2023-08-11T17:24:15.777+0000][gc,metaspace  ] GC(319) Metaspace: 118336K(124132K)->118336K(124132K) NonClass: 104584K(107980K)->104584K(107980K) Class: 13751K(16152K)->13751K(16152K)
[2023-08-11T17:24:15.777+0000][gc            ] GC(319) Pause Young (Concurrent Start) (G1 Evacuation Pause) 888M->337M(1024M) 15.145ms
[2023-08-11T17:24:15.777+0000][gc,cpu        ] GC(319) User=0.11s Sys=0.00s Real=0.01s
[2023-08-11T17:24:15.777+0000][gc            ] GC(320) Concurrent Cycle
[2023-08-11T17:24:15.777+0000][gc,marking    ] GC(320) Concurrent Clear Claimed Marks
[2023-08-11T17:24:15.777+0000][gc,marking    ] GC(320) Concurrent Clear Claimed Marks 0.325ms
[2023-08-11T17:24:15.777+0000][gc,marking    ] GC(320) Concurrent Scan Root Regions
[2023-08-11T17:24:15.786+0000][gc,marking    ] GC(320) Concurrent Scan Root Regions 8.239ms
[2023-08-11T17:24:15.786+0000][gc,marking    ] GC(320) Concurrent Mark (24147.087s)
[2023-08-11T17:24:15.786+0000][gc,marking    ] GC(320) Concurrent Mark From Roots
[2023-08-11T17:24:15.786+0000][gc,task       ] GC(320) Using 2 workers of 2 for marking
[2023-08-11T17:24:15.850+0000][gc,marking    ] GC(320) Concurrent Mark From Roots 63.974ms
[2023-08-11T17:24:15.850+0000][gc,marking    ] GC(320) Concurrent Preclean
[2023-08-11T17:24:15.850+0000][gc,marking    ] GC(320) Concurrent Preclean 0.493ms
[2023-08-11T17:24:15.850+0000][gc,marking    ] GC(320) Concurrent Mark (24147.087s, 24147.152s) 64.553ms
[2023-08-11T17:24:15.850+0000][gc,start      ] GC(320) Pause Remark
[2023-08-11T17:24:15.860+0000][gc,stringtable] GC(320) Cleaned string and symbol table, strings: 43788 processed, 0 removed, symbols: 278403 processed, 1 removed
[2023-08-11T17:24:15.860+0000][gc            ] GC(320) Pause Remark 340M->340M(1024M) 9.662ms
[2023-08-11T17:24:15.860+0000][gc,cpu        ] GC(320) User=0.07s Sys=0.00s Real=0.02s
[2023-08-11T17:24:15.860+0000][gc,marking    ] GC(320) Concurrent Rebuild Remembered Sets
[2023-08-11T17:24:15.909+0000][gc,marking    ] GC(320) Concurrent Rebuild Remembered Sets 48.784ms
[2023-08-11T17:24:15.909+0000][gc,start      ] GC(320) Pause Cleanup
[2023-08-11T17:24:15.910+0000][gc            ] GC(320) Pause Cleanup 340M->340M(1024M) 0.262ms
[2023-08-11T17:24:15.910+0000][gc,cpu        ] GC(320) User=0.00s Sys=0.00s Real=0.00s
[2023-08-11T17:24:15.910+0000][gc,marking    ] GC(320) Concurrent Cleanup for Next Mark
[2023-08-11T17:24:15.911+0000][gc,marking    ] GC(320) Concurrent Cleanup for Next Mark 1.388ms
[2023-08-11T17:24:15.911+0000][gc            ] GC(320) Concurrent Cycle 134.036ms
[2023-08-11T17:26:24.475+0000][gc,start      ] GC(321) Pause Young (Prepare Mixed) (G1 Evacuation Pause)
[2023-08-11T17:26:24.475+0000][gc,task       ] GC(321) Using 8 workers of 8 for evacuation
[2023-08-11T17:26:24.497+0000][gc,mmu        ] GC(321) MMU target violated: 21.0ms (20.0ms/21.0ms)
[2023-08-11T17:26:24.497+0000][gc,phases     ] GC(321)   Pre Evacuate Collection Set: 0.0ms
[2023-08-11T17:26:24.497+0000][gc,phases     ] GC(321)   Evacuate Collection Set: 21.1ms
[2023-08-11T17:26:24.497+0000][gc,phases     ] GC(321)   Post Evacuate Collection Set: 0.7ms
[2023-08-11T17:26:24.497+0000][gc,phases     ] GC(321)   Other: 0.6ms
[2023-08-11T17:26:24.497+0000][gc,heap       ] GC(321) Eden regions: 546->0(21)
[2023-08-11T17:26:24.497+0000][gc,heap       ] GC(321) Survivor regions: 22->30(71)
[2023-08-11T17:26:24.497+0000][gc,heap       ] GC(321) Old regions: 167->167
[2023-08-11T17:26:24.497+0000][gc,heap       ] GC(321) Humongous regions: 149->149
[2023-08-11T17:26:24.497+0000][gc,metaspace  ] GC(321) Metaspace: 118336K(124132K)->118336K(124132K) NonClass: 104585K(107980K)->104585K(107980K) Class: 13751K(16152K)->13751K(16152K)
[2023-08-11T17:26:24.497+0000][gc            ] GC(321) Pause Young (Prepare Mixed) (G1 Evacuation Pause) 883M->344M(1024M) 22.439ms
[2023-08-11T17:26:24.497+0000][gc,cpu        ] GC(321) User=0.14s Sys=0.00s Real=0.02s
[2023-08-11T17:26:32.472+0000][gc,start      ] GC(322) Pause Young (Mixed) (G1 Evacuation Pause)
[2023-08-11T17:26:32.472+0000][gc,task       ] GC(322) Using 8 workers of 8 for evacuation
[2023-08-11T17:26:32.489+0000][gc,phases     ] GC(322)   Pre Evacuate Collection Set: 0.1ms
[2023-08-11T17:26:32.489+0000][gc,phases     ] GC(322)   Evacuate Collection Set: 16.1ms
[2023-08-11T17:26:32.489+0000][gc,phases     ] GC(322)   Post Evacuate Collection Set: 0.6ms
[2023-08-11T17:26:32.489+0000][gc,phases     ] GC(322)   Other: 0.4ms
[2023-08-11T17:26:32.489+0000][gc,heap       ] GC(322) Eden regions: 21->0(564)
[2023-08-11T17:26:32.489+0000][gc,heap       ] GC(322) Survivor regions: 30->4(7)
[2023-08-11T17:26:32.489+0000][gc,heap       ] GC(322) Old regions: 167->168
[2023-08-11T17:26:32.489+0000][gc,heap       ] GC(322) Humongous regions: 149->149
[2023-08-11T17:26:32.489+0000][gc,metaspace  ] GC(322) Metaspace: 118336K(124132K)->118336K(124132K) NonClass: 104585K(107980K)->104585K(107980K) Class: 13751K(16152K)->13751K(16152K)
[2023-08-11T17:26:32.489+0000][gc            ] GC(322) Pause Young (Mixed) (G1 Evacuation Pause) 365M->320M(1024M) 17.274ms
[2023-08-11T17:26:32.489+0000][gc,cpu        ] GC(322) User=0.12s Sys=0.00s Real=0.01s
[2023-08-11T17:28:54.393+0000][gc,start      ] GC(323) Pause Young (Normal) (G1 Evacuation Pause)
[2023-08-11T17:28:54.393+0000][gc,task       ] GC(323) Using 8 workers of 8 for evacuation
[2023-08-11T17:28:54.402+0000][gc,phases     ] GC(323)   Pre Evacuate Collection Set: 0.0ms
[2023-08-11T17:28:54.402+0000][gc,phases     ] GC(323)   Evacuate Collection Set: 7.7ms
[2023-08-11T17:28:54.402+0000][gc,phases     ] GC(323)   Post Evacuate Collection Set: 0.7ms
[2023-08-11T17:28:54.402+0000][gc,phases     ] GC(323)   Other: 0.3ms
[2023-08-11T17:28:54.402+0000][gc,heap       ] GC(323) Eden regions: 564->0(561)
[2023-08-11T17:28:54.402+0000][gc,heap       ] GC(323) Survivor regions: 4->10(71)
[2023-08-11T17:28:54.402+0000][gc,heap       ] GC(323) Old regions: 168->168
[2023-08-11T17:28:54.402+0000][gc,heap       ] GC(323) Humongous regions: 149->149
[2023-08-11T17:28:54.402+0000][gc,metaspace  ] GC(323) Metaspace: 118336K(124132K)->118336K(124132K) NonClass: 104585K(107980K)->104585K(107980K) Class: 13751K(16152K)->13751K(16152K)
[2023-08-11T17:28:54.402+0000][gc            ] GC(323) Pause Young (Normal) (G1 Evacuation Pause) 884M->325M(1024M) 8.897ms
[2023-08-11T17:28:54.402+0000][gc,cpu        ] GC(323) User=0.06s Sys=0.00s Real=0.01s
[2023-08-11T17:31:10.385+0000][gc,start      ] GC(324) Pause Young (Normal) (G1 Evacuation Pause)
[2023-08-11T17:31:10.385+0000][gc,task       ] GC(324) Using 8 workers of 8 for evacuation
[2023-08-11T17:31:10.396+0000][gc,phases     ] GC(324)   Pre Evacuate Collection Set: 0.0ms
[2023-08-11T17:31:10.396+0000][gc,phases     ] GC(324)   Evacuate Collection Set: 10.0ms
[2023-08-11T17:31:10.396+0000][gc,phases     ] GC(324)   Post Evacuate Collection Set: 0.7ms
[2023-08-11T17:31:10.396+0000][gc,phases     ] GC(324)   Other: 0.4ms
[2023-08-11T17:31:10.396+0000][gc,heap       ] GC(324) Eden regions: 561->0(558)
[2023-08-11T17:31:10.396+0000][gc,heap       ] GC(324) Survivor regions: 10->15(72)
[2023-08-11T17:31:10.396+0000][gc,heap       ] GC(324) Old regions: 168->168
[2023-08-11T17:31:10.396+0000][gc,heap       ] GC(324) Humongous regions: 149->149
[2023-08-11T17:31:10.396+0000][gc,metaspace  ] GC(324) Metaspace: 118350K(124132K)->118350K(124132K) NonClass: 104598K(107980K)->104598K(107980K) Class: 13751K(16152K)->13751K(16152K)
[2023-08-11T17:31:10.396+0000][gc            ] GC(324) Pause Young (Normal) (G1 Evacuation Pause) 886M->330M(1024M) 11.118ms
[2023-08-11T17:31:10.396+0000][gc,cpu        ] GC(324) User=0.08s Sys=0.00s Real=0.01s
[2023-08-11T17:33:32.950+0000][gc,start      ] GC(325) Pause Young (Concurrent Start) (G1 Evacuation Pause)
[2023-08-11T17:33:32.950+0000][gc,task       ] GC(325) Using 8 workers of 8 for evacuation
[2023-08-11T17:33:32.965+0000][gc,phases     ] GC(325)   Pre Evacuate Collection Set: 0.4ms
[2023-08-11T17:33:32.965+0000][gc,phases     ] GC(325)   Evacuate Collection Set: 14.0ms
[2023-08-11T17:33:32.965+0000][gc,phases     ] GC(325)   Post Evacuate Collection Set: 0.7ms
[2023-08-11T17:33:32.965+0000][gc,phases     ] GC(325)   Other: 0.4ms
[2023-08-11T17:33:32.965+0000][gc,heap       ] GC(325) Eden regions: 558->0(542)
[2023-08-11T17:33:32.965+0000][gc,heap       ] GC(325) Survivor regions: 15->28(72)
[2023-08-11T17:33:32.965+0000][gc,heap       ] GC(325) Old regions: 168->168
[2023-08-11T17:33:32.965+0000][gc,heap       ] GC(325) Humongous regions: 149->149
[2023-08-11T17:33:32.965+0000][gc,metaspace  ] GC(325) Metaspace: 118350K(124132K)->118350K(124132K) NonClass: 104598K(107980K)->104598K(107980K) Class: 13751K(16152K)->13751K(16152K)
[2023-08-11T17:33:32.965+0000][gc            ] GC(325) Pause Young (Concurrent Start) (G1 Evacuation Pause) 888M->344M(1024M) 15.662ms
[2023-08-11T17:33:32.965+0000][gc,cpu        ] GC(325) User=0.10s Sys=0.00s Real=0.02s
[2023-08-11T17:33:32.965+0000][gc            ] GC(326) Concurrent Cycle
[2023-08-11T17:33:32.965+0000][gc,marking    ] GC(326) Concurrent Clear Claimed Marks
[2023-08-11T17:33:32.966+0000][gc,marking    ] GC(326) Concurrent Clear Claimed Marks 0.171ms
[2023-08-11T17:33:32.966+0000][gc,marking    ] GC(326) Concurrent Scan Root Regions
[2023-08-11T17:33:32.975+0000][gc,marking    ] GC(326) Concurrent Scan Root Regions 9.184ms
[2023-08-11T17:33:32.975+0000][gc,marking    ] GC(326) Concurrent Mark (24704.276s)
[2023-08-11T17:33:32.975+0000][gc,marking    ] GC(326) Concurrent Mark From Roots
[2023-08-11T17:33:32.975+0000][gc,task       ] GC(326) Using 2 workers of 2 for marking
[2023-08-11T17:33:33.042+0000][gc,marking    ] GC(326) Concurrent Mark From Roots 66.755ms
[2023-08-11T17:33:33.042+0000][gc,marking    ] GC(326) Concurrent Preclean
[2023-08-11T17:33:33.042+0000][gc,marking    ] GC(326) Concurrent Preclean 0.487ms
[2023-08-11T17:33:33.042+0000][gc,marking    ] GC(326) Concurrent Mark (24704.276s, 24704.344s) 67.317ms
[2023-08-11T17:33:33.042+0000][gc,start      ] GC(326) Pause Remark
[2023-08-11T17:33:33.052+0000][gc,stringtable] GC(326) Cleaned string and symbol table, strings: 43789 processed, 0 removed, symbols: 278402 processed, 0 removed
[2023-08-11T17:33:33.052+0000][gc            ] GC(326) Pause Remark 371M->371M(1024M) 9.802ms
[2023-08-11T17:33:33.052+0000][gc,cpu        ] GC(326) User=0.06s Sys=0.01s Real=0.01s
[2023-08-11T17:33:33.052+0000][gc,marking    ] GC(326) Concurrent Rebuild Remembered Sets
[2023-08-11T17:33:33.095+0000][gc,marking    ] GC(326) Concurrent Rebuild Remembered Sets 42.648ms
[2023-08-11T17:33:33.095+0000][gc,start      ] GC(326) Pause Cleanup
[2023-08-11T17:33:33.095+0000][gc            ] GC(326) Pause Cleanup 371M->371M(1024M) 0.257ms
[2023-08-11T17:33:33.096+0000][gc,cpu        ] GC(326) User=0.00s Sys=0.00s Real=0.00s
[2023-08-11T17:33:33.096+0000][gc,marking    ] GC(326) Concurrent Cleanup for Next Mark
[2023-08-11T17:33:33.097+0000][gc,marking    ] GC(326) Concurrent Cleanup for Next Mark 1.373ms
[2023-08-11T17:33:33.097+0000][gc            ] GC(326) Concurrent Cycle 131.561ms
[2023-08-11T17:34:56.140+0000][gc,start      ] GC(327) Pause Young (Prepare Mixed) (G1 Evacuation Pause)
[2023-08-11T17:34:56.140+0000][gc,task       ] GC(327) Using 8 workers of 8 for evacuation
[2023-08-11T17:34:56.157+0000][gc,phases     ] GC(327)   Pre Evacuate Collection Set: 0.0ms
[2023-08-11T17:34:56.157+0000][gc,phases     ] GC(327)   Evacuate Collection Set: 15.7ms
[2023-08-11T17:34:56.157+0000][gc,phases     ] GC(327)   Post Evacuate Collection Set: 0.7ms
[2023-08-11T17:34:56.157+0000][gc,phases     ] GC(327)   Other: 0.4ms
[2023-08-11T17:34:56.157+0000][gc,heap       ] GC(327) Eden regions: 340->0(31)
[2023-08-11T17:34:56.157+0000][gc,heap       ] GC(327) Survivor regions: 28->20(46)
[2023-08-11T17:34:56.157+0000][gc,heap       ] GC(327) Old regions: 167->174
[2023-08-11T17:34:56.157+0000][gc,heap       ] GC(327) Humongous regions: 149->149
[2023-08-11T17:34:56.157+0000][gc,metaspace  ] GC(327) Metaspace: 118350K(124132K)->118350K(124132K) NonClass: 104598K(107980K)->104598K(107980K) Class: 13751K(16152K)->13751K(16152K)
[2023-08-11T17:34:56.157+0000][gc            ] GC(327) Pause Young (Prepare Mixed) (G1 Evacuation Pause) 684M->342M(1024M) 16.918ms
[2023-08-11T17:34:56.157+0000][gc,cpu        ] GC(327) User=0.12s Sys=0.00s Real=0.01s
[2023-08-11T17:35:09.452+0000][gc,start      ] GC(328) Pause Young (Mixed) (G1 Evacuation Pause)
[2023-08-11T17:35:09.452+0000][gc,task       ] GC(328) Using 8 workers of 8 for evacuation
[2023-08-11T17:35:09.465+0000][gc,phases     ] GC(328)   Pre Evacuate Collection Set: 0.1ms
[2023-08-11T17:35:09.465+0000][gc,phases     ] GC(328)   Evacuate Collection Set: 12.0ms
[2023-08-11T17:35:09.465+0000][gc,phases     ] GC(328)   Post Evacuate Collection Set: 0.6ms
[2023-08-11T17:35:09.465+0000][gc,phases     ] GC(328)   Other: 0.4ms
[2023-08-11T17:35:09.465+0000][gc,heap       ] GC(328) Eden regions: 31->0(568)
[2023-08-11T17:35:09.465+0000][gc,heap       ] GC(328) Survivor regions: 20->4(7)
[2023-08-11T17:35:09.465+0000][gc,heap       ] GC(328) Old regions: 174->166
[2023-08-11T17:35:09.465+0000][gc,heap       ] GC(328) Humongous regions: 149->149
[2023-08-11T17:35:09.465+0000][gc,metaspace  ] GC(328) Metaspace: 118350K(124132K)->118350K(124132K) NonClass: 104598K(107980K)->104598K(107980K) Class: 13751K(16152K)->13751K(16152K)
[2023-08-11T17:35:09.465+0000][gc            ] GC(328) Pause Young (Mixed) (G1 Evacuation Pause) 373M->318M(1024M) 13.127ms
[2023-08-11T17:35:09.465+0000][gc,cpu        ] GC(328) User=0.10s Sys=0.00s Real=0.01s
[2023-08-11T17:37:24.486+0000][gc,start      ] GC(329) Pause Young (Normal) (G1 Evacuation Pause)
[2023-08-11T17:37:24.486+0000][gc,task       ] GC(329) Using 8 workers of 8 for evacuation
[2023-08-11T17:37:24.497+0000][gc,phases     ] GC(329)   Pre Evacuate Collection Set: 0.0ms
[2023-08-11T17:37:24.497+0000][gc,phases     ] GC(329)   Evacuate Collection Set: 10.0ms
[2023-08-11T17:37:24.497+0000][gc,phases     ] GC(329)   Post Evacuate Collection Set: 0.7ms
[2023-08-11T17:37:24.497+0000][gc,phases     ] GC(329)   Other: 0.4ms
[2023-08-11T17:37:24.497+0000][gc,heap       ] GC(329) Eden regions: 568->0(564)
[2023-08-11T17:37:24.497+0000][gc,heap       ] GC(329) Survivor regions: 4->10(72)
[2023-08-11T17:37:24.497+0000][gc,heap       ] GC(329) Old regions: 166->166
[2023-08-11T17:37:24.497+0000][gc,heap       ] GC(329) Humongous regions: 149->149
[2023-08-11T17:37:24.497+0000][gc,metaspace  ] GC(329) Metaspace: 118352K(124132K)->118352K(124132K) NonClass: 104600K(107980K)->104600K(107980K) Class: 13751K(16152K)->13751K(16152K)
[2023-08-11T17:37:24.497+0000][gc            ] GC(329) Pause Young (Normal) (G1 Evacuation Pause) 886M->324M(1024M) 11.184ms
[2023-08-11T17:37:24.497+0000][gc,cpu        ] GC(329) User=0.07s Sys=0.00s Real=0.01s
[2023-08-11T17:39:52.892+0000][gc,start      ] GC(330) Pause Young (Normal) (G1 Evacuation Pause)
[2023-08-11T17:39:52.892+0000][gc,task       ] GC(330) Using 8 workers of 8 for evacuation
[2023-08-11T17:39:52.904+0000][gc,phases     ] GC(330)   Pre Evacuate Collection Set: 0.0ms
[2023-08-11T17:39:52.904+0000][gc,phases     ] GC(330)   Evacuate Collection Set: 10.8ms
[2023-08-11T17:39:52.904+0000][gc,phases     ] GC(330)   Post Evacuate Collection Set: 0.7ms
[2023-08-11T17:39:52.904+0000][gc,phases     ] GC(330)   Other: 0.3ms
[2023-08-11T17:39:52.904+0000][gc,heap       ] GC(330) Eden regions: 564->0(559)
[2023-08-11T17:39:52.904+0000][gc,heap       ] GC(330) Survivor regions: 10->16(72)
[2023-08-11T17:39:52.904+0000][gc,heap       ] GC(330) Old regions: 166->166
[2023-08-11T17:39:52.904+0000][gc,heap       ] GC(330) Humongous regions: 149->149
[2023-08-11T17:39:52.904+0000][gc,metaspace  ] GC(330) Metaspace: 118352K(124132K)->118352K(124132K) NonClass: 104600K(107980K)->104600K(107980K) Class: 13751K(16152K)->13751K(16152K)
[2023-08-11T17:39:52.904+0000][gc            ] GC(330) Pause Young (Normal) (G1 Evacuation Pause) 888M->330M(1024M) 12.005ms
[2023-08-11T17:39:52.904+0000][gc,cpu        ] GC(330) User=0.08s Sys=0.00s Real=0.01s
[2023-08-11T17:42:14.558+0000][gc,start      ] GC(331) Pause Young (Concurrent Start) (G1 Evacuation Pause)
[2023-08-11T17:42:14.558+0000][gc,task       ] GC(331) Using 8 workers of 8 for evacuation
[2023-08-11T17:42:14.578+0000][gc,phases     ] GC(331)   Pre Evacuate Collection Set: 0.5ms
[2023-08-11T17:42:14.578+0000][gc,phases     ] GC(331)   Evacuate Collection Set: 18.3ms
[2023-08-11T17:42:14.578+0000][gc,phases     ] GC(331)   Post Evacuate Collection Set: 0.7ms
[2023-08-11T17:42:14.578+0000][gc,phases     ] GC(331)   Other: 0.5ms
[2023-08-11T17:42:14.578+0000][gc,heap       ] GC(331) Eden regions: 559->0(442)
[2023-08-11T17:42:14.578+0000][gc,heap       ] GC(331) Survivor regions: 16->32(72)
[2023-08-11T17:42:14.578+0000][gc,heap       ] GC(331) Old regions: 166->166
[2023-08-11T17:42:14.578+0000][gc,heap       ] GC(331) Humongous regions: 149->149
[2023-08-11T17:42:14.578+0000][gc,metaspace  ] GC(331) Metaspace: 118352K(124132K)->118352K(124132K) NonClass: 104600K(107980K)->104600K(107980K) Class: 13751K(16152K)->13751K(16152K)
[2023-08-11T17:42:14.578+0000][gc            ] GC(331) Pause Young (Concurrent Start) (G1 Evacuation Pause) 889M->346M(1024M) 19.968ms
[2023-08-11T17:42:14.578+0000][gc,cpu        ] GC(331) User=0.15s Sys=0.00s Real=0.02s
[2023-08-11T17:42:14.578+0000][gc            ] GC(332) Concurrent Cycle
[2023-08-11T17:42:14.578+0000][gc,marking    ] GC(332) Concurrent Clear Claimed Marks
[2023-08-11T17:42:14.579+0000][gc,marking    ] GC(332) Concurrent Clear Claimed Marks 0.228ms
[2023-08-11T17:42:14.579+0000][gc,marking    ] GC(332) Concurrent Scan Root Regions
[2023-08-11T17:42:14.590+0000][gc,marking    ] GC(332) Concurrent Scan Root Regions 11.228ms
[2023-08-11T17:42:14.590+0000][gc,marking    ] GC(332) Concurrent Mark (25225.891s)
[2023-08-11T17:42:14.590+0000][gc,marking    ] GC(332) Concurrent Mark From Roots
[2023-08-11T17:42:14.590+0000][gc,task       ] GC(332) Using 2 workers of 2 for marking
[2023-08-11T17:42:14.652+0000][gc,marking    ] GC(332) Concurrent Mark From Roots 61.665ms
[2023-08-11T17:42:14.652+0000][gc,marking    ] GC(332) Concurrent Preclean
[2023-08-11T17:42:14.652+0000][gc,marking    ] GC(332) Concurrent Preclean 0.438ms
[2023-08-11T17:42:14.652+0000][gc,marking    ] GC(332) Concurrent Mark (25225.891s, 25225.953s) 62.180ms
[2023-08-11T17:42:14.652+0000][gc,start      ] GC(332) Pause Remark
[2023-08-11T17:42:14.662+0000][gc,stringtable] GC(332) Cleaned string and symbol table, strings: 43790 processed, 0 removed, symbols: 278402 processed, 0 removed
[2023-08-11T17:42:14.662+0000][gc            ] GC(332) Pause Remark 352M->352M(1024M) 9.699ms
[2023-08-11T17:42:14.662+0000][gc,cpu        ] GC(332) User=0.07s Sys=0.00s Real=0.01s
[2023-08-11T17:42:14.662+0000][gc,marking    ] GC(332) Concurrent Rebuild Remembered Sets
[2023-08-11T17:42:14.702+0000][gc,marking    ] GC(332) Concurrent Rebuild Remembered Sets 40.254ms
[2023-08-11T17:42:14.703+0000][gc,start      ] GC(332) Pause Cleanup
[2023-08-11T17:42:14.703+0000][gc            ] GC(332) Pause Cleanup 353M->353M(1024M) 0.274ms
[2023-08-11T17:42:14.703+0000][gc,cpu        ] GC(332) User=0.00s Sys=0.00s Real=0.00s
[2023-08-11T17:42:14.703+0000][gc,marking    ] GC(332) Concurrent Cleanup for Next Mark
[2023-08-11T17:42:14.704+0000][gc,marking    ] GC(332) Concurrent Cleanup for Next Mark 1.357ms
[2023-08-11T17:42:14.704+0000][gc            ] GC(332) Concurrent Cycle 126.009ms
[2023-08-11T17:42:32.918+0000][gc,start      ] GC(333) Pause Young (Prepare Mixed) (G1 Evacuation Pause)
[2023-08-11T17:42:32.918+0000][gc,task       ] GC(333) Using 8 workers of 8 for evacuation
[2023-08-11T17:42:32.937+0000][gc,phases     ] GC(333)   Pre Evacuate Collection Set: 0.0ms
[2023-08-11T17:42:32.937+0000][gc,phases     ] GC(333)   Evacuate Collection Set: 18.7ms
[2023-08-11T17:42:32.937+0000][gc,phases     ] GC(333)   Post Evacuate Collection Set: 0.6ms
[2023-08-11T17:42:32.937+0000][gc,phases     ] GC(333)   Other: 0.4ms
[2023-08-11T17:42:32.937+0000][gc,heap       ] GC(333) Eden regions: 124->0(39)
[2023-08-11T17:42:32.937+0000][gc,heap       ] GC(333) Survivor regions: 32->12(20)
[2023-08-11T17:42:32.937+0000][gc,heap       ] GC(333) Old regions: 166->194
[2023-08-11T17:42:32.937+0000][gc,heap       ] GC(333) Humongous regions: 149->149
[2023-08-11T17:42:32.937+0000][gc,metaspace  ] GC(333) Metaspace: 118352K(124132K)->118352K(124132K) NonClass: 104600K(107980K)->104600K(107980K) Class: 13751K(16152K)->13751K(16152K)
[2023-08-11T17:42:32.937+0000][gc            ] GC(333) Pause Young (Prepare Mixed) (G1 Evacuation Pause) 470M->354M(1024M) 19.884ms
[2023-08-11T17:42:32.938+0000][gc,cpu        ] GC(333) User=0.15s Sys=0.00s Real=0.02s
[2023-08-11T17:42:44.558+0000][gc,start      ] GC(334) Pause Young (Mixed) (G1 Evacuation Pause)
[2023-08-11T17:42:44.558+0000][gc,task       ] GC(334) Using 8 workers of 8 for evacuation
[2023-08-11T17:42:44.566+0000][gc,phases     ] GC(334)   Pre Evacuate Collection Set: 0.1ms
[2023-08-11T17:42:44.566+0000][gc,phases     ] GC(334)   Evacuate Collection Set: 6.7ms
[2023-08-11T17:42:44.566+0000][gc,phases     ] GC(334)   Post Evacuate Collection Set: 0.5ms
[2023-08-11T17:42:44.566+0000][gc,phases     ] GC(334)   Other: 0.4ms
[2023-08-11T17:42:44.566+0000][gc,heap       ] GC(334) Eden regions: 39->0(557)
[2023-08-11T17:42:44.566+0000][gc,heap       ] GC(334) Survivor regions: 12->3(7)
[2023-08-11T17:42:44.566+0000][gc,heap       ] GC(334) Old regions: 194->175
[2023-08-11T17:42:44.566+0000][gc,heap       ] GC(334) Humongous regions: 149->149
[2023-08-11T17:42:44.566+0000][gc,metaspace  ] GC(334) Metaspace: 118352K(124132K)->118352K(124132K) NonClass: 104600K(107980K)->104600K(107980K) Class: 13751K(16152K)->13751K(16152K)
[2023-08-11T17:42:44.566+0000][gc            ] GC(334) Pause Young (Mixed) (G1 Evacuation Pause) 393M->326M(1024M) 7.743ms
[2023-08-11T17:42:44.566+0000][gc,cpu        ] GC(334) User=0.05s Sys=0.00s Real=0.01s
[2023-08-11T17:45:09.477+0000][gc,start      ] GC(335) Pause Young (Normal) (G1 Evacuation Pause)
[2023-08-11T17:45:09.477+0000][gc,task       ] GC(335) Using 8 workers of 8 for evacuation
[2023-08-11T17:45:09.490+0000][gc,phases     ] GC(335)   Pre Evacuate Collection Set: 0.0ms
[2023-08-11T17:45:09.490+0000][gc,phases     ] GC(335)   Evacuate Collection Set: 11.8ms
[2023-08-11T17:45:09.490+0000][gc,phases     ] GC(335)   Post Evacuate Collection Set: 0.8ms
[2023-08-11T17:45:09.490+0000][gc,phases     ] GC(335)   Other: 0.5ms
[2023-08-11T17:45:09.490+0000][gc,heap       ] GC(335) Eden regions: 557->0(547)
[2023-08-11T17:45:09.490+0000][gc,heap       ] GC(335) Survivor regions: 3->13(70)
[2023-08-11T17:45:09.490+0000][gc,heap       ] GC(335) Old regions: 175->175
[2023-08-11T17:45:09.490+0000][gc,heap       ] GC(335) Humongous regions: 149->149
[2023-08-11T17:45:09.490+0000][gc,metaspace  ] GC(335) Metaspace: 118352K(124132K)->118352K(124132K) NonClass: 104600K(107980K)->104600K(107980K) Class: 13751K(16152K)->13751K(16152K)
[2023-08-11T17:45:09.490+0000][gc            ] GC(335) Pause Young (Normal) (G1 Evacuation Pause) 883M->336M(1024M) 13.222ms
[2023-08-11T17:45:09.490+0000][gc,cpu        ] GC(335) User=0.08s Sys=0.00s Real=0.01s
[2023-08-11T17:47:24.388+0000][gc,start      ] GC(336) Pause Young (Normal) (G1 Evacuation Pause)
[2023-08-11T17:47:24.388+0000][gc,task       ] GC(336) Using 8 workers of 8 for evacuation
[2023-08-11T17:47:24.401+0000][gc,phases     ] GC(336)   Pre Evacuate Collection Set: 0.0ms
[2023-08-11T17:47:24.401+0000][gc,phases     ] GC(336)   Evacuate Collection Set: 11.8ms
[2023-08-11T17:47:24.401+0000][gc,phases     ] GC(336)   Post Evacuate Collection Set: 0.7ms
[2023-08-11T17:47:24.401+0000][gc,phases     ] GC(336)   Other: 0.4ms
[2023-08-11T17:47:24.401+0000][gc,heap       ] GC(336) Eden regions: 547->0(543)
[2023-08-11T17:47:24.401+0000][gc,heap       ] GC(336) Survivor regions: 13->19(70)
[2023-08-11T17:47:24.401+0000][gc,heap       ] GC(336) Old regions: 175->175
[2023-08-11T17:47:24.401+0000][gc,heap       ] GC(336) Humongous regions: 149->149
[2023-08-11T17:47:24.401+0000][gc,metaspace  ] GC(336) Metaspace: 118352K(124132K)->118352K(124132K) NonClass: 104600K(107980K)->104600K(107980K) Class: 13751K(16152K)->13751K(16152K)
[2023-08-11T17:47:24.401+0000][gc            ] GC(336) Pause Young (Normal) (G1 Evacuation Pause) 883M->342M(1024M) 13.022ms
[2023-08-11T17:47:24.401+0000][gc,cpu        ] GC(336) User=0.10s Sys=0.00s Real=0.02s
[2023-08-11T17:49:29.504+0000][gc,start      ] GC(337) Pause Young (Concurrent Start) (G1 Evacuation Pause)
[2023-08-11T17:49:29.504+0000][gc,task       ] GC(337) Using 8 workers of 8 for evacuation
[2023-08-11T17:49:29.520+0000][gc,phases     ] GC(337)   Pre Evacuate Collection Set: 0.5ms
[2023-08-11T17:49:29.520+0000][gc,phases     ] GC(337)   Evacuate Collection Set: 14.9ms
[2023-08-11T17:49:29.520+0000][gc,phases     ] GC(337)   Post Evacuate Collection Set: 0.7ms
[2023-08-11T17:49:29.520+0000][gc,phases     ] GC(337)   Other: 0.5ms
[2023-08-11T17:49:29.520+0000][gc,heap       ] GC(337) Eden regions: 543->0(509)
[2023-08-11T17:49:29.520+0000][gc,heap       ] GC(337) Survivor regions: 19->25(71)
[2023-08-11T17:49:29.520+0000][gc,heap       ] GC(337) Old regions: 175->175
[2023-08-11T17:49:29.520+0000][gc,heap       ] GC(337) Humongous regions: 149->149
[2023-08-11T17:49:29.520+0000][gc,metaspace  ] GC(337) Metaspace: 118352K(124132K)->118352K(124132K) NonClass: 104600K(107980K)->104600K(107980K) Class: 13751K(16152K)->13751K(16152K)
[2023-08-11T17:49:29.520+0000][gc            ] GC(337) Pause Young (Concurrent Start) (G1 Evacuation Pause) 885M->348M(1024M) 16.616ms
[2023-08-11T17:49:29.520+0000][gc,cpu        ] GC(337) User=0.11s Sys=0.00s Real=0.02s
[2023-08-11T17:49:29.521+0000][gc            ] GC(338) Concurrent Cycle
[2023-08-11T17:49:29.521+0000][gc,marking    ] GC(338) Concurrent Clear Claimed Marks
[2023-08-11T17:49:29.521+0000][gc,marking    ] GC(338) Concurrent Clear Claimed Marks 0.251ms
[2023-08-11T17:49:29.521+0000][gc,marking    ] GC(338) Concurrent Scan Root Regions
[2023-08-11T17:49:29.531+0000][gc,marking    ] GC(338) Concurrent Scan Root Regions 10.423ms
[2023-08-11T17:49:29.531+0000][gc,marking    ] GC(338) Concurrent Mark (25660.833s)
[2023-08-11T17:49:29.531+0000][gc,marking    ] GC(338) Concurrent Mark From Roots
[2023-08-11T17:49:29.531+0000][gc,task       ] GC(338) Using 2 workers of 2 for marking
[2023-08-11T17:49:29.596+0000][gc,marking    ] GC(338) Concurrent Mark From Roots 64.338ms
[2023-08-11T17:49:29.596+0000][gc,marking    ] GC(338) Concurrent Preclean
[2023-08-11T17:49:29.596+0000][gc,marking    ] GC(338) Concurrent Preclean 0.475ms
[2023-08-11T17:49:29.596+0000][gc,marking    ] GC(338) Concurrent Mark (25660.833s, 25660.898s) 64.888ms
[2023-08-11T17:49:29.596+0000][gc,start      ] GC(338) Pause Remark
[2023-08-11T17:49:29.606+0000][gc,stringtable] GC(338) Cleaned string and symbol table, strings: 43793 processed, 0 removed, symbols: 278402 processed, 0 removed
[2023-08-11T17:49:29.606+0000][gc            ] GC(338) Pause Remark 352M->351M(1024M) 9.607ms
[2023-08-11T17:49:29.606+0000][gc,cpu        ] GC(338) User=0.07s Sys=0.00s Real=0.01s
[2023-08-11T17:49:29.606+0000][gc,marking    ] GC(338) Concurrent Rebuild Remembered Sets
[2023-08-11T17:49:29.647+0000][gc,marking    ] GC(338) Concurrent Rebuild Remembered Sets 40.564ms
[2023-08-11T17:49:29.647+0000][gc,start      ] GC(338) Pause Cleanup
[2023-08-11T17:49:29.647+0000][gc            ] GC(338) Pause Cleanup 351M->351M(1024M) 0.251ms
[2023-08-11T17:49:29.647+0000][gc,cpu        ] GC(338) User=0.00s Sys=0.00s Real=0.00s
[2023-08-11T17:49:29.647+0000][gc,marking    ] GC(338) Concurrent Cleanup for Next Mark
[2023-08-11T17:49:29.649+0000][gc,marking    ] GC(338) Concurrent Cleanup for Next Mark 1.361ms
[2023-08-11T17:49:29.649+0000][gc            ] GC(338) Concurrent Cycle 128.206ms
[2023-08-11T17:50:45.564+0000][gc,start      ] GC(339) Pause Young (Prepare Mixed) (G1 Evacuation Pause)
[2023-08-11T17:50:45.564+0000][gc,task       ] GC(339) Using 8 workers of 8 for evacuation
[2023-08-11T17:50:45.582+0000][gc,phases     ] GC(339)   Pre Evacuate Collection Set: 0.0ms
[2023-08-11T17:50:45.582+0000][gc,phases     ] GC(339)   Evacuate Collection Set: 16.4ms
[2023-08-11T17:50:45.582+0000][gc,phases     ] GC(339)   Post Evacuate Collection Set: 0.6ms
[2023-08-11T17:50:45.582+0000][gc,phases     ] GC(339)   Other: 0.4ms
[2023-08-11T17:50:45.582+0000][gc,heap       ] GC(339) Eden regions: 257->0(33)
[2023-08-11T17:50:45.582+0000][gc,heap       ] GC(339) Survivor regions: 25->18(36)
[2023-08-11T17:50:45.582+0000][gc,heap       ] GC(339) Old regions: 174->183
[2023-08-11T17:50:45.582+0000][gc,heap       ] GC(339) Humongous regions: 149->149
[2023-08-11T17:50:45.582+0000][gc,metaspace  ] GC(339) Metaspace: 118352K(124132K)->118352K(124132K) NonClass: 104601K(107980K)->104601K(107980K) Class: 13751K(16152K)->13751K(16152K)
[2023-08-11T17:50:45.582+0000][gc            ] GC(339) Pause Young (Prepare Mixed) (G1 Evacuation Pause) 604M->349M(1024M) 17.581ms
[2023-08-11T17:50:45.582+0000][gc,cpu        ] GC(339) User=0.13s Sys=0.00s Real=0.02s
[2023-08-11T17:50:54.393+0000][gc,start      ] GC(340) Pause Young (Mixed) (GCLocker Initiated GC)
[2023-08-11T17:50:54.393+0000][gc,task       ] GC(340) Using 8 workers of 8 for evacuation
[2023-08-11T17:50:54.405+0000][gc,phases     ] GC(340)   Pre Evacuate Collection Set: 0.1ms
[2023-08-11T17:50:54.405+0000][gc,phases     ] GC(340)   Evacuate Collection Set: 11.1ms
[2023-08-11T17:50:54.405+0000][gc,phases     ] GC(340)   Post Evacuate Collection Set: 0.5ms
[2023-08-11T17:50:54.405+0000][gc,phases     ] GC(340)   Other: 0.4ms
[2023-08-11T17:50:54.405+0000][gc,heap       ] GC(340) Eden regions: 33->0(570)
[2023-08-11T17:50:54.405+0000][gc,heap       ] GC(340) Survivor regions: 18->3(7)
[2023-08-11T17:50:54.405+0000][gc,heap       ] GC(340) Old regions: 183->167
[2023-08-11T17:50:54.405+0000][gc,heap       ] GC(340) Humongous regions: 149->149
[2023-08-11T17:50:54.405+0000][gc,metaspace  ] GC(340) Metaspace: 118352K(124132K)->118352K(124132K) NonClass: 104601K(107980K)->104601K(107980K) Class: 13751K(16152K)->13751K(16152K)
[2023-08-11T17:50:54.405+0000][gc            ] GC(340) Pause Young (Mixed) (GCLocker Initiated GC) 382M->318M(1024M) 12.195ms
[2023-08-11T17:50:54.405+0000][gc,cpu        ] GC(340) User=0.09s Sys=0.00s Real=0.01s
[2023-08-11T17:53:14.555+0000][gc,start      ] GC(341) Pause Young (Normal) (G1 Evacuation Pause)
[2023-08-11T17:53:14.555+0000][gc,task       ] GC(341) Using 8 workers of 8 for evacuation
[2023-08-11T17:53:14.564+0000][gc,phases     ] GC(341)   Pre Evacuate Collection Set: 0.0ms
[2023-08-11T17:53:14.564+0000][gc,phases     ] GC(341)   Evacuate Collection Set: 8.0ms
[2023-08-11T17:53:14.564+0000][gc,phases     ] GC(341)   Post Evacuate Collection Set: 0.8ms
[2023-08-11T17:53:14.564+0000][gc,phases     ] GC(341)   Other: 0.4ms
[2023-08-11T17:53:14.564+0000][gc,heap       ] GC(341) Eden regions: 570->0(565)
[2023-08-11T17:53:14.564+0000][gc,heap       ] GC(341) Survivor regions: 3->9(72)
[2023-08-11T17:53:14.564+0000][gc,heap       ] GC(341) Old regions: 167->167
[2023-08-11T17:53:14.564+0000][gc,heap       ] GC(341) Humongous regions: 149->149
[2023-08-11T17:53:14.564+0000][gc,metaspace  ] GC(341) Metaspace: 118352K(124132K)->118352K(124132K) NonClass: 104601K(107980K)->104601K(107980K) Class: 13751K(16152K)->13751K(16152K)
[2023-08-11T17:53:14.564+0000][gc            ] GC(341) Pause Young (Normal) (G1 Evacuation Pause) 888M->324M(1024M) 9.223ms
[2023-08-11T17:53:14.564+0000][gc,cpu        ] GC(341) User=0.07s Sys=0.00s Real=0.01s
[2023-08-11T17:55:25.206+0000][gc,start      ] GC(342) Pause Young (Normal) (G1 Evacuation Pause)
[2023-08-11T17:55:25.206+0000][gc,task       ] GC(342) Using 8 workers of 8 for evacuation
[2023-08-11T17:55:25.217+0000][gc,phases     ] GC(342)   Pre Evacuate Collection Set: 0.0ms
[2023-08-11T17:55:25.217+0000][gc,phases     ] GC(342)   Evacuate Collection Set: 10.0ms
[2023-08-11T17:55:25.217+0000][gc,phases     ] GC(342)   Post Evacuate Collection Set: 0.6ms
[2023-08-11T17:55:25.217+0000][gc,phases     ] GC(342)   Other: 0.3ms
[2023-08-11T17:55:25.217+0000][gc,heap       ] GC(342) Eden regions: 565->0(561)
[2023-08-11T17:55:25.217+0000][gc,heap       ] GC(342) Survivor regions: 9->15(72)
[2023-08-11T17:55:25.217+0000][gc,heap       ] GC(342) Old regions: 167->167
[2023-08-11T17:55:25.217+0000][gc,heap       ] GC(342) Humongous regions: 149->149
[2023-08-11T17:55:25.217+0000][gc,metaspace  ] GC(342) Metaspace: 118352K(124132K)->118352K(124132K) NonClass: 104601K(107980K)->104601K(107980K) Class: 13751K(16152K)->13751K(16152K)
[2023-08-11T17:55:25.218+0000][gc            ] GC(342) Pause Young (Normal) (G1 Evacuation Pause) 889M->329M(1024M) 11.122ms
[2023-08-11T17:55:25.218+0000][gc,cpu        ] GC(342) User=0.08s Sys=0.00s Real=0.01s
[2023-08-11T17:57:54.346+0000][gc,start      ] GC(343) Pause Young (Concurrent Start) (G1 Evacuation Pause)
[2023-08-11T17:57:54.346+0000][gc,task       ] GC(343) Using 8 workers of 8 for evacuation
[2023-08-11T17:57:54.361+0000][gc,phases     ] GC(343)   Pre Evacuate Collection Set: 0.5ms
[2023-08-11T17:57:54.362+0000][gc,phases     ] GC(343)   Evacuate Collection Set: 14.0ms
[2023-08-11T17:57:54.362+0000][gc,phases     ] GC(343)   Post Evacuate Collection Set: 0.7ms
[2023-08-11T17:57:54.362+0000][gc,phases     ] GC(343)   Other: 0.4ms
[2023-08-11T17:57:54.362+0000][gc,heap       ] GC(343) Eden regions: 561->0(554)
[2023-08-11T17:57:54.362+0000][gc,heap       ] GC(343) Survivor regions: 15->22(72)
[2023-08-11T17:57:54.362+0000][gc,heap       ] GC(343) Old regions: 167->167
[2023-08-11T17:57:54.362+0000][gc,heap       ] GC(343) Humongous regions: 149->149
[2023-08-11T17:57:54.362+0000][gc,metaspace  ] GC(343) Metaspace: 118352K(124132K)->118352K(124132K) NonClass: 104601K(107980K)->104601K(107980K) Class: 13751K(16152K)->13751K(16152K)
[2023-08-11T17:57:54.362+0000][gc            ] GC(343) Pause Young (Concurrent Start) (G1 Evacuation Pause) 890M->337M(1024M) 15.702ms
[2023-08-11T17:57:54.362+0000][gc,cpu        ] GC(343) User=0.11s Sys=0.00s Real=0.02s
[2023-08-11T17:57:54.362+0000][gc            ] GC(344) Concurrent Cycle
[2023-08-11T17:57:54.362+0000][gc,marking    ] GC(344) Concurrent Clear Claimed Marks
[2023-08-11T17:57:54.362+0000][gc,marking    ] GC(344) Concurrent Clear Claimed Marks 0.445ms
[2023-08-11T17:57:54.362+0000][gc,marking    ] GC(344) Concurrent Scan Root Regions
[2023-08-11T17:57:54.371+0000][gc,marking    ] GC(344) Concurrent Scan Root Regions 9.087ms
[2023-08-11T17:57:54.371+0000][gc,marking    ] GC(344) Concurrent Mark (26165.673s)
[2023-08-11T17:57:54.371+0000][gc,marking    ] GC(344) Concurrent Mark From Roots
[2023-08-11T17:57:54.371+0000][gc,task       ] GC(344) Using 2 workers of 2 for marking
[2023-08-11T17:57:54.440+0000][gc,marking    ] GC(344) Concurrent Mark From Roots 68.523ms
[2023-08-11T17:57:54.440+0000][gc,marking    ] GC(344) Concurrent Preclean
[2023-08-11T17:57:54.440+0000][gc,marking    ] GC(344) Concurrent Preclean 0.469ms
[2023-08-11T17:57:54.440+0000][gc,marking    ] GC(344) Concurrent Mark (26165.673s, 26165.742s) 69.067ms
[2023-08-11T17:57:54.441+0000][gc,start      ] GC(344) Pause Remark
[2023-08-11T17:57:54.450+0000][gc,stringtable] GC(344) Cleaned string and symbol table, strings: 43793 processed, 0 removed, symbols: 278402 processed, 0 removed
[2023-08-11T17:57:54.450+0000][gc            ] GC(344) Pause Remark 359M->356M(1024M) 9.532ms
[2023-08-11T17:57:54.450+0000][gc,cpu        ] GC(344) User=0.07s Sys=0.00s Real=0.00s
[2023-08-11T17:57:54.450+0000][gc,marking    ] GC(344) Concurrent Rebuild Remembered Sets
[2023-08-11T17:57:54.498+0000][gc,marking    ] GC(344) Concurrent Rebuild Remembered Sets 47.795ms
[2023-08-11T17:57:54.498+0000][gc,start      ] GC(344) Pause Cleanup
[2023-08-11T17:57:54.499+0000][gc            ] GC(344) Pause Cleanup 369M->369M(1024M) 0.322ms
[2023-08-11T17:57:54.499+0000][gc,cpu        ] GC(344) User=0.00s Sys=0.00s Real=0.00s
[2023-08-11T17:57:54.499+0000][gc,marking    ] GC(344) Concurrent Cleanup for Next Mark
[2023-08-11T17:57:54.500+0000][gc,marking    ] GC(344) Concurrent Cleanup for Next Mark 1.501ms
[2023-08-11T17:57:54.500+0000][gc            ] GC(344) Concurrent Cycle 138.695ms
[2023-08-11T17:59:54.372+0000][gc,start      ] GC(345) Pause Young (Prepare Mixed) (G1 Evacuation Pause)
[2023-08-11T17:59:54.372+0000][gc,task       ] GC(345) Using 8 workers of 8 for evacuation
[2023-08-11T17:59:54.389+0000][gc,phases     ] GC(345)   Pre Evacuate Collection Set: 0.0ms
[2023-08-11T17:59:54.389+0000][gc,phases     ] GC(345)   Evacuate Collection Set: 16.2ms
[2023-08-11T17:59:54.389+0000][gc,phases     ] GC(345)   Post Evacuate Collection Set: 0.7ms
[2023-08-11T17:59:54.389+0000][gc,phases     ] GC(345)   Other: 0.4ms
[2023-08-11T17:59:54.389+0000][gc,heap       ] GC(345) Eden regions: 458->0(22)
[2023-08-11T17:59:54.389+0000][gc,heap       ] GC(345) Survivor regions: 22->29(60)
[2023-08-11T17:59:54.389+0000][gc,heap       ] GC(345) Old regions: 164->164
[2023-08-11T17:59:54.389+0000][gc,heap       ] GC(345) Humongous regions: 149->149
[2023-08-11T17:59:54.389+0000][gc,metaspace  ] GC(345) Metaspace: 118352K(124132K)->118352K(124132K) NonClass: 104601K(107980K)->104601K(107980K) Class: 13751K(16152K)->13751K(16152K)
[2023-08-11T17:59:54.389+0000][gc            ] GC(345) Pause Young (Prepare Mixed) (G1 Evacuation Pause) 792M->340M(1024M) 17.399ms
[2023-08-11T17:59:54.389+0000][gc,cpu        ] GC(345) User=0.13s Sys=0.00s Real=0.01s
[2023-08-11T17:59:54.473+0000][gc,start      ] GC(346) Pause Young (Mixed) (G1 Evacuation Pause)
[2023-08-11T17:59:54.474+0000][gc,task       ] GC(346) Using 8 workers of 8 for evacuation
[2023-08-11T17:59:54.492+0000][gc,phases     ] GC(346)   Pre Evacuate Collection Set: 0.1ms
[2023-08-11T17:59:54.492+0000][gc,phases     ] GC(346)   Evacuate Collection Set: 17.8ms
[2023-08-11T17:59:54.492+0000][gc,phases     ] GC(346)   Post Evacuate Collection Set: 0.6ms
[2023-08-11T17:59:54.492+0000][gc,phases     ] GC(346)   Other: 0.4ms
[2023-08-11T17:59:54.492+0000][gc,heap       ] GC(346) Eden regions: 22->0(553)
[2023-08-11T17:59:54.492+0000][gc,heap       ] GC(346) Survivor regions: 29->4(7)
[2023-08-11T17:59:54.492+0000][gc,heap       ] GC(346) Old regions: 164->169
[2023-08-11T17:59:54.492+0000][gc,heap       ] GC(346) Humongous regions: 149->149
[2023-08-11T17:59:54.492+0000][gc,metaspace  ] GC(346) Metaspace: 118352K(124132K)->118352K(124132K) NonClass: 104601K(107980K)->104601K(107980K) Class: 13751K(16152K)->13751K(16152K)
[2023-08-11T17:59:54.492+0000][gc            ] GC(346) Pause Young (Mixed) (G1 Evacuation Pause) 362M->321M(1024M) 18.883ms
[2023-08-11T17:59:54.492+0000][gc,cpu        ] GC(346) User=0.12s Sys=0.00s Real=0.02s
[2023-08-11T18:02:09.476+0000][gc,start      ] GC(347) Pause Young (Normal) (G1 Evacuation Pause)
[2023-08-11T18:02:09.476+0000][gc,task       ] GC(347) Using 8 workers of 8 for evacuation
[2023-08-11T18:02:09.487+0000][gc,phases     ] GC(347)   Pre Evacuate Collection Set: 0.0ms
[2023-08-11T18:02:09.487+0000][gc,phases     ] GC(347)   Evacuate Collection Set: 9.5ms
[2023-08-11T18:02:09.487+0000][gc,phases     ] GC(347)   Post Evacuate Collection Set: 0.7ms
[2023-08-11T18:02:09.487+0000][gc,phases     ] GC(347)   Other: 0.4ms
[2023-08-11T18:02:09.487+0000][gc,heap       ] GC(347) Eden regions: 553->0(552)
[2023-08-11T18:02:09.487+0000][gc,heap       ] GC(347) Survivor regions: 4->10(70)
[2023-08-11T18:02:09.487+0000][gc,heap       ] GC(347) Old regions: 169->169
[2023-08-11T18:02:09.487+0000][gc,heap       ] GC(347) Humongous regions: 149->149
[2023-08-11T18:02:09.487+0000][gc,metaspace  ] GC(347) Metaspace: 118356K(124132K)->118356K(124132K) NonClass: 104604K(107980K)->104604K(107980K) Class: 13751K(16152K)->13751K(16152K)
[2023-08-11T18:02:09.487+0000][gc            ] GC(347) Pause Young (Normal) (G1 Evacuation Pause) 874M->327M(1024M) 10.735ms
[2023-08-11T18:02:09.487+0000][gc,cpu        ] GC(347) User=0.06s Sys=0.00s Real=0.01s
[2023-08-11T18:04:24.466+0000][gc,start      ] GC(348) Pause Young (Normal) (G1 Evacuation Pause)
[2023-08-11T18:04:24.466+0000][gc,task       ] GC(348) Using 8 workers of 8 for evacuation
[2023-08-11T18:04:24.477+0000][gc,phases     ] GC(348)   Pre Evacuate Collection Set: 0.0ms
[2023-08-11T18:04:24.478+0000][gc,phases     ] GC(348)   Evacuate Collection Set: 10.6ms
[2023-08-11T18:04:24.478+0000][gc,phases     ] GC(348)   Post Evacuate Collection Set: 0.7ms
[2023-08-11T18:04:24.478+0000][gc,phases     ] GC(348)   Other: 0.4ms
[2023-08-11T18:04:24.478+0000][gc,heap       ] GC(348) Eden regions: 552->0(549)
[2023-08-11T18:04:24.478+0000][gc,heap       ] GC(348) Survivor regions: 10->16(71)
[2023-08-11T18:04:24.478+0000][gc,heap       ] GC(348) Old regions: 169->169
[2023-08-11T18:04:24.478+0000][gc,heap       ] GC(348) Humongous regions: 149->149
[2023-08-11T18:04:24.478+0000][gc,metaspace  ] GC(348) Metaspace: 118356K(124132K)->118356K(124132K) NonClass: 104604K(107980K)->104604K(107980K) Class: 13751K(16152K)->13751K(16152K)
[2023-08-11T18:04:24.478+0000][gc            ] GC(348) Pause Young (Normal) (G1 Evacuation Pause) 879M->332M(1024M) 11.834ms
[2023-08-11T18:04:24.478+0000][gc,cpu        ] GC(348) User=0.08s Sys=0.00s Real=0.01s
[2023-08-11T18:06:39.473+0000][gc,start      ] GC(349) Pause Young (Concurrent Start) (G1 Evacuation Pause)
[2023-08-11T18:06:39.473+0000][gc,task       ] GC(349) Using 8 workers of 8 for evacuation
[2023-08-11T18:06:39.488+0000][gc,phases     ] GC(349)   Pre Evacuate Collection Set: 0.5ms
[2023-08-11T18:06:39.488+0000][gc,phases     ] GC(349)   Evacuate Collection Set: 13.4ms
[2023-08-11T18:06:39.488+0000][gc,phases     ] GC(349)   Post Evacuate Collection Set: 0.7ms
[2023-08-11T18:06:39.488+0000][gc,phases     ] GC(349)   Other: 0.4ms
[2023-08-11T18:06:39.488+0000][gc,heap       ] GC(349) Eden regions: 549->0(546)
[2023-08-11T18:06:39.488+0000][gc,heap       ] GC(349) Survivor regions: 16->22(71)
[2023-08-11T18:06:39.488+0000][gc,heap       ] GC(349) Old regions: 169->169
[2023-08-11T18:06:39.488+0000][gc,heap       ] GC(349) Humongous regions: 149->149
[2023-08-11T18:06:39.488+0000][gc,metaspace  ] GC(349) Metaspace: 118356K(124132K)->118356K(124132K) NonClass: 104604K(107980K)->104604K(107980K) Class: 13751K(16152K)->13751K(16152K)
[2023-08-11T18:06:39.488+0000][gc            ] GC(349) Pause Young (Concurrent Start) (G1 Evacuation Pause) 881M->339M(1024M) 15.047ms
[2023-08-11T18:06:39.489+0000][gc,cpu        ] GC(349) User=0.11s Sys=0.00s Real=0.01s
[2023-08-11T18:06:39.489+0000][gc            ] GC(350) Concurrent Cycle
[2023-08-11T18:06:39.489+0000][gc,marking    ] GC(350) Concurrent Clear Claimed Marks
[2023-08-11T18:06:39.489+0000][gc,marking    ] GC(350) Concurrent Clear Claimed Marks 0.187ms
[2023-08-11T18:06:39.489+0000][gc,marking    ] GC(350) Concurrent Scan Root Regions
[2023-08-11T18:06:39.502+0000][gc,marking    ] GC(350) Concurrent Scan Root Regions 13.375ms
[2023-08-11T18:06:39.502+0000][gc,marking    ] GC(350) Concurrent Mark (26690.804s)
[2023-08-11T18:06:39.502+0000][gc,marking    ] GC(350) Concurrent Mark From Roots
[2023-08-11T18:06:39.502+0000][gc,task       ] GC(350) Using 2 workers of 2 for marking
[2023-08-11T18:06:39.575+0000][gc,marking    ] GC(350) Concurrent Mark From Roots 73.156ms
[2023-08-11T18:06:39.575+0000][gc,marking    ] GC(350) Concurrent Preclean
[2023-08-11T18:06:39.576+0000][gc,marking    ] GC(350) Concurrent Preclean 0.437ms
[2023-08-11T18:06:39.576+0000][gc,marking    ] GC(350) Concurrent Mark (26690.804s, 26690.877s) 73.666ms
[2023-08-11T18:06:39.576+0000][gc,start      ] GC(350) Pause Remark
[2023-08-11T18:06:39.586+0000][gc,stringtable] GC(350) Cleaned string and symbol table, strings: 43793 processed, 0 removed, symbols: 278402 processed, 0 removed
[2023-08-11T18:06:39.586+0000][gc            ] GC(350) Pause Remark 346M->346M(1024M) 9.704ms
[2023-08-11T18:06:39.586+0000][gc,cpu        ] GC(350) User=0.07s Sys=0.00s Real=0.01s
[2023-08-11T18:06:39.586+0000][gc,marking    ] GC(350) Concurrent Rebuild Remembered Sets
[2023-08-11T18:06:39.635+0000][gc,marking    ] GC(350) Concurrent Rebuild Remembered Sets 48.947ms
[2023-08-11T18:06:39.635+0000][gc,start      ] GC(350) Pause Cleanup
[2023-08-11T18:06:39.635+0000][gc            ] GC(350) Pause Cleanup 346M->346M(1024M) 0.232ms
[2023-08-11T18:06:39.635+0000][gc,cpu        ] GC(350) User=0.00s Sys=0.00s Real=0.00s
[2023-08-11T18:06:39.635+0000][gc,marking    ] GC(350) Concurrent Cleanup for Next Mark
[2023-08-11T18:06:39.637+0000][gc,marking    ] GC(350) Concurrent Cleanup for Next Mark 1.353ms
[2023-08-11T18:06:39.637+0000][gc            ] GC(350) Concurrent Cycle 148.227ms
[2023-08-11T18:08:47.673+0000][gc,start      ] GC(351) Pause Young (Prepare Mixed) (G1 Evacuation Pause)
[2023-08-11T18:08:47.673+0000][gc,task       ] GC(351) Using 8 workers of 8 for evacuation
[2023-08-11T18:08:47.690+0000][gc,phases     ] GC(351)   Pre Evacuate Collection Set: 0.0ms
[2023-08-11T18:08:47.690+0000][gc,phases     ] GC(351)   Evacuate Collection Set: 15.8ms
[2023-08-11T18:08:47.690+0000][gc,phases     ] GC(351)   Post Evacuate Collection Set: 0.7ms
[2023-08-11T18:08:47.690+0000][gc,phases     ] GC(351)   Other: 0.4ms
[2023-08-11T18:08:47.690+0000][gc,heap       ] GC(351) Eden regions: 464->0(24)
[2023-08-11T18:08:47.690+0000][gc,heap       ] GC(351) Survivor regions: 22->27(61)
[2023-08-11T18:08:47.690+0000][gc,heap       ] GC(351) Old regions: 169->169
[2023-08-11T18:08:47.690+0000][gc,heap       ] GC(351) Humongous regions: 149->149
[2023-08-11T18:08:47.690+0000][gc,metaspace  ] GC(351) Metaspace: 118356K(124132K)->118356K(124132K) NonClass: 104604K(107980K)->104604K(107980K) Class: 13751K(16152K)->13751K(16152K)
[2023-08-11T18:08:47.690+0000][gc            ] GC(351) Pause Young (Prepare Mixed) (G1 Evacuation Pause) 803M->344M(1024M) 17.002ms
[2023-08-11T18:08:47.690+0000][gc,cpu        ] GC(351) User=0.12s Sys=0.00s Real=0.01s
[2023-08-11T18:08:54.349+0000][gc,start      ] GC(352) Pause Young (Mixed) (G1 Evacuation Pause)
[2023-08-11T18:08:54.349+0000][gc,task       ] GC(352) Using 8 workers of 8 for evacuation
[2023-08-11T18:08:54.366+0000][gc,phases     ] GC(352)   Pre Evacuate Collection Set: 0.1ms
[2023-08-11T18:08:54.366+0000][gc,phases     ] GC(352)   Evacuate Collection Set: 15.7ms
[2023-08-11T18:08:54.366+0000][gc,phases     ] GC(352)   Post Evacuate Collection Set: 0.6ms
[2023-08-11T18:08:54.366+0000][gc,phases     ] GC(352)   Other: 0.4ms
[2023-08-11T18:08:54.366+0000][gc,heap       ] GC(352) Eden regions: 24->0(536)
[2023-08-11T18:08:54.366+0000][gc,heap       ] GC(352) Survivor regions: 27->4(7)
[2023-08-11T18:08:54.366+0000][gc,heap       ] GC(352) Old regions: 169->167
[2023-08-11T18:08:54.366+0000][gc,heap       ] GC(352) Humongous regions: 149->149
[2023-08-11T18:08:54.366+0000][gc,metaspace  ] GC(352) Metaspace: 118356K(124132K)->118356K(124132K) NonClass: 104604K(107980K)->104604K(107980K) Class: 13751K(16152K)->13751K(16152K)
[2023-08-11T18:08:54.366+0000][gc            ] GC(352) Pause Young (Mixed) (G1 Evacuation Pause) 368M->319M(1024M) 16.882ms
[2023-08-11T18:08:54.366+0000][gc,cpu        ] GC(352) User=0.12s Sys=0.00s Real=0.02s
[2023-08-11T18:11:02.736+0000][gc,start      ] GC(353) Pause Young (Normal) (G1 Evacuation Pause)
[2023-08-11T18:11:02.736+0000][gc,task       ] GC(353) Using 8 workers of 8 for evacuation
[2023-08-11T18:11:02.746+0000][gc,phases     ] GC(353)   Pre Evacuate Collection Set: 0.0ms
[2023-08-11T18:11:02.746+0000][gc,phases     ] GC(353)   Evacuate Collection Set: 8.3ms
[2023-08-11T18:11:02.746+0000][gc,phases     ] GC(353)   Post Evacuate Collection Set: 0.7ms
[2023-08-11T18:11:02.746+0000][gc,phases     ] GC(353)   Other: 0.4ms
[2023-08-11T18:11:02.746+0000][gc,heap       ] GC(353) Eden regions: 536->0(539)
[2023-08-11T18:11:02.746+0000][gc,heap       ] GC(353) Survivor regions: 4->9(68)
[2023-08-11T18:11:02.746+0000][gc,heap       ] GC(353) Old regions: 167->167
[2023-08-11T18:11:02.746+0000][gc,heap       ] GC(353) Humongous regions: 149->149
[2023-08-11T18:11:02.746+0000][gc,metaspace  ] GC(353) Metaspace: 118356K(124132K)->118356K(124132K) NonClass: 104604K(107980K)->104604K(107980K) Class: 13751K(16152K)->13751K(16152K)
[2023-08-11T18:11:02.746+0000][gc            ] GC(353) Pause Young (Normal) (G1 Evacuation Pause) 855M->324M(1024M) 9.560ms
[2023-08-11T18:11:02.746+0000][gc,cpu        ] GC(353) User=0.06s Sys=0.00s Real=0.01s
[2023-08-11T18:13:12.501+0000][gc,start      ] GC(354) Pause Young (Normal) (G1 Evacuation Pause)
[2023-08-11T18:13:12.501+0000][gc,task       ] GC(354) Using 8 workers of 8 for evacuation
[2023-08-11T18:13:12.512+0000][gc,phases     ] GC(354)   Pre Evacuate Collection Set: 0.0ms
[2023-08-11T18:13:12.512+0000][gc,phases     ] GC(354)   Evacuate Collection Set: 9.6ms
[2023-08-11T18:13:12.512+0000][gc,phases     ] GC(354)   Post Evacuate Collection Set: 0.7ms
[2023-08-11T18:13:12.512+0000][gc,phases     ] GC(354)   Other: 0.4ms
[2023-08-11T18:13:12.512+0000][gc,heap       ] GC(354) Eden regions: 539->0(541)
[2023-08-11T18:13:12.512+0000][gc,heap       ] GC(354) Survivor regions: 9->14(69)
[2023-08-11T18:13:12.512+0000][gc,heap       ] GC(354) Old regions: 167->167
[2023-08-11T18:13:12.512+0000][gc,heap       ] GC(354) Humongous regions: 149->149
[2023-08-11T18:13:12.512+0000][gc,metaspace  ] GC(354) Metaspace: 118356K(124132K)->118356K(124132K) NonClass: 104604K(107980K)->104604K(107980K) Class: 13751K(16152K)->13751K(16152K)
[2023-08-11T18:13:12.512+0000][gc            ] GC(354) Pause Young (Normal) (G1 Evacuation Pause) 863M->329M(1024M) 10.837ms
[2023-08-11T18:13:12.512+0000][gc,cpu        ] GC(354) User=0.07s Sys=0.00s Real=0.01s
[2023-08-11T18:15:32.941+0000][gc,start      ] GC(355) Pause Young (Concurrent Start) (G1 Evacuation Pause)
[2023-08-11T18:15:32.941+0000][gc,task       ] GC(355) Using 8 workers of 8 for evacuation
[2023-08-11T18:15:32.956+0000][gc,phases     ] GC(355)   Pre Evacuate Collection Set: 0.5ms
[2023-08-11T18:15:32.956+0000][gc,phases     ] GC(355)   Evacuate Collection Set: 13.4ms
[2023-08-11T18:15:32.956+0000][gc,phases     ] GC(355)   Post Evacuate Collection Set: 0.7ms
[2023-08-11T18:15:32.956+0000][gc,phases     ] GC(355)   Other: 0.5ms
[2023-08-11T18:15:32.956+0000][gc,heap       ] GC(355) Eden regions: 541->0(505)
[2023-08-11T18:15:32.956+0000][gc,heap       ] GC(355) Survivor regions: 14->24(70)
[2023-08-11T18:15:32.956+0000][gc,heap       ] GC(355) Old regions: 167->167
[2023-08-11T18:15:32.956+0000][gc,heap       ] GC(355) Humongous regions: 149->149
[2023-08-11T18:15:32.956+0000][gc,metaspace  ] GC(355) Metaspace: 118356K(124132K)->118356K(124132K) NonClass: 104604K(107980K)->104604K(107980K) Class: 13751K(16152K)->13751K(16152K)
[2023-08-11T18:15:32.957+0000][gc            ] GC(355) Pause Young (Concurrent Start) (G1 Evacuation Pause) 870M->339M(1024M) 15.153ms
[2023-08-11T18:15:32.957+0000][gc,cpu        ] GC(355) User=0.11s Sys=0.00s Real=0.01s
[2023-08-11T18:15:32.957+0000][gc            ] GC(356) Concurrent Cycle
[2023-08-11T18:15:32.957+0000][gc,marking    ] GC(356) Concurrent Clear Claimed Marks
[2023-08-11T18:15:32.957+0000][gc,marking    ] GC(356) Concurrent Clear Claimed Marks 0.298ms
[2023-08-11T18:15:32.957+0000][gc,marking    ] GC(356) Concurrent Scan Root Regions
[2023-08-11T18:15:32.969+0000][gc,marking    ] GC(356) Concurrent Scan Root Regions 12.385ms
[2023-08-11T18:15:32.969+0000][gc,marking    ] GC(356) Concurrent Mark (27224.271s)
[2023-08-11T18:15:32.969+0000][gc,marking    ] GC(356) Concurrent Mark From Roots
[2023-08-11T18:15:32.969+0000][gc,task       ] GC(356) Using 2 workers of 2 for marking
[2023-08-11T18:15:33.051+0000][gc,marking    ] GC(356) Concurrent Mark From Roots 81.389ms
[2023-08-11T18:15:33.051+0000][gc,marking    ] GC(356) Concurrent Preclean
[2023-08-11T18:15:33.051+0000][gc,marking    ] GC(356) Concurrent Preclean 0.473ms
[2023-08-11T18:15:33.051+0000][gc,marking    ] GC(356) Concurrent Mark (27224.271s, 27224.353s) 81.958ms
[2023-08-11T18:15:33.052+0000][gc,start      ] GC(356) Pause Remark
[2023-08-11T18:15:33.061+0000][gc,stringtable] GC(356) Cleaned string and symbol table, strings: 43799 processed, 0 removed, symbols: 278402 processed, 0 removed
[2023-08-11T18:15:33.061+0000][gc            ] GC(356) Pause Remark 382M->382M(1024M) 9.929ms
[2023-08-11T18:15:33.062+0000][gc,cpu        ] GC(356) User=0.07s Sys=0.00s Real=0.01s
[2023-08-11T18:15:33.062+0000][gc,marking    ] GC(356) Concurrent Rebuild Remembered Sets
[2023-08-11T18:15:33.104+0000][gc,marking    ] GC(356) Concurrent Rebuild Remembered Sets 42.023ms
[2023-08-11T18:15:33.104+0000][gc,start      ] GC(356) Pause Cleanup
[2023-08-11T18:15:33.104+0000][gc            ] GC(356) Pause Cleanup 382M->382M(1024M) 0.227ms
[2023-08-11T18:15:33.104+0000][gc,cpu        ] GC(356) User=0.01s Sys=0.00s Real=0.00s
[2023-08-11T18:15:33.104+0000][gc,marking    ] GC(356) Concurrent Cleanup for Next Mark
[2023-08-11T18:15:33.106+0000][gc,marking    ] GC(356) Concurrent Cleanup for Next Mark 1.358ms
[2023-08-11T18:15:33.106+0000][gc            ] GC(356) Concurrent Cycle 148.955ms
[2023-08-11T18:17:24.983+0000][gc,start      ] GC(357) Pause Young (Prepare Mixed) (G1 Evacuation Pause)
[2023-08-11T18:17:24.983+0000][gc,task       ] GC(357) Using 8 workers of 8 for evacuation
[2023-08-11T18:17:25.000+0000][gc,phases     ] GC(357)   Pre Evacuate Collection Set: 0.0ms
[2023-08-11T18:17:25.000+0000][gc,phases     ] GC(357)   Evacuate Collection Set: 16.0ms
[2023-08-11T18:17:25.000+0000][gc,phases     ] GC(357)   Post Evacuate Collection Set: 0.7ms
[2023-08-11T18:17:25.000+0000][gc,phases     ] GC(357)   Other: 0.4ms
[2023-08-11T18:17:25.000+0000][gc,heap       ] GC(357) Eden regions: 464->0(24)
[2023-08-11T18:17:25.000+0000][gc,heap       ] GC(357) Survivor regions: 24->27(61)
[2023-08-11T18:17:25.000+0000][gc,heap       ] GC(357) Old regions: 167->167
[2023-08-11T18:17:25.000+0000][gc,heap       ] GC(357) Humongous regions: 149->149
[2023-08-11T18:17:25.000+0000][gc,metaspace  ] GC(357) Metaspace: 118356K(124132K)->118356K(124132K) NonClass: 104604K(107980K)->104604K(107980K) Class: 13751K(16152K)->13751K(16152K)
[2023-08-11T18:17:25.000+0000][gc            ] GC(357) Pause Young (Prepare Mixed) (G1 Evacuation Pause) 803M->342M(1024M) 17.331ms
[2023-08-11T18:17:25.000+0000][gc,cpu        ] GC(357) User=0.13s Sys=0.00s Real=0.02s
[2023-08-11T18:17:32.741+0000][gc,start      ] GC(358) Pause Young (Mixed) (G1 Evacuation Pause)
[2023-08-11T18:17:32.742+0000][gc,task       ] GC(358) Using 8 workers of 8 for evacuation
[2023-08-11T18:17:32.758+0000][gc,phases     ] GC(358)   Pre Evacuate Collection Set: 0.1ms
[2023-08-11T18:17:32.759+0000][gc,phases     ] GC(358)   Evacuate Collection Set: 16.0ms
[2023-08-11T18:17:32.759+0000][gc,phases     ] GC(358)   Post Evacuate Collection Set: 0.6ms
[2023-08-11T18:17:32.759+0000][gc,phases     ] GC(358)   Other: 0.5ms
[2023-08-11T18:17:32.759+0000][gc,heap       ] GC(358) Eden regions: 24->0(554)
[2023-08-11T18:17:32.759+0000][gc,heap       ] GC(358) Survivor regions: 27->4(7)
[2023-08-11T18:17:32.759+0000][gc,heap       ] GC(358) Old regions: 167->167
[2023-08-11T18:17:32.759+0000][gc,heap       ] GC(358) Humongous regions: 149->149
[2023-08-11T18:17:32.759+0000][gc,metaspace  ] GC(358) Metaspace: 118356K(124132K)->118356K(124132K) NonClass: 104604K(107980K)->104604K(107980K) Class: 13751K(16152K)->13751K(16152K)
[2023-08-11T18:17:32.759+0000][gc            ] GC(358) Pause Young (Mixed) (G1 Evacuation Pause) 366M->319M(1024M) 17.131ms
[2023-08-11T18:17:32.759+0000][gc,cpu        ] GC(358) User=0.13s Sys=0.00s Real=0.01s
[2023-08-11T18:19:54.357+0000][gc,start      ] GC(359) Pause Young (Normal) (G1 Evacuation Pause)
[2023-08-11T18:19:54.357+0000][gc,task       ] GC(359) Using 8 workers of 8 for evacuation
[2023-08-11T18:19:54.366+0000][gc,phases     ] GC(359)   Pre Evacuate Collection Set: 0.0ms
[2023-08-11T18:19:54.366+0000][gc,phases     ] GC(359)   Evacuate Collection Set: 8.0ms
[2023-08-11T18:19:54.366+0000][gc,phases     ] GC(359)   Post Evacuate Collection Set: 0.7ms
[2023-08-11T18:19:54.366+0000][gc,phases     ] GC(359)   Other: 0.3ms
[2023-08-11T18:19:54.366+0000][gc,heap       ] GC(359) Eden regions: 554->0(553)
[2023-08-11T18:19:54.366+0000][gc,heap       ] GC(359) Survivor regions: 4->9(70)
[2023-08-11T18:19:54.366+0000][gc,heap       ] GC(359) Old regions: 167->167
[2023-08-11T18:19:54.366+0000][gc,heap       ] GC(359) Humongous regions: 149->149
[2023-08-11T18:19:54.366+0000][gc,metaspace  ] GC(359) Metaspace: 118356K(124132K)->118356K(124132K) NonClass: 104604K(107980K)->104604K(107980K) Class: 13751K(16152K)->13751K(16152K)
[2023-08-11T18:19:54.366+0000][gc            ] GC(359) Pause Young (Normal) (G1 Evacuation Pause) 873M->324M(1024M) 9.194ms
[2023-08-11T18:19:54.367+0000][gc,cpu        ] GC(359) User=0.07s Sys=0.00s Real=0.01s
[2023-08-11T18:22:03.100+0000][gc,start      ] GC(360) Pause Young (Normal) (G1 Evacuation Pause)
[2023-08-11T18:22:03.100+0000][gc,task       ] GC(360) Using 8 workers of 8 for evacuation
[2023-08-11T18:22:03.111+0000][gc,phases     ] GC(360)   Pre Evacuate Collection Set: 0.1ms
[2023-08-11T18:22:03.111+0000][gc,phases     ] GC(360)   Evacuate Collection Set: 9.7ms
[2023-08-11T18:22:03.111+0000][gc,phases     ] GC(360)   Post Evacuate Collection Set: 0.8ms
[2023-08-11T18:22:03.111+0000][gc,phases     ] GC(360)   Other: 0.4ms
[2023-08-11T18:22:03.111+0000][gc,heap       ] GC(360) Eden regions: 553->0(553)
[2023-08-11T18:22:03.111+0000][gc,heap       ] GC(360) Survivor regions: 9->14(71)
[2023-08-11T18:22:03.111+0000][gc,heap       ] GC(360) Old regions: 167->167
[2023-08-11T18:22:03.111+0000][gc,heap       ] GC(360) Humongous regions: 149->149
[2023-08-11T18:22:03.111+0000][gc,metaspace  ] GC(360) Metaspace: 118356K(124132K)->118356K(124132K) NonClass: 104604K(107980K)->104604K(107980K) Class: 13751K(16152K)->13751K(16152K)
[2023-08-11T18:22:03.111+0000][gc            ] GC(360) Pause Young (Normal) (G1 Evacuation Pause) 877M->329M(1024M) 10.967ms
[2023-08-11T18:22:03.111+0000][gc,cpu        ] GC(360) User=0.08s Sys=0.00s Real=0.01s
[2023-08-11T18:24:25.683+0000][gc,start      ] GC(361) Pause Young (Concurrent Start) (G1 Evacuation Pause)
[2023-08-11T18:24:25.683+0000][gc,task       ] GC(361) Using 8 workers of 8 for evacuation
[2023-08-11T18:24:25.698+0000][gc,phases     ] GC(361)   Pre Evacuate Collection Set: 0.5ms
[2023-08-11T18:24:25.698+0000][gc,phases     ] GC(361)   Evacuate Collection Set: 13.4ms
[2023-08-11T18:24:25.698+0000][gc,phases     ] GC(361)   Post Evacuate Collection Set: 0.7ms
[2023-08-11T18:24:25.698+0000][gc,phases     ] GC(361)   Other: 0.5ms
[2023-08-11T18:24:25.698+0000][gc,heap       ] GC(361) Eden regions: 553->0(548)
[2023-08-11T18:24:25.698+0000][gc,heap       ] GC(361) Survivor regions: 14->22(71)
[2023-08-11T18:24:25.698+0000][gc,heap       ] GC(361) Old regions: 167->167
[2023-08-11T18:24:25.698+0000][gc,heap       ] GC(361) Humongous regions: 149->149
[2023-08-11T18:24:25.698+0000][gc,metaspace  ] GC(361) Metaspace: 118356K(124132K)->118356K(124132K) NonClass: 104604K(107980K)->104604K(107980K) Class: 13751K(16152K)->13751K(16152K)
[2023-08-11T18:24:25.698+0000][gc            ] GC(361) Pause Young (Concurrent Start) (G1 Evacuation Pause) 882M->337M(1024M) 15.172ms
[2023-08-11T18:24:25.698+0000][gc,cpu        ] GC(361) User=0.11s Sys=0.00s Real=0.01s
[2023-08-11T18:24:25.698+0000][gc            ] GC(362) Concurrent Cycle
[2023-08-11T18:24:25.698+0000][gc,marking    ] GC(362) Concurrent Clear Claimed Marks
[2023-08-11T18:24:25.699+0000][gc,marking    ] GC(362) Concurrent Clear Claimed Marks 0.451ms
[2023-08-11T18:24:25.699+0000][gc,marking    ] GC(362) Concurrent Scan Root Regions
[2023-08-11T18:24:25.707+0000][gc,marking    ] GC(362) Concurrent Scan Root Regions 8.265ms
[2023-08-11T18:24:25.707+0000][gc,marking    ] GC(362) Concurrent Mark (27757.008s)
[2023-08-11T18:24:25.707+0000][gc,marking    ] GC(362) Concurrent Mark From Roots
[2023-08-11T18:24:25.707+0000][gc,task       ] GC(362) Using 2 workers of 2 for marking
[2023-08-11T18:24:25.772+0000][gc,marking    ] GC(362) Concurrent Mark From Roots 64.627ms
[2023-08-11T18:24:25.772+0000][gc,marking    ] GC(362) Concurrent Preclean
[2023-08-11T18:24:25.772+0000][gc,marking    ] GC(362) Concurrent Preclean 0.499ms
[2023-08-11T18:24:25.772+0000][gc,marking    ] GC(362) Concurrent Mark (27757.008s, 27757.074s) 65.203ms
[2023-08-11T18:24:25.772+0000][gc,start      ] GC(362) Pause Remark
[2023-08-11T18:24:25.782+0000][gc,stringtable] GC(362) Cleaned string and symbol table, strings: 43803 processed, 0 removed, symbols: 278402 processed, 0 removed
[2023-08-11T18:24:25.783+0000][gc            ] GC(362) Pause Remark 340M->340M(1024M) 10.358ms
[2023-08-11T18:24:25.783+0000][gc,cpu        ] GC(362) User=0.07s Sys=0.00s Real=0.01s
[2023-08-11T18:24:25.783+0000][gc,marking    ] GC(362) Concurrent Rebuild Remembered Sets
[2023-08-11T18:24:25.825+0000][gc,marking    ] GC(362) Concurrent Rebuild Remembered Sets 41.656ms
[2023-08-11T18:24:25.825+0000][gc,start      ] GC(362) Pause Cleanup
[2023-08-11T18:24:25.825+0000][gc            ] GC(362) Pause Cleanup 340M->340M(1024M) 0.237ms
[2023-08-11T18:24:25.825+0000][gc,cpu        ] GC(362) User=0.00s Sys=0.00s Real=0.00s
[2023-08-11T18:24:25.825+0000][gc,marking    ] GC(362) Concurrent Cleanup for Next Mark
[2023-08-11T18:24:25.827+0000][gc,marking    ] GC(362) Concurrent Cleanup for Next Mark 1.363ms
[2023-08-11T18:24:25.827+0000][gc            ] GC(362) Concurrent Cycle 128.378ms
[2023-08-11T18:26:24.473+0000][gc,start      ] GC(363) Pause Young (Prepare Mixed) (G1 Evacuation Pause)
[2023-08-11T18:26:24.473+0000][gc,task       ] GC(363) Using 8 workers of 8 for evacuation
[2023-08-11T18:26:24.489+0000][gc,phases     ] GC(363)   Pre Evacuate Collection Set: 0.0ms
[2023-08-11T18:26:24.490+0000][gc,phases     ] GC(363)   Evacuate Collection Set: 15.9ms
[2023-08-11T18:26:24.490+0000][gc,phases     ] GC(363)   Post Evacuate Collection Set: 0.7ms
[2023-08-11T18:26:24.490+0000][gc,phases     ] GC(363)   Other: 0.4ms
[2023-08-11T18:26:24.490+0000][gc,heap       ] GC(363) Eden regions: 481->0(23)
[2023-08-11T18:26:24.490+0000][gc,heap       ] GC(363) Survivor regions: 22->28(63)
[2023-08-11T18:26:24.490+0000][gc,heap       ] GC(363) Old regions: 167->167
[2023-08-11T18:26:24.490+0000][gc,heap       ] GC(363) Humongous regions: 149->149
[2023-08-11T18:26:24.490+0000][gc,metaspace  ] GC(363) Metaspace: 118356K(124132K)->118356K(124132K) NonClass: 104604K(107980K)->104604K(107980K) Class: 13751K(16152K)->13751K(16152K)
[2023-08-11T18:26:24.490+0000][gc            ] GC(363) Pause Young (Prepare Mixed) (G1 Evacuation Pause) 818M->342M(1024M) 17.027ms
[2023-08-11T18:26:24.490+0000][gc,cpu        ] GC(363) User=0.13s Sys=0.00s Real=0.01s
[2023-08-11T18:26:32.500+0000][gc,start      ] GC(364) Pause Young (Mixed) (G1 Evacuation Pause)
[2023-08-11T18:26:32.500+0000][gc,task       ] GC(364) Using 8 workers of 8 for evacuation
[2023-08-11T18:26:32.517+0000][gc,phases     ] GC(364)   Pre Evacuate Collection Set: 0.1ms
[2023-08-11T18:26:32.517+0000][gc,phases     ] GC(364)   Evacuate Collection Set: 16.0ms
[2023-08-11T18:26:32.517+0000][gc,phases     ] GC(364)   Post Evacuate Collection Set: 0.6ms
[2023-08-11T18:26:32.517+0000][gc,phases     ] GC(364)   Other: 0.4ms
[2023-08-11T18:26:32.517+0000][gc,heap       ] GC(364) Eden regions: 23->0(562)
[2023-08-11T18:26:32.517+0000][gc,heap       ] GC(364) Survivor regions: 28->4(7)
[2023-08-11T18:26:32.517+0000][gc,heap       ] GC(364) Old regions: 167->168
[2023-08-11T18:26:32.517+0000][gc,heap       ] GC(364) Humongous regions: 149->149
[2023-08-11T18:26:32.517+0000][gc,metaspace  ] GC(364) Metaspace: 118356K(124132K)->118356K(124132K) NonClass: 104604K(107980K)->104604K(107980K) Class: 13751K(16152K)->13751K(16152K)
[2023-08-11T18:26:32.517+0000][gc            ] GC(364) Pause Young (Mixed) (G1 Evacuation Pause) 365M->320M(1024M) 17.170ms
[2023-08-11T18:26:32.517+0000][gc,cpu        ] GC(364) User=0.13s Sys=0.00s Real=0.01s
[2023-08-11T18:28:54.375+0000][gc,start      ] GC(365) Pause Young (Normal) (G1 Evacuation Pause)
[2023-08-11T18:28:54.375+0000][gc,task       ] GC(365) Using 8 workers of 8 for evacuation
[2023-08-11T18:28:54.385+0000][gc,phases     ] GC(365)   Pre Evacuate Collection Set: 0.0ms
[2023-08-11T18:28:54.385+0000][gc,phases     ] GC(365)   Evacuate Collection Set: 8.3ms
[2023-08-11T18:28:54.385+0000][gc,phases     ] GC(365)   Post Evacuate Collection Set: 0.7ms
[2023-08-11T18:28:54.385+0000][gc,phases     ] GC(365)   Other: 0.3ms
[2023-08-11T18:28:54.385+0000][gc,heap       ] GC(365) Eden regions: 562->0(558)
[2023-08-11T18:28:54.385+0000][gc,heap       ] GC(365) Survivor regions: 4->11(71)
[2023-08-11T18:28:54.385+0000][gc,heap       ] GC(365) Old regions: 168->168
[2023-08-11T18:28:54.385+0000][gc,heap       ] GC(365) Humongous regions: 149->149
[2023-08-11T18:28:54.385+0000][gc,metaspace  ] GC(365) Metaspace: 118356K(124132K)->118356K(124132K) NonClass: 104604K(107980K)->104604K(107980K) Class: 13751K(16152K)->13751K(16152K)
[2023-08-11T18:28:54.385+0000][gc            ] GC(365) Pause Young (Normal) (G1 Evacuation Pause) 882M->326M(1024M) 9.431ms
[2023-08-11T18:28:54.385+0000][gc,cpu        ] GC(365) User=0.07s Sys=0.00s Real=0.01s
[2023-08-11T18:31:09.470+0000][gc,start      ] GC(366) Pause Young (Normal) (G1 Evacuation Pause)
[2023-08-11T18:31:09.470+0000][gc,task       ] GC(366) Using 8 workers of 8 for evacuation
[2023-08-11T18:31:09.482+0000][gc,phases     ] GC(366)   Pre Evacuate Collection Set: 0.1ms
[2023-08-11T18:31:09.482+0000][gc,phases     ] GC(366)   Evacuate Collection Set: 10.4ms
[2023-08-11T18:31:09.482+0000][gc,phases     ] GC(366)   Post Evacuate Collection Set: 0.7ms
[2023-08-11T18:31:09.482+0000][gc,phases     ] GC(366)   Other: 0.4ms
[2023-08-11T18:31:09.482+0000][gc,heap       ] GC(366) Eden regions: 558->0(554)
[2023-08-11T18:31:09.482+0000][gc,heap       ] GC(366) Survivor regions: 11->17(72)
[2023-08-11T18:31:09.482+0000][gc,heap       ] GC(366) Old regions: 168->168
[2023-08-11T18:31:09.482+0000][gc,heap       ] GC(366) Humongous regions: 149->149
[2023-08-11T18:31:09.482+0000][gc,metaspace  ] GC(366) Metaspace: 118356K(124132K)->118356K(124132K) NonClass: 104604K(107980K)->104604K(107980K) Class: 13751K(16152K)->13751K(16152K)
[2023-08-11T18:31:09.482+0000][gc            ] GC(366) Pause Young (Normal) (G1 Evacuation Pause) 884M->332M(1024M) 11.559ms
[2023-08-11T18:31:09.482+0000][gc,cpu        ] GC(366) User=0.08s Sys=0.00s Real=0.02s
[2023-08-11T18:33:32.897+0000][gc,start      ] GC(367) Pause Young (Concurrent Start) (G1 Evacuation Pause)
[2023-08-11T18:33:32.897+0000][gc,task       ] GC(367) Using 8 workers of 8 for evacuation
[2023-08-11T18:33:32.913+0000][gc,phases     ] GC(367)   Pre Evacuate Collection Set: 0.5ms
[2023-08-11T18:33:32.913+0000][gc,phases     ] GC(367)   Evacuate Collection Set: 14.0ms
[2023-08-11T18:33:32.913+0000][gc,phases     ] GC(367)   Post Evacuate Collection Set: 0.7ms
[2023-08-11T18:33:32.913+0000][gc,phases     ] GC(367)   Other: 0.5ms
[2023-08-11T18:33:32.913+0000][gc,heap       ] GC(367) Eden regions: 554->0(549)
[2023-08-11T18:33:32.913+0000][gc,heap       ] GC(367) Survivor regions: 17->23(72)
[2023-08-11T18:33:32.913+0000][gc,heap       ] GC(367) Old regions: 168->168
[2023-08-11T18:33:32.913+0000][gc,heap       ] GC(367) Humongous regions: 149->149
[2023-08-11T18:33:32.913+0000][gc,metaspace  ] GC(367) Metaspace: 118356K(124132K)->118356K(124132K) NonClass: 104604K(107980K)->104604K(107980K) Class: 13751K(16152K)->13751K(16152K)
[2023-08-11T18:33:32.913+0000][gc            ] GC(367) Pause Young (Concurrent Start) (G1 Evacuation Pause) 886M->339M(1024M) 15.701ms
[2023-08-11T18:33:32.913+0000][gc,cpu        ] GC(367) User=0.12s Sys=0.00s Real=0.02s
[2023-08-11T18:33:32.913+0000][gc            ] GC(368) Concurrent Cycle
[2023-08-11T18:33:32.913+0000][gc,marking    ] GC(368) Concurrent Clear Claimed Marks
[2023-08-11T18:33:32.913+0000][gc,marking    ] GC(368) Concurrent Clear Claimed Marks 0.474ms
[2023-08-11T18:33:32.913+0000][gc,marking    ] GC(368) Concurrent Scan Root Regions
[2023-08-11T18:33:32.922+0000][gc,marking    ] GC(368) Concurrent Scan Root Regions 8.692ms
[2023-08-11T18:33:32.922+0000][gc,marking    ] GC(368) Concurrent Mark (28304.223s)
[2023-08-11T18:33:32.922+0000][gc,marking    ] GC(368) Concurrent Mark From Roots
[2023-08-11T18:33:32.922+0000][gc,task       ] GC(368) Using 2 workers of 2 for marking
[2023-08-11T18:33:32.991+0000][gc,marking    ] GC(368) Concurrent Mark From Roots 69.341ms
[2023-08-11T18:33:32.991+0000][gc,marking    ] GC(368) Concurrent Preclean
[2023-08-11T18:33:32.992+0000][gc,marking    ] GC(368) Concurrent Preclean 0.475ms
[2023-08-11T18:33:32.992+0000][gc,marking    ] GC(368) Concurrent Mark (28304.223s, 28304.293s) 69.895ms
[2023-08-11T18:33:32.992+0000][gc,start      ] GC(368) Pause Remark
[2023-08-11T18:33:33.013+0000][gc,stringtable] GC(368) Cleaned string and symbol table, strings: 43803 processed, 0 removed, symbols: 278402 processed, 0 removed
[2023-08-11T18:33:33.013+0000][gc,mmu        ] GC(368) MMU target violated: 21.0ms (20.0ms/21.0ms)
[2023-08-11T18:33:33.014+0000][gc            ] GC(368) Pause Remark 387M->387M(1024M) 21.456ms
[2023-08-11T18:33:33.014+0000][gc,cpu        ] GC(368) User=0.12s Sys=0.00s Real=0.02s
[2023-08-11T18:33:33.014+0000][gc,marking    ] GC(368) Concurrent Rebuild Remembered Sets
[2023-08-11T18:33:33.056+0000][gc,marking    ] GC(368) Concurrent Rebuild Remembered Sets 42.246ms
[2023-08-11T18:33:33.056+0000][gc,start      ] GC(368) Pause Cleanup
[2023-08-11T18:33:33.056+0000][gc            ] GC(368) Pause Cleanup 387M->387M(1024M) 0.269ms
[2023-08-11T18:33:33.057+0000][gc,cpu        ] GC(368) User=0.00s Sys=0.00s Real=0.00s
[2023-08-11T18:33:33.057+0000][gc,marking    ] GC(368) Concurrent Cleanup for Next Mark
[2023-08-11T18:33:33.058+0000][gc,marking    ] GC(368) Concurrent Cleanup for Next Mark 1.360ms
[2023-08-11T18:33:33.058+0000][gc            ] GC(368) Concurrent Cycle 145.245ms
[2023-08-11T18:35:35.988+0000][gc,start      ] GC(369) Pause Young (Prepare Mixed) (G1 Evacuation Pause)
[2023-08-11T18:35:35.988+0000][gc,task       ] GC(369) Using 8 workers of 8 for evacuation
[2023-08-11T18:35:36.005+0000][gc,phases     ] GC(369)   Pre Evacuate Collection Set: 0.0ms
[2023-08-11T18:35:36.005+0000][gc,phases     ] GC(369)   Evacuate Collection Set: 16.0ms
[2023-08-11T18:35:36.005+0000][gc,phases     ] GC(369)   Post Evacuate Collection Set: 0.7ms
[2023-08-11T18:35:36.005+0000][gc,phases     ] GC(369)   Other: 0.4ms
[2023-08-11T18:35:36.005+0000][gc,heap       ] GC(369) Eden regions: 497->0(24)
[2023-08-11T18:35:36.005+0000][gc,heap       ] GC(369) Survivor regions: 23->27(65)
[2023-08-11T18:35:36.005+0000][gc,heap       ] GC(369) Old regions: 168->168
[2023-08-11T18:35:36.005+0000][gc,heap       ] GC(369) Humongous regions: 149->149
[2023-08-11T18:35:36.005+0000][gc,metaspace  ] GC(369) Metaspace: 118356K(124132K)->118356K(124132K) NonClass: 104604K(107980K)->104604K(107980K) Class: 13751K(16152K)->13751K(16152K)
[2023-08-11T18:35:36.005+0000][gc            ] GC(369) Pause Young (Prepare Mixed) (G1 Evacuation Pause) 836M->343M(1024M) 17.237ms
[2023-08-11T18:35:36.005+0000][gc,cpu        ] GC(369) User=0.13s Sys=0.00s Real=0.02s
[2023-08-11T18:35:43.478+0000][gc,start      ] GC(370) Pause Young (Mixed) (G1 Evacuation Pause)
[2023-08-11T18:35:43.478+0000][gc,task       ] GC(370) Using 8 workers of 8 for evacuation
[2023-08-11T18:35:43.496+0000][gc,phases     ] GC(370)   Pre Evacuate Collection Set: 0.1ms
[2023-08-11T18:35:43.496+0000][gc,phases     ] GC(370)   Evacuate Collection Set: 16.1ms
[2023-08-11T18:35:43.496+0000][gc,phases     ] GC(370)   Post Evacuate Collection Set: 0.6ms
[2023-08-11T18:35:43.496+0000][gc,phases     ] GC(370)   Other: 0.4ms
[2023-08-11T18:35:43.496+0000][gc,heap       ] GC(370) Eden regions: 24->0(568)
[2023-08-11T18:35:43.496+0000][gc,heap       ] GC(370) Survivor regions: 27->4(7)
[2023-08-11T18:35:43.496+0000][gc,heap       ] GC(370) Old regions: 168->168
[2023-08-11T18:35:43.496+0000][gc,heap       ] GC(370) Humongous regions: 149->149
[2023-08-11T18:35:43.496+0000][gc,metaspace  ] GC(370) Metaspace: 118356K(124132K)->118356K(124132K) NonClass: 104604K(107980K)->104604K(107980K) Class: 13751K(16152K)->13751K(16152K)
[2023-08-11T18:35:43.496+0000][gc            ] GC(370) Pause Young (Mixed) (G1 Evacuation Pause) 367M->320M(1024M) 17.286ms
[2023-08-11T18:35:43.496+0000][gc,cpu        ] GC(370) User=0.12s Sys=0.00s Real=0.02s
[2023-08-11T18:37:59.148+0000][gc,start      ] GC(371) Pause Young (Normal) (G1 Evacuation Pause)
[2023-08-11T18:37:59.148+0000][gc,task       ] GC(371) Using 8 workers of 8 for evacuation
[2023-08-11T18:37:59.159+0000][gc,phases     ] GC(371)   Pre Evacuate Collection Set: 0.0ms
[2023-08-11T18:37:59.159+0000][gc,phases     ] GC(371)   Evacuate Collection Set: 9.9ms
[2023-08-11T18:37:59.159+0000][gc,phases     ] GC(371)   Post Evacuate Collection Set: 0.7ms
[2023-08-11T18:37:59.159+0000][gc,phases     ] GC(371)   Other: 0.4ms
[2023-08-11T18:37:59.159+0000][gc,heap       ] GC(371) Eden regions: 568->0(564)
[2023-08-11T18:37:59.159+0000][gc,heap       ] GC(371) Survivor regions: 4->9(72)
[2023-08-11T18:37:59.159+0000][gc,heap       ] GC(371) Old regions: 168->168
[2023-08-11T18:37:59.159+0000][gc,heap       ] GC(371) Humongous regions: 149->149
[2023-08-11T18:37:59.159+0000][gc,metaspace  ] GC(371) Metaspace: 118356K(124132K)->118356K(124132K) NonClass: 104604K(107980K)->104604K(107980K) Class: 13751K(16152K)->13751K(16152K)
[2023-08-11T18:37:59.159+0000][gc            ] GC(371) Pause Young (Normal) (G1 Evacuation Pause) 888M->325M(1024M) 11.125ms
[2023-08-11T18:37:59.159+0000][gc,cpu        ] GC(371) User=0.07s Sys=0.00s Real=0.02s
[2023-08-11T18:40:24.353+0000][gc,start      ] GC(372) Pause Young (Normal) (G1 Evacuation Pause)
[2023-08-11T18:40:24.353+0000][gc,task       ] GC(372) Using 8 workers of 8 for evacuation
[2023-08-11T18:40:24.364+0000][gc,phases     ] GC(372)   Pre Evacuate Collection Set: 0.0ms
[2023-08-11T18:40:24.364+0000][gc,phases     ] GC(372)   Evacuate Collection Set: 10.5ms
[2023-08-11T18:40:24.365+0000][gc,phases     ] GC(372)   Post Evacuate Collection Set: 0.7ms
[2023-08-11T18:40:24.365+0000][gc,phases     ] GC(372)   Other: 0.4ms
[2023-08-11T18:40:24.365+0000][gc,heap       ] GC(372) Eden regions: 564->0(557)
[2023-08-11T18:40:24.365+0000][gc,heap       ] GC(372) Survivor regions: 9->17(72)
[2023-08-11T18:40:24.365+0000][gc,heap       ] GC(372) Old regions: 168->168
[2023-08-11T18:40:24.365+0000][gc,heap       ] GC(372) Humongous regions: 149->149
[2023-08-11T18:40:24.365+0000][gc,metaspace  ] GC(372) Metaspace: 118356K(124132K)->118356K(124132K) NonClass: 104604K(107980K)->104604K(107980K) Class: 13751K(16152K)->13751K(16152K)
[2023-08-11T18:40:24.365+0000][gc            ] GC(372) Pause Young (Normal) (G1 Evacuation Pause) 889M->333M(1024M) 11.703ms
[2023-08-11T18:40:24.365+0000][gc,cpu        ] GC(372) User=0.08s Sys=0.00s Real=0.01s
[2023-08-11T18:42:32.915+0000][gc,start      ] GC(373) Pause Young (Concurrent Start) (G1 Evacuation Pause)
[2023-08-11T18:42:32.915+0000][gc,task       ] GC(373) Using 8 workers of 8 for evacuation
[2023-08-11T18:42:32.936+0000][gc,mmu        ] GC(373) MMU target violated: 21.0ms (20.0ms/21.0ms)
[2023-08-11T18:42:32.937+0000][gc,phases     ] GC(373)   Pre Evacuate Collection Set: 0.5ms
[2023-08-11T18:42:32.937+0000][gc,phases     ] GC(373)   Evacuate Collection Set: 19.5ms
[2023-08-11T18:42:32.937+0000][gc,phases     ] GC(373)   Post Evacuate Collection Set: 0.8ms
[2023-08-11T18:42:32.937+0000][gc,phases     ] GC(373)   Other: 0.5ms
[2023-08-11T18:42:32.937+0000][gc,heap       ] GC(373) Eden regions: 557->0(329)
[2023-08-11T18:42:32.937+0000][gc,heap       ] GC(373) Survivor regions: 17->37(72)
[2023-08-11T18:42:32.937+0000][gc,heap       ] GC(373) Old regions: 168->168
[2023-08-11T18:42:32.937+0000][gc,heap       ] GC(373) Humongous regions: 149->149
[2023-08-11T18:42:32.937+0000][gc,metaspace  ] GC(373) Metaspace: 118363K(124132K)->118363K(124132K) NonClass: 104611K(107980K)->104611K(107980K) Class: 13751K(16152K)->13751K(16152K)
[2023-08-11T18:42:32.937+0000][gc            ] GC(373) Pause Young (Concurrent Start) (G1 Evacuation Pause) 890M->353M(1024M) 21.269ms
[2023-08-11T18:42:32.937+0000][gc,cpu        ] GC(373) User=0.16s Sys=0.00s Real=0.02s
[2023-08-11T18:42:32.937+0000][gc            ] GC(374) Concurrent Cycle
[2023-08-11T18:42:32.937+0000][gc,marking    ] GC(374) Concurrent Clear Claimed Marks
[2023-08-11T18:42:32.937+0000][gc,marking    ] GC(374) Concurrent Clear Claimed Marks 0.391ms
[2023-08-11T18:42:32.937+0000][gc,marking    ] GC(374) Concurrent Scan Root Regions
[2023-08-11T18:42:32.953+0000][gc,marking    ] GC(374) Concurrent Scan Root Regions 15.342ms
[2023-08-11T18:42:32.953+0000][gc,marking    ] GC(374) Concurrent Mark (28844.254s)
[2023-08-11T18:42:32.953+0000][gc,marking    ] GC(374) Concurrent Mark From Roots
[2023-08-11T18:42:32.953+0000][gc,task       ] GC(374) Using 2 workers of 2 for marking
[2023-08-11T18:42:33.016+0000][gc,marking    ] GC(374) Concurrent Mark From Roots 63.339ms
[2023-08-11T18:42:33.016+0000][gc,marking    ] GC(374) Concurrent Preclean
[2023-08-11T18:42:33.016+0000][gc,marking    ] GC(374) Concurrent Preclean 0.508ms
[2023-08-11T18:42:33.016+0000][gc,marking    ] GC(374) Concurrent Mark (28844.254s, 28844.318s) 63.930ms
[2023-08-11T18:42:33.017+0000][gc,start      ] GC(374) Pause Remark
[2023-08-11T18:42:33.026+0000][gc,stringtable] GC(374) Cleaned string and symbol table, strings: 43803 processed, 0 removed, symbols: 278402 processed, 0 removed
[2023-08-11T18:42:33.026+0000][gc            ] GC(374) Pause Remark 368M->368M(1024M) 9.620ms
[2023-08-11T18:42:33.026+0000][gc,cpu        ] GC(374) User=0.06s Sys=0.00s Real=0.01s
[2023-08-11T18:42:33.026+0000][gc,marking    ] GC(374) Concurrent Rebuild Remembered Sets
[2023-08-11T18:42:33.067+0000][gc,marking    ] GC(374) Concurrent Rebuild Remembered Sets 40.383ms
[2023-08-11T18:42:33.067+0000][gc,start      ] GC(374) Pause Cleanup
[2023-08-11T18:42:33.067+0000][gc            ] GC(374) Pause Cleanup 368M->368M(1024M) 0.241ms
[2023-08-11T18:42:33.067+0000][gc,cpu        ] GC(374) User=0.00s Sys=0.00s Real=0.00s
[2023-08-11T18:42:33.067+0000][gc,marking    ] GC(374) Concurrent Cleanup for Next Mark
[2023-08-11T18:42:33.069+0000][gc,marking    ] GC(374) Concurrent Cleanup for Next Mark 1.376ms
[2023-08-11T18:42:33.069+0000][gc            ] GC(374) Concurrent Cycle 132.106ms
[2023-08-11T18:42:54.373+0000][gc,start      ] GC(375) Pause Young (Prepare Mixed) (G1 Evacuation Pause)
[2023-08-11T18:42:54.374+0000][gc,task       ] GC(375) Using 8 workers of 8 for evacuation
[2023-08-11T18:42:54.393+0000][gc,phases     ] GC(375)   Pre Evacuate Collection Set: 0.0ms
[2023-08-11T18:42:54.393+0000][gc,phases     ] GC(375)   Evacuate Collection Set: 18.4ms
[2023-08-11T18:42:54.393+0000][gc,phases     ] GC(375)   Post Evacuate Collection Set: 0.6ms
[2023-08-11T18:42:54.393+0000][gc,phases     ] GC(375)   Other: 0.4ms
[2023-08-11T18:42:54.393+0000][gc,heap       ] GC(375) Eden regions: 69->0(47)
[2023-08-11T18:42:54.393+0000][gc,heap       ] GC(375) Survivor regions: 37->4(14)
[2023-08-11T18:42:54.393+0000][gc,heap       ] GC(375) Old regions: 168->197
[2023-08-11T18:42:54.393+0000][gc,heap       ] GC(375) Humongous regions: 149->149
[2023-08-11T18:42:54.393+0000][gc,metaspace  ] GC(375) Metaspace: 118363K(124132K)->118363K(124132K) NonClass: 104611K(107980K)->104611K(107980K) Class: 13751K(16152K)->13751K(16152K)
[2023-08-11T18:42:54.393+0000][gc            ] GC(375) Pause Young (Prepare Mixed) (G1 Evacuation Pause) 422M->349M(1024M) 19.490ms
[2023-08-11T18:42:54.393+0000][gc,cpu        ] GC(375) User=0.14s Sys=0.00s Real=0.02s
[2023-08-11T18:43:02.739+0000][gc,start      ] GC(376) Pause Young (Mixed) (G1 Evacuation Pause)
[2023-08-11T18:43:02.739+0000][gc,task       ] GC(376) Using 8 workers of 8 for evacuation
[2023-08-11T18:43:02.746+0000][gc,phases     ] GC(376)   Pre Evacuate Collection Set: 0.1ms
[2023-08-11T18:43:02.746+0000][gc,phases     ] GC(376)   Evacuate Collection Set: 5.7ms
[2023-08-11T18:43:02.746+0000][gc,phases     ] GC(376)   Post Evacuate Collection Set: 0.6ms
[2023-08-11T18:43:02.746+0000][gc,phases     ] GC(376)   Other: 0.5ms
[2023-08-11T18:43:02.746+0000][gc,heap       ] GC(376) Eden regions: 47->0(559)
[2023-08-11T18:43:02.746+0000][gc,heap       ] GC(376) Survivor regions: 4->4(7)
[2023-08-11T18:43:02.746+0000][gc,heap       ] GC(376) Old regions: 197->173
[2023-08-11T18:43:02.746+0000][gc,heap       ] GC(376) Humongous regions: 149->149
[2023-08-11T18:43:02.746+0000][gc,metaspace  ] GC(376) Metaspace: 118372K(124132K)->118372K(124132K) NonClass: 104620K(107980K)->104620K(107980K) Class: 13751K(16152K)->13751K(16152K)
[2023-08-11T18:43:02.746+0000][gc            ] GC(376) Pause Young (Mixed) (G1 Evacuation Pause) 396M->326M(1024M) 6.928ms
[2023-08-11T18:43:02.746+0000][gc,cpu        ] GC(376) User=0.05s Sys=0.00s Real=0.00s
[2023-08-11T18:45:25.198+0000][gc,start      ] GC(377) Pause Young (Normal) (G1 Evacuation Pause)
[2023-08-11T18:45:25.198+0000][gc,task       ] GC(377) Using 8 workers of 8 for evacuation
[2023-08-11T18:45:25.208+0000][gc,phases     ] GC(377)   Pre Evacuate Collection Set: 0.0ms
[2023-08-11T18:45:25.208+0000][gc,phases     ] GC(377)   Evacuate Collection Set: 9.3ms
[2023-08-11T18:45:25.208+0000][gc,phases     ] GC(377)   Post Evacuate Collection Set: 0.7ms
[2023-08-11T18:45:25.208+0000][gc,phases     ] GC(377)   Other: 0.3ms
[2023-08-11T18:45:25.208+0000][gc,heap       ] GC(377) Eden regions: 559->0(552)
[2023-08-11T18:45:25.208+0000][gc,heap       ] GC(377) Survivor regions: 4->12(71)
[2023-08-11T18:45:25.208+0000][gc,heap       ] GC(377) Old regions: 173->173
[2023-08-11T18:45:25.208+0000][gc,heap       ] GC(377) Humongous regions: 149->149
[2023-08-11T18:45:25.208+0000][gc,metaspace  ] GC(377) Metaspace: 118372K(124132K)->118372K(124132K) NonClass: 104620K(107980K)->104620K(107980K) Class: 13751K(16152K)->13751K(16152K)
[2023-08-11T18:45:25.208+0000][gc            ] GC(377) Pause Young (Normal) (G1 Evacuation Pause) 885M->333M(1024M) 10.487ms
[2023-08-11T18:45:25.209+0000][gc,cpu        ] GC(377) User=0.08s Sys=0.00s Real=0.01s
[2023-08-11T18:47:49.200+0000][gc,start      ] GC(378) Pause Young (Normal) (G1 Evacuation Pause)
[2023-08-11T18:47:49.200+0000][gc,task       ] GC(378) Using 8 workers of 8 for evacuation
[2023-08-11T18:47:49.213+0000][gc,phases     ] GC(378)   Pre Evacuate Collection Set: 0.0ms
[2023-08-11T18:47:49.213+0000][gc,phases     ] GC(378)   Evacuate Collection Set: 11.9ms
[2023-08-11T18:47:49.213+0000][gc,phases     ] GC(378)   Post Evacuate Collection Set: 0.7ms
[2023-08-11T18:47:49.213+0000][gc,phases     ] GC(378)   Other: 0.4ms
[2023-08-11T18:47:49.213+0000][gc,heap       ] GC(378) Eden regions: 552->0(547)
[2023-08-11T18:47:49.213+0000][gc,heap       ] GC(378) Survivor regions: 12->19(71)
[2023-08-11T18:47:49.213+0000][gc,heap       ] GC(378) Old regions: 173->173
[2023-08-11T18:47:49.213+0000][gc,heap       ] GC(378) Humongous regions: 149->149
[2023-08-11T18:47:49.214+0000][gc,metaspace  ] GC(378) Metaspace: 118372K(124132K)->118372K(124132K) NonClass: 104620K(107980K)->104620K(107980K) Class: 13751K(16152K)->13751K(16152K)
[2023-08-11T18:47:49.214+0000][gc            ] GC(378) Pause Young (Normal) (G1 Evacuation Pause) 885M->340M(1024M) 13.146ms
[2023-08-11T18:47:49.214+0000][gc,cpu        ] GC(378) User=0.10s Sys=0.00s Real=0.01s
[2023-08-11T18:49:54.811+0000][gc,start      ] GC(379) Pause Young (Concurrent Start) (G1 Evacuation Pause)
[2023-08-11T18:49:54.811+0000][gc,task       ] GC(379) Using 8 workers of 8 for evacuation
[2023-08-11T18:49:54.828+0000][gc,phases     ] GC(379)   Pre Evacuate Collection Set: 0.5ms
[2023-08-11T18:49:54.828+0000][gc,phases     ] GC(379)   Evacuate Collection Set: 15.1ms
[2023-08-11T18:49:54.828+0000][gc,phases     ] GC(379)   Post Evacuate Collection Set: 0.7ms
[2023-08-11T18:49:54.828+0000][gc,phases     ] GC(379)   Other: 0.4ms
[2023-08-11T18:49:54.828+0000][gc,heap       ] GC(379) Eden regions: 547->0(519)
[2023-08-11T18:49:54.828+0000][gc,heap       ] GC(379) Survivor regions: 19->26(71)
[2023-08-11T18:49:54.828+0000][gc,heap       ] GC(379) Old regions: 173->173
[2023-08-11T18:49:54.828+0000][gc,heap       ] GC(379) Humongous regions: 149->149
[2023-08-11T18:49:54.828+0000][gc,metaspace  ] GC(379) Metaspace: 118375K(124132K)->118375K(124132K) NonClass: 104623K(107980K)->104623K(107980K) Class: 13751K(16152K)->13751K(16152K)
[2023-08-11T18:49:54.828+0000][gc            ] GC(379) Pause Young (Concurrent Start) (G1 Evacuation Pause) 887M->347M(1024M) 16.774ms
[2023-08-11T18:49:54.828+0000][gc,cpu        ] GC(379) User=0.12s Sys=0.00s Real=0.01s
[2023-08-11T18:49:54.828+0000][gc            ] GC(380) Concurrent Cycle
[2023-08-11T18:49:54.828+0000][gc,marking    ] GC(380) Concurrent Clear Claimed Marks
[2023-08-11T18:49:54.828+0000][gc,marking    ] GC(380) Concurrent Clear Claimed Marks 0.246ms
[2023-08-11T18:49:54.829+0000][gc,marking    ] GC(380) Concurrent Scan Root Regions
[2023-08-11T18:49:54.837+0000][gc,marking    ] GC(380) Concurrent Scan Root Regions 8.630ms
[2023-08-11T18:49:54.837+0000][gc,marking    ] GC(380) Concurrent Mark (29286.139s)
[2023-08-11T18:49:54.837+0000][gc,marking    ] GC(380) Concurrent Mark From Roots
[2023-08-11T18:49:54.837+0000][gc,task       ] GC(380) Using 2 workers of 2 for marking
[2023-08-11T18:49:54.901+0000][gc,marking    ] GC(380) Concurrent Mark From Roots 63.385ms
[2023-08-11T18:49:54.901+0000][gc,marking    ] GC(380) Concurrent Preclean
[2023-08-11T18:49:54.901+0000][gc,marking    ] GC(380) Concurrent Preclean 0.457ms
[2023-08-11T18:49:54.901+0000][gc,marking    ] GC(380) Concurrent Mark (29286.139s, 29286.202s) 63.909ms
[2023-08-11T18:49:54.901+0000][gc,start      ] GC(380) Pause Remark
[2023-08-11T18:49:54.912+0000][gc,stringtable] GC(380) Cleaned string and symbol table, strings: 43806 processed, 0 removed, symbols: 278402 processed, 0 removed
[2023-08-11T18:49:54.912+0000][gc            ] GC(380) Pause Remark 350M->348M(1024M) 10.857ms
[2023-08-11T18:49:54.912+0000][gc,cpu        ] GC(380) User=0.07s Sys=0.00s Real=0.01s
[2023-08-11T18:49:54.912+0000][gc,marking    ] GC(380) Concurrent Rebuild Remembered Sets
[2023-08-11T18:49:54.957+0000][gc,marking    ] GC(380) Concurrent Rebuild Remembered Sets 44.779ms
[2023-08-11T18:49:54.957+0000][gc,start      ] GC(380) Pause Cleanup
[2023-08-11T18:49:54.958+0000][gc            ] GC(380) Pause Cleanup 348M->348M(1024M) 0.242ms
[2023-08-11T18:49:54.958+0000][gc,cpu        ] GC(380) User=0.00s Sys=0.00s Real=0.00s
[2023-08-11T18:49:54.958+0000][gc,marking    ] GC(380) Concurrent Cleanup for Next Mark
[2023-08-11T18:49:54.959+0000][gc,marking    ] GC(380) Concurrent Cleanup for Next Mark 1.373ms
[2023-08-11T18:49:54.959+0000][gc            ] GC(380) Concurrent Cycle 130.823ms
[2023-08-11T18:51:24.472+0000][gc,start      ] GC(381) Pause Young (Prepare Mixed) (G1 Evacuation Pause)
[2023-08-11T18:51:24.472+0000][gc,task       ] GC(381) Using 8 workers of 8 for evacuation
[2023-08-11T18:51:24.493+0000][gc,mmu        ] GC(381) MMU target violated: 21.0ms (20.0ms/21.0ms)
[2023-08-11T18:51:24.493+0000][gc,phases     ] GC(381)   Pre Evacuate Collection Set: 0.0ms
[2023-08-11T18:51:24.493+0000][gc,phases     ] GC(381)   Evacuate Collection Set: 20.7ms
[2023-08-11T18:51:24.493+0000][gc,phases     ] GC(381)   Post Evacuate Collection Set: 0.7ms
[2023-08-11T18:51:24.493+0000][gc,phases     ] GC(381)   Other: 0.4ms
[2023-08-11T18:51:24.493+0000][gc,heap       ] GC(381) Eden regions: 338->0(22)
[2023-08-11T18:51:24.493+0000][gc,heap       ] GC(381) Survivor regions: 26->29(46)
[2023-08-11T18:51:24.493+0000][gc,heap       ] GC(381) Old regions: 171->173
[2023-08-11T18:51:24.493+0000][gc,heap       ] GC(381) Humongous regions: 149->149
[2023-08-11T18:51:24.493+0000][gc,metaspace  ] GC(381) Metaspace: 118375K(124132K)->118375K(124132K) NonClass: 104623K(107980K)->104623K(107980K) Class: 13751K(16152K)->13751K(16152K)
[2023-08-11T18:51:24.494+0000][gc            ] GC(381) Pause Young (Prepare Mixed) (G1 Evacuation Pause) 683M->349M(1024M) 21.902ms
[2023-08-11T18:51:24.494+0000][gc,cpu        ] GC(381) User=0.13s Sys=0.00s Real=0.02s
[2023-08-11T18:51:31.941+0000][gc,start      ] GC(382) Pause Young (Mixed) (G1 Evacuation Pause)
[2023-08-11T18:51:31.941+0000][gc,task       ] GC(382) Using 8 workers of 8 for evacuation
[2023-08-11T18:51:31.968+0000][gc,mmu        ] GC(382) MMU target violated: 21.0ms (20.0ms/21.0ms)
[2023-08-11T18:51:31.968+0000][gc,phases     ] GC(382)   Pre Evacuate Collection Set: 0.1ms
[2023-08-11T18:51:31.968+0000][gc,phases     ] GC(382)   Evacuate Collection Set: 25.7ms
[2023-08-11T18:51:31.968+0000][gc,phases     ] GC(382)   Post Evacuate Collection Set: 0.6ms
[2023-08-11T18:51:31.968+0000][gc,phases     ] GC(382)   Other: 0.5ms
[2023-08-11T18:51:31.968+0000][gc,heap       ] GC(382) Eden regions: 22->0(541)
[2023-08-11T18:51:31.968+0000][gc,heap       ] GC(382) Survivor regions: 29->4(7)
[2023-08-11T18:51:31.968+0000][gc,heap       ] GC(382) Old regions: 173->169
[2023-08-11T18:51:31.968+0000][gc,heap       ] GC(382) Humongous regions: 149->149
[2023-08-11T18:51:31.968+0000][gc,metaspace  ] GC(382) Metaspace: 118375K(124132K)->118375K(124132K) NonClass: 104623K(107980K)->104623K(107980K) Class: 13751K(16152K)->13751K(16152K)
[2023-08-11T18:51:31.968+0000][gc            ] GC(382) Pause Young (Mixed) (G1 Evacuation Pause) 371M->321M(1024M) 26.935ms
[2023-08-11T18:51:31.968+0000][gc,cpu        ] GC(382) User=0.18s Sys=0.00s Real=0.02s
[2023-08-11T18:53:48.405+0000][gc,start      ] GC(383) Pause Young (Normal) (G1 Evacuation Pause)
[2023-08-11T18:53:48.405+0000][gc,task       ] GC(383) Using 8 workers of 8 for evacuation
[2023-08-11T18:53:48.413+0000][gc,phases     ] GC(383)   Pre Evacuate Collection Set: 0.0ms
[2023-08-11T18:53:48.413+0000][gc,phases     ] GC(383)   Evacuate Collection Set: 7.7ms
[2023-08-11T18:53:48.413+0000][gc,phases     ] GC(383)   Post Evacuate Collection Set: 0.7ms
[2023-08-11T18:53:48.413+0000][gc,phases     ] GC(383)   Other: 0.4ms
[2023-08-11T18:53:48.413+0000][gc,heap       ] GC(383) Eden regions: 541->0(542)
[2023-08-11T18:53:48.413+0000][gc,heap       ] GC(383) Survivor regions: 4->9(69)
[2023-08-11T18:53:48.414+0000][gc,heap       ] GC(383) Old regions: 169->169
[2023-08-11T18:53:48.414+0000][gc,heap       ] GC(383) Humongous regions: 149->149
[2023-08-11T18:53:48.414+0000][gc,metaspace  ] GC(383) Metaspace: 118375K(124132K)->118375K(124132K) NonClass: 104623K(107980K)->104623K(107980K) Class: 13751K(16152K)->13751K(16152K)
[2023-08-11T18:53:48.414+0000][gc            ] GC(383) Pause Young (Normal) (G1 Evacuation Pause) 862M->326M(1024M) 8.870ms
[2023-08-11T18:53:48.414+0000][gc,cpu        ] GC(383) User=0.06s Sys=0.00s Real=0.01s
[2023-08-11T18:55:55.189+0000][gc,start      ] GC(384) Pause Young (Normal) (G1 Evacuation Pause)
[2023-08-11T18:55:55.189+0000][gc,task       ] GC(384) Using 8 workers of 8 for evacuation
[2023-08-11T18:55:55.200+0000][gc,phases     ] GC(384)   Pre Evacuate Collection Set: 0.0ms
[2023-08-11T18:55:55.200+0000][gc,phases     ] GC(384)   Evacuate Collection Set: 9.6ms
[2023-08-11T18:55:55.200+0000][gc,phases     ] GC(384)   Post Evacuate Collection Set: 0.7ms
[2023-08-11T18:55:55.200+0000][gc,phases     ] GC(384)   Other: 0.4ms
[2023-08-11T18:55:55.200+0000][gc,heap       ] GC(384) Eden regions: 542->0(544)
[2023-08-11T18:55:55.200+0000][gc,heap       ] GC(384) Survivor regions: 9->14(69)
[2023-08-11T18:55:55.200+0000][gc,heap       ] GC(384) Old regions: 169->169
[2023-08-11T18:55:55.200+0000][gc,heap       ] GC(384) Humongous regions: 149->149
[2023-08-11T18:55:55.200+0000][gc,metaspace  ] GC(384) Metaspace: 118377K(124132K)->118377K(124132K) NonClass: 104625K(107980K)->104625K(107980K) Class: 13751K(16152K)->13751K(16152K)
[2023-08-11T18:55:55.200+0000][gc            ] GC(384) Pause Young (Normal) (G1 Evacuation Pause) 868M->331M(1024M) 10.756ms
[2023-08-11T18:55:55.200+0000][gc,cpu        ] GC(384) User=0.08s Sys=0.00s Real=0.02s
[2023-08-11T18:58:10.040+0000][gc,start      ] GC(385) Pause Young (Concurrent Start) (G1 Evacuation Pause)
[2023-08-11T18:58:10.040+0000][gc,task       ] GC(385) Using 8 workers of 8 for evacuation
[2023-08-11T18:58:10.055+0000][gc,phases     ] GC(385)   Pre Evacuate Collection Set: 0.4ms
[2023-08-11T18:58:10.055+0000][gc,phases     ] GC(385)   Evacuate Collection Set: 13.2ms
[2023-08-11T18:58:10.055+0000][gc,phases     ] GC(385)   Post Evacuate Collection Set: 0.7ms
[2023-08-11T18:58:10.055+0000][gc,phases     ] GC(385)   Other: 0.4ms
[2023-08-11T18:58:10.055+0000][gc,heap       ] GC(385) Eden regions: 544->0(491)
[2023-08-11T18:58:10.055+0000][gc,heap       ] GC(385) Survivor regions: 14->22(70)
[2023-08-11T18:58:10.055+0000][gc,heap       ] GC(385) Old regions: 169->169
[2023-08-11T18:58:10.055+0000][gc,heap       ] GC(385) Humongous regions: 149->149
[2023-08-11T18:58:10.055+0000][gc,metaspace  ] GC(385) Metaspace: 118377K(124132K)->118377K(124132K) NonClass: 104625K(107980K)->104625K(107980K) Class: 13751K(16152K)->13751K(16152K)
[2023-08-11T18:58:10.055+0000][gc            ] GC(385) Pause Young (Concurrent Start) (G1 Evacuation Pause) 875M->338M(1024M) 14.820ms
[2023-08-11T18:58:10.055+0000][gc,cpu        ] GC(385) User=0.10s Sys=0.00s Real=0.01s
[2023-08-11T18:58:10.055+0000][gc            ] GC(386) Concurrent Cycle
[2023-08-11T18:58:10.055+0000][gc,marking    ] GC(386) Concurrent Clear Claimed Marks
[2023-08-11T18:58:10.055+0000][gc,marking    ] GC(386) Concurrent Clear Claimed Marks 0.199ms
[2023-08-11T18:58:10.055+0000][gc,marking    ] GC(386) Concurrent Scan Root Regions
[2023-08-11T18:58:10.063+0000][gc,marking    ] GC(386) Concurrent Scan Root Regions 7.651ms
[2023-08-11T18:58:10.063+0000][gc,marking    ] GC(386) Concurrent Mark (29781.364s)
[2023-08-11T18:58:10.063+0000][gc,marking    ] GC(386) Concurrent Mark From Roots
[2023-08-11T18:58:10.063+0000][gc,task       ] GC(386) Using 2 workers of 2 for marking
[2023-08-11T18:58:10.132+0000][gc,marking    ] GC(386) Concurrent Mark From Roots 69.035ms
[2023-08-11T18:58:10.132+0000][gc,marking    ] GC(386) Concurrent Preclean
[2023-08-11T18:58:10.133+0000][gc,marking    ] GC(386) Concurrent Preclean 0.461ms
[2023-08-11T18:58:10.133+0000][gc,marking    ] GC(386) Concurrent Mark (29781.364s, 29781.434s) 69.564ms
[2023-08-11T18:58:10.133+0000][gc,start      ] GC(386) Pause Remark
[2023-08-11T18:58:10.151+0000][gc,stringtable] GC(386) Cleaned string and symbol table, strings: 43809 processed, 0 removed, symbols: 278402 processed, 0 removed
[2023-08-11T18:58:10.152+0000][gc            ] GC(386) Pause Remark 338M->337M(1024M) 18.823ms
[2023-08-11T18:58:10.152+0000][gc,cpu        ] GC(386) User=0.12s Sys=0.00s Real=0.02s
[2023-08-11T18:58:10.152+0000][gc,marking    ] GC(386) Concurrent Rebuild Remembered Sets
[2023-08-11T18:58:10.196+0000][gc,marking    ] GC(386) Concurrent Rebuild Remembered Sets 44.389ms
[2023-08-11T18:58:10.196+0000][gc,start      ] GC(386) Pause Cleanup
[2023-08-11T18:58:10.197+0000][gc            ] GC(386) Pause Cleanup 337M->337M(1024M) 0.220ms
[2023-08-11T18:58:10.197+0000][gc,cpu        ] GC(386) User=0.00s Sys=0.00s Real=0.00s
[2023-08-11T18:58:10.197+0000][gc,marking    ] GC(386) Concurrent Cleanup for Next Mark
[2023-08-11T18:58:10.198+0000][gc,marking    ] GC(386) Concurrent Cleanup for Next Mark 1.350ms
[2023-08-11T18:58:10.198+0000][gc            ] GC(386) Concurrent Cycle 142.969ms
[2023-08-11T18:59:59.165+0000][gc,start      ] GC(387) Pause Young (Prepare Mixed) (G1 Evacuation Pause)
[2023-08-11T18:59:59.165+0000][gc,task       ] GC(387) Using 8 workers of 8 for evacuation
[2023-08-11T18:59:59.192+0000][gc,mmu        ] GC(387) MMU target violated: 21.0ms (20.0ms/21.0ms)
[2023-08-11T18:59:59.192+0000][gc,phases     ] GC(387)   Pre Evacuate Collection Set: 0.0ms
[2023-08-11T18:59:59.192+0000][gc,phases     ] GC(387)   Evacuate Collection Set: 26.4ms
[2023-08-11T18:59:59.192+0000][gc,phases     ] GC(387)   Post Evacuate Collection Set: 0.7ms
[2023-08-11T18:59:59.192+0000][gc,phases     ] GC(387)   Other: 0.5ms
[2023-08-11T18:59:59.192+0000][gc,heap       ] GC(387) Eden regions: 411->0(25)
[2023-08-11T18:59:59.192+0000][gc,heap       ] GC(387) Survivor regions: 22->26(55)
[2023-08-11T18:59:59.192+0000][gc,heap       ] GC(387) Old regions: 168->168
[2023-08-11T18:59:59.192+0000][gc,heap       ] GC(387) Humongous regions: 149->149
[2023-08-11T18:59:59.192+0000][gc,metaspace  ] GC(387) Metaspace: 118377K(124132K)->118377K(124132K) NonClass: 104625K(107980K)->104625K(107980K) Class: 13751K(16152K)->13751K(16152K)
[2023-08-11T18:59:59.192+0000][gc            ] GC(387) Pause Young (Prepare Mixed) (G1 Evacuation Pause) 748M->342M(1024M) 27.633ms
[2023-08-11T18:59:59.192+0000][gc,cpu        ] GC(387) User=0.20s Sys=0.00s Real=0.03s
[2023-08-11T19:00:09.442+0000][gc,start      ] GC(388) Pause Young (Mixed) (G1 Evacuation Pause)
[2023-08-11T19:00:09.442+0000][gc,task       ] GC(388) Using 8 workers of 8 for evacuation
[2023-08-11T19:00:09.458+0000][gc,phases     ] GC(388)   Pre Evacuate Collection Set: 0.1ms
[2023-08-11T19:00:09.458+0000][gc,phases     ] GC(388)   Evacuate Collection Set: 14.6ms
[2023-08-11T19:00:09.458+0000][gc,phases     ] GC(388)   Post Evacuate Collection Set: 0.6ms
[2023-08-11T19:00:09.458+0000][gc,phases     ] GC(388)   Other: 0.4ms
[2023-08-11T19:00:09.458+0000][gc,heap       ] GC(388) Eden regions: 25->0(559)
[2023-08-11T19:00:09.458+0000][gc,heap       ] GC(388) Survivor regions: 26->4(7)
[2023-08-11T19:00:09.458+0000][gc,heap       ] GC(388) Old regions: 168->166
[2023-08-11T19:00:09.458+0000][gc,heap       ] GC(388) Humongous regions: 149->149
[2023-08-11T19:00:09.458+0000][gc,metaspace  ] GC(388) Metaspace: 118377K(124132K)->118377K(124132K) NonClass: 104625K(107980K)->104625K(107980K) Class: 13751K(16152K)->13751K(16152K)
[2023-08-11T19:00:09.458+0000][gc            ] GC(388) Pause Young (Mixed) (G1 Evacuation Pause) 367M->318M(1024M) 15.659ms
[2023-08-11T19:00:09.458+0000][gc,cpu        ] GC(388) User=0.11s Sys=0.00s Real=0.01s
[2023-08-11T19:02:24.389+0000][gc,start      ] GC(389) Pause Young (Normal) (G1 Evacuation Pause)
[2023-08-11T19:02:24.389+0000][gc,task       ] GC(389) Using 8 workers of 8 for evacuation
[2023-08-11T19:02:24.398+0000][gc,phases     ] GC(389)   Pre Evacuate Collection Set: 0.0ms
[2023-08-11T19:02:24.398+0000][gc,phases     ] GC(389)   Evacuate Collection Set: 7.9ms
[2023-08-11T19:02:24.398+0000][gc,phases     ] GC(389)   Post Evacuate Collection Set: 0.7ms
[2023-08-11T19:02:24.398+0000][gc,phases     ] GC(389)   Other: 0.3ms
[2023-08-11T19:02:24.398+0000][gc,heap       ] GC(389) Eden regions: 559->0(556)
[2023-08-11T19:02:24.398+0000][gc,heap       ] GC(389) Survivor regions: 4->10(71)
[2023-08-11T19:02:24.398+0000][gc,heap       ] GC(389) Old regions: 166->166
[2023-08-11T19:02:24.398+0000][gc,heap       ] GC(389) Humongous regions: 149->149
[2023-08-11T19:02:24.398+0000][gc,metaspace  ] GC(389) Metaspace: 118380K(124132K)->118380K(124132K) NonClass: 104628K(107980K)->104628K(107980K) Class: 13751K(16152K)->13751K(16152K)
[2023-08-11T19:02:24.398+0000][gc            ] GC(389) Pause Young (Normal) (G1 Evacuation Pause) 877M->323M(1024M) 9.010ms
[2023-08-11T19:02:24.398+0000][gc,cpu        ] GC(389) User=0.06s Sys=0.00s Real=0.01s
[2023-08-11T19:04:39.477+0000][gc,start      ] GC(390) Pause Young (Normal) (GCLocker Initiated GC)
[2023-08-11T19:04:39.477+0000][gc,task       ] GC(390) Using 8 workers of 8 for evacuation
[2023-08-11T19:04:39.490+0000][gc,phases     ] GC(390)   Pre Evacuate Collection Set: 0.0ms
[2023-08-11T19:04:39.490+0000][gc,phases     ] GC(390)   Evacuate Collection Set: 12.3ms
[2023-08-11T19:04:39.491+0000][gc,phases     ] GC(390)   Post Evacuate Collection Set: 0.7ms
[2023-08-11T19:04:39.491+0000][gc,phases     ] GC(390)   Other: 0.3ms
[2023-08-11T19:04:39.491+0000][gc,heap       ] GC(390) Eden regions: 557->0(553)
[2023-08-11T19:04:39.491+0000][gc,heap       ] GC(390) Survivor regions: 10->16(71)
[2023-08-11T19:04:39.491+0000][gc,heap       ] GC(390) Old regions: 166->166
[2023-08-11T19:04:39.491+0000][gc,heap       ] GC(390) Humongous regions: 149->149
[2023-08-11T19:04:39.491+0000][gc,metaspace  ] GC(390) Metaspace: 118380K(124132K)->118380K(124132K) NonClass: 104628K(107980K)->104628K(107980K) Class: 13751K(16152K)->13751K(16152K)
[2023-08-11T19:04:39.491+0000][gc            ] GC(390) Pause Young (Normal) (GCLocker Initiated GC) 880M->330M(1024M) 13.507ms
[2023-08-11T19:04:39.491+0000][gc,cpu        ] GC(390) User=0.08s Sys=0.00s Real=0.01s
[2023-08-11T19:06:55.189+0000][gc,start      ] GC(391) Pause Young (Concurrent Start) (G1 Evacuation Pause)
[2023-08-11T19:06:55.189+0000][gc,task       ] GC(391) Using 8 workers of 8 for evacuation
[2023-08-11T19:06:55.204+0000][gc,phases     ] GC(391)   Pre Evacuate Collection Set: 0.4ms
[2023-08-11T19:06:55.204+0000][gc,phases     ] GC(391)   Evacuate Collection Set: 13.4ms
[2023-08-11T19:06:55.204+0000][gc,phases     ] GC(391)   Post Evacuate Collection Set: 0.7ms
[2023-08-11T19:06:55.204+0000][gc,phases     ] GC(391)   Other: 0.4ms
[2023-08-11T19:06:55.204+0000][gc,heap       ] GC(391) Eden regions: 553->0(550)
[2023-08-11T19:06:55.204+0000][gc,heap       ] GC(391) Survivor regions: 16->22(72)
[2023-08-11T19:06:55.204+0000][gc,heap       ] GC(391) Old regions: 166->166
[2023-08-11T19:06:55.204+0000][gc,heap       ] GC(391) Humongous regions: 149->149
[2023-08-11T19:06:55.204+0000][gc,metaspace  ] GC(391) Metaspace: 118384K(124132K)->118384K(124132K) NonClass: 104633K(107980K)->104633K(107980K) Class: 13751K(16152K)->13751K(16152K)
[2023-08-11T19:06:55.204+0000][gc            ] GC(391) Pause Young (Concurrent Start) (G1 Evacuation Pause) 883M->335M(1024M) 15.029ms
[2023-08-11T19:06:55.204+0000][gc,cpu        ] GC(391) User=0.11s Sys=0.00s Real=0.02s
[2023-08-11T19:06:55.204+0000][gc            ] GC(392) Concurrent Cycle
[2023-08-11T19:06:55.204+0000][gc,marking    ] GC(392) Concurrent Clear Claimed Marks
[2023-08-11T19:06:55.205+0000][gc,marking    ] GC(392) Concurrent Clear Claimed Marks 0.289ms
[2023-08-11T19:06:55.205+0000][gc,marking    ] GC(392) Concurrent Scan Root Regions
[2023-08-11T19:06:55.217+0000][gc,marking    ] GC(392) Concurrent Scan Root Regions 12.043ms
[2023-08-11T19:06:55.217+0000][gc,marking    ] GC(392) Concurrent Mark (30306.518s)
[2023-08-11T19:06:55.217+0000][gc,marking    ] GC(392) Concurrent Mark From Roots
[2023-08-11T19:06:55.217+0000][gc,task       ] GC(392) Using 2 workers of 2 for marking
[2023-08-11T19:06:55.289+0000][gc,marking    ] GC(392) Concurrent Mark From Roots 72.020ms
[2023-08-11T19:06:55.289+0000][gc,marking    ] GC(392) Concurrent Preclean
[2023-08-11T19:06:55.289+0000][gc,marking    ] GC(392) Concurrent Preclean 0.436ms
[2023-08-11T19:06:55.289+0000][gc,marking    ] GC(392) Concurrent Mark (30306.518s, 30306.591s) 72.529ms
[2023-08-11T19:06:55.289+0000][gc,start      ] GC(392) Pause Remark
[2023-08-11T19:06:55.299+0000][gc,stringtable] GC(392) Cleaned string and symbol table, strings: 43809 processed, 0 removed, symbols: 278402 processed, 0 removed
[2023-08-11T19:06:55.299+0000][gc            ] GC(392) Pause Remark 352M->352M(1024M) 9.351ms
[2023-08-11T19:06:55.299+0000][gc,cpu        ] GC(392) User=0.06s Sys=0.00s Real=0.02s
[2023-08-11T19:06:55.299+0000][gc,marking    ] GC(392) Concurrent Rebuild Remembered Sets
[2023-08-11T19:06:55.340+0000][gc,marking    ] GC(392) Concurrent Rebuild Remembered Sets 41.050ms
[2023-08-11T19:06:55.340+0000][gc,start      ] GC(392) Pause Cleanup
[2023-08-11T19:06:55.341+0000][gc            ] GC(392) Pause Cleanup 353M->353M(1024M) 0.238ms
[2023-08-11T19:06:55.341+0000][gc,cpu        ] GC(392) User=0.00s Sys=0.00s Real=0.00s
[2023-08-11T19:06:55.341+0000][gc,marking    ] GC(392) Concurrent Cleanup for Next Mark
[2023-08-11T19:06:55.342+0000][gc,marking    ] GC(392) Concurrent Cleanup for Next Mark 1.353ms
[2023-08-11T19:06:55.342+0000][gc            ] GC(392) Concurrent Cycle 137.634ms
[2023-08-11T19:08:54.473+0000][gc,start      ] GC(393) Pause Young (Prepare Mixed) (G1 Evacuation Pause)
[2023-08-11T19:08:54.473+0000][gc,task       ] GC(393) Using 8 workers of 8 for evacuation
[2023-08-11T19:08:54.489+0000][gc,phases     ] GC(393)   Pre Evacuate Collection Set: 0.0ms
[2023-08-11T19:08:54.490+0000][gc,phases     ] GC(393)   Evacuate Collection Set: 15.9ms
[2023-08-11T19:08:54.490+0000][gc,phases     ] GC(393)   Post Evacuate Collection Set: 0.7ms
[2023-08-11T19:08:54.490+0000][gc,phases     ] GC(393)   Other: 0.4ms
[2023-08-11T19:08:54.490+0000][gc,heap       ] GC(393) Eden regions: 447->0(23)
[2023-08-11T19:08:54.490+0000][gc,heap       ] GC(393) Survivor regions: 22->28(59)
[2023-08-11T19:08:54.490+0000][gc,heap       ] GC(393) Old regions: 166->166
[2023-08-11T19:08:54.490+0000][gc,heap       ] GC(393) Humongous regions: 149->149
[2023-08-11T19:08:54.490+0000][gc,metaspace  ] GC(393) Metaspace: 118384K(124132K)->118384K(124132K) NonClass: 104633K(107980K)->104633K(107980K) Class: 13751K(16152K)->13751K(16152K)
[2023-08-11T19:08:54.490+0000][gc            ] GC(393) Pause Young (Prepare Mixed) (G1 Evacuation Pause) 782M->342M(1024M) 17.116ms
[2023-08-11T19:08:54.490+0000][gc,cpu        ] GC(393) User=0.13s Sys=0.00s Real=0.01s
[2023-08-11T19:09:01.500+0000][gc,start      ] GC(394) Pause Young (Mixed) (G1 Evacuation Pause)
[2023-08-11T19:09:01.500+0000][gc,task       ] GC(394) Using 8 workers of 8 for evacuation
[2023-08-11T19:09:01.517+0000][gc,phases     ] GC(394)   Pre Evacuate Collection Set: 0.1ms
[2023-08-11T19:09:01.517+0000][gc,phases     ] GC(394)   Evacuate Collection Set: 15.7ms
[2023-08-11T19:09:01.517+0000][gc,phases     ] GC(394)   Post Evacuate Collection Set: 0.5ms
[2023-08-11T19:09:01.517+0000][gc,phases     ] GC(394)   Other: 0.4ms
[2023-08-11T19:09:01.517+0000][gc,heap       ] GC(394) Eden regions: 23->0(562)
[2023-08-11T19:09:01.517+0000][gc,heap       ] GC(394) Survivor regions: 28->4(7)
[2023-08-11T19:09:01.517+0000][gc,heap       ] GC(394) Old regions: 166->168
[2023-08-11T19:09:01.517+0000][gc,heap       ] GC(394) Humongous regions: 149->149
[2023-08-11T19:09:01.517+0000][gc,metaspace  ] GC(394) Metaspace: 118384K(124132K)->118384K(124132K) NonClass: 104633K(107980K)->104633K(107980K) Class: 13751K(16152K)->13751K(16152K)
[2023-08-11T19:09:01.517+0000][gc            ] GC(394) Pause Young (Mixed) (G1 Evacuation Pause) 365M->320M(1024M) 16.791ms
[2023-08-11T19:09:01.517+0000][gc,cpu        ] GC(394) User=0.12s Sys=0.00s Real=0.01s
[2023-08-11T19:11:24.364+0000][gc,start      ] GC(395) Pause Young (Normal) (G1 Evacuation Pause)
[2023-08-11T19:11:24.364+0000][gc,task       ] GC(395) Using 8 workers of 8 for evacuation
[2023-08-11T19:11:24.372+0000][gc,phases     ] GC(395)   Pre Evacuate Collection Set: 0.0ms
[2023-08-11T19:11:24.372+0000][gc,phases     ] GC(395)   Evacuate Collection Set: 7.7ms
[2023-08-11T19:11:24.372+0000][gc,phases     ] GC(395)   Post Evacuate Collection Set: 0.7ms
[2023-08-11T19:11:24.372+0000][gc,phases     ] GC(395)   Other: 0.3ms
[2023-08-11T19:11:24.372+0000][gc,heap       ] GC(395) Eden regions: 562->0(560)
[2023-08-11T19:11:24.372+0000][gc,heap       ] GC(395) Survivor regions: 4->9(71)
[2023-08-11T19:11:24.372+0000][gc,heap       ] GC(395) Old regions: 168->168
[2023-08-11T19:11:24.372+0000][gc,heap       ] GC(395) Humongous regions: 149->149
[2023-08-11T19:11:24.372+0000][gc,metaspace  ] GC(395) Metaspace: 118384K(124132K)->118384K(124132K) NonClass: 104633K(107980K)->104633K(107980K) Class: 13751K(16152K)->13751K(16152K)
[2023-08-11T19:11:24.372+0000][gc            ] GC(395) Pause Young (Normal) (G1 Evacuation Pause) 882M->325M(1024M) 8.797ms
[2023-08-11T19:11:24.372+0000][gc,cpu        ] GC(395) User=0.07s Sys=0.00s Real=0.01s
[2023-08-11T19:13:39.471+0000][gc,start      ] GC(396) Pause Young (Normal) (G1 Evacuation Pause)
[2023-08-11T19:13:39.471+0000][gc,task       ] GC(396) Using 8 workers of 8 for evacuation
[2023-08-11T19:13:39.482+0000][gc,phases     ] GC(396)   Pre Evacuate Collection Set: 0.0ms
[2023-08-11T19:13:39.482+0000][gc,phases     ] GC(396)   Evacuate Collection Set: 9.9ms
[2023-08-11T19:13:39.482+0000][gc,phases     ] GC(396)   Post Evacuate Collection Set: 0.7ms
[2023-08-11T19:13:39.482+0000][gc,phases     ] GC(396)   Other: 0.4ms
[2023-08-11T19:13:39.482+0000][gc,heap       ] GC(396) Eden regions: 560->0(557)
[2023-08-11T19:13:39.482+0000][gc,heap       ] GC(396) Survivor regions: 9->15(72)
[2023-08-11T19:13:39.482+0000][gc,heap       ] GC(396) Old regions: 168->168
[2023-08-11T19:13:39.482+0000][gc,heap       ] GC(396) Humongous regions: 149->149
[2023-08-11T19:13:39.482+0000][gc,metaspace  ] GC(396) Metaspace: 118391K(124132K)->118391K(124132K) NonClass: 104639K(107980K)->104639K(107980K) Class: 13751K(16152K)->13751K(16152K)
[2023-08-11T19:13:39.482+0000][gc            ] GC(396) Pause Young (Normal) (G1 Evacuation Pause) 885M->330M(1024M) 11.102ms
[2023-08-11T19:13:39.482+0000][gc,cpu        ] GC(396) User=0.08s Sys=0.00s Real=0.02s
[2023-08-11T19:15:54.484+0000][gc,start      ] GC(397) Pause Young (Concurrent Start) (G1 Evacuation Pause)
[2023-08-11T19:15:54.484+0000][gc,task       ] GC(397) Using 8 workers of 8 for evacuation
[2023-08-11T19:15:54.499+0000][gc,phases     ] GC(397)   Pre Evacuate Collection Set: 0.5ms
[2023-08-11T19:15:54.499+0000][gc,phases     ] GC(397)   Evacuate Collection Set: 13.6ms
[2023-08-11T19:15:54.499+0000][gc,phases     ] GC(397)   Post Evacuate Collection Set: 0.7ms
[2023-08-11T19:15:54.499+0000][gc,phases     ] GC(397)   Other: 0.5ms
[2023-08-11T19:15:54.499+0000][gc,heap       ] GC(397) Eden regions: 557->0(551)
[2023-08-11T19:15:54.499+0000][gc,heap       ] GC(397) Survivor regions: 15->22(72)
[2023-08-11T19:15:54.499+0000][gc,heap       ] GC(397) Old regions: 168->168
[2023-08-11T19:15:54.499+0000][gc,heap       ] GC(397) Humongous regions: 149->149
[2023-08-11T19:15:54.499+0000][gc,metaspace  ] GC(397) Metaspace: 118391K(124132K)->118391K(124132K) NonClass: 104639K(107980K)->104639K(107980K) Class: 13751K(16152K)->13751K(16152K)
[2023-08-11T19:15:54.499+0000][gc            ] GC(397) Pause Young (Concurrent Start) (G1 Evacuation Pause) 887M->338M(1024M) 15.293ms
[2023-08-11T19:15:54.499+0000][gc,cpu        ] GC(397) User=0.11s Sys=0.00s Real=0.02s
[2023-08-11T19:15:54.499+0000][gc            ] GC(398) Concurrent Cycle
[2023-08-11T19:15:54.499+0000][gc,marking    ] GC(398) Concurrent Clear Claimed Marks
[2023-08-11T19:15:54.500+0000][gc,marking    ] GC(398) Concurrent Clear Claimed Marks 0.192ms
[2023-08-11T19:15:54.500+0000][gc,marking    ] GC(398) Concurrent Scan Root Regions
[2023-08-11T19:15:54.508+0000][gc,marking    ] GC(398) Concurrent Scan Root Regions 8.589ms
[2023-08-11T19:15:54.508+0000][gc,marking    ] GC(398) Concurrent Mark (30845.810s)
[2023-08-11T19:15:54.508+0000][gc,marking    ] GC(398) Concurrent Mark From Roots
[2023-08-11T19:15:54.508+0000][gc,task       ] GC(398) Using 2 workers of 2 for marking
[2023-08-11T19:15:54.572+0000][gc,marking    ] GC(398) Concurrent Mark From Roots 63.880ms
[2023-08-11T19:15:54.572+0000][gc,marking    ] GC(398) Concurrent Preclean
[2023-08-11T19:15:54.573+0000][gc,marking    ] GC(398) Concurrent Preclean 0.452ms
[2023-08-11T19:15:54.573+0000][gc,marking    ] GC(398) Concurrent Mark (30845.810s, 30845.874s) 64.411ms
[2023-08-11T19:15:54.573+0000][gc,start      ] GC(398) Pause Remark
[2023-08-11T19:15:54.582+0000][gc,stringtable] GC(398) Cleaned string and symbol table, strings: 43809 processed, 0 removed, symbols: 278402 processed, 0 removed
[2023-08-11T19:15:54.582+0000][gc            ] GC(398) Pause Remark 341M->341M(1024M) 9.579ms
[2023-08-11T19:15:54.582+0000][gc,cpu        ] GC(398) User=0.07s Sys=0.00s Real=0.01s
[2023-08-11T19:15:54.583+0000][gc,marking    ] GC(398) Concurrent Rebuild Remembered Sets
[2023-08-11T19:15:54.624+0000][gc,marking    ] GC(398) Concurrent Rebuild Remembered Sets 41.684ms
[2023-08-11T19:15:54.624+0000][gc,start      ] GC(398) Pause Cleanup
[2023-08-11T19:15:54.625+0000][gc            ] GC(398) Pause Cleanup 341M->341M(1024M) 0.230ms
[2023-08-11T19:15:54.625+0000][gc,cpu        ] GC(398) User=0.00s Sys=0.00s Real=0.00s
[2023-08-11T19:15:54.625+0000][gc,marking    ] GC(398) Concurrent Cleanup for Next Mark
[2023-08-11T19:15:54.626+0000][gc,marking    ] GC(398) Concurrent Cleanup for Next Mark 1.359ms
[2023-08-11T19:15:54.626+0000][gc            ] GC(398) Concurrent Cycle 126.827ms
[2023-08-11T19:18:09.465+0000][gc,start      ] GC(399) Pause Young (Prepare Mixed) (G1 Evacuation Pause)
[2023-08-11T19:18:09.465+0000][gc,task       ] GC(399) Using 8 workers of 8 for evacuation
[2023-08-11T19:18:09.483+0000][gc,phases     ] GC(399)   Pre Evacuate Collection Set: 0.0ms
[2023-08-11T19:18:09.483+0000][gc,phases     ] GC(399)   Evacuate Collection Set: 16.4ms
[2023-08-11T19:18:09.483+0000][gc,phases     ] GC(399)   Post Evacuate Collection Set: 0.7ms
[2023-08-11T19:18:09.483+0000][gc,phases     ] GC(399)   Other: 0.4ms
[2023-08-11T19:18:09.483+0000][gc,heap       ] GC(399) Eden regions: 490->0(23)
[2023-08-11T19:18:09.483+0000][gc,heap       ] GC(399) Survivor regions: 22->28(64)
[2023-08-11T19:18:09.483+0000][gc,heap       ] GC(399) Old regions: 168->168
[2023-08-11T19:18:09.483+0000][gc,heap       ] GC(399) Humongous regions: 149->149
[2023-08-11T19:18:09.483+0000][gc,metaspace  ] GC(399) Metaspace: 118391K(124132K)->118391K(124132K) NonClass: 104639K(107980K)->104639K(107980K) Class: 13751K(16152K)->13751K(16152K)
[2023-08-11T19:18:09.483+0000][gc            ] GC(399) Pause Young (Prepare Mixed) (G1 Evacuation Pause) 828M->344M(1024M) 17.632ms
[2023-08-11T19:18:09.483+0000][gc,cpu        ] GC(399) User=0.13s Sys=0.00s Real=0.02s
[2023-08-11T19:18:14.563+0000][gc,start      ] GC(400) Pause Young (Mixed) (G1 Evacuation Pause)
[2023-08-11T19:18:14.564+0000][gc,task       ] GC(400) Using 8 workers of 8 for evacuation
[2023-08-11T19:18:14.581+0000][gc,phases     ] GC(400)   Pre Evacuate Collection Set: 0.1ms
[2023-08-11T19:18:14.581+0000][gc,phases     ] GC(400)   Evacuate Collection Set: 16.6ms
[2023-08-11T19:18:14.581+0000][gc,phases     ] GC(400)   Post Evacuate Collection Set: 0.6ms
[2023-08-11T19:18:14.581+0000][gc,phases     ] GC(400)   Other: 0.4ms
[2023-08-11T19:18:14.581+0000][gc,heap       ] GC(400) Eden regions: 23->0(562)
[2023-08-11T19:18:14.581+0000][gc,heap       ] GC(400) Survivor regions: 28->4(7)
[2023-08-11T19:18:14.581+0000][gc,heap       ] GC(400) Old regions: 168->168
[2023-08-11T19:18:14.581+0000][gc,heap       ] GC(400) Humongous regions: 149->149
[2023-08-11T19:18:14.581+0000][gc,metaspace  ] GC(400) Metaspace: 118391K(124132K)->118391K(124132K) NonClass: 104639K(107980K)->104639K(107980K) Class: 13751K(16152K)->13751K(16152K)
[2023-08-11T19:18:14.581+0000][gc            ] GC(400) Pause Young (Mixed) (G1 Evacuation Pause) 367M->320M(1024M) 17.769ms
[2023-08-11T19:18:14.581+0000][gc,cpu        ] GC(400) User=0.14s Sys=0.00s Real=0.02s
[2023-08-11T19:20:29.068+0000][gc,start      ] GC(401) Pause Young (Normal) (G1 Evacuation Pause)
[2023-08-11T19:20:29.068+0000][gc,task       ] GC(401) Using 8 workers of 8 for evacuation
[2023-08-11T19:20:29.077+0000][gc,phases     ] GC(401)   Pre Evacuate Collection Set: 0.0ms
[2023-08-11T19:20:29.077+0000][gc,phases     ] GC(401)   Evacuate Collection Set: 8.2ms
[2023-08-11T19:20:29.077+0000][gc,phases     ] GC(401)   Post Evacuate Collection Set: 0.7ms
[2023-08-11T19:20:29.077+0000][gc,phases     ] GC(401)   Other: 0.3ms
[2023-08-11T19:20:29.077+0000][gc,heap       ] GC(401) Eden regions: 562->0(560)
[2023-08-11T19:20:29.077+0000][gc,heap       ] GC(401) Survivor regions: 4->9(71)
[2023-08-11T19:20:29.077+0000][gc,heap       ] GC(401) Old regions: 168->168
[2023-08-11T19:20:29.077+0000][gc,heap       ] GC(401) Humongous regions: 149->149
[2023-08-11T19:20:29.077+0000][gc,metaspace  ] GC(401) Metaspace: 118392K(124132K)->118392K(124132K) NonClass: 104640K(107980K)->104640K(107980K) Class: 13751K(16152K)->13751K(16152K)
[2023-08-11T19:20:29.077+0000][gc            ] GC(401) Pause Young (Normal) (G1 Evacuation Pause) 882M->325M(1024M) 9.294ms
[2023-08-11T19:20:29.078+0000][gc,cpu        ] GC(401) User=0.06s Sys=0.00s Real=0.01s
[2023-08-11T19:22:54.360+0000][gc,start      ] GC(402) Pause Young (Normal) (G1 Evacuation Pause)
[2023-08-11T19:22:54.360+0000][gc,task       ] GC(402) Using 8 workers of 8 for evacuation
[2023-08-11T19:22:54.371+0000][gc,phases     ] GC(402)   Pre Evacuate Collection Set: 0.0ms
[2023-08-11T19:22:54.371+0000][gc,phases     ] GC(402)   Evacuate Collection Set: 10.1ms
[2023-08-11T19:22:54.371+0000][gc,phases     ] GC(402)   Post Evacuate Collection Set: 0.7ms
[2023-08-11T19:22:54.372+0000][gc,phases     ] GC(402)   Other: 0.3ms
[2023-08-11T19:22:54.372+0000][gc,heap       ] GC(402) Eden regions: 560->0(556)
[2023-08-11T19:22:54.372+0000][gc,heap       ] GC(402) Survivor regions: 9->15(72)
[2023-08-11T19:22:54.372+0000][gc,heap       ] GC(402) Old regions: 168->168
[2023-08-11T19:22:54.372+0000][gc,heap       ] GC(402) Humongous regions: 149->149
[2023-08-11T19:22:54.372+0000][gc,metaspace  ] GC(402) Metaspace: 118398K(124132K)->118398K(124132K) NonClass: 104646K(107980K)->104646K(107980K) Class: 13751K(16152K)->13751K(16152K)
[2023-08-11T19:22:54.372+0000][gc            ] GC(402) Pause Young (Normal) (G1 Evacuation Pause) 885M->331M(1024M) 11.239ms
[2023-08-11T19:22:54.372+0000][gc,cpu        ] GC(402) User=0.08s Sys=0.00s Real=0.01s
[2023-08-11T19:25:04.409+0000][gc,start      ] GC(403) Pause Young (Concurrent Start) (G1 Evacuation Pause)
[2023-08-11T19:25:04.409+0000][gc,task       ] GC(403) Using 8 workers of 8 for evacuation
[2023-08-11T19:25:04.424+0000][gc,phases     ] GC(403)   Pre Evacuate Collection Set: 0.4ms
[2023-08-11T19:25:04.424+0000][gc,phases     ] GC(403)   Evacuate Collection Set: 13.6ms
[2023-08-11T19:25:04.424+0000][gc,phases     ] GC(403)   Post Evacuate Collection Set: 0.7ms
[2023-08-11T19:25:04.424+0000][gc,phases     ] GC(403)   Other: 0.4ms
[2023-08-11T19:25:04.424+0000][gc,heap       ] GC(403) Eden regions: 556->0(551)
[2023-08-11T19:25:04.424+0000][gc,heap       ] GC(403) Survivor regions: 15->22(72)
[2023-08-11T19:25:04.424+0000][gc,heap       ] GC(403) Old regions: 168->168
[2023-08-11T19:25:04.424+0000][gc,heap       ] GC(403) Humongous regions: 149->149
[2023-08-11T19:25:04.424+0000][gc,metaspace  ] GC(403) Metaspace: 118398K(124132K)->118398K(124132K) NonClass: 104646K(107980K)->104646K(107980K) Class: 13751K(16152K)->13751K(16152K)
[2023-08-11T19:25:04.424+0000][gc            ] GC(403) Pause Young (Concurrent Start) (G1 Evacuation Pause) 887M->338M(1024M) 15.287ms
[2023-08-11T19:25:04.424+0000][gc,cpu        ] GC(403) User=0.11s Sys=0.00s Real=0.02s
[2023-08-11T19:25:04.424+0000][gc            ] GC(404) Concurrent Cycle
[2023-08-11T19:25:04.424+0000][gc,marking    ] GC(404) Concurrent Clear Claimed Marks
[2023-08-11T19:25:04.424+0000][gc,marking    ] GC(404) Concurrent Clear Claimed Marks 0.221ms
[2023-08-11T19:25:04.424+0000][gc,marking    ] GC(404) Concurrent Scan Root Regions
[2023-08-11T19:25:04.433+0000][gc,marking    ] GC(404) Concurrent Scan Root Regions 8.374ms
[2023-08-11T19:25:04.433+0000][gc,marking    ] GC(404) Concurrent Mark (31395.734s)
[2023-08-11T19:25:04.433+0000][gc,marking    ] GC(404) Concurrent Mark From Roots
[2023-08-11T19:25:04.433+0000][gc,task       ] GC(404) Using 2 workers of 2 for marking
[2023-08-11T19:25:04.497+0000][gc,marking    ] GC(404) Concurrent Mark From Roots 63.879ms
[2023-08-11T19:25:04.497+0000][gc,marking    ] GC(404) Concurrent Preclean
[2023-08-11T19:25:04.497+0000][gc,marking    ] GC(404) Concurrent Preclean 0.467ms
[2023-08-11T19:25:04.497+0000][gc,marking    ] GC(404) Concurrent Mark (31395.734s, 31395.799s) 64.431ms
[2023-08-11T19:25:04.497+0000][gc,start      ] GC(404) Pause Remark
[2023-08-11T19:25:04.507+0000][gc,stringtable] GC(404) Cleaned string and symbol table, strings: 43851 processed, 0 removed, symbols: 278402 processed, 0 removed
[2023-08-11T19:25:04.507+0000][gc            ] GC(404) Pause Remark 342M->342M(1024M) 9.518ms
[2023-08-11T19:25:04.507+0000][gc,cpu        ] GC(404) User=0.07s Sys=0.00s Real=0.01s
[2023-08-11T19:25:04.507+0000][gc,marking    ] GC(404) Concurrent Rebuild Remembered Sets
[2023-08-11T19:25:04.548+0000][gc,marking    ] GC(404) Concurrent Rebuild Remembered Sets 41.352ms
[2023-08-11T19:25:04.549+0000][gc,start      ] GC(404) Pause Cleanup
[2023-08-11T19:25:04.549+0000][gc            ] GC(404) Pause Cleanup 343M->343M(1024M) 0.266ms
[2023-08-11T19:25:04.549+0000][gc,cpu        ] GC(404) User=0.00s Sys=0.00s Real=0.00s
[2023-08-11T19:25:04.549+0000][gc,marking    ] GC(404) Concurrent Cleanup for Next Mark
[2023-08-11T19:25:04.550+0000][gc,marking    ] GC(404) Concurrent Cleanup for Next Mark 1.351ms
[2023-08-11T19:25:04.550+0000][gc            ] GC(404) Concurrent Cycle 126.279ms
[2023-08-11T19:27:24.358+0000][gc,start      ] GC(405) Pause Young (Prepare Mixed) (G1 Evacuation Pause)
[2023-08-11T19:27:24.358+0000][gc,task       ] GC(405) Using 8 workers of 8 for evacuation
[2023-08-11T19:27:24.375+0000][gc,phases     ] GC(405)   Pre Evacuate Collection Set: 0.0ms
[2023-08-11T19:27:24.375+0000][gc,phases     ] GC(405)   Evacuate Collection Set: 16.4ms
[2023-08-11T19:27:24.375+0000][gc,phases     ] GC(405)   Post Evacuate Collection Set: 0.7ms
[2023-08-11T19:27:24.375+0000][gc,phases     ] GC(405)   Other: 0.4ms
[2023-08-11T19:27:24.375+0000][gc,heap       ] GC(405) Eden regions: 505->0(22)
[2023-08-11T19:27:24.375+0000][gc,heap       ] GC(405) Survivor regions: 22->29(66)
[2023-08-11T19:27:24.375+0000][gc,heap       ] GC(405) Old regions: 168->168
[2023-08-11T19:27:24.375+0000][gc,heap       ] GC(405) Humongous regions: 149->149
[2023-08-11T19:27:24.375+0000][gc,metaspace  ] GC(405) Metaspace: 118398K(124132K)->118398K(124132K) NonClass: 104646K(107980K)->104646K(107980K) Class: 13751K(16152K)->13751K(16152K)
[2023-08-11T19:27:24.375+0000][gc            ] GC(405) Pause Young (Prepare Mixed) (G1 Evacuation Pause) 843M->345M(1024M) 17.609ms
[2023-08-11T19:27:24.375+0000][gc,cpu        ] GC(405) User=0.14s Sys=0.00s Real=0.02s
[2023-08-11T19:27:24.468+0000][gc,start      ] GC(406) Pause Young (Mixed) (G1 Evacuation Pause)
[2023-08-11T19:27:24.468+0000][gc,task       ] GC(406) Using 8 workers of 8 for evacuation
[2023-08-11T19:27:24.484+0000][gc,phases     ] GC(406)   Pre Evacuate Collection Set: 0.1ms
[2023-08-11T19:27:24.484+0000][gc,phases     ] GC(406)   Evacuate Collection Set: 15.8ms
[2023-08-11T19:27:24.484+0000][gc,phases     ] GC(406)   Post Evacuate Collection Set: 0.5ms
[2023-08-11T19:27:24.484+0000][gc,phases     ] GC(406)   Other: 0.4ms
[2023-08-11T19:27:24.484+0000][gc,heap       ] GC(406) Eden regions: 22->0(548)
[2023-08-11T19:27:24.484+0000][gc,heap       ] GC(406) Survivor regions: 29->4(7)
[2023-08-11T19:27:24.484+0000][gc,heap       ] GC(406) Old regions: 168->170
[2023-08-11T19:27:24.484+0000][gc,heap       ] GC(406) Humongous regions: 149->149
[2023-08-11T19:27:24.484+0000][gc,metaspace  ] GC(406) Metaspace: 118398K(124132K)->118398K(124132K) NonClass: 104646K(107980K)->104646K(107980K) Class: 13751K(16152K)->13751K(16152K)
[2023-08-11T19:27:24.484+0000][gc            ] GC(406) Pause Young (Mixed) (G1 Evacuation Pause) 367M->322M(1024M) 16.840ms
[2023-08-11T19:27:24.484+0000][gc,cpu        ] GC(406) User=0.13s Sys=0.00s Real=0.02s
[2023-08-11T19:29:39.476+0000][gc,start      ] GC(407) Pause Young (Normal) (G1 Evacuation Pause)
[2023-08-11T19:29:39.476+0000][gc,task       ] GC(407) Using 8 workers of 8 for evacuation
[2023-08-11T19:29:39.490+0000][gc,phases     ] GC(407)   Pre Evacuate Collection Set: 0.0ms
[2023-08-11T19:29:39.490+0000][gc,phases     ] GC(407)   Evacuate Collection Set: 12.7ms
[2023-08-11T19:29:39.490+0000][gc,phases     ] GC(407)   Post Evacuate Collection Set: 0.7ms
[2023-08-11T19:29:39.490+0000][gc,phases     ] GC(407)   Other: 0.4ms
[2023-08-11T19:29:39.490+0000][gc,heap       ] GC(407) Eden regions: 548->0(539)
[2023-08-11T19:29:39.490+0000][gc,heap       ] GC(407) Survivor regions: 4->10(69)
[2023-08-11T19:29:39.490+0000][gc,heap       ] GC(407) Old regions: 170->170
[2023-08-11T19:29:39.490+0000][gc,heap       ] GC(407) Humongous regions: 149->149
[2023-08-11T19:29:39.490+0000][gc,metaspace  ] GC(407) Metaspace: 118398K(124132K)->118398K(124132K) NonClass: 104646K(107980K)->104646K(107980K) Class: 13751K(16152K)->13751K(16152K)
[2023-08-11T19:29:39.490+0000][gc            ] GC(407) Pause Young (Normal) (G1 Evacuation Pause) 870M->328M(1024M) 14.007ms
[2023-08-11T19:29:39.490+0000][gc,cpu        ] GC(407) User=0.06s Sys=0.00s Real=0.01s
[2023-08-11T19:31:54.388+0000][gc,start      ] GC(408) Pause Young (Normal) (G1 Evacuation Pause)
[2023-08-11T19:31:54.388+0000][gc,task       ] GC(408) Using 8 workers of 8 for evacuation
[2023-08-11T19:31:54.402+0000][gc,phases     ] GC(408)   Pre Evacuate Collection Set: 0.0ms
[2023-08-11T19:31:54.402+0000][gc,phases     ] GC(408)   Evacuate Collection Set: 12.8ms
[2023-08-11T19:31:54.402+0000][gc,phases     ] GC(408)   Post Evacuate Collection Set: 0.7ms
[2023-08-11T19:31:54.402+0000][gc,phases     ] GC(408)   Other: 0.4ms
[2023-08-11T19:31:54.402+0000][gc,heap       ] GC(408) Eden regions: 539->0(540)
[2023-08-11T19:31:54.402+0000][gc,heap       ] GC(408) Survivor regions: 10->16(69)
[2023-08-11T19:31:54.402+0000][gc,heap       ] GC(408) Old regions: 170->170
[2023-08-11T19:31:54.402+0000][gc,heap       ] GC(408) Humongous regions: 149->149
[2023-08-11T19:31:54.402+0000][gc,metaspace  ] GC(408) Metaspace: 118398K(124132K)->118398K(124132K) NonClass: 104646K(107980K)->104646K(107980K) Class: 13751K(16152K)->13751K(16152K)
[2023-08-11T19:31:54.402+0000][gc            ] GC(408) Pause Young (Normal) (G1 Evacuation Pause) 867M->333M(1024M) 14.065ms
[2023-08-11T19:31:54.402+0000][gc,cpu        ] GC(408) User=0.10s Sys=0.00s Real=0.02s
[2023-08-11T19:34:03.581+0000][gc,start      ] GC(409) Pause Young (Concurrent Start) (G1 Evacuation Pause)
[2023-08-11T19:34:03.581+0000][gc,task       ] GC(409) Using 8 workers of 8 for evacuation
[2023-08-11T19:34:03.600+0000][gc,phases     ] GC(409)   Pre Evacuate Collection Set: 0.5ms
[2023-08-11T19:34:03.601+0000][gc,phases     ] GC(409)   Evacuate Collection Set: 18.1ms
[2023-08-11T19:34:03.601+0000][gc,phases     ] GC(409)   Post Evacuate Collection Set: 0.7ms
[2023-08-11T19:34:03.601+0000][gc,phases     ] GC(409)   Other: 0.5ms
[2023-08-11T19:34:03.601+0000][gc,heap       ] GC(409) Eden regions: 540->0(505)
[2023-08-11T19:34:03.601+0000][gc,heap       ] GC(409) Survivor regions: 16->20(70)
[2023-08-11T19:34:03.601+0000][gc,heap       ] GC(409) Old regions: 170->170
[2023-08-11T19:34:03.601+0000][gc,heap       ] GC(409) Humongous regions: 149->149
[2023-08-11T19:34:03.601+0000][gc,metaspace  ] GC(409) Metaspace: 118398K(124132K)->118398K(124132K) NonClass: 104646K(107980K)->104646K(107980K) Class: 13751K(16152K)->13751K(16152K)
[2023-08-11T19:34:03.601+0000][gc            ] GC(409) Pause Young (Concurrent Start) (G1 Evacuation Pause) 873M->338M(1024M) 19.853ms
[2023-08-11T19:34:03.601+0000][gc,cpu        ] GC(409) User=0.12s Sys=0.00s Real=0.02s
[2023-08-11T19:34:03.601+0000][gc            ] GC(410) Concurrent Cycle
[2023-08-11T19:34:03.601+0000][gc,marking    ] GC(410) Concurrent Clear Claimed Marks
[2023-08-11T19:34:03.601+0000][gc,marking    ] GC(410) Concurrent Clear Claimed Marks 0.475ms
[2023-08-11T19:34:03.601+0000][gc,marking    ] GC(410) Concurrent Scan Root Regions
[2023-08-11T19:34:03.614+0000][gc,marking    ] GC(410) Concurrent Scan Root Regions 12.303ms
[2023-08-11T19:34:03.614+0000][gc,marking    ] GC(410) Concurrent Mark (31934.915s)
[2023-08-11T19:34:03.614+0000][gc,marking    ] GC(410) Concurrent Mark From Roots
[2023-08-11T19:34:03.614+0000][gc,task       ] GC(410) Using 2 workers of 2 for marking
[2023-08-11T19:34:03.705+0000][gc,marking    ] GC(410) Concurrent Mark From Roots 91.914ms
[2023-08-11T19:34:03.706+0000][gc,marking    ] GC(410) Concurrent Preclean
[2023-08-11T19:34:03.706+0000][gc,marking    ] GC(410) Concurrent Preclean 0.471ms
[2023-08-11T19:34:03.706+0000][gc,marking    ] GC(410) Concurrent Mark (31934.915s, 31935.007s) 92.472ms
[2023-08-11T19:34:03.706+0000][gc,start      ] GC(410) Pause Remark
[2023-08-11T19:34:03.715+0000][gc,stringtable] GC(410) Cleaned string and symbol table, strings: 43864 processed, 7 removed, symbols: 278403 processed, 1 removed
[2023-08-11T19:34:03.716+0000][gc            ] GC(410) Pause Remark 340M->340M(1024M) 9.546ms
[2023-08-11T19:34:03.716+0000][gc,cpu        ] GC(410) User=0.07s Sys=0.00s Real=0.01s
[2023-08-11T19:34:03.716+0000][gc,marking    ] GC(410) Concurrent Rebuild Remembered Sets
[2023-08-11T19:34:03.758+0000][gc,marking    ] GC(410) Concurrent Rebuild Remembered Sets 41.770ms
[2023-08-11T19:34:03.758+0000][gc,start      ] GC(410) Pause Cleanup
[2023-08-11T19:34:03.758+0000][gc            ] GC(410) Pause Cleanup 340M->340M(1024M) 0.279ms
[2023-08-11T19:34:03.758+0000][gc,cpu        ] GC(410) User=0.00s Sys=0.00s Real=0.00s
[2023-08-11T19:34:03.758+0000][gc,marking    ] GC(410) Concurrent Cleanup for Next Mark
[2023-08-11T19:34:03.760+0000][gc,marking    ] GC(410) Concurrent Cleanup for Next Mark 1.385ms
[2023-08-11T19:34:03.760+0000][gc            ] GC(410) Concurrent Cycle 159.094ms
[2023-08-11T19:35:13.656+0000][gc,start      ] GC(411) Pause Young (Prepare Mixed) (G1 Evacuation Pause)
[2023-08-11T19:35:13.656+0000][gc,task       ] GC(411) Using 8 workers of 8 for evacuation
[2023-08-11T19:35:13.672+0000][gc,phases     ] GC(411)   Pre Evacuate Collection Set: 0.0ms
[2023-08-11T19:35:13.672+0000][gc,phases     ] GC(411)   Evacuate Collection Set: 14.8ms
[2023-08-11T19:35:13.672+0000][gc,phases     ] GC(411)   Post Evacuate Collection Set: 0.6ms
[2023-08-11T19:35:13.672+0000][gc,phases     ] GC(411)   Other: 0.4ms
[2023-08-11T19:35:13.672+0000][gc,heap       ] GC(411) Eden regions: 246->0(33)
[2023-08-11T19:35:13.672+0000][gc,heap       ] GC(411) Survivor regions: 20->18(34)
[2023-08-11T19:35:13.672+0000][gc,heap       ] GC(411) Old regions: 170->176
[2023-08-11T19:35:13.672+0000][gc,heap       ] GC(411) Humongous regions: 149->149
[2023-08-11T19:35:13.672+0000][gc,metaspace  ] GC(411) Metaspace: 118398K(124132K)->118398K(124132K) NonClass: 104646K(107980K)->104646K(107980K) Class: 13751K(16152K)->13751K(16152K)
[2023-08-11T19:35:13.672+0000][gc            ] GC(411) Pause Young (Prepare Mixed) (G1 Evacuation Pause) 584M->342M(1024M) 15.923ms
[2023-08-11T19:35:13.672+0000][gc,cpu        ] GC(411) User=0.12s Sys=0.00s Real=0.02s
[2023-08-11T19:35:24.372+0000][gc,start      ] GC(412) Pause Young (Mixed) (G1 Evacuation Pause)
[2023-08-11T19:35:24.372+0000][gc,task       ] GC(412) Using 8 workers of 8 for evacuation
[2023-08-11T19:35:24.384+0000][gc,phases     ] GC(412)   Pre Evacuate Collection Set: 0.1ms
[2023-08-11T19:35:24.384+0000][gc,phases     ] GC(412)   Evacuate Collection Set: 11.8ms
[2023-08-11T19:35:24.384+0000][gc,phases     ] GC(412)   Post Evacuate Collection Set: 0.6ms
[2023-08-11T19:35:24.384+0000][gc,phases     ] GC(412)   Other: 0.4ms
[2023-08-11T19:35:24.384+0000][gc,heap       ] GC(412) Eden regions: 33->0(393)
[2023-08-11T19:35:24.384+0000][gc,heap       ] GC(412) Survivor regions: 18->3(7)
[2023-08-11T19:35:24.384+0000][gc,heap       ] GC(412) Old regions: 176->164
[2023-08-11T19:35:24.384+0000][gc,heap       ] GC(412) Humongous regions: 149->149
[2023-08-11T19:35:24.384+0000][gc,metaspace  ] GC(412) Metaspace: 118398K(124132K)->118398K(124132K) NonClass: 104646K(107980K)->104646K(107980K) Class: 13751K(16152K)->13751K(16152K)
[2023-08-11T19:35:24.384+0000][gc            ] GC(412) Pause Young (Mixed) (G1 Evacuation Pause) 375M->315M(1024M) 12.947ms
[2023-08-11T19:35:24.385+0000][gc,cpu        ] GC(412) User=0.10s Sys=0.00s Real=0.01s
[2023-08-11T19:36:54.451+0000][gc,start      ] GC(413) Pause Young (Normal) (G1 Evacuation Pause)
[2023-08-11T19:36:54.451+0000][gc,task       ] GC(413) Using 8 workers of 8 for evacuation
[2023-08-11T19:36:54.458+0000][gc,phases     ] GC(413)   Pre Evacuate Collection Set: 0.0ms
[2023-08-11T19:36:54.458+0000][gc,phases     ] GC(413)   Evacuate Collection Set: 6.8ms
[2023-08-11T19:36:54.458+0000][gc,phases     ] GC(413)   Post Evacuate Collection Set: 0.7ms
[2023-08-11T19:36:54.458+0000][gc,phases     ] GC(413)   Other: 0.3ms
[2023-08-11T19:36:54.458+0000][gc,heap       ] GC(413) Eden regions: 393->0(403)
[2023-08-11T19:36:54.458+0000][gc,heap       ] GC(413) Survivor regions: 3->8(50)
[2023-08-11T19:36:54.458+0000][gc,heap       ] GC(413) Old regions: 164->164
[2023-08-11T19:36:54.458+0000][gc,heap       ] GC(413) Humongous regions: 149->149
[2023-08-11T19:36:54.458+0000][gc,metaspace  ] GC(413) Metaspace: 118398K(124132K)->118398K(124132K) NonClass: 104646K(107980K)->104646K(107980K) Class: 13751K(16152K)->13751K(16152K)
[2023-08-11T19:36:54.458+0000][gc            ] GC(413) Pause Young (Normal) (G1 Evacuation Pause) 708M->320M(1024M) 7.955ms
[2023-08-11T19:36:54.459+0000][gc,cpu        ] GC(413) User=0.05s Sys=0.01s Real=0.01s
[2023-08-11T19:38:40.165+0000][gc,start      ] GC(414) Pause Young (Normal) (G1 Evacuation Pause)
[2023-08-11T19:38:40.165+0000][gc,task       ] GC(414) Using 8 workers of 8 for evacuation
[2023-08-11T19:38:40.178+0000][gc,phases     ] GC(414)   Pre Evacuate Collection Set: 0.0ms
[2023-08-11T19:38:40.178+0000][gc,phases     ] GC(414)   Evacuate Collection Set: 12.6ms
[2023-08-11T19:38:40.178+0000][gc,phases     ] GC(414)   Post Evacuate Collection Set: 0.7ms
[2023-08-11T19:38:40.178+0000][gc,phases     ] GC(414)   Other: 0.3ms
[2023-08-11T19:38:40.178+0000][gc,heap       ] GC(414) Eden regions: 403->0(406)
[2023-08-11T19:38:40.178+0000][gc,heap       ] GC(414) Survivor regions: 8->11(52)
[2023-08-11T19:38:40.178+0000][gc,heap       ] GC(414) Old regions: 164->164
[2023-08-11T19:38:40.178+0000][gc,heap       ] GC(414) Humongous regions: 149->149
[2023-08-11T19:38:40.179+0000][gc,metaspace  ] GC(414) Metaspace: 118402K(124132K)->118402K(124132K) NonClass: 104650K(107980K)->104650K(107980K) Class: 13751K(16152K)->13751K(16152K)
[2023-08-11T19:38:40.179+0000][gc            ] GC(414) Pause Young (Normal) (G1 Evacuation Pause) 723M->323M(1024M) 13.757ms
[2023-08-11T19:38:40.179+0000][gc,cpu        ] GC(414) User=0.08s Sys=0.00s Real=0.01s
[2023-08-11T19:40:24.344+0000][gc,start      ] GC(415) Pause Young (Normal) (G1 Evacuation Pause)
[2023-08-11T19:40:24.344+0000][gc,task       ] GC(415) Using 8 workers of 8 for evacuation
[2023-08-11T19:40:24.355+0000][gc,phases     ] GC(415)   Pre Evacuate Collection Set: 0.0ms
[2023-08-11T19:40:24.355+0000][gc,phases     ] GC(415)   Evacuate Collection Set: 9.9ms
[2023-08-11T19:40:24.355+0000][gc,phases     ] GC(415)   Post Evacuate Collection Set: 0.6ms
[2023-08-11T19:40:24.355+0000][gc,phases     ] GC(415)   Other: 0.3ms
[2023-08-11T19:40:24.355+0000][gc,heap       ] GC(415) Eden regions: 406->0(413)
[2023-08-11T19:40:24.355+0000][gc,heap       ] GC(415) Survivor regions: 11->16(53)
[2023-08-11T19:40:24.355+0000][gc,heap       ] GC(415) Old regions: 164->164
[2023-08-11T19:40:24.355+0000][gc,heap       ] GC(415) Humongous regions: 149->149
[2023-08-11T19:40:24.355+0000][gc,metaspace  ] GC(415) Metaspace: 118402K(124132K)->118402K(124132K) NonClass: 104650K(107980K)->104650K(107980K) Class: 13751K(16152K)->13751K(16152K)
[2023-08-11T19:40:24.355+0000][gc            ] GC(415) Pause Young (Normal) (G1 Evacuation Pause) 729M->328M(1024M) 10.878ms
[2023-08-11T19:40:24.355+0000][gc,cpu        ] GC(415) User=0.07s Sys=0.01s Real=0.01s
[2023-08-11T19:42:08.077+0000][gc,start      ] GC(416) Pause Young (Normal) (G1 Evacuation Pause)
[2023-08-11T19:42:08.077+0000][gc,task       ] GC(416) Using 8 workers of 8 for evacuation
[2023-08-11T19:42:08.092+0000][gc,phases     ] GC(416)   Pre Evacuate Collection Set: 0.0ms
[2023-08-11T19:42:08.092+0000][gc,phases     ] GC(416)   Evacuate Collection Set: 14.1ms
[2023-08-11T19:42:08.092+0000][gc,phases     ] GC(416)   Post Evacuate Collection Set: 0.7ms
[2023-08-11T19:42:08.092+0000][gc,phases     ] GC(416)   Other: 0.3ms
[2023-08-11T19:42:08.092+0000][gc,heap       ] GC(416) Eden regions: 413->0(408)
[2023-08-11T19:42:08.092+0000][gc,heap       ] GC(416) Survivor regions: 16->27(54)
[2023-08-11T19:42:08.092+0000][gc,heap       ] GC(416) Old regions: 164->164
[2023-08-11T19:42:08.092+0000][gc,heap       ] GC(416) Humongous regions: 149->149
[2023-08-11T19:42:08.092+0000][gc,metaspace  ] GC(416) Metaspace: 118402K(124132K)->118402K(124132K) NonClass: 104650K(107980K)->104650K(107980K) Class: 13751K(16152K)->13751K(16152K)
[2023-08-11T19:42:08.092+0000][gc            ] GC(416) Pause Young (Normal) (G1 Evacuation Pause) 741M->339M(1024M) 15.180ms
[2023-08-11T19:42:08.092+0000][gc,cpu        ] GC(416) User=0.12s Sys=0.00s Real=0.02s
[2023-08-11T19:43:15.483+0000][gc,start      ] GC(417) Pause Young (Normal) (G1 Evacuation Pause)
[2023-08-11T19:43:15.483+0000][gc,task       ] GC(417) Using 8 workers of 8 for evacuation
[2023-08-11T19:43:15.502+0000][gc,phases     ] GC(417)   Pre Evacuate Collection Set: 0.0ms
[2023-08-11T19:43:15.502+0000][gc,phases     ] GC(417)   Evacuate Collection Set: 18.2ms
[2023-08-11T19:43:15.502+0000][gc,phases     ] GC(417)   Post Evacuate Collection Set: 0.6ms
[2023-08-11T19:43:15.502+0000][gc,phases     ] GC(417)   Other: 0.3ms
[2023-08-11T19:43:15.502+0000][gc,heap       ] GC(417) Eden regions: 312->0(348)
[2023-08-11T19:43:15.502+0000][gc,heap       ] GC(417) Survivor regions: 27->31(43)
[2023-08-11T19:43:15.502+0000][gc,heap       ] GC(417) Old regions: 164->169
[2023-08-11T19:43:15.502+0000][gc,heap       ] GC(417) Humongous regions: 149->149
[2023-08-11T19:43:15.502+0000][gc,metaspace  ] GC(417) Metaspace: 118405K(124132K)->118405K(124132K) NonClass: 104653K(107980K)->104653K(107980K) Class: 13751K(16152K)->13751K(16152K)
[2023-08-11T19:43:15.502+0000][gc            ] GC(417) Pause Young (Normal) (G1 Evacuation Pause) 651M->347M(1024M) 19.287ms
[2023-08-11T19:43:15.502+0000][gc,cpu        ] GC(417) User=0.14s Sys=0.00s Real=0.02s
[2023-08-11T19:43:54.361+0000][gc,start      ] GC(418) Pause Young (Normal) (G1 Evacuation Pause)
[2023-08-11T19:43:54.361+0000][gc,task       ] GC(418) Using 8 workers of 8 for evacuation
[2023-08-11T19:43:54.380+0000][gc,phases     ] GC(418)   Pre Evacuate Collection Set: 0.0ms
[2023-08-11T19:43:54.380+0000][gc,phases     ] GC(418)   Evacuate Collection Set: 17.9ms
[2023-08-11T19:43:54.380+0000][gc,phases     ] GC(418)   Post Evacuate Collection Set: 0.6ms
[2023-08-11T19:43:54.380+0000][gc,phases     ] GC(418)   Other: 0.3ms
[2023-08-11T19:43:54.380+0000][gc,heap       ] GC(418) Eden regions: 140->0(431)
[2023-08-11T19:43:54.380+0000][gc,heap       ] GC(418) Survivor regions: 31->15(22)
[2023-08-11T19:43:54.380+0000][gc,heap       ] GC(418) Old regions: 169->186
[2023-08-11T19:43:54.380+0000][gc,heap       ] GC(418) Humongous regions: 149->149
[2023-08-11T19:43:54.380+0000][gc,metaspace  ] GC(418) Metaspace: 118405K(124132K)->118405K(124132K) NonClass: 104653K(107980K)->104653K(107980K) Class: 13751K(16152K)->13751K(16152K)
[2023-08-11T19:43:54.380+0000][gc            ] GC(418) Pause Young (Normal) (G1 Evacuation Pause) 487M->348M(1024M) 18.865ms
[2023-08-11T19:43:54.380+0000][gc,cpu        ] GC(418) User=0.14s Sys=0.00s Real=0.02s
[2023-08-11T19:45:32.964+0000][gc,start      ] GC(419) Pause Young (Normal) (G1 Evacuation Pause)
[2023-08-11T19:45:32.964+0000][gc,task       ] GC(419) Using 8 workers of 8 for evacuation
[2023-08-11T19:45:32.977+0000][gc,phases     ] GC(419)   Pre Evacuate Collection Set: 0.0ms
[2023-08-11T19:45:32.977+0000][gc,phases     ] GC(419)   Evacuate Collection Set: 12.3ms
[2023-08-11T19:45:32.977+0000][gc,phases     ] GC(419)   Post Evacuate Collection Set: 0.7ms
[2023-08-11T19:45:32.977+0000][gc,phases     ] GC(419)   Other: 0.3ms
[2023-08-11T19:45:32.977+0000][gc,heap       ] GC(419) Eden regions: 431->0(417)
[2023-08-11T19:45:32.977+0000][gc,heap       ] GC(419) Survivor regions: 15->22(56)
[2023-08-11T19:45:32.977+0000][gc,heap       ] GC(419) Old regions: 186->186
[2023-08-11T19:45:32.977+0000][gc,heap       ] GC(419) Humongous regions: 149->149
[2023-08-11T19:45:32.977+0000][gc,metaspace  ] GC(419) Metaspace: 118405K(124132K)->118405K(124132K) NonClass: 104653K(107980K)->104653K(107980K) Class: 13751K(16152K)->13751K(16152K)
[2023-08-11T19:45:32.977+0000][gc            ] GC(419) Pause Young (Normal) (G1 Evacuation Pause) 779M->356M(1024M) 13.454ms
[2023-08-11T19:45:32.977+0000][gc,cpu        ] GC(419) User=0.10s Sys=0.00s Real=0.01s
[2023-08-11T19:47:24.471+0000][gc,start      ] GC(420) Pause Young (Normal) (G1 Evacuation Pause)
[2023-08-11T19:47:24.471+0000][gc,task       ] GC(420) Using 8 workers of 8 for evacuation
[2023-08-11T19:47:24.486+0000][gc,phases     ] GC(420)   Pre Evacuate Collection Set: 0.0ms
[2023-08-11T19:47:24.486+0000][gc,phases     ] GC(420)   Evacuate Collection Set: 13.7ms
[2023-08-11T19:47:24.486+0000][gc,phases     ] GC(420)   Post Evacuate Collection Set: 0.7ms
[2023-08-11T19:47:24.486+0000][gc,phases     ] GC(420)   Other: 0.4ms
[2023-08-11T19:47:24.486+0000][gc,heap       ] GC(420) Eden regions: 417->0(437)
[2023-08-11T19:47:24.486+0000][gc,heap       ] GC(420) Survivor regions: 22->23(55)
[2023-08-11T19:47:24.486+0000][gc,heap       ] GC(420) Old regions: 186->186
[2023-08-11T19:47:24.486+0000][gc,heap       ] GC(420) Humongous regions: 149->149
[2023-08-11T19:47:24.486+0000][gc,metaspace  ] GC(420) Metaspace: 118405K(124132K)->118405K(124132K) NonClass: 104653K(107980K)->104653K(107980K) Class: 13751K(16152K)->13751K(16152K)
[2023-08-11T19:47:24.486+0000][gc            ] GC(420) Pause Young (Normal) (G1 Evacuation Pause) 773M->357M(1024M) 14.795ms
[2023-08-11T19:47:24.486+0000][gc,cpu        ] GC(420) User=0.10s Sys=0.00s Real=0.01s
[2023-08-11T19:49:09.468+0000][gc,start      ] GC(421) Pause Young (Normal) (G1 Evacuation Pause)
[2023-08-11T19:49:09.468+0000][gc,task       ] GC(421) Using 8 workers of 8 for evacuation
[2023-08-11T19:49:09.485+0000][gc,phases     ] GC(421)   Pre Evacuate Collection Set: 0.0ms
[2023-08-11T19:49:09.485+0000][gc,phases     ] GC(421)   Evacuate Collection Set: 15.4ms
[2023-08-11T19:49:09.485+0000][gc,phases     ] GC(421)   Post Evacuate Collection Set: 0.7ms
[2023-08-11T19:49:09.485+0000][gc,phases     ] GC(421)   Other: 0.4ms
[2023-08-11T19:49:09.485+0000][gc,heap       ] GC(421) Eden regions: 437->0(436)
[2023-08-11T19:49:09.485+0000][gc,heap       ] GC(421) Survivor regions: 23->28(58)
[2023-08-11T19:49:09.485+0000][gc,heap       ] GC(421) Old regions: 186->186
[2023-08-11T19:49:09.485+0000][gc,heap       ] GC(421) Humongous regions: 149->149
[2023-08-11T19:49:09.485+0000][gc,metaspace  ] GC(421) Metaspace: 118405K(124132K)->118405K(124132K) NonClass: 104653K(107980K)->104653K(107980K) Class: 13751K(16152K)->13751K(16152K)
[2023-08-11T19:49:09.485+0000][gc            ] GC(421) Pause Young (Normal) (G1 Evacuation Pause) 794M->361M(1024M) 16.578ms
[2023-08-11T19:49:09.485+0000][gc,cpu        ] GC(421) User=0.12s Sys=0.00s Real=0.02s
[2023-08-11T19:51:09.458+0000][gc,start      ] GC(422) Pause Young (Normal) (G1 Evacuation Pause)
[2023-08-11T19:51:09.458+0000][gc,task       ] GC(422) Using 8 workers of 8 for evacuation
[2023-08-11T19:51:09.476+0000][gc,phases     ] GC(422)   Pre Evacuate Collection Set: 0.0ms
[2023-08-11T19:51:09.476+0000][gc,phases     ] GC(422)   Evacuate Collection Set: 17.1ms
[2023-08-11T19:51:09.476+0000][gc,phases     ] GC(422)   Post Evacuate Collection Set: 0.7ms
[2023-08-11T19:51:09.476+0000][gc,phases     ] GC(422)   Other: 0.3ms
[2023-08-11T19:51:09.476+0000][gc,heap       ] GC(422) Eden regions: 436->0(420)
[2023-08-11T19:51:09.476+0000][gc,heap       ] GC(422) Survivor regions: 28->32(58)
[2023-08-11T19:51:09.476+0000][gc,heap       ] GC(422) Old regions: 186->186
[2023-08-11T19:51:09.476+0000][gc,heap       ] GC(422) Humongous regions: 149->149
[2023-08-11T19:51:09.476+0000][gc,metaspace  ] GC(422) Metaspace: 118405K(124132K)->118405K(124132K) NonClass: 104653K(107980K)->104653K(107980K) Class: 13751K(16152K)->13751K(16152K)
[2023-08-11T19:51:09.476+0000][gc            ] GC(422) Pause Young (Normal) (G1 Evacuation Pause) 797M->366M(1024M) 18.230ms
[2023-08-11T19:51:09.476+0000][gc,cpu        ] GC(422) User=0.14s Sys=0.00s Real=0.02s
[2023-08-11T19:52:53.832+0000][gc,start      ] GC(423) Pause Young (Normal) (G1 Evacuation Pause)
[2023-08-11T19:52:53.832+0000][gc,task       ] GC(423) Using 8 workers of 8 for evacuation
[2023-08-11T19:52:53.851+0000][gc,phases     ] GC(423)   Pre Evacuate Collection Set: 0.0ms
[2023-08-11T19:52:53.851+0000][gc,phases     ] GC(423)   Evacuate Collection Set: 18.3ms
[2023-08-11T19:52:53.851+0000][gc,phases     ] GC(423)   Post Evacuate Collection Set: 0.7ms
[2023-08-11T19:52:53.851+0000][gc,phases     ] GC(423)   Other: 0.4ms
[2023-08-11T19:52:53.851+0000][gc,heap       ] GC(423) Eden regions: 420->0(418)
[2023-08-11T19:52:53.851+0000][gc,heap       ] GC(423) Survivor regions: 32->29(57)
[2023-08-11T19:52:53.851+0000][gc,heap       ] GC(423) Old regions: 186->193
[2023-08-11T19:52:53.851+0000][gc,heap       ] GC(423) Humongous regions: 149->149
[2023-08-11T19:52:53.851+0000][gc,metaspace  ] GC(423) Metaspace: 118405K(124132K)->118405K(124132K) NonClass: 104653K(107980K)->104653K(107980K) Class: 13751K(16152K)->13751K(16152K)
[2023-08-11T19:52:53.851+0000][gc            ] GC(423) Pause Young (Normal) (G1 Evacuation Pause) 786M->369M(1024M) 19.521ms
[2023-08-11T19:52:53.851+0000][gc,cpu        ] GC(423) User=0.14s Sys=0.00s Real=0.02s
[2023-08-11T19:54:32.900+0000][gc,start      ] GC(424) Pause Young (Normal) (G1 Evacuation Pause)
[2023-08-11T19:54:32.900+0000][gc,task       ] GC(424) Using 8 workers of 8 for evacuation
[2023-08-11T19:54:32.917+0000][gc,phases     ] GC(424)   Pre Evacuate Collection Set: 0.0ms
[2023-08-11T19:54:32.917+0000][gc,phases     ] GC(424)   Evacuate Collection Set: 16.5ms
[2023-08-11T19:54:32.917+0000][gc,phases     ] GC(424)   Post Evacuate Collection Set: 0.7ms
[2023-08-11T19:54:32.918+0000][gc,phases     ] GC(424)   Other: 0.3ms
[2023-08-11T19:54:32.918+0000][gc,heap       ] GC(424) Eden regions: 418->0(322)
[2023-08-11T19:54:32.918+0000][gc,heap       ] GC(424) Survivor regions: 29->39(56)
[2023-08-11T19:54:32.918+0000][gc,heap       ] GC(424) Old regions: 193->193
[2023-08-11T19:54:32.918+0000][gc,heap       ] GC(424) Humongous regions: 149->149
[2023-08-11T19:54:32.918+0000][gc,metaspace  ] GC(424) Metaspace: 118405K(124132K)->118405K(124132K) NonClass: 104653K(107980K)->104653K(107980K) Class: 13751K(16152K)->13751K(16152K)
[2023-08-11T19:54:32.918+0000][gc            ] GC(424) Pause Young (Normal) (G1 Evacuation Pause) 787M->380M(1024M) 17.672ms
[2023-08-11T19:54:32.918+0000][gc,cpu        ] GC(424) User=0.14s Sys=0.00s Real=0.01s
[2023-08-11T19:55:54.376+0000][gc,start      ] GC(425) Pause Young (Normal) (G1 Evacuation Pause)
[2023-08-11T19:55:54.376+0000][gc,task       ] GC(425) Using 8 workers of 8 for evacuation
[2023-08-11T19:55:54.395+0000][gc,phases     ] GC(425)   Pre Evacuate Collection Set: 0.0ms
[2023-08-11T19:55:54.395+0000][gc,phases     ] GC(425)   Evacuate Collection Set: 17.6ms
[2023-08-11T19:55:54.395+0000][gc,phases     ] GC(425)   Post Evacuate Collection Set: 0.7ms
[2023-08-11T19:55:54.395+0000][gc,phases     ] GC(425)   Other: 0.3ms
[2023-08-11T19:55:54.395+0000][gc,heap       ] GC(425) Eden regions: 322->0(458)
[2023-08-11T19:55:54.395+0000][gc,heap       ] GC(425) Survivor regions: 39->23(46)
[2023-08-11T19:55:54.395+0000][gc,heap       ] GC(425) Old regions: 193->208
[2023-08-11T19:55:54.395+0000][gc,heap       ] GC(425) Humongous regions: 149->149
[2023-08-11T19:55:54.395+0000][gc,metaspace  ] GC(425) Metaspace: 118405K(124132K)->118405K(124132K) NonClass: 104653K(107980K)->104653K(107980K) Class: 13751K(16152K)->13751K(16152K)
[2023-08-11T19:55:54.395+0000][gc            ] GC(425) Pause Young (Normal) (G1 Evacuation Pause) 702M->379M(1024M) 18.723ms
[2023-08-11T19:55:54.395+0000][gc,cpu        ] GC(425) User=0.14s Sys=0.00s Real=0.02s
[2023-08-11T19:57:39.475+0000][gc,start      ] GC(426) Pause Young (Normal) (G1 Evacuation Pause)
[2023-08-11T19:57:39.475+0000][gc,task       ] GC(426) Using 8 workers of 8 for evacuation
[2023-08-11T19:57:39.497+0000][gc,mmu        ] GC(426) MMU target violated: 21.0ms (20.0ms/21.0ms)
[2023-08-11T19:57:39.497+0000][gc,phases     ] GC(426)   Pre Evacuate Collection Set: 0.1ms
[2023-08-11T19:57:39.497+0000][gc,phases     ] GC(426)   Evacuate Collection Set: 17.3ms
[2023-08-11T19:57:39.497+0000][gc,phases     ] GC(426)   Post Evacuate Collection Set: 4.5ms
[2023-08-11T19:57:39.497+0000][gc,phases     ] GC(426)   Other: 0.7ms
[2023-08-11T19:57:39.497+0000][gc,heap       ] GC(426) Eden regions: 458->0(229)
[2023-08-11T19:57:39.497+0000][gc,heap       ] GC(426) Survivor regions: 23->28(61)
[2023-08-11T19:57:39.497+0000][gc,heap       ] GC(426) Old regions: 208->208
[2023-08-11T19:57:39.497+0000][gc,heap       ] GC(426) Humongous regions: 149->149
[2023-08-11T19:57:39.497+0000][gc,metaspace  ] GC(426) Metaspace: 118405K(124132K)->118405K(124132K) NonClass: 104653K(107980K)->104653K(107980K) Class: 13751K(16152K)->13751K(16152K)
[2023-08-11T19:57:39.497+0000][gc            ] GC(426) Pause Young (Normal) (G1 Evacuation Pause) 837M->384M(1024M) 22.620ms
[2023-08-11T19:57:39.497+0000][gc,cpu        ] GC(426) User=0.12s Sys=0.00s Real=0.02s
[2023-08-11T19:58:42.622+0000][gc,start      ] GC(427) Pause Young (Normal) (G1 Evacuation Pause)
[2023-08-11T19:58:42.622+0000][gc,task       ] GC(427) Using 8 workers of 8 for evacuation
[2023-08-11T19:58:42.638+0000][gc,phases     ] GC(427)   Pre Evacuate Collection Set: 0.0ms
[2023-08-11T19:58:42.638+0000][gc,phases     ] GC(427)   Evacuate Collection Set: 14.7ms
[2023-08-11T19:58:42.638+0000][gc,phases     ] GC(427)   Post Evacuate Collection Set: 0.6ms
[2023-08-11T19:58:42.638+0000][gc,phases     ] GC(427)   Other: 0.3ms
[2023-08-11T19:58:42.638+0000][gc,heap       ] GC(427) Eden regions: 229->0(468)
[2023-08-11T19:58:42.638+0000][gc,heap       ] GC(427) Survivor regions: 28->21(33)
[2023-08-11T19:58:42.638+0000][gc,heap       ] GC(427) Old regions: 208->218
[2023-08-11T19:58:42.638+0000][gc,heap       ] GC(427) Humongous regions: 149->149
[2023-08-11T19:58:42.638+0000][gc,metaspace  ] GC(427) Metaspace: 118405K(124132K)->118405K(124132K) NonClass: 104653K(107980K)->104653K(107980K) Class: 13751K(16152K)->13751K(16152K)
[2023-08-11T19:58:42.638+0000][gc            ] GC(427) Pause Young (Normal) (G1 Evacuation Pause) 613M->387M(1024M) 15.757ms
[2023-08-11T19:58:42.638+0000][gc,cpu        ] GC(427) User=0.12s Sys=0.00s Real=0.01s
[2023-08-11T20:00:34.751+0000][gc,start      ] GC(428) Pause Young (Normal) (G1 Evacuation Pause)
[2023-08-11T20:00:34.751+0000][gc,task       ] GC(428) Using 8 workers of 8 for evacuation
[2023-08-11T20:00:34.765+0000][gc,phases     ] GC(428)   Pre Evacuate Collection Set: 0.0ms
[2023-08-11T20:00:34.765+0000][gc,phases     ] GC(428)   Evacuate Collection Set: 13.3ms
[2023-08-11T20:00:34.765+0000][gc,phases     ] GC(428)   Post Evacuate Collection Set: 0.7ms
[2023-08-11T20:00:34.765+0000][gc,phases     ] GC(428)   Other: 0.4ms
[2023-08-11T20:00:34.765+0000][gc,heap       ] GC(428) Eden regions: 468->0(470)
[2023-08-11T20:00:34.765+0000][gc,heap       ] GC(428) Survivor regions: 21->24(62)
[2023-08-11T20:00:34.765+0000][gc,heap       ] GC(428) Old regions: 218->218
[2023-08-11T20:00:34.766+0000][gc,heap       ] GC(428) Humongous regions: 149->149
[2023-08-11T20:00:34.766+0000][gc,metaspace  ] GC(428) Metaspace: 118406K(124132K)->118406K(124132K) NonClass: 104654K(107980K)->104654K(107980K) Class: 13751K(16152K)->13751K(16152K)
[2023-08-11T20:00:34.766+0000][gc            ] GC(428) Pause Young (Normal) (G1 Evacuation Pause) 855M->390M(1024M) 14.488ms
[2023-08-11T20:00:34.766+0000][gc,cpu        ] GC(428) User=0.11s Sys=0.00s Real=0.01s
[2023-08-11T20:02:39.472+0000][gc,start      ] GC(429) Pause Young (Concurrent Start) (G1 Evacuation Pause)
[2023-08-11T20:02:39.472+0000][gc,task       ] GC(429) Using 8 workers of 8 for evacuation
[2023-08-11T20:02:39.489+0000][gc,phases     ] GC(429)   Pre Evacuate Collection Set: 0.5ms
[2023-08-11T20:02:39.489+0000][gc,phases     ] GC(429)   Evacuate Collection Set: 15.8ms
[2023-08-11T20:02:39.489+0000][gc,phases     ] GC(429)   Post Evacuate Collection Set: 0.7ms
[2023-08-11T20:02:39.489+0000][gc,phases     ] GC(429)   Other: 0.4ms
[2023-08-11T20:02:39.489+0000][gc,heap       ] GC(429) Eden regions: 470->0(352)
[2023-08-11T20:02:39.489+0000][gc,heap       ] GC(429) Survivor regions: 24->31(62)
[2023-08-11T20:02:39.489+0000][gc,heap       ] GC(429) Old regions: 218->218
[2023-08-11T20:02:39.489+0000][gc,heap       ] GC(429) Humongous regions: 149->149
[2023-08-11T20:02:39.489+0000][gc,metaspace  ] GC(429) Metaspace: 118406K(124132K)->118406K(124132K) NonClass: 104654K(107980K)->104654K(107980K) Class: 13751K(16152K)->13751K(16152K)
[2023-08-11T20:02:39.489+0000][gc            ] GC(429) Pause Young (Concurrent Start) (G1 Evacuation Pause) 860M->397M(1024M) 17.381ms
[2023-08-11T20:02:39.489+0000][gc,cpu        ] GC(429) User=0.13s Sys=0.00s Real=0.01s
[2023-08-11T20:02:39.489+0000][gc            ] GC(430) Concurrent Cycle
[2023-08-11T20:02:39.489+0000][gc,marking    ] GC(430) Concurrent Clear Claimed Marks
[2023-08-11T20:02:39.490+0000][gc,marking    ] GC(430) Concurrent Clear Claimed Marks 0.282ms
[2023-08-11T20:02:39.490+0000][gc,marking    ] GC(430) Concurrent Scan Root Regions
[2023-08-11T20:02:39.505+0000][gc,marking    ] GC(430) Concurrent Scan Root Regions 15.728ms
[2023-08-11T20:02:39.505+0000][gc,marking    ] GC(430) Concurrent Mark (33650.807s)
[2023-08-11T20:02:39.505+0000][gc,marking    ] GC(430) Concurrent Mark From Roots
[2023-08-11T20:02:39.505+0000][gc,task       ] GC(430) Using 2 workers of 2 for marking
[2023-08-11T20:02:39.571+0000][gc,marking    ] GC(430) Concurrent Mark From Roots 65.708ms
[2023-08-11T20:02:39.571+0000][gc,marking    ] GC(430) Concurrent Preclean
[2023-08-11T20:02:39.572+0000][gc,marking    ] GC(430) Concurrent Preclean 0.532ms
[2023-08-11T20:02:39.572+0000][gc,marking    ] GC(430) Concurrent Mark (33650.807s, 33650.873s) 66.320ms
[2023-08-11T20:02:39.572+0000][gc,start      ] GC(430) Pause Remark
[2023-08-11T20:02:39.581+0000][gc,stringtable] GC(430) Cleaned string and symbol table, strings: 43868 processed, 0 removed, symbols: 278402 processed, 0 removed
[2023-08-11T20:02:39.581+0000][gc            ] GC(430) Pause Remark 406M->386M(1024M) 9.398ms
[2023-08-11T20:02:39.581+0000][gc,cpu        ] GC(430) User=0.07s Sys=0.00s Real=0.01s
[2023-08-11T20:02:39.581+0000][gc,marking    ] GC(430) Concurrent Rebuild Remembered Sets
[2023-08-11T20:02:39.622+0000][gc,marking    ] GC(430) Concurrent Rebuild Remembered Sets 40.823ms
[2023-08-11T20:02:39.622+0000][gc,start      ] GC(430) Pause Cleanup
[2023-08-11T20:02:39.623+0000][gc            ] GC(430) Pause Cleanup 386M->386M(1024M) 0.259ms
[2023-08-11T20:02:39.623+0000][gc,cpu        ] GC(430) User=0.00s Sys=0.00s Real=0.00s
[2023-08-11T20:02:39.623+0000][gc,marking    ] GC(430) Concurrent Cleanup for Next Mark
[2023-08-11T20:02:39.624+0000][gc,marking    ] GC(430) Concurrent Cleanup for Next Mark 1.381ms
[2023-08-11T20:02:39.624+0000][gc            ] GC(430) Concurrent Cycle 134.971ms
[2023-08-11T20:03:00.480+0000][gc,start      ] GC(431) Pause Young (Prepare Mixed) (G1 Evacuation Pause)
[2023-08-11T20:03:00.480+0000][gc,task       ] GC(431) Using 8 workers of 8 for evacuation
[2023-08-11T20:03:00.497+0000][gc,phases     ] GC(431)   Pre Evacuate Collection Set: 0.0ms
[2023-08-11T20:03:00.497+0000][gc,phases     ] GC(431)   Evacuate Collection Set: 16.0ms
[2023-08-11T20:03:00.497+0000][gc,phases     ] GC(431)   Post Evacuate Collection Set: 0.6ms
[2023-08-11T20:03:00.497+0000][gc,phases     ] GC(431)   Other: 0.4ms
[2023-08-11T20:03:00.497+0000][gc,heap       ] GC(431) Eden regions: 78->0(47)
[2023-08-11T20:03:00.497+0000][gc,heap       ] GC(431) Survivor regions: 31->4(14)
[2023-08-11T20:03:00.497+0000][gc,heap       ] GC(431) Old regions: 198->224
[2023-08-11T20:03:00.497+0000][gc,heap       ] GC(431) Humongous regions: 149->149
[2023-08-11T20:03:00.497+0000][gc,metaspace  ] GC(431) Metaspace: 118406K(124132K)->118406K(124132K) NonClass: 104654K(107980K)->104654K(107980K) Class: 13751K(16152K)->13751K(16152K)
[2023-08-11T20:03:00.497+0000][gc            ] GC(431) Pause Young (Prepare Mixed) (G1 Evacuation Pause) 455M->376M(1024M) 17.068ms
[2023-08-11T20:03:00.497+0000][gc,cpu        ] GC(431) User=0.13s Sys=0.00s Real=0.01s
[2023-08-11T20:03:14.561+0000][gc,start      ] GC(432) Pause Young (Mixed) (G1 Evacuation Pause)
[2023-08-11T20:03:14.561+0000][gc,task       ] GC(432) Using 8 workers of 8 for evacuation
[2023-08-11T20:03:14.568+0000][gc,phases     ] GC(432)   Pre Evacuate Collection Set: 0.1ms
[2023-08-11T20:03:14.568+0000][gc,phases     ] GC(432)   Evacuate Collection Set: 5.6ms
[2023-08-11T20:03:14.568+0000][gc,phases     ] GC(432)   Post Evacuate Collection Set: 0.5ms
[2023-08-11T20:03:14.568+0000][gc,phases     ] GC(432)   Other: 0.4ms
[2023-08-11T20:03:14.568+0000][gc,heap       ] GC(432) Eden regions: 47->0(554)
[2023-08-11T20:03:14.568+0000][gc,heap       ] GC(432) Survivor regions: 4->4(7)
[2023-08-11T20:03:14.568+0000][gc,heap       ] GC(432) Old regions: 224->172
[2023-08-11T20:03:14.568+0000][gc,heap       ] GC(432) Humongous regions: 149->149
[2023-08-11T20:03:14.568+0000][gc,metaspace  ] GC(432) Metaspace: 118406K(124132K)->118406K(124132K) NonClass: 104654K(107980K)->104654K(107980K) Class: 13751K(16152K)->13751K(16152K)
[2023-08-11T20:03:14.568+0000][gc            ] GC(432) Pause Young (Mixed) (G1 Evacuation Pause) 423M->324M(1024M) 6.718ms
[2023-08-11T20:03:14.568+0000][gc,cpu        ] GC(432) User=0.04s Sys=0.00s Real=0.00s
[2023-08-11T20:05:27.064+0000][gc,start      ] GC(433) Pause Young (Normal) (G1 Evacuation Pause)
[2023-08-11T20:05:27.064+0000][gc,task       ] GC(433) Using 8 workers of 8 for evacuation
[2023-08-11T20:05:27.074+0000][gc,phases     ] GC(433)   Pre Evacuate Collection Set: 0.0ms
[2023-08-11T20:05:27.074+0000][gc,phases     ] GC(433)   Evacuate Collection Set: 8.6ms
[2023-08-11T20:05:27.074+0000][gc,phases     ] GC(433)   Post Evacuate Collection Set: 0.8ms
[2023-08-11T20:05:27.074+0000][gc,phases     ] GC(433)   Other: 0.4ms
[2023-08-11T20:05:27.074+0000][gc,heap       ] GC(433) Eden regions: 554->0(552)
[2023-08-11T20:05:27.074+0000][gc,heap       ] GC(433) Survivor regions: 4->10(70)
[2023-08-11T20:05:27.074+0000][gc,heap       ] GC(433) Old regions: 172->172
[2023-08-11T20:05:27.074+0000][gc,heap       ] GC(433) Humongous regions: 149->149
[2023-08-11T20:05:27.074+0000][gc,metaspace  ] GC(433) Metaspace: 118406K(124132K)->118406K(124132K) NonClass: 104654K(107980K)->104654K(107980K) Class: 13751K(16152K)->13751K(16152K)
[2023-08-11T20:05:27.074+0000][gc            ] GC(433) Pause Young (Normal) (G1 Evacuation Pause) 878M->330M(1024M) 9.881ms
[2023-08-11T20:05:27.074+0000][gc,cpu        ] GC(433) User=0.07s Sys=0.00s Real=0.01s
[2023-08-11T20:07:46.374+0000][gc,start      ] GC(434) Pause Young (Normal) (G1 Evacuation Pause)
[2023-08-11T20:07:46.374+0000][gc,task       ] GC(434) Using 8 workers of 8 for evacuation
[2023-08-11T20:07:46.385+0000][gc,phases     ] GC(434)   Pre Evacuate Collection Set: 0.0ms
[2023-08-11T20:07:46.385+0000][gc,phases     ] GC(434)   Evacuate Collection Set: 10.5ms
[2023-08-11T20:07:46.385+0000][gc,phases     ] GC(434)   Post Evacuate Collection Set: 0.7ms
[2023-08-11T20:07:46.385+0000][gc,phases     ] GC(434)   Other: 0.4ms
[2023-08-11T20:07:46.385+0000][gc,heap       ] GC(434) Eden regions: 552->0(549)
[2023-08-11T20:07:46.385+0000][gc,heap       ] GC(434) Survivor regions: 10->16(71)
[2023-08-11T20:07:46.385+0000][gc,heap       ] GC(434) Old regions: 172->172
[2023-08-11T20:07:46.385+0000][gc,heap       ] GC(434) Humongous regions: 149->149
[2023-08-11T20:07:46.385+0000][gc,metaspace  ] GC(434) Metaspace: 118412K(124132K)->118412K(124132K) NonClass: 104660K(107980K)->104660K(107980K) Class: 13751K(16152K)->13751K(16152K)
[2023-08-11T20:07:46.385+0000][gc            ] GC(434) Pause Young (Normal) (G1 Evacuation Pause) 882M->336M(1024M) 11.607ms
[2023-08-11T20:07:46.385+0000][gc,cpu        ] GC(434) User=0.08s Sys=0.00s Real=0.01s
[2023-08-11T20:09:56.174+0000][gc,start      ] GC(435) Pause Young (Concurrent Start) (G1 Evacuation Pause)
[2023-08-11T20:09:56.174+0000][gc,task       ] GC(435) Using 8 workers of 8 for evacuation
[2023-08-11T20:09:56.189+0000][gc,phases     ] GC(435)   Pre Evacuate Collection Set: 0.5ms
[2023-08-11T20:09:56.189+0000][gc,phases     ] GC(435)   Evacuate Collection Set: 13.5ms
[2023-08-11T20:09:56.189+0000][gc,phases     ] GC(435)   Post Evacuate Collection Set: 0.7ms
[2023-08-11T20:09:56.189+0000][gc,phases     ] GC(435)   Other: 0.4ms
[2023-08-11T20:09:56.189+0000][gc,heap       ] GC(435) Eden regions: 549->0(546)
[2023-08-11T20:09:56.189+0000][gc,heap       ] GC(435) Survivor regions: 16->22(71)
[2023-08-11T20:09:56.189+0000][gc,heap       ] GC(435) Old regions: 172->172
[2023-08-11T20:09:56.189+0000][gc,heap       ] GC(435) Humongous regions: 149->149
[2023-08-11T20:09:56.189+0000][gc,metaspace  ] GC(435) Metaspace: 118415K(124132K)->118415K(124132K) NonClass: 104663K(107980K)->104663K(107980K) Class: 13751K(16152K)->13751K(16152K)
[2023-08-11T20:09:56.189+0000][gc            ] GC(435) Pause Young (Concurrent Start) (G1 Evacuation Pause) 885M->341M(1024M) 15.187ms
[2023-08-11T20:09:56.189+0000][gc,cpu        ] GC(435) User=0.11s Sys=0.00s Real=0.01s
[2023-08-11T20:09:56.189+0000][gc            ] GC(436) Concurrent Cycle
[2023-08-11T20:09:56.189+0000][gc,marking    ] GC(436) Concurrent Clear Claimed Marks
[2023-08-11T20:09:56.189+0000][gc,marking    ] GC(436) Concurrent Clear Claimed Marks 0.398ms
[2023-08-11T20:09:56.190+0000][gc,marking    ] GC(436) Concurrent Scan Root Regions
[2023-08-11T20:09:56.197+0000][gc,marking    ] GC(436) Concurrent Scan Root Regions 7.663ms
[2023-08-11T20:09:56.197+0000][gc,marking    ] GC(436) Concurrent Mark (34087.499s)
[2023-08-11T20:09:56.197+0000][gc,marking    ] GC(436) Concurrent Mark From Roots
[2023-08-11T20:09:56.197+0000][gc,task       ] GC(436) Using 2 workers of 2 for marking
[2023-08-11T20:09:56.262+0000][gc,marking    ] GC(436) Concurrent Mark From Roots 64.346ms
[2023-08-11T20:09:56.262+0000][gc,marking    ] GC(436) Concurrent Preclean
[2023-08-11T20:09:56.262+0000][gc,marking    ] GC(436) Concurrent Preclean 0.464ms
[2023-08-11T20:09:56.262+0000][gc,marking    ] GC(436) Concurrent Mark (34087.499s, 34087.563s) 64.881ms
[2023-08-11T20:09:56.262+0000][gc,start      ] GC(436) Pause Remark
[2023-08-11T20:09:56.272+0000][gc,stringtable] GC(436) Cleaned string and symbol table, strings: 43868 processed, 0 removed, symbols: 278402 processed, 0 removed
[2023-08-11T20:09:56.272+0000][gc            ] GC(436) Pause Remark 341M->341M(1024M) 9.540ms
[2023-08-11T20:09:56.272+0000][gc,cpu        ] GC(436) User=0.07s Sys=0.00s Real=0.01s
[2023-08-11T20:09:56.272+0000][gc,marking    ] GC(436) Concurrent Rebuild Remembered Sets
[2023-08-11T20:09:56.313+0000][gc,marking    ] GC(436) Concurrent Rebuild Remembered Sets 41.336ms
[2023-08-11T20:09:56.314+0000][gc,start      ] GC(436) Pause Cleanup
[2023-08-11T20:09:56.314+0000][gc            ] GC(436) Pause Cleanup 342M->342M(1024M) 0.249ms
[2023-08-11T20:09:56.314+0000][gc,cpu        ] GC(436) User=0.00s Sys=0.00s Real=0.00s
[2023-08-11T20:09:56.314+0000][gc,marking    ] GC(436) Concurrent Cleanup for Next Mark
[2023-08-11T20:09:56.315+0000][gc,marking    ] GC(436) Concurrent Cleanup for Next Mark 1.482ms
[2023-08-11T20:09:56.315+0000][gc            ] GC(436) Concurrent Cycle 126.367ms
[2023-08-11T20:11:55.235+0000][gc,start      ] GC(437) Pause Young (Prepare Mixed) (G1 Evacuation Pause)
[2023-08-11T20:11:55.236+0000][gc,task       ] GC(437) Using 8 workers of 8 for evacuation
[2023-08-11T20:11:55.252+0000][gc,phases     ] GC(437)   Pre Evacuate Collection Set: 0.0ms
[2023-08-11T20:11:55.252+0000][gc,phases     ] GC(437)   Evacuate Collection Set: 15.7ms
[2023-08-11T20:11:55.252+0000][gc,phases     ] GC(437)   Post Evacuate Collection Set: 0.7ms
[2023-08-11T20:11:55.252+0000][gc,phases     ] GC(437)   Other: 0.4ms
[2023-08-11T20:11:55.252+0000][gc,heap       ] GC(437) Eden regions: 448->0(24)
[2023-08-11T20:11:55.252+0000][gc,heap       ] GC(437) Survivor regions: 22->27(59)
[2023-08-11T20:11:55.252+0000][gc,heap       ] GC(437) Old regions: 172->172
[2023-08-11T20:11:55.252+0000][gc,heap       ] GC(437) Humongous regions: 149->149
[2023-08-11T20:11:55.252+0000][gc,metaspace  ] GC(437) Metaspace: 118415K(124132K)->118415K(124132K) NonClass: 104663K(107980K)->104663K(107980K) Class: 13751K(16152K)->13751K(16152K)
[2023-08-11T20:11:55.252+0000][gc            ] GC(437) Pause Young (Prepare Mixed) (G1 Evacuation Pause) 789M->347M(1024M) 16.902ms
[2023-08-11T20:11:55.252+0000][gc,cpu        ] GC(437) User=0.13s Sys=0.00s Real=0.02s
[2023-08-11T20:12:06.546+0000][gc,start      ] GC(438) Pause Young (Mixed) (G1 Evacuation Pause)
[2023-08-11T20:12:06.546+0000][gc,task       ] GC(438) Using 8 workers of 8 for evacuation
[2023-08-11T20:12:06.563+0000][gc,phases     ] GC(438)   Pre Evacuate Collection Set: 0.1ms
[2023-08-11T20:12:06.563+0000][gc,phases     ] GC(438)   Evacuate Collection Set: 16.0ms
[2023-08-11T20:12:06.563+0000][gc,phases     ] GC(438)   Post Evacuate Collection Set: 0.6ms
[2023-08-11T20:12:06.563+0000][gc,phases     ] GC(438)   Other: 0.4ms
[2023-08-11T20:12:06.563+0000][gc,heap       ] GC(438) Eden regions: 24->0(562)
[2023-08-11T20:12:06.563+0000][gc,heap       ] GC(438) Survivor regions: 27->4(7)
[2023-08-11T20:12:06.563+0000][gc,heap       ] GC(438) Old regions: 172->169
[2023-08-11T20:12:06.563+0000][gc,heap       ] GC(438) Humongous regions: 149->149
[2023-08-11T20:12:06.563+0000][gc,metaspace  ] GC(438) Metaspace: 118415K(124132K)->118415K(124132K) NonClass: 104663K(107980K)->104663K(107980K) Class: 13751K(16152K)->13751K(16152K)
[2023-08-11T20:12:06.563+0000][gc            ] GC(438) Pause Young (Mixed) (G1 Evacuation Pause) 371M->321M(1024M) 17.197ms
[2023-08-11T20:12:06.563+0000][gc,cpu        ] GC(438) User=0.13s Sys=0.01s Real=0.02s
[2023-08-11T20:14:24.382+0000][gc,start      ] GC(439) Pause Young (Normal) (G1 Evacuation Pause)
[2023-08-11T20:14:24.382+0000][gc,task       ] GC(439) Using 8 workers of 8 for evacuation
[2023-08-11T20:14:24.390+0000][gc,phases     ] GC(439)   Pre Evacuate Collection Set: 0.0ms
[2023-08-11T20:14:24.390+0000][gc,phases     ] GC(439)   Evacuate Collection Set: 7.9ms
[2023-08-11T20:14:24.390+0000][gc,phases     ] GC(439)   Post Evacuate Collection Set: 0.6ms
[2023-08-11T20:14:24.390+0000][gc,phases     ] GC(439)   Other: 0.3ms
[2023-08-11T20:14:24.390+0000][gc,heap       ] GC(439) Eden regions: 562->0(559)
[2023-08-11T20:14:24.390+0000][gc,heap       ] GC(439) Survivor regions: 4->10(71)
[2023-08-11T20:14:24.390+0000][gc,heap       ] GC(439) Old regions: 169->169
[2023-08-11T20:14:24.390+0000][gc,heap       ] GC(439) Humongous regions: 149->149
[2023-08-11T20:14:24.390+0000][gc,metaspace  ] GC(439) Metaspace: 118417K(124132K)->118417K(124132K) NonClass: 104665K(107980K)->104665K(107980K) Class: 13751K(16152K)->13751K(16152K)
[2023-08-11T20:14:24.391+0000][gc            ] GC(439) Pause Young (Normal) (G1 Evacuation Pause) 883M->326M(1024M) 8.905ms
[2023-08-11T20:14:24.391+0000][gc,cpu        ] GC(439) User=0.06s Sys=0.00s Real=0.00s
[2023-08-11T20:16:39.473+0000][gc,start      ] GC(440) Pause Young (Normal) (G1 Evacuation Pause)
[2023-08-11T20:16:39.473+0000][gc,task       ] GC(440) Using 8 workers of 8 for evacuation
[2023-08-11T20:16:39.488+0000][gc,phases     ] GC(440)   Pre Evacuate Collection Set: 0.1ms
[2023-08-11T20:16:39.488+0000][gc,phases     ] GC(440)   Evacuate Collection Set: 13.2ms
[2023-08-11T20:16:39.488+0000][gc,phases     ] GC(440)   Post Evacuate Collection Set: 0.8ms
[2023-08-11T20:16:39.488+0000][gc,phases     ] GC(440)   Other: 0.4ms
[2023-08-11T20:16:39.488+0000][gc,heap       ] GC(440) Eden regions: 559->0(555)
[2023-08-11T20:16:39.488+0000][gc,heap       ] GC(440) Survivor regions: 10->16(72)
[2023-08-11T20:16:39.488+0000][gc,heap       ] GC(440) Old regions: 169->169
[2023-08-11T20:16:39.488+0000][gc,heap       ] GC(440) Humongous regions: 149->149
[2023-08-11T20:16:39.488+0000][gc,metaspace  ] GC(440) Metaspace: 118418K(124132K)->118418K(124132K) NonClass: 104666K(107980K)->104666K(107980K) Class: 13751K(16152K)->13751K(16152K)
[2023-08-11T20:16:39.488+0000][gc            ] GC(440) Pause Young (Normal) (G1 Evacuation Pause) 885M->332M(1024M) 14.544ms
[2023-08-11T20:16:39.488+0000][gc,cpu        ] GC(440) User=0.10s Sys=0.00s Real=0.01s
[2023-08-11T20:18:54.476+0000][gc,start      ] GC(441) Pause Young (Concurrent Start) (G1 Evacuation Pause)
[2023-08-11T20:18:54.476+0000][gc,task       ] GC(441) Using 8 workers of 8 for evacuation
[2023-08-11T20:18:54.493+0000][gc,phases     ] GC(441)   Pre Evacuate Collection Set: 0.5ms
[2023-08-11T20:18:54.493+0000][gc,phases     ] GC(441)   Evacuate Collection Set: 15.2ms
[2023-08-11T20:18:54.493+0000][gc,phases     ] GC(441)   Post Evacuate Collection Set: 0.7ms
[2023-08-11T20:18:54.493+0000][gc,phases     ] GC(441)   Other: 0.5ms
[2023-08-11T20:18:54.493+0000][gc,heap       ] GC(441) Eden regions: 555->0(549)
[2023-08-11T20:18:54.493+0000][gc,heap       ] GC(441) Survivor regions: 16->23(72)
[2023-08-11T20:18:54.493+0000][gc,heap       ] GC(441) Old regions: 169->169
[2023-08-11T20:18:54.493+0000][gc,heap       ] GC(441) Humongous regions: 149->149
[2023-08-11T20:18:54.493+0000][gc,metaspace  ] GC(441) Metaspace: 118418K(124132K)->118418K(124132K) NonClass: 104666K(107980K)->104666K(107980K) Class: 13751K(16152K)->13751K(16152K)
[2023-08-11T20:18:54.493+0000][gc            ] GC(441) Pause Young (Concurrent Start) (G1 Evacuation Pause) 887M->339M(1024M) 16.884ms
[2023-08-11T20:18:54.493+0000][gc,cpu        ] GC(441) User=0.11s Sys=0.00s Real=0.02s
[2023-08-11T20:18:54.493+0000][gc            ] GC(442) Concurrent Cycle
[2023-08-11T20:18:54.493+0000][gc,marking    ] GC(442) Concurrent Clear Claimed Marks
[2023-08-11T20:18:54.493+0000][gc,marking    ] GC(442) Concurrent Clear Claimed Marks 0.419ms
[2023-08-11T20:18:54.493+0000][gc,marking    ] GC(442) Concurrent Scan Root Regions
[2023-08-11T20:18:54.506+0000][gc,marking    ] GC(442) Concurrent Scan Root Regions 12.848ms
[2023-08-11T20:18:54.506+0000][gc,marking    ] GC(442) Concurrent Mark (34625.808s)
[2023-08-11T20:18:54.506+0000][gc,marking    ] GC(442) Concurrent Mark From Roots
[2023-08-11T20:18:54.506+0000][gc,task       ] GC(442) Using 2 workers of 2 for marking
[2023-08-11T20:18:54.572+0000][gc,marking    ] GC(442) Concurrent Mark From Roots 65.347ms
[2023-08-11T20:18:54.572+0000][gc,marking    ] GC(442) Concurrent Preclean
[2023-08-11T20:18:54.572+0000][gc,marking    ] GC(442) Concurrent Preclean 0.481ms
[2023-08-11T20:18:54.572+0000][gc,marking    ] GC(442) Concurrent Mark (34625.808s, 34625.873s) 65.907ms
[2023-08-11T20:18:54.572+0000][gc,start      ] GC(442) Pause Remark
[2023-08-11T20:18:54.581+0000][gc,stringtable] GC(442) Cleaned string and symbol table, strings: 43868 processed, 0 removed, symbols: 278402 processed, 0 removed
[2023-08-11T20:18:54.582+0000][gc            ] GC(442) Pause Remark 344M->344M(1024M) 9.442ms
[2023-08-11T20:18:54.582+0000][gc,cpu        ] GC(442) User=0.07s Sys=0.00s Real=0.01s
[2023-08-11T20:18:54.582+0000][gc,marking    ] GC(442) Concurrent Rebuild Remembered Sets
[2023-08-11T20:18:54.623+0000][gc,marking    ] GC(442) Concurrent Rebuild Remembered Sets 41.405ms
[2023-08-11T20:18:54.624+0000][gc,start      ] GC(442) Pause Cleanup
[2023-08-11T20:18:54.624+0000][gc            ] GC(442) Pause Cleanup 344M->344M(1024M) 0.265ms
[2023-08-11T20:18:54.624+0000][gc,cpu        ] GC(442) User=0.00s Sys=0.00s Real=0.00s
[2023-08-11T20:18:54.624+0000][gc,marking    ] GC(442) Concurrent Cleanup for Next Mark
[2023-08-11T20:18:54.625+0000][gc,marking    ] GC(442) Concurrent Cleanup for Next Mark 1.357ms
[2023-08-11T20:18:54.625+0000][gc            ] GC(442) Concurrent Cycle 132.500ms
[2023-08-11T20:20:54.390+0000][gc,start      ] GC(443) Pause Young (Prepare Mixed) (G1 Evacuation Pause)
[2023-08-11T20:20:54.390+0000][gc,task       ] GC(443) Using 8 workers of 8 for evacuation
[2023-08-11T20:20:54.413+0000][gc,mmu        ] GC(443) MMU target violated: 21.0ms (20.0ms/21.0ms)
[2023-08-11T20:20:54.413+0000][gc,phases     ] GC(443)   Pre Evacuate Collection Set: 0.0ms
[2023-08-11T20:20:54.413+0000][gc,phases     ] GC(443)   Evacuate Collection Set: 22.0ms
[2023-08-11T20:20:54.413+0000][gc,phases     ] GC(443)   Post Evacuate Collection Set: 0.6ms
[2023-08-11T20:20:54.413+0000][gc,phases     ] GC(443)   Other: 0.4ms
[2023-08-11T20:20:54.413+0000][gc,heap       ] GC(443) Eden regions: 434->0(23)
[2023-08-11T20:20:54.413+0000][gc,heap       ] GC(443) Survivor regions: 23->28(58)
[2023-08-11T20:20:54.413+0000][gc,heap       ] GC(443) Old regions: 169->169
[2023-08-11T20:20:54.413+0000][gc,heap       ] GC(443) Humongous regions: 149->149
[2023-08-11T20:20:54.413+0000][gc,metaspace  ] GC(443) Metaspace: 118418K(124132K)->118418K(124132K) NonClass: 104666K(107980K)->104666K(107980K) Class: 13751K(16152K)->13751K(16152K)
[2023-08-11T20:20:54.413+0000][gc            ] GC(443) Pause Young (Prepare Mixed) (G1 Evacuation Pause) 773M->344M(1024M) 23.180ms
[2023-08-11T20:20:54.413+0000][gc,cpu        ] GC(443) User=0.16s Sys=0.00s Real=0.03s
[2023-08-11T20:20:55.199+0000][gc,start      ] GC(444) Pause Young (Mixed) (G1 Evacuation Pause)
[2023-08-11T20:20:55.199+0000][gc,task       ] GC(444) Using 8 workers of 8 for evacuation
[2023-08-11T20:20:55.216+0000][gc,phases     ] GC(444)   Pre Evacuate Collection Set: 0.1ms
[2023-08-11T20:20:55.216+0000][gc,phases     ] GC(444)   Evacuate Collection Set: 15.7ms
[2023-08-11T20:20:55.216+0000][gc,phases     ] GC(444)   Post Evacuate Collection Set: 0.6ms
[2023-08-11T20:20:55.216+0000][gc,phases     ] GC(444)   Other: 0.4ms
[2023-08-11T20:20:55.216+0000][gc,heap       ] GC(444) Eden regions: 23->0(568)
[2023-08-11T20:20:55.216+0000][gc,heap       ] GC(444) Survivor regions: 28->4(7)
[2023-08-11T20:20:55.216+0000][gc,heap       ] GC(444) Old regions: 169->168
[2023-08-11T20:20:55.216+0000][gc,heap       ] GC(444) Humongous regions: 149->149
[2023-08-11T20:20:55.216+0000][gc,metaspace  ] GC(444) Metaspace: 118418K(124132K)->118418K(124132K) NonClass: 104666K(107980K)->104666K(107980K) Class: 13751K(16152K)->13751K(16152K)
[2023-08-11T20:20:55.216+0000][gc            ] GC(444) Pause Young (Mixed) (G1 Evacuation Pause) 367M->320M(1024M) 16.857ms
[2023-08-11T20:20:55.216+0000][gc,cpu        ] GC(444) User=0.12s Sys=0.00s Real=0.01s
[2023-08-11T20:23:24.333+0000][gc,start      ] GC(445) Pause Young (Normal) (G1 Evacuation Pause)
[2023-08-11T20:23:24.333+0000][gc,task       ] GC(445) Using 8 workers of 8 for evacuation
[2023-08-11T20:23:24.342+0000][gc,phases     ] GC(445)   Pre Evacuate Collection Set: 0.0ms
[2023-08-11T20:23:24.343+0000][gc,phases     ] GC(445)   Evacuate Collection Set: 8.1ms
[2023-08-11T20:23:24.343+0000][gc,phases     ] GC(445)   Post Evacuate Collection Set: 0.7ms
[2023-08-11T20:23:24.343+0000][gc,phases     ] GC(445)   Other: 0.3ms
[2023-08-11T20:23:24.343+0000][gc,heap       ] GC(445) Eden regions: 568->0(563)
[2023-08-11T20:23:24.343+0000][gc,heap       ] GC(445) Survivor regions: 4->10(72)
[2023-08-11T20:23:24.343+0000][gc,heap       ] GC(445) Old regions: 168->168
[2023-08-11T20:23:24.343+0000][gc,heap       ] GC(445) Humongous regions: 149->149
[2023-08-11T20:23:24.343+0000][gc,metaspace  ] GC(445) Metaspace: 118418K(124132K)->118418K(124132K) NonClass: 104666K(107980K)->104666K(107980K) Class: 13751K(16152K)->13751K(16152K)
[2023-08-11T20:23:24.343+0000][gc            ] GC(445) Pause Young (Normal) (G1 Evacuation Pause) 888M->326M(1024M) 9.236ms
[2023-08-11T20:23:24.343+0000][gc,cpu        ] GC(445) User=0.06s Sys=0.00s Real=0.01s
[2023-08-11T20:25:32.740+0000][gc,start      ] GC(446) Pause Young (Normal) (G1 Evacuation Pause)
[2023-08-11T20:25:32.740+0000][gc,task       ] GC(446) Using 8 workers of 8 for evacuation
[2023-08-11T20:25:32.752+0000][gc,phases     ] GC(446)   Pre Evacuate Collection Set: 0.0ms
[2023-08-11T20:25:32.752+0000][gc,phases     ] GC(446)   Evacuate Collection Set: 11.2ms
[2023-08-11T20:25:32.752+0000][gc,phases     ] GC(446)   Post Evacuate Collection Set: 0.7ms
[2023-08-11T20:25:32.752+0000][gc,phases     ] GC(446)   Other: 0.3ms
[2023-08-11T20:25:32.752+0000][gc,heap       ] GC(446) Eden regions: 563->0(558)
[2023-08-11T20:25:32.752+0000][gc,heap       ] GC(446) Survivor regions: 10->16(72)
[2023-08-11T20:25:32.752+0000][gc,heap       ] GC(446) Old regions: 168->168
[2023-08-11T20:25:32.752+0000][gc,heap       ] GC(446) Humongous regions: 149->149
[2023-08-11T20:25:32.752+0000][gc,metaspace  ] GC(446) Metaspace: 118418K(124132K)->118418K(124132K) NonClass: 104666K(107980K)->104666K(107980K) Class: 13751K(16152K)->13751K(16152K)
[2023-08-11T20:25:32.752+0000][gc            ] GC(446) Pause Young (Normal) (G1 Evacuation Pause) 889M->332M(1024M) 12.326ms
[2023-08-11T20:25:32.752+0000][gc,cpu        ] GC(446) User=0.08s Sys=0.00s Real=0.01s
[2023-08-11T20:27:54.376+0000][gc,start      ] GC(447) Pause Young (Concurrent Start) (G1 Evacuation Pause)
[2023-08-11T20:27:54.376+0000][gc,task       ] GC(447) Using 8 workers of 8 for evacuation
[2023-08-11T20:27:54.392+0000][gc,phases     ] GC(447)   Pre Evacuate Collection Set: 0.5ms
[2023-08-11T20:27:54.392+0000][gc,phases     ] GC(447)   Evacuate Collection Set: 13.6ms
[2023-08-11T20:27:54.392+0000][gc,phases     ] GC(447)   Post Evacuate Collection Set: 0.8ms
[2023-08-11T20:27:54.392+0000][gc,phases     ] GC(447)   Other: 0.4ms
[2023-08-11T20:27:54.392+0000][gc,heap       ] GC(447) Eden regions: 558->0(553)
[2023-08-11T20:27:54.392+0000][gc,heap       ] GC(447) Survivor regions: 16->22(72)
[2023-08-11T20:27:54.392+0000][gc,heap       ] GC(447) Old regions: 168->168
[2023-08-11T20:27:54.392+0000][gc,heap       ] GC(447) Humongous regions: 149->149
[2023-08-11T20:27:54.392+0000][gc,metaspace  ] GC(447) Metaspace: 118418K(124132K)->118418K(124132K) NonClass: 104666K(107980K)->104666K(107980K) Class: 13751K(16152K)->13751K(16152K)
[2023-08-11T20:27:54.392+0000][gc            ] GC(447) Pause Young (Concurrent Start) (G1 Evacuation Pause) 890M->338M(1024M) 15.320ms
[2023-08-11T20:27:54.392+0000][gc,cpu        ] GC(447) User=0.11s Sys=0.00s Real=0.02s
[2023-08-11T20:27:54.392+0000][gc            ] GC(448) Concurrent Cycle
[2023-08-11T20:27:54.392+0000][gc,marking    ] GC(448) Concurrent Clear Claimed Marks
[2023-08-11T20:27:54.392+0000][gc,marking    ] GC(448) Concurrent Clear Claimed Marks 0.307ms
[2023-08-11T20:27:54.392+0000][gc,marking    ] GC(448) Concurrent Scan Root Regions
[2023-08-11T20:27:54.405+0000][gc,marking    ] GC(448) Concurrent Scan Root Regions 13.012ms
[2023-08-11T20:27:54.405+0000][gc,marking    ] GC(448) Concurrent Mark (35165.707s)
[2023-08-11T20:27:54.405+0000][gc,marking    ] GC(448) Concurrent Mark From Roots
[2023-08-11T20:27:54.405+0000][gc,task       ] GC(448) Using 2 workers of 2 for marking
[2023-08-11T20:27:54.484+0000][gc,marking    ] GC(448) Concurrent Mark From Roots 78.425ms
[2023-08-11T20:27:54.484+0000][gc,marking    ] GC(448) Concurrent Preclean
[2023-08-11T20:27:54.484+0000][gc,marking    ] GC(448) Concurrent Preclean 0.693ms
[2023-08-11T20:27:54.484+0000][gc,marking    ] GC(448) Concurrent Mark (35165.707s, 35165.786s) 79.236ms
[2023-08-11T20:27:54.485+0000][gc,start      ] GC(448) Pause Remark
[2023-08-11T20:27:54.497+0000][gc,stringtable] GC(448) Cleaned string and symbol table, strings: 43871 processed, 0 removed, symbols: 278402 processed, 0 removed
[2023-08-11T20:27:54.498+0000][gc            ] GC(448) Pause Remark 362M->362M(1024M) 12.902ms
[2023-08-11T20:27:54.498+0000][gc,cpu        ] GC(448) User=0.09s Sys=0.00s Real=0.01s
[2023-08-11T20:27:54.498+0000][gc,marking    ] GC(448) Concurrent Rebuild Remembered Sets
[2023-08-11T20:27:54.542+0000][gc,marking    ] GC(448) Concurrent Rebuild Remembered Sets 44.698ms
[2023-08-11T20:27:54.543+0000][gc,start      ] GC(448) Pause Cleanup
[2023-08-11T20:27:54.543+0000][gc            ] GC(448) Pause Cleanup 363M->363M(1024M) 0.237ms
[2023-08-11T20:27:54.543+0000][gc,cpu        ] GC(448) User=0.00s Sys=0.00s Real=0.00s
[2023-08-11T20:27:54.543+0000][gc,marking    ] GC(448) Concurrent Cleanup for Next Mark
[2023-08-11T20:27:54.544+0000][gc,marking    ] GC(448) Concurrent Cleanup for Next Mark 1.380ms
[2023-08-11T20:27:54.544+0000][gc            ] GC(448) Concurrent Cycle 152.621ms
[2023-08-11T20:29:54.357+0000][gc,start      ] GC(449) Pause Young (Prepare Mixed) (G1 Evacuation Pause)
[2023-08-11T20:29:54.357+0000][gc,task       ] GC(449) Using 8 workers of 8 for evacuation
[2023-08-11T20:29:54.374+0000][gc,phases     ] GC(449)   Pre Evacuate Collection Set: 0.0ms
[2023-08-11T20:29:54.374+0000][gc,phases     ] GC(449)   Evacuate Collection Set: 16.0ms
[2023-08-11T20:29:54.374+0000][gc,phases     ] GC(449)   Post Evacuate Collection Set: 0.7ms
[2023-08-11T20:29:54.374+0000][gc,phases     ] GC(449)   Other: 0.4ms
[2023-08-11T20:29:54.374+0000][gc,heap       ] GC(449) Eden regions: 441->0(23)
[2023-08-11T20:29:54.374+0000][gc,heap       ] GC(449) Survivor regions: 22->28(58)
[2023-08-11T20:29:54.374+0000][gc,heap       ] GC(449) Old regions: 168->168
[2023-08-11T20:29:54.374+0000][gc,heap       ] GC(449) Humongous regions: 149->149
[2023-08-11T20:29:54.374+0000][gc,metaspace  ] GC(449) Metaspace: 118418K(124132K)->118418K(124132K) NonClass: 104666K(107980K)->104666K(107980K) Class: 13751K(16152K)->13751K(16152K)
[2023-08-11T20:29:54.374+0000][gc            ] GC(449) Pause Young (Prepare Mixed) (G1 Evacuation Pause) 779M->343M(1024M) 17.335ms
[2023-08-11T20:29:54.374+0000][gc,cpu        ] GC(449) User=0.13s Sys=0.00s Real=0.02s
[2023-08-11T20:29:54.470+0000][gc,start      ] GC(450) Pause Young (Mixed) (G1 Evacuation Pause)
[2023-08-11T20:29:54.470+0000][gc,task       ] GC(450) Using 8 workers of 8 for evacuation
[2023-08-11T20:29:54.486+0000][gc,phases     ] GC(450)   Pre Evacuate Collection Set: 0.1ms
[2023-08-11T20:29:54.486+0000][gc,phases     ] GC(450)   Evacuate Collection Set: 15.5ms
[2023-08-11T20:29:54.486+0000][gc,phases     ] GC(450)   Post Evacuate Collection Set: 0.6ms
[2023-08-11T20:29:54.486+0000][gc,phases     ] GC(450)   Other: 0.4ms
[2023-08-11T20:29:54.486+0000][gc,heap       ] GC(450) Eden regions: 23->0(552)
[2023-08-11T20:29:54.486+0000][gc,heap       ] GC(450) Survivor regions: 28->4(7)
[2023-08-11T20:29:54.486+0000][gc,heap       ] GC(450) Old regions: 168->169
[2023-08-11T20:29:54.486+0000][gc,heap       ] GC(450) Humongous regions: 149->149
[2023-08-11T20:29:54.486+0000][gc,metaspace  ] GC(450) Metaspace: 118418K(124132K)->118418K(124132K) NonClass: 104666K(107980K)->104666K(107980K) Class: 13751K(16152K)->13751K(16152K)
[2023-08-11T20:29:54.486+0000][gc            ] GC(450) Pause Young (Mixed) (G1 Evacuation Pause) 366M->321M(1024M) 16.621ms
[2023-08-11T20:29:54.486+0000][gc,cpu        ] GC(450) User=0.13s Sys=0.00s Real=0.02s
[2023-08-11T20:32:09.473+0000][gc,start      ] GC(451) Pause Young (Normal) (G1 Evacuation Pause)
[2023-08-11T20:32:09.474+0000][gc,task       ] GC(451) Using 8 workers of 8 for evacuation
[2023-08-11T20:32:09.482+0000][gc,phases     ] GC(451)   Pre Evacuate Collection Set: 0.0ms
[2023-08-11T20:32:09.482+0000][gc,phases     ] GC(451)   Evacuate Collection Set: 7.8ms
[2023-08-11T20:32:09.482+0000][gc,phases     ] GC(451)   Post Evacuate Collection Set: 0.7ms
[2023-08-11T20:32:09.483+0000][gc,phases     ] GC(451)   Other: 0.4ms
[2023-08-11T20:32:09.483+0000][gc,heap       ] GC(451) Eden regions: 552->0(550)
[2023-08-11T20:32:09.483+0000][gc,heap       ] GC(451) Survivor regions: 4->10(70)
[2023-08-11T20:32:09.483+0000][gc,heap       ] GC(451) Old regions: 169->169
[2023-08-11T20:32:09.483+0000][gc,heap       ] GC(451) Humongous regions: 149->149
[2023-08-11T20:32:09.483+0000][gc,metaspace  ] GC(451) Metaspace: 118418K(124132K)->118418K(124132K) NonClass: 104666K(107980K)->104666K(107980K) Class: 13751K(16152K)->13751K(16152K)
[2023-08-11T20:32:09.483+0000][gc            ] GC(451) Pause Young (Normal) (G1 Evacuation Pause) 873M->327M(1024M) 9.097ms
[2023-08-11T20:32:09.483+0000][gc,cpu        ] GC(451) User=0.06s Sys=0.00s Real=0.01s
[2023-08-11T20:34:24.393+0000][gc,start      ] GC(452) Pause Young (Normal) (G1 Evacuation Pause)
[2023-08-11T20:34:24.393+0000][gc,task       ] GC(452) Using 8 workers of 8 for evacuation
[2023-08-11T20:34:24.404+0000][gc,phases     ] GC(452)   Pre Evacuate Collection Set: 0.0ms
[2023-08-11T20:34:24.404+0000][gc,phases     ] GC(452)   Evacuate Collection Set: 10.0ms
[2023-08-11T20:34:24.404+0000][gc,phases     ] GC(452)   Post Evacuate Collection Set: 0.7ms
[2023-08-11T20:34:24.404+0000][gc,phases     ] GC(452)   Other: 0.3ms
[2023-08-11T20:34:24.404+0000][gc,heap       ] GC(452) Eden regions: 550->0(548)
[2023-08-11T20:34:24.404+0000][gc,heap       ] GC(452) Survivor regions: 10->16(70)
[2023-08-11T20:34:24.404+0000][gc,heap       ] GC(452) Old regions: 169->169
[2023-08-11T20:34:24.404+0000][gc,heap       ] GC(452) Humongous regions: 149->149
[2023-08-11T20:34:24.404+0000][gc,metaspace  ] GC(452) Metaspace: 118418K(124132K)->118418K(124132K) NonClass: 104666K(107980K)->104666K(107980K) Class: 13751K(16152K)->13751K(16152K)
[2023-08-11T20:34:24.404+0000][gc            ] GC(452) Pause Young (Normal) (G1 Evacuation Pause) 877M->332M(1024M) 11.180ms
[2023-08-11T20:34:24.404+0000][gc,cpu        ] GC(452) User=0.08s Sys=0.00s Real=0.01s
[2023-08-11T20:36:39.451+0000][gc,start      ] GC(453) Pause Young (Concurrent Start) (G1 Evacuation Pause)
[2023-08-11T20:36:39.452+0000][gc,task       ] GC(453) Using 8 workers of 8 for evacuation
[2023-08-11T20:36:39.466+0000][gc,phases     ] GC(453)   Pre Evacuate Collection Set: 0.5ms
[2023-08-11T20:36:39.466+0000][gc,phases     ] GC(453)   Evacuate Collection Set: 13.1ms
[2023-08-11T20:36:39.466+0000][gc,phases     ] GC(453)   Post Evacuate Collection Set: 0.7ms
[2023-08-11T20:36:39.466+0000][gc,phases     ] GC(453)   Other: 0.5ms
[2023-08-11T20:36:39.466+0000][gc,heap       ] GC(453) Eden regions: 548->0(546)
[2023-08-11T20:36:39.466+0000][gc,heap       ] GC(453) Survivor regions: 16->21(71)
[2023-08-11T20:36:39.466+0000][gc,heap       ] GC(453) Old regions: 169->169
[2023-08-11T20:36:39.466+0000][gc,heap       ] GC(453) Humongous regions: 149->149
[2023-08-11T20:36:39.466+0000][gc,metaspace  ] GC(453) Metaspace: 118418K(124132K)->118418K(124132K) NonClass: 104666K(107980K)->104666K(107980K) Class: 13751K(16152K)->13751K(16152K)
[2023-08-11T20:36:39.466+0000][gc            ] GC(453) Pause Young (Concurrent Start) (G1 Evacuation Pause) 880M->338M(1024M) 14.863ms
[2023-08-11T20:36:39.466+0000][gc,cpu        ] GC(453) User=0.10s Sys=0.00s Real=0.01s
[2023-08-11T20:36:39.466+0000][gc            ] GC(454) Concurrent Cycle
[2023-08-11T20:36:39.466+0000][gc,marking    ] GC(454) Concurrent Clear Claimed Marks
[2023-08-11T20:36:39.467+0000][gc,marking    ] GC(454) Concurrent Clear Claimed Marks 0.449ms
[2023-08-11T20:36:39.467+0000][gc,marking    ] GC(454) Concurrent Scan Root Regions
[2023-08-11T20:36:39.475+0000][gc,marking    ] GC(454) Concurrent Scan Root Regions 8.002ms
[2023-08-11T20:36:39.475+0000][gc,marking    ] GC(454) Concurrent Mark (35690.776s)
[2023-08-11T20:36:39.475+0000][gc,marking    ] GC(454) Concurrent Mark From Roots
[2023-08-11T20:36:39.475+0000][gc,task       ] GC(454) Using 2 workers of 2 for marking
[2023-08-11T20:36:39.558+0000][gc,marking    ] GC(454) Concurrent Mark From Roots 82.858ms
[2023-08-11T20:36:39.558+0000][gc,marking    ] GC(454) Concurrent Preclean
[2023-08-11T20:36:39.558+0000][gc,marking    ] GC(454) Concurrent Preclean 0.545ms
[2023-08-11T20:36:39.558+0000][gc,marking    ] GC(454) Concurrent Mark (35690.776s, 35690.860s) 83.510ms
[2023-08-11T20:36:39.559+0000][gc,start      ] GC(454) Pause Remark
[2023-08-11T20:36:39.568+0000][gc,stringtable] GC(454) Cleaned string and symbol table, strings: 43871 processed, 0 removed, symbols: 278402 processed, 0 removed
[2023-08-11T20:36:39.568+0000][gc            ] GC(454) Pause Remark 352M->352M(1024M) 9.565ms
[2023-08-11T20:36:39.568+0000][gc,cpu        ] GC(454) User=0.06s Sys=0.00s Real=0.01s
[2023-08-11T20:36:39.568+0000][gc,marking    ] GC(454) Concurrent Rebuild Remembered Sets
[2023-08-11T20:36:39.610+0000][gc,marking    ] GC(454) Concurrent Rebuild Remembered Sets 41.573ms
[2023-08-11T20:36:39.610+0000][gc,start      ] GC(454) Pause Cleanup
[2023-08-11T20:36:39.611+0000][gc            ] GC(454) Pause Cleanup 352M->352M(1024M) 0.274ms
[2023-08-11T20:36:39.611+0000][gc,cpu        ] GC(454) User=0.00s Sys=0.00s Real=0.00s
[2023-08-11T20:36:39.611+0000][gc,marking    ] GC(454) Concurrent Cleanup for Next Mark
[2023-08-11T20:36:39.612+0000][gc,marking    ] GC(454) Concurrent Cleanup for Next Mark 1.375ms
[2023-08-11T20:36:39.612+0000][gc            ] GC(454) Concurrent Cycle 145.578ms
[2023-08-11T20:38:39.447+0000][gc,start      ] GC(455) Pause Young (Prepare Mixed) (G1 Evacuation Pause)
[2023-08-11T20:38:39.447+0000][gc,task       ] GC(455) Using 8 workers of 8 for evacuation
[2023-08-11T20:38:39.464+0000][gc,phases     ] GC(455)   Pre Evacuate Collection Set: 0.0ms
[2023-08-11T20:38:39.464+0000][gc,phases     ] GC(455)   Evacuate Collection Set: 15.8ms
[2023-08-11T20:38:39.464+0000][gc,phases     ] GC(455)   Post Evacuate Collection Set: 0.7ms
[2023-08-11T20:38:39.464+0000][gc,phases     ] GC(455)   Other: 0.4ms
[2023-08-11T20:38:39.464+0000][gc,heap       ] GC(455) Eden regions: 449->0(25)
[2023-08-11T20:38:39.464+0000][gc,heap       ] GC(455) Survivor regions: 21->26(59)
[2023-08-11T20:38:39.464+0000][gc,heap       ] GC(455) Old regions: 169->169
[2023-08-11T20:38:39.464+0000][gc,heap       ] GC(455) Humongous regions: 149->149
[2023-08-11T20:38:39.464+0000][gc,metaspace  ] GC(455) Metaspace: 118418K(124132K)->118418K(124132K) NonClass: 104666K(107980K)->104666K(107980K) Class: 13751K(16152K)->13751K(16152K)
[2023-08-11T20:38:39.464+0000][gc            ] GC(455) Pause Young (Prepare Mixed) (G1 Evacuation Pause) 787M->343M(1024M) 17.024ms
[2023-08-11T20:38:39.464+0000][gc,cpu        ] GC(455) User=0.12s Sys=0.00s Real=0.02s
[2023-08-11T20:38:47.594+0000][gc,start      ] GC(456) Pause Young (Mixed) (G1 Evacuation Pause)
[2023-08-11T20:38:47.594+0000][gc,task       ] GC(456) Using 8 workers of 8 for evacuation
[2023-08-11T20:38:47.613+0000][gc,phases     ] GC(456)   Pre Evacuate Collection Set: 0.1ms
[2023-08-11T20:38:47.613+0000][gc,phases     ] GC(456)   Evacuate Collection Set: 18.2ms
[2023-08-11T20:38:47.613+0000][gc,phases     ] GC(456)   Post Evacuate Collection Set: 0.5ms
[2023-08-11T20:38:47.613+0000][gc,phases     ] GC(456)   Other: 0.5ms
[2023-08-11T20:38:47.613+0000][gc,heap       ] GC(456) Eden regions: 25->0(550)
[2023-08-11T20:38:47.613+0000][gc,heap       ] GC(456) Survivor regions: 26->4(7)
[2023-08-11T20:38:47.613+0000][gc,heap       ] GC(456) Old regions: 169->168
[2023-08-11T20:38:47.613+0000][gc,heap       ] GC(456) Humongous regions: 149->149
[2023-08-11T20:38:47.613+0000][gc,metaspace  ] GC(456) Metaspace: 118418K(124132K)->118418K(124132K) NonClass: 104666K(107980K)->104666K(107980K) Class: 13751K(16152K)->13751K(16152K)
[2023-08-11T20:38:47.613+0000][gc            ] GC(456) Pause Young (Mixed) (G1 Evacuation Pause) 368M->320M(1024M) 19.414ms
[2023-08-11T20:38:47.613+0000][gc,cpu        ] GC(456) User=0.12s Sys=0.00s Real=0.02s
[2023-08-11T20:40:57.010+0000][gc,start      ] GC(457) Pause Young (Normal) (G1 Evacuation Pause)
[2023-08-11T20:40:57.010+0000][gc,task       ] GC(457) Using 8 workers of 8 for evacuation
[2023-08-11T20:40:57.018+0000][gc,phases     ] GC(457)   Pre Evacuate Collection Set: 0.0ms
[2023-08-11T20:40:57.018+0000][gc,phases     ] GC(457)   Evacuate Collection Set: 7.4ms
[2023-08-11T20:40:57.018+0000][gc,phases     ] GC(457)   Post Evacuate Collection Set: 0.7ms
[2023-08-11T20:40:57.018+0000][gc,phases     ] GC(457)   Other: 0.3ms
[2023-08-11T20:40:57.018+0000][gc,heap       ] GC(457) Eden regions: 550->0(551)
[2023-08-11T20:40:57.018+0000][gc,heap       ] GC(457) Survivor regions: 4->9(70)
[2023-08-11T20:40:57.018+0000][gc,heap       ] GC(457) Old regions: 168->168
[2023-08-11T20:40:57.018+0000][gc,heap       ] GC(457) Humongous regions: 149->149
[2023-08-11T20:40:57.018+0000][gc,metaspace  ] GC(457) Metaspace: 118418K(124132K)->118418K(124132K) NonClass: 104666K(107980K)->104666K(107980K) Class: 13751K(16152K)->13751K(16152K)
[2023-08-11T20:40:57.018+0000][gc            ] GC(457) Pause Young (Normal) (G1 Evacuation Pause) 870M->324M(1024M) 8.587ms
[2023-08-11T20:40:57.018+0000][gc,cpu        ] GC(457) User=0.06s Sys=0.00s Real=0.01s
[2023-08-11T20:42:56.761+0000][gc,start      ] GC(458) Pause Young (Normal) (G1 Evacuation Pause)
[2023-08-11T20:42:56.761+0000][gc,task       ] GC(458) Using 8 workers of 8 for evacuation
[2023-08-11T20:42:56.777+0000][gc,phases     ] GC(458)   Pre Evacuate Collection Set: 0.0ms
[2023-08-11T20:42:56.777+0000][gc,phases     ] GC(458)   Evacuate Collection Set: 14.8ms
[2023-08-11T20:42:56.777+0000][gc,phases     ] GC(458)   Post Evacuate Collection Set: 0.7ms
[2023-08-11T20:42:56.777+0000][gc,phases     ] GC(458)   Other: 0.4ms
[2023-08-11T20:42:56.777+0000][gc,heap       ] GC(458) Eden regions: 512->0(484)
[2023-08-11T20:42:56.777+0000][gc,heap       ] GC(458) Survivor regions: 9->23(66)
[2023-08-11T20:42:56.777+0000][gc,heap       ] GC(458) Old regions: 168->168
[2023-08-11T20:42:56.777+0000][gc,heap       ] GC(458) Humongous regions: 149->149
[2023-08-11T20:42:56.777+0000][gc,metaspace  ] GC(458) Metaspace: 118419K(124132K)->118419K(124132K) NonClass: 104667K(107980K)->104667K(107980K) Class: 13751K(16152K)->13751K(16152K)
[2023-08-11T20:42:56.777+0000][gc            ] GC(458) Pause Young (Normal) (G1 Evacuation Pause) 836M->339M(1024M) 16.060ms
[2023-08-11T20:42:56.777+0000][gc,cpu        ] GC(458) User=0.12s Sys=0.00s Real=0.01s
[2023-08-11T20:44:09.471+0000][gc,start      ] GC(459) Pause Young (Concurrent Start) (G1 Evacuation Pause)
[2023-08-11T20:44:09.471+0000][gc,task       ] GC(459) Using 8 workers of 8 for evacuation
[2023-08-11T20:44:09.489+0000][gc,phases     ] GC(459)   Pre Evacuate Collection Set: 0.5ms
[2023-08-11T20:44:09.489+0000][gc,phases     ] GC(459)   Evacuate Collection Set: 16.6ms
[2023-08-11T20:44:09.489+0000][gc,phases     ] GC(459)   Post Evacuate Collection Set: 0.7ms
[2023-08-11T20:44:09.489+0000][gc,phases     ] GC(459)   Other: 0.5ms
[2023-08-11T20:44:09.489+0000][gc,heap       ] GC(459) Eden regions: 275->0(345)
[2023-08-11T20:44:09.489+0000][gc,heap       ] GC(459) Survivor regions: 23->20(38)
[2023-08-11T20:44:09.489+0000][gc,heap       ] GC(459) Old regions: 168->174
[2023-08-11T20:44:09.489+0000][gc,heap       ] GC(459) Humongous regions: 149->149
[2023-08-11T20:44:09.489+0000][gc,metaspace  ] GC(459) Metaspace: 118423K(124132K)->118423K(124132K) NonClass: 104671K(107980K)->104671K(107980K) Class: 13751K(16152K)->13751K(16152K)
[2023-08-11T20:44:09.489+0000][gc            ] GC(459) Pause Young (Concurrent Start) (G1 Evacuation Pause) 614M->342M(1024M) 18.286ms
[2023-08-11T20:44:09.489+0000][gc,cpu        ] GC(459) User=0.13s Sys=0.00s Real=0.02s
[2023-08-11T20:44:09.489+0000][gc            ] GC(460) Concurrent Cycle
[2023-08-11T20:44:09.489+0000][gc,marking    ] GC(460) Concurrent Clear Claimed Marks
[2023-08-11T20:44:09.489+0000][gc,marking    ] GC(460) Concurrent Clear Claimed Marks 0.461ms
[2023-08-11T20:44:09.490+0000][gc,marking    ] GC(460) Concurrent Scan Root Regions
[2023-08-11T20:44:09.506+0000][gc,marking    ] GC(460) Concurrent Scan Root Regions 16.050ms
[2023-08-11T20:44:09.506+0000][gc,marking    ] GC(460) Concurrent Mark (36140.807s)
[2023-08-11T20:44:09.506+0000][gc,marking    ] GC(460) Concurrent Mark From Roots
[2023-08-11T20:44:09.506+0000][gc,task       ] GC(460) Using 2 workers of 2 for marking
[2023-08-11T20:44:09.577+0000][gc,marking    ] GC(460) Concurrent Mark From Roots 71.255ms
[2023-08-11T20:44:09.577+0000][gc,marking    ] GC(460) Concurrent Preclean
[2023-08-11T20:44:09.578+0000][gc,marking    ] GC(460) Concurrent Preclean 0.487ms
[2023-08-11T20:44:09.578+0000][gc,marking    ] GC(460) Concurrent Mark (36140.807s, 36140.879s) 71.822ms
[2023-08-11T20:44:09.578+0000][gc,start      ] GC(460) Pause Remark
[2023-08-11T20:44:09.588+0000][gc,stringtable] GC(460) Cleaned string and symbol table, strings: 43873 processed, 0 removed, symbols: 278402 processed, 0 removed
[2023-08-11T20:44:09.588+0000][gc            ] GC(460) Pause Remark 351M->351M(1024M) 10.558ms
[2023-08-11T20:44:09.588+0000][gc,cpu        ] GC(460) User=0.07s Sys=0.00s Real=0.01s
[2023-08-11T20:44:09.589+0000][gc,marking    ] GC(460) Concurrent Rebuild Remembered Sets
[2023-08-11T20:44:09.629+0000][gc,marking    ] GC(460) Concurrent Rebuild Remembered Sets 40.716ms
[2023-08-11T20:44:09.629+0000][gc,start      ] GC(460) Pause Cleanup
[2023-08-11T20:44:09.630+0000][gc            ] GC(460) Pause Cleanup 351M->351M(1024M) 0.253ms
[2023-08-11T20:44:09.630+0000][gc,cpu        ] GC(460) User=0.00s Sys=0.00s Real=0.00s
[2023-08-11T20:44:09.630+0000][gc,marking    ] GC(460) Concurrent Cleanup for Next Mark
[2023-08-11T20:44:09.631+0000][gc,marking    ] GC(460) Concurrent Cleanup for Next Mark 1.412ms
[2023-08-11T20:44:09.631+0000][gc            ] GC(460) Concurrent Cycle 142.266ms
[2023-08-11T20:44:24.530+0000][gc,start      ] GC(461) Pause Young (Prepare Mixed) (G1 Evacuation Pause)
[2023-08-11T20:44:24.530+0000][gc,task       ] GC(461) Using 8 workers of 8 for evacuation
[2023-08-11T20:44:24.545+0000][gc,phases     ] GC(461)   Pre Evacuate Collection Set: 0.0ms
[2023-08-11T20:44:24.545+0000][gc,phases     ] GC(461)   Evacuate Collection Set: 14.1ms
[2023-08-11T20:44:24.545+0000][gc,phases     ] GC(461)   Post Evacuate Collection Set: 0.5ms
[2023-08-11T20:44:24.545+0000][gc,phases     ] GC(461)   Other: 0.3ms
[2023-08-11T20:44:24.545+0000][gc,heap       ] GC(461) Eden regions: 73->0(43)
[2023-08-11T20:44:24.545+0000][gc,heap       ] GC(461) Survivor regions: 20->8(12)
[2023-08-11T20:44:24.545+0000][gc,heap       ] GC(461) Old regions: 174->187
[2023-08-11T20:44:24.545+0000][gc,heap       ] GC(461) Humongous regions: 149->149
[2023-08-11T20:44:24.545+0000][gc,metaspace  ] GC(461) Metaspace: 118423K(124132K)->118423K(124132K) NonClass: 104671K(107980K)->104671K(107980K) Class: 13751K(16152K)->13751K(16152K)
[2023-08-11T20:44:24.545+0000][gc            ] GC(461) Pause Young (Prepare Mixed) (G1 Evacuation Pause) 415M->343M(1024M) 15.133ms
[2023-08-11T20:44:24.546+0000][gc,cpu        ] GC(461) User=0.12s Sys=0.00s Real=0.02s
[2023-08-11T20:44:39.469+0000][gc,start      ] GC(462) Pause Young (Mixed) (G1 Evacuation Pause)
[2023-08-11T20:44:39.469+0000][gc,task       ] GC(462) Using 8 workers of 8 for evacuation
[2023-08-11T20:44:39.478+0000][gc,phases     ] GC(462)   Pre Evacuate Collection Set: 0.1ms
[2023-08-11T20:44:39.478+0000][gc,phases     ] GC(462)   Evacuate Collection Set: 7.4ms
[2023-08-11T20:44:39.478+0000][gc,phases     ] GC(462)   Post Evacuate Collection Set: 0.5ms
[2023-08-11T20:44:39.478+0000][gc,phases     ] GC(462)   Other: 0.4ms
[2023-08-11T20:44:39.478+0000][gc,heap       ] GC(462) Eden regions: 43->0(437)
[2023-08-11T20:44:39.478+0000][gc,heap       ] GC(462) Survivor regions: 8->4(7)
[2023-08-11T20:44:39.478+0000][gc,heap       ] GC(462) Old regions: 187->160
[2023-08-11T20:44:39.478+0000][gc,heap       ] GC(462) Humongous regions: 149->149
[2023-08-11T20:44:39.478+0000][gc,metaspace  ] GC(462) Metaspace: 118423K(124132K)->118423K(124132K) NonClass: 104671K(107980K)->104671K(107980K) Class: 13751K(16152K)->13751K(16152K)
[2023-08-11T20:44:39.478+0000][gc            ] GC(462) Pause Young (Mixed) (G1 Evacuation Pause) 386M->312M(1024M) 8.462ms
[2023-08-11T20:44:39.478+0000][gc,cpu        ] GC(462) User=0.06s Sys=0.00s Real=0.01s
[2023-08-11T20:46:24.391+0000][gc,start      ] GC(463) Pause Young (Normal) (G1 Evacuation Pause)
[2023-08-11T20:46:24.391+0000][gc,task       ] GC(463) Using 8 workers of 8 for evacuation
[2023-08-11T20:46:24.399+0000][gc,phases     ] GC(463)   Pre Evacuate Collection Set: 0.0ms
[2023-08-11T20:46:24.399+0000][gc,phases     ] GC(463)   Evacuate Collection Set: 7.1ms
[2023-08-11T20:46:24.399+0000][gc,phases     ] GC(463)   Post Evacuate Collection Set: 0.6ms
[2023-08-11T20:46:24.399+0000][gc,phases     ] GC(463)   Other: 0.4ms
[2023-08-11T20:46:24.399+0000][gc,heap       ] GC(463) Eden regions: 437->0(412)
[2023-08-11T20:46:24.399+0000][gc,heap       ] GC(463) Survivor regions: 4->9(56)
[2023-08-11T20:46:24.399+0000][gc,heap       ] GC(463) Old regions: 160->160
[2023-08-11T20:46:24.399+0000][gc,heap       ] GC(463) Humongous regions: 149->149
[2023-08-11T20:46:24.399+0000][gc,metaspace  ] GC(463) Metaspace: 118423K(124132K)->118423K(124132K) NonClass: 104671K(107980K)->104671K(107980K) Class: 13751K(16152K)->13751K(16152K)
[2023-08-11T20:46:24.399+0000][gc            ] GC(463) Pause Young (Normal) (G1 Evacuation Pause) 749M->317M(1024M) 8.289ms
[2023-08-11T20:46:24.399+0000][gc,cpu        ] GC(463) User=0.05s Sys=0.01s Real=0.01s
[2023-08-11T20:48:18.468+0000][gc,start      ] GC(464) Pause Young (Normal) (G1 Evacuation Pause)
[2023-08-11T20:48:18.468+0000][gc,task       ] GC(464) Using 8 workers of 8 for evacuation
[2023-08-11T20:48:18.490+0000][gc,mmu        ] GC(464) MMU target violated: 21.0ms (20.0ms/21.0ms)
[2023-08-11T20:48:18.490+0000][gc,phases     ] GC(464)   Pre Evacuate Collection Set: 0.0ms
[2023-08-11T20:48:18.490+0000][gc,phases     ] GC(464)   Evacuate Collection Set: 21.0ms
[2023-08-11T20:48:18.490+0000][gc,phases     ] GC(464)   Post Evacuate Collection Set: 0.8ms
[2023-08-11T20:48:18.490+0000][gc,phases     ] GC(464)   Other: 0.4ms
[2023-08-11T20:48:18.490+0000][gc,heap       ] GC(464) Eden regions: 412->0(73)
[2023-08-11T20:48:18.490+0000][gc,heap       ] GC(464) Survivor regions: 9->14(53)
[2023-08-11T20:48:18.490+0000][gc,heap       ] GC(464) Old regions: 160->160
[2023-08-11T20:48:18.490+0000][gc,heap       ] GC(464) Humongous regions: 149->149
[2023-08-11T20:48:18.490+0000][gc,metaspace  ] GC(464) Metaspace: 118423K(124132K)->118423K(124132K) NonClass: 104671K(107980K)->104671K(107980K) Class: 13751K(16152K)->13751K(16152K)
[2023-08-11T20:48:18.490+0000][gc            ] GC(464) Pause Young (Normal) (G1 Evacuation Pause) 729M->322M(1024M) 22.320ms
[2023-08-11T20:48:18.490+0000][gc,cpu        ] GC(464) User=0.08s Sys=0.00s Real=0.02s
[2023-08-11T20:48:32.745+0000][gc,start      ] GC(465) Pause Young (Normal) (G1 Evacuation Pause)
[2023-08-11T20:48:32.745+0000][gc,task       ] GC(465) Using 8 workers of 8 for evacuation
[2023-08-11T20:48:32.754+0000][gc,phases     ] GC(465)   Pre Evacuate Collection Set: 0.0ms
[2023-08-11T20:48:32.754+0000][gc,phases     ] GC(465)   Evacuate Collection Set: 8.2ms
[2023-08-11T20:48:32.754+0000][gc,phases     ] GC(465)   Post Evacuate Collection Set: 0.5ms
[2023-08-11T20:48:32.754+0000][gc,phases     ] GC(465)   Other: 0.3ms
[2023-08-11T20:48:32.754+0000][gc,heap       ] GC(465) Eden regions: 73->0(147)
[2023-08-11T20:48:32.754+0000][gc,heap       ] GC(465) Survivor regions: 14->3(11)
[2023-08-11T20:48:32.754+0000][gc,heap       ] GC(465) Old regions: 160->172
[2023-08-11T20:48:32.754+0000][gc,heap       ] GC(465) Humongous regions: 149->149
[2023-08-11T20:48:32.754+0000][gc,metaspace  ] GC(465) Metaspace: 118423K(124132K)->118423K(124132K) NonClass: 104671K(107980K)->104671K(107980K) Class: 13751K(16152K)->13751K(16152K)
[2023-08-11T20:48:32.754+0000][gc            ] GC(465) Pause Young (Normal) (G1 Evacuation Pause) 395M->323M(1024M) 9.161ms
[2023-08-11T20:48:32.754+0000][gc,cpu        ] GC(465) User=0.06s Sys=0.00s Real=0.01s
[2023-08-11T20:48:58.895+0000][gc,start      ] GC(466) Pause Young (Normal) (G1 Evacuation Pause)
[2023-08-11T20:48:58.895+0000][gc,task       ] GC(466) Using 8 workers of 8 for evacuation
[2023-08-11T20:48:58.900+0000][gc,phases     ] GC(466)   Pre Evacuate Collection Set: 0.0ms
[2023-08-11T20:48:58.900+0000][gc,phases     ] GC(466)   Evacuate Collection Set: 4.6ms
[2023-08-11T20:48:58.900+0000][gc,phases     ] GC(466)   Post Evacuate Collection Set: 0.5ms
[2023-08-11T20:48:58.900+0000][gc,phases     ] GC(466)   Other: 0.3ms
[2023-08-11T20:48:58.900+0000][gc,heap       ] GC(466) Eden regions: 147->0(182)
[2023-08-11T20:48:58.900+0000][gc,heap       ] GC(466) Survivor regions: 3->4(19)
[2023-08-11T20:48:58.900+0000][gc,heap       ] GC(466) Old regions: 172->172
[2023-08-11T20:48:58.900+0000][gc,heap       ] GC(466) Humongous regions: 149->149
[2023-08-11T20:48:58.900+0000][gc,metaspace  ] GC(466) Metaspace: 118423K(124132K)->118423K(124132K) NonClass: 104671K(107980K)->104671K(107980K) Class: 13751K(16152K)->13751K(16152K)
[2023-08-11T20:48:58.900+0000][gc            ] GC(466) Pause Young (Normal) (G1 Evacuation Pause) 470M->324M(1024M) 5.554ms
[2023-08-11T20:48:58.900+0000][gc,cpu        ] GC(466) User=0.04s Sys=0.00s Real=0.01s
[2023-08-11T20:49:54.341+0000][gc,start      ] GC(467) Pause Young (Normal) (G1 Evacuation Pause)
[2023-08-11T20:49:54.341+0000][gc,task       ] GC(467) Using 8 workers of 8 for evacuation
[2023-08-11T20:49:54.348+0000][gc,phases     ] GC(467)   Pre Evacuate Collection Set: 0.0ms
[2023-08-11T20:49:54.348+0000][gc,phases     ] GC(467)   Evacuate Collection Set: 6.5ms
[2023-08-11T20:49:54.348+0000][gc,phases     ] GC(467)   Post Evacuate Collection Set: 0.5ms
[2023-08-11T20:49:54.348+0000][gc,phases     ] GC(467)   Other: 0.3ms
[2023-08-11T20:49:54.348+0000][gc,heap       ] GC(467) Eden regions: 182->0(195)
[2023-08-11T20:49:54.348+0000][gc,heap       ] GC(467) Survivor regions: 4->7(24)
[2023-08-11T20:49:54.349+0000][gc,heap       ] GC(467) Old regions: 172->172
[2023-08-11T20:49:54.349+0000][gc,heap       ] GC(467) Humongous regions: 149->149
[2023-08-11T20:49:54.349+0000][gc,metaspace  ] GC(467) Metaspace: 118423K(124132K)->118423K(124132K) NonClass: 104671K(107980K)->104671K(107980K) Class: 13751K(16152K)->13751K(16152K)
[2023-08-11T20:49:54.349+0000][gc            ] GC(467) Pause Young (Normal) (G1 Evacuation Pause) 506M->326M(1024M) 7.364ms
[2023-08-11T20:49:54.349+0000][gc,cpu        ] GC(467) User=0.05s Sys=0.00s Real=0.00s
[2023-08-11T20:50:39.473+0000][gc,start      ] GC(468) Pause Young (Normal) (G1 Evacuation Pause)
[2023-08-11T20:50:39.473+0000][gc,task       ] GC(468) Using 8 workers of 8 for evacuation
[2023-08-11T20:50:39.494+0000][gc,mmu        ] GC(468) MMU target violated: 20.1ms (20.0ms/21.0ms)
[2023-08-11T20:50:39.494+0000][gc,phases     ] GC(468)   Pre Evacuate Collection Set: 0.0ms
[2023-08-11T20:50:39.494+0000][gc,phases     ] GC(468)   Evacuate Collection Set: 19.2ms
[2023-08-11T20:50:39.494+0000][gc,phases     ] GC(468)   Post Evacuate Collection Set: 0.7ms
[2023-08-11T20:50:39.494+0000][gc,phases     ] GC(468)   Other: 0.4ms
[2023-08-11T20:50:39.494+0000][gc,heap       ] GC(468) Eden regions: 195->0(203)
[2023-08-11T20:50:39.494+0000][gc,heap       ] GC(468) Survivor regions: 7->10(26)
[2023-08-11T20:50:39.494+0000][gc,heap       ] GC(468) Old regions: 172->172
[2023-08-11T20:50:39.494+0000][gc,heap       ] GC(468) Humongous regions: 149->149
[2023-08-11T20:50:39.494+0000][gc,metaspace  ] GC(468) Metaspace: 118423K(124132K)->118423K(124132K) NonClass: 104671K(107980K)->104671K(107980K) Class: 13751K(16152K)->13751K(16152K)
[2023-08-11T20:50:39.494+0000][gc            ] GC(468) Pause Young (Normal) (G1 Evacuation Pause) 521M->329M(1024M) 20.411ms
[2023-08-11T20:50:39.494+0000][gc,cpu        ] GC(468) User=0.08s Sys=0.00s Real=0.02s
[2023-08-11T20:51:32.734+0000][gc,start      ] GC(469) Pause Young (Normal) (G1 Evacuation Pause)
[2023-08-11T20:51:32.734+0000][gc,task       ] GC(469) Using 8 workers of 8 for evacuation
[2023-08-11T20:51:32.744+0000][gc,phases     ] GC(469)   Pre Evacuate Collection Set: 0.0ms
[2023-08-11T20:51:32.744+0000][gc,phases     ] GC(469)   Evacuate Collection Set: 9.0ms
[2023-08-11T20:51:32.744+0000][gc,phases     ] GC(469)   Post Evacuate Collection Set: 0.6ms
[2023-08-11T20:51:32.744+0000][gc,phases     ] GC(469)   Other: 0.3ms
[2023-08-11T20:51:32.744+0000][gc,heap       ] GC(469) Eden regions: 203->0(213)
[2023-08-11T20:51:32.744+0000][gc,heap       ] GC(469) Survivor regions: 10->12(27)
[2023-08-11T20:51:32.744+0000][gc,heap       ] GC(469) Old regions: 172->172
[2023-08-11T20:51:32.744+0000][gc,heap       ] GC(469) Humongous regions: 149->149
[2023-08-11T20:51:32.744+0000][gc,metaspace  ] GC(469) Metaspace: 118423K(124132K)->118423K(124132K) NonClass: 104671K(107980K)->104671K(107980K) Class: 13751K(16152K)->13751K(16152K)
[2023-08-11T20:51:32.744+0000][gc            ] GC(469) Pause Young (Normal) (G1 Evacuation Pause) 532M->331M(1024M) 9.973ms
[2023-08-11T20:51:32.744+0000][gc,cpu        ] GC(469) User=0.07s Sys=0.00s Real=0.01s
[2023-08-11T20:52:24.326+0000][gc,start      ] GC(470) Pause Young (Normal) (G1 Evacuation Pause)
[2023-08-11T20:52:24.326+0000][gc,task       ] GC(470) Using 8 workers of 8 for evacuation
[2023-08-11T20:52:24.336+0000][gc,phases     ] GC(470)   Pre Evacuate Collection Set: 0.0ms
[2023-08-11T20:52:24.336+0000][gc,phases     ] GC(470)   Evacuate Collection Set: 8.8ms
[2023-08-11T20:52:24.336+0000][gc,phases     ] GC(470)   Post Evacuate Collection Set: 0.6ms
[2023-08-11T20:52:24.336+0000][gc,phases     ] GC(470)   Other: 0.3ms
[2023-08-11T20:52:24.336+0000][gc,heap       ] GC(470) Eden regions: 213->0(226)
[2023-08-11T20:52:24.336+0000][gc,heap       ] GC(470) Survivor regions: 12->14(29)
[2023-08-11T20:52:24.336+0000][gc,heap       ] GC(470) Old regions: 172->172
[2023-08-11T20:52:24.336+0000][gc,heap       ] GC(470) Humongous regions: 149->149
[2023-08-11T20:52:24.336+0000][gc,metaspace  ] GC(470) Metaspace: 118423K(124132K)->118423K(124132K) NonClass: 104671K(107980K)->104671K(107980K) Class: 13751K(16152K)->13751K(16152K)
[2023-08-11T20:52:24.336+0000][gc            ] GC(470) Pause Young (Normal) (G1 Evacuation Pause) 544M->333M(1024M) 9.789ms
[2023-08-11T20:52:24.336+0000][gc,cpu        ] GC(470) User=0.07s Sys=0.00s Real=0.01s
[2023-08-11T20:53:24.348+0000][gc,start      ] GC(471) Pause Young (Normal) (G1 Evacuation Pause)
[2023-08-11T20:53:24.348+0000][gc,task       ] GC(471) Using 8 workers of 8 for evacuation
[2023-08-11T20:53:24.359+0000][gc,phases     ] GC(471)   Pre Evacuate Collection Set: 0.0ms
[2023-08-11T20:53:24.359+0000][gc,phases     ] GC(471)   Evacuate Collection Set: 9.8ms
[2023-08-11T20:53:24.359+0000][gc,phases     ] GC(471)   Post Evacuate Collection Set: 0.5ms
[2023-08-11T20:53:24.359+0000][gc,phases     ] GC(471)   Other: 0.3ms
[2023-08-11T20:53:24.359+0000][gc,heap       ] GC(471) Eden regions: 226->0(241)
[2023-08-11T20:53:24.359+0000][gc,heap       ] GC(471) Survivor regions: 14->17(30)
[2023-08-11T20:53:24.359+0000][gc,heap       ] GC(471) Old regions: 172->172
[2023-08-11T20:53:24.359+0000][gc,heap       ] GC(471) Humongous regions: 149->149
[2023-08-11T20:53:24.359+0000][gc,metaspace  ] GC(471) Metaspace: 118427K(124132K)->118427K(124132K) NonClass: 104675K(107980K)->104675K(107980K) Class: 13751K(16152K)->13751K(16152K)
[2023-08-11T20:53:24.359+0000][gc            ] GC(471) Pause Young (Normal) (G1 Evacuation Pause) 559M->336M(1024M) 10.784ms
[2023-08-11T20:53:24.359+0000][gc,cpu        ] GC(471) User=0.08s Sys=0.00s Real=0.01s
[2023-08-11T20:54:24.380+0000][gc,start      ] GC(472) Pause Young (Normal) (G1 Evacuation Pause)
[2023-08-11T20:54:24.380+0000][gc,task       ] GC(472) Using 8 workers of 8 for evacuation
[2023-08-11T20:54:24.392+0000][gc,phases     ] GC(472)   Pre Evacuate Collection Set: 0.0ms
[2023-08-11T20:54:24.392+0000][gc,phases     ] GC(472)   Evacuate Collection Set: 11.1ms
[2023-08-11T20:54:24.392+0000][gc,phases     ] GC(472)   Post Evacuate Collection Set: 0.5ms
[2023-08-11T20:54:24.392+0000][gc,phases     ] GC(472)   Other: 0.3ms
[2023-08-11T20:54:24.392+0000][gc,heap       ] GC(472) Eden regions: 241->0(248)
[2023-08-11T20:54:24.392+0000][gc,heap       ] GC(472) Survivor regions: 17->19(33)
[2023-08-11T20:54:24.392+0000][gc,heap       ] GC(472) Old regions: 172->172
[2023-08-11T20:54:24.392+0000][gc,heap       ] GC(472) Humongous regions: 149->149
[2023-08-11T20:54:24.392+0000][gc,metaspace  ] GC(472) Metaspace: 118427K(124132K)->118427K(124132K) NonClass: 104675K(107980K)->104675K(107980K) Class: 13751K(16152K)->13751K(16152K)
[2023-08-11T20:54:24.392+0000][gc            ] GC(472) Pause Young (Normal) (G1 Evacuation Pause) 577M->339M(1024M) 11.987ms
[2023-08-11T20:54:24.392+0000][gc,cpu        ] GC(472) User=0.09s Sys=0.00s Real=0.01s
[2023-08-11T20:55:19.174+0000][gc,start      ] GC(473) Pause Young (Normal) (G1 Evacuation Pause)
[2023-08-11T20:55:19.174+0000][gc,task       ] GC(473) Using 8 workers of 8 for evacuation
[2023-08-11T20:55:19.187+0000][gc,phases     ] GC(473)   Pre Evacuate Collection Set: 0.0ms
[2023-08-11T20:55:19.187+0000][gc,phases     ] GC(473)   Evacuate Collection Set: 12.0ms
[2023-08-11T20:55:19.187+0000][gc,phases     ] GC(473)   Post Evacuate Collection Set: 0.6ms
[2023-08-11T20:55:19.187+0000][gc,phases     ] GC(473)   Other: 0.3ms
[2023-08-11T20:55:19.187+0000][gc,heap       ] GC(473) Eden regions: 248->0(255)
[2023-08-11T20:55:19.187+0000][gc,heap       ] GC(473) Survivor regions: 19->19(34)
[2023-08-11T20:55:19.187+0000][gc,heap       ] GC(473) Old regions: 172->173
[2023-08-11T20:55:19.187+0000][gc,heap       ] GC(473) Humongous regions: 149->149
[2023-08-11T20:55:19.187+0000][gc,metaspace  ] GC(473) Metaspace: 118431K(124132K)->118431K(124132K) NonClass: 104679K(107980K)->104679K(107980K) Class: 13751K(16152K)->13751K(16152K)
[2023-08-11T20:55:19.187+0000][gc            ] GC(473) Pause Young (Normal) (G1 Evacuation Pause) 587M->340M(1024M) 13.011ms
[2023-08-11T20:55:19.187+0000][gc,cpu        ] GC(473) User=0.10s Sys=0.00s Real=0.01s
[2023-08-11T20:56:24.340+0000][gc,start      ] GC(474) Pause Young (Normal) (G1 Evacuation Pause)
[2023-08-11T20:56:24.340+0000][gc,task       ] GC(474) Using 8 workers of 8 for evacuation
[2023-08-11T20:56:24.353+0000][gc,phases     ] GC(474)   Pre Evacuate Collection Set: 0.0ms
[2023-08-11T20:56:24.353+0000][gc,phases     ] GC(474)   Evacuate Collection Set: 12.6ms
[2023-08-11T20:56:24.353+0000][gc,phases     ] GC(474)   Post Evacuate Collection Set: 0.5ms
[2023-08-11T20:56:24.353+0000][gc,phases     ] GC(474)   Other: 0.3ms
[2023-08-11T20:56:24.353+0000][gc,heap       ] GC(474) Eden regions: 241->0(260)
[2023-08-11T20:56:24.353+0000][gc,heap       ] GC(474) Survivor regions: 19->21(33)
[2023-08-11T20:56:24.353+0000][gc,heap       ] GC(474) Old regions: 173->176
[2023-08-11T20:56:24.353+0000][gc,heap       ] GC(474) Humongous regions: 149->149
[2023-08-11T20:56:24.353+0000][gc,metaspace  ] GC(474) Metaspace: 118431K(124132K)->118431K(124132K) NonClass: 104679K(107980K)->104679K(107980K) Class: 13751K(16152K)->13751K(16152K)
[2023-08-11T20:56:24.353+0000][gc            ] GC(474) Pause Young (Normal) (G1 Evacuation Pause) 581M->344M(1024M) 13.622ms
[2023-08-11T20:56:24.353+0000][gc,cpu        ] GC(474) User=0.10s Sys=0.00s Real=0.01s
[2023-08-11T20:57:24.469+0000][gc,start      ] GC(475) Pause Young (Normal) (G1 Evacuation Pause)
[2023-08-11T20:57:24.469+0000][gc,task       ] GC(475) Using 8 workers of 8 for evacuation
[2023-08-11T20:57:24.484+0000][gc,phases     ] GC(475)   Pre Evacuate Collection Set: 0.0ms
[2023-08-11T20:57:24.484+0000][gc,phases     ] GC(475)   Evacuate Collection Set: 13.2ms
[2023-08-11T20:57:24.484+0000][gc,phases     ] GC(475)   Post Evacuate Collection Set: 0.6ms
[2023-08-11T20:57:24.484+0000][gc,phases     ] GC(475)   Other: 0.4ms
[2023-08-11T20:57:24.484+0000][gc,heap       ] GC(475) Eden regions: 250->0(267)
[2023-08-11T20:57:24.484+0000][gc,heap       ] GC(475) Survivor regions: 21->22(34)
[2023-08-11T20:57:24.484+0000][gc,heap       ] GC(475) Old regions: 176->178
[2023-08-11T20:57:24.484+0000][gc,heap       ] GC(475) Humongous regions: 149->149
[2023-08-11T20:57:24.484+0000][gc,metaspace  ] GC(475) Metaspace: 118431K(124132K)->118431K(124132K) NonClass: 104679K(107980K)->104679K(107980K) Class: 13751K(16152K)->13751K(16152K)
[2023-08-11T20:57:24.484+0000][gc            ] GC(475) Pause Young (Normal) (G1 Evacuation Pause) 594M->348M(1024M) 14.320ms
[2023-08-11T20:57:24.484+0000][gc,cpu        ] GC(475) User=0.11s Sys=0.00s Real=0.02s
[2023-08-11T20:58:24.469+0000][gc,start      ] GC(476) Pause Young (Normal) (G1 Evacuation Pause)
[2023-08-11T20:58:24.469+0000][gc,task       ] GC(476) Using 8 workers of 8 for evacuation
[2023-08-11T20:58:24.484+0000][gc,phases     ] GC(476)   Pre Evacuate Collection Set: 0.0ms
[2023-08-11T20:58:24.484+0000][gc,phases     ] GC(476)   Evacuate Collection Set: 13.3ms
[2023-08-11T20:58:24.484+0000][gc,phases     ] GC(476)   Post Evacuate Collection Set: 0.6ms
[2023-08-11T20:58:24.484+0000][gc,phases     ] GC(476)   Other: 0.3ms
[2023-08-11T20:58:24.484+0000][gc,heap       ] GC(476) Eden regions: 267->0(278)
[2023-08-11T20:58:24.484+0000][gc,heap       ] GC(476) Survivor regions: 22->22(37)
[2023-08-11T20:58:24.484+0000][gc,heap       ] GC(476) Old regions: 178->181
[2023-08-11T20:58:24.484+0000][gc,heap       ] GC(476) Humongous regions: 149->149
[2023-08-11T20:58:24.484+0000][gc,metaspace  ] GC(476) Metaspace: 118431K(124132K)->118431K(124132K) NonClass: 104679K(107980K)->104679K(107980K) Class: 13751K(16152K)->13751K(16152K)
[2023-08-11T20:58:24.484+0000][gc            ] GC(476) Pause Young (Normal) (G1 Evacuation Pause) 615M->351M(1024M) 14.352ms
[2023-08-11T20:58:24.484+0000][gc,cpu        ] GC(476) User=0.11s Sys=0.00s Real=0.02s
[2023-08-11T20:59:39.470+0000][gc,start      ] GC(477) Pause Young (Normal) (G1 Evacuation Pause)
[2023-08-11T20:59:39.470+0000][gc,task       ] GC(477) Using 8 workers of 8 for evacuation
[2023-08-11T20:59:39.484+0000][gc,phases     ] GC(477)   Pre Evacuate Collection Set: 0.0ms
[2023-08-11T20:59:39.484+0000][gc,phases     ] GC(477)   Evacuate Collection Set: 13.5ms
[2023-08-11T20:59:39.484+0000][gc,phases     ] GC(477)   Post Evacuate Collection Set: 0.7ms
[2023-08-11T20:59:39.484+0000][gc,phases     ] GC(477)   Other: 0.4ms
[2023-08-11T20:59:39.484+0000][gc,heap       ] GC(477) Eden regions: 278->0(291)
[2023-08-11T20:59:39.484+0000][gc,heap       ] GC(477) Survivor regions: 22->24(38)
[2023-08-11T20:59:39.484+0000][gc,heap       ] GC(477) Old regions: 181->183
[2023-08-11T20:59:39.484+0000][gc,heap       ] GC(477) Humongous regions: 149->149
[2023-08-11T20:59:39.484+0000][gc,metaspace  ] GC(477) Metaspace: 118431K(124132K)->118431K(124132K) NonClass: 104679K(107980K)->104679K(107980K) Class: 13751K(16152K)->13751K(16152K)
[2023-08-11T20:59:39.484+0000][gc            ] GC(477) Pause Young (Normal) (G1 Evacuation Pause) 629M->354M(1024M) 14.635ms
[2023-08-11T20:59:39.484+0000][gc,cpu        ] GC(477) User=0.11s Sys=0.00s Real=0.02s
[2023-08-11T21:00:39.474+0000][gc,start      ] GC(478) Pause Young (Normal) (G1 Evacuation Pause)
[2023-08-11T21:00:39.475+0000][gc,task       ] GC(478) Using 8 workers of 8 for evacuation
[2023-08-11T21:00:39.501+0000][gc,mmu        ] GC(478) MMU target violated: 21.0ms (20.0ms/21.0ms)
[2023-08-11T21:00:39.501+0000][gc,phases     ] GC(478)   Pre Evacuate Collection Set: 0.0ms
[2023-08-11T21:00:39.501+0000][gc,phases     ] GC(478)   Evacuate Collection Set: 25.4ms
[2023-08-11T21:00:39.501+0000][gc,phases     ] GC(478)   Post Evacuate Collection Set: 0.7ms
[2023-08-11T21:00:39.501+0000][gc,phases     ] GC(478)   Other: 0.4ms
[2023-08-11T21:00:39.501+0000][gc,heap       ] GC(478) Eden regions: 272->0(193)
[2023-08-11T21:00:39.501+0000][gc,heap       ] GC(478) Survivor regions: 24->23(37)
[2023-08-11T21:00:39.501+0000][gc,heap       ] GC(478) Old regions: 183->186
[2023-08-11T21:00:39.501+0000][gc,heap       ] GC(478) Humongous regions: 149->149
[2023-08-11T21:00:39.501+0000][gc,metaspace  ] GC(478) Metaspace: 118431K(124132K)->118431K(124132K) NonClass: 104679K(107980K)->104679K(107980K) Class: 13751K(16152K)->13751K(16152K)
[2023-08-11T21:00:39.501+0000][gc            ] GC(478) Pause Young (Normal) (G1 Evacuation Pause) 626M->356M(1024M) 26.643ms
[2023-08-11T21:00:39.501+0000][gc,cpu        ] GC(478) User=0.11s Sys=0.00s Real=0.03s
[2023-08-11T21:00:54.969+0000][gc,start      ] GC(479) Pause Young (Normal) (G1 Evacuation Pause)
[2023-08-11T21:00:54.969+0000][gc,task       ] GC(479) Using 8 workers of 8 for evacuation
[2023-08-11T21:00:54.984+0000][gc,phases     ] GC(479)   Pre Evacuate Collection Set: 0.0ms
[2023-08-11T21:00:54.984+0000][gc,phases     ] GC(479)   Evacuate Collection Set: 14.6ms
[2023-08-11T21:00:54.984+0000][gc,phases     ] GC(479)   Post Evacuate Collection Set: 0.6ms
[2023-08-11T21:00:54.984+0000][gc,phases     ] GC(479)   Other: 0.3ms
[2023-08-11T21:00:54.984+0000][gc,heap       ] GC(479) Eden regions: 62->0(333)
[2023-08-11T21:00:54.984+0000][gc,heap       ] GC(479) Survivor regions: 23->7(11)
[2023-08-11T21:00:54.984+0000][gc,heap       ] GC(479) Old regions: 186->202
[2023-08-11T21:00:54.984+0000][gc,heap       ] GC(479) Humongous regions: 149->149
[2023-08-11T21:00:54.984+0000][gc,metaspace  ] GC(479) Metaspace: 118431K(124132K)->118431K(124132K) NonClass: 104679K(107980K)->104679K(107980K) Class: 13751K(16152K)->13751K(16152K)
[2023-08-11T21:00:54.984+0000][gc            ] GC(479) Pause Young (Normal) (G1 Evacuation Pause) 418M->357M(1024M) 15.673ms
[2023-08-11T21:00:54.984+0000][gc,cpu        ] GC(479) User=0.10s Sys=0.00s Real=0.02s
[2023-08-11T21:02:24.382+0000][gc,start      ] GC(480) Pause Young (Normal) (G1 Evacuation Pause)
[2023-08-11T21:02:24.382+0000][gc,task       ] GC(480) Using 8 workers of 8 for evacuation
[2023-08-11T21:02:24.390+0000][gc,phases     ] GC(480)   Pre Evacuate Collection Set: 0.0ms
[2023-08-11T21:02:24.391+0000][gc,phases     ] GC(480)   Evacuate Collection Set: 7.9ms
[2023-08-11T21:02:24.391+0000][gc,phases     ] GC(480)   Post Evacuate Collection Set: 0.5ms
[2023-08-11T21:02:24.391+0000][gc,phases     ] GC(480)   Other: 0.3ms
[2023-08-11T21:02:24.391+0000][gc,heap       ] GC(480) Eden regions: 333->0(339)
[2023-08-11T21:02:24.391+0000][gc,heap       ] GC(480) Survivor regions: 7->11(43)
[2023-08-11T21:02:24.391+0000][gc,heap       ] GC(480) Old regions: 202->202
[2023-08-11T21:02:24.391+0000][gc,heap       ] GC(480) Humongous regions: 149->149
[2023-08-11T21:02:24.391+0000][gc,metaspace  ] GC(480) Metaspace: 118431K(124132K)->118431K(124132K) NonClass: 104679K(107980K)->104679K(107980K) Class: 13751K(16152K)->13751K(16152K)
[2023-08-11T21:02:24.391+0000][gc            ] GC(480) Pause Young (Normal) (G1 Evacuation Pause) 690M->361M(1024M) 8.801ms
[2023-08-11T21:02:24.391+0000][gc,cpu        ] GC(480) User=0.07s Sys=0.00s Real=0.00s
[2023-08-11T21:03:39.471+0000][gc,start      ] GC(481) Pause Young (Normal) (G1 Evacuation Pause)
[2023-08-11T21:03:39.471+0000][gc,task       ] GC(481) Using 8 workers of 8 for evacuation
[2023-08-11T21:03:39.483+0000][gc,phases     ] GC(481)   Pre Evacuate Collection Set: 0.0ms
[2023-08-11T21:03:39.483+0000][gc,phases     ] GC(481)   Evacuate Collection Set: 10.4ms
[2023-08-11T21:03:39.483+0000][gc,phases     ] GC(481)   Post Evacuate Collection Set: 0.7ms
[2023-08-11T21:03:39.483+0000][gc,phases     ] GC(481)   Other: 0.4ms
[2023-08-11T21:03:39.483+0000][gc,heap       ] GC(481) Eden regions: 328->0(350)
[2023-08-11T21:03:39.483+0000][gc,heap       ] GC(481) Survivor regions: 11->14(43)
[2023-08-11T21:03:39.483+0000][gc,heap       ] GC(481) Old regions: 202->202
[2023-08-11T21:03:39.483+0000][gc,heap       ] GC(481) Humongous regions: 149->149
[2023-08-11T21:03:39.483+0000][gc,metaspace  ] GC(481) Metaspace: 118431K(124132K)->118431K(124132K) NonClass: 104679K(107980K)->104679K(107980K) Class: 13751K(16152K)->13751K(16152K)
[2023-08-11T21:03:39.483+0000][gc            ] GC(481) Pause Young (Normal) (G1 Evacuation Pause) 689M->364M(1024M) 11.503ms
[2023-08-11T21:03:39.483+0000][gc,cpu        ] GC(481) User=0.07s Sys=0.00s Real=0.01s
[2023-08-11T21:05:14.034+0000][gc,start      ] GC(482) Pause Young (Normal) (G1 Evacuation Pause)
[2023-08-11T21:05:14.034+0000][gc,task       ] GC(482) Using 8 workers of 8 for evacuation
[2023-08-11T21:05:14.045+0000][gc,phases     ] GC(482)   Pre Evacuate Collection Set: 0.0ms
[2023-08-11T21:05:14.045+0000][gc,phases     ] GC(482)   Evacuate Collection Set: 10.4ms
[2023-08-11T21:05:14.045+0000][gc,phases     ] GC(482)   Post Evacuate Collection Set: 0.6ms
[2023-08-11T21:05:14.045+0000][gc,phases     ] GC(482)   Other: 0.4ms
[2023-08-11T21:05:14.045+0000][gc,heap       ] GC(482) Eden regions: 350->0(361)
[2023-08-11T21:05:14.045+0000][gc,heap       ] GC(482) Survivor regions: 14->18(46)
[2023-08-11T21:05:14.045+0000][gc,heap       ] GC(482) Old regions: 202->202
[2023-08-11T21:05:14.045+0000][gc,heap       ] GC(482) Humongous regions: 149->149
[2023-08-11T21:05:14.045+0000][gc,metaspace  ] GC(482) Metaspace: 118431K(124132K)->118431K(124132K) NonClass: 104679K(107980K)->104679K(107980K) Class: 13751K(16152K)->13751K(16152K)
[2023-08-11T21:05:14.045+0000][gc            ] GC(482) Pause Young (Normal) (G1 Evacuation Pause) 714M->368M(1024M) 11.506ms
[2023-08-11T21:05:14.045+0000][gc,cpu        ] GC(482) User=0.09s Sys=0.00s Real=0.01s
[2023-08-11T21:06:33.485+0000][gc,start      ] GC(483) Pause Young (Normal) (G1 Evacuation Pause)
[2023-08-11T21:06:33.485+0000][gc,task       ] GC(483) Using 8 workers of 8 for evacuation
[2023-08-11T21:06:33.498+0000][gc,phases     ] GC(483)   Pre Evacuate Collection Set: 0.0ms
[2023-08-11T21:06:33.498+0000][gc,phases     ] GC(483)   Evacuate Collection Set: 11.9ms
[2023-08-11T21:06:33.498+0000][gc,phases     ] GC(483)   Post Evacuate Collection Set: 0.6ms
[2023-08-11T21:06:33.498+0000][gc,phases     ] GC(483)   Other: 0.4ms
[2023-08-11T21:06:33.498+0000][gc,heap       ] GC(483) Eden regions: 361->0(375)
[2023-08-11T21:06:33.498+0000][gc,heap       ] GC(483) Survivor regions: 18->22(48)
[2023-08-11T21:06:33.498+0000][gc,heap       ] GC(483) Old regions: 202->202
[2023-08-11T21:06:33.498+0000][gc,heap       ] GC(483) Humongous regions: 149->149
[2023-08-11T21:06:33.498+0000][gc,metaspace  ] GC(483) Metaspace: 118431K(124132K)->118431K(124132K) NonClass: 104679K(107980K)->104679K(107980K) Class: 13751K(16152K)->13751K(16152K)
[2023-08-11T21:06:33.498+0000][gc            ] GC(483) Pause Young (Normal) (G1 Evacuation Pause) 729M->372M(1024M) 13.002ms
[2023-08-11T21:06:33.498+0000][gc,cpu        ] GC(483) User=0.09s Sys=0.00s Real=0.01s
[2023-08-11T21:08:18.048+0000][gc,start      ] GC(484) Pause Young (Normal) (G1 Evacuation Pause)
[2023-08-11T21:08:18.048+0000][gc,task       ] GC(484) Using 8 workers of 8 for evacuation
[2023-08-11T21:08:18.064+0000][gc,phases     ] GC(484)   Pre Evacuate Collection Set: 0.0ms
[2023-08-11T21:08:18.064+0000][gc,phases     ] GC(484)   Evacuate Collection Set: 14.5ms
[2023-08-11T21:08:18.064+0000][gc,phases     ] GC(484)   Post Evacuate Collection Set: 0.7ms
[2023-08-11T21:08:18.064+0000][gc,phases     ] GC(484)   Other: 0.4ms
[2023-08-11T21:08:18.064+0000][gc,heap       ] GC(484) Eden regions: 375->0(383)
[2023-08-11T21:08:18.064+0000][gc,heap       ] GC(484) Survivor regions: 22->27(50)
[2023-08-11T21:08:18.064+0000][gc,heap       ] GC(484) Old regions: 202->202
[2023-08-11T21:08:18.064+0000][gc,heap       ] GC(484) Humongous regions: 149->149
[2023-08-11T21:08:18.064+0000][gc,metaspace  ] GC(484) Metaspace: 118431K(124132K)->118431K(124132K) NonClass: 104679K(107980K)->104679K(107980K) Class: 13751K(16152K)->13751K(16152K)
[2023-08-11T21:08:18.064+0000][gc            ] GC(484) Pause Young (Normal) (G1 Evacuation Pause) 747M->377M(1024M) 15.583ms
[2023-08-11T21:08:18.064+0000][gc,cpu        ] GC(484) User=0.11s Sys=0.00s Real=0.02s
[2023-08-11T21:09:46.457+0000][gc,start      ] GC(485) Pause Young (Normal) (G1 Evacuation Pause)
[2023-08-11T21:09:46.457+0000][gc,task       ] GC(485) Using 8 workers of 8 for evacuation
[2023-08-11T21:09:46.474+0000][gc,phases     ] GC(485)   Pre Evacuate Collection Set: 0.0ms
[2023-08-11T21:09:46.474+0000][gc,phases     ] GC(485)   Evacuate Collection Set: 15.5ms
[2023-08-11T21:09:46.474+0000][gc,phases     ] GC(485)   Post Evacuate Collection Set: 0.7ms
[2023-08-11T21:09:46.474+0000][gc,phases     ] GC(485)   Other: 0.4ms
[2023-08-11T21:09:46.474+0000][gc,heap       ] GC(485) Eden regions: 383->0(380)
[2023-08-11T21:09:46.474+0000][gc,heap       ] GC(485) Survivor regions: 27->29(52)
[2023-08-11T21:09:46.474+0000][gc,heap       ] GC(485) Old regions: 202->202
[2023-08-11T21:09:46.474+0000][gc,heap       ] GC(485) Humongous regions: 149->149
[2023-08-11T21:09:46.474+0000][gc,metaspace  ] GC(485) Metaspace: 118431K(124132K)->118431K(124132K) NonClass: 104679K(107980K)->104679K(107980K) Class: 13751K(16152K)->13751K(16152K)
[2023-08-11T21:09:46.474+0000][gc            ] GC(485) Pause Young (Normal) (G1 Evacuation Pause) 760M->379M(1024M) 16.650ms
[2023-08-11T21:09:46.474+0000][gc,cpu        ] GC(485) User=0.12s Sys=0.00s Real=0.02s
[2023-08-11T21:11:24.448+0000][gc,start      ] GC(486) Pause Young (Normal) (G1 Evacuation Pause)
[2023-08-11T21:11:24.448+0000][gc,task       ] GC(486) Using 8 workers of 8 for evacuation
[2023-08-11T21:11:24.466+0000][gc,phases     ] GC(486)   Pre Evacuate Collection Set: 0.0ms
[2023-08-11T21:11:24.466+0000][gc,phases     ] GC(486)   Evacuate Collection Set: 17.2ms
[2023-08-11T21:11:24.466+0000][gc,phases     ] GC(486)   Post Evacuate Collection Set: 0.7ms
[2023-08-11T21:11:24.466+0000][gc,phases     ] GC(486)   Other: 0.3ms
[2023-08-11T21:11:24.466+0000][gc,heap       ] GC(486) Eden regions: 380->0(377)
[2023-08-11T21:11:24.466+0000][gc,heap       ] GC(486) Survivor regions: 29->32(52)
[2023-08-11T21:11:24.466+0000][gc,heap       ] GC(486) Old regions: 202->205
[2023-08-11T21:11:24.466+0000][gc,heap       ] GC(486) Humongous regions: 149->149
[2023-08-11T21:11:24.466+0000][gc,metaspace  ] GC(486) Metaspace: 118431K(124132K)->118431K(124132K) NonClass: 104679K(107980K)->104679K(107980K) Class: 13751K(16152K)->13751K(16152K)
[2023-08-11T21:11:24.466+0000][gc            ] GC(486) Pause Young (Normal) (G1 Evacuation Pause) 759M->385M(1024M) 18.340ms
[2023-08-11T21:11:24.466+0000][gc,cpu        ] GC(486) User=0.14s Sys=0.00s Real=0.02s
[2023-08-11T21:12:54.470+0000][gc,start      ] GC(487) Pause Young (Normal) (G1 Evacuation Pause)
[2023-08-11T21:12:54.470+0000][gc,task       ] GC(487) Using 8 workers of 8 for evacuation
[2023-08-11T21:12:54.489+0000][gc,phases     ] GC(487)   Pre Evacuate Collection Set: 0.0ms
[2023-08-11T21:12:54.490+0000][gc,phases     ] GC(487)   Evacuate Collection Set: 18.3ms
[2023-08-11T21:12:54.490+0000][gc,phases     ] GC(487)   Post Evacuate Collection Set: 0.7ms
[2023-08-11T21:12:54.490+0000][gc,phases     ] GC(487)   Other: 0.4ms
[2023-08-11T21:12:54.490+0000][gc,heap       ] GC(487) Eden regions: 377->0(359)
[2023-08-11T21:12:54.490+0000][gc,heap       ] GC(487) Survivor regions: 32->33(52)
[2023-08-11T21:12:54.490+0000][gc,heap       ] GC(487) Old regions: 205->210
[2023-08-11T21:12:54.490+0000][gc,heap       ] GC(487) Humongous regions: 149->149
[2023-08-11T21:12:54.490+0000][gc,metaspace  ] GC(487) Metaspace: 118431K(124132K)->118431K(124132K) NonClass: 104679K(107980K)->104679K(107980K) Class: 13751K(16152K)->13751K(16152K)
[2023-08-11T21:12:54.490+0000][gc            ] GC(487) Pause Young (Normal) (G1 Evacuation Pause) 762M->390M(1024M) 19.438ms
[2023-08-11T21:12:54.490+0000][gc,cpu        ] GC(487) User=0.15s Sys=0.00s Real=0.02s
[2023-08-11T21:14:09.476+0000][gc,start      ] GC(488) Pause Young (Normal) (G1 Evacuation Pause)
[2023-08-11T21:14:09.476+0000][gc,task       ] GC(488) Using 8 workers of 8 for evacuation
[2023-08-11T21:14:09.497+0000][gc,mmu        ] GC(488) MMU target violated: 20.7ms (20.0ms/21.0ms)
[2023-08-11T21:14:09.497+0000][gc,phases     ] GC(488)   Pre Evacuate Collection Set: 0.1ms
[2023-08-11T21:14:09.497+0000][gc,phases     ] GC(488)   Evacuate Collection Set: 19.8ms
[2023-08-11T21:14:09.497+0000][gc,phases     ] GC(488)   Post Evacuate Collection Set: 0.7ms
[2023-08-11T21:14:09.497+0000][gc,phases     ] GC(488)   Other: 0.6ms
[2023-08-11T21:14:09.497+0000][gc,heap       ] GC(488) Eden regions: 293->0(392)
[2023-08-11T21:14:09.497+0000][gc,heap       ] GC(488) Survivor regions: 33->25(41)
[2023-08-11T21:14:09.497+0000][gc,heap       ] GC(488) Old regions: 210->221
[2023-08-11T21:14:09.497+0000][gc,heap       ] GC(488) Humongous regions: 149->149
[2023-08-11T21:14:09.497+0000][gc,metaspace  ] GC(488) Metaspace: 118440K(124132K)->118440K(124132K) NonClass: 104688K(107980K)->104688K(107980K) Class: 13751K(16152K)->13751K(16152K)
[2023-08-11T21:14:09.497+0000][gc            ] GC(488) Pause Young (Normal) (G1 Evacuation Pause) 683M->394M(1024M) 21.083ms
[2023-08-11T21:14:09.497+0000][gc,cpu        ] GC(488) User=0.15s Sys=0.00s Real=0.02s
[2023-08-11T21:15:39.449+0000][gc,start      ] GC(489) Pause Young (Normal) (G1 Evacuation Pause)
[2023-08-11T21:15:39.449+0000][gc,task       ] GC(489) Using 8 workers of 8 for evacuation
[2023-08-11T21:15:39.465+0000][gc,phases     ] GC(489)   Pre Evacuate Collection Set: 0.0ms
[2023-08-11T21:15:39.465+0000][gc,phases     ] GC(489)   Evacuate Collection Set: 15.1ms
[2023-08-11T21:15:39.465+0000][gc,phases     ] GC(489)   Post Evacuate Collection Set: 0.7ms
[2023-08-11T21:15:39.465+0000][gc,phases     ] GC(489)   Other: 0.4ms
[2023-08-11T21:15:39.465+0000][gc,heap       ] GC(489) Eden regions: 369->0(386)
[2023-08-11T21:15:39.465+0000][gc,heap       ] GC(489) Survivor regions: 25->28(50)
[2023-08-11T21:15:39.465+0000][gc,heap       ] GC(489) Old regions: 221->221
[2023-08-11T21:15:39.465+0000][gc,heap       ] GC(489) Humongous regions: 149->149
[2023-08-11T21:15:39.465+0000][gc,metaspace  ] GC(489) Metaspace: 118440K(124132K)->118440K(124132K) NonClass: 104688K(107980K)->104688K(107980K) Class: 13751K(16152K)->13751K(16152K)
[2023-08-11T21:15:39.465+0000][gc            ] GC(489) Pause Young (Normal) (G1 Evacuation Pause) 763M->397M(1024M) 16.240ms
[2023-08-11T21:15:39.465+0000][gc,cpu        ] GC(489) User=0.12s Sys=0.00s Real=0.02s
[2023-08-11T21:16:56.064+0000][gc,start      ] GC(490) Pause Young (Normal) (G1 Evacuation Pause)
[2023-08-11T21:16:56.065+0000][gc,task       ] GC(490) Using 8 workers of 8 for evacuation
[2023-08-11T21:16:56.082+0000][gc,phases     ] GC(490)   Pre Evacuate Collection Set: 0.0ms
[2023-08-11T21:16:56.082+0000][gc,phases     ] GC(490)   Evacuate Collection Set: 16.3ms
[2023-08-11T21:16:56.082+0000][gc,phases     ] GC(490)   Post Evacuate Collection Set: 0.7ms
[2023-08-11T21:16:56.082+0000][gc,phases     ] GC(490)   Other: 0.3ms
[2023-08-11T21:16:56.082+0000][gc,heap       ] GC(490) Eden regions: 318->0(339)
[2023-08-11T21:16:56.082+0000][gc,heap       ] GC(490) Survivor regions: 28->24(44)
[2023-08-11T21:16:56.082+0000][gc,heap       ] GC(490) Old regions: 221->230
[2023-08-11T21:16:56.082+0000][gc,heap       ] GC(490) Humongous regions: 149->149
[2023-08-11T21:16:56.082+0000][gc,metaspace  ] GC(490) Metaspace: 118440K(124132K)->118440K(124132K) NonClass: 104688K(107980K)->104688K(107980K) Class: 13751K(16152K)->13751K(16152K)
[2023-08-11T21:16:56.082+0000][gc            ] GC(490) Pause Young (Normal) (G1 Evacuation Pause) 715M->401M(1024M) 17.383ms
[2023-08-11T21:16:56.082+0000][gc,cpu        ] GC(490) User=0.13s Sys=0.00s Real=0.02s
[2023-08-11T21:18:32.742+0000][gc,start      ] GC(491) Pause Young (Normal) (G1 Evacuation Pause)
[2023-08-11T21:18:32.742+0000][gc,task       ] GC(491) Using 8 workers of 8 for evacuation
[2023-08-11T21:18:32.757+0000][gc,phases     ] GC(491)   Pre Evacuate Collection Set: 0.0ms
[2023-08-11T21:18:32.757+0000][gc,phases     ] GC(491)   Evacuate Collection Set: 14.5ms
[2023-08-11T21:18:32.758+0000][gc,phases     ] GC(491)   Post Evacuate Collection Set: 0.7ms
[2023-08-11T21:18:32.758+0000][gc,phases     ] GC(491)   Other: 0.4ms
[2023-08-11T21:18:32.758+0000][gc,heap       ] GC(491) Eden regions: 339->0(339)
[2023-08-11T21:18:32.758+0000][gc,heap       ] GC(491) Survivor regions: 24->28(46)
[2023-08-11T21:18:32.758+0000][gc,heap       ] GC(491) Old regions: 230->230
[2023-08-11T21:18:32.758+0000][gc,heap       ] GC(491) Humongous regions: 149->149
[2023-08-11T21:18:32.758+0000][gc,metaspace  ] GC(491) Metaspace: 118440K(124132K)->118440K(124132K) NonClass: 104688K(107980K)->104688K(107980K) Class: 13751K(16152K)->13751K(16152K)
[2023-08-11T21:18:32.758+0000][gc            ] GC(491) Pause Young (Normal) (G1 Evacuation Pause) 740M->405M(1024M) 15.706ms
[2023-08-11T21:18:32.758+0000][gc,cpu        ] GC(491) User=0.11s Sys=0.00s Real=0.01s
[2023-08-11T21:19:54.334+0000][gc,start      ] GC(492) Pause Young (Normal) (G1 Evacuation Pause)
[2023-08-11T21:19:54.334+0000][gc,task       ] GC(492) Using 8 workers of 8 for evacuation
[2023-08-11T21:19:54.351+0000][gc,phases     ] GC(492)   Pre Evacuate Collection Set: 0.0ms
[2023-08-11T21:19:54.351+0000][gc,phases     ] GC(492)   Evacuate Collection Set: 16.0ms
[2023-08-11T21:19:54.351+0000][gc,phases     ] GC(492)   Post Evacuate Collection Set: 0.8ms
[2023-08-11T21:19:54.351+0000][gc,phases     ] GC(492)   Other: 0.4ms
[2023-08-11T21:19:54.351+0000][gc,heap       ] GC(492) Eden regions: 327->0(346)
[2023-08-11T21:19:54.351+0000][gc,heap       ] GC(492) Survivor regions: 28->27(45)
[2023-08-11T21:19:54.351+0000][gc,heap       ] GC(492) Old regions: 230->234
[2023-08-11T21:19:54.351+0000][gc,heap       ] GC(492) Humongous regions: 149->149
[2023-08-11T21:19:54.351+0000][gc,metaspace  ] GC(492) Metaspace: 118440K(124132K)->118440K(124132K) NonClass: 104688K(107980K)->104688K(107980K) Class: 13751K(16152K)->13751K(16152K)
[2023-08-11T21:19:54.351+0000][gc            ] GC(492) Pause Young (Normal) (G1 Evacuation Pause) 732M->409M(1024M) 17.274ms
[2023-08-11T21:19:54.351+0000][gc,cpu        ] GC(492) User=0.13s Sys=0.00s Real=0.02s
[2023-08-11T21:21:24.348+0000][gc,start      ] GC(493) Pause Young (Normal) (G1 Evacuation Pause)
[2023-08-11T21:21:24.348+0000][gc,task       ] GC(493) Using 8 workers of 8 for evacuation
[2023-08-11T21:21:24.365+0000][gc,phases     ] GC(493)   Pre Evacuate Collection Set: 0.0ms
[2023-08-11T21:21:24.365+0000][gc,phases     ] GC(493)   Evacuate Collection Set: 15.9ms
[2023-08-11T21:21:24.365+0000][gc,phases     ] GC(493)   Post Evacuate Collection Set: 0.7ms
[2023-08-11T21:21:24.365+0000][gc,phases     ] GC(493)   Other: 0.3ms
[2023-08-11T21:21:24.365+0000][gc,heap       ] GC(493) Eden regions: 346->0(356)
[2023-08-11T21:21:24.365+0000][gc,heap       ] GC(493) Survivor regions: 27->26(47)
[2023-08-11T21:21:24.365+0000][gc,heap       ] GC(493) Old regions: 234->238
[2023-08-11T21:21:24.365+0000][gc,heap       ] GC(493) Humongous regions: 149->149
[2023-08-11T21:21:24.365+0000][gc,metaspace  ] GC(493) Metaspace: 118440K(124132K)->118440K(124132K) NonClass: 104688K(107980K)->104688K(107980K) Class: 13751K(16152K)->13751K(16152K)
[2023-08-11T21:21:24.365+0000][gc            ] GC(493) Pause Young (Normal) (G1 Evacuation Pause) 755M->412M(1024M) 17.062ms
[2023-08-11T21:21:24.365+0000][gc,cpu        ] GC(493) User=0.12s Sys=0.00s Real=0.02s
[2023-08-11T21:22:35.568+0000][gc,start      ] GC(494) Pause Young (Normal) (G1 Evacuation Pause)
[2023-08-11T21:22:35.568+0000][gc,task       ] GC(494) Using 8 workers of 8 for evacuation
[2023-08-11T21:22:35.584+0000][gc,phases     ] GC(494)   Pre Evacuate Collection Set: 0.0ms
[2023-08-11T21:22:35.584+0000][gc,phases     ] GC(494)   Evacuate Collection Set: 15.1ms
[2023-08-11T21:22:35.584+0000][gc,phases     ] GC(494)   Post Evacuate Collection Set: 0.7ms
[2023-08-11T21:22:35.584+0000][gc,phases     ] GC(494)   Other: 0.3ms
[2023-08-11T21:22:35.584+0000][gc,heap       ] GC(494) Eden regions: 331->0(373)
[2023-08-11T21:22:35.584+0000][gc,heap       ] GC(494) Survivor regions: 26->26(45)
[2023-08-11T21:22:35.584+0000][gc,heap       ] GC(494) Old regions: 238->242
[2023-08-11T21:22:35.584+0000][gc,heap       ] GC(494) Humongous regions: 149->149
[2023-08-11T21:22:35.584+0000][gc,metaspace  ] GC(494) Metaspace: 118440K(124132K)->118440K(124132K) NonClass: 104688K(107980K)->104688K(107980K) Class: 13751K(16152K)->13751K(16152K)
[2023-08-11T21:22:35.584+0000][gc            ] GC(494) Pause Young (Normal) (G1 Evacuation Pause) 743M->415M(1024M) 16.172ms
[2023-08-11T21:22:35.584+0000][gc,cpu        ] GC(494) User=0.12s Sys=0.00s Real=0.02s
[2023-08-11T21:24:20.525+0000][gc,start      ] GC(495) Pause Young (Normal) (G1 Evacuation Pause)
[2023-08-11T21:24:20.525+0000][gc,task       ] GC(495) Using 8 workers of 8 for evacuation
[2023-08-11T21:24:20.541+0000][gc,phases     ] GC(495)   Pre Evacuate Collection Set: 0.0ms
[2023-08-11T21:24:20.541+0000][gc,phases     ] GC(495)   Evacuate Collection Set: 15.5ms
[2023-08-11T21:24:20.541+0000][gc,phases     ] GC(495)   Post Evacuate Collection Set: 0.7ms
[2023-08-11T21:24:20.541+0000][gc,phases     ] GC(495)   Other: 0.4ms
[2023-08-11T21:24:20.541+0000][gc,heap       ] GC(495) Eden regions: 373->0(382)
[2023-08-11T21:24:20.541+0000][gc,heap       ] GC(495) Survivor regions: 26->30(50)
[2023-08-11T21:24:20.541+0000][gc,heap       ] GC(495) Old regions: 242->242
[2023-08-11T21:24:20.541+0000][gc,heap       ] GC(495) Humongous regions: 149->149
[2023-08-11T21:24:20.541+0000][gc,metaspace  ] GC(495) Metaspace: 118440K(124132K)->118440K(124132K) NonClass: 104688K(107980K)->104688K(107980K) Class: 13751K(16152K)->13751K(16152K)
[2023-08-11T21:24:20.541+0000][gc            ] GC(495) Pause Young (Normal) (G1 Evacuation Pause) 788M->419M(1024M) 16.610ms
[2023-08-11T21:24:20.541+0000][gc,cpu        ] GC(495) User=0.13s Sys=0.00s Real=0.02s
[2023-08-11T21:25:34.103+0000][gc,start      ] GC(496) Pause Young (Normal) (G1 Evacuation Pause)
[2023-08-11T21:25:34.103+0000][gc,task       ] GC(496) Using 8 workers of 8 for evacuation
[2023-08-11T21:25:34.122+0000][gc,phases     ] GC(496)   Pre Evacuate Collection Set: 0.1ms
[2023-08-11T21:25:34.122+0000][gc,phases     ] GC(496)   Evacuate Collection Set: 17.2ms
[2023-08-11T21:25:34.122+0000][gc,phases     ] GC(496)   Post Evacuate Collection Set: 0.7ms
[2023-08-11T21:25:34.122+0000][gc,phases     ] GC(496)   Other: 0.4ms
[2023-08-11T21:25:34.122+0000][gc,heap       ] GC(496) Eden regions: 345->0(384)
[2023-08-11T21:25:34.122+0000][gc,heap       ] GC(496) Survivor regions: 30->26(47)
[2023-08-11T21:25:34.122+0000][gc,heap       ] GC(496) Old regions: 242->249
[2023-08-11T21:25:34.122+0000][gc,heap       ] GC(496) Humongous regions: 149->149
[2023-08-11T21:25:34.122+0000][gc,metaspace  ] GC(496) Metaspace: 118460K(124132K)->118460K(124132K) NonClass: 104708K(107980K)->104708K(107980K) Class: 13751K(16152K)->13751K(16152K)
[2023-08-11T21:25:34.122+0000][gc            ] GC(496) Pause Young (Normal) (G1 Evacuation Pause) 764M->423M(1024M) 18.340ms
[2023-08-11T21:25:34.122+0000][gc,cpu        ] GC(496) User=0.14s Sys=0.00s Real=0.02s
[2023-08-11T21:27:24.338+0000][gc,start      ] GC(497) Pause Young (Normal) (G1 Evacuation Pause)
[2023-08-11T21:27:24.338+0000][gc,task       ] GC(497) Using 8 workers of 8 for evacuation
[2023-08-11T21:27:24.355+0000][gc,phases     ] GC(497)   Pre Evacuate Collection Set: 0.0ms
[2023-08-11T21:27:24.355+0000][gc,phases     ] GC(497)   Evacuate Collection Set: 16.6ms
[2023-08-11T21:27:24.355+0000][gc,phases     ] GC(497)   Post Evacuate Collection Set: 0.6ms
[2023-08-11T21:27:24.355+0000][gc,phases     ] GC(497)   Other: 0.3ms
[2023-08-11T21:27:24.355+0000][gc,heap       ] GC(497) Eden regions: 384->0(384)
[2023-08-11T21:27:24.355+0000][gc,heap       ] GC(497) Survivor regions: 26->32(52)
[2023-08-11T21:27:24.355+0000][gc,heap       ] GC(497) Old regions: 249->249
[2023-08-11T21:27:24.355+0000][gc,heap       ] GC(497) Humongous regions: 149->149
[2023-08-11T21:27:24.355+0000][gc,metaspace  ] GC(497) Metaspace: 118460K(124132K)->118460K(124132K) NonClass: 104708K(107980K)->104708K(107980K) Class: 13751K(16152K)->13751K(16152K)
[2023-08-11T21:27:24.355+0000][gc            ] GC(497) Pause Young (Normal) (G1 Evacuation Pause) 807M->429M(1024M) 17.707ms
[2023-08-11T21:27:24.355+0000][gc,cpu        ] GC(497) User=0.13s Sys=0.00s Real=0.02s
[2023-08-11T21:28:34.557+0000][gc,start      ] GC(498) Pause Young (Normal) (G1 Evacuation Pause)
[2023-08-11T21:28:34.557+0000][gc,task       ] GC(498) Using 8 workers of 8 for evacuation
[2023-08-11T21:28:34.575+0000][gc,phases     ] GC(498)   Pre Evacuate Collection Set: 0.0ms
[2023-08-11T21:28:34.575+0000][gc,phases     ] GC(498)   Evacuate Collection Set: 17.0ms
[2023-08-11T21:28:34.575+0000][gc,phases     ] GC(498)   Post Evacuate Collection Set: 0.7ms
[2023-08-11T21:28:34.575+0000][gc,phases     ] GC(498)   Other: 0.3ms
[2023-08-11T21:28:34.575+0000][gc,heap       ] GC(498) Eden regions: 332->0(404)
[2023-08-11T21:28:34.575+0000][gc,heap       ] GC(498) Survivor regions: 32->26(46)
[2023-08-11T21:28:34.575+0000][gc,heap       ] GC(498) Old regions: 249->257
[2023-08-11T21:28:34.575+0000][gc,heap       ] GC(498) Humongous regions: 149->149
[2023-08-11T21:28:34.575+0000][gc,metaspace  ] GC(498) Metaspace: 118460K(124132K)->118460K(124132K) NonClass: 104708K(107980K)->104708K(107980K) Class: 13751K(16152K)->13751K(16152K)
[2023-08-11T21:28:34.575+0000][gc            ] GC(498) Pause Young (Normal) (G1 Evacuation Pause) 761M->431M(1024M) 18.101ms
[2023-08-11T21:28:34.575+0000][gc,cpu        ] GC(498) User=0.13s Sys=0.00s Real=0.02s
[2023-08-11T21:30:24.452+0000][gc,start      ] GC(499) Pause Young (Normal) (G1 Evacuation Pause)
[2023-08-11T21:30:24.452+0000][gc,task       ] GC(499) Using 8 workers of 8 for evacuation
[2023-08-11T21:30:24.470+0000][gc,phases     ] GC(499)   Pre Evacuate Collection Set: 0.0ms
[2023-08-11T21:30:24.470+0000][gc,phases     ] GC(499)   Evacuate Collection Set: 16.9ms
[2023-08-11T21:30:24.470+0000][gc,phases     ] GC(499)   Post Evacuate Collection Set: 0.7ms
[2023-08-11T21:30:24.470+0000][gc,phases     ] GC(499)   Other: 0.3ms
[2023-08-11T21:30:24.470+0000][gc,heap       ] GC(499) Eden regions: 404->0(392)
[2023-08-11T21:30:24.470+0000][gc,heap       ] GC(499) Survivor regions: 26->32(54)
[2023-08-11T21:30:24.470+0000][gc,heap       ] GC(499) Old regions: 257->257
[2023-08-11T21:30:24.470+0000][gc,heap       ] GC(499) Humongous regions: 149->149
[2023-08-11T21:30:24.470+0000][gc,metaspace  ] GC(499) Metaspace: 118461K(124132K)->118461K(124132K) NonClass: 104709K(107980K)->104709K(107980K) Class: 13751K(16152K)->13751K(16152K)
[2023-08-11T21:30:24.470+0000][gc            ] GC(499) Pause Young (Normal) (G1 Evacuation Pause) 835M->437M(1024M) 18.006ms
[2023-08-11T21:30:24.470+0000][gc,cpu        ] GC(499) User=0.14s Sys=0.00s Real=0.01s
[2023-08-11T21:31:54.469+0000][gc,start      ] GC(500) Pause Young (Normal) (G1 Evacuation Pause)
[2023-08-11T21:31:54.469+0000][gc,task       ] GC(500) Using 8 workers of 8 for evacuation
[2023-08-11T21:31:54.490+0000][gc,mmu        ] GC(500) MMU target violated: 21.0ms (20.0ms/21.0ms)
[2023-08-11T21:31:54.490+0000][gc,phases     ] GC(500)   Pre Evacuate Collection Set: 0.1ms
[2023-08-11T21:31:54.491+0000][gc,phases     ] GC(500)   Evacuate Collection Set: 20.6ms
[2023-08-11T21:31:54.491+0000][gc,phases     ] GC(500)   Post Evacuate Collection Set: 0.7ms
[2023-08-11T21:31:54.491+0000][gc,phases     ] GC(500)   Other: 0.5ms
[2023-08-11T21:31:54.491+0000][gc,heap       ] GC(500) Eden regions: 392->0(355)
[2023-08-11T21:31:54.491+0000][gc,heap       ] GC(500) Survivor regions: 32->32(53)
[2023-08-11T21:31:54.491+0000][gc,heap       ] GC(500) Old regions: 257->261
[2023-08-11T21:31:54.491+0000][gc,heap       ] GC(500) Humongous regions: 149->149
[2023-08-11T21:31:54.491+0000][gc,metaspace  ] GC(500) Metaspace: 118461K(124132K)->118461K(124132K) NonClass: 104709K(107980K)->104709K(107980K) Class: 13751K(16152K)->13751K(16152K)
[2023-08-11T21:31:54.491+0000][gc            ] GC(500) Pause Young (Normal) (G1 Evacuation Pause) 829M->440M(1024M) 21.992ms
[2023-08-11T21:31:54.491+0000][gc,cpu        ] GC(500) User=0.14s Sys=0.00s Real=0.02s
[2023-08-11T21:32:25.188+0000][gc,start      ] GC(501) Pause Young (Normal) (G1 Evacuation Pause)
[2023-08-11T21:32:25.188+0000][gc,task       ] GC(501) Using 8 workers of 8 for evacuation
[2023-08-11T21:32:25.205+0000][gc,phases     ] GC(501)   Pre Evacuate Collection Set: 0.0ms
[2023-08-11T21:32:25.205+0000][gc,phases     ] GC(501)   Evacuate Collection Set: 16.4ms
[2023-08-11T21:32:25.205+0000][gc,phases     ] GC(501)   Post Evacuate Collection Set: 0.6ms
[2023-08-11T21:32:25.205+0000][gc,phases     ] GC(501)   Other: 0.3ms
[2023-08-11T21:32:25.205+0000][gc,heap       ] GC(501) Eden regions: 126->0(426)
[2023-08-11T21:32:25.205+0000][gc,heap       ] GC(501) Survivor regions: 32->10(20)
[2023-08-11T21:32:25.205+0000][gc,heap       ] GC(501) Old regions: 261->284
[2023-08-11T21:32:25.205+0000][gc,heap       ] GC(501) Humongous regions: 149->149
[2023-08-11T21:32:25.205+0000][gc,metaspace  ] GC(501) Metaspace: 118461K(124132K)->118461K(124132K) NonClass: 104709K(107980K)->104709K(107980K) Class: 13751K(16152K)->13751K(16152K)
[2023-08-11T21:32:25.205+0000][gc            ] GC(501) Pause Young (Normal) (G1 Evacuation Pause) 566M->442M(1024M) 17.452ms
[2023-08-11T21:32:25.205+0000][gc,cpu        ] GC(501) User=0.13s Sys=0.00s Real=0.02s
[2023-08-11T21:34:09.476+0000][gc,start      ] GC(502) Pause Young (Normal) (G1 Evacuation Pause)
[2023-08-11T21:34:09.476+0000][gc,task       ] GC(502) Using 8 workers of 8 for evacuation
[2023-08-11T21:34:09.488+0000][gc,phases     ] GC(502)   Pre Evacuate Collection Set: 0.0ms
[2023-08-11T21:34:09.488+0000][gc,phases     ] GC(502)   Evacuate Collection Set: 10.8ms
[2023-08-11T21:34:09.488+0000][gc,phases     ] GC(502)   Post Evacuate Collection Set: 0.7ms
[2023-08-11T21:34:09.488+0000][gc,phases     ] GC(502)   Other: 0.4ms
[2023-08-11T21:34:09.488+0000][gc,heap       ] GC(502) Eden regions: 426->0(428)
[2023-08-11T21:34:09.488+0000][gc,heap       ] GC(502) Survivor regions: 10->14(55)
[2023-08-11T21:34:09.488+0000][gc,heap       ] GC(502) Old regions: 284->284
[2023-08-11T21:34:09.488+0000][gc,heap       ] GC(502) Humongous regions: 149->149
[2023-08-11T21:34:09.488+0000][gc,metaspace  ] GC(502) Metaspace: 118461K(124132K)->118461K(124132K) NonClass: 104709K(107980K)->104709K(107980K) Class: 13751K(16152K)->13751K(16152K)
[2023-08-11T21:34:09.488+0000][gc            ] GC(502) Pause Young (Normal) (G1 Evacuation Pause) 868M->446M(1024M) 11.968ms
[2023-08-11T21:34:09.488+0000][gc,cpu        ] GC(502) User=0.07s Sys=0.00s Real=0.01s
[2023-08-11T21:36:09.442+0000][gc,start      ] GC(503) Pause Young (Concurrent Start) (G1 Evacuation Pause)
[2023-08-11T21:36:09.442+0000][gc,task       ] GC(503) Using 8 workers of 8 for evacuation
[2023-08-11T21:36:09.455+0000][gc,phases     ] GC(503)   Pre Evacuate Collection Set: 0.5ms
[2023-08-11T21:36:09.455+0000][gc,phases     ] GC(503)   Evacuate Collection Set: 11.7ms
[2023-08-11T21:36:09.455+0000][gc,phases     ] GC(503)   Post Evacuate Collection Set: 0.6ms
[2023-08-11T21:36:09.455+0000][gc,phases     ] GC(503)   Other: 0.4ms
[2023-08-11T21:36:09.455+0000][gc,heap       ] GC(503) Eden regions: 428->0(430)
[2023-08-11T21:36:09.455+0000][gc,heap       ] GC(503) Survivor regions: 14->18(56)
[2023-08-11T21:36:09.455+0000][gc,heap       ] GC(503) Old regions: 284->284
[2023-08-11T21:36:09.455+0000][gc,heap       ] GC(503) Humongous regions: 149->149
[2023-08-11T21:36:09.455+0000][gc,metaspace  ] GC(503) Metaspace: 118461K(124132K)->118461K(124132K) NonClass: 104709K(107980K)->104709K(107980K) Class: 13751K(16152K)->13751K(16152K)
[2023-08-11T21:36:09.455+0000][gc            ] GC(503) Pause Young (Concurrent Start) (G1 Evacuation Pause) 874M->450M(1024M) 13.156ms
[2023-08-11T21:36:09.455+0000][gc,cpu        ] GC(503) User=0.09s Sys=0.00s Real=0.01s
[2023-08-11T21:36:09.455+0000][gc            ] GC(504) Concurrent Cycle
[2023-08-11T21:36:09.455+0000][gc,marking    ] GC(504) Concurrent Clear Claimed Marks
[2023-08-11T21:36:09.455+0000][gc,marking    ] GC(504) Concurrent Clear Claimed Marks 0.185ms
[2023-08-11T21:36:09.455+0000][gc,marking    ] GC(504) Concurrent Scan Root Regions
[2023-08-11T21:36:09.462+0000][gc,marking    ] GC(504) Concurrent Scan Root Regions 7.067ms
[2023-08-11T21:36:09.462+0000][gc,marking    ] GC(504) Concurrent Mark (39260.763s)
[2023-08-11T21:36:09.462+0000][gc,marking    ] GC(504) Concurrent Mark From Roots
[2023-08-11T21:36:09.462+0000][gc,task       ] GC(504) Using 2 workers of 2 for marking
[2023-08-11T21:36:09.541+0000][gc,marking    ] GC(504) Concurrent Mark From Roots 79.025ms
[2023-08-11T21:36:09.541+0000][gc,marking    ] GC(504) Concurrent Preclean
[2023-08-11T21:36:09.542+0000][gc,marking    ] GC(504) Concurrent Preclean 0.460ms
[2023-08-11T21:36:09.542+0000][gc,marking    ] GC(504) Concurrent Mark (39260.763s, 39260.843s) 79.553ms
[2023-08-11T21:36:09.542+0000][gc,start      ] GC(504) Pause Remark
[2023-08-11T21:36:09.551+0000][gc,stringtable] GC(504) Cleaned string and symbol table, strings: 43886 processed, 0 removed, symbols: 278403 processed, 1 removed
[2023-08-11T21:36:09.551+0000][gc            ] GC(504) Pause Remark 465M->461M(1024M) 9.491ms
[2023-08-11T21:36:09.551+0000][gc,cpu        ] GC(504) User=0.07s Sys=0.00s Real=0.01s
[2023-08-11T21:36:09.551+0000][gc,marking    ] GC(504) Concurrent Rebuild Remembered Sets
[2023-08-11T21:36:09.595+0000][gc,marking    ] GC(504) Concurrent Rebuild Remembered Sets 43.748ms
[2023-08-11T21:36:09.595+0000][gc,start      ] GC(504) Pause Cleanup
[2023-08-11T21:36:09.596+0000][gc            ] GC(504) Pause Cleanup 462M->462M(1024M) 0.251ms
[2023-08-11T21:36:09.596+0000][gc,cpu        ] GC(504) User=0.00s Sys=0.00s Real=0.00s
[2023-08-11T21:36:09.596+0000][gc,marking    ] GC(504) Concurrent Cleanup for Next Mark
[2023-08-11T21:36:09.597+0000][gc,marking    ] GC(504) Concurrent Cleanup for Next Mark 1.363ms
[2023-08-11T21:36:09.597+0000][gc            ] GC(504) Concurrent Cycle 142.406ms
[2023-08-11T21:37:39.469+0000][gc,start      ] GC(505) Pause Young (Prepare Mixed) (G1 Evacuation Pause)
[2023-08-11T21:37:39.470+0000][gc,task       ] GC(505) Using 8 workers of 8 for evacuation
[2023-08-11T21:37:39.484+0000][gc,phases     ] GC(505)   Pre Evacuate Collection Set: 0.0ms
[2023-08-11T21:37:39.484+0000][gc,phases     ] GC(505)   Evacuate Collection Set: 13.5ms
[2023-08-11T21:37:39.484+0000][gc,phases     ] GC(505)   Post Evacuate Collection Set: 0.7ms
[2023-08-11T21:37:39.484+0000][gc,phases     ] GC(505)   Other: 0.5ms
[2023-08-11T21:37:39.484+0000][gc,heap       ] GC(505) Eden regions: 401->0(27)
[2023-08-11T21:37:39.484+0000][gc,heap       ] GC(505) Survivor regions: 18->24(53)
[2023-08-11T21:37:39.484+0000][gc,heap       ] GC(505) Old regions: 280->280
[2023-08-11T21:37:39.484+0000][gc,heap       ] GC(505) Humongous regions: 149->149
[2023-08-11T21:37:39.484+0000][gc,metaspace  ] GC(505) Metaspace: 118461K(124132K)->118461K(124132K) NonClass: 104709K(107980K)->104709K(107980K) Class: 13751K(16152K)->13751K(16152K)
[2023-08-11T21:37:39.484+0000][gc            ] GC(505) Pause Young (Prepare Mixed) (G1 Evacuation Pause) 847M->452M(1024M) 14.790ms
[2023-08-11T21:37:39.484+0000][gc,cpu        ] GC(505) User=0.11s Sys=0.00s Real=0.02s
[2023-08-11T21:37:53.098+0000][gc,start      ] GC(506) Pause Young (Mixed) (G1 Evacuation Pause)
[2023-08-11T21:37:53.098+0000][gc,task       ] GC(506) Using 8 workers of 8 for evacuation
[2023-08-11T21:37:53.112+0000][gc,phases     ] GC(506)   Pre Evacuate Collection Set: 0.1ms
[2023-08-11T21:37:53.112+0000][gc,phases     ] GC(506)   Evacuate Collection Set: 13.0ms
[2023-08-11T21:37:53.112+0000][gc,phases     ] GC(506)   Post Evacuate Collection Set: 0.6ms
[2023-08-11T21:37:53.112+0000][gc,phases     ] GC(506)   Other: 0.3ms
[2023-08-11T21:37:53.112+0000][gc,heap       ] GC(506) Eden regions: 27->0(47)
[2023-08-11T21:37:53.112+0000][gc,heap       ] GC(506) Survivor regions: 24->4(7)
[2023-08-11T21:37:53.112+0000][gc,heap       ] GC(506) Old regions: 280->198
[2023-08-11T21:37:53.112+0000][gc,heap       ] GC(506) Humongous regions: 149->149
[2023-08-11T21:37:53.112+0000][gc,metaspace  ] GC(506) Metaspace: 118461K(124132K)->118461K(124132K) NonClass: 104709K(107980K)->104709K(107980K) Class: 13751K(16152K)->13751K(16152K)
[2023-08-11T21:37:53.112+0000][gc            ] GC(506) Pause Young (Mixed) (G1 Evacuation Pause) 479M->350M(1024M) 14.109ms
[2023-08-11T21:37:53.112+0000][gc,cpu        ] GC(506) User=0.10s Sys=0.00s Real=0.02s
[2023-08-11T21:37:55.205+0000][gc,start      ] GC(507) Pause Young (Mixed) (G1 Evacuation Pause)
[2023-08-11T21:37:55.205+0000][gc,task       ] GC(507) Using 8 workers of 8 for evacuation
[2023-08-11T21:37:55.212+0000][gc,phases     ] GC(507)   Pre Evacuate Collection Set: 0.1ms
[2023-08-11T21:37:55.212+0000][gc,phases     ] GC(507)   Evacuate Collection Set: 6.2ms
[2023-08-11T21:37:55.212+0000][gc,phases     ] GC(507)   Post Evacuate Collection Set: 0.5ms
[2023-08-11T21:37:55.212+0000][gc,phases     ] GC(507)   Other: 0.4ms
[2023-08-11T21:37:55.212+0000][gc,heap       ] GC(507) Eden regions: 47->0(537)
[2023-08-11T21:37:55.212+0000][gc,heap       ] GC(507) Survivor regions: 4->3(7)
[2023-08-11T21:37:55.212+0000][gc,heap       ] GC(507) Old regions: 198->164
[2023-08-11T21:37:55.212+0000][gc,heap       ] GC(507) Humongous regions: 149->149
[2023-08-11T21:37:55.213+0000][gc,metaspace  ] GC(507) Metaspace: 118461K(124132K)->118461K(124132K) NonClass: 104709K(107980K)->104709K(107980K) Class: 13751K(16152K)->13751K(16152K)
[2023-08-11T21:37:55.213+0000][gc            ] GC(507) Pause Young (Mixed) (G1 Evacuation Pause) 397M->315M(1024M) 7.257ms
[2023-08-11T21:37:55.213+0000][gc,cpu        ] GC(507) User=0.05s Sys=0.00s Real=0.01s
[2023-08-11T21:40:11.956+0000][gc,start      ] GC(508) Pause Young (Normal) (G1 Evacuation Pause)
[2023-08-11T21:40:11.956+0000][gc,task       ] GC(508) Using 8 workers of 8 for evacuation
[2023-08-11T21:40:11.967+0000][gc,phases     ] GC(508)   Pre Evacuate Collection Set: 0.0ms
[2023-08-11T21:40:11.967+0000][gc,phases     ] GC(508)   Evacuate Collection Set: 9.4ms
[2023-08-11T21:40:11.967+0000][gc,phases     ] GC(508)   Post Evacuate Collection Set: 0.7ms
[2023-08-11T21:40:11.967+0000][gc,phases     ] GC(508)   Other: 0.4ms
[2023-08-11T21:40:11.967+0000][gc,heap       ] GC(508) Eden regions: 537->0(536)
[2023-08-11T21:40:11.967+0000][gc,heap       ] GC(508) Survivor regions: 3->9(68)
[2023-08-11T21:40:11.967+0000][gc,heap       ] GC(508) Old regions: 164->164
[2023-08-11T21:40:11.967+0000][gc,heap       ] GC(508) Humongous regions: 149->149
[2023-08-11T21:40:11.967+0000][gc,metaspace  ] GC(508) Metaspace: 118461K(124132K)->118461K(124132K) NonClass: 104709K(107980K)->104709K(107980K) Class: 13751K(16152K)->13751K(16152K)
[2023-08-11T21:40:11.967+0000][gc            ] GC(508) Pause Young (Normal) (G1 Evacuation Pause) 852M->321M(1024M) 10.522ms
[2023-08-11T21:40:11.967+0000][gc,cpu        ] GC(508) User=0.07s Sys=0.00s Real=0.01s
[2023-08-11T21:42:24.456+0000][gc,start      ] GC(509) Pause Young (Normal) (G1 Evacuation Pause)
[2023-08-11T21:42:24.456+0000][gc,task       ] GC(509) Using 8 workers of 8 for evacuation
[2023-08-11T21:42:24.470+0000][gc,phases     ] GC(509)   Pre Evacuate Collection Set: 0.0ms
[2023-08-11T21:42:24.470+0000][gc,phases     ] GC(509)   Evacuate Collection Set: 13.1ms
[2023-08-11T21:42:24.471+0000][gc,phases     ] GC(509)   Post Evacuate Collection Set: 0.7ms
[2023-08-11T21:42:24.471+0000][gc,phases     ] GC(509)   Other: 0.4ms
[2023-08-11T21:42:24.471+0000][gc,heap       ] GC(509) Eden regions: 505->0(487)
[2023-08-11T21:42:24.471+0000][gc,heap       ] GC(509) Survivor regions: 9->20(65)
[2023-08-11T21:42:24.471+0000][gc,heap       ] GC(509) Old regions: 164->164
[2023-08-11T21:42:24.471+0000][gc,heap       ] GC(509) Humongous regions: 149->149
[2023-08-11T21:42:24.471+0000][gc,metaspace  ] GC(509) Metaspace: 118463K(124132K)->118463K(124132K) NonClass: 104711K(107980K)->104711K(107980K) Class: 13751K(16152K)->13751K(16152K)
[2023-08-11T21:42:24.471+0000][gc            ] GC(509) Pause Young (Normal) (G1 Evacuation Pause) 826M->332M(1024M) 14.227ms
[2023-08-11T21:42:24.471+0000][gc,cpu        ] GC(509) User=0.10s Sys=0.00s Real=0.01s
[2023-08-11T21:43:54.472+0000][gc,start      ] GC(510) Pause Young (Concurrent Start) (G1 Evacuation Pause)
[2023-08-11T21:43:54.472+0000][gc,task       ] GC(510) Using 8 workers of 8 for evacuation
[2023-08-11T21:43:54.490+0000][gc,phases     ] GC(510)   Pre Evacuate Collection Set: 0.4ms
[2023-08-11T21:43:54.490+0000][gc,phases     ] GC(510)   Evacuate Collection Set: 17.0ms
[2023-08-11T21:43:54.490+0000][gc,phases     ] GC(510)   Post Evacuate Collection Set: 0.7ms
[2023-08-11T21:43:54.490+0000][gc,phases     ] GC(510)   Other: 0.4ms
[2023-08-11T21:43:54.490+0000][gc,heap       ] GC(510) Eden regions: 404->0(386)
[2023-08-11T21:43:54.490+0000][gc,heap       ] GC(510) Survivor regions: 20->30(53)
[2023-08-11T21:43:54.490+0000][gc,heap       ] GC(510) Old regions: 164->164
[2023-08-11T21:43:54.490+0000][gc,heap       ] GC(510) Humongous regions: 149->149
[2023-08-11T21:43:54.490+0000][gc,metaspace  ] GC(510) Metaspace: 118463K(124132K)->118463K(124132K) NonClass: 104711K(107980K)->104711K(107980K) Class: 13751K(16152K)->13751K(16152K)
[2023-08-11T21:43:54.490+0000][gc            ] GC(510) Pause Young (Concurrent Start) (G1 Evacuation Pause) 736M->342M(1024M) 18.608ms
[2023-08-11T21:43:54.490+0000][gc,cpu        ] GC(510) User=0.13s Sys=0.00s Real=0.01s
[2023-08-11T21:43:54.490+0000][gc            ] GC(511) Concurrent Cycle
[2023-08-11T21:43:54.490+0000][gc,marking    ] GC(511) Concurrent Clear Claimed Marks
[2023-08-11T21:43:54.491+0000][gc,marking    ] GC(511) Concurrent Clear Claimed Marks 0.286ms
[2023-08-11T21:43:54.491+0000][gc,marking    ] GC(511) Concurrent Scan Root Regions
[2023-08-11T21:43:54.509+0000][gc,marking    ] GC(511) Concurrent Scan Root Regions 18.847ms
[2023-08-11T21:43:54.509+0000][gc,marking    ] GC(511) Concurrent Mark (39725.811s)
[2023-08-11T21:43:54.509+0000][gc,marking    ] GC(511) Concurrent Mark From Roots
[2023-08-11T21:43:54.509+0000][gc,task       ] GC(511) Using 2 workers of 2 for marking
[2023-08-11T21:43:54.575+0000][gc,marking    ] GC(511) Concurrent Mark From Roots 65.307ms
[2023-08-11T21:43:54.575+0000][gc,marking    ] GC(511) Concurrent Preclean
[2023-08-11T21:43:54.575+0000][gc,marking    ] GC(511) Concurrent Preclean 0.519ms
[2023-08-11T21:43:54.575+0000][gc,marking    ] GC(511) Concurrent Mark (39725.811s, 39725.877s) 65.930ms
[2023-08-11T21:43:54.576+0000][gc,start      ] GC(511) Pause Remark
[2023-08-11T21:43:54.585+0000][gc,stringtable] GC(511) Cleaned string and symbol table, strings: 43889 processed, 0 removed, symbols: 278402 processed, 0 removed
[2023-08-11T21:43:54.585+0000][gc            ] GC(511) Pause Remark 349M->349M(1024M) 9.207ms
[2023-08-11T21:43:54.585+0000][gc,cpu        ] GC(511) User=0.07s Sys=0.00s Real=0.01s
[2023-08-11T21:43:54.585+0000][gc,marking    ] GC(511) Concurrent Rebuild Remembered Sets
[2023-08-11T21:43:54.625+0000][gc,marking    ] GC(511) Concurrent Rebuild Remembered Sets 40.321ms
[2023-08-11T21:43:54.625+0000][gc,start      ] GC(511) Pause Cleanup
[2023-08-11T21:43:54.626+0000][gc            ] GC(511) Pause Cleanup 350M->350M(1024M) 0.252ms
[2023-08-11T21:43:54.626+0000][gc,cpu        ] GC(511) User=0.00s Sys=0.00s Real=0.00s
[2023-08-11T21:43:54.626+0000][gc,marking    ] GC(511) Concurrent Cleanup for Next Mark
[2023-08-11T21:43:54.627+0000][gc,marking    ] GC(511) Concurrent Cleanup for Next Mark 1.419ms
[2023-08-11T21:43:54.627+0000][gc            ] GC(511) Concurrent Cycle 137.073ms
[2023-08-11T21:44:23.893+0000][gc,start      ] GC(512) Pause Young (Prepare Mixed) (G1 Evacuation Pause)
[2023-08-11T21:44:23.893+0000][gc,task       ] GC(512) Using 8 workers of 8 for evacuation
[2023-08-11T21:44:23.920+0000][gc,mmu        ] GC(512) MMU target violated: 21.0ms (20.0ms/21.0ms)
[2023-08-11T21:44:23.920+0000][gc,phases     ] GC(512)   Pre Evacuate Collection Set: 0.1ms
[2023-08-11T21:44:23.920+0000][gc,phases     ] GC(512)   Evacuate Collection Set: 26.5ms
[2023-08-11T21:44:23.920+0000][gc,phases     ] GC(512)   Post Evacuate Collection Set: 0.7ms
[2023-08-11T21:44:23.920+0000][gc,phases     ] GC(512)   Other: 0.5ms
[2023-08-11T21:44:23.920+0000][gc,heap       ] GC(512) Eden regions: 83->0(47)
[2023-08-11T21:44:23.920+0000][gc,heap       ] GC(512) Survivor regions: 30->4(15)
[2023-08-11T21:44:23.920+0000][gc,heap       ] GC(512) Old regions: 164->189
[2023-08-11T21:44:23.920+0000][gc,heap       ] GC(512) Humongous regions: 149->149
[2023-08-11T21:44:23.920+0000][gc,metaspace  ] GC(512) Metaspace: 118463K(124132K)->118463K(124132K) NonClass: 104711K(107980K)->104711K(107980K) Class: 13751K(16152K)->13751K(16152K)
[2023-08-11T21:44:23.920+0000][gc            ] GC(512) Pause Young (Prepare Mixed) (G1 Evacuation Pause) 425M->341M(1024M) 27.873ms
[2023-08-11T21:44:23.920+0000][gc,cpu        ] GC(512) User=0.15s Sys=0.00s Real=0.03s
[2023-08-11T21:44:25.232+0000][gc,start      ] GC(513) Pause Young (Mixed) (G1 Evacuation Pause)
[2023-08-11T21:44:25.232+0000][gc,task       ] GC(513) Using 8 workers of 8 for evacuation
[2023-08-11T21:44:25.238+0000][gc,phases     ] GC(513)   Pre Evacuate Collection Set: 0.1ms
[2023-08-11T21:44:25.238+0000][gc,phases     ] GC(513)   Evacuate Collection Set: 5.3ms
[2023-08-11T21:44:25.238+0000][gc,phases     ] GC(513)   Post Evacuate Collection Set: 0.5ms
[2023-08-11T21:44:25.239+0000][gc,phases     ] GC(513)   Other: 0.4ms
[2023-08-11T21:44:25.239+0000][gc,heap       ] GC(513) Eden regions: 47->0(545)
[2023-08-11T21:44:25.239+0000][gc,heap       ] GC(513) Survivor regions: 4->4(7)
[2023-08-11T21:44:25.239+0000][gc,heap       ] GC(513) Old regions: 189->169
[2023-08-11T21:44:25.239+0000][gc,heap       ] GC(513) Humongous regions: 149->149
[2023-08-11T21:44:25.239+0000][gc,metaspace  ] GC(513) Metaspace: 118463K(124132K)->118463K(124132K) NonClass: 104711K(107980K)->104711K(107980K) Class: 13751K(16152K)->13751K(16152K)
[2023-08-11T21:44:25.239+0000][gc            ] GC(513) Pause Young (Mixed) (G1 Evacuation Pause) 388M->321M(1024M) 6.301ms
[2023-08-11T21:44:25.239+0000][gc,cpu        ] GC(513) User=0.04s Sys=0.00s Real=0.00s
[2023-08-11T21:46:46.967+0000][gc,start      ] GC(514) Pause Young (Normal) (G1 Evacuation Pause)
[2023-08-11T21:46:46.967+0000][gc,task       ] GC(514) Using 8 workers of 8 for evacuation
[2023-08-11T21:46:46.976+0000][gc,phases     ] GC(514)   Pre Evacuate Collection Set: 0.0ms
[2023-08-11T21:46:46.976+0000][gc,phases     ] GC(514)   Evacuate Collection Set: 8.0ms
[2023-08-11T21:46:46.976+0000][gc,phases     ] GC(514)   Post Evacuate Collection Set: 0.7ms
[2023-08-11T21:46:46.976+0000][gc,phases     ] GC(514)   Other: 0.3ms
[2023-08-11T21:46:46.976+0000][gc,heap       ] GC(514) Eden regions: 545->0(539)
[2023-08-11T21:46:46.976+0000][gc,heap       ] GC(514) Survivor regions: 4->11(69)
[2023-08-11T21:46:46.976+0000][gc,heap       ] GC(514) Old regions: 169->169
[2023-08-11T21:46:46.976+0000][gc,heap       ] GC(514) Humongous regions: 149->149
[2023-08-11T21:46:46.976+0000][gc,metaspace  ] GC(514) Metaspace: 118463K(124132K)->118463K(124132K) NonClass: 104711K(107980K)->104711K(107980K) Class: 13751K(16152K)->13751K(16152K)
[2023-08-11T21:46:46.976+0000][gc            ] GC(514) Pause Young (Normal) (G1 Evacuation Pause) 866M->328M(1024M) 9.178ms
[2023-08-11T21:46:46.976+0000][gc,cpu        ] GC(514) User=0.07s Sys=0.00s Real=0.01s
[2023-08-11T21:48:54.558+0000][gc,start      ] GC(515) Pause Young (Normal) (G1 Evacuation Pause)
[2023-08-11T21:48:54.558+0000][gc,task       ] GC(515) Using 8 workers of 8 for evacuation
[2023-08-11T21:48:54.569+0000][gc,phases     ] GC(515)   Pre Evacuate Collection Set: 0.0ms
[2023-08-11T21:48:54.569+0000][gc,phases     ] GC(515)   Evacuate Collection Set: 9.9ms
[2023-08-11T21:48:54.569+0000][gc,phases     ] GC(515)   Post Evacuate Collection Set: 0.7ms
[2023-08-11T21:48:54.569+0000][gc,phases     ] GC(515)   Other: 0.4ms
[2023-08-11T21:48:54.569+0000][gc,heap       ] GC(515) Eden regions: 539->0(545)
[2023-08-11T21:48:54.569+0000][gc,heap       ] GC(515) Survivor regions: 11->16(69)
[2023-08-11T21:48:54.569+0000][gc,heap       ] GC(515) Old regions: 169->169
[2023-08-11T21:48:54.569+0000][gc,heap       ] GC(515) Humongous regions: 149->149
[2023-08-11T21:48:54.569+0000][gc,metaspace  ] GC(515) Metaspace: 118463K(124132K)->118463K(124132K) NonClass: 104711K(107980K)->104711K(107980K) Class: 13751K(16152K)->13751K(16152K)
[2023-08-11T21:48:54.569+0000][gc            ] GC(515) Pause Young (Normal) (G1 Evacuation Pause) 867M->333M(1024M) 11.140ms
[2023-08-11T21:48:54.569+0000][gc,cpu        ] GC(515) User=0.08s Sys=0.00s Real=0.01s
[2023-08-11T21:51:24.371+0000][gc,start      ] GC(516) Pause Young (Concurrent Start) (G1 Evacuation Pause)
[2023-08-11T21:51:24.371+0000][gc,task       ] GC(516) Using 8 workers of 8 for evacuation
[2023-08-11T21:51:24.386+0000][gc,phases     ] GC(516)   Pre Evacuate Collection Set: 0.5ms
[2023-08-11T21:51:24.386+0000][gc,phases     ] GC(516)   Evacuate Collection Set: 13.9ms
[2023-08-11T21:51:24.386+0000][gc,phases     ] GC(516)   Post Evacuate Collection Set: 0.7ms
[2023-08-11T21:51:24.386+0000][gc,phases     ] GC(516)   Other: 0.4ms
[2023-08-11T21:51:24.386+0000][gc,heap       ] GC(516) Eden regions: 545->0(489)
[2023-08-11T21:51:24.386+0000][gc,heap       ] GC(516) Survivor regions: 16->24(71)
[2023-08-11T21:51:24.386+0000][gc,heap       ] GC(516) Old regions: 169->169
[2023-08-11T21:51:24.386+0000][gc,heap       ] GC(516) Humongous regions: 149->149
[2023-08-11T21:51:24.386+0000][gc,metaspace  ] GC(516) Metaspace: 118463K(124132K)->118463K(124132K) NonClass: 104711K(107980K)->104711K(107980K) Class: 13751K(16152K)->13751K(16152K)
[2023-08-11T21:51:24.386+0000][gc            ] GC(516) Pause Young (Concurrent Start) (G1 Evacuation Pause) 878M->341M(1024M) 15.560ms
[2023-08-11T21:51:24.386+0000][gc,cpu        ] GC(516) User=0.11s Sys=0.00s Real=0.02s
[2023-08-11T21:51:24.386+0000][gc            ] GC(517) Concurrent Cycle
[2023-08-11T21:51:24.386+0000][gc,marking    ] GC(517) Concurrent Clear Claimed Marks
[2023-08-11T21:51:24.387+0000][gc,marking    ] GC(517) Concurrent Clear Claimed Marks 0.437ms
[2023-08-11T21:51:24.387+0000][gc,marking    ] GC(517) Concurrent Scan Root Regions
[2023-08-11T21:51:24.395+0000][gc,marking    ] GC(517) Concurrent Scan Root Regions 8.380ms
[2023-08-11T21:51:24.395+0000][gc,marking    ] GC(517) Concurrent Mark (40175.697s)
[2023-08-11T21:51:24.395+0000][gc,marking    ] GC(517) Concurrent Mark From Roots
[2023-08-11T21:51:24.395+0000][gc,task       ] GC(517) Using 2 workers of 2 for marking
[2023-08-11T21:51:24.473+0000][gc,marking    ] GC(517) Concurrent Mark From Roots 77.704ms
[2023-08-11T21:51:24.473+0000][gc,marking    ] GC(517) Concurrent Preclean
[2023-08-11T21:51:24.474+0000][gc,marking    ] GC(517) Concurrent Preclean 0.484ms
[2023-08-11T21:51:24.474+0000][gc,marking    ] GC(517) Concurrent Mark (40175.697s, 40175.775s) 78.268ms
[2023-08-11T21:51:24.474+0000][gc,start      ] GC(517) Pause Remark
[2023-08-11T21:51:24.485+0000][gc,stringtable] GC(517) Cleaned string and symbol table, strings: 43889 processed, 0 removed, symbols: 278403 processed, 1 removed
[2023-08-11T21:51:24.485+0000][gc            ] GC(517) Pause Remark 361M->355M(1024M) 11.256ms
[2023-08-11T21:51:24.485+0000][gc,cpu        ] GC(517) User=0.07s Sys=0.00s Real=0.01s
[2023-08-11T21:51:24.485+0000][gc,marking    ] GC(517) Concurrent Rebuild Remembered Sets
[2023-08-11T21:51:24.540+0000][gc,marking    ] GC(517) Concurrent Rebuild Remembered Sets 54.381ms
[2023-08-11T21:51:24.540+0000][gc,start      ] GC(517) Pause Cleanup
[2023-08-11T21:51:24.540+0000][gc            ] GC(517) Pause Cleanup 361M->361M(1024M) 0.243ms
[2023-08-11T21:51:24.540+0000][gc,cpu        ] GC(517) User=0.00s Sys=0.00s Real=0.00s
[2023-08-11T21:51:24.540+0000][gc,marking    ] GC(517) Concurrent Cleanup for Next Mark
[2023-08-11T21:51:24.541+0000][gc,marking    ] GC(517) Concurrent Cleanup for Next Mark 1.356ms
[2023-08-11T21:51:24.542+0000][gc            ] GC(517) Concurrent Cycle 155.157ms
[2023-08-11T21:52:54.461+0000][gc,start      ] GC(518) Pause Young (Prepare Mixed) (G1 Evacuation Pause)
[2023-08-11T21:52:54.461+0000][gc,task       ] GC(518) Using 8 workers of 8 for evacuation
[2023-08-11T21:52:54.479+0000][gc,phases     ] GC(518)   Pre Evacuate Collection Set: 0.0ms
[2023-08-11T21:52:54.479+0000][gc,phases     ] GC(518)   Evacuate Collection Set: 16.6ms
[2023-08-11T21:52:54.479+0000][gc,phases     ] GC(518)   Post Evacuate Collection Set: 0.8ms
[2023-08-11T21:52:54.479+0000][gc,phases     ] GC(518)   Other: 0.4ms
[2023-08-11T21:52:54.479+0000][gc,heap       ] GC(518) Eden regions: 390->0(23)
[2023-08-11T21:52:54.479+0000][gc,heap       ] GC(518) Survivor regions: 24->28(52)
[2023-08-11T21:52:54.479+0000][gc,heap       ] GC(518) Old regions: 163->163
[2023-08-11T21:52:54.479+0000][gc,heap       ] GC(518) Humongous regions: 149->149
[2023-08-11T21:52:54.479+0000][gc,metaspace  ] GC(518) Metaspace: 118463K(124132K)->118463K(124132K) NonClass: 104711K(107980K)->104711K(107980K) Class: 13751K(16152K)->13751K(16152K)
[2023-08-11T21:52:54.479+0000][gc            ] GC(518) Pause Young (Prepare Mixed) (G1 Evacuation Pause) 725M->339M(1024M) 17.961ms
[2023-08-11T21:52:54.479+0000][gc,cpu        ] GC(518) User=0.12s Sys=0.00s Real=0.02s
[2023-08-11T21:52:58.764+0000][gc,start      ] GC(519) Pause Young (Mixed) (G1 Evacuation Pause)
[2023-08-11T21:52:58.764+0000][gc,task       ] GC(519) Using 8 workers of 8 for evacuation
[2023-08-11T21:52:58.779+0000][gc,phases     ] GC(519)   Pre Evacuate Collection Set: 0.1ms
[2023-08-11T21:52:58.780+0000][gc,phases     ] GC(519)   Evacuate Collection Set: 15.0ms
[2023-08-11T21:52:58.780+0000][gc,phases     ] GC(519)   Post Evacuate Collection Set: 0.6ms
[2023-08-11T21:52:58.780+0000][gc,phases     ] GC(519)   Other: 0.4ms
[2023-08-11T21:52:58.780+0000][gc,heap       ] GC(519) Eden regions: 23->0(561)
[2023-08-11T21:52:58.780+0000][gc,heap       ] GC(519) Survivor regions: 28->4(7)
[2023-08-11T21:52:58.780+0000][gc,heap       ] GC(519) Old regions: 163->167
[2023-08-11T21:52:58.780+0000][gc,heap       ] GC(519) Humongous regions: 149->149
[2023-08-11T21:52:58.780+0000][gc,metaspace  ] GC(519) Metaspace: 118463K(124132K)->118463K(124132K) NonClass: 104711K(107980K)->104711K(107980K) Class: 13751K(16152K)->13751K(16152K)
[2023-08-11T21:52:58.780+0000][gc            ] GC(519) Pause Young (Mixed) (G1 Evacuation Pause) 362M->319M(1024M) 16.077ms
[2023-08-11T21:52:58.780+0000][gc,cpu        ] GC(519) User=0.12s Sys=0.00s Real=0.02s
[2023-08-11T21:55:20.549+0000][gc,start      ] GC(520) Pause Young (Normal) (G1 Evacuation Pause)
[2023-08-11T21:55:20.549+0000][gc,task       ] GC(520) Using 8 workers of 8 for evacuation
[2023-08-11T21:55:20.558+0000][gc,phases     ] GC(520)   Pre Evacuate Collection Set: 0.0ms
[2023-08-11T21:55:20.558+0000][gc,phases     ] GC(520)   Evacuate Collection Set: 8.0ms
[2023-08-11T21:55:20.558+0000][gc,phases     ] GC(520)   Post Evacuate Collection Set: 0.7ms
[2023-08-11T21:55:20.558+0000][gc,phases     ] GC(520)   Other: 0.4ms
[2023-08-11T21:55:20.558+0000][gc,heap       ] GC(520) Eden regions: 561->0(558)
[2023-08-11T21:55:20.558+0000][gc,heap       ] GC(520) Survivor regions: 4->10(71)
[2023-08-11T21:55:20.558+0000][gc,heap       ] GC(520) Old regions: 167->167
[2023-08-11T21:55:20.558+0000][gc,heap       ] GC(520) Humongous regions: 149->149
[2023-08-11T21:55:20.558+0000][gc,metaspace  ] GC(520) Metaspace: 118478K(124132K)->118478K(124132K) NonClass: 104726K(107980K)->104726K(107980K) Class: 13751K(16152K)->13751K(16152K)
[2023-08-11T21:55:20.558+0000][gc            ] GC(520) Pause Young (Normal) (G1 Evacuation Pause) 880M->324M(1024M) 9.138ms
[2023-08-11T21:55:20.558+0000][gc,cpu        ] GC(520) User=0.06s Sys=0.00s Real=0.01s
[2023-08-11T21:57:32.960+0000][gc,start      ] GC(521) Pause Young (Normal) (G1 Evacuation Pause)
[2023-08-11T21:57:32.960+0000][gc,task       ] GC(521) Using 8 workers of 8 for evacuation
[2023-08-11T21:57:32.972+0000][gc,phases     ] GC(521)   Pre Evacuate Collection Set: 0.0ms
[2023-08-11T21:57:32.972+0000][gc,phases     ] GC(521)   Evacuate Collection Set: 10.8ms
[2023-08-11T21:57:32.972+0000][gc,phases     ] GC(521)   Post Evacuate Collection Set: 0.7ms
[2023-08-11T21:57:32.972+0000][gc,phases     ] GC(521)   Other: 0.3ms
[2023-08-11T21:57:32.972+0000][gc,heap       ] GC(521) Eden regions: 558->0(548)
[2023-08-11T21:57:32.972+0000][gc,heap       ] GC(521) Survivor regions: 10->20(71)
[2023-08-11T21:57:32.972+0000][gc,heap       ] GC(521) Old regions: 167->167
[2023-08-11T21:57:32.972+0000][gc,heap       ] GC(521) Humongous regions: 149->149
[2023-08-11T21:57:32.972+0000][gc,metaspace  ] GC(521) Metaspace: 118478K(124132K)->118478K(124132K) NonClass: 104726K(107980K)->104726K(107980K) Class: 13751K(16152K)->13751K(16152K)
[2023-08-11T21:57:32.972+0000][gc            ] GC(521) Pause Young (Normal) (G1 Evacuation Pause) 882M->335M(1024M) 11.913ms
[2023-08-11T21:57:32.972+0000][gc,cpu        ] GC(521) User=0.09s Sys=0.00s Real=0.01s
[2023-08-11T22:00:02.734+0000][gc,start      ] GC(522) Pause Young (Concurrent Start) (G1 Evacuation Pause)
[2023-08-11T22:00:02.734+0000][gc,task       ] GC(522) Using 8 workers of 8 for evacuation
[2023-08-11T22:00:02.749+0000][gc,phases     ] GC(522)   Pre Evacuate Collection Set: 0.5ms
[2023-08-11T22:00:02.749+0000][gc,phases     ] GC(522)   Evacuate Collection Set: 14.1ms
[2023-08-11T22:00:02.749+0000][gc,phases     ] GC(522)   Post Evacuate Collection Set: 0.7ms
[2023-08-11T22:00:02.749+0000][gc,phases     ] GC(522)   Other: 0.4ms
[2023-08-11T22:00:02.749+0000][gc,heap       ] GC(522) Eden regions: 548->0(547)
[2023-08-11T22:00:02.749+0000][gc,heap       ] GC(522) Survivor regions: 20->23(71)
[2023-08-11T22:00:02.749+0000][gc,heap       ] GC(522) Old regions: 167->167
[2023-08-11T22:00:02.749+0000][gc,heap       ] GC(522) Humongous regions: 149->149
[2023-08-11T22:00:02.750+0000][gc,metaspace  ] GC(522) Metaspace: 118478K(124132K)->118478K(124132K) NonClass: 104726K(107980K)->104726K(107980K) Class: 13751K(16152K)->13751K(16152K)
[2023-08-11T22:00:02.750+0000][gc            ] GC(522) Pause Young (Concurrent Start) (G1 Evacuation Pause) 883M->338M(1024M) 15.730ms
[2023-08-11T22:00:02.750+0000][gc,cpu        ] GC(522) User=0.12s Sys=0.00s Real=0.01s
[2023-08-11T22:00:02.750+0000][gc            ] GC(523) Concurrent Cycle
[2023-08-11T22:00:02.750+0000][gc,marking    ] GC(523) Concurrent Clear Claimed Marks
[2023-08-11T22:00:02.750+0000][gc,marking    ] GC(523) Concurrent Clear Claimed Marks 0.296ms
[2023-08-11T22:00:02.750+0000][gc,marking    ] GC(523) Concurrent Scan Root Regions
[2023-08-11T22:00:02.758+0000][gc,marking    ] GC(523) Concurrent Scan Root Regions 8.038ms
[2023-08-11T22:00:02.758+0000][gc,marking    ] GC(523) Concurrent Mark (40694.059s)
[2023-08-11T22:00:02.758+0000][gc,marking    ] GC(523) Concurrent Mark From Roots
[2023-08-11T22:00:02.758+0000][gc,task       ] GC(523) Using 2 workers of 2 for marking
[2023-08-11T22:00:02.822+0000][gc,marking    ] GC(523) Concurrent Mark From Roots 64.149ms
[2023-08-11T22:00:02.822+0000][gc,marking    ] GC(523) Concurrent Preclean
[2023-08-11T22:00:02.823+0000][gc,marking    ] GC(523) Concurrent Preclean 0.486ms
[2023-08-11T22:00:02.823+0000][gc,marking    ] GC(523) Concurrent Mark (40694.059s, 40694.124s) 64.716ms
[2023-08-11T22:00:02.823+0000][gc,start      ] GC(523) Pause Remark
[2023-08-11T22:00:02.832+0000][gc,stringtable] GC(523) Cleaned string and symbol table, strings: 43892 processed, 0 removed, symbols: 278402 processed, 0 removed
[2023-08-11T22:00:02.833+0000][gc            ] GC(523) Pause Remark 349M->349M(1024M) 9.526ms
[2023-08-11T22:00:02.833+0000][gc,cpu        ] GC(523) User=0.07s Sys=0.00s Real=0.01s
[2023-08-11T22:00:02.833+0000][gc,marking    ] GC(523) Concurrent Rebuild Remembered Sets
[2023-08-11T22:00:02.874+0000][gc,marking    ] GC(523) Concurrent Rebuild Remembered Sets 41.121ms
[2023-08-11T22:00:02.874+0000][gc,start      ] GC(523) Pause Cleanup
[2023-08-11T22:00:02.874+0000][gc            ] GC(523) Pause Cleanup 350M->350M(1024M) 0.221ms
[2023-08-11T22:00:02.874+0000][gc,cpu        ] GC(523) User=0.00s Sys=0.00s Real=0.00s
[2023-08-11T22:00:02.874+0000][gc,marking    ] GC(523) Concurrent Cleanup for Next Mark
[2023-08-11T22:00:02.876+0000][gc,marking    ] GC(523) Concurrent Cleanup for Next Mark 1.371ms
[2023-08-11T22:00:02.876+0000][gc            ] GC(523) Concurrent Cycle 126.054ms
[2023-08-11T22:01:33.933+0000][gc,start      ] GC(524) Pause Young (Prepare Mixed) (G1 Evacuation Pause)
[2023-08-11T22:01:33.933+0000][gc,task       ] GC(524) Using 8 workers of 8 for evacuation
[2023-08-11T22:01:33.952+0000][gc,phases     ] GC(524)   Pre Evacuate Collection Set: 0.1ms
[2023-08-11T22:01:33.952+0000][gc,phases     ] GC(524)   Evacuate Collection Set: 17.3ms
[2023-08-11T22:01:33.952+0000][gc,phases     ] GC(524)   Post Evacuate Collection Set: 0.7ms
[2023-08-11T22:01:33.952+0000][gc,phases     ] GC(524)   Other: 0.5ms
[2023-08-11T22:01:33.952+0000][gc,heap       ] GC(524) Eden regions: 406->0(25)
[2023-08-11T22:01:33.952+0000][gc,heap       ] GC(524) Survivor regions: 23->26(54)
[2023-08-11T22:01:33.952+0000][gc,heap       ] GC(524) Old regions: 167->167
[2023-08-11T22:01:33.952+0000][gc,heap       ] GC(524) Humongous regions: 149->149
[2023-08-11T22:01:33.952+0000][gc,metaspace  ] GC(524) Metaspace: 118479K(124132K)->118479K(124132K) NonClass: 104727K(107980K)->104727K(107980K) Class: 13751K(16152K)->13751K(16152K)
[2023-08-11T22:01:33.952+0000][gc            ] GC(524) Pause Young (Prepare Mixed) (G1 Evacuation Pause) 744M->341M(1024M) 18.639ms
[2023-08-11T22:01:33.952+0000][gc,cpu        ] GC(524) User=0.12s Sys=0.00s Real=0.02s
[2023-08-11T22:01:41.463+0000][gc,start      ] GC(525) Pause Young (Mixed) (G1 Evacuation Pause)
[2023-08-11T22:01:41.463+0000][gc,task       ] GC(525) Using 8 workers of 8 for evacuation
[2023-08-11T22:01:41.479+0000][gc,phases     ] GC(525)   Pre Evacuate Collection Set: 0.1ms
[2023-08-11T22:01:41.479+0000][gc,phases     ] GC(525)   Evacuate Collection Set: 15.5ms
[2023-08-11T22:01:41.479+0000][gc,phases     ] GC(525)   Post Evacuate Collection Set: 0.6ms
[2023-08-11T22:01:41.479+0000][gc,phases     ] GC(525)   Other: 0.5ms
[2023-08-11T22:01:41.479+0000][gc,heap       ] GC(525) Eden regions: 25->0(566)
[2023-08-11T22:01:41.479+0000][gc,heap       ] GC(525) Survivor regions: 26->4(7)
[2023-08-11T22:01:41.479+0000][gc,heap       ] GC(525) Old regions: 167->168
[2023-08-11T22:01:41.479+0000][gc,heap       ] GC(525) Humongous regions: 149->149
[2023-08-11T22:01:41.479+0000][gc,metaspace  ] GC(525) Metaspace: 118479K(124132K)->118479K(124132K) NonClass: 104727K(107980K)->104727K(107980K) Class: 13751K(16152K)->13751K(16152K)
[2023-08-11T22:01:41.479+0000][gc            ] GC(525) Pause Young (Mixed) (G1 Evacuation Pause) 366M->320M(1024M) 16.709ms
[2023-08-11T22:01:41.480+0000][gc,cpu        ] GC(525) User=0.11s Sys=0.01s Real=0.02s
[2023-08-11T22:04:02.736+0000][gc,start      ] GC(526) Pause Young (Normal) (G1 Evacuation Pause)
[2023-08-11T22:04:02.736+0000][gc,task       ] GC(526) Using 8 workers of 8 for evacuation
[2023-08-11T22:04:02.744+0000][gc,phases     ] GC(526)   Pre Evacuate Collection Set: 0.0ms
[2023-08-11T22:04:02.745+0000][gc,phases     ] GC(526)   Evacuate Collection Set: 7.8ms
[2023-08-11T22:04:02.745+0000][gc,phases     ] GC(526)   Post Evacuate Collection Set: 0.7ms
[2023-08-11T22:04:02.745+0000][gc,phases     ] GC(526)   Other: 0.3ms
[2023-08-11T22:04:02.745+0000][gc,heap       ] GC(526) Eden regions: 566->0(563)
[2023-08-11T22:04:02.745+0000][gc,heap       ] GC(526) Survivor regions: 4->9(72)
[2023-08-11T22:04:02.745+0000][gc,heap       ] GC(526) Old regions: 168->168
[2023-08-11T22:04:02.745+0000][gc,heap       ] GC(526) Humongous regions: 149->149
[2023-08-11T22:04:02.745+0000][gc,metaspace  ] GC(526) Metaspace: 118479K(124132K)->118479K(124132K) NonClass: 104727K(107980K)->104727K(107980K) Class: 13751K(16152K)->13751K(16152K)
[2023-08-11T22:04:02.745+0000][gc            ] GC(526) Pause Young (Normal) (G1 Evacuation Pause) 886M->325M(1024M) 8.956ms
[2023-08-11T22:04:02.745+0000][gc,cpu        ] GC(526) User=0.06s Sys=0.00s Real=0.01s
[2023-08-11T22:06:32.741+0000][gc,start      ] GC(527) Pause Young (Normal) (G1 Evacuation Pause)
[2023-08-11T22:06:32.741+0000][gc,task       ] GC(527) Using 8 workers of 8 for evacuation
[2023-08-11T22:06:32.753+0000][gc,phases     ] GC(527)   Pre Evacuate Collection Set: 0.0ms
[2023-08-11T22:06:32.753+0000][gc,phases     ] GC(527)   Evacuate Collection Set: 10.9ms
[2023-08-11T22:06:32.753+0000][gc,phases     ] GC(527)   Post Evacuate Collection Set: 0.7ms
[2023-08-11T22:06:32.753+0000][gc,phases     ] GC(527)   Other: 0.3ms
[2023-08-11T22:06:32.753+0000][gc,heap       ] GC(527) Eden regions: 563->0(556)
[2023-08-11T22:06:32.753+0000][gc,heap       ] GC(527) Survivor regions: 9->17(72)
[2023-08-11T22:06:32.753+0000][gc,heap       ] GC(527) Old regions: 168->168
[2023-08-11T22:06:32.753+0000][gc,heap       ] GC(527) Humongous regions: 149->149
[2023-08-11T22:06:32.753+0000][gc,metaspace  ] GC(527) Metaspace: 118479K(124132K)->118479K(124132K) NonClass: 104727K(107980K)->104727K(107980K) Class: 13751K(16152K)->13751K(16152K)
[2023-08-11T22:06:32.753+0000][gc            ] GC(527) Pause Young (Normal) (G1 Evacuation Pause) 888M->332M(1024M) 11.995ms
[2023-08-11T22:06:32.753+0000][gc,cpu        ] GC(527) User=0.09s Sys=0.00s Real=0.01s
[2023-08-11T22:08:54.357+0000][gc,start      ] GC(528) Pause Young (Concurrent Start) (G1 Evacuation Pause)
[2023-08-11T22:08:54.357+0000][gc,task       ] GC(528) Using 8 workers of 8 for evacuation
[2023-08-11T22:08:54.374+0000][gc,phases     ] GC(528)   Pre Evacuate Collection Set: 0.5ms
[2023-08-11T22:08:54.374+0000][gc,phases     ] GC(528)   Evacuate Collection Set: 16.2ms
[2023-08-11T22:08:54.374+0000][gc,phases     ] GC(528)   Post Evacuate Collection Set: 0.7ms
[2023-08-11T22:08:54.374+0000][gc,phases     ] GC(528)   Other: 0.4ms
[2023-08-11T22:08:54.374+0000][gc,heap       ] GC(528) Eden regions: 556->0(550)
[2023-08-11T22:08:54.374+0000][gc,heap       ] GC(528) Survivor regions: 17->23(72)
[2023-08-11T22:08:54.374+0000][gc,heap       ] GC(528) Old regions: 168->168
[2023-08-11T22:08:54.374+0000][gc,heap       ] GC(528) Humongous regions: 149->149
[2023-08-11T22:08:54.374+0000][gc,metaspace  ] GC(528) Metaspace: 118479K(124132K)->118479K(124132K) NonClass: 104727K(107980K)->104727K(107980K) Class: 13751K(16152K)->13751K(16152K)
[2023-08-11T22:08:54.374+0000][gc            ] GC(528) Pause Young (Concurrent Start) (G1 Evacuation Pause) 888M->339M(1024M) 17.885ms
[2023-08-11T22:08:54.375+0000][gc,cpu        ] GC(528) User=0.11s Sys=0.00s Real=0.02s
[2023-08-11T22:08:54.375+0000][gc            ] GC(529) Concurrent Cycle
[2023-08-11T22:08:54.375+0000][gc,marking    ] GC(529) Concurrent Clear Claimed Marks
[2023-08-11T22:08:54.375+0000][gc,marking    ] GC(529) Concurrent Clear Claimed Marks 0.342ms
[2023-08-11T22:08:54.375+0000][gc,marking    ] GC(529) Concurrent Scan Root Regions
[2023-08-11T22:08:54.387+0000][gc,marking    ] GC(529) Concurrent Scan Root Regions 11.480ms
[2023-08-11T22:08:54.387+0000][gc,marking    ] GC(529) Concurrent Mark (41225.688s)
[2023-08-11T22:08:54.387+0000][gc,marking    ] GC(529) Concurrent Mark From Roots
[2023-08-11T22:08:54.387+0000][gc,task       ] GC(529) Using 2 workers of 2 for marking
[2023-08-11T22:08:54.468+0000][gc,marking    ] GC(529) Concurrent Mark From Roots 81.756ms
[2023-08-11T22:08:54.468+0000][gc,marking    ] GC(529) Concurrent Preclean
[2023-08-11T22:08:54.469+0000][gc,marking    ] GC(529) Concurrent Preclean 0.444ms
[2023-08-11T22:08:54.469+0000][gc,marking    ] GC(529) Concurrent Mark (41225.688s, 41225.770s) 82.275ms
[2023-08-11T22:08:54.469+0000][gc,start      ] GC(529) Pause Remark
[2023-08-11T22:08:54.488+0000][gc,stringtable] GC(529) Cleaned string and symbol table, strings: 43892 processed, 0 removed, symbols: 278402 processed, 0 removed
[2023-08-11T22:08:54.488+0000][gc            ] GC(529) Pause Remark 363M->363M(1024M) 19.110ms
[2023-08-11T22:08:54.488+0000][gc,cpu        ] GC(529) User=0.12s Sys=0.00s Real=0.02s
[2023-08-11T22:08:54.488+0000][gc,marking    ] GC(529) Concurrent Rebuild Remembered Sets
[2023-08-11T22:08:54.547+0000][gc,marking    ] GC(529) Concurrent Rebuild Remembered Sets 58.689ms
[2023-08-11T22:08:54.547+0000][gc,start      ] GC(529) Pause Cleanup
[2023-08-11T22:08:54.548+0000][gc            ] GC(529) Pause Cleanup 371M->371M(1024M) 0.236ms
[2023-08-11T22:08:54.548+0000][gc,cpu        ] GC(529) User=0.00s Sys=0.00s Real=0.00s
[2023-08-11T22:08:54.548+0000][gc,marking    ] GC(529) Concurrent Cleanup for Next Mark
[2023-08-11T22:08:54.549+0000][gc,marking    ] GC(529) Concurrent Cleanup for Next Mark 1.386ms
[2023-08-11T22:08:54.549+0000][gc            ] GC(529) Concurrent Cycle 174.515ms
[2023-08-11T22:10:12.061+0000][gc,start      ] GC(530) Pause Young (Prepare Mixed) (G1 Evacuation Pause)
[2023-08-11T22:10:12.061+0000][gc,task       ] GC(530) Using 8 workers of 8 for evacuation
[2023-08-11T22:10:12.077+0000][gc,phases     ] GC(530)   Pre Evacuate Collection Set: 0.0ms
[2023-08-11T22:10:12.077+0000][gc,phases     ] GC(530)   Evacuate Collection Set: 14.9ms
[2023-08-11T22:10:12.077+0000][gc,phases     ] GC(530)   Post Evacuate Collection Set: 0.7ms
[2023-08-11T22:10:12.077+0000][gc,phases     ] GC(530)   Other: 0.4ms
[2023-08-11T22:10:12.077+0000][gc,heap       ] GC(530) Eden regions: 349->0(24)
[2023-08-11T22:10:12.077+0000][gc,heap       ] GC(530) Survivor regions: 23->27(47)
[2023-08-11T22:10:12.077+0000][gc,heap       ] GC(530) Old regions: 168->168
[2023-08-11T22:10:12.077+0000][gc,heap       ] GC(530) Humongous regions: 149->149
[2023-08-11T22:10:12.077+0000][gc,metaspace  ] GC(530) Metaspace: 118479K(124132K)->118479K(124132K) NonClass: 104727K(107980K)->104727K(107980K) Class: 13751K(16152K)->13751K(16152K)
[2023-08-11T22:10:12.077+0000][gc            ] GC(530) Pause Young (Prepare Mixed) (G1 Evacuation Pause) 688M->343M(1024M) 16.160ms
[2023-08-11T22:10:12.077+0000][gc,cpu        ] GC(530) User=0.12s Sys=0.00s Real=0.01s
[2023-08-11T22:10:24.339+0000][gc,start      ] GC(531) Pause Young (Mixed) (G1 Evacuation Pause)
[2023-08-11T22:10:24.339+0000][gc,task       ] GC(531) Using 8 workers of 8 for evacuation
[2023-08-11T22:10:24.355+0000][gc,phases     ] GC(531)   Pre Evacuate Collection Set: 0.1ms
[2023-08-11T22:10:24.355+0000][gc,phases     ] GC(531)   Evacuate Collection Set: 15.1ms
[2023-08-11T22:10:24.355+0000][gc,phases     ] GC(531)   Post Evacuate Collection Set: 0.5ms
[2023-08-11T22:10:24.355+0000][gc,phases     ] GC(531)   Other: 0.4ms
[2023-08-11T22:10:24.355+0000][gc,heap       ] GC(531) Eden regions: 24->0(499)
[2023-08-11T22:10:24.355+0000][gc,heap       ] GC(531) Survivor regions: 27->4(7)
[2023-08-11T22:10:24.355+0000][gc,heap       ] GC(531) Old regions: 168->167
[2023-08-11T22:10:24.355+0000][gc,heap       ] GC(531) Humongous regions: 149->149
[2023-08-11T22:10:24.355+0000][gc,metaspace  ] GC(531) Metaspace: 118479K(124132K)->118479K(124132K) NonClass: 104727K(107980K)->104727K(107980K) Class: 13751K(16152K)->13751K(16152K)
[2023-08-11T22:10:24.355+0000][gc            ] GC(531) Pause Young (Mixed) (G1 Evacuation Pause) 367M->319M(1024M) 16.138ms
[2023-08-11T22:10:24.355+0000][gc,cpu        ] GC(531) User=0.12s Sys=0.01s Real=0.01s
[2023-08-11T22:12:29.811+0000][gc,start      ] GC(532) Pause Young (Normal) (G1 Evacuation Pause)
[2023-08-11T22:12:29.811+0000][gc,task       ] GC(532) Using 8 workers of 8 for evacuation
[2023-08-11T22:12:29.820+0000][gc,phases     ] GC(532)   Pre Evacuate Collection Set: 0.0ms
[2023-08-11T22:12:29.820+0000][gc,phases     ] GC(532)   Evacuate Collection Set: 7.7ms
[2023-08-11T22:12:29.820+0000][gc,phases     ] GC(532)   Post Evacuate Collection Set: 0.7ms
[2023-08-11T22:12:29.820+0000][gc,phases     ] GC(532)   Other: 0.3ms
[2023-08-11T22:12:29.820+0000][gc,heap       ] GC(532) Eden regions: 499->0(492)
[2023-08-11T22:12:29.820+0000][gc,heap       ] GC(532) Survivor regions: 4->9(63)
[2023-08-11T22:12:29.820+0000][gc,heap       ] GC(532) Old regions: 167->167
[2023-08-11T22:12:29.820+0000][gc,heap       ] GC(532) Humongous regions: 149->149
[2023-08-11T22:12:29.820+0000][gc,metaspace  ] GC(532) Metaspace: 118479K(124132K)->118479K(124132K) NonClass: 104727K(107980K)->104727K(107980K) Class: 13751K(16152K)->13751K(16152K)
[2023-08-11T22:12:29.820+0000][gc            ] GC(532) Pause Young (Normal) (G1 Evacuation Pause) 818M->323M(1024M) 8.778ms
[2023-08-11T22:12:29.820+0000][gc,cpu        ] GC(532) User=0.07s Sys=0.00s Real=0.01s
[2023-08-11T22:14:25.192+0000][gc,start      ] GC(533) Pause Young (Normal) (G1 Evacuation Pause)
[2023-08-11T22:14:25.192+0000][gc,task       ] GC(533) Using 8 workers of 8 for evacuation
[2023-08-11T22:14:25.203+0000][gc,phases     ] GC(533)   Pre Evacuate Collection Set: 0.0ms
[2023-08-11T22:14:25.203+0000][gc,phases     ] GC(533)   Evacuate Collection Set: 9.8ms
[2023-08-11T22:14:25.203+0000][gc,phases     ] GC(533)   Post Evacuate Collection Set: 0.7ms
[2023-08-11T22:14:25.203+0000][gc,phases     ] GC(533)   Other: 0.4ms
[2023-08-11T22:14:25.203+0000][gc,heap       ] GC(533) Eden regions: 492->0(502)
[2023-08-11T22:14:25.203+0000][gc,heap       ] GC(533) Survivor regions: 9->14(63)
[2023-08-11T22:14:25.203+0000][gc,heap       ] GC(533) Old regions: 167->167
[2023-08-11T22:14:25.203+0000][gc,heap       ] GC(533) Humongous regions: 149->149
[2023-08-11T22:14:25.203+0000][gc,metaspace  ] GC(533) Metaspace: 118479K(124132K)->118479K(124132K) NonClass: 104727K(107980K)->104727K(107980K) Class: 13751K(16152K)->13751K(16152K)
[2023-08-11T22:14:25.203+0000][gc            ] GC(533) Pause Young (Normal) (G1 Evacuation Pause) 815M->328M(1024M) 10.939ms
[2023-08-11T22:14:25.203+0000][gc,cpu        ] GC(533) User=0.07s Sys=0.00s Real=0.01s
[2023-08-11T22:16:29.365+0000][gc,start      ] GC(534) Pause Young (Normal) (G1 Evacuation Pause)
[2023-08-11T22:16:29.365+0000][gc,task       ] GC(534) Using 8 workers of 8 for evacuation
[2023-08-11T22:16:29.377+0000][gc,phases     ] GC(534)   Pre Evacuate Collection Set: 0.0ms
[2023-08-11T22:16:29.377+0000][gc,phases     ] GC(534)   Evacuate Collection Set: 11.7ms
[2023-08-11T22:16:29.377+0000][gc,phases     ] GC(534)   Post Evacuate Collection Set: 0.7ms
[2023-08-11T22:16:29.377+0000][gc,phases     ] GC(534)   Other: 0.4ms
[2023-08-11T22:16:29.377+0000][gc,heap       ] GC(534) Eden regions: 502->0(507)
[2023-08-11T22:16:29.377+0000][gc,heap       ] GC(534) Survivor regions: 14->21(65)
[2023-08-11T22:16:29.377+0000][gc,heap       ] GC(534) Old regions: 167->167
[2023-08-11T22:16:29.377+0000][gc,heap       ] GC(534) Humongous regions: 149->149
[2023-08-11T22:16:29.377+0000][gc,metaspace  ] GC(534) Metaspace: 118492K(124132K)->118492K(124132K) NonClass: 104741K(107980K)->104741K(107980K) Class: 13751K(16152K)->13751K(16152K)
[2023-08-11T22:16:29.377+0000][gc            ] GC(534) Pause Young (Normal) (G1 Evacuation Pause) 830M->335M(1024M) 12.868ms
[2023-08-11T22:16:29.378+0000][gc,cpu        ] GC(534) User=0.09s Sys=0.00s Real=0.01s
[2023-08-11T22:18:39.023+0000][gc,start      ] GC(535) Pause Young (Normal) (G1 Evacuation Pause)
[2023-08-11T22:18:39.023+0000][gc,task       ] GC(535) Using 8 workers of 8 for evacuation
[2023-08-11T22:18:39.038+0000][gc,phases     ] GC(535)   Pre Evacuate Collection Set: 0.0ms
[2023-08-11T22:18:39.038+0000][gc,phases     ] GC(535)   Evacuate Collection Set: 13.8ms
[2023-08-11T22:18:39.038+0000][gc,phases     ] GC(535)   Post Evacuate Collection Set: 0.7ms
[2023-08-11T22:18:39.038+0000][gc,phases     ] GC(535)   Other: 0.4ms
[2023-08-11T22:18:39.038+0000][gc,heap       ] GC(535) Eden regions: 507->0(512)
[2023-08-11T22:18:39.038+0000][gc,heap       ] GC(535) Survivor regions: 21->26(66)
[2023-08-11T22:18:39.038+0000][gc,heap       ] GC(535) Old regions: 167->167
[2023-08-11T22:18:39.038+0000][gc,heap       ] GC(535) Humongous regions: 149->149
[2023-08-11T22:18:39.038+0000][gc,metaspace  ] GC(535) Metaspace: 118492K(124132K)->118492K(124132K) NonClass: 104741K(107980K)->104741K(107980K) Class: 13751K(16152K)->13751K(16152K)
[2023-08-11T22:18:39.038+0000][gc            ] GC(535) Pause Young (Normal) (G1 Evacuation Pause) 842M->340M(1024M) 14.985ms
[2023-08-11T22:18:39.038+0000][gc,cpu        ] GC(535) User=0.11s Sys=0.00s Real=0.01s
[2023-08-11T22:20:54.438+0000][gc,start      ] GC(536) Pause Young (Normal) (G1 Evacuation Pause)
[2023-08-11T22:20:54.438+0000][gc,task       ] GC(536) Using 8 workers of 8 for evacuation
[2023-08-11T22:20:54.455+0000][gc,phases     ] GC(536)   Pre Evacuate Collection Set: 0.0ms
[2023-08-11T22:20:54.456+0000][gc,phases     ] GC(536)   Evacuate Collection Set: 16.1ms
[2023-08-11T22:20:54.456+0000][gc,phases     ] GC(536)   Post Evacuate Collection Set: 0.7ms
[2023-08-11T22:20:54.456+0000][gc,phases     ] GC(536)   Other: 0.3ms
[2023-08-11T22:20:54.456+0000][gc,heap       ] GC(536) Eden regions: 512->0(509)
[2023-08-11T22:20:54.456+0000][gc,heap       ] GC(536) Survivor regions: 26->33(68)
[2023-08-11T22:20:54.456+0000][gc,heap       ] GC(536) Old regions: 167->167
[2023-08-11T22:20:54.456+0000][gc,heap       ] GC(536) Humongous regions: 149->149
[2023-08-11T22:20:54.456+0000][gc,metaspace  ] GC(536) Metaspace: 118493K(124132K)->118493K(124132K) NonClass: 104741K(107980K)->104741K(107980K) Class: 13751K(16152K)->13751K(16152K)
[2023-08-11T22:20:54.456+0000][gc            ] GC(536) Pause Young (Normal) (G1 Evacuation Pause) 852M->348M(1024M) 17.218ms
[2023-08-11T22:20:54.456+0000][gc,cpu        ] GC(536) User=0.11s Sys=0.01s Real=0.02s
[2023-08-11T22:22:54.978+0000][gc,start      ] GC(537) Pause Young (Normal) (G1 Evacuation Pause)
[2023-08-11T22:22:54.978+0000][gc,task       ] GC(537) Using 8 workers of 8 for evacuation
[2023-08-11T22:22:55.001+0000][gc,mmu        ] GC(537) MMU target violated: 21.0ms (20.0ms/21.0ms)
[2023-08-11T22:22:55.001+0000][gc,phases     ] GC(537)   Pre Evacuate Collection Set: 0.0ms
[2023-08-11T22:22:55.001+0000][gc,phases     ] GC(537)   Evacuate Collection Set: 21.7ms
[2023-08-11T22:22:55.001+0000][gc,phases     ] GC(537)   Post Evacuate Collection Set: 0.7ms
[2023-08-11T22:22:55.001+0000][gc,phases     ] GC(537)   Other: 0.5ms
[2023-08-11T22:22:55.001+0000][gc,heap       ] GC(537) Eden regions: 509->0(424)
[2023-08-11T22:22:55.001+0000][gc,heap       ] GC(537) Survivor regions: 33->37(68)
[2023-08-11T22:22:55.001+0000][gc,heap       ] GC(537) Old regions: 167->167
[2023-08-11T22:22:55.001+0000][gc,heap       ] GC(537) Humongous regions: 149->149
[2023-08-11T22:22:55.001+0000][gc,metaspace  ] GC(537) Metaspace: 118493K(124132K)->118493K(124132K) NonClass: 104741K(107980K)->104741K(107980K) Class: 13751K(16152K)->13751K(16152K)
[2023-08-11T22:22:55.001+0000][gc            ] GC(537) Pause Young (Normal) (G1 Evacuation Pause) 857M->351M(1024M) 22.945ms
[2023-08-11T22:22:55.001+0000][gc,cpu        ] GC(537) User=0.15s Sys=0.00s Real=0.03s
[2023-08-11T22:24:25.205+0000][gc,start      ] GC(538) Pause Young (Concurrent Start) (G1 Evacuation Pause)
[2023-08-11T22:24:25.205+0000][gc,task       ] GC(538) Using 8 workers of 8 for evacuation
[2023-08-11T22:24:25.227+0000][gc,mmu        ] GC(538) MMU target violated: 21.0ms (20.0ms/21.0ms)
[2023-08-11T22:24:25.227+0000][gc,phases     ] GC(538)   Pre Evacuate Collection Set: 0.5ms
[2023-08-11T22:24:25.227+0000][gc,phases     ] GC(538)   Evacuate Collection Set: 20.5ms
[2023-08-11T22:24:25.227+0000][gc,phases     ] GC(538)   Post Evacuate Collection Set: 0.7ms
[2023-08-11T22:24:25.227+0000][gc,phases     ] GC(538)   Other: 0.5ms
[2023-08-11T22:24:25.227+0000][gc,heap       ] GC(538) Eden regions: 347->0(308)
[2023-08-11T22:24:25.227+0000][gc,heap       ] GC(538) Survivor regions: 37->30(48)
[2023-08-11T22:24:25.227+0000][gc,heap       ] GC(538) Old regions: 167->178
[2023-08-11T22:24:25.227+0000][gc,heap       ] GC(538) Humongous regions: 149->149
[2023-08-11T22:24:25.227+0000][gc,metaspace  ] GC(538) Metaspace: 118493K(124132K)->118493K(124132K) NonClass: 104741K(107980K)->104741K(107980K) Class: 13751K(16152K)->13751K(16152K)
[2023-08-11T22:24:25.227+0000][gc            ] GC(538) Pause Young (Concurrent Start) (G1 Evacuation Pause) 698M->356M(1024M) 22.172ms
[2023-08-11T22:24:25.227+0000][gc,cpu        ] GC(538) User=0.16s Sys=0.00s Real=0.02s
[2023-08-11T22:24:25.227+0000][gc            ] GC(539) Concurrent Cycle
[2023-08-11T22:24:25.227+0000][gc,marking    ] GC(539) Concurrent Clear Claimed Marks
[2023-08-11T22:24:25.228+0000][gc,marking    ] GC(539) Concurrent Clear Claimed Marks 0.402ms
[2023-08-11T22:24:25.228+0000][gc,marking    ] GC(539) Concurrent Scan Root Regions
[2023-08-11T22:24:25.237+0000][gc,marking    ] GC(539) Concurrent Scan Root Regions 9.411ms
[2023-08-11T22:24:25.237+0000][gc,marking    ] GC(539) Concurrent Mark (42156.538s)
[2023-08-11T22:24:25.237+0000][gc,marking    ] GC(539) Concurrent Mark From Roots
[2023-08-11T22:24:25.237+0000][gc,task       ] GC(539) Using 2 workers of 2 for marking
[2023-08-11T22:24:25.308+0000][gc,marking    ] GC(539) Concurrent Mark From Roots 70.981ms
[2023-08-11T22:24:25.308+0000][gc,marking    ] GC(539) Concurrent Preclean
[2023-08-11T22:24:25.309+0000][gc,marking    ] GC(539) Concurrent Preclean 0.479ms
[2023-08-11T22:24:25.309+0000][gc,marking    ] GC(539) Concurrent Mark (42156.538s, 42156.610s) 71.533ms
[2023-08-11T22:24:25.309+0000][gc,start      ] GC(539) Pause Remark
[2023-08-11T22:24:25.319+0000][gc,stringtable] GC(539) Cleaned string and symbol table, strings: 43906 processed, 0 removed, symbols: 278402 processed, 0 removed
[2023-08-11T22:24:25.319+0000][gc            ] GC(539) Pause Remark 367M->367M(1024M) 10.372ms
[2023-08-11T22:24:25.319+0000][gc,cpu        ] GC(539) User=0.07s Sys=0.00s Real=0.02s
[2023-08-11T22:24:25.319+0000][gc,marking    ] GC(539) Concurrent Rebuild Remembered Sets
[2023-08-11T22:24:25.367+0000][gc,marking    ] GC(539) Concurrent Rebuild Remembered Sets 47.440ms
[2023-08-11T22:24:25.367+0000][gc,start      ] GC(539) Pause Cleanup
[2023-08-11T22:24:25.367+0000][gc            ] GC(539) Pause Cleanup 368M->368M(1024M) 0.256ms
[2023-08-11T22:24:25.367+0000][gc,cpu        ] GC(539) User=0.01s Sys=0.00s Real=0.00s
[2023-08-11T22:24:25.367+0000][gc,marking    ] GC(539) Concurrent Cleanup for Next Mark
[2023-08-11T22:24:25.369+0000][gc,marking    ] GC(539) Concurrent Cleanup for Next Mark 1.360ms
[2023-08-11T22:24:25.369+0000][gc            ] GC(539) Concurrent Cycle 141.601ms
[2023-08-11T22:24:32.909+0000][gc,start      ] GC(540) Pause Young (Prepare Mixed) (G1 Evacuation Pause)
[2023-08-11T22:24:32.909+0000][gc,task       ] GC(540) Using 8 workers of 8 for evacuation
[2023-08-11T22:24:32.928+0000][gc,phases     ] GC(540)   Pre Evacuate Collection Set: 0.0ms
[2023-08-11T22:24:32.928+0000][gc,phases     ] GC(540)   Evacuate Collection Set: 18.0ms
[2023-08-11T22:24:32.928+0000][gc,phases     ] GC(540)   Post Evacuate Collection Set: 0.6ms
[2023-08-11T22:24:32.928+0000][gc,phases     ] GC(540)   Other: 0.4ms
[2023-08-11T22:24:32.928+0000][gc,heap       ] GC(540) Eden regions: 45->0(41)
[2023-08-11T22:24:32.928+0000][gc,heap       ] GC(540) Survivor regions: 30->10(10)
[2023-08-11T22:24:32.928+0000][gc,heap       ] GC(540) Old regions: 178->202
[2023-08-11T22:24:32.928+0000][gc,heap       ] GC(540) Humongous regions: 149->149
[2023-08-11T22:24:32.928+0000][gc,metaspace  ] GC(540) Metaspace: 118493K(124132K)->118493K(124132K) NonClass: 104741K(107980K)->104741K(107980K) Class: 13751K(16152K)->13751K(16152K)
[2023-08-11T22:24:32.928+0000][gc            ] GC(540) Pause Young (Prepare Mixed) (G1 Evacuation Pause) 401M->360M(1024M) 19.123ms
[2023-08-11T22:24:32.928+0000][gc,cpu        ] GC(540) User=0.13s Sys=0.00s Real=0.02s
[2023-08-11T22:24:39.471+0000][gc,start      ] GC(541) Pause Young (Mixed) (G1 Evacuation Pause)
[2023-08-11T22:24:39.471+0000][gc,task       ] GC(541) Using 8 workers of 8 for evacuation
[2023-08-11T22:24:39.481+0000][gc,phases     ] GC(541)   Pre Evacuate Collection Set: 0.1ms
[2023-08-11T22:24:39.482+0000][gc,phases     ] GC(541)   Evacuate Collection Set: 9.4ms
[2023-08-11T22:24:39.482+0000][gc,phases     ] GC(541)   Post Evacuate Collection Set: 0.5ms
[2023-08-11T22:24:39.482+0000][gc,phases     ] GC(541)   Other: 0.4ms
[2023-08-11T22:24:39.482+0000][gc,heap       ] GC(541) Eden regions: 41->0(520)
[2023-08-11T22:24:39.482+0000][gc,heap       ] GC(541) Survivor regions: 10->3(7)
[2023-08-11T22:24:39.482+0000][gc,heap       ] GC(541) Old regions: 202->175
[2023-08-11T22:24:39.482+0000][gc,heap       ] GC(541) Humongous regions: 149->149
[2023-08-11T22:24:39.482+0000][gc,metaspace  ] GC(541) Metaspace: 118493K(124132K)->118493K(124132K) NonClass: 104741K(107980K)->104741K(107980K) Class: 13751K(16152K)->13751K(16152K)
[2023-08-11T22:24:39.482+0000][gc            ] GC(541) Pause Young (Mixed) (G1 Evacuation Pause) 401M->326M(1024M) 10.555ms
[2023-08-11T22:24:39.482+0000][gc,cpu        ] GC(541) User=0.07s Sys=0.00s Real=0.01s
[2023-08-11T22:26:55.200+0000][gc,start      ] GC(542) Pause Young (Normal) (G1 Evacuation Pause)
[2023-08-11T22:26:55.200+0000][gc,task       ] GC(542) Using 8 workers of 8 for evacuation
[2023-08-11T22:26:55.209+0000][gc,phases     ] GC(542)   Pre Evacuate Collection Set: 0.0ms
[2023-08-11T22:26:55.209+0000][gc,phases     ] GC(542)   Evacuate Collection Set: 8.4ms
[2023-08-11T22:26:55.209+0000][gc,phases     ] GC(542)   Post Evacuate Collection Set: 0.8ms
[2023-08-11T22:26:55.209+0000][gc,phases     ] GC(542)   Other: 0.4ms
[2023-08-11T22:26:55.209+0000][gc,heap       ] GC(542) Eden regions: 520->0(499)
[2023-08-11T22:26:55.209+0000][gc,heap       ] GC(542) Survivor regions: 3->9(66)
[2023-08-11T22:26:55.209+0000][gc,heap       ] GC(542) Old regions: 175->175
[2023-08-11T22:26:55.209+0000][gc,heap       ] GC(542) Humongous regions: 149->149
[2023-08-11T22:26:55.209+0000][gc,metaspace  ] GC(542) Metaspace: 118499K(124132K)->118499K(124132K) NonClass: 104747K(107980K)->104747K(107980K) Class: 13751K(16152K)->13751K(16152K)
[2023-08-11T22:26:55.209+0000][gc            ] GC(542) Pause Young (Normal) (G1 Evacuation Pause) 846M->332M(1024M) 9.721ms
[2023-08-11T22:26:55.209+0000][gc,cpu        ] GC(542) User=0.07s Sys=0.00s Real=0.00s
[2023-08-11T22:28:58.003+0000][gc,start      ] GC(543) Pause Young (Normal) (G1 Evacuation Pause)
[2023-08-11T22:28:58.003+0000][gc,task       ] GC(543) Using 8 workers of 8 for evacuation
[2023-08-11T22:28:58.014+0000][gc,phases     ] GC(543)   Pre Evacuate Collection Set: 0.0ms
[2023-08-11T22:28:58.014+0000][gc,phases     ] GC(543)   Evacuate Collection Set: 10.1ms
[2023-08-11T22:28:58.014+0000][gc,phases     ] GC(543)   Post Evacuate Collection Set: 0.7ms
[2023-08-11T22:28:58.014+0000][gc,phases     ] GC(543)   Other: 0.4ms
[2023-08-11T22:28:58.014+0000][gc,heap       ] GC(543) Eden regions: 499->0(496)
[2023-08-11T22:28:58.014+0000][gc,heap       ] GC(543) Survivor regions: 9->15(64)
[2023-08-11T22:28:58.014+0000][gc,heap       ] GC(543) Old regions: 175->175
[2023-08-11T22:28:58.014+0000][gc,heap       ] GC(543) Humongous regions: 149->149
[2023-08-11T22:28:58.014+0000][gc,metaspace  ] GC(543) Metaspace: 118499K(124132K)->118499K(124132K) NonClass: 104747K(107980K)->104747K(107980K) Class: 13751K(16152K)->13751K(16152K)
[2023-08-11T22:28:58.014+0000][gc            ] GC(543) Pause Young (Normal) (G1 Evacuation Pause) 831M->338M(1024M) 11.277ms
[2023-08-11T22:28:58.014+0000][gc,cpu        ] GC(543) User=0.08s Sys=0.01s Real=0.01s
[2023-08-11T22:31:02.742+0000][gc,start      ] GC(544) Pause Young (Concurrent Start) (G1 Evacuation Pause)
[2023-08-11T22:31:02.742+0000][gc,task       ] GC(544) Using 8 workers of 8 for evacuation
[2023-08-11T22:31:02.757+0000][gc,phases     ] GC(544)   Pre Evacuate Collection Set: 0.5ms
[2023-08-11T22:31:02.757+0000][gc,phases     ] GC(544)   Evacuate Collection Set: 13.0ms
[2023-08-11T22:31:02.757+0000][gc,phases     ] GC(544)   Post Evacuate Collection Set: 0.7ms
[2023-08-11T22:31:02.757+0000][gc,phases     ] GC(544)   Other: 0.4ms
[2023-08-11T22:31:02.757+0000][gc,heap       ] GC(544) Eden regions: 496->0(443)
[2023-08-11T22:31:02.757+0000][gc,heap       ] GC(544) Survivor regions: 15->20(64)
[2023-08-11T22:31:02.757+0000][gc,heap       ] GC(544) Old regions: 175->175
[2023-08-11T22:31:02.757+0000][gc,heap       ] GC(544) Humongous regions: 149->149
[2023-08-11T22:31:02.757+0000][gc,metaspace  ] GC(544) Metaspace: 118499K(124132K)->118499K(124132K) NonClass: 104747K(107980K)->104747K(107980K) Class: 13751K(16152K)->13751K(16152K)
[2023-08-11T22:31:02.757+0000][gc            ] GC(544) Pause Young (Concurrent Start) (G1 Evacuation Pause) 834M->343M(1024M) 14.698ms
[2023-08-11T22:31:02.757+0000][gc,cpu        ] GC(544) User=0.11s Sys=0.00s Real=0.01s
[2023-08-11T22:31:02.757+0000][gc            ] GC(545) Concurrent Cycle
[2023-08-11T22:31:02.757+0000][gc,marking    ] GC(545) Concurrent Clear Claimed Marks
[2023-08-11T22:31:02.757+0000][gc,marking    ] GC(545) Concurrent Clear Claimed Marks 0.418ms
[2023-08-11T22:31:02.757+0000][gc,marking    ] GC(545) Concurrent Scan Root Regions
[2023-08-11T22:31:02.765+0000][gc,marking    ] GC(545) Concurrent Scan Root Regions 8.128ms
[2023-08-11T22:31:02.766+0000][gc,marking    ] GC(545) Concurrent Mark (42554.067s)
[2023-08-11T22:31:02.766+0000][gc,marking    ] GC(545) Concurrent Mark From Roots
[2023-08-11T22:31:02.766+0000][gc,task       ] GC(545) Using 2 workers of 2 for marking
[2023-08-11T22:31:02.831+0000][gc,marking    ] GC(545) Concurrent Mark From Roots 65.071ms
[2023-08-11T22:31:02.831+0000][gc,marking    ] GC(545) Concurrent Preclean
[2023-08-11T22:31:02.831+0000][gc,marking    ] GC(545) Concurrent Preclean 0.488ms
[2023-08-11T22:31:02.831+0000][gc,marking    ] GC(545) Concurrent Mark (42554.067s, 42554.133s) 65.639ms
[2023-08-11T22:31:02.831+0000][gc,start      ] GC(545) Pause Remark
[2023-08-11T22:31:02.840+0000][gc,stringtable] GC(545) Cleaned string and symbol table, strings: 43923 processed, 0 removed, symbols: 278402 processed, 0 removed
[2023-08-11T22:31:02.841+0000][gc            ] GC(545) Pause Remark 349M->348M(1024M) 9.371ms
[2023-08-11T22:31:02.841+0000][gc,cpu        ] GC(545) User=0.07s Sys=0.00s Real=0.01s
[2023-08-11T22:31:02.841+0000][gc,marking    ] GC(545) Concurrent Rebuild Remembered Sets
[2023-08-11T22:31:02.883+0000][gc,marking    ] GC(545) Concurrent Rebuild Remembered Sets 42.298ms
[2023-08-11T22:31:02.883+0000][gc,start      ] GC(545) Pause Cleanup
[2023-08-11T22:31:02.884+0000][gc            ] GC(545) Pause Cleanup 349M->349M(1024M) 0.238ms
[2023-08-11T22:31:02.884+0000][gc,cpu        ] GC(545) User=0.00s Sys=0.00s Real=0.00s
[2023-08-11T22:31:02.884+0000][gc,marking    ] GC(545) Concurrent Cleanup for Next Mark
[2023-08-11T22:31:02.885+0000][gc,marking    ] GC(545) Concurrent Cleanup for Next Mark 1.364ms
[2023-08-11T22:31:02.885+0000][gc            ] GC(545) Concurrent Cycle 128.280ms
[2023-08-11T22:32:24.649+0000][gc,start      ] GC(546) Pause Young (Prepare Mixed) (G1 Evacuation Pause)
[2023-08-11T22:32:24.649+0000][gc,task       ] GC(546) Using 8 workers of 8 for evacuation
[2023-08-11T22:32:24.665+0000][gc,phases     ] GC(546)   Pre Evacuate Collection Set: 0.0ms
[2023-08-11T22:32:24.665+0000][gc,phases     ] GC(546)   Evacuate Collection Set: 14.6ms
[2023-08-11T22:32:24.665+0000][gc,phases     ] GC(546)   Post Evacuate Collection Set: 0.7ms
[2023-08-11T22:32:24.665+0000][gc,phases     ] GC(546)   Other: 0.5ms
[2023-08-11T22:32:24.665+0000][gc,heap       ] GC(546) Eden regions: 329->0(27)
[2023-08-11T22:32:24.665+0000][gc,heap       ] GC(546) Survivor regions: 20->24(44)
[2023-08-11T22:32:24.665+0000][gc,heap       ] GC(546) Old regions: 174->174
[2023-08-11T22:32:24.665+0000][gc,heap       ] GC(546) Humongous regions: 149->149
[2023-08-11T22:32:24.665+0000][gc,metaspace  ] GC(546) Metaspace: 118499K(124132K)->118499K(124132K) NonClass: 104747K(107980K)->104747K(107980K) Class: 13751K(16152K)->13751K(16152K)
[2023-08-11T22:32:24.665+0000][gc            ] GC(546) Pause Young (Prepare Mixed) (G1 Evacuation Pause) 671M->346M(1024M) 15.848ms
[2023-08-11T22:32:24.665+0000][gc,cpu        ] GC(546) User=0.12s Sys=0.00s Real=0.02s
[2023-08-11T22:32:32.744+0000][gc,start      ] GC(547) Pause Young (Mixed) (G1 Evacuation Pause)
[2023-08-11T22:32:32.744+0000][gc,task       ] GC(547) Using 8 workers of 8 for evacuation
[2023-08-11T22:32:32.760+0000][gc,phases     ] GC(547)   Pre Evacuate Collection Set: 0.1ms
[2023-08-11T22:32:32.760+0000][gc,phases     ] GC(547)   Evacuate Collection Set: 14.9ms
[2023-08-11T22:32:32.760+0000][gc,phases     ] GC(547)   Post Evacuate Collection Set: 0.6ms
[2023-08-11T22:32:32.760+0000][gc,phases     ] GC(547)   Other: 0.4ms
[2023-08-11T22:32:32.760+0000][gc,heap       ] GC(547) Eden regions: 27->0(545)
[2023-08-11T22:32:32.760+0000][gc,heap       ] GC(547) Survivor regions: 24->5(7)
[2023-08-11T22:32:32.760+0000][gc,heap       ] GC(547) Old regions: 174->166
[2023-08-11T22:32:32.760+0000][gc,heap       ] GC(547) Humongous regions: 149->149
[2023-08-11T22:32:32.760+0000][gc,metaspace  ] GC(547) Metaspace: 118499K(124132K)->118499K(124132K) NonClass: 104747K(107980K)->104747K(107980K) Class: 13751K(16152K)->13751K(16152K)
[2023-08-11T22:32:32.760+0000][gc            ] GC(547) Pause Young (Mixed) (G1 Evacuation Pause) 373M->318M(1024M) 16.074ms
[2023-08-11T22:32:32.761+0000][gc,cpu        ] GC(547) User=0.11s Sys=0.00s Real=0.02s
[2023-08-11T22:34:54.356+0000][gc,start      ] GC(548) Pause Young (Normal) (G1 Evacuation Pause)
[2023-08-11T22:34:54.356+0000][gc,task       ] GC(548) Using 8 workers of 8 for evacuation
[2023-08-11T22:34:54.365+0000][gc,phases     ] GC(548)   Pre Evacuate Collection Set: 0.0ms
[2023-08-11T22:34:54.365+0000][gc,phases     ] GC(548)   Evacuate Collection Set: 8.2ms
[2023-08-11T22:34:54.365+0000][gc,phases     ] GC(548)   Post Evacuate Collection Set: 0.7ms
[2023-08-11T22:34:54.365+0000][gc,phases     ] GC(548)   Other: 0.3ms
[2023-08-11T22:34:54.365+0000][gc,heap       ] GC(548) Eden regions: 545->0(547)
[2023-08-11T22:34:54.365+0000][gc,heap       ] GC(548) Survivor regions: 5->10(69)
[2023-08-11T22:34:54.365+0000][gc,heap       ] GC(548) Old regions: 166->166
[2023-08-11T22:34:54.365+0000][gc,heap       ] GC(548) Humongous regions: 149->149
[2023-08-11T22:34:54.365+0000][gc,metaspace  ] GC(548) Metaspace: 118499K(124132K)->118499K(124132K) NonClass: 104747K(107980K)->104747K(107980K) Class: 13751K(16152K)->13751K(16152K)
[2023-08-11T22:34:54.365+0000][gc            ] GC(548) Pause Young (Normal) (G1 Evacuation Pause) 863M->324M(1024M) 9.272ms
[2023-08-11T22:34:54.365+0000][gc,cpu        ] GC(548) User=0.07s Sys=0.00s Real=0.01s
[2023-08-11T22:36:58.817+0000][gc,start      ] GC(549) Pause Young (Normal) (G1 Evacuation Pause)
[2023-08-11T22:36:58.817+0000][gc,task       ] GC(549) Using 8 workers of 8 for evacuation
[2023-08-11T22:36:58.828+0000][gc,phases     ] GC(549)   Pre Evacuate Collection Set: 0.0ms
[2023-08-11T22:36:58.828+0000][gc,phases     ] GC(549)   Evacuate Collection Set: 10.0ms
[2023-08-11T22:36:58.828+0000][gc,phases     ] GC(549)   Post Evacuate Collection Set: 0.7ms
[2023-08-11T22:36:58.828+0000][gc,phases     ] GC(549)   Other: 0.4ms
[2023-08-11T22:36:58.828+0000][gc,heap       ] GC(549) Eden regions: 547->0(547)
[2023-08-11T22:36:58.828+0000][gc,heap       ] GC(549) Survivor regions: 10->15(70)
[2023-08-11T22:36:58.828+0000][gc,heap       ] GC(549) Old regions: 166->166
[2023-08-11T22:36:58.828+0000][gc,heap       ] GC(549) Humongous regions: 149->149
[2023-08-11T22:36:58.828+0000][gc,metaspace  ] GC(549) Metaspace: 118499K(124132K)->118499K(124132K) NonClass: 104747K(107980K)->104747K(107980K) Class: 13751K(16152K)->13751K(16152K)
[2023-08-11T22:36:58.828+0000][gc            ] GC(549) Pause Young (Normal) (G1 Evacuation Pause) 871M->328M(1024M) 11.147ms
[2023-08-11T22:36:58.828+0000][gc,cpu        ] GC(549) User=0.08s Sys=0.00s Real=0.01s
[2023-08-11T22:39:24.477+0000][gc,start      ] GC(550) Pause Young (Concurrent Start) (G1 Evacuation Pause)
[2023-08-11T22:39:24.477+0000][gc,task       ] GC(550) Using 8 workers of 8 for evacuation
[2023-08-11T22:39:24.498+0000][gc,mmu        ] GC(550) MMU target violated: 20.3ms (20.0ms/21.0ms)
[2023-08-11T22:39:24.498+0000][gc,phases     ] GC(550)   Pre Evacuate Collection Set: 0.5ms
[2023-08-11T22:39:24.498+0000][gc,phases     ] GC(550)   Evacuate Collection Set: 18.8ms
[2023-08-11T22:39:24.498+0000][gc,phases     ] GC(550)   Post Evacuate Collection Set: 0.7ms
[2023-08-11T22:39:24.498+0000][gc,phases     ] GC(550)   Other: 0.6ms
[2023-08-11T22:39:24.498+0000][gc,heap       ] GC(550) Eden regions: 547->0(415)
[2023-08-11T22:39:24.498+0000][gc,heap       ] GC(550) Survivor regions: 15->23(71)
[2023-08-11T22:39:24.498+0000][gc,heap       ] GC(550) Old regions: 166->166
[2023-08-11T22:39:24.498+0000][gc,heap       ] GC(550) Humongous regions: 149->149
[2023-08-11T22:39:24.498+0000][gc,metaspace  ] GC(550) Metaspace: 118499K(124132K)->118499K(124132K) NonClass: 104747K(107980K)->104747K(107980K) Class: 13751K(16152K)->13751K(16152K)
[2023-08-11T22:39:24.498+0000][gc            ] GC(550) Pause Young (Concurrent Start) (G1 Evacuation Pause) 875M->336M(1024M) 20.618ms
[2023-08-11T22:39:24.498+0000][gc,cpu        ] GC(550) User=0.12s Sys=0.00s Real=0.02s
[2023-08-11T22:39:24.498+0000][gc            ] GC(551) Concurrent Cycle
[2023-08-11T22:39:24.498+0000][gc,marking    ] GC(551) Concurrent Clear Claimed Marks
[2023-08-11T22:39:24.499+0000][gc,marking    ] GC(551) Concurrent Clear Claimed Marks 0.470ms
[2023-08-11T22:39:24.499+0000][gc,marking    ] GC(551) Concurrent Scan Root Regions
[2023-08-11T22:39:24.514+0000][gc,marking    ] GC(551) Concurrent Scan Root Regions 15.264ms
[2023-08-11T22:39:24.514+0000][gc,marking    ] GC(551) Concurrent Mark (43055.815s)
[2023-08-11T22:39:24.514+0000][gc,marking    ] GC(551) Concurrent Mark From Roots
[2023-08-11T22:39:24.514+0000][gc,task       ] GC(551) Using 2 workers of 2 for marking
[2023-08-11T22:39:24.581+0000][gc,marking    ] GC(551) Concurrent Mark From Roots 67.552ms
[2023-08-11T22:39:24.581+0000][gc,marking    ] GC(551) Concurrent Preclean
[2023-08-11T22:39:24.582+0000][gc,marking    ] GC(551) Concurrent Preclean 0.523ms
[2023-08-11T22:39:24.582+0000][gc,marking    ] GC(551) Concurrent Mark (43055.815s, 43055.883s) 68.162ms
[2023-08-11T22:39:24.582+0000][gc,start      ] GC(551) Pause Remark
[2023-08-11T22:39:24.592+0000][gc,stringtable] GC(551) Cleaned string and symbol table, strings: 43925 processed, 0 removed, symbols: 278402 processed, 0 removed
[2023-08-11T22:39:24.592+0000][gc            ] GC(551) Pause Remark 341M->341M(1024M) 9.800ms
[2023-08-11T22:39:24.592+0000][gc,cpu        ] GC(551) User=0.07s Sys=0.00s Real=0.01s
[2023-08-11T22:39:24.592+0000][gc,marking    ] GC(551) Concurrent Rebuild Remembered Sets
[2023-08-11T22:39:24.635+0000][gc,marking    ] GC(551) Concurrent Rebuild Remembered Sets 42.442ms
[2023-08-11T22:39:24.635+0000][gc,start      ] GC(551) Pause Cleanup
[2023-08-11T22:39:24.635+0000][gc            ] GC(551) Pause Cleanup 341M->341M(1024M) 0.244ms
[2023-08-11T22:39:24.635+0000][gc,cpu        ] GC(551) User=0.00s Sys=0.00s Real=0.00s
[2023-08-11T22:39:24.635+0000][gc,marking    ] GC(551) Concurrent Cleanup for Next Mark
[2023-08-11T22:39:24.637+0000][gc,marking    ] GC(551) Concurrent Cleanup for Next Mark 1.373ms
[2023-08-11T22:39:24.637+0000][gc            ] GC(551) Concurrent Cycle 138.653ms
[2023-08-11T22:40:24.358+0000][gc,start      ] GC(552) Pause Young (Prepare Mixed) (G1 Evacuation Pause)
[2023-08-11T22:40:24.358+0000][gc,task       ] GC(552) Using 8 workers of 8 for evacuation
[2023-08-11T22:40:24.374+0000][gc,phases     ] GC(552)   Pre Evacuate Collection Set: 0.0ms
[2023-08-11T22:40:24.374+0000][gc,phases     ] GC(552)   Evacuate Collection Set: 14.8ms
[2023-08-11T22:40:24.374+0000][gc,phases     ] GC(552)   Post Evacuate Collection Set: 0.6ms
[2023-08-11T22:40:24.374+0000][gc,phases     ] GC(552)   Other: 0.4ms
[2023-08-11T22:40:24.374+0000][gc,heap       ] GC(552) Eden regions: 240->0(32)
[2023-08-11T22:40:24.374+0000][gc,heap       ] GC(552) Survivor regions: 23->19(33)
[2023-08-11T22:40:24.374+0000][gc,heap       ] GC(552) Old regions: 166->172
[2023-08-11T22:40:24.374+0000][gc,heap       ] GC(552) Humongous regions: 149->149
[2023-08-11T22:40:24.374+0000][gc,metaspace  ] GC(552) Metaspace: 118499K(124132K)->118499K(124132K) NonClass: 104747K(107980K)->104747K(107980K) Class: 13751K(16152K)->13751K(16152K)
[2023-08-11T22:40:24.374+0000][gc            ] GC(552) Pause Young (Prepare Mixed) (G1 Evacuation Pause) 576M->339M(1024M) 15.913ms
[2023-08-11T22:40:24.374+0000][gc,cpu        ] GC(552) User=0.12s Sys=0.00s Real=0.02s
[2023-08-11T22:40:25.188+0000][gc,start      ] GC(553) Pause Young (Mixed) (G1 Evacuation Pause)
[2023-08-11T22:40:25.188+0000][gc,task       ] GC(553) Using 8 workers of 8 for evacuation
[2023-08-11T22:40:25.200+0000][gc,phases     ] GC(553)   Pre Evacuate Collection Set: 0.1ms
[2023-08-11T22:40:25.200+0000][gc,phases     ] GC(553)   Evacuate Collection Set: 11.6ms
[2023-08-11T22:40:25.200+0000][gc,phases     ] GC(553)   Post Evacuate Collection Set: 0.6ms
[2023-08-11T22:40:25.200+0000][gc,phases     ] GC(553)   Other: 0.4ms
[2023-08-11T22:40:25.200+0000][gc,heap       ] GC(553) Eden regions: 32->0(565)
[2023-08-11T22:40:25.200+0000][gc,heap       ] GC(553) Survivor regions: 19->3(7)
[2023-08-11T22:40:25.200+0000][gc,heap       ] GC(553) Old regions: 172->166
[2023-08-11T22:40:25.200+0000][gc,heap       ] GC(553) Humongous regions: 149->149
[2023-08-11T22:40:25.200+0000][gc,metaspace  ] GC(553) Metaspace: 118499K(124132K)->118499K(124132K) NonClass: 104747K(107980K)->104747K(107980K) Class: 13751K(16152K)->13751K(16152K)
[2023-08-11T22:40:25.200+0000][gc            ] GC(553) Pause Young (Mixed) (G1 Evacuation Pause) 371M->317M(1024M) 12.779ms
[2023-08-11T22:40:25.200+0000][gc,cpu        ] GC(553) User=0.09s Sys=0.00s Real=0.02s
[2023-08-11T22:42:44.202+0000][gc,start      ] GC(554) Pause Young (Normal) (G1 Evacuation Pause)
[2023-08-11T22:42:44.202+0000][gc,task       ] GC(554) Using 8 workers of 8 for evacuation
[2023-08-11T22:42:44.216+0000][gc,phases     ] GC(554)   Pre Evacuate Collection Set: 0.0ms
[2023-08-11T22:42:44.216+0000][gc,phases     ] GC(554)   Evacuate Collection Set: 12.7ms
[2023-08-11T22:42:44.216+0000][gc,phases     ] GC(554)   Post Evacuate Collection Set: 0.7ms
[2023-08-11T22:42:44.216+0000][gc,phases     ] GC(554)   Other: 0.4ms
[2023-08-11T22:42:44.216+0000][gc,heap       ] GC(554) Eden regions: 565->0(493)
[2023-08-11T22:42:44.216+0000][gc,heap       ] GC(554) Survivor regions: 3->18(71)
[2023-08-11T22:42:44.216+0000][gc,heap       ] GC(554) Old regions: 166->166
[2023-08-11T22:42:44.216+0000][gc,heap       ] GC(554) Humongous regions: 149->149
[2023-08-11T22:42:44.216+0000][gc,metaspace  ] GC(554) Metaspace: 118499K(124132K)->118499K(124132K) NonClass: 104747K(107980K)->104747K(107980K) Class: 13751K(16152K)->13751K(16152K)
[2023-08-11T22:42:44.216+0000][gc            ] GC(554) Pause Young (Normal) (G1 Evacuation Pause) 882M->332M(1024M) 13.950ms
[2023-08-11T22:42:44.216+0000][gc,cpu        ] GC(554) User=0.10s Sys=0.00s Real=0.01s
[2023-08-11T22:44:54.387+0000][gc,start      ] GC(555) Pause Young (Normal) (G1 Evacuation Pause)
[2023-08-11T22:44:54.387+0000][gc,task       ] GC(555) Using 8 workers of 8 for evacuation
[2023-08-11T22:44:54.402+0000][gc,phases     ] GC(555)   Pre Evacuate Collection Set: 0.0ms
[2023-08-11T22:44:54.402+0000][gc,phases     ] GC(555)   Evacuate Collection Set: 14.1ms
[2023-08-11T22:44:54.402+0000][gc,phases     ] GC(555)   Post Evacuate Collection Set: 0.7ms
[2023-08-11T22:44:54.402+0000][gc,phases     ] GC(555)   Other: 0.4ms
[2023-08-11T22:44:54.402+0000][gc,heap       ] GC(555) Eden regions: 493->0(481)
[2023-08-11T22:44:54.402+0000][gc,heap       ] GC(555) Survivor regions: 18->22(64)
[2023-08-11T22:44:54.402+0000][gc,heap       ] GC(555) Old regions: 166->166
[2023-08-11T22:44:54.402+0000][gc,heap       ] GC(555) Humongous regions: 149->149
[2023-08-11T22:44:54.402+0000][gc,metaspace  ] GC(555) Metaspace: 118503K(124132K)->118503K(124132K) NonClass: 104751K(107980K)->104751K(107980K) Class: 13751K(16152K)->13751K(16152K)
[2023-08-11T22:44:54.402+0000][gc            ] GC(555) Pause Young (Normal) (G1 Evacuation Pause) 825M->336M(1024M) 15.292ms
[2023-08-11T22:44:54.402+0000][gc,cpu        ] GC(555) User=0.11s Sys=0.01s Real=0.02s
[2023-08-11T22:45:28.078+0000][gc,start      ] GC(556) Pause Young (Normal) (G1 Evacuation Pause)
[2023-08-11T22:45:28.078+0000][gc,task       ] GC(556) Using 8 workers of 8 for evacuation
[2023-08-11T22:45:28.093+0000][gc,phases     ] GC(556)   Pre Evacuate Collection Set: 0.0ms
[2023-08-11T22:45:28.093+0000][gc,phases     ] GC(556)   Evacuate Collection Set: 14.1ms
[2023-08-11T22:45:28.093+0000][gc,phases     ] GC(556)   Post Evacuate Collection Set: 0.7ms
[2023-08-11T22:45:28.093+0000][gc,phases     ] GC(556)   Other: 0.3ms
[2023-08-11T22:45:28.093+0000][gc,heap       ] GC(556) Eden regions: 481->0(486)
[2023-08-11T22:45:28.093+0000][gc,heap       ] GC(556) Survivor regions: 22->22(63)
[2023-08-11T22:45:28.093+0000][gc,heap       ] GC(556) Old regions: 166->166
[2023-08-11T22:45:28.093+0000][gc,heap       ] GC(556) Humongous regions: 149->149
[2023-08-11T22:45:28.093+0000][gc,metaspace  ] GC(556) Metaspace: 118738K(124388K)->118738K(124388K) NonClass: 104936K(108236K)->104936K(108236K) Class: 13801K(16152K)->13801K(16152K)
[2023-08-11T22:45:28.093+0000][gc            ] GC(556) Pause Young (Normal) (G1 Evacuation Pause) 817M->336M(1024M) 15.305ms
[2023-08-11T22:45:28.093+0000][gc,cpu        ] GC(556) User=0.11s Sys=0.00s Real=0.02s
[2023-08-11T22:45:29.294+0000][gc,start      ] GC(557) Pause Young (Normal) (G1 Evacuation Pause)
[2023-08-11T22:45:29.294+0000][gc,task       ] GC(557) Using 8 workers of 8 for evacuation
[2023-08-11T22:45:29.308+0000][gc,phases     ] GC(557)   Pre Evacuate Collection Set: 0.0ms
[2023-08-11T22:45:29.308+0000][gc,phases     ] GC(557)   Evacuate Collection Set: 12.9ms
[2023-08-11T22:45:29.308+0000][gc,phases     ] GC(557)   Post Evacuate Collection Set: 0.7ms
[2023-08-11T22:45:29.308+0000][gc,phases     ] GC(557)   Other: 0.4ms
[2023-08-11T22:45:29.308+0000][gc,heap       ] GC(557) Eden regions: 486->0(498)
[2023-08-11T22:45:29.308+0000][gc,heap       ] GC(557) Survivor regions: 22->23(64)
[2023-08-11T22:45:29.308+0000][gc,heap       ] GC(557) Old regions: 166->166
[2023-08-11T22:45:29.308+0000][gc,heap       ] GC(557) Humongous regions: 149->149
[2023-08-11T22:45:29.308+0000][gc,metaspace  ] GC(557) Metaspace: 118739K(124388K)->118739K(124388K) NonClass: 104938K(108236K)->104938K(108236K) Class: 13801K(16152K)->13801K(16152K)
[2023-08-11T22:45:29.308+0000][gc            ] GC(557) Pause Young (Normal) (G1 Evacuation Pause) 822M->337M(1024M) 14.069ms
[2023-08-11T22:45:29.308+0000][gc,cpu        ] GC(557) User=0.11s Sys=0.00s Real=0.01s
[2023-08-11T22:45:30.563+0000][gc,start      ] GC(558) Pause Young (Normal) (G1 Evacuation Pause)
[2023-08-11T22:45:30.563+0000][gc,task       ] GC(558) Using 8 workers of 8 for evacuation
[2023-08-11T22:45:30.589+0000][gc,mmu        ] GC(558) MMU target violated: 21.0ms (20.0ms/21.0ms)
[2023-08-11T22:45:30.589+0000][gc,phases     ] GC(558)   Pre Evacuate Collection Set: 0.0ms
[2023-08-11T22:45:30.589+0000][gc,phases     ] GC(558)   Evacuate Collection Set: 25.4ms
[2023-08-11T22:45:30.589+0000][gc,phases     ] GC(558)   Post Evacuate Collection Set: 0.8ms
[2023-08-11T22:45:30.590+0000][gc,phases     ] GC(558)   Other: 0.4ms
[2023-08-11T22:45:30.590+0000][gc,heap       ] GC(558) Eden regions: 498->0(497)
[2023-08-11T22:45:30.590+0000][gc,heap       ] GC(558) Survivor regions: 23->23(66)
[2023-08-11T22:45:30.590+0000][gc,heap       ] GC(558) Old regions: 166->166
[2023-08-11T22:45:30.590+0000][gc,heap       ] GC(558) Humongous regions: 149->149
[2023-08-11T22:45:30.590+0000][gc,metaspace  ] GC(558) Metaspace: 118751K(124388K)->118751K(124388K) NonClass: 104950K(108236K)->104950K(108236K) Class: 13801K(16152K)->13801K(16152K)
[2023-08-11T22:45:30.590+0000][gc            ] GC(558) Pause Young (Normal) (G1 Evacuation Pause) 835M->337M(1024M) 26.627ms
[2023-08-11T22:45:30.590+0000][gc,cpu        ] GC(558) User=0.18s Sys=0.00s Real=0.02s
[2023-08-11T22:45:31.891+0000][gc,start      ] GC(559) Pause Young (Concurrent Start) (G1 Evacuation Pause)
[2023-08-11T22:45:31.891+0000][gc,task       ] GC(559) Using 8 workers of 8 for evacuation
[2023-08-11T22:45:31.907+0000][gc,phases     ] GC(559)   Pre Evacuate Collection Set: 0.5ms
[2023-08-11T22:45:31.907+0000][gc,phases     ] GC(559)   Evacuate Collection Set: 14.1ms
[2023-08-11T22:45:31.907+0000][gc,phases     ] GC(559)   Post Evacuate Collection Set: 0.7ms
[2023-08-11T22:45:31.907+0000][gc,phases     ] GC(559)   Other: 0.4ms
[2023-08-11T22:45:31.907+0000][gc,heap       ] GC(559) Eden regions: 497->0(496)
[2023-08-11T22:45:31.907+0000][gc,heap       ] GC(559) Survivor regions: 23->23(65)
[2023-08-11T22:45:31.907+0000][gc,heap       ] GC(559) Old regions: 166->166
[2023-08-11T22:45:31.907+0000][gc,heap       ] GC(559) Humongous regions: 149->149
[2023-08-11T22:45:31.907+0000][gc,metaspace  ] GC(559) Metaspace: 118753K(124388K)->118753K(124388K) NonClass: 104952K(108236K)->104952K(108236K) Class: 13801K(16152K)->13801K(16152K)
[2023-08-11T22:45:31.907+0000][gc            ] GC(559) Pause Young (Concurrent Start) (G1 Evacuation Pause) 834M->337M(1024M) 15.791ms
[2023-08-11T22:45:31.907+0000][gc,cpu        ] GC(559) User=0.12s Sys=0.00s Real=0.01s
[2023-08-11T22:45:31.907+0000][gc            ] GC(560) Concurrent Cycle
[2023-08-11T22:45:31.907+0000][gc,marking    ] GC(560) Concurrent Clear Claimed Marks
[2023-08-11T22:45:31.907+0000][gc,marking    ] GC(560) Concurrent Clear Claimed Marks 0.147ms
[2023-08-11T22:45:31.907+0000][gc,marking    ] GC(560) Concurrent Scan Root Regions
[2023-08-11T22:45:31.917+0000][gc,marking    ] GC(560) Concurrent Scan Root Regions 10.106ms
[2023-08-11T22:45:31.917+0000][gc,marking    ] GC(560) Concurrent Mark (43423.219s)
[2023-08-11T22:45:31.917+0000][gc,marking    ] GC(560) Concurrent Mark From Roots
[2023-08-11T22:45:31.917+0000][gc,task       ] GC(560) Using 2 workers of 2 for marking
[2023-08-11T22:45:31.988+0000][gc,marking    ] GC(560) Concurrent Mark From Roots 70.943ms
[2023-08-11T22:45:31.988+0000][gc,marking    ] GC(560) Concurrent Preclean
[2023-08-11T22:45:31.989+0000][gc,marking    ] GC(560) Concurrent Preclean 0.444ms
[2023-08-11T22:45:31.989+0000][gc,marking    ] GC(560) Concurrent Mark (43423.219s, 43423.290s) 71.448ms
[2023-08-11T22:45:31.989+0000][gc,start      ] GC(560) Pause Remark
[2023-08-11T22:45:31.998+0000][gc,stringtable] GC(560) Cleaned string and symbol table, strings: 44019 processed, 0 removed, symbols: 278514 processed, 0 removed
[2023-08-11T22:45:31.999+0000][gc            ] GC(560) Pause Remark 367M->367M(1024M) 9.555ms
[2023-08-11T22:45:31.999+0000][gc,cpu        ] GC(560) User=0.07s Sys=0.00s Real=0.01s
[2023-08-11T22:45:31.999+0000][gc,marking    ] GC(560) Concurrent Rebuild Remembered Sets
[2023-08-11T22:45:32.039+0000][gc,marking    ] GC(560) Concurrent Rebuild Remembered Sets 40.141ms
[2023-08-11T22:45:32.039+0000][gc,start      ] GC(560) Pause Cleanup
[2023-08-11T22:45:32.039+0000][gc            ] GC(560) Pause Cleanup 381M->381M(1024M) 0.214ms
[2023-08-11T22:45:32.039+0000][gc,cpu        ] GC(560) User=0.00s Sys=0.00s Real=0.00s
[2023-08-11T22:45:32.039+0000][gc,marking    ] GC(560) Concurrent Cleanup for Next Mark
[2023-08-11T22:45:32.042+0000][gc,marking    ] GC(560) Concurrent Cleanup for Next Mark 2.395ms
[2023-08-11T22:45:32.042+0000][gc            ] GC(560) Concurrent Cycle 134.777ms
[2023-08-11T22:45:32.101+0000][gc,start      ] GC(561) Pause Young (Prepare Mixed) (G1 Evacuation Pause)
[2023-08-11T22:45:32.101+0000][gc,task       ] GC(561) Using 8 workers of 8 for evacuation
[2023-08-11T22:45:32.118+0000][gc,phases     ] GC(561)   Pre Evacuate Collection Set: 0.0ms
[2023-08-11T22:45:32.118+0000][gc,phases     ] GC(561)   Evacuate Collection Set: 15.5ms
[2023-08-11T22:45:32.118+0000][gc,phases     ] GC(561)   Post Evacuate Collection Set: 0.6ms
[2023-08-11T22:45:32.118+0000][gc,phases     ] GC(561)   Other: 0.3ms
[2023-08-11T22:45:32.118+0000][gc,heap       ] GC(561) Eden regions: 67->0(46)
[2023-08-11T22:45:32.118+0000][gc,heap       ] GC(561) Survivor regions: 23->5(12)
[2023-08-11T22:45:32.118+0000][gc,heap       ] GC(561) Old regions: 166->185
[2023-08-11T22:45:32.118+0000][gc,heap       ] GC(561) Humongous regions: 149->149
[2023-08-11T22:45:32.118+0000][gc,metaspace  ] GC(561) Metaspace: 118753K(124388K)->118753K(124388K) NonClass: 104952K(108236K)->104952K(108236K) Class: 13801K(16152K)->13801K(16152K)
[2023-08-11T22:45:32.118+0000][gc            ] GC(561) Pause Young (Prepare Mixed) (G1 Evacuation Pause) 404M->337M(1024M) 16.491ms
[2023-08-11T22:45:32.118+0000][gc,cpu        ] GC(561) User=0.12s Sys=0.00s Real=0.01s
[2023-08-11T22:45:32.244+0000][gc,start      ] GC(562) Pause Young (Mixed) (G1 Evacuation Pause)
[2023-08-11T22:45:32.244+0000][gc,task       ] GC(562) Using 8 workers of 8 for evacuation
[2023-08-11T22:45:32.251+0000][gc,phases     ] GC(562)   Pre Evacuate Collection Set: 0.1ms
[2023-08-11T22:45:32.251+0000][gc,phases     ] GC(562)   Evacuate Collection Set: 6.3ms
[2023-08-11T22:45:32.251+0000][gc,phases     ] GC(562)   Post Evacuate Collection Set: 0.5ms
[2023-08-11T22:45:32.251+0000][gc,phases     ] GC(562)   Other: 0.4ms
[2023-08-11T22:45:32.251+0000][gc,heap       ] GC(562) Eden regions: 46->0(545)
[2023-08-11T22:45:32.251+0000][gc,heap       ] GC(562) Survivor regions: 5->4(7)
[2023-08-11T22:45:32.251+0000][gc,heap       ] GC(562) Old regions: 185->162
[2023-08-11T22:45:32.251+0000][gc,heap       ] GC(562) Humongous regions: 149->149
[2023-08-11T22:45:32.251+0000][gc,metaspace  ] GC(562) Metaspace: 118753K(124388K)->118753K(124388K) NonClass: 104952K(108236K)->104952K(108236K) Class: 13801K(16152K)->13801K(16152K)
[2023-08-11T22:45:32.252+0000][gc            ] GC(562) Pause Young (Mixed) (G1 Evacuation Pause) 383M->314M(1024M) 7.306ms
[2023-08-11T22:45:32.252+0000][gc,cpu        ] GC(562) User=0.04s Sys=0.01s Real=0.01s
[2023-08-11T22:45:33.413+0000][gc,start      ] GC(563) Pause Young (Concurrent Start) (G1 Evacuation Pause)
[2023-08-11T22:45:33.413+0000][gc,task       ] GC(563) Using 8 workers of 8 for evacuation
[2023-08-11T22:45:33.418+0000][gc,phases     ] GC(563)   Pre Evacuate Collection Set: 0.5ms
[2023-08-11T22:45:33.418+0000][gc,phases     ] GC(563)   Evacuate Collection Set: 4.1ms
[2023-08-11T22:45:33.418+0000][gc,phases     ] GC(563)   Post Evacuate Collection Set: 0.6ms
[2023-08-11T22:45:33.418+0000][gc,phases     ] GC(563)   Other: 0.3ms
[2023-08-11T22:45:33.418+0000][gc,heap       ] GC(563) Eden regions: 545->0(197)
[2023-08-11T22:45:33.418+0000][gc,heap       ] GC(563) Survivor regions: 4->4(69)
[2023-08-11T22:45:33.418+0000][gc,heap       ] GC(563) Old regions: 162->162
[2023-08-11T22:45:33.418+0000][gc,heap       ] GC(563) Humongous regions: 149->149
[2023-08-11T22:45:33.418+0000][gc,metaspace  ] GC(563) Metaspace: 118992K(124644K)->118992K(124644K) NonClass: 105163K(108492K)->105163K(108492K) Class: 13828K(16152K)->13828K(16152K)
[2023-08-11T22:45:33.418+0000][gc            ] GC(563) Pause Young (Concurrent Start) (G1 Evacuation Pause) 859M->314M(1024M) 5.573ms
[2023-08-11T22:45:33.418+0000][gc,cpu        ] GC(563) User=0.03s Sys=0.00s Real=0.00s
[2023-08-11T22:45:33.418+0000][gc            ] GC(564) Concurrent Cycle
[2023-08-11T22:45:33.419+0000][gc,marking    ] GC(564) Concurrent Clear Claimed Marks
[2023-08-11T22:45:33.419+0000][gc,marking    ] GC(564) Concurrent Clear Claimed Marks 0.137ms
[2023-08-11T22:45:33.419+0000][gc,marking    ] GC(564) Concurrent Scan Root Regions
[2023-08-11T22:45:33.422+0000][gc,marking    ] GC(564) Concurrent Scan Root Regions 2.901ms
[2023-08-11T22:45:33.422+0000][gc,marking    ] GC(564) Concurrent Mark (43424.723s)
[2023-08-11T22:45:33.422+0000][gc,marking    ] GC(564) Concurrent Mark From Roots
[2023-08-11T22:45:33.422+0000][gc,task       ] GC(564) Using 2 workers of 2 for marking
[2023-08-11T22:45:33.496+0000][gc,marking    ] GC(564) Concurrent Mark From Roots 74.169ms
[2023-08-11T22:45:33.497+0000][gc,marking    ] GC(564) Concurrent Preclean
[2023-08-11T22:45:33.497+0000][gc,marking    ] GC(564) Concurrent Preclean 0.564ms
[2023-08-11T22:45:33.497+0000][gc,marking    ] GC(564) Concurrent Mark (43424.723s, 43424.799s) 75.612ms
[2023-08-11T22:45:33.497+0000][gc,start      ] GC(564) Pause Remark
[2023-08-11T22:45:33.516+0000][gc,stringtable] GC(564) Cleaned string and symbol table, strings: 45404 processed, 294 removed, symbols: 280253 processed, 1 removed
[2023-08-11T22:45:33.516+0000][gc            ] GC(564) Pause Remark 347M->346M(1024M) 18.940ms
[2023-08-11T22:45:33.516+0000][gc,cpu        ] GC(564) User=0.12s Sys=0.00s Real=0.02s
[2023-08-11T22:45:33.516+0000][gc,marking    ] GC(564) Concurrent Rebuild Remembered Sets
[2023-08-11T22:45:33.558+0000][gc,marking    ] GC(564) Concurrent Rebuild Remembered Sets 41.751ms
[2023-08-11T22:45:33.559+0000][gc,start      ] GC(564) Pause Cleanup
[2023-08-11T22:45:33.559+0000][gc            ] GC(564) Pause Cleanup 361M->361M(1024M) 0.293ms
[2023-08-11T22:45:33.559+0000][gc,cpu        ] GC(564) User=0.01s Sys=0.00s Real=0.01s
[2023-08-11T22:45:33.559+0000][gc,marking    ] GC(564) Concurrent Cleanup for Next Mark
[2023-08-11T22:45:33.560+0000][gc,marking    ] GC(564) Concurrent Cleanup for Next Mark 1.367ms
[2023-08-11T22:45:33.560+0000][gc            ] GC(564) Concurrent Cycle 141.818ms
[2023-08-11T22:45:33.885+0000][gc,start      ] GC(565) Pause Young (Prepare Mixed) (G1 Evacuation Pause)
[2023-08-11T22:45:33.885+0000][gc,task       ] GC(565) Using 8 workers of 8 for evacuation
[2023-08-11T22:45:33.894+0000][gc,phases     ] GC(565)   Pre Evacuate Collection Set: 0.0ms
[2023-08-11T22:45:33.894+0000][gc,phases     ] GC(565)   Evacuate Collection Set: 8.1ms
[2023-08-11T22:45:33.894+0000][gc,phases     ] GC(565)   Post Evacuate Collection Set: 0.6ms
[2023-08-11T22:45:33.894+0000][gc,phases     ] GC(565)   Other: 0.5ms
[2023-08-11T22:45:33.894+0000][gc,heap       ] GC(565) Eden regions: 197->0(46)
[2023-08-11T22:45:33.894+0000][gc,heap       ] GC(565) Survivor regions: 4->5(26)
[2023-08-11T22:45:33.894+0000][gc,heap       ] GC(565) Old regions: 161->161
[2023-08-11T22:45:33.894+0000][gc,heap       ] GC(565) Humongous regions: 149->149
[2023-08-11T22:45:33.894+0000][gc,metaspace  ] GC(565) Metaspace: 119001K(124644K)->119001K(124644K) NonClass: 105173K(108492K)->105173K(108492K) Class: 13828K(16152K)->13828K(16152K)
[2023-08-11T22:45:33.894+0000][gc            ] GC(565) Pause Young (Prepare Mixed) (G1 Evacuation Pause) 510M->314M(1024M) 9.374ms
[2023-08-11T22:45:33.894+0000][gc,cpu        ] GC(565) User=0.05s Sys=0.00s Real=0.01s
[2023-08-11T22:45:33.998+0000][gc,start      ] GC(566) Pause Young (Mixed) (G1 Evacuation Pause)
[2023-08-11T22:45:33.998+0000][gc,task       ] GC(566) Using 8 workers of 8 for evacuation
[2023-08-11T22:45:34.002+0000][gc,phases     ] GC(566)   Pre Evacuate Collection Set: 0.0ms
[2023-08-11T22:45:34.002+0000][gc,phases     ] GC(566)   Evacuate Collection Set: 3.5ms
[2023-08-11T22:45:34.002+0000][gc,phases     ] GC(566)   Post Evacuate Collection Set: 0.5ms
[2023-08-11T22:45:34.002+0000][gc,phases     ] GC(566)   Other: 0.3ms
[2023-08-11T22:45:34.002+0000][gc,heap       ] GC(566) Eden regions: 46->0(238)
[2023-08-11T22:45:34.002+0000][gc,heap       ] GC(566) Survivor regions: 5->2(7)
[2023-08-11T22:45:34.002+0000][gc,heap       ] GC(566) Old regions: 161->146
[2023-08-11T22:45:34.002+0000][gc,heap       ] GC(566) Humongous regions: 149->149
[2023-08-11T22:45:34.002+0000][gc,metaspace  ] GC(566) Metaspace: 119001K(124644K)->119001K(124644K) NonClass: 105173K(108492K)->105173K(108492K) Class: 13828K(16152K)->13828K(16152K)
[2023-08-11T22:45:34.002+0000][gc            ] GC(566) Pause Young (Mixed) (G1 Evacuation Pause) 360M->296M(1024M) 4.445ms
[2023-08-11T22:45:34.002+0000][gc,cpu        ] GC(566) User=0.03s Sys=0.00s Real=0.01s
[2023-08-11T22:45:34.558+0000][gc,start      ] GC(567) Pause Young (Concurrent Start) (G1 Evacuation Pause)
[2023-08-11T22:45:34.558+0000][gc,task       ] GC(567) Using 8 workers of 8 for evacuation
[2023-08-11T22:45:34.562+0000][gc,phases     ] GC(567)   Pre Evacuate Collection Set: 0.5ms
[2023-08-11T22:45:34.562+0000][gc,phases     ] GC(567)   Evacuate Collection Set: 3.2ms
[2023-08-11T22:45:34.562+0000][gc,phases     ] GC(567)   Post Evacuate Collection Set: 0.5ms
[2023-08-11T22:45:34.562+0000][gc,phases     ] GC(567)   Other: 0.3ms
[2023-08-11T22:45:34.562+0000][gc,heap       ] GC(567) Eden regions: 238->0(248)
[2023-08-11T22:45:34.562+0000][gc,heap       ] GC(567) Survivor regions: 2->2(30)
[2023-08-11T22:45:34.562+0000][gc,heap       ] GC(567) Old regions: 146->146
[2023-08-11T22:45:34.563+0000][gc,heap       ] GC(567) Humongous regions: 149->149
[2023-08-11T22:45:34.563+0000][gc,metaspace  ] GC(567) Metaspace: 119001K(124644K)->119001K(124644K) NonClass: 105173K(108492K)->105173K(108492K) Class: 13828K(16152K)->13828K(16152K)
[2023-08-11T22:45:34.563+0000][gc            ] GC(567) Pause Young (Concurrent Start) (G1 Evacuation Pause) 534M->296M(1024M) 4.607ms
[2023-08-11T22:45:34.563+0000][gc,cpu        ] GC(567) User=0.03s Sys=0.00s Real=0.01s
[2023-08-11T22:45:34.563+0000][gc            ] GC(568) Concurrent Cycle
[2023-08-11T22:45:34.563+0000][gc,marking    ] GC(568) Concurrent Clear Claimed Marks
[2023-08-11T22:45:34.563+0000][gc,marking    ] GC(568) Concurrent Clear Claimed Marks 0.147ms
[2023-08-11T22:45:34.563+0000][gc,marking    ] GC(568) Concurrent Scan Root Regions
[2023-08-11T22:45:34.564+0000][gc,marking    ] GC(568) Concurrent Scan Root Regions 1.439ms
[2023-08-11T22:45:34.564+0000][gc,marking    ] GC(568) Concurrent Mark (43425.866s)
[2023-08-11T22:45:34.564+0000][gc,marking    ] GC(568) Concurrent Mark From Roots
[2023-08-11T22:45:34.564+0000][gc,task       ] GC(568) Using 2 workers of 2 for marking
[2023-08-11T22:45:34.633+0000][gc,marking    ] GC(568) Concurrent Mark From Roots 68.328ms
[2023-08-11T22:45:34.633+0000][gc,marking    ] GC(568) Concurrent Preclean
[2023-08-11T22:45:34.633+0000][gc,marking    ] GC(568) Concurrent Preclean 0.475ms
[2023-08-11T22:45:34.633+0000][gc,marking    ] GC(568) Concurrent Mark (43425.866s, 43425.935s) 68.876ms
[2023-08-11T22:45:34.633+0000][gc,start      ] GC(568) Pause Remark
[2023-08-11T22:45:34.645+0000][gc,stringtable] GC(568) Cleaned string and symbol table, strings: 45110 processed, 1 removed, symbols: 280252 processed, 0 removed
[2023-08-11T22:45:34.646+0000][gc            ] GC(568) Pause Remark 326M->326M(1024M) 12.175ms
[2023-08-11T22:45:34.646+0000][gc,cpu        ] GC(568) User=0.09s Sys=0.00s Real=0.01s
[2023-08-11T22:45:34.646+0000][gc,marking    ] GC(568) Concurrent Rebuild Remembered Sets
[2023-08-11T22:45:34.688+0000][gc,marking    ] GC(568) Concurrent Rebuild Remembered Sets 42.471ms
[2023-08-11T22:45:34.688+0000][gc,start      ] GC(568) Pause Cleanup
[2023-08-11T22:45:34.689+0000][gc            ] GC(568) Pause Cleanup 345M->345M(1024M) 0.232ms
[2023-08-11T22:45:34.689+0000][gc,cpu        ] GC(568) User=0.00s Sys=0.00s Real=0.00s
[2023-08-11T22:45:34.689+0000][gc,marking    ] GC(568) Concurrent Cleanup for Next Mark
[2023-08-11T22:45:34.690+0000][gc,marking    ] GC(568) Concurrent Cleanup for Next Mark 1.381ms
[2023-08-11T22:45:34.690+0000][gc            ] GC(568) Concurrent Cycle 127.562ms
[2023-08-11T22:45:35.129+0000][gc,start      ] GC(569) Pause Young (Prepare Mixed) (G1 Evacuation Pause)
[2023-08-11T22:45:35.129+0000][gc,task       ] GC(569) Using 8 workers of 8 for evacuation
[2023-08-11T22:45:35.133+0000][gc,phases     ] GC(569)   Pre Evacuate Collection Set: 0.0ms
[2023-08-11T22:45:35.133+0000][gc,phases     ] GC(569)   Evacuate Collection Set: 3.1ms
[2023-08-11T22:45:35.133+0000][gc,phases     ] GC(569)   Post Evacuate Collection Set: 0.5ms
[2023-08-11T22:45:35.133+0000][gc,phases     ] GC(569)   Other: 0.3ms
[2023-08-11T22:45:35.133+0000][gc,heap       ] GC(569) Eden regions: 248->0(49)
[2023-08-11T22:45:35.133+0000][gc,heap       ] GC(569) Survivor regions: 2->2(32)
[2023-08-11T22:45:35.133+0000][gc,heap       ] GC(569) Old regions: 146->146
[2023-08-11T22:45:35.133+0000][gc,heap       ] GC(569) Humongous regions: 149->149
[2023-08-11T22:45:35.133+0000][gc,metaspace  ] GC(569) Metaspace: 119002K(124644K)->119002K(124644K) NonClass: 105173K(108492K)->105173K(108492K) Class: 13829K(16152K)->13829K(16152K)
[2023-08-11T22:45:35.133+0000][gc            ] GC(569) Pause Young (Prepare Mixed) (G1 Evacuation Pause) 544M->296M(1024M) 4.009ms
[2023-08-11T22:45:35.133+0000][gc,cpu        ] GC(569) User=0.03s Sys=0.00s Real=0.01s
[2023-08-11T22:45:35.240+0000][gc,start      ] GC(570) Pause Young (Mixed) (G1 Evacuation Pause)
[2023-08-11T22:45:35.240+0000][gc,task       ] GC(570) Using 8 workers of 8 for evacuation
[2023-08-11T22:45:35.243+0000][gc,phases     ] GC(570)   Pre Evacuate Collection Set: 0.0ms
[2023-08-11T22:45:35.243+0000][gc,phases     ] GC(570)   Evacuate Collection Set: 2.2ms
[2023-08-11T22:45:35.243+0000][gc,phases     ] GC(570)   Post Evacuate Collection Set: 0.4ms
[2023-08-11T22:45:35.243+0000][gc,phases     ] GC(570)   Other: 0.3ms
[2023-08-11T22:45:35.243+0000][gc,heap       ] GC(570) Eden regions: 49->0(272)
[2023-08-11T22:45:35.243+0000][gc,heap       ] GC(570) Survivor regions: 2->3(7)
[2023-08-11T22:45:35.243+0000][gc,heap       ] GC(570) Old regions: 146->145
[2023-08-11T22:45:35.243+0000][gc,heap       ] GC(570) Humongous regions: 149->149
[2023-08-11T22:45:35.243+0000][gc,metaspace  ] GC(570) Metaspace: 119004K(124644K)->119004K(124644K) NonClass: 105175K(108492K)->105175K(108492K) Class: 13829K(16152K)->13829K(16152K)
[2023-08-11T22:45:35.243+0000][gc            ] GC(570) Pause Young (Mixed) (G1 Evacuation Pause) 345M->295M(1024M) 3.019ms
[2023-08-11T22:45:35.243+0000][gc,cpu        ] GC(570) User=0.02s Sys=0.00s Real=0.00s
[2023-08-11T22:45:35.875+0000][gc,start      ] GC(571) Pause Young (Concurrent Start) (G1 Evacuation Pause)
[2023-08-11T22:45:35.875+0000][gc,task       ] GC(571) Using 8 workers of 8 for evacuation
[2023-08-11T22:45:35.879+0000][gc,phases     ] GC(571)   Pre Evacuate Collection Set: 0.5ms
[2023-08-11T22:45:35.879+0000][gc,phases     ] GC(571)   Evacuate Collection Set: 2.9ms
[2023-08-11T22:45:35.879+0000][gc,phases     ] GC(571)   Post Evacuate Collection Set: 0.6ms
[2023-08-11T22:45:35.879+0000][gc,phases     ] GC(571)   Other: 0.3ms
[2023-08-11T22:45:35.879+0000][gc,heap       ] GC(571) Eden regions: 272->0(284)
[2023-08-11T22:45:35.879+0000][gc,heap       ] GC(571) Survivor regions: 3->3(35)
[2023-08-11T22:45:35.879+0000][gc,heap       ] GC(571) Old regions: 145->145
[2023-08-11T22:45:35.879+0000][gc,heap       ] GC(571) Humongous regions: 149->149
[2023-08-11T22:45:35.879+0000][gc,metaspace  ] GC(571) Metaspace: 119005K(124644K)->119005K(124644K) NonClass: 105175K(108492K)->105175K(108492K) Class: 13829K(16152K)->13829K(16152K)
[2023-08-11T22:45:35.879+0000][gc            ] GC(571) Pause Young (Concurrent Start) (G1 Evacuation Pause) 567M->295M(1024M) 4.298ms
[2023-08-11T22:45:35.879+0000][gc,cpu        ] GC(571) User=0.02s Sys=0.01s Real=0.01s
[2023-08-11T22:45:35.879+0000][gc            ] GC(572) Concurrent Cycle
[2023-08-11T22:45:35.879+0000][gc,marking    ] GC(572) Concurrent Clear Claimed Marks
[2023-08-11T22:45:35.879+0000][gc,marking    ] GC(572) Concurrent Clear Claimed Marks 0.151ms
[2023-08-11T22:45:35.879+0000][gc,marking    ] GC(572) Concurrent Scan Root Regions
[2023-08-11T22:45:35.881+0000][gc,marking    ] GC(572) Concurrent Scan Root Regions 1.541ms
[2023-08-11T22:45:35.881+0000][gc,marking    ] GC(572) Concurrent Mark (43427.182s)
[2023-08-11T22:45:35.881+0000][gc,marking    ] GC(572) Concurrent Mark From Roots
[2023-08-11T22:45:35.881+0000][gc,task       ] GC(572) Using 2 workers of 2 for marking
[2023-08-11T22:45:35.952+0000][gc,marking    ] GC(572) Concurrent Mark From Roots 71.647ms
[2023-08-11T22:45:35.953+0000][gc,marking    ] GC(572) Concurrent Preclean
[2023-08-11T22:45:35.953+0000][gc,marking    ] GC(572) Concurrent Preclean 0.476ms
[2023-08-11T22:45:35.953+0000][gc,marking    ] GC(572) Concurrent Mark (43427.182s, 43427.254s) 72.191ms
[2023-08-11T22:45:35.953+0000][gc,start      ] GC(572) Pause Remark
[2023-08-11T22:45:35.968+0000][gc,stringtable] GC(572) Cleaned string and symbol table, strings: 45110 processed, 0 removed, symbols: 280252 processed, 0 removed
[2023-08-11T22:45:35.968+0000][gc            ] GC(572) Pause Remark 327M->327M(1024M) 14.697ms
[2023-08-11T22:45:35.968+0000][gc,cpu        ] GC(572) User=0.09s Sys=0.00s Real=0.01s
[2023-08-11T22:45:35.968+0000][gc,marking    ] GC(572) Concurrent Rebuild Remembered Sets
[2023-08-11T22:45:36.018+0000][gc,marking    ] GC(572) Concurrent Rebuild Remembered Sets 49.579ms
[2023-08-11T22:45:36.018+0000][gc,start      ] GC(572) Pause Cleanup
[2023-08-11T22:45:36.018+0000][gc            ] GC(572) Pause Cleanup 344M->344M(1024M) 0.306ms
[2023-08-11T22:45:36.018+0000][gc,cpu        ] GC(572) User=0.00s Sys=0.00s Real=0.00s
[2023-08-11T22:45:36.018+0000][gc,marking    ] GC(572) Concurrent Cleanup for Next Mark
[2023-08-11T22:45:36.020+0000][gc,marking    ] GC(572) Concurrent Cleanup for Next Mark 1.427ms
[2023-08-11T22:45:36.020+0000][gc            ] GC(572) Concurrent Cycle 140.693ms
[2023-08-11T22:45:36.551+0000][gc,start      ] GC(573) Pause Young (Normal) (G1 Evacuation Pause)
[2023-08-11T22:45:36.551+0000][gc,task       ] GC(573) Using 8 workers of 8 for evacuation
[2023-08-11T22:45:36.555+0000][gc,phases     ] GC(573)   Pre Evacuate Collection Set: 0.0ms
[2023-08-11T22:45:36.555+0000][gc,phases     ] GC(573)   Evacuate Collection Set: 3.2ms
[2023-08-11T22:45:36.555+0000][gc,phases     ] GC(573)   Post Evacuate Collection Set: 0.6ms
[2023-08-11T22:45:36.555+0000][gc,phases     ] GC(573)   Other: 0.3ms
[2023-08-11T22:45:36.555+0000][gc,heap       ] GC(573) Eden regions: 284->0(322)
[2023-08-11T22:45:36.555+0000][gc,heap       ] GC(573) Survivor regions: 3->3(36)
[2023-08-11T22:45:36.555+0000][gc,heap       ] GC(573) Old regions: 145->145
[2023-08-11T22:45:36.555+0000][gc,heap       ] GC(573) Humongous regions: 149->149
[2023-08-11T22:45:36.555+0000][gc,metaspace  ] GC(573) Metaspace: 119005K(124644K)->119005K(124644K) NonClass: 105176K(108492K)->105176K(108492K) Class: 13829K(16152K)->13829K(16152K)
[2023-08-11T22:45:36.555+0000][gc            ] GC(573) Pause Young (Normal) (G1 Evacuation Pause) 579M->295M(1024M) 4.154ms
[2023-08-11T22:45:36.555+0000][gc,cpu        ] GC(573) User=0.03s Sys=0.00s Real=0.00s
[2023-08-11T22:45:37.323+0000][gc,start      ] GC(574) Pause Young (Concurrent Start) (G1 Evacuation Pause)
[2023-08-11T22:45:37.323+0000][gc,task       ] GC(574) Using 8 workers of 8 for evacuation
[2023-08-11T22:45:37.327+0000][gc,phases     ] GC(574)   Pre Evacuate Collection Set: 0.5ms
[2023-08-11T22:45:37.327+0000][gc,phases     ] GC(574)   Evacuate Collection Set: 3.0ms
[2023-08-11T22:45:37.327+0000][gc,phases     ] GC(574)   Post Evacuate Collection Set: 0.6ms
[2023-08-11T22:45:37.327+0000][gc,phases     ] GC(574)   Other: 0.3ms
[2023-08-11T22:45:37.327+0000][gc,heap       ] GC(574) Eden regions: 322->0(340)
[2023-08-11T22:45:37.327+0000][gc,heap       ] GC(574) Survivor regions: 3->3(41)
[2023-08-11T22:45:37.327+0000][gc,heap       ] GC(574) Old regions: 145->145
[2023-08-11T22:45:37.327+0000][gc,heap       ] GC(574) Humongous regions: 149->149
[2023-08-11T22:45:37.327+0000][gc,metaspace  ] GC(574) Metaspace: 119005K(124644K)->119005K(124644K) NonClass: 105176K(108492K)->105176K(108492K) Class: 13829K(16152K)->13829K(16152K)
[2023-08-11T22:45:37.327+0000][gc            ] GC(574) Pause Young (Concurrent Start) (G1 Evacuation Pause) 617M->295M(1024M) 4.576ms
[2023-08-11T22:45:37.327+0000][gc,cpu        ] GC(574) User=0.02s Sys=0.01s Real=0.00s
[2023-08-11T22:45:37.327+0000][gc            ] GC(575) Concurrent Cycle
[2023-08-11T22:45:37.327+0000][gc,marking    ] GC(575) Concurrent Clear Claimed Marks
[2023-08-11T22:45:37.327+0000][gc,marking    ] GC(575) Concurrent Clear Claimed Marks 0.150ms
[2023-08-11T22:45:37.327+0000][gc,marking    ] GC(575) Concurrent Scan Root Regions
[2023-08-11T22:45:37.329+0000][gc,marking    ] GC(575) Concurrent Scan Root Regions 1.603ms
[2023-08-11T22:45:37.329+0000][gc,marking    ] GC(575) Concurrent Mark (43428.630s)
[2023-08-11T22:45:37.329+0000][gc,marking    ] GC(575) Concurrent Mark From Roots
[2023-08-11T22:45:37.329+0000][gc,task       ] GC(575) Using 2 workers of 2 for marking
[2023-08-11T22:45:37.397+0000][gc,marking    ] GC(575) Concurrent Mark From Roots 67.606ms
[2023-08-11T22:45:37.397+0000][gc,marking    ] GC(575) Concurrent Preclean
[2023-08-11T22:45:37.397+0000][gc,marking    ] GC(575) Concurrent Preclean 0.470ms
[2023-08-11T22:45:37.397+0000][gc,marking    ] GC(575) Concurrent Mark (43428.630s, 43428.698s) 68.143ms
[2023-08-11T22:45:37.397+0000][gc,start      ] GC(575) Pause Remark
[2023-08-11T22:45:37.407+0000][gc,stringtable] GC(575) Cleaned string and symbol table, strings: 45110 processed, 0 removed, symbols: 280252 processed, 0 removed
[2023-08-11T22:45:37.407+0000][gc            ] GC(575) Pause Remark 325M->325M(1024M) 9.927ms
[2023-08-11T22:45:37.407+0000][gc,cpu        ] GC(575) User=0.07s Sys=0.00s Real=0.01s
[2023-08-11T22:45:37.407+0000][gc,marking    ] GC(575) Concurrent Rebuild Remembered Sets
[2023-08-11T22:45:37.450+0000][gc,marking    ] GC(575) Concurrent Rebuild Remembered Sets 42.306ms
[2023-08-11T22:45:37.450+0000][gc,start      ] GC(575) Pause Cleanup
[2023-08-11T22:45:37.450+0000][gc            ] GC(575) Pause Cleanup 343M->343M(1024M) 0.319ms
[2023-08-11T22:45:37.450+0000][gc,cpu        ] GC(575) User=0.00s Sys=0.00s Real=0.00s
[2023-08-11T22:45:37.450+0000][gc,marking    ] GC(575) Concurrent Cleanup for Next Mark
[2023-08-11T22:45:37.452+0000][gc,marking    ] GC(575) Concurrent Cleanup for Next Mark 1.461ms
[2023-08-11T22:45:37.452+0000][gc            ] GC(575) Concurrent Cycle 124.674ms
[2023-08-11T22:45:38.165+0000][gc,start      ] GC(576) Pause Young (Normal) (G1 Evacuation Pause)
[2023-08-11T22:45:38.165+0000][gc,task       ] GC(576) Using 8 workers of 8 for evacuation
[2023-08-11T22:45:38.169+0000][gc,phases     ] GC(576)   Pre Evacuate Collection Set: 0.0ms
[2023-08-11T22:45:38.169+0000][gc,phases     ] GC(576)   Evacuate Collection Set: 3.4ms
[2023-08-11T22:45:38.169+0000][gc,phases     ] GC(576)   Post Evacuate Collection Set: 0.6ms
[2023-08-11T22:45:38.169+0000][gc,phases     ] GC(576)   Other: 0.3ms
[2023-08-11T22:45:38.169+0000][gc,heap       ] GC(576) Eden regions: 340->0(367)
[2023-08-11T22:45:38.169+0000][gc,heap       ] GC(576) Survivor regions: 3->3(43)
[2023-08-11T22:45:38.169+0000][gc,heap       ] GC(576) Old regions: 145->145
[2023-08-11T22:45:38.169+0000][gc,heap       ] GC(576) Humongous regions: 149->149
[2023-08-11T22:45:38.169+0000][gc,metaspace  ] GC(576) Metaspace: 119005K(124644K)->119005K(124644K) NonClass: 105176K(108492K)->105176K(108492K) Class: 13829K(16152K)->13829K(16152K)
[2023-08-11T22:45:38.169+0000][gc            ] GC(576) Pause Young (Normal) (G1 Evacuation Pause) 635M->295M(1024M) 4.451ms
[2023-08-11T22:45:38.169+0000][gc,cpu        ] GC(576) User=0.03s Sys=0.00s Real=0.00s
[2023-08-11T22:46:58.979+0000][gc,start      ] GC(577) Pause Young (Concurrent Start) (G1 Evacuation Pause)
[2023-08-11T22:46:58.979+0000][gc,task       ] GC(577) Using 8 workers of 8 for evacuation
[2023-08-11T22:46:58.988+0000][gc,phases     ] GC(577)   Pre Evacuate Collection Set: 0.5ms
[2023-08-11T22:46:58.988+0000][gc,phases     ] GC(577)   Evacuate Collection Set: 7.1ms
[2023-08-11T22:46:58.988+0000][gc,phases     ] GC(577)   Post Evacuate Collection Set: 0.6ms
[2023-08-11T22:46:58.988+0000][gc,phases     ] GC(577)   Other: 0.4ms
[2023-08-11T22:46:58.988+0000][gc,heap       ] GC(577) Eden regions: 367->0(353)
[2023-08-11T22:46:58.988+0000][gc,heap       ] GC(577) Survivor regions: 3->8(47)
[2023-08-11T22:46:58.988+0000][gc,heap       ] GC(577) Old regions: 145->145
[2023-08-11T22:46:58.988+0000][gc,heap       ] GC(577) Humongous regions: 149->149
[2023-08-11T22:46:58.988+0000][gc,metaspace  ] GC(577) Metaspace: 119152K(125028K)->119152K(125028K) NonClass: 105275K(108748K)->105275K(108748K) Class: 13877K(16280K)->13877K(16280K)
[2023-08-11T22:46:58.988+0000][gc            ] GC(577) Pause Young (Concurrent Start) (G1 Evacuation Pause) 662M->300M(1024M) 8.706ms
[2023-08-11T22:46:58.988+0000][gc,cpu        ] GC(577) User=0.06s Sys=0.00s Real=0.00s
[2023-08-11T22:46:58.988+0000][gc            ] GC(578) Concurrent Cycle
[2023-08-11T22:46:58.988+0000][gc,marking    ] GC(578) Concurrent Clear Claimed Marks
[2023-08-11T22:46:58.988+0000][gc,marking    ] GC(578) Concurrent Clear Claimed Marks 0.169ms
[2023-08-11T22:46:58.988+0000][gc,marking    ] GC(578) Concurrent Scan Root Regions
[2023-08-11T22:46:58.993+0000][gc,marking    ] GC(578) Concurrent Scan Root Regions 4.472ms
[2023-08-11T22:46:58.993+0000][gc,marking    ] GC(578) Concurrent Mark (43510.294s)
[2023-08-11T22:46:58.993+0000][gc,marking    ] GC(578) Concurrent Mark From Roots
[2023-08-11T22:46:58.993+0000][gc,task       ] GC(578) Using 2 workers of 2 for marking
[2023-08-11T22:46:59.058+0000][gc,marking    ] GC(578) Concurrent Mark From Roots 65.416ms
[2023-08-11T22:46:59.058+0000][gc,marking    ] GC(578) Concurrent Preclean
[2023-08-11T22:46:59.059+0000][gc,marking    ] GC(578) Concurrent Preclean 0.525ms
[2023-08-11T22:46:59.059+0000][gc,marking    ] GC(578) Concurrent Mark (43510.294s, 43510.360s) 66.018ms
[2023-08-11T22:46:59.059+0000][gc,start      ] GC(578) Pause Remark
[2023-08-11T22:46:59.068+0000][gc,stringtable] GC(578) Cleaned string and symbol table, strings: 45133 processed, 0 removed, symbols: 280311 processed, 0 removed
[2023-08-11T22:46:59.068+0000][gc            ] GC(578) Pause Remark 301M->301M(1024M) 9.321ms
[2023-08-11T22:46:59.068+0000][gc,cpu        ] GC(578) User=0.06s Sys=0.00s Real=0.00s
[2023-08-11T22:46:59.068+0000][gc,marking    ] GC(578) Concurrent Rebuild Remembered Sets
[2023-08-11T22:46:59.110+0000][gc,marking    ] GC(578) Concurrent Rebuild Remembered Sets 41.641ms
[2023-08-11T22:46:59.110+0000][gc,start      ] GC(578) Pause Cleanup
[2023-08-11T22:46:59.111+0000][gc            ] GC(578) Pause Cleanup 301M->301M(1024M) 0.244ms
[2023-08-11T22:46:59.111+0000][gc,cpu        ] GC(578) User=0.00s Sys=0.00s Real=0.00s
[2023-08-11T22:46:59.111+0000][gc,marking    ] GC(578) Concurrent Cleanup for Next Mark
[2023-08-11T22:46:59.112+0000][gc,marking    ] GC(578) Concurrent Cleanup for Next Mark 1.389ms
[2023-08-11T22:46:59.112+0000][gc            ] GC(578) Concurrent Cycle 124.029ms
[2023-08-11T22:48:09.472+0000][gc,start      ] GC(579) Pause Young (Prepare Mixed) (G1 Evacuation Pause)
[2023-08-11T22:48:09.472+0000][gc,task       ] GC(579) Using 8 workers of 8 for evacuation
[2023-08-11T22:48:09.483+0000][gc,phases     ] GC(579)   Pre Evacuate Collection Set: 0.0ms
[2023-08-11T22:48:09.483+0000][gc,phases     ] GC(579)   Evacuate Collection Set: 9.4ms
[2023-08-11T22:48:09.483+0000][gc,phases     ] GC(579)   Post Evacuate Collection Set: 0.6ms
[2023-08-11T22:48:09.483+0000][gc,phases     ] GC(579)   Other: 0.4ms
[2023-08-11T22:48:09.483+0000][gc,heap       ] GC(579) Eden regions: 244->0(40)
[2023-08-11T22:48:09.483+0000][gc,heap       ] GC(579) Survivor regions: 8->11(32)
[2023-08-11T22:48:09.483+0000][gc,heap       ] GC(579) Old regions: 145->145
[2023-08-11T22:48:09.483+0000][gc,heap       ] GC(579) Humongous regions: 149->149
[2023-08-11T22:48:09.483+0000][gc,metaspace  ] GC(579) Metaspace: 119152K(125028K)->119152K(125028K) NonClass: 105275K(108748K)->105275K(108748K) Class: 13877K(16280K)->13877K(16280K)
[2023-08-11T22:48:09.483+0000][gc            ] GC(579) Pause Young (Prepare Mixed) (G1 Evacuation Pause) 544M->303M(1024M) 10.496ms
[2023-08-11T22:48:09.483+0000][gc,cpu        ] GC(579) User=0.07s Sys=0.01s Real=0.01s
[2023-08-11T22:48:24.347+0000][gc,start      ] GC(580) Pause Young (Mixed) (G1 Evacuation Pause)
[2023-08-11T22:48:24.347+0000][gc,task       ] GC(580) Using 8 workers of 8 for evacuation
[2023-08-11T22:48:24.356+0000][gc,phases     ] GC(580)   Pre Evacuate Collection Set: 0.0ms
[2023-08-11T22:48:24.356+0000][gc,phases     ] GC(580)   Evacuate Collection Set: 7.8ms
[2023-08-11T22:48:24.356+0000][gc,phases     ] GC(580)   Post Evacuate Collection Set: 0.4ms
[2023-08-11T22:48:24.356+0000][gc,phases     ] GC(580)   Other: 0.4ms
[2023-08-11T22:48:24.356+0000][gc,heap       ] GC(580) Eden regions: 40->0(367)
[2023-08-11T22:48:24.356+0000][gc,heap       ] GC(580) Survivor regions: 11->2(7)
[2023-08-11T22:48:24.356+0000][gc,heap       ] GC(580) Old regions: 145->152
[2023-08-11T22:48:24.356+0000][gc,heap       ] GC(580) Humongous regions: 149->149
[2023-08-11T22:48:24.356+0000][gc,metaspace  ] GC(580) Metaspace: 119152K(125028K)->119152K(125028K) NonClass: 105275K(108748K)->105275K(108748K) Class: 13877K(16280K)->13877K(16280K)
[2023-08-11T22:48:24.356+0000][gc            ] GC(580) Pause Young (Mixed) (G1 Evacuation Pause) 343M->302M(1024M) 8.751ms
[2023-08-11T22:48:24.356+0000][gc,cpu        ] GC(580) User=0.06s Sys=0.00s Real=0.01s
[2023-08-11T22:49:39.978+0000][gc,start      ] GC(581) Pause Young (Concurrent Start) (G1 Evacuation Pause)
[2023-08-11T22:49:39.978+0000][gc,task       ] GC(581) Using 8 workers of 8 for evacuation
[2023-08-11T22:49:39.988+0000][gc,phases     ] GC(581)   Pre Evacuate Collection Set: 0.5ms
[2023-08-11T22:49:39.988+0000][gc,phases     ] GC(581)   Evacuate Collection Set: 8.0ms
[2023-08-11T22:49:39.988+0000][gc,phases     ] GC(581)   Post Evacuate Collection Set: 0.7ms
[2023-08-11T22:49:39.988+0000][gc,phases     ] GC(581)   Other: 0.5ms
[2023-08-11T22:49:39.988+0000][gc,heap       ] GC(581) Eden regions: 367->0(361)
[2023-08-11T22:49:39.988+0000][gc,heap       ] GC(581) Survivor regions: 2->7(47)
[2023-08-11T22:49:39.988+0000][gc,heap       ] GC(581) Old regions: 152->152
[2023-08-11T22:49:39.988+0000][gc,heap       ] GC(581) Humongous regions: 149->149
[2023-08-11T22:49:39.988+0000][gc,metaspace  ] GC(581) Metaspace: 119153K(125028K)->119153K(125028K) NonClass: 105276K(108748K)->105276K(108748K) Class: 13877K(16280K)->13877K(16280K)
[2023-08-11T22:49:39.988+0000][gc            ] GC(581) Pause Young (Concurrent Start) (G1 Evacuation Pause) 669M->307M(1024M) 9.802ms
[2023-08-11T22:49:39.988+0000][gc,cpu        ] GC(581) User=0.07s Sys=0.00s Real=0.01s
[2023-08-11T22:49:39.988+0000][gc            ] GC(582) Concurrent Cycle
[2023-08-11T22:49:39.988+0000][gc,marking    ] GC(582) Concurrent Clear Claimed Marks
[2023-08-11T22:49:39.988+0000][gc,marking    ] GC(582) Concurrent Clear Claimed Marks 0.224ms
[2023-08-11T22:49:39.988+0000][gc,marking    ] GC(582) Concurrent Scan Root Regions
[2023-08-11T22:49:39.993+0000][gc,marking    ] GC(582) Concurrent Scan Root Regions 5.379ms
[2023-08-11T22:49:39.993+0000][gc,marking    ] GC(582) Concurrent Mark (43671.295s)
[2023-08-11T22:49:39.993+0000][gc,marking    ] GC(582) Concurrent Mark From Roots
[2023-08-11T22:49:39.993+0000][gc,task       ] GC(582) Using 2 workers of 2 for marking
[2023-08-11T22:49:40.064+0000][gc,marking    ] GC(582) Concurrent Mark From Roots 70.325ms
[2023-08-11T22:49:40.064+0000][gc,marking    ] GC(582) Concurrent Preclean
[2023-08-11T22:49:40.064+0000][gc,marking    ] GC(582) Concurrent Preclean 0.391ms
[2023-08-11T22:49:40.064+0000][gc,marking    ] GC(582) Concurrent Mark (43671.295s, 43671.366s) 70.812ms
[2023-08-11T22:49:40.064+0000][gc,start      ] GC(582) Pause Remark
[2023-08-11T22:49:40.075+0000][gc,stringtable] GC(582) Cleaned string and symbol table, strings: 45133 processed, 1 removed, symbols: 280311 processed, 0 removed
[2023-08-11T22:49:40.075+0000][gc            ] GC(582) Pause Remark 310M->310M(1024M) 10.522ms
[2023-08-11T22:49:40.075+0000][gc,cpu        ] GC(582) User=0.07s Sys=0.00s Real=0.01s
[2023-08-11T22:49:40.075+0000][gc,marking    ] GC(582) Concurrent Rebuild Remembered Sets
[2023-08-11T22:49:40.125+0000][gc,marking    ] GC(582) Concurrent Rebuild Remembered Sets 49.640ms
[2023-08-11T22:49:40.125+0000][gc,start      ] GC(582) Pause Cleanup
[2023-08-11T22:49:40.125+0000][gc            ] GC(582) Pause Cleanup 310M->310M(1024M) 0.251ms
[2023-08-11T22:49:40.125+0000][gc,cpu        ] GC(582) User=0.01s Sys=0.00s Real=0.00s
[2023-08-11T22:49:40.125+0000][gc,marking    ] GC(582) Concurrent Cleanup for Next Mark
[2023-08-11T22:49:40.127+0000][gc,marking    ] GC(582) Concurrent Cleanup for Next Mark 1.353ms
[2023-08-11T22:49:40.127+0000][gc            ] GC(582) Concurrent Cycle 138.991ms
[2023-08-11T22:50:58.395+0000][gc,start      ] GC(583) Pause Young (Prepare Mixed) (G1 Evacuation Pause)
[2023-08-11T22:50:58.395+0000][gc,task       ] GC(583) Using 8 workers of 8 for evacuation
[2023-08-11T22:50:58.405+0000][gc,phases     ] GC(583)   Pre Evacuate Collection Set: 0.0ms
[2023-08-11T22:50:58.405+0000][gc,phases     ] GC(583)   Evacuate Collection Set: 9.2ms
[2023-08-11T22:50:58.405+0000][gc,phases     ] GC(583)   Post Evacuate Collection Set: 0.6ms
[2023-08-11T22:50:58.405+0000][gc,phases     ] GC(583)   Other: 0.4ms
[2023-08-11T22:50:58.405+0000][gc,heap       ] GC(583) Eden regions: 289->0(40)
[2023-08-11T22:50:58.405+0000][gc,heap       ] GC(583) Survivor regions: 7->11(37)
[2023-08-11T22:50:58.405+0000][gc,heap       ] GC(583) Old regions: 152->152
[2023-08-11T22:50:58.405+0000][gc,heap       ] GC(583) Humongous regions: 149->149
[2023-08-11T22:50:58.405+0000][gc,metaspace  ] GC(583) Metaspace: 119153K(125028K)->119153K(125028K) NonClass: 105276K(108748K)->105276K(108748K) Class: 13877K(16280K)->13877K(16280K)
[2023-08-11T22:50:58.405+0000][gc            ] GC(583) Pause Young (Prepare Mixed) (G1 Evacuation Pause) 596M->311M(1024M) 10.330ms
[2023-08-11T22:50:58.406+0000][gc,cpu        ] GC(583) User=0.07s Sys=0.00s Real=0.01s
[2023-08-11T22:51:09.986+0000][gc,start      ] GC(584) Pause Young (Mixed) (G1 Evacuation Pause)
[2023-08-11T22:51:09.986+0000][gc,task       ] GC(584) Using 8 workers of 8 for evacuation
[2023-08-11T22:51:09.996+0000][gc,phases     ] GC(584)   Pre Evacuate Collection Set: 0.0ms
[2023-08-11T22:51:09.996+0000][gc,phases     ] GC(584)   Evacuate Collection Set: 9.4ms
[2023-08-11T22:51:09.996+0000][gc,phases     ] GC(584)   Post Evacuate Collection Set: 0.5ms
[2023-08-11T22:51:09.997+0000][gc,phases     ] GC(584)   Other: 0.5ms
[2023-08-11T22:51:09.997+0000][gc,heap       ] GC(584) Eden regions: 40->0(335)
[2023-08-11T22:51:09.997+0000][gc,heap       ] GC(584) Survivor regions: 11->2(7)
[2023-08-11T22:51:09.997+0000][gc,heap       ] GC(584) Old regions: 152->153
[2023-08-11T22:51:09.997+0000][gc,heap       ] GC(584) Humongous regions: 149->149
[2023-08-11T22:51:09.997+0000][gc,metaspace  ] GC(584) Metaspace: 119153K(125028K)->119153K(125028K) NonClass: 105276K(108748K)->105276K(108748K) Class: 13877K(16280K)->13877K(16280K)
[2023-08-11T22:51:09.997+0000][gc            ] GC(584) Pause Young (Mixed) (G1 Evacuation Pause) 351M->303M(1024M) 10.547ms
[2023-08-11T22:51:09.997+0000][gc,cpu        ] GC(584) User=0.06s Sys=0.00s Real=0.01s
[2023-08-11T22:52:24.479+0000][gc,start      ] GC(585) Pause Young (Concurrent Start) (G1 Evacuation Pause)
[2023-08-11T22:52:24.480+0000][gc,task       ] GC(585) Using 8 workers of 8 for evacuation
[2023-08-11T22:52:24.490+0000][gc,phases     ] GC(585)   Pre Evacuate Collection Set: 0.5ms
[2023-08-11T22:52:24.490+0000][gc,phases     ] GC(585)   Evacuate Collection Set: 9.2ms
[2023-08-11T22:52:24.490+0000][gc,phases     ] GC(585)   Post Evacuate Collection Set: 0.6ms
[2023-08-11T22:52:24.490+0000][gc,phases     ] GC(585)   Other: 0.4ms
[2023-08-11T22:52:24.490+0000][gc,heap       ] GC(585) Eden regions: 335->0(324)
[2023-08-11T22:52:24.490+0000][gc,heap       ] GC(585) Survivor regions: 2->7(43)
[2023-08-11T22:52:24.490+0000][gc,heap       ] GC(585) Old regions: 153->153
[2023-08-11T22:52:24.490+0000][gc,heap       ] GC(585) Humongous regions: 149->149
[2023-08-11T22:52:24.490+0000][gc,metaspace  ] GC(585) Metaspace: 119153K(125028K)->119153K(125028K) NonClass: 105276K(108748K)->105276K(108748K) Class: 13877K(16280K)->13877K(16280K)
[2023-08-11T22:52:24.490+0000][gc            ] GC(585) Pause Young (Concurrent Start) (G1 Evacuation Pause) 638M->307M(1024M) 10.755ms
[2023-08-11T22:52:24.490+0000][gc,cpu        ] GC(585) User=0.07s Sys=0.00s Real=0.00s
[2023-08-11T22:52:24.490+0000][gc            ] GC(586) Concurrent Cycle
[2023-08-11T22:52:24.490+0000][gc,marking    ] GC(586) Concurrent Clear Claimed Marks
[2023-08-11T22:52:24.491+0000][gc,marking    ] GC(586) Concurrent Clear Claimed Marks 0.325ms
[2023-08-11T22:52:24.491+0000][gc,marking    ] GC(586) Concurrent Scan Root Regions
[2023-08-11T22:52:24.497+0000][gc,marking    ] GC(586) Concurrent Scan Root Regions 5.961ms
[2023-08-11T22:52:24.497+0000][gc,marking    ] GC(586) Concurrent Mark (43835.798s)
[2023-08-11T22:52:24.497+0000][gc,marking    ] GC(586) Concurrent Mark From Roots
[2023-08-11T22:52:24.497+0000][gc,task       ] GC(586) Using 2 workers of 2 for marking
[2023-08-11T22:52:24.580+0000][gc,marking    ] GC(586) Concurrent Mark From Roots 82.798ms
[2023-08-11T22:52:24.580+0000][gc,marking    ] GC(586) Concurrent Preclean
[2023-08-11T22:52:24.580+0000][gc,marking    ] GC(586) Concurrent Preclean 0.358ms
[2023-08-11T22:52:24.580+0000][gc,marking    ] GC(586) Concurrent Mark (43835.798s, 43835.881s) 83.236ms
[2023-08-11T22:52:24.580+0000][gc,start      ] GC(586) Pause Remark
[2023-08-11T22:52:24.592+0000][gc,stringtable] GC(586) Cleaned string and symbol table, strings: 45132 processed, 0 removed, symbols: 280311 processed, 0 removed
[2023-08-11T22:52:24.592+0000][gc            ] GC(586) Pause Remark 317M->317M(1024M) 12.192ms
[2023-08-11T22:52:24.592+0000][gc,cpu        ] GC(586) User=0.08s Sys=0.00s Real=0.01s
[2023-08-11T22:52:24.592+0000][gc,marking    ] GC(586) Concurrent Rebuild Remembered Sets
[2023-08-11T22:52:24.636+0000][gc,marking    ] GC(586) Concurrent Rebuild Remembered Sets 43.247ms
[2023-08-11T22:52:24.636+0000][gc,start      ] GC(586) Pause Cleanup
[2023-08-11T22:52:24.636+0000][gc            ] GC(586) Pause Cleanup 317M->317M(1024M) 0.255ms
[2023-08-11T22:52:24.636+0000][gc,cpu        ] GC(586) User=0.00s Sys=0.00s Real=0.00s
[2023-08-11T22:52:24.636+0000][gc,marking    ] GC(586) Concurrent Cleanup for Next Mark
[2023-08-11T22:52:24.638+0000][gc,marking    ] GC(586) Concurrent Cleanup for Next Mark 1.393ms
[2023-08-11T22:52:24.638+0000][gc            ] GC(586) Concurrent Cycle 147.451ms
[2023-08-11T22:53:47.985+0000][gc,start      ] GC(587) Pause Young (Prepare Mixed) (G1 Evacuation Pause)
[2023-08-11T22:53:47.985+0000][gc,task       ] GC(587) Using 8 workers of 8 for evacuation
[2023-08-11T22:53:47.995+0000][gc,phases     ] GC(587)   Pre Evacuate Collection Set: 0.0ms
[2023-08-11T22:53:47.995+0000][gc,phases     ] GC(587)   Evacuate Collection Set: 9.2ms
[2023-08-11T22:53:47.995+0000][gc,phases     ] GC(587)   Post Evacuate Collection Set: 0.6ms
[2023-08-11T22:53:47.995+0000][gc,phases     ] GC(587)   Other: 0.4ms
[2023-08-11T22:53:47.995+0000][gc,heap       ] GC(587) Eden regions: 299->0(41)
[2023-08-11T22:53:47.995+0000][gc,heap       ] GC(587) Survivor regions: 7->10(39)
[2023-08-11T22:53:47.995+0000][gc,heap       ] GC(587) Old regions: 153->153
[2023-08-11T22:53:47.995+0000][gc,heap       ] GC(587) Humongous regions: 149->149
[2023-08-11T22:53:47.995+0000][gc,metaspace  ] GC(587) Metaspace: 119153K(125028K)->119153K(125028K) NonClass: 105276K(108748K)->105276K(108748K) Class: 13877K(16280K)->13877K(16280K)
[2023-08-11T22:53:47.995+0000][gc            ] GC(587) Pause Young (Prepare Mixed) (G1 Evacuation Pause) 606M->311M(1024M) 10.388ms
[2023-08-11T22:53:47.995+0000][gc,cpu        ] GC(587) User=0.07s Sys=0.00s Real=0.01s
[2023-08-11T22:53:54.472+0000][gc,start      ] GC(588) Pause Young (Mixed) (G1 Evacuation Pause)
[2023-08-11T22:53:54.472+0000][gc,task       ] GC(588) Using 8 workers of 8 for evacuation
[2023-08-11T22:53:54.481+0000][gc,phases     ] GC(588)   Pre Evacuate Collection Set: 0.1ms
[2023-08-11T22:53:54.481+0000][gc,phases     ] GC(588)   Evacuate Collection Set: 8.5ms
[2023-08-11T22:53:54.481+0000][gc,phases     ] GC(588)   Post Evacuate Collection Set: 0.6ms
[2023-08-11T22:53:54.481+0000][gc,phases     ] GC(588)   Other: 0.5ms
[2023-08-11T22:53:54.481+0000][gc,heap       ] GC(588) Eden regions: 41->0(352)
[2023-08-11T22:53:54.481+0000][gc,heap       ] GC(588) Survivor regions: 10->3(7)
[2023-08-11T22:53:54.481+0000][gc,heap       ] GC(588) Old regions: 153->153
[2023-08-11T22:53:54.481+0000][gc,heap       ] GC(588) Humongous regions: 149->149
[2023-08-11T22:53:54.481+0000][gc,metaspace  ] GC(588) Metaspace: 119153K(125028K)->119153K(125028K) NonClass: 105276K(108748K)->105276K(108748K) Class: 13877K(16280K)->13877K(16280K)
[2023-08-11T22:53:54.481+0000][gc            ] GC(588) Pause Young (Mixed) (G1 Evacuation Pause) 352M->304M(1024M) 9.665ms
[2023-08-11T22:53:54.482+0000][gc,cpu        ] GC(588) User=0.07s Sys=0.00s Real=0.01s
[2023-08-11T22:55:21.509+0000][gc,start      ] GC(589) Pause Young (Concurrent Start) (G1 Evacuation Pause)
[2023-08-11T22:55:21.509+0000][gc,task       ] GC(589) Using 8 workers of 8 for evacuation
[2023-08-11T22:55:21.518+0000][gc,phases     ] GC(589)   Pre Evacuate Collection Set: 0.5ms
[2023-08-11T22:55:21.518+0000][gc,phases     ] GC(589)   Evacuate Collection Set: 7.3ms
[2023-08-11T22:55:21.518+0000][gc,phases     ] GC(589)   Post Evacuate Collection Set: 0.6ms
[2023-08-11T22:55:21.518+0000][gc,phases     ] GC(589)   Other: 0.4ms
[2023-08-11T22:55:21.518+0000][gc,heap       ] GC(589) Eden regions: 352->0(354)
[2023-08-11T22:55:21.518+0000][gc,heap       ] GC(589) Survivor regions: 3->6(45)
[2023-08-11T22:55:21.518+0000][gc,heap       ] GC(589) Old regions: 153->153
[2023-08-11T22:55:21.518+0000][gc,heap       ] GC(589) Humongous regions: 149->149
[2023-08-11T22:55:21.518+0000][gc,metaspace  ] GC(589) Metaspace: 119154K(125028K)->119154K(125028K) NonClass: 105276K(108748K)->105276K(108748K) Class: 13877K(16280K)->13877K(16280K)
[2023-08-11T22:55:21.518+0000][gc            ] GC(589) Pause Young (Concurrent Start) (G1 Evacuation Pause) 656M->307M(1024M) 8.867ms
[2023-08-11T22:55:21.518+0000][gc,cpu        ] GC(589) User=0.05s Sys=0.00s Real=0.01s
[2023-08-11T22:55:21.518+0000][gc            ] GC(590) Concurrent Cycle
[2023-08-11T22:55:21.518+0000][gc,marking    ] GC(590) Concurrent Clear Claimed Marks
[2023-08-11T22:55:21.518+0000][gc,marking    ] GC(590) Concurrent Clear Claimed Marks 0.160ms
[2023-08-11T22:55:21.518+0000][gc,marking    ] GC(590) Concurrent Scan Root Regions
[2023-08-11T22:55:21.522+0000][gc,marking    ] GC(590) Concurrent Scan Root Regions 4.191ms
[2023-08-11T22:55:21.522+0000][gc,marking    ] GC(590) Concurrent Mark (44012.824s)
[2023-08-11T22:55:21.522+0000][gc,marking    ] GC(590) Concurrent Mark From Roots
[2023-08-11T22:55:21.522+0000][gc,task       ] GC(590) Using 2 workers of 2 for marking
[2023-08-11T22:55:21.588+0000][gc,marking    ] GC(590) Concurrent Mark From Roots 66.162ms
[2023-08-11T22:55:21.589+0000][gc,marking    ] GC(590) Concurrent Preclean
[2023-08-11T22:55:21.590+0000][gc,marking    ] GC(590) Concurrent Preclean 0.354ms
[2023-08-11T22:55:21.590+0000][gc,marking    ] GC(590) Concurrent Mark (44012.824s, 44012.891s) 67.342ms
[2023-08-11T22:55:21.590+0000][gc,start      ] GC(590) Pause Remark
[2023-08-11T22:55:21.603+0000][gc,stringtable] GC(590) Cleaned string and symbol table, strings: 45132 processed, 0 removed, symbols: 280311 processed, 0 removed
[2023-08-11T22:55:21.604+0000][gc            ] GC(590) Pause Remark 309M->309M(1024M) 14.004ms
[2023-08-11T22:55:21.604+0000][gc,cpu        ] GC(590) User=0.10s Sys=0.00s Real=0.02s
[2023-08-11T22:55:21.604+0000][gc,marking    ] GC(590) Concurrent Rebuild Remembered Sets
[2023-08-11T22:55:21.646+0000][gc,marking    ] GC(590) Concurrent Rebuild Remembered Sets 42.391ms
[2023-08-11T22:55:21.646+0000][gc,start      ] GC(590) Pause Cleanup
[2023-08-11T22:55:21.647+0000][gc            ] GC(590) Pause Cleanup 309M->309M(1024M) 0.244ms
[2023-08-11T22:55:21.647+0000][gc,cpu        ] GC(590) User=0.01s Sys=0.00s Real=0.00s
[2023-08-11T22:55:21.647+0000][gc,marking    ] GC(590) Concurrent Cleanup for Next Mark
[2023-08-11T22:55:21.648+0000][gc,marking    ] GC(590) Concurrent Cleanup for Next Mark 1.365ms
[2023-08-11T22:55:21.648+0000][gc            ] GC(590) Concurrent Cycle 130.417ms
[2023-08-11T22:56:51.464+0000][gc,start      ] GC(591) Pause Young (Prepare Mixed) (G1 Evacuation Pause)
[2023-08-11T22:56:51.464+0000][gc,task       ] GC(591) Using 8 workers of 8 for evacuation
[2023-08-11T22:56:51.474+0000][gc,phases     ] GC(591)   Pre Evacuate Collection Set: 0.0ms
[2023-08-11T22:56:51.474+0000][gc,phases     ] GC(591)   Evacuate Collection Set: 9.4ms
[2023-08-11T22:56:51.474+0000][gc,phases     ] GC(591)   Post Evacuate Collection Set: 0.6ms
[2023-08-11T22:56:51.474+0000][gc,phases     ] GC(591)   Other: 0.4ms
[2023-08-11T22:56:51.474+0000][gc,heap       ] GC(591) Eden regions: 338->0(40)
[2023-08-11T22:56:51.474+0000][gc,heap       ] GC(591) Survivor regions: 6->11(43)
[2023-08-11T22:56:51.474+0000][gc,heap       ] GC(591) Old regions: 153->153
[2023-08-11T22:56:51.474+0000][gc,heap       ] GC(591) Humongous regions: 149->149
[2023-08-11T22:56:51.474+0000][gc,metaspace  ] GC(591) Metaspace: 119154K(125028K)->119154K(125028K) NonClass: 105276K(108748K)->105276K(108748K) Class: 13877K(16280K)->13877K(16280K)
[2023-08-11T22:56:51.474+0000][gc            ] GC(591) Pause Young (Prepare Mixed) (G1 Evacuation Pause) 645M->312M(1024M) 10.485ms
[2023-08-11T22:56:51.474+0000][gc,cpu        ] GC(591) User=0.07s Sys=0.00s Real=0.01s
[2023-08-11T22:56:54.475+0000][gc,start      ] GC(592) Pause Young (Mixed) (G1 Evacuation Pause)
[2023-08-11T22:56:54.475+0000][gc,task       ] GC(592) Using 8 workers of 8 for evacuation
[2023-08-11T22:56:54.486+0000][gc,phases     ] GC(592)   Pre Evacuate Collection Set: 0.1ms
[2023-08-11T22:56:54.486+0000][gc,phases     ] GC(592)   Evacuate Collection Set: 10.3ms
[2023-08-11T22:56:54.486+0000][gc,phases     ] GC(592)   Post Evacuate Collection Set: 0.5ms
[2023-08-11T22:56:54.486+0000][gc,phases     ] GC(592)   Other: 0.5ms
[2023-08-11T22:56:54.486+0000][gc,heap       ] GC(592) Eden regions: 40->0(368)
[2023-08-11T22:56:54.486+0000][gc,heap       ] GC(592) Survivor regions: 11->3(7)
[2023-08-11T22:56:54.486+0000][gc,heap       ] GC(592) Old regions: 153->155
[2023-08-11T22:56:54.486+0000][gc,heap       ] GC(592) Humongous regions: 149->149
[2023-08-11T22:56:54.486+0000][gc,metaspace  ] GC(592) Metaspace: 119154K(125028K)->119154K(125028K) NonClass: 105276K(108748K)->105276K(108748K) Class: 13877K(16280K)->13877K(16280K)
[2023-08-11T22:56:54.486+0000][gc            ] GC(592) Pause Young (Mixed) (G1 Evacuation Pause) 352M->305M(1024M) 11.436ms
[2023-08-11T22:56:54.486+0000][gc,cpu        ] GC(592) User=0.07s Sys=0.00s Real=0.01s
[2023-08-11T22:58:24.437+0000][gc,start      ] GC(593) Pause Young (Concurrent Start) (G1 Evacuation Pause)
[2023-08-11T22:58:24.437+0000][gc,task       ] GC(593) Using 8 workers of 8 for evacuation
[2023-08-11T22:58:24.446+0000][gc,phases     ] GC(593)   Pre Evacuate Collection Set: 0.5ms
[2023-08-11T22:58:24.446+0000][gc,phases     ] GC(593)   Evacuate Collection Set: 7.3ms
[2023-08-11T22:58:24.446+0000][gc,phases     ] GC(593)   Post Evacuate Collection Set: 0.6ms
[2023-08-11T22:58:24.446+0000][gc,phases     ] GC(593)   Other: 0.4ms
[2023-08-11T22:58:24.446+0000][gc,heap       ] GC(593) Eden regions: 368->0(368)
[2023-08-11T22:58:24.446+0000][gc,heap       ] GC(593) Survivor regions: 3->7(47)
[2023-08-11T22:58:24.446+0000][gc,heap       ] GC(593) Old regions: 155->155
[2023-08-11T22:58:24.446+0000][gc,heap       ] GC(593) Humongous regions: 149->149
[2023-08-11T22:58:24.446+0000][gc,metaspace  ] GC(593) Metaspace: 119154K(125028K)->119154K(125028K) NonClass: 105276K(108748K)->105276K(108748K) Class: 13877K(16280K)->13877K(16280K)
[2023-08-11T22:58:24.446+0000][gc            ] GC(593) Pause Young (Concurrent Start) (G1 Evacuation Pause) 673M->310M(1024M) 8.922ms
[2023-08-11T22:58:24.446+0000][gc,cpu        ] GC(593) User=0.06s Sys=0.00s Real=0.01s
[2023-08-11T22:58:24.446+0000][gc            ] GC(594) Concurrent Cycle
[2023-08-11T22:58:24.446+0000][gc,marking    ] GC(594) Concurrent Clear Claimed Marks
[2023-08-11T22:58:24.447+0000][gc,marking    ] GC(594) Concurrent Clear Claimed Marks 0.150ms
[2023-08-11T22:58:24.447+0000][gc,marking    ] GC(594) Concurrent Scan Root Regions
[2023-08-11T22:58:24.450+0000][gc,marking    ] GC(594) Concurrent Scan Root Regions 3.735ms
[2023-08-11T22:58:24.450+0000][gc,marking    ] GC(594) Concurrent Mark (44195.752s)
[2023-08-11T22:58:24.450+0000][gc,marking    ] GC(594) Concurrent Mark From Roots
[2023-08-11T22:58:24.450+0000][gc,task       ] GC(594) Using 2 workers of 2 for marking
[2023-08-11T22:58:24.527+0000][gc,marking    ] GC(594) Concurrent Mark From Roots 76.159ms
[2023-08-11T22:58:24.527+0000][gc,marking    ] GC(594) Concurrent Preclean
[2023-08-11T22:58:24.527+0000][gc,marking    ] GC(594) Concurrent Preclean 0.389ms
[2023-08-11T22:58:24.527+0000][gc,marking    ] GC(594) Concurrent Mark (44195.752s, 44195.828s) 76.628ms
[2023-08-11T22:58:24.527+0000][gc,start      ] GC(594) Pause Remark
[2023-08-11T22:58:24.537+0000][gc,stringtable] GC(594) Cleaned string and symbol table, strings: 45132 processed, 27 removed, symbols: 280311 processed, 0 removed
[2023-08-11T22:58:24.537+0000][gc            ] GC(594) Pause Remark 325M->325M(1024M) 9.689ms
[2023-08-11T22:58:24.537+0000][gc,cpu        ] GC(594) User=0.07s Sys=0.00s Real=0.01s
[2023-08-11T22:58:24.537+0000][gc,marking    ] GC(594) Concurrent Rebuild Remembered Sets
[2023-08-11T22:58:24.582+0000][gc,marking    ] GC(594) Concurrent Rebuild Remembered Sets 45.018ms
[2023-08-11T22:58:24.582+0000][gc,start      ] GC(594) Pause Cleanup
[2023-08-11T22:58:24.583+0000][gc            ] GC(594) Pause Cleanup 325M->325M(1024M) 0.253ms
[2023-08-11T22:58:24.583+0000][gc,cpu        ] GC(594) User=0.00s Sys=0.00s Real=0.00s
[2023-08-11T22:58:24.583+0000][gc,marking    ] GC(594) Concurrent Cleanup for Next Mark
[2023-08-11T22:58:24.584+0000][gc,marking    ] GC(594) Concurrent Cleanup for Next Mark 1.396ms
[2023-08-11T22:58:24.584+0000][gc            ] GC(594) Concurrent Cycle 137.609ms
[2023-08-11T22:59:55.212+0000][gc,start      ] GC(595) Pause Young (Prepare Mixed) (G1 Evacuation Pause)
[2023-08-11T22:59:55.212+0000][gc,task       ] GC(595) Using 8 workers of 8 for evacuation
[2023-08-11T22:59:55.224+0000][gc,phases     ] GC(595)   Pre Evacuate Collection Set: 0.0ms
[2023-08-11T22:59:55.224+0000][gc,phases     ] GC(595)   Evacuate Collection Set: 10.6ms
[2023-08-11T22:59:55.224+0000][gc,phases     ] GC(595)   Post Evacuate Collection Set: 0.7ms
[2023-08-11T22:59:55.224+0000][gc,phases     ] GC(595)   Other: 0.4ms
[2023-08-11T22:59:55.224+0000][gc,heap       ] GC(595) Eden regions: 356->0(41)
[2023-08-11T22:59:55.224+0000][gc,heap       ] GC(595) Survivor regions: 7->10(46)
[2023-08-11T22:59:55.224+0000][gc,heap       ] GC(595) Old regions: 155->155
[2023-08-11T22:59:55.224+0000][gc,heap       ] GC(595) Humongous regions: 149->149
[2023-08-11T22:59:55.224+0000][gc,metaspace  ] GC(595) Metaspace: 119154K(125028K)->119154K(125028K) NonClass: 105276K(108748K)->105276K(108748K) Class: 13877K(16280K)->13877K(16280K)
[2023-08-11T22:59:55.224+0000][gc            ] GC(595) Pause Young (Prepare Mixed) (G1 Evacuation Pause) 666M->312M(1024M) 11.812ms
[2023-08-11T22:59:55.224+0000][gc,cpu        ] GC(595) User=0.07s Sys=0.01s Real=0.01s
[2023-08-11T23:00:09.475+0000][gc,start      ] GC(596) Pause Young (Mixed) (G1 Evacuation Pause)
[2023-08-11T23:00:09.475+0000][gc,task       ] GC(596) Using 8 workers of 8 for evacuation
[2023-08-11T23:00:09.487+0000][gc,phases     ] GC(596)   Pre Evacuate Collection Set: 0.1ms
[2023-08-11T23:00:09.487+0000][gc,phases     ] GC(596)   Evacuate Collection Set: 11.3ms
[2023-08-11T23:00:09.487+0000][gc,phases     ] GC(596)   Post Evacuate Collection Set: 0.7ms
[2023-08-11T23:00:09.487+0000][gc,phases     ] GC(596)   Other: 0.5ms
[2023-08-11T23:00:09.487+0000][gc,heap       ] GC(596) Eden regions: 41->0(375)
[2023-08-11T23:00:09.487+0000][gc,heap       ] GC(596) Survivor regions: 10->4(7)
[2023-08-11T23:00:09.487+0000][gc,heap       ] GC(596) Old regions: 155->153
[2023-08-11T23:00:09.487+0000][gc,heap       ] GC(596) Humongous regions: 149->149
[2023-08-11T23:00:09.487+0000][gc,metaspace  ] GC(596) Metaspace: 119154K(125028K)->119154K(125028K) NonClass: 105276K(108748K)->105276K(108748K) Class: 13877K(16280K)->13877K(16280K)
[2023-08-11T23:00:09.487+0000][gc            ] GC(596) Pause Young (Mixed) (G1 Evacuation Pause) 353M->304M(1024M) 12.587ms
[2023-08-11T23:00:09.487+0000][gc,cpu        ] GC(596) User=0.07s Sys=0.01s Real=0.01s
[2023-08-11T23:01:32.742+0000][gc,start      ] GC(597) Pause Young (Concurrent Start) (G1 Evacuation Pause)
[2023-08-11T23:01:32.742+0000][gc,task       ] GC(597) Using 8 workers of 8 for evacuation
[2023-08-11T23:01:32.751+0000][gc,phases     ] GC(597)   Pre Evacuate Collection Set: 0.5ms
[2023-08-11T23:01:32.751+0000][gc,phases     ] GC(597)   Evacuate Collection Set: 7.6ms
[2023-08-11T23:01:32.751+0000][gc,phases     ] GC(597)   Post Evacuate Collection Set: 0.6ms
[2023-08-11T23:01:32.751+0000][gc,phases     ] GC(597)   Other: 0.4ms
[2023-08-11T23:01:32.751+0000][gc,heap       ] GC(597) Eden regions: 375->0(375)
[2023-08-11T23:01:32.751+0000][gc,heap       ] GC(597) Survivor regions: 4->7(48)
[2023-08-11T23:01:32.751+0000][gc,heap       ] GC(597) Old regions: 153->153
[2023-08-11T23:01:32.751+0000][gc,heap       ] GC(597) Humongous regions: 149->149
[2023-08-11T23:01:32.751+0000][gc,metaspace  ] GC(597) Metaspace: 119154K(125028K)->119154K(125028K) NonClass: 105276K(108748K)->105276K(108748K) Class: 13877K(16280K)->13877K(16280K)
[2023-08-11T23:01:32.751+0000][gc            ] GC(597) Pause Young (Concurrent Start) (G1 Evacuation Pause) 679M->307M(1024M) 9.162ms
[2023-08-11T23:01:32.751+0000][gc,cpu        ] GC(597) User=0.06s Sys=0.00s Real=0.01s
[2023-08-11T23:01:32.751+0000][gc            ] GC(598) Concurrent Cycle
[2023-08-11T23:01:32.751+0000][gc,marking    ] GC(598) Concurrent Clear Claimed Marks
[2023-08-11T23:01:32.751+0000][gc,marking    ] GC(598) Concurrent Clear Claimed Marks 0.157ms
[2023-08-11T23:01:32.751+0000][gc,marking    ] GC(598) Concurrent Scan Root Regions
[2023-08-11T23:01:32.756+0000][gc,marking    ] GC(598) Concurrent Scan Root Regions 4.406ms
[2023-08-11T23:01:32.756+0000][gc,marking    ] GC(598) Concurrent Mark (44384.057s)
[2023-08-11T23:01:32.756+0000][gc,marking    ] GC(598) Concurrent Mark From Roots
[2023-08-11T23:01:32.756+0000][gc,task       ] GC(598) Using 2 workers of 2 for marking
[2023-08-11T23:01:32.822+0000][gc,marking    ] GC(598) Concurrent Mark From Roots 66.443ms
[2023-08-11T23:01:32.822+0000][gc,marking    ] GC(598) Concurrent Preclean
[2023-08-11T23:01:32.822+0000][gc,marking    ] GC(598) Concurrent Preclean 0.352ms
[2023-08-11T23:01:32.822+0000][gc,marking    ] GC(598) Concurrent Mark (44384.057s, 44384.124s) 66.876ms
[2023-08-11T23:01:32.823+0000][gc,start      ] GC(598) Pause Remark
[2023-08-11T23:01:32.832+0000][gc,stringtable] GC(598) Cleaned string and symbol table, strings: 45105 processed, 0 removed, symbols: 280311 processed, 0 removed
[2023-08-11T23:01:32.832+0000][gc            ] GC(598) Pause Remark 312M->312M(1024M) 9.553ms
[2023-08-11T23:01:32.832+0000][gc,cpu        ] GC(598) User=0.07s Sys=0.01s Real=0.01s
[2023-08-11T23:01:32.832+0000][gc,marking    ] GC(598) Concurrent Rebuild Remembered Sets
[2023-08-11T23:01:32.875+0000][gc,marking    ] GC(598) Concurrent Rebuild Remembered Sets 42.525ms
[2023-08-11T23:01:32.875+0000][gc,start      ] GC(598) Pause Cleanup
[2023-08-11T23:01:32.875+0000][gc            ] GC(598) Pause Cleanup 312M->312M(1024M) 0.256ms
[2023-08-11T23:01:32.875+0000][gc,cpu        ] GC(598) User=0.00s Sys=0.00s Real=0.00s
[2023-08-11T23:01:32.875+0000][gc,marking    ] GC(598) Concurrent Cleanup for Next Mark
[2023-08-11T23:01:32.877+0000][gc,marking    ] GC(598) Concurrent Cleanup for Next Mark 1.356ms
[2023-08-11T23:01:32.877+0000][gc            ] GC(598) Concurrent Cycle 125.870ms
[2023-08-11T23:03:16.159+0000][gc,start      ] GC(599) Pause Young (Prepare Mixed) (G1 Evacuation Pause)
[2023-08-11T23:03:16.159+0000][gc,task       ] GC(599) Using 8 workers of 8 for evacuation
[2023-08-11T23:03:16.169+0000][gc,phases     ] GC(599)   Pre Evacuate Collection Set: 0.0ms
[2023-08-11T23:03:16.169+0000][gc,phases     ] GC(599)   Evacuate Collection Set: 9.4ms
[2023-08-11T23:03:16.169+0000][gc,phases     ] GC(599)   Post Evacuate Collection Set: 0.7ms
[2023-08-11T23:03:16.169+0000][gc,phases     ] GC(599)   Other: 0.4ms
[2023-08-11T23:03:16.169+0000][gc,heap       ] GC(599) Eden regions: 371->0(40)
[2023-08-11T23:03:16.169+0000][gc,heap       ] GC(599) Survivor regions: 7->11(48)
[2023-08-11T23:03:16.169+0000][gc,heap       ] GC(599) Old regions: 153->153
[2023-08-11T23:03:16.169+0000][gc,heap       ] GC(599) Humongous regions: 149->149
[2023-08-11T23:03:16.169+0000][gc,metaspace  ] GC(599) Metaspace: 119154K(125028K)->119154K(125028K) NonClass: 105276K(108748K)->105276K(108748K) Class: 13877K(16280K)->13877K(16280K)
[2023-08-11T23:03:16.169+0000][gc            ] GC(599) Pause Young (Prepare Mixed) (G1 Evacuation Pause) 678M->312M(1024M) 10.538ms
[2023-08-11T23:03:16.169+0000][gc,cpu        ] GC(599) User=0.08s Sys=0.00s Real=0.01s
[2023-08-11T23:03:24.456+0000][gc,start      ] GC(600) Pause Young (Mixed) (G1 Evacuation Pause)
[2023-08-11T23:03:24.456+0000][gc,task       ] GC(600) Using 8 workers of 8 for evacuation
[2023-08-11T23:03:24.466+0000][gc,phases     ] GC(600)   Pre Evacuate Collection Set: 0.1ms
[2023-08-11T23:03:24.466+0000][gc,phases     ] GC(600)   Evacuate Collection Set: 8.8ms
[2023-08-11T23:03:24.466+0000][gc,phases     ] GC(600)   Post Evacuate Collection Set: 0.5ms
[2023-08-11T23:03:24.466+0000][gc,phases     ] GC(600)   Other: 0.4ms
[2023-08-11T23:03:24.466+0000][gc,heap       ] GC(600) Eden regions: 40->0(413)
[2023-08-11T23:03:24.466+0000][gc,heap       ] GC(600) Survivor regions: 11->3(7)
[2023-08-11T23:03:24.466+0000][gc,heap       ] GC(600) Old regions: 153->154
[2023-08-11T23:03:24.466+0000][gc,heap       ] GC(600) Humongous regions: 149->149
[2023-08-11T23:03:24.466+0000][gc,metaspace  ] GC(600) Metaspace: 119154K(125028K)->119154K(125028K) NonClass: 105276K(108748K)->105276K(108748K) Class: 13877K(16280K)->13877K(16280K)
[2023-08-11T23:03:24.466+0000][gc            ] GC(600) Pause Young (Mixed) (G1 Evacuation Pause) 352M->304M(1024M) 9.881ms
[2023-08-11T23:03:24.466+0000][gc,cpu        ] GC(600) User=0.07s Sys=0.00s Real=0.01s
[2023-08-11T23:05:02.740+0000][gc,start      ] GC(601) Pause Young (Concurrent Start) (G1 Evacuation Pause)
[2023-08-11T23:05:02.740+0000][gc,task       ] GC(601) Using 8 workers of 8 for evacuation
[2023-08-11T23:05:02.749+0000][gc,phases     ] GC(601)   Pre Evacuate Collection Set: 0.5ms
[2023-08-11T23:05:02.749+0000][gc,phases     ] GC(601)   Evacuate Collection Set: 7.9ms
[2023-08-11T23:05:02.749+0000][gc,phases     ] GC(601)   Post Evacuate Collection Set: 0.7ms
[2023-08-11T23:05:02.749+0000][gc,phases     ] GC(601)   Other: 0.4ms
[2023-08-11T23:05:02.749+0000][gc,heap       ] GC(601) Eden regions: 413->0(403)
[2023-08-11T23:05:02.750+0000][gc,heap       ] GC(601) Survivor regions: 3->8(52)
[2023-08-11T23:05:02.750+0000][gc,heap       ] GC(601) Old regions: 154->154
[2023-08-11T23:05:02.750+0000][gc,heap       ] GC(601) Humongous regions: 149->149
[2023-08-11T23:05:02.750+0000][gc,metaspace  ] GC(601) Metaspace: 119157K(125028K)->119157K(125028K) NonClass: 105279K(108748K)->105279K(108748K) Class: 13877K(16280K)->13877K(16280K)
[2023-08-11T23:05:02.750+0000][gc            ] GC(601) Pause Young (Concurrent Start) (G1 Evacuation Pause) 717M->309M(1024M) 9.526ms
[2023-08-11T23:05:02.750+0000][gc,cpu        ] GC(601) User=0.06s Sys=0.00s Real=0.00s
[2023-08-11T23:05:02.750+0000][gc            ] GC(602) Concurrent Cycle
[2023-08-11T23:05:02.750+0000][gc,marking    ] GC(602) Concurrent Clear Claimed Marks
[2023-08-11T23:05:02.750+0000][gc,marking    ] GC(602) Concurrent Clear Claimed Marks 0.235ms
[2023-08-11T23:05:02.750+0000][gc,marking    ] GC(602) Concurrent Scan Root Regions
[2023-08-11T23:05:02.754+0000][gc,marking    ] GC(602) Concurrent Scan Root Regions 4.249ms
[2023-08-11T23:05:02.754+0000][gc,marking    ] GC(602) Concurrent Mark (44594.056s)
[2023-08-11T23:05:02.754+0000][gc,marking    ] GC(602) Concurrent Mark From Roots
[2023-08-11T23:05:02.754+0000][gc,task       ] GC(602) Using 2 workers of 2 for marking
[2023-08-11T23:05:02.821+0000][gc,marking    ] GC(602) Concurrent Mark From Roots 67.232ms
[2023-08-11T23:05:02.821+0000][gc,marking    ] GC(602) Concurrent Preclean
[2023-08-11T23:05:02.822+0000][gc,marking    ] GC(602) Concurrent Preclean 0.367ms
[2023-08-11T23:05:02.822+0000][gc,marking    ] GC(602) Concurrent Mark (44594.056s, 44594.123s) 67.668ms
[2023-08-11T23:05:02.822+0000][gc,start      ] GC(602) Pause Remark
[2023-08-11T23:05:02.833+0000][gc,stringtable] GC(602) Cleaned string and symbol table, strings: 45105 processed, 0 removed, symbols: 280311 processed, 0 removed
[2023-08-11T23:05:02.833+0000][gc            ] GC(602) Pause Remark 315M->315M(1024M) 11.128ms
[2023-08-11T23:05:02.833+0000][gc,cpu        ] GC(602) User=0.08s Sys=0.00s Real=0.01s
[2023-08-11T23:05:02.833+0000][gc,marking    ] GC(602) Concurrent Rebuild Remembered Sets
[2023-08-11T23:05:02.877+0000][gc,marking    ] GC(602) Concurrent Rebuild Remembered Sets 43.164ms
[2023-08-11T23:05:02.877+0000][gc,start      ] GC(602) Pause Cleanup
[2023-08-11T23:05:02.877+0000][gc            ] GC(602) Pause Cleanup 315M->315M(1024M) 0.258ms
[2023-08-11T23:05:02.877+0000][gc,cpu        ] GC(602) User=0.00s Sys=0.00s Real=0.00s
[2023-08-11T23:05:02.877+0000][gc,marking    ] GC(602) Concurrent Cleanup for Next Mark
[2023-08-11T23:05:02.878+0000][gc,marking    ] GC(602) Concurrent Cleanup for Next Mark 1.363ms
[2023-08-11T23:05:02.878+0000][gc            ] GC(602) Concurrent Cycle 128.882ms
[2023-08-11T23:06:32.922+0000][gc,start      ] GC(603) Pause Young (Prepare Mixed) (G1 Evacuation Pause)
[2023-08-11T23:06:32.922+0000][gc,task       ] GC(603) Using 8 workers of 8 for evacuation
[2023-08-11T23:06:32.933+0000][gc,phases     ] GC(603)   Pre Evacuate Collection Set: 0.0ms
[2023-08-11T23:06:32.933+0000][gc,phases     ] GC(603)   Evacuate Collection Set: 9.7ms
[2023-08-11T23:06:32.933+0000][gc,phases     ] GC(603)   Post Evacuate Collection Set: 0.7ms
[2023-08-11T23:06:32.933+0000][gc,phases     ] GC(603)   Other: 0.4ms
[2023-08-11T23:06:32.933+0000][gc,heap       ] GC(603) Eden regions: 392->0(36)
[2023-08-11T23:06:32.933+0000][gc,heap       ] GC(603) Survivor regions: 8->15(50)
[2023-08-11T23:06:32.933+0000][gc,heap       ] GC(603) Old regions: 154->154
[2023-08-11T23:06:32.933+0000][gc,heap       ] GC(603) Humongous regions: 149->149
[2023-08-11T23:06:32.933+0000][gc,metaspace  ] GC(603) Metaspace: 119157K(125028K)->119157K(125028K) NonClass: 105279K(108748K)->105279K(108748K) Class: 13877K(16280K)->13877K(16280K)
[2023-08-11T23:06:32.933+0000][gc            ] GC(603) Pause Young (Prepare Mixed) (G1 Evacuation Pause) 701M->316M(1024M) 10.998ms
[2023-08-11T23:06:32.933+0000][gc,cpu        ] GC(603) User=0.08s Sys=0.00s Real=0.01s
[2023-08-11T23:06:47.503+0000][gc,start      ] GC(604) Pause Young (Mixed) (G1 Evacuation Pause)
[2023-08-11T23:06:47.503+0000][gc,task       ] GC(604) Using 8 workers of 8 for evacuation
[2023-08-11T23:06:47.513+0000][gc,phases     ] GC(604)   Pre Evacuate Collection Set: 0.1ms
[2023-08-11T23:06:47.513+0000][gc,phases     ] GC(604)   Evacuate Collection Set: 8.7ms
[2023-08-11T23:06:47.513+0000][gc,phases     ] GC(604)   Post Evacuate Collection Set: 0.6ms
[2023-08-11T23:06:47.513+0000][gc,phases     ] GC(604)   Other: 0.4ms
[2023-08-11T23:06:47.513+0000][gc,heap       ] GC(604) Eden regions: 36->0(475)
[2023-08-11T23:06:47.513+0000][gc,heap       ] GC(604) Survivor regions: 15->2(7)
[2023-08-11T23:06:47.513+0000][gc,heap       ] GC(604) Old regions: 154->153
[2023-08-11T23:06:47.513+0000][gc,heap       ] GC(604) Humongous regions: 149->149
[2023-08-11T23:06:47.513+0000][gc,metaspace  ] GC(604) Metaspace: 119157K(125028K)->119157K(125028K) NonClass: 105279K(108748K)->105279K(108748K) Class: 13877K(16280K)->13877K(16280K)
[2023-08-11T23:06:47.513+0000][gc            ] GC(604) Pause Young (Mixed) (G1 Evacuation Pause) 352M->303M(1024M) 9.773ms
[2023-08-11T23:06:47.513+0000][gc,cpu        ] GC(604) User=0.07s Sys=0.00s Real=0.01s
[2023-08-11T23:08:54.356+0000][gc,start      ] GC(605) Pause Young (Concurrent Start) (G1 Evacuation Pause)
[2023-08-11T23:08:54.356+0000][gc,task       ] GC(605) Using 8 workers of 8 for evacuation
[2023-08-11T23:08:54.372+0000][gc,phases     ] GC(605)   Pre Evacuate Collection Set: 0.5ms
[2023-08-11T23:08:54.372+0000][gc,phases     ] GC(605)   Evacuate Collection Set: 14.0ms
[2023-08-11T23:08:54.372+0000][gc,phases     ] GC(605)   Post Evacuate Collection Set: 0.7ms
[2023-08-11T23:08:54.372+0000][gc,phases     ] GC(605)   Other: 0.4ms
[2023-08-11T23:08:54.372+0000][gc,heap       ] GC(605) Eden regions: 475->0(440)
[2023-08-11T23:08:54.372+0000][gc,heap       ] GC(605) Survivor regions: 2->9(60)
[2023-08-11T23:08:54.372+0000][gc,heap       ] GC(605) Old regions: 153->153
[2023-08-11T23:08:54.372+0000][gc,heap       ] GC(605) Humongous regions: 149->149
[2023-08-11T23:08:54.372+0000][gc,metaspace  ] GC(605) Metaspace: 119157K(125028K)->119157K(125028K) NonClass: 105279K(108748K)->105279K(108748K) Class: 13877K(16280K)->13877K(16280K)
[2023-08-11T23:08:54.372+0000][gc            ] GC(605) Pause Young (Concurrent Start) (G1 Evacuation Pause) 778M->309M(1024M) 15.698ms
[2023-08-11T23:08:54.372+0000][gc,cpu        ] GC(605) User=0.10s Sys=0.00s Real=0.02s
[2023-08-11T23:08:54.372+0000][gc            ] GC(606) Concurrent Cycle
[2023-08-11T23:08:54.372+0000][gc,marking    ] GC(606) Concurrent Clear Claimed Marks
[2023-08-11T23:08:54.372+0000][gc,marking    ] GC(606) Concurrent Clear Claimed Marks 0.175ms
[2023-08-11T23:08:54.373+0000][gc,marking    ] GC(606) Concurrent Scan Root Regions
[2023-08-11T23:08:54.378+0000][gc,marking    ] GC(606) Concurrent Scan Root Regions 5.454ms
[2023-08-11T23:08:54.378+0000][gc,marking    ] GC(606) Concurrent Mark (44825.679s)
[2023-08-11T23:08:54.378+0000][gc,marking    ] GC(606) Concurrent Mark From Roots
[2023-08-11T23:08:54.378+0000][gc,task       ] GC(606) Using 2 workers of 2 for marking
[2023-08-11T23:08:54.447+0000][gc,marking    ] GC(606) Concurrent Mark From Roots 68.935ms
[2023-08-11T23:08:54.447+0000][gc,marking    ] GC(606) Concurrent Preclean
[2023-08-11T23:08:54.448+0000][gc,marking    ] GC(606) Concurrent Preclean 0.500ms
[2023-08-11T23:08:54.448+0000][gc,marking    ] GC(606) Concurrent Mark (44825.679s, 44825.749s) 69.532ms
[2023-08-11T23:08:54.448+0000][gc,start      ] GC(606) Pause Remark
[2023-08-11T23:08:54.458+0000][gc,stringtable] GC(606) Cleaned string and symbol table, strings: 45108 processed, 0 removed, symbols: 280312 processed, 1 removed
[2023-08-11T23:08:54.459+0000][gc            ] GC(606) Pause Remark 329M->329M(1024M) 10.808ms
[2023-08-11T23:08:54.459+0000][gc,cpu        ] GC(606) User=0.06s Sys=0.00s Real=0.01s
[2023-08-11T23:08:54.459+0000][gc,marking    ] GC(606) Concurrent Rebuild Remembered Sets
[2023-08-11T23:08:54.512+0000][gc,marking    ] GC(606) Concurrent Rebuild Remembered Sets 53.072ms
[2023-08-11T23:08:54.512+0000][gc,start      ] GC(606) Pause Cleanup
[2023-08-11T23:08:54.512+0000][gc            ] GC(606) Pause Cleanup 340M->340M(1024M) 0.255ms
[2023-08-11T23:08:54.512+0000][gc,cpu        ] GC(606) User=0.01s Sys=0.00s Real=0.00s
[2023-08-11T23:08:54.512+0000][gc,marking    ] GC(606) Concurrent Cleanup for Next Mark
[2023-08-11T23:08:54.514+0000][gc,marking    ] GC(606) Concurrent Cleanup for Next Mark 1.358ms
[2023-08-11T23:08:54.514+0000][gc            ] GC(606) Concurrent Cycle 141.573ms
[2023-08-11T23:10:24.894+0000][gc,start      ] GC(607) Pause Young (Prepare Mixed) (G1 Evacuation Pause)
[2023-08-11T23:10:24.894+0000][gc,task       ] GC(607) Using 8 workers of 8 for evacuation
[2023-08-11T23:10:24.905+0000][gc,phases     ] GC(607)   Pre Evacuate Collection Set: 0.0ms
[2023-08-11T23:10:24.905+0000][gc,phases     ] GC(607)   Evacuate Collection Set: 9.8ms
[2023-08-11T23:10:24.905+0000][gc,phases     ] GC(607)   Post Evacuate Collection Set: 0.7ms
[2023-08-11T23:10:24.905+0000][gc,phases     ] GC(607)   Other: 0.4ms
[2023-08-11T23:10:24.905+0000][gc,heap       ] GC(607) Eden regions: 409->0(38)
[2023-08-11T23:10:24.905+0000][gc,heap       ] GC(607) Survivor regions: 9->13(53)
[2023-08-11T23:10:24.905+0000][gc,heap       ] GC(607) Old regions: 153->153
[2023-08-11T23:10:24.905+0000][gc,heap       ] GC(607) Humongous regions: 149->149
[2023-08-11T23:10:24.905+0000][gc,metaspace  ] GC(607) Metaspace: 119158K(125028K)->119158K(125028K) NonClass: 105281K(108748K)->105281K(108748K) Class: 13877K(16280K)->13877K(16280K)
[2023-08-11T23:10:24.905+0000][gc            ] GC(607) Pause Young (Prepare Mixed) (G1 Evacuation Pause) 718M->313M(1024M) 11.012ms
[2023-08-11T23:10:24.905+0000][gc,cpu        ] GC(607) User=0.08s Sys=0.00s Real=0.01s
[2023-08-11T23:10:39.453+0000][gc,start      ] GC(608) Pause Young (Mixed) (G1 Evacuation Pause)
[2023-08-11T23:10:39.453+0000][gc,task       ] GC(608) Using 8 workers of 8 for evacuation
[2023-08-11T23:10:39.465+0000][gc,phases     ] GC(608)   Pre Evacuate Collection Set: 0.1ms
[2023-08-11T23:10:39.466+0000][gc,phases     ] GC(608)   Evacuate Collection Set: 11.6ms
[2023-08-11T23:10:39.466+0000][gc,phases     ] GC(608)   Post Evacuate Collection Set: 0.5ms
[2023-08-11T23:10:39.466+0000][gc,phases     ] GC(608)   Other: 0.4ms
[2023-08-11T23:10:39.466+0000][gc,heap       ] GC(608) Eden regions: 38->0(494)
[2023-08-11T23:10:39.466+0000][gc,heap       ] GC(608) Survivor regions: 13->3(7)
[2023-08-11T23:10:39.466+0000][gc,heap       ] GC(608) Old regions: 153->155
[2023-08-11T23:10:39.466+0000][gc,heap       ] GC(608) Humongous regions: 149->149
[2023-08-11T23:10:39.466+0000][gc,metaspace  ] GC(608) Metaspace: 119158K(125028K)->119158K(125028K) NonClass: 105281K(108748K)->105281K(108748K) Class: 13877K(16280K)->13877K(16280K)
[2023-08-11T23:10:39.466+0000][gc            ] GC(608) Pause Young (Mixed) (G1 Evacuation Pause) 351M->306M(1024M) 12.733ms
[2023-08-11T23:10:39.466+0000][gc,cpu        ] GC(608) User=0.08s Sys=0.00s Real=0.01s
[2023-08-11T23:12:38.647+0000][gc,start      ] GC(609) Pause Young (Concurrent Start) (G1 Evacuation Pause)
[2023-08-11T23:12:38.647+0000][gc,task       ] GC(609) Using 8 workers of 8 for evacuation
[2023-08-11T23:12:38.658+0000][gc,phases     ] GC(609)   Pre Evacuate Collection Set: 0.5ms
[2023-08-11T23:12:38.658+0000][gc,phases     ] GC(609)   Evacuate Collection Set: 9.6ms
[2023-08-11T23:12:38.658+0000][gc,phases     ] GC(609)   Post Evacuate Collection Set: 0.7ms
[2023-08-11T23:12:38.658+0000][gc,phases     ] GC(609)   Other: 0.5ms
[2023-08-11T23:12:38.658+0000][gc,heap       ] GC(609) Eden regions: 494->0(460)
[2023-08-11T23:12:38.658+0000][gc,heap       ] GC(609) Survivor regions: 3->9(63)
[2023-08-11T23:12:38.658+0000][gc,heap       ] GC(609) Old regions: 155->155
[2023-08-11T23:12:38.658+0000][gc,heap       ] GC(609) Humongous regions: 149->149
[2023-08-11T23:12:38.658+0000][gc,metaspace  ] GC(609) Metaspace: 119158K(125028K)->119158K(125028K) NonClass: 105281K(108748K)->105281K(108748K) Class: 13877K(16280K)->13877K(16280K)
[2023-08-11T23:12:38.658+0000][gc            ] GC(609) Pause Young (Concurrent Start) (G1 Evacuation Pause) 800M->312M(1024M) 11.333ms
[2023-08-11T23:12:38.658+0000][gc,cpu        ] GC(609) User=0.07s Sys=0.00s Real=0.01s
[2023-08-11T23:12:38.658+0000][gc            ] GC(610) Concurrent Cycle
[2023-08-11T23:12:38.659+0000][gc,marking    ] GC(610) Concurrent Clear Claimed Marks
[2023-08-11T23:12:38.659+0000][gc,marking    ] GC(610) Concurrent Clear Claimed Marks 0.274ms
[2023-08-11T23:12:38.659+0000][gc,marking    ] GC(610) Concurrent Scan Root Regions
[2023-08-11T23:12:38.665+0000][gc,marking    ] GC(610) Concurrent Scan Root Regions 5.860ms
[2023-08-11T23:12:38.665+0000][gc,marking    ] GC(610) Concurrent Mark (45049.966s)
[2023-08-11T23:12:38.665+0000][gc,marking    ] GC(610) Concurrent Mark From Roots
[2023-08-11T23:12:38.665+0000][gc,task       ] GC(610) Using 2 workers of 2 for marking
[2023-08-11T23:12:38.738+0000][gc,marking    ] GC(610) Concurrent Mark From Roots 73.029ms
[2023-08-11T23:12:38.738+0000][gc,marking    ] GC(610) Concurrent Preclean
[2023-08-11T23:12:38.738+0000][gc,marking    ] GC(610) Concurrent Preclean 0.344ms
[2023-08-11T23:12:38.738+0000][gc,marking    ] GC(610) Concurrent Mark (45049.966s, 45050.040s) 73.449ms
[2023-08-11T23:12:38.738+0000][gc,start      ] GC(610) Pause Remark
[2023-08-11T23:12:38.750+0000][gc,stringtable] GC(610) Cleaned string and symbol table, strings: 45109 processed, 0 removed, symbols: 280311 processed, 0 removed
[2023-08-11T23:12:38.750+0000][gc            ] GC(610) Pause Remark 313M->313M(1024M) 11.770ms
[2023-08-11T23:12:38.750+0000][gc,cpu        ] GC(610) User=0.07s Sys=0.00s Real=0.01s
[2023-08-11T23:12:38.750+0000][gc,marking    ] GC(610) Concurrent Rebuild Remembered Sets
[2023-08-11T23:12:38.794+0000][gc,marking    ] GC(610) Concurrent Rebuild Remembered Sets 43.247ms
[2023-08-11T23:12:38.794+0000][gc,start      ] GC(610) Pause Cleanup
[2023-08-11T23:12:38.794+0000][gc            ] GC(610) Pause Cleanup 314M->314M(1024M) 0.268ms
[2023-08-11T23:12:38.794+0000][gc,cpu        ] GC(610) User=0.00s Sys=0.00s Real=0.00s
[2023-08-11T23:12:38.794+0000][gc,marking    ] GC(610) Concurrent Cleanup for Next Mark
[2023-08-11T23:12:38.796+0000][gc,marking    ] GC(610) Concurrent Cleanup for Next Mark 1.387ms
[2023-08-11T23:12:38.796+0000][gc            ] GC(610) Concurrent Cycle 137.121ms
[2023-08-11T23:14:25.236+0000][gc,start      ] GC(611) Pause Young (Prepare Mixed) (G1 Evacuation Pause)
[2023-08-11T23:14:25.236+0000][gc,task       ] GC(611) Using 8 workers of 8 for evacuation
[2023-08-11T23:14:25.247+0000][gc,phases     ] GC(611)   Pre Evacuate Collection Set: 0.0ms
[2023-08-11T23:14:25.247+0000][gc,phases     ] GC(611)   Evacuate Collection Set: 10.2ms
[2023-08-11T23:14:25.247+0000][gc,phases     ] GC(611)   Post Evacuate Collection Set: 0.7ms
[2023-08-11T23:14:25.247+0000][gc,phases     ] GC(611)   Other: 0.4ms
[2023-08-11T23:14:25.247+0000][gc,heap       ] GC(611) Eden regions: 434->0(38)
[2023-08-11T23:14:25.247+0000][gc,heap       ] GC(611) Survivor regions: 9->13(56)
[2023-08-11T23:14:25.247+0000][gc,heap       ] GC(611) Old regions: 155->155
[2023-08-11T23:14:25.247+0000][gc,heap       ] GC(611) Humongous regions: 149->149
[2023-08-11T23:14:25.247+0000][gc,metaspace  ] GC(611) Metaspace: 119158K(125028K)->119158K(125028K) NonClass: 105281K(108748K)->105281K(108748K) Class: 13877K(16280K)->13877K(16280K)
[2023-08-11T23:14:25.247+0000][gc            ] GC(611) Pause Young (Prepare Mixed) (G1 Evacuation Pause) 746M->316M(1024M) 11.406ms
[2023-08-11T23:14:25.247+0000][gc,cpu        ] GC(611) User=0.08s Sys=0.00s Real=0.01s
[2023-08-11T23:14:39.475+0000][gc,start      ] GC(612) Pause Young (Mixed) (G1 Evacuation Pause)
[2023-08-11T23:14:39.475+0000][gc,task       ] GC(612) Using 8 workers of 8 for evacuation
[2023-08-11T23:14:39.489+0000][gc,phases     ] GC(612)   Pre Evacuate Collection Set: 0.1ms
[2023-08-11T23:14:39.490+0000][gc,phases     ] GC(612)   Evacuate Collection Set: 13.0ms
[2023-08-11T23:14:39.490+0000][gc,phases     ] GC(612)   Post Evacuate Collection Set: 0.6ms
[2023-08-11T23:14:39.490+0000][gc,phases     ] GC(612)   Other: 0.5ms
[2023-08-11T23:14:39.490+0000][gc,heap       ] GC(612) Eden regions: 38->0(530)
[2023-08-11T23:14:39.490+0000][gc,heap       ] GC(612) Survivor regions: 13->4(7)
[2023-08-11T23:14:39.490+0000][gc,heap       ] GC(612) Old regions: 155->156
[2023-08-11T23:14:39.490+0000][gc,heap       ] GC(612) Humongous regions: 149->149
[2023-08-11T23:14:39.490+0000][gc,metaspace  ] GC(612) Metaspace: 119158K(125028K)->119158K(125028K) NonClass: 105281K(108748K)->105281K(108748K) Class: 13877K(16280K)->13877K(16280K)
[2023-08-11T23:14:39.490+0000][gc            ] GC(612) Pause Young (Mixed) (G1 Evacuation Pause) 354M->308M(1024M) 14.361ms
[2023-08-11T23:14:39.490+0000][gc,cpu        ] GC(612) User=0.09s Sys=0.00s Real=0.01s
[2023-08-11T23:16:54.369+0000][gc,start      ] GC(613) Pause Young (Concurrent Start) (G1 Evacuation Pause)
[2023-08-11T23:16:54.369+0000][gc,task       ] GC(613) Using 8 workers of 8 for evacuation
[2023-08-11T23:16:54.380+0000][gc,phases     ] GC(613)   Pre Evacuate Collection Set: 0.5ms
[2023-08-11T23:16:54.380+0000][gc,phases     ] GC(613)   Evacuate Collection Set: 8.9ms
[2023-08-11T23:16:54.380+0000][gc,phases     ] GC(613)   Post Evacuate Collection Set: 0.7ms
[2023-08-11T23:16:54.380+0000][gc,phases     ] GC(613)   Other: 0.4ms
[2023-08-11T23:16:54.380+0000][gc,heap       ] GC(613) Eden regions: 530->0(502)
[2023-08-11T23:16:54.380+0000][gc,heap       ] GC(613) Survivor regions: 4->10(67)
[2023-08-11T23:16:54.380+0000][gc,heap       ] GC(613) Old regions: 156->156
[2023-08-11T23:16:54.380+0000][gc,heap       ] GC(613) Humongous regions: 149->149
[2023-08-11T23:16:54.380+0000][gc,metaspace  ] GC(613) Metaspace: 119158K(125028K)->119158K(125028K) NonClass: 105281K(108748K)->105281K(108748K) Class: 13877K(16280K)->13877K(16280K)
[2023-08-11T23:16:54.380+0000][gc            ] GC(613) Pause Young (Concurrent Start) (G1 Evacuation Pause) 838M->314M(1024M) 10.608ms
[2023-08-11T23:16:54.380+0000][gc,cpu        ] GC(613) User=0.07s Sys=0.00s Real=0.02s
[2023-08-11T23:16:54.380+0000][gc            ] GC(614) Concurrent Cycle
[2023-08-11T23:16:54.380+0000][gc,marking    ] GC(614) Concurrent Clear Claimed Marks
[2023-08-11T23:16:54.380+0000][gc,marking    ] GC(614) Concurrent Clear Claimed Marks 0.204ms
[2023-08-11T23:16:54.380+0000][gc,marking    ] GC(614) Concurrent Scan Root Regions
[2023-08-11T23:16:54.386+0000][gc,marking    ] GC(614) Concurrent Scan Root Regions 5.657ms
[2023-08-11T23:16:54.386+0000][gc,marking    ] GC(614) Concurrent Mark (45305.687s)
[2023-08-11T23:16:54.386+0000][gc,marking    ] GC(614) Concurrent Mark From Roots
[2023-08-11T23:16:54.386+0000][gc,task       ] GC(614) Using 2 workers of 2 for marking
[2023-08-11T23:16:54.463+0000][gc,marking    ] GC(614) Concurrent Mark From Roots 77.108ms
[2023-08-11T23:16:54.463+0000][gc,marking    ] GC(614) Concurrent Preclean
[2023-08-11T23:16:54.464+0000][gc,marking    ] GC(614) Concurrent Preclean 0.387ms
[2023-08-11T23:16:54.464+0000][gc,marking    ] GC(614) Concurrent Mark (45305.687s, 45305.765s) 77.568ms
[2023-08-11T23:16:54.464+0000][gc,start      ] GC(614) Pause Remark
[2023-08-11T23:16:54.474+0000][gc,stringtable] GC(614) Cleaned string and symbol table, strings: 45109 processed, 0 removed, symbols: 280311 processed, 0 removed
[2023-08-11T23:16:54.475+0000][gc            ] GC(614) Pause Remark 332M->332M(1024M) 10.933ms
[2023-08-11T23:16:54.475+0000][gc,cpu        ] GC(614) User=0.08s Sys=0.00s Real=0.01s
[2023-08-11T23:16:54.475+0000][gc,marking    ] GC(614) Concurrent Rebuild Remembered Sets
[2023-08-11T23:16:54.527+0000][gc,marking    ] GC(614) Concurrent Rebuild Remembered Sets 51.836ms
[2023-08-11T23:16:54.527+0000][gc,start      ] GC(614) Pause Cleanup
[2023-08-11T23:16:54.527+0000][gc            ] GC(614) Pause Cleanup 341M->341M(1024M) 0.260ms
[2023-08-11T23:16:54.527+0000][gc,cpu        ] GC(614) User=0.01s Sys=0.00s Real=0.00s
[2023-08-11T23:16:54.527+0000][gc,marking    ] GC(614) Concurrent Cleanup for Next Mark
[2023-08-11T23:16:54.529+0000][gc,marking    ] GC(614) Concurrent Cleanup for Next Mark 1.350ms
[2023-08-11T23:16:54.529+0000][gc            ] GC(614) Concurrent Cycle 148.684ms
[2023-08-11T23:18:54.346+0000][gc,start      ] GC(615) Pause Young (Prepare Mixed) (G1 Evacuation Pause)
[2023-08-11T23:18:54.346+0000][gc,task       ] GC(615) Using 8 workers of 8 for evacuation
[2023-08-11T23:18:54.358+0000][gc,phases     ] GC(615)   Pre Evacuate Collection Set: 0.0ms
[2023-08-11T23:18:54.358+0000][gc,phases     ] GC(615)   Evacuate Collection Set: 11.1ms
[2023-08-11T23:18:54.358+0000][gc,phases     ] GC(615)   Post Evacuate Collection Set: 0.7ms
[2023-08-11T23:18:54.358+0000][gc,phases     ] GC(615)   Other: 0.4ms
[2023-08-11T23:18:54.358+0000][gc,heap       ] GC(615) Eden regions: 486->0(36)
[2023-08-11T23:18:54.358+0000][gc,heap       ] GC(615) Survivor regions: 10->15(62)
[2023-08-11T23:18:54.358+0000][gc,heap       ] GC(615) Old regions: 156->156
[2023-08-11T23:18:54.358+0000][gc,heap       ] GC(615) Humongous regions: 149->149
[2023-08-11T23:18:54.358+0000][gc,metaspace  ] GC(615) Metaspace: 119158K(125028K)->119158K(125028K) NonClass: 105281K(108748K)->105281K(108748K) Class: 13877K(16280K)->13877K(16280K)
[2023-08-11T23:18:54.358+0000][gc            ] GC(615) Pause Young (Prepare Mixed) (G1 Evacuation Pause) 800M->319M(1024M) 12.222ms
[2023-08-11T23:18:54.358+0000][gc,cpu        ] GC(615) User=0.09s Sys=0.00s Real=0.01s
[2023-08-11T23:18:55.188+0000][gc,start      ] GC(616) Pause Young (Mixed) (G1 Evacuation Pause)
[2023-08-11T23:18:55.188+0000][gc,task       ] GC(616) Using 8 workers of 8 for evacuation
[2023-08-11T23:18:55.199+0000][gc,phases     ] GC(616)   Pre Evacuate Collection Set: 0.1ms
[2023-08-11T23:18:55.199+0000][gc,phases     ] GC(616)   Evacuate Collection Set: 10.6ms
[2023-08-11T23:18:55.199+0000][gc,phases     ] GC(616)   Post Evacuate Collection Set: 0.6ms
[2023-08-11T23:18:55.199+0000][gc,phases     ] GC(616)   Other: 0.4ms
[2023-08-11T23:18:55.199+0000][gc,heap       ] GC(616) Eden regions: 36->0(556)
[2023-08-11T23:18:55.199+0000][gc,heap       ] GC(616) Survivor regions: 15->3(7)
[2023-08-11T23:18:55.199+0000][gc,heap       ] GC(616) Old regions: 156->158
[2023-08-11T23:18:55.199+0000][gc,heap       ] GC(616) Humongous regions: 149->149
[2023-08-11T23:18:55.199+0000][gc,metaspace  ] GC(616) Metaspace: 119158K(125028K)->119158K(125028K) NonClass: 105281K(108748K)->105281K(108748K) Class: 13877K(16280K)->13877K(16280K)
[2023-08-11T23:18:55.199+0000][gc            ] GC(616) Pause Young (Mixed) (G1 Evacuation Pause) 355M->308M(1024M) 11.736ms
[2023-08-11T23:18:55.199+0000][gc,cpu        ] GC(616) User=0.09s Sys=0.00s Real=0.02s
[2023-08-11T23:21:24.397+0000][gc,start      ] GC(617) Pause Young (Concurrent Start) (G1 Evacuation Pause)
[2023-08-11T23:21:24.397+0000][gc,task       ] GC(617) Using 8 workers of 8 for evacuation
[2023-08-11T23:21:24.407+0000][gc,phases     ] GC(617)   Pre Evacuate Collection Set: 0.5ms
[2023-08-11T23:21:24.407+0000][gc,phases     ] GC(617)   Evacuate Collection Set: 8.8ms
[2023-08-11T23:21:24.407+0000][gc,phases     ] GC(617)   Post Evacuate Collection Set: 0.7ms
[2023-08-11T23:21:24.407+0000][gc,phases     ] GC(617)   Other: 0.4ms
[2023-08-11T23:21:24.407+0000][gc,heap       ] GC(617) Eden regions: 556->0(540)
[2023-08-11T23:21:24.407+0000][gc,heap       ] GC(617) Survivor regions: 3->9(70)
[2023-08-11T23:21:24.407+0000][gc,heap       ] GC(617) Old regions: 158->158
[2023-08-11T23:21:24.407+0000][gc,heap       ] GC(617) Humongous regions: 149->149
[2023-08-11T23:21:24.407+0000][gc,metaspace  ] GC(617) Metaspace: 119159K(125028K)->119159K(125028K) NonClass: 105281K(108748K)->105281K(108748K) Class: 13877K(16280K)->13877K(16280K)
[2023-08-11T23:21:24.407+0000][gc            ] GC(617) Pause Young (Concurrent Start) (G1 Evacuation Pause) 864M->314M(1024M) 10.539ms
[2023-08-11T23:21:24.407+0000][gc,cpu        ] GC(617) User=0.07s Sys=0.00s Real=0.01s
[2023-08-11T23:21:24.407+0000][gc            ] GC(618) Concurrent Cycle
[2023-08-11T23:21:24.407+0000][gc,marking    ] GC(618) Concurrent Clear Claimed Marks
[2023-08-11T23:21:24.408+0000][gc,marking    ] GC(618) Concurrent Clear Claimed Marks 0.289ms
[2023-08-11T23:21:24.408+0000][gc,marking    ] GC(618) Concurrent Scan Root Regions
[2023-08-11T23:21:24.412+0000][gc,marking    ] GC(618) Concurrent Scan Root Regions 4.666ms
[2023-08-11T23:21:24.412+0000][gc,marking    ] GC(618) Concurrent Mark (45575.714s)
[2023-08-11T23:21:24.412+0000][gc,marking    ] GC(618) Concurrent Mark From Roots
[2023-08-11T23:21:24.412+0000][gc,task       ] GC(618) Using 2 workers of 2 for marking
[2023-08-11T23:21:24.489+0000][gc,marking    ] GC(618) Concurrent Mark From Roots 76.712ms
[2023-08-11T23:21:24.489+0000][gc,marking    ] GC(618) Concurrent Preclean
[2023-08-11T23:21:24.490+0000][gc,marking    ] GC(618) Concurrent Preclean 0.443ms
[2023-08-11T23:21:24.490+0000][gc,marking    ] GC(618) Concurrent Mark (45575.714s, 45575.791s) 77.246ms
[2023-08-11T23:21:24.490+0000][gc,start      ] GC(618) Pause Remark
[2023-08-11T23:21:24.499+0000][gc,stringtable] GC(618) Cleaned string and symbol table, strings: 45109 processed, 0 removed, symbols: 280311 processed, 0 removed
[2023-08-11T23:21:24.500+0000][gc            ] GC(618) Pause Remark 324M->324M(1024M) 9.809ms
[2023-08-11T23:21:24.500+0000][gc,cpu        ] GC(618) User=0.07s Sys=0.00s Real=0.02s
[2023-08-11T23:21:24.500+0000][gc,marking    ] GC(618) Concurrent Rebuild Remembered Sets
[2023-08-11T23:21:24.558+0000][gc,marking    ] GC(618) Concurrent Rebuild Remembered Sets 57.842ms
[2023-08-11T23:21:24.558+0000][gc,start      ] GC(618) Pause Cleanup
[2023-08-11T23:21:24.558+0000][gc            ] GC(618) Pause Cleanup 331M->331M(1024M) 0.260ms
[2023-08-11T23:21:24.558+0000][gc,cpu        ] GC(618) User=0.01s Sys=0.00s Real=0.00s
[2023-08-11T23:21:24.558+0000][gc,marking    ] GC(618) Concurrent Cleanup for Next Mark
[2023-08-11T23:21:24.560+0000][gc,marking    ] GC(618) Concurrent Cleanup for Next Mark 1.451ms
[2023-08-11T23:21:24.560+0000][gc            ] GC(618) Concurrent Cycle 152.443ms
[2023-08-11T23:23:32.738+0000][gc,start      ] GC(619) Pause Young (Prepare Mixed) (G1 Evacuation Pause)
[2023-08-11T23:23:32.738+0000][gc,task       ] GC(619) Using 8 workers of 8 for evacuation
[2023-08-11T23:23:32.751+0000][gc,phases     ] GC(619)   Pre Evacuate Collection Set: 0.0ms
[2023-08-11T23:23:32.751+0000][gc,phases     ] GC(619)   Evacuate Collection Set: 11.8ms
[2023-08-11T23:23:32.751+0000][gc,phases     ] GC(619)   Post Evacuate Collection Set: 0.7ms
[2023-08-11T23:23:32.751+0000][gc,phases     ] GC(619)   Other: 0.4ms
[2023-08-11T23:23:32.751+0000][gc,heap       ] GC(619) Eden regions: 522->0(35)
[2023-08-11T23:23:32.751+0000][gc,heap       ] GC(619) Survivor regions: 9->16(67)
[2023-08-11T23:23:32.751+0000][gc,heap       ] GC(619) Old regions: 157->157
[2023-08-11T23:23:32.751+0000][gc,heap       ] GC(619) Humongous regions: 149->149
[2023-08-11T23:23:32.751+0000][gc,metaspace  ] GC(619) Metaspace: 119162K(125028K)->119162K(125028K) NonClass: 105284K(108748K)->105284K(108748K) Class: 13877K(16280K)->13877K(16280K)
[2023-08-11T23:23:32.751+0000][gc            ] GC(619) Pause Young (Prepare Mixed) (G1 Evacuation Pause) 836M->322M(1024M) 13.032ms
[2023-08-11T23:23:32.751+0000][gc,cpu        ] GC(619) User=0.09s Sys=0.00s Real=0.02s
[2023-08-11T23:23:43.959+0000][gc,start      ] GC(620) Pause Young (Mixed) (G1 Evacuation Pause)
[2023-08-11T23:23:43.959+0000][gc,task       ] GC(620) Using 8 workers of 8 for evacuation
[2023-08-11T23:23:43.971+0000][gc,phases     ] GC(620)   Pre Evacuate Collection Set: 0.1ms
[2023-08-11T23:23:43.971+0000][gc,phases     ] GC(620)   Evacuate Collection Set: 11.4ms
[2023-08-11T23:23:43.971+0000][gc,phases     ] GC(620)   Post Evacuate Collection Set: 0.6ms
[2023-08-11T23:23:43.971+0000][gc,phases     ] GC(620)   Other: 0.5ms
[2023-08-11T23:23:43.971+0000][gc,heap       ] GC(620) Eden regions: 35->0(562)
[2023-08-11T23:23:43.971+0000][gc,heap       ] GC(620) Survivor regions: 16->3(7)
[2023-08-11T23:23:43.971+0000][gc,heap       ] GC(620) Old regions: 157->157
[2023-08-11T23:23:43.971+0000][gc,heap       ] GC(620) Humongous regions: 149->149
[2023-08-11T23:23:43.971+0000][gc,metaspace  ] GC(620) Metaspace: 119162K(125028K)->119162K(125028K) NonClass: 105284K(108748K)->105284K(108748K) Class: 13877K(16280K)->13877K(16280K)
[2023-08-11T23:23:43.971+0000][gc            ] GC(620) Pause Young (Mixed) (G1 Evacuation Pause) 357M->308M(1024M) 12.600ms
[2023-08-11T23:23:43.971+0000][gc,cpu        ] GC(620) User=0.08s Sys=0.01s Real=0.02s
[2023-08-11T23:25:55.881+0000][gc,start      ] GC(621) Pause Young (Concurrent Start) (G1 Evacuation Pause)
[2023-08-11T23:25:55.881+0000][gc,task       ] GC(621) Using 8 workers of 8 for evacuation
[2023-08-11T23:25:55.891+0000][gc,phases     ] GC(621)   Pre Evacuate Collection Set: 0.5ms
[2023-08-11T23:25:55.891+0000][gc,phases     ] GC(621)   Evacuate Collection Set: 8.4ms
[2023-08-11T23:25:55.891+0000][gc,phases     ] GC(621)   Post Evacuate Collection Set: 0.7ms
[2023-08-11T23:25:55.891+0000][gc,phases     ] GC(621)   Other: 0.4ms
[2023-08-11T23:25:55.891+0000][gc,heap       ] GC(621) Eden regions: 562->0(562)
[2023-08-11T23:25:55.891+0000][gc,heap       ] GC(621) Survivor regions: 3->9(71)
[2023-08-11T23:25:55.891+0000][gc,heap       ] GC(621) Old regions: 157->157
[2023-08-11T23:25:55.891+0000][gc,heap       ] GC(621) Humongous regions: 149->149
[2023-08-11T23:25:55.891+0000][gc,metaspace  ] GC(621) Metaspace: 119164K(125028K)->119164K(125028K) NonClass: 105286K(108748K)->105286K(108748K) Class: 13877K(16280K)->13877K(16280K)
[2023-08-11T23:25:55.891+0000][gc            ] GC(621) Pause Young (Concurrent Start) (G1 Evacuation Pause) 870M->313M(1024M) 10.104ms
[2023-08-11T23:25:55.891+0000][gc,cpu        ] GC(621) User=0.06s Sys=0.00s Real=0.01s
[2023-08-11T23:25:55.891+0000][gc            ] GC(622) Concurrent Cycle
[2023-08-11T23:25:55.891+0000][gc,marking    ] GC(622) Concurrent Clear Claimed Marks
[2023-08-11T23:25:55.891+0000][gc,marking    ] GC(622) Concurrent Clear Claimed Marks 0.205ms
[2023-08-11T23:25:55.891+0000][gc,marking    ] GC(622) Concurrent Scan Root Regions
[2023-08-11T23:25:55.896+0000][gc,marking    ] GC(622) Concurrent Scan Root Regions 5.037ms
[2023-08-11T23:25:55.896+0000][gc,marking    ] GC(622) Concurrent Mark (45847.198s)
[2023-08-11T23:25:55.896+0000][gc,marking    ] GC(622) Concurrent Mark From Roots
[2023-08-11T23:25:55.896+0000][gc,task       ] GC(622) Using 2 workers of 2 for marking
[2023-08-11T23:25:55.962+0000][gc,marking    ] GC(622) Concurrent Mark From Roots 65.778ms
[2023-08-11T23:25:55.962+0000][gc,marking    ] GC(622) Concurrent Preclean
[2023-08-11T23:25:55.962+0000][gc,marking    ] GC(622) Concurrent Preclean 0.357ms
[2023-08-11T23:25:55.962+0000][gc,marking    ] GC(622) Concurrent Mark (45847.198s, 45847.264s) 66.206ms
[2023-08-11T23:25:55.963+0000][gc,start      ] GC(622) Pause Remark
[2023-08-11T23:25:55.973+0000][gc,stringtable] GC(622) Cleaned string and symbol table, strings: 45114 processed, 0 removed, symbols: 280311 processed, 0 removed
[2023-08-11T23:25:55.973+0000][gc            ] GC(622) Pause Remark 315M->315M(1024M) 10.275ms
[2023-08-11T23:25:55.973+0000][gc,cpu        ] GC(622) User=0.08s Sys=0.00s Real=0.01s
[2023-08-11T23:25:55.973+0000][gc,marking    ] GC(622) Concurrent Rebuild Remembered Sets
[2023-08-11T23:25:56.016+0000][gc,marking    ] GC(622) Concurrent Rebuild Remembered Sets 42.856ms
[2023-08-11T23:25:56.016+0000][gc,start      ] GC(622) Pause Cleanup
[2023-08-11T23:25:56.016+0000][gc            ] GC(622) Pause Cleanup 317M->317M(1024M) 0.265ms
[2023-08-11T23:25:56.016+0000][gc,cpu        ] GC(622) User=0.00s Sys=0.00s Real=0.00s
[2023-08-11T23:25:56.016+0000][gc,marking    ] GC(622) Concurrent Cleanup for Next Mark
[2023-08-11T23:25:56.018+0000][gc,marking    ] GC(622) Concurrent Cleanup for Next Mark 1.379ms
[2023-08-11T23:25:56.018+0000][gc            ] GC(622) Concurrent Cycle 126.960ms
[2023-08-11T23:28:21.766+0000][gc,start      ] GC(623) Pause Young (Prepare Mixed) (G1 Evacuation Pause)
[2023-08-11T23:28:21.766+0000][gc,task       ] GC(623) Using 8 workers of 8 for evacuation
[2023-08-11T23:28:21.779+0000][gc,phases     ] GC(623)   Pre Evacuate Collection Set: 0.0ms
[2023-08-11T23:28:21.779+0000][gc,phases     ] GC(623)   Evacuate Collection Set: 11.4ms
[2023-08-11T23:28:21.779+0000][gc,phases     ] GC(623)   Post Evacuate Collection Set: 0.7ms
[2023-08-11T23:28:21.779+0000][gc,phases     ] GC(623)   Other: 0.4ms
[2023-08-11T23:28:21.779+0000][gc,heap       ] GC(623) Eden regions: 562->0(35)
[2023-08-11T23:28:21.779+0000][gc,heap       ] GC(623) Survivor regions: 9->16(72)
[2023-08-11T23:28:21.779+0000][gc,heap       ] GC(623) Old regions: 157->157
[2023-08-11T23:28:21.779+0000][gc,heap       ] GC(623) Humongous regions: 149->149
[2023-08-11T23:28:21.779+0000][gc,metaspace  ] GC(623) Metaspace: 119175K(125028K)->119175K(125028K) NonClass: 105298K(108748K)->105298K(108748K) Class: 13877K(16280K)->13877K(16280K)
[2023-08-11T23:28:21.779+0000][gc            ] GC(623) Pause Young (Prepare Mixed) (G1 Evacuation Pause) 875M->320M(1024M) 12.707ms
[2023-08-11T23:28:21.779+0000][gc,cpu        ] GC(623) User=0.09s Sys=0.00s Real=0.01s
[2023-08-11T23:28:24.473+0000][gc,start      ] GC(624) Pause Young (Mixed) (G1 Evacuation Pause)
[2023-08-11T23:28:24.474+0000][gc,task       ] GC(624) Using 8 workers of 8 for evacuation
[2023-08-11T23:28:24.488+0000][gc,phases     ] GC(624)   Pre Evacuate Collection Set: 0.1ms
[2023-08-11T23:28:24.488+0000][gc,phases     ] GC(624)   Evacuate Collection Set: 12.5ms
[2023-08-11T23:28:24.488+0000][gc,phases     ] GC(624)   Post Evacuate Collection Set: 0.9ms
[2023-08-11T23:28:24.488+0000][gc,phases     ] GC(624)   Other: 0.7ms
[2023-08-11T23:28:24.488+0000][gc,heap       ] GC(624) Eden regions: 35->0(568)
[2023-08-11T23:28:24.488+0000][gc,heap       ] GC(624) Survivor regions: 16->3(7)
[2023-08-11T23:28:24.488+0000][gc,heap       ] GC(624) Old regions: 157->159
[2023-08-11T23:28:24.489+0000][gc,heap       ] GC(624) Humongous regions: 149->149
[2023-08-11T23:28:24.489+0000][gc,metaspace  ] GC(624) Metaspace: 119175K(125028K)->119175K(125028K) NonClass: 105298K(108748K)->105298K(108748K) Class: 13877K(16280K)->13877K(16280K)
[2023-08-11T23:28:24.489+0000][gc            ] GC(624) Pause Young (Mixed) (G1 Evacuation Pause) 355M->310M(1024M) 15.141ms
[2023-08-11T23:28:24.489+0000][gc,cpu        ] GC(624) User=0.09s Sys=0.00s Real=0.01s
[2023-08-11T23:30:53.138+0000][gc,start      ] GC(625) Pause Young (Concurrent Start) (G1 Evacuation Pause)
[2023-08-11T23:30:53.138+0000][gc,task       ] GC(625) Using 8 workers of 8 for evacuation
[2023-08-11T23:30:53.149+0000][gc,phases     ] GC(625)   Pre Evacuate Collection Set: 0.5ms
[2023-08-11T23:30:53.149+0000][gc,phases     ] GC(625)   Evacuate Collection Set: 9.8ms
[2023-08-11T23:30:53.149+0000][gc,phases     ] GC(625)   Post Evacuate Collection Set: 0.7ms
[2023-08-11T23:30:53.149+0000][gc,phases     ] GC(625)   Other: 0.4ms
[2023-08-11T23:30:53.149+0000][gc,heap       ] GC(625) Eden regions: 568->0(566)
[2023-08-11T23:30:53.149+0000][gc,heap       ] GC(625) Survivor regions: 3->9(72)
[2023-08-11T23:30:53.149+0000][gc,heap       ] GC(625) Old regions: 159->159
[2023-08-11T23:30:53.149+0000][gc,heap       ] GC(625) Humongous regions: 149->149
[2023-08-11T23:30:53.149+0000][gc,metaspace  ] GC(625) Metaspace: 119175K(125028K)->119175K(125028K) NonClass: 105298K(108748K)->105298K(108748K) Class: 13877K(16280K)->13877K(16280K)
[2023-08-11T23:30:53.149+0000][gc            ] GC(625) Pause Young (Concurrent Start) (G1 Evacuation Pause) 878M->315M(1024M) 11.374ms
[2023-08-11T23:30:53.149+0000][gc,cpu        ] GC(625) User=0.07s Sys=0.00s Real=0.01s
[2023-08-11T23:30:53.149+0000][gc            ] GC(626) Concurrent Cycle
[2023-08-11T23:30:53.149+0000][gc,marking    ] GC(626) Concurrent Clear Claimed Marks
[2023-08-11T23:30:53.149+0000][gc,marking    ] GC(626) Concurrent Clear Claimed Marks 0.141ms
[2023-08-11T23:30:53.149+0000][gc,marking    ] GC(626) Concurrent Scan Root Regions
[2023-08-11T23:30:53.155+0000][gc,marking    ] GC(626) Concurrent Scan Root Regions 6.034ms
[2023-08-11T23:30:53.155+0000][gc,marking    ] GC(626) Concurrent Mark (46144.457s)
[2023-08-11T23:30:53.155+0000][gc,marking    ] GC(626) Concurrent Mark From Roots
[2023-08-11T23:30:53.155+0000][gc,task       ] GC(626) Using 2 workers of 2 for marking
[2023-08-11T23:30:53.239+0000][gc,marking    ] GC(626) Concurrent Mark From Roots 83.266ms
[2023-08-11T23:30:53.239+0000][gc,marking    ] GC(626) Concurrent Preclean
[2023-08-11T23:30:53.239+0000][gc,marking    ] GC(626) Concurrent Preclean 0.383ms
[2023-08-11T23:30:53.239+0000][gc,marking    ] GC(626) Concurrent Mark (46144.457s, 46144.541s) 83.726ms
[2023-08-11T23:30:53.239+0000][gc,start      ] GC(626) Pause Remark
[2023-08-11T23:30:53.252+0000][gc,stringtable] GC(626) Cleaned string and symbol table, strings: 45130 processed, 7 removed, symbols: 280311 processed, 0 removed
[2023-08-11T23:30:53.253+0000][gc            ] GC(626) Pause Remark 319M->319M(1024M) 13.293ms
[2023-08-11T23:30:53.253+0000][gc,cpu        ] GC(626) User=0.09s Sys=0.00s Real=0.01s
[2023-08-11T23:30:53.253+0000][gc,marking    ] GC(626) Concurrent Rebuild Remembered Sets
[2023-08-11T23:30:53.295+0000][gc,marking    ] GC(626) Concurrent Rebuild Remembered Sets 42.669ms
[2023-08-11T23:30:53.296+0000][gc,start      ] GC(626) Pause Cleanup
[2023-08-11T23:30:53.296+0000][gc            ] GC(626) Pause Cleanup 319M->319M(1024M) 0.238ms
[2023-08-11T23:30:53.296+0000][gc,cpu        ] GC(626) User=0.00s Sys=0.00s Real=0.00s
[2023-08-11T23:30:53.296+0000][gc,marking    ] GC(626) Concurrent Cleanup for Next Mark
[2023-08-11T23:30:53.297+0000][gc,marking    ] GC(626) Concurrent Cleanup for Next Mark 1.378ms
[2023-08-11T23:30:53.298+0000][gc            ] GC(626) Concurrent Cycle 148.335ms
[2023-08-11T23:33:19.811+0000][gc,start      ] GC(627) Pause Young (Prepare Mixed) (G1 Evacuation Pause)
[2023-08-11T23:33:19.811+0000][gc,task       ] GC(627) Using 8 workers of 8 for evacuation
[2023-08-11T23:33:19.824+0000][gc,phases     ] GC(627)   Pre Evacuate Collection Set: 0.0ms
[2023-08-11T23:33:19.824+0000][gc,phases     ] GC(627)   Evacuate Collection Set: 11.9ms
[2023-08-11T23:33:19.824+0000][gc,phases     ] GC(627)   Post Evacuate Collection Set: 0.7ms
[2023-08-11T23:33:19.824+0000][gc,phases     ] GC(627)   Other: 0.5ms
[2023-08-11T23:33:19.824+0000][gc,heap       ] GC(627) Eden regions: 566->0(35)
[2023-08-11T23:33:19.824+0000][gc,heap       ] GC(627) Survivor regions: 9->16(72)
[2023-08-11T23:33:19.824+0000][gc,heap       ] GC(627) Old regions: 159->159
[2023-08-11T23:33:19.824+0000][gc,heap       ] GC(627) Humongous regions: 149->149
[2023-08-11T23:33:19.824+0000][gc,metaspace  ] GC(627) Metaspace: 119180K(125028K)->119180K(125028K) NonClass: 105302K(108748K)->105302K(108748K) Class: 13877K(16280K)->13877K(16280K)
[2023-08-11T23:33:19.824+0000][gc            ] GC(627) Pause Young (Prepare Mixed) (G1 Evacuation Pause) 881M->322M(1024M) 13.253ms
[2023-08-11T23:33:19.824+0000][gc,cpu        ] GC(627) User=0.10s Sys=0.00s Real=0.01s
[2023-08-11T23:33:24.453+0000][gc,start      ] GC(628) Pause Young (Mixed) (G1 Evacuation Pause)
[2023-08-11T23:33:24.453+0000][gc,task       ] GC(628) Using 8 workers of 8 for evacuation
[2023-08-11T23:33:24.466+0000][gc,phases     ] GC(628)   Pre Evacuate Collection Set: 0.1ms
[2023-08-11T23:33:24.466+0000][gc,phases     ] GC(628)   Evacuate Collection Set: 11.3ms
[2023-08-11T23:33:24.466+0000][gc,phases     ] GC(628)   Post Evacuate Collection Set: 0.6ms
[2023-08-11T23:33:24.466+0000][gc,phases     ] GC(628)   Other: 0.4ms
[2023-08-11T23:33:24.466+0000][gc,heap       ] GC(628) Eden regions: 35->0(573)
[2023-08-11T23:33:24.466+0000][gc,heap       ] GC(628) Survivor regions: 16->3(7)
[2023-08-11T23:33:24.466+0000][gc,heap       ] GC(628) Old regions: 159->159
[2023-08-11T23:33:24.466+0000][gc,heap       ] GC(628) Humongous regions: 149->149
[2023-08-11T23:33:24.466+0000][gc,metaspace  ] GC(628) Metaspace: 119180K(125028K)->119180K(125028K) NonClass: 105302K(108748K)->105302K(108748K) Class: 13877K(16280K)->13877K(16280K)
[2023-08-11T23:33:24.466+0000][gc            ] GC(628) Pause Young (Mixed) (G1 Evacuation Pause) 357M->310M(1024M) 12.472ms
[2023-08-11T23:33:24.466+0000][gc,cpu        ] GC(628) User=0.09s Sys=0.00s Real=0.01s
[2023-08-11T23:35:53.405+0000][gc,start      ] GC(629) Pause Young (Concurrent Start) (G1 Evacuation Pause)
[2023-08-11T23:35:53.405+0000][gc,task       ] GC(629) Using 8 workers of 8 for evacuation
[2023-08-11T23:35:53.415+0000][gc,phases     ] GC(629)   Pre Evacuate Collection Set: 0.5ms
[2023-08-11T23:35:53.415+0000][gc,phases     ] GC(629)   Evacuate Collection Set: 8.6ms
[2023-08-11T23:35:53.415+0000][gc,phases     ] GC(629)   Post Evacuate Collection Set: 0.7ms
[2023-08-11T23:35:53.415+0000][gc,phases     ] GC(629)   Other: 0.4ms
[2023-08-11T23:35:53.415+0000][gc,heap       ] GC(629) Eden regions: 573->0(570)
[2023-08-11T23:35:53.415+0000][gc,heap       ] GC(629) Survivor regions: 3->9(72)
[2023-08-11T23:35:53.415+0000][gc,heap       ] GC(629) Old regions: 159->159
[2023-08-11T23:35:53.415+0000][gc,heap       ] GC(629) Humongous regions: 149->149
[2023-08-11T23:35:53.415+0000][gc,metaspace  ] GC(629) Metaspace: 119180K(125028K)->119180K(125028K) NonClass: 105302K(108748K)->105302K(108748K) Class: 13877K(16280K)->13877K(16280K)
[2023-08-11T23:35:53.415+0000][gc            ] GC(629) Pause Young (Concurrent Start) (G1 Evacuation Pause) 883M->316M(1024M) 10.294ms
[2023-08-11T23:35:53.415+0000][gc,cpu        ] GC(629) User=0.07s Sys=0.00s Real=0.01s
[2023-08-11T23:35:53.415+0000][gc            ] GC(630) Concurrent Cycle
[2023-08-11T23:35:53.415+0000][gc,marking    ] GC(630) Concurrent Clear Claimed Marks
[2023-08-11T23:35:53.416+0000][gc,marking    ] GC(630) Concurrent Clear Claimed Marks 0.311ms
[2023-08-11T23:35:53.416+0000][gc,marking    ] GC(630) Concurrent Scan Root Regions
[2023-08-11T23:35:53.421+0000][gc,marking    ] GC(630) Concurrent Scan Root Regions 5.069ms
[2023-08-11T23:35:53.421+0000][gc,marking    ] GC(630) Concurrent Mark (46444.722s)
[2023-08-11T23:35:53.421+0000][gc,marking    ] GC(630) Concurrent Mark From Roots
[2023-08-11T23:35:53.421+0000][gc,task       ] GC(630) Using 2 workers of 2 for marking
[2023-08-11T23:35:53.487+0000][gc,marking    ] GC(630) Concurrent Mark From Roots 66.091ms
[2023-08-11T23:35:53.487+0000][gc,marking    ] GC(630) Concurrent Preclean
[2023-08-11T23:35:53.487+0000][gc,marking    ] GC(630) Concurrent Preclean 0.369ms
[2023-08-11T23:35:53.487+0000][gc,marking    ] GC(630) Concurrent Mark (46444.722s, 46444.789s) 66.531ms
[2023-08-11T23:35:53.488+0000][gc,start      ] GC(630) Pause Remark
[2023-08-11T23:35:53.497+0000][gc,stringtable] GC(630) Cleaned string and symbol table, strings: 45123 processed, 0 removed, symbols: 280311 processed, 0 removed
[2023-08-11T23:35:53.497+0000][gc            ] GC(630) Pause Remark 317M->317M(1024M) 9.645ms
[2023-08-11T23:35:53.497+0000][gc,cpu        ] GC(630) User=0.07s Sys=0.00s Real=0.01s
[2023-08-11T23:35:53.497+0000][gc,marking    ] GC(630) Concurrent Rebuild Remembered Sets
[2023-08-11T23:35:53.541+0000][gc,marking    ] GC(630) Concurrent Rebuild Remembered Sets 43.758ms
[2023-08-11T23:35:53.541+0000][gc,start      ] GC(630) Pause Cleanup
[2023-08-11T23:35:53.542+0000][gc            ] GC(630) Pause Cleanup 320M->320M(1024M) 0.253ms
[2023-08-11T23:35:53.542+0000][gc,cpu        ] GC(630) User=0.00s Sys=0.00s Real=0.00s
[2023-08-11T23:35:53.542+0000][gc,marking    ] GC(630) Concurrent Cleanup for Next Mark
[2023-08-11T23:35:53.543+0000][gc,marking    ] GC(630) Concurrent Cleanup for Next Mark 1.367ms
[2023-08-11T23:35:53.543+0000][gc            ] GC(630) Concurrent Cycle 127.682ms
[2023-08-11T23:38:02.853+0000][gc,start      ] GC(631) Pause Young (Prepare Mixed) (G1 Evacuation Pause)
[2023-08-11T23:38:02.853+0000][gc,task       ] GC(631) Using 8 workers of 8 for evacuation
[2023-08-11T23:38:02.865+0000][gc,phases     ] GC(631)   Pre Evacuate Collection Set: 0.0ms
[2023-08-11T23:38:02.865+0000][gc,phases     ] GC(631)   Evacuate Collection Set: 10.8ms
[2023-08-11T23:38:02.865+0000][gc,phases     ] GC(631)   Post Evacuate Collection Set: 0.7ms
[2023-08-11T23:38:02.865+0000][gc,phases     ] GC(631)   Other: 0.4ms
[2023-08-11T23:38:02.865+0000][gc,heap       ] GC(631) Eden regions: 570->0(36)
[2023-08-11T23:38:02.865+0000][gc,heap       ] GC(631) Survivor regions: 9->15(73)
[2023-08-11T23:38:02.865+0000][gc,heap       ] GC(631) Old regions: 158->158
[2023-08-11T23:38:02.865+0000][gc,heap       ] GC(631) Humongous regions: 149->149
[2023-08-11T23:38:02.865+0000][gc,metaspace  ] GC(631) Metaspace: 119180K(125028K)->119180K(125028K) NonClass: 105302K(108748K)->105302K(108748K) Class: 13877K(16280K)->13877K(16280K)
[2023-08-11T23:38:02.865+0000][gc            ] GC(631) Pause Young (Prepare Mixed) (G1 Evacuation Pause) 885M->321M(1024M) 12.001ms
[2023-08-11T23:38:02.865+0000][gc,cpu        ] GC(631) User=0.09s Sys=0.00s Real=0.01s
[2023-08-11T23:38:14.564+0000][gc,start      ] GC(632) Pause Young (Mixed) (G1 Evacuation Pause)
[2023-08-11T23:38:14.564+0000][gc,task       ] GC(632) Using 8 workers of 8 for evacuation
[2023-08-11T23:38:14.575+0000][gc,phases     ] GC(632)   Pre Evacuate Collection Set: 0.1ms
[2023-08-11T23:38:14.575+0000][gc,phases     ] GC(632)   Evacuate Collection Set: 10.3ms
[2023-08-11T23:38:14.575+0000][gc,phases     ] GC(632)   Post Evacuate Collection Set: 0.6ms
[2023-08-11T23:38:14.575+0000][gc,phases     ] GC(632)   Other: 0.4ms
[2023-08-11T23:38:14.575+0000][gc,heap       ] GC(632) Eden regions: 36->0(578)
[2023-08-11T23:38:14.575+0000][gc,heap       ] GC(632) Survivor regions: 15->3(7)
[2023-08-11T23:38:14.575+0000][gc,heap       ] GC(632) Old regions: 158->157
[2023-08-11T23:38:14.575+0000][gc,heap       ] GC(632) Humongous regions: 149->149
[2023-08-11T23:38:14.575+0000][gc,metaspace  ] GC(632) Metaspace: 119180K(125028K)->119180K(125028K) NonClass: 105302K(108748K)->105302K(108748K) Class: 13877K(16280K)->13877K(16280K)
[2023-08-11T23:38:14.575+0000][gc            ] GC(632) Pause Young (Mixed) (G1 Evacuation Pause) 357M->308M(1024M) 11.426ms
[2023-08-11T23:38:14.576+0000][gc,cpu        ] GC(632) User=0.08s Sys=0.01s Real=0.01s
[2023-08-11T23:40:37.155+0000][gc,start      ] GC(633) Pause Young (Concurrent Start) (G1 Evacuation Pause)
[2023-08-11T23:40:37.155+0000][gc,task       ] GC(633) Using 8 workers of 8 for evacuation
[2023-08-11T23:40:37.165+0000][gc,phases     ] GC(633)   Pre Evacuate Collection Set: 0.5ms
[2023-08-11T23:40:37.165+0000][gc,phases     ] GC(633)   Evacuate Collection Set: 8.9ms
[2023-08-11T23:40:37.165+0000][gc,phases     ] GC(633)   Post Evacuate Collection Set: 0.7ms
[2023-08-11T23:40:37.165+0000][gc,phases     ] GC(633)   Other: 0.4ms
[2023-08-11T23:40:37.165+0000][gc,heap       ] GC(633) Eden regions: 578->0(573)
[2023-08-11T23:40:37.165+0000][gc,heap       ] GC(633) Survivor regions: 3->10(73)
[2023-08-11T23:40:37.165+0000][gc,heap       ] GC(633) Old regions: 157->157
[2023-08-11T23:40:37.165+0000][gc,heap       ] GC(633) Humongous regions: 149->149
[2023-08-11T23:40:37.165+0000][gc,metaspace  ] GC(633) Metaspace: 119180K(125028K)->119180K(125028K) NonClass: 105303K(108748K)->105303K(108748K) Class: 13877K(16280K)->13877K(16280K)
[2023-08-11T23:40:37.165+0000][gc            ] GC(633) Pause Young (Concurrent Start) (G1 Evacuation Pause) 886M->315M(1024M) 10.565ms
[2023-08-11T23:40:37.165+0000][gc,cpu        ] GC(633) User=0.07s Sys=0.00s Real=0.01s
[2023-08-11T23:40:37.165+0000][gc            ] GC(634) Concurrent Cycle
[2023-08-11T23:40:37.165+0000][gc,marking    ] GC(634) Concurrent Clear Claimed Marks
[2023-08-11T23:40:37.166+0000][gc,marking    ] GC(634) Concurrent Clear Claimed Marks 0.220ms
[2023-08-11T23:40:37.166+0000][gc,marking    ] GC(634) Concurrent Scan Root Regions
[2023-08-11T23:40:37.171+0000][gc,marking    ] GC(634) Concurrent Scan Root Regions 5.119ms
[2023-08-11T23:40:37.171+0000][gc,marking    ] GC(634) Concurrent Mark (46728.472s)
[2023-08-11T23:40:37.171+0000][gc,marking    ] GC(634) Concurrent Mark From Roots
[2023-08-11T23:40:37.171+0000][gc,task       ] GC(634) Using 2 workers of 2 for marking
[2023-08-11T23:40:37.249+0000][gc,marking    ] GC(634) Concurrent Mark From Roots 78.316ms
[2023-08-11T23:40:37.249+0000][gc,marking    ] GC(634) Concurrent Preclean
[2023-08-11T23:40:37.250+0000][gc,marking    ] GC(634) Concurrent Preclean 0.356ms
[2023-08-11T23:40:37.250+0000][gc,marking    ] GC(634) Concurrent Mark (46728.472s, 46728.551s) 78.741ms
[2023-08-11T23:40:37.250+0000][gc,start      ] GC(634) Pause Remark
[2023-08-11T23:40:37.260+0000][gc,stringtable] GC(634) Cleaned string and symbol table, strings: 45123 processed, 0 removed, symbols: 280311 processed, 0 removed
[2023-08-11T23:40:37.260+0000][gc            ] GC(634) Pause Remark 317M->317M(1024M) 10.349ms
[2023-08-11T23:40:37.260+0000][gc,cpu        ] GC(634) User=0.07s Sys=0.00s Real=0.02s
[2023-08-11T23:40:37.260+0000][gc,marking    ] GC(634) Concurrent Rebuild Remembered Sets
[2023-08-11T23:40:37.303+0000][gc,marking    ] GC(634) Concurrent Rebuild Remembered Sets 42.337ms
[2023-08-11T23:40:37.303+0000][gc,start      ] GC(634) Pause Cleanup
[2023-08-11T23:40:37.303+0000][gc            ] GC(634) Pause Cleanup 317M->317M(1024M) 0.260ms
[2023-08-11T23:40:37.303+0000][gc,cpu        ] GC(634) User=0.00s Sys=0.00s Real=0.00s
[2023-08-11T23:40:37.303+0000][gc,marking    ] GC(634) Concurrent Cleanup for Next Mark
[2023-08-11T23:40:37.304+0000][gc,marking    ] GC(634) Concurrent Cleanup for Next Mark 1.358ms
[2023-08-11T23:40:37.304+0000][gc            ] GC(634) Concurrent Cycle 139.148ms
[2023-08-11T23:42:54.464+0000][gc,start      ] GC(635) Pause Young (Prepare Mixed) (G1 Evacuation Pause)
[2023-08-11T23:42:54.464+0000][gc,task       ] GC(635) Using 8 workers of 8 for evacuation
[2023-08-11T23:42:54.481+0000][gc,phases     ] GC(635)   Pre Evacuate Collection Set: 0.0ms
[2023-08-11T23:42:54.481+0000][gc,phases     ] GC(635)   Evacuate Collection Set: 15.7ms
[2023-08-11T23:42:54.481+0000][gc,phases     ] GC(635)   Post Evacuate Collection Set: 0.7ms
[2023-08-11T23:42:54.481+0000][gc,phases     ] GC(635)   Other: 0.5ms
[2023-08-11T23:42:54.481+0000][gc,heap       ] GC(635) Eden regions: 573->0(26)
[2023-08-11T23:42:54.481+0000][gc,heap       ] GC(635) Survivor regions: 10->25(73)
[2023-08-11T23:42:54.481+0000][gc,heap       ] GC(635) Old regions: 157->157
[2023-08-11T23:42:54.481+0000][gc,heap       ] GC(635) Humongous regions: 149->149
[2023-08-11T23:42:54.481+0000][gc,metaspace  ] GC(635) Metaspace: 119182K(125028K)->119182K(125028K) NonClass: 105305K(108748K)->105305K(108748K) Class: 13877K(16280K)->13877K(16280K)
[2023-08-11T23:42:54.481+0000][gc            ] GC(635) Pause Young (Prepare Mixed) (G1 Evacuation Pause) 888M->330M(1024M) 17.026ms
[2023-08-11T23:42:54.481+0000][gc,cpu        ] GC(635) User=0.13s Sys=0.00s Real=0.02s
[2023-08-11T23:42:59.558+0000][gc,start      ] GC(636) Pause Young (Mixed) (G1 Evacuation Pause)
[2023-08-11T23:42:59.558+0000][gc,task       ] GC(636) Using 8 workers of 8 for evacuation
[2023-08-11T23:42:59.576+0000][gc,phases     ] GC(636)   Pre Evacuate Collection Set: 0.1ms
[2023-08-11T23:42:59.576+0000][gc,phases     ] GC(636)   Evacuate Collection Set: 16.9ms
[2023-08-11T23:42:59.576+0000][gc,phases     ] GC(636)   Post Evacuate Collection Set: 0.7ms
[2023-08-11T23:42:59.576+0000][gc,phases     ] GC(636)   Other: 0.5ms
[2023-08-11T23:42:59.576+0000][gc,heap       ] GC(636) Eden regions: 26->0(562)
[2023-08-11T23:42:59.576+0000][gc,heap       ] GC(636) Survivor regions: 25->4(7)
[2023-08-11T23:42:59.576+0000][gc,heap       ] GC(636) Old regions: 157->166
[2023-08-11T23:42:59.576+0000][gc,heap       ] GC(636) Humongous regions: 149->149
[2023-08-11T23:42:59.576+0000][gc,metaspace  ] GC(636) Metaspace: 119182K(125028K)->119182K(125028K) NonClass: 105305K(108748K)->105305K(108748K) Class: 13877K(16280K)->13877K(16280K)
[2023-08-11T23:42:59.576+0000][gc            ] GC(636) Pause Young (Mixed) (G1 Evacuation Pause) 356M->318M(1024M) 18.326ms
[2023-08-11T23:42:59.577+0000][gc,cpu        ] GC(636) User=0.12s Sys=0.00s Real=0.02s
[2023-08-11T23:45:25.013+0000][gc,start      ] GC(637) Pause Young (Normal) (G1 Evacuation Pause)
[2023-08-11T23:45:25.013+0000][gc,task       ] GC(637) Using 8 workers of 8 for evacuation
[2023-08-11T23:45:25.028+0000][gc,phases     ] GC(637)   Pre Evacuate Collection Set: 0.0ms
[2023-08-11T23:45:25.028+0000][gc,phases     ] GC(637)   Evacuate Collection Set: 13.5ms
[2023-08-11T23:45:25.028+0000][gc,phases     ] GC(637)   Post Evacuate Collection Set: 0.9ms
[2023-08-11T23:45:25.028+0000][gc,phases     ] GC(637)   Other: 0.4ms
[2023-08-11T23:45:25.028+0000][gc,heap       ] GC(637) Eden regions: 562->0(555)
[2023-08-11T23:45:25.028+0000][gc,heap       ] GC(637) Survivor regions: 4->12(71)
[2023-08-11T23:45:25.028+0000][gc,heap       ] GC(637) Old regions: 166->166
[2023-08-11T23:45:25.028+0000][gc,heap       ] GC(637) Humongous regions: 149->149
[2023-08-11T23:45:25.028+0000][gc,metaspace  ] GC(637) Metaspace: 119183K(125028K)->119183K(125028K) NonClass: 105305K(108748K)->105305K(108748K) Class: 13877K(16280K)->13877K(16280K)
[2023-08-11T23:45:25.028+0000][gc            ] GC(637) Pause Young (Normal) (G1 Evacuation Pause) 880M->326M(1024M) 14.967ms
[2023-08-11T23:45:25.028+0000][gc,cpu        ] GC(637) User=0.09s Sys=0.00s Real=0.01s
[2023-08-11T23:47:49.557+0000][gc,start      ] GC(638) Pause Young (Concurrent Start) (G1 Evacuation Pause)
[2023-08-11T23:47:49.557+0000][gc,task       ] GC(638) Using 8 workers of 8 for evacuation
[2023-08-11T23:47:49.572+0000][gc,phases     ] GC(638)   Pre Evacuate Collection Set: 0.5ms
[2023-08-11T23:47:49.572+0000][gc,phases     ] GC(638)   Evacuate Collection Set: 13.9ms
[2023-08-11T23:47:49.572+0000][gc,phases     ] GC(638)   Post Evacuate Collection Set: 0.7ms
[2023-08-11T23:47:49.572+0000][gc,phases     ] GC(638)   Other: 0.4ms
[2023-08-11T23:47:49.572+0000][gc,heap       ] GC(638) Eden regions: 555->0(523)
[2023-08-11T23:47:49.572+0000][gc,heap       ] GC(638) Survivor regions: 12->20(71)
[2023-08-11T23:47:49.572+0000][gc,heap       ] GC(638) Old regions: 166->166
[2023-08-11T23:47:49.572+0000][gc,heap       ] GC(638) Humongous regions: 149->149
[2023-08-11T23:47:49.572+0000][gc,metaspace  ] GC(638) Metaspace: 119183K(125028K)->119183K(125028K) NonClass: 105305K(108748K)->105305K(108748K) Class: 13877K(16280K)->13877K(16280K)
[2023-08-11T23:47:49.572+0000][gc            ] GC(638) Pause Young (Concurrent Start) (G1 Evacuation Pause) 881M->333M(1024M) 15.490ms
[2023-08-11T23:47:49.572+0000][gc,cpu        ] GC(638) User=0.11s Sys=0.00s Real=0.02s
[2023-08-11T23:47:49.572+0000][gc            ] GC(639) Concurrent Cycle
[2023-08-11T23:47:49.572+0000][gc,marking    ] GC(639) Concurrent Clear Claimed Marks
[2023-08-11T23:47:49.573+0000][gc,marking    ] GC(639) Concurrent Clear Claimed Marks 0.272ms
[2023-08-11T23:47:49.573+0000][gc,marking    ] GC(639) Concurrent Scan Root Regions
[2023-08-11T23:47:49.581+0000][gc,marking    ] GC(639) Concurrent Scan Root Regions 8.744ms
[2023-08-11T23:47:49.582+0000][gc,marking    ] GC(639) Concurrent Mark (47160.883s)
[2023-08-11T23:47:49.582+0000][gc,marking    ] GC(639) Concurrent Mark From Roots
[2023-08-11T23:47:49.582+0000][gc,task       ] GC(639) Using 2 workers of 2 for marking
[2023-08-11T23:47:49.644+0000][gc,marking    ] GC(639) Concurrent Mark From Roots 62.339ms
[2023-08-11T23:47:49.644+0000][gc,marking    ] GC(639) Concurrent Preclean
[2023-08-11T23:47:49.644+0000][gc,marking    ] GC(639) Concurrent Preclean 0.343ms
[2023-08-11T23:47:49.644+0000][gc,marking    ] GC(639) Concurrent Mark (47160.883s, 47160.946s) 62.751ms
[2023-08-11T23:47:49.644+0000][gc,start      ] GC(639) Pause Remark
[2023-08-11T23:47:49.654+0000][gc,stringtable] GC(639) Cleaned string and symbol table, strings: 45131 processed, 0 removed, symbols: 280311 processed, 0 removed
[2023-08-11T23:47:49.654+0000][gc            ] GC(639) Pause Remark 336M->336M(1024M) 9.542ms
[2023-08-11T23:47:49.654+0000][gc,cpu        ] GC(639) User=0.07s Sys=0.00s Real=0.01s
[2023-08-11T23:47:49.654+0000][gc,marking    ] GC(639) Concurrent Rebuild Remembered Sets
[2023-08-11T23:47:49.694+0000][gc,marking    ] GC(639) Concurrent Rebuild Remembered Sets 39.890ms
[2023-08-11T23:47:49.694+0000][gc,start      ] GC(639) Pause Cleanup
[2023-08-11T23:47:49.694+0000][gc            ] GC(639) Pause Cleanup 336M->336M(1024M) 0.230ms
[2023-08-11T23:47:49.694+0000][gc,cpu        ] GC(639) User=0.00s Sys=0.00s Real=0.00s
[2023-08-11T23:47:49.695+0000][gc,marking    ] GC(639) Concurrent Cleanup for Next Mark
[2023-08-11T23:47:49.696+0000][gc,marking    ] GC(639) Concurrent Cleanup for Next Mark 1.366ms
[2023-08-11T23:47:49.696+0000][gc            ] GC(639) Concurrent Cycle 123.680ms
[2023-08-11T23:49:54.386+0000][gc,start      ] GC(640) Pause Young (Prepare Mixed) (G1 Evacuation Pause)
[2023-08-11T23:49:54.386+0000][gc,task       ] GC(640) Using 8 workers of 8 for evacuation
[2023-08-11T23:49:54.403+0000][gc,phases     ] GC(640)   Pre Evacuate Collection Set: 0.0ms
[2023-08-11T23:49:54.403+0000][gc,phases     ] GC(640)   Evacuate Collection Set: 15.5ms
[2023-08-11T23:49:54.403+0000][gc,phases     ] GC(640)   Post Evacuate Collection Set: 0.8ms
[2023-08-11T23:49:54.403+0000][gc,phases     ] GC(640)   Other: 0.4ms
[2023-08-11T23:49:54.403+0000][gc,heap       ] GC(640) Eden regions: 523->0(26)
[2023-08-11T23:49:54.403+0000][gc,heap       ] GC(640) Survivor regions: 20->25(68)
[2023-08-11T23:49:54.403+0000][gc,heap       ] GC(640) Old regions: 166->166
[2023-08-11T23:49:54.403+0000][gc,heap       ] GC(640) Humongous regions: 149->149
[2023-08-11T23:49:54.403+0000][gc,metaspace  ] GC(640) Metaspace: 119187K(125028K)->119187K(125028K) NonClass: 105309K(108748K)->105309K(108748K) Class: 13877K(16280K)->13877K(16280K)
[2023-08-11T23:49:54.403+0000][gc            ] GC(640) Pause Young (Prepare Mixed) (G1 Evacuation Pause) 856M->338M(1024M) 16.829ms
[2023-08-11T23:49:54.403+0000][gc,cpu        ] GC(640) User=0.12s Sys=0.00s Real=0.02s
[2023-08-11T23:49:55.200+0000][gc,start      ] GC(641) Pause Young (Mixed) (G1 Evacuation Pause)
[2023-08-11T23:49:55.200+0000][gc,task       ] GC(641) Using 8 workers of 8 for evacuation
[2023-08-11T23:49:55.215+0000][gc,phases     ] GC(641)   Pre Evacuate Collection Set: 0.1ms
[2023-08-11T23:49:55.215+0000][gc,phases     ] GC(641)   Evacuate Collection Set: 14.3ms
[2023-08-11T23:49:55.215+0000][gc,phases     ] GC(641)   Post Evacuate Collection Set: 0.6ms
[2023-08-11T23:49:55.215+0000][gc,phases     ] GC(641)   Other: 0.4ms
[2023-08-11T23:49:55.215+0000][gc,heap       ] GC(641) Eden regions: 26->0(565)
[2023-08-11T23:49:55.215+0000][gc,heap       ] GC(641) Survivor regions: 25->4(7)
[2023-08-11T23:49:55.215+0000][gc,heap       ] GC(641) Old regions: 166->166
[2023-08-11T23:49:55.215+0000][gc,heap       ] GC(641) Humongous regions: 149->149
[2023-08-11T23:49:55.215+0000][gc,metaspace  ] GC(641) Metaspace: 119187K(125028K)->119187K(125028K) NonClass: 105309K(108748K)->105309K(108748K) Class: 13877K(16280K)->13877K(16280K)
[2023-08-11T23:49:55.215+0000][gc            ] GC(641) Pause Young (Mixed) (G1 Evacuation Pause) 364M->318M(1024M) 15.494ms
[2023-08-11T23:49:55.215+0000][gc,cpu        ] GC(641) User=0.11s Sys=0.00s Real=0.01s
[2023-08-11T23:52:24.313+0000][gc,start      ] GC(642) Pause Young (Normal) (G1 Evacuation Pause)
[2023-08-11T23:52:24.313+0000][gc,task       ] GC(642) Using 8 workers of 8 for evacuation
[2023-08-11T23:52:24.322+0000][gc,phases     ] GC(642)   Pre Evacuate Collection Set: 0.0ms
[2023-08-11T23:52:24.322+0000][gc,phases     ] GC(642)   Evacuate Collection Set: 7.9ms
[2023-08-11T23:52:24.322+0000][gc,phases     ] GC(642)   Post Evacuate Collection Set: 0.7ms
[2023-08-11T23:52:24.322+0000][gc,phases     ] GC(642)   Other: 0.4ms
[2023-08-11T23:52:24.322+0000][gc,heap       ] GC(642) Eden regions: 565->0(562)
[2023-08-11T23:52:24.322+0000][gc,heap       ] GC(642) Survivor regions: 4->10(72)
[2023-08-11T23:52:24.322+0000][gc,heap       ] GC(642) Old regions: 166->166
[2023-08-11T23:52:24.322+0000][gc,heap       ] GC(642) Humongous regions: 149->149
[2023-08-11T23:52:24.322+0000][gc,metaspace  ] GC(642) Metaspace: 119187K(125028K)->119187K(125028K) NonClass: 105309K(108748K)->105309K(108748K) Class: 13877K(16280K)->13877K(16280K)
[2023-08-11T23:52:24.322+0000][gc            ] GC(642) Pause Young (Normal) (G1 Evacuation Pause) 883M->324M(1024M) 9.055ms
[2023-08-11T23:52:24.322+0000][gc,cpu        ] GC(642) User=0.07s Sys=0.00s Real=0.01s
[2023-08-11T23:54:37.029+0000][gc,start      ] GC(643) Pause Young (Normal) (G1 Evacuation Pause)
[2023-08-11T23:54:37.029+0000][gc,task       ] GC(643) Using 8 workers of 8 for evacuation
[2023-08-11T23:54:37.043+0000][gc,phases     ] GC(643)   Pre Evacuate Collection Set: 0.0ms
[2023-08-11T23:54:37.043+0000][gc,phases     ] GC(643)   Evacuate Collection Set: 12.9ms
[2023-08-11T23:54:37.043+0000][gc,phases     ] GC(643)   Post Evacuate Collection Set: 0.7ms
[2023-08-11T23:54:37.043+0000][gc,phases     ] GC(643)   Other: 0.4ms
[2023-08-11T23:54:37.043+0000][gc,heap       ] GC(643) Eden regions: 562->0(558)
[2023-08-11T23:54:37.043+0000][gc,heap       ] GC(643) Survivor regions: 10->16(72)
[2023-08-11T23:54:37.043+0000][gc,heap       ] GC(643) Old regions: 166->166
[2023-08-11T23:54:37.043+0000][gc,heap       ] GC(643) Humongous regions: 149->149
[2023-08-11T23:54:37.043+0000][gc,metaspace  ] GC(643) Metaspace: 119187K(125028K)->119187K(125028K) NonClass: 105309K(108748K)->105309K(108748K) Class: 13877K(16280K)->13877K(16280K)
[2023-08-11T23:54:37.043+0000][gc            ] GC(643) Pause Young (Normal) (G1 Evacuation Pause) 886M->329M(1024M) 14.142ms
[2023-08-11T23:54:37.043+0000][gc,cpu        ] GC(643) User=0.08s Sys=0.00s Real=0.02s
[2023-08-11T23:57:04.555+0000][gc,start      ] GC(644) Pause Young (Concurrent Start) (G1 Evacuation Pause)
[2023-08-11T23:57:04.555+0000][gc,task       ] GC(644) Using 8 workers of 8 for evacuation
[2023-08-11T23:57:04.571+0000][gc,phases     ] GC(644)   Pre Evacuate Collection Set: 0.5ms
[2023-08-11T23:57:04.571+0000][gc,phases     ] GC(644)   Evacuate Collection Set: 13.9ms
[2023-08-11T23:57:04.571+0000][gc,phases     ] GC(644)   Post Evacuate Collection Set: 0.7ms
[2023-08-11T23:57:04.571+0000][gc,phases     ] GC(644)   Other: 0.5ms
[2023-08-11T23:57:04.571+0000][gc,heap       ] GC(644) Eden regions: 558->0(532)
[2023-08-11T23:57:04.571+0000][gc,heap       ] GC(644) Survivor regions: 16->23(72)
[2023-08-11T23:57:04.571+0000][gc,heap       ] GC(644) Old regions: 166->166
[2023-08-11T23:57:04.571+0000][gc,heap       ] GC(644) Humongous regions: 149->149
[2023-08-11T23:57:04.571+0000][gc,metaspace  ] GC(644) Metaspace: 119213K(125028K)->119213K(125028K) NonClass: 105335K(108748K)->105335K(108748K) Class: 13877K(16280K)->13877K(16280K)
[2023-08-11T23:57:04.571+0000][gc            ] GC(644) Pause Young (Concurrent Start) (G1 Evacuation Pause) 887M->337M(1024M) 15.659ms
[2023-08-11T23:57:04.571+0000][gc,cpu        ] GC(644) User=0.11s Sys=0.00s Real=0.02s
[2023-08-11T23:57:04.571+0000][gc            ] GC(645) Concurrent Cycle
[2023-08-11T23:57:04.571+0000][gc,marking    ] GC(645) Concurrent Clear Claimed Marks
[2023-08-11T23:57:04.572+0000][gc,marking    ] GC(645) Concurrent Clear Claimed Marks 0.475ms
[2023-08-11T23:57:04.572+0000][gc,marking    ] GC(645) Concurrent Scan Root Regions
[2023-08-11T23:57:04.580+0000][gc,marking    ] GC(645) Concurrent Scan Root Regions 8.782ms
[2023-08-11T23:57:04.580+0000][gc,marking    ] GC(645) Concurrent Mark (47715.882s)
[2023-08-11T23:57:04.580+0000][gc,marking    ] GC(645) Concurrent Mark From Roots
[2023-08-11T23:57:04.580+0000][gc,task       ] GC(645) Using 2 workers of 2 for marking
[2023-08-11T23:57:04.654+0000][gc,marking    ] GC(645) Concurrent Mark From Roots 73.894ms
[2023-08-11T23:57:04.654+0000][gc,marking    ] GC(645) Concurrent Preclean
[2023-08-11T23:57:04.655+0000][gc,marking    ] GC(645) Concurrent Preclean 0.412ms
[2023-08-11T23:57:04.655+0000][gc,marking    ] GC(645) Concurrent Mark (47715.882s, 47715.956s) 74.407ms
[2023-08-11T23:57:04.655+0000][gc,start      ] GC(645) Pause Remark
[2023-08-11T23:57:04.665+0000][gc,stringtable] GC(645) Cleaned string and symbol table, strings: 45131 processed, 0 removed, symbols: 280311 processed, 0 removed
[2023-08-11T23:57:04.666+0000][gc            ] GC(645) Pause Remark 339M->339M(1024M) 10.628ms
[2023-08-11T23:57:04.666+0000][gc,cpu        ] GC(645) User=0.07s Sys=0.00s Real=0.01s
[2023-08-11T23:57:04.666+0000][gc,marking    ] GC(645) Concurrent Rebuild Remembered Sets
[2023-08-11T23:57:04.707+0000][gc,marking    ] GC(645) Concurrent Rebuild Remembered Sets 41.265ms
[2023-08-11T23:57:04.707+0000][gc,start      ] GC(645) Pause Cleanup
[2023-08-11T23:57:04.708+0000][gc            ] GC(645) Pause Cleanup 339M->339M(1024M) 0.255ms
[2023-08-11T23:57:04.708+0000][gc,cpu        ] GC(645) User=0.00s Sys=0.00s Real=0.00s
[2023-08-11T23:57:04.708+0000][gc,marking    ] GC(645) Concurrent Cleanup for Next Mark
[2023-08-11T23:57:04.709+0000][gc,marking    ] GC(645) Concurrent Cleanup for Next Mark 1.356ms
[2023-08-11T23:57:04.709+0000][gc            ] GC(645) Concurrent Cycle 138.075ms
[2023-08-11T23:58:43.942+0000][gc,start      ] GC(646) Pause Young (Prepare Mixed) (G1 Evacuation Pause)
[2023-08-11T23:58:43.942+0000][gc,task       ] GC(646) Using 8 workers of 8 for evacuation
[2023-08-11T23:58:43.958+0000][gc,phases     ] GC(646)   Pre Evacuate Collection Set: 0.0ms
[2023-08-11T23:58:43.958+0000][gc,phases     ] GC(646)   Evacuate Collection Set: 15.3ms
[2023-08-11T23:58:43.958+0000][gc,phases     ] GC(646)   Post Evacuate Collection Set: 0.7ms
[2023-08-11T23:58:43.958+0000][gc,phases     ] GC(646)   Other: 0.4ms
[2023-08-11T23:58:43.958+0000][gc,heap       ] GC(646) Eden regions: 403->0(23)
[2023-08-11T23:58:43.958+0000][gc,heap       ] GC(646) Survivor regions: 23->28(54)
[2023-08-11T23:58:43.958+0000][gc,heap       ] GC(646) Old regions: 166->166
[2023-08-11T23:58:43.958+0000][gc,heap       ] GC(646) Humongous regions: 149->149
[2023-08-11T23:58:43.958+0000][gc,metaspace  ] GC(646) Metaspace: 119214K(125028K)->119214K(125028K) NonClass: 105336K(108748K)->105336K(108748K) Class: 13877K(16280K)->13877K(16280K)
[2023-08-11T23:58:43.958+0000][gc            ] GC(646) Pause Young (Prepare Mixed) (G1 Evacuation Pause) 740M->341M(1024M) 16.558ms
[2023-08-11T23:58:43.958+0000][gc,cpu        ] GC(646) User=0.12s Sys=0.00s Real=0.01s
[2023-08-11T23:58:53.945+0000][gc,start      ] GC(647) Pause Young (Mixed) (G1 Evacuation Pause)
[2023-08-11T23:58:53.945+0000][gc,task       ] GC(647) Using 8 workers of 8 for evacuation
[2023-08-11T23:58:53.962+0000][gc,phases     ] GC(647)   Pre Evacuate Collection Set: 0.1ms
[2023-08-11T23:58:53.962+0000][gc,phases     ] GC(647)   Evacuate Collection Set: 15.4ms
[2023-08-11T23:58:53.962+0000][gc,phases     ] GC(647)   Post Evacuate Collection Set: 0.6ms
[2023-08-11T23:58:53.962+0000][gc,phases     ] GC(647)   Other: 0.4ms
[2023-08-11T23:58:53.962+0000][gc,heap       ] GC(647) Eden regions: 23->0(565)
[2023-08-11T23:58:53.962+0000][gc,heap       ] GC(647) Survivor regions: 28->4(7)
[2023-08-11T23:58:53.962+0000][gc,heap       ] GC(647) Old regions: 166->167
[2023-08-11T23:58:53.962+0000][gc,heap       ] GC(647) Humongous regions: 149->149
[2023-08-11T23:58:53.962+0000][gc,metaspace  ] GC(647) Metaspace: 119214K(125028K)->119214K(125028K) NonClass: 105336K(108748K)->105336K(108748K) Class: 13877K(16280K)->13877K(16280K)
[2023-08-11T23:58:53.962+0000][gc            ] GC(647) Pause Young (Mixed) (G1 Evacuation Pause) 364M->319M(1024M) 16.502ms
[2023-08-11T23:58:53.962+0000][gc,cpu        ] GC(647) User=0.12s Sys=0.00s Real=0.02s
[2023-08-12T00:01:09.174+0000][gc,start      ] GC(648) Pause Young (Normal) (G1 Evacuation Pause)
[2023-08-12T00:01:09.174+0000][gc,task       ] GC(648) Using 8 workers of 8 for evacuation
[2023-08-12T00:01:09.183+0000][gc,phases     ] GC(648)   Pre Evacuate Collection Set: 0.0ms
[2023-08-12T00:01:09.183+0000][gc,phases     ] GC(648)   Evacuate Collection Set: 7.5ms
[2023-08-12T00:01:09.183+0000][gc,phases     ] GC(648)   Post Evacuate Collection Set: 0.7ms
[2023-08-12T00:01:09.183+0000][gc,phases     ] GC(648)   Other: 0.3ms
[2023-08-12T00:01:09.183+0000][gc,heap       ] GC(648) Eden regions: 565->0(562)
[2023-08-12T00:01:09.183+0000][gc,heap       ] GC(648) Survivor regions: 4->9(72)
[2023-08-12T00:01:09.183+0000][gc,heap       ] GC(648) Old regions: 167->167
[2023-08-12T00:01:09.183+0000][gc,heap       ] GC(648) Humongous regions: 149->149
[2023-08-12T00:01:09.183+0000][gc,metaspace  ] GC(648) Metaspace: 119214K(125028K)->119214K(125028K) NonClass: 105336K(108748K)->105336K(108748K) Class: 13877K(16280K)->13877K(16280K)
[2023-08-12T00:01:09.183+0000][gc            ] GC(648) Pause Young (Normal) (G1 Evacuation Pause) 884M->324M(1024M) 8.671ms
[2023-08-12T00:01:09.183+0000][gc,cpu        ] GC(648) User=0.06s Sys=0.00s Real=0.01s
[2023-08-12T00:03:32.900+0000][gc,start      ] GC(649) Pause Young (Normal) (G1 Evacuation Pause)
[2023-08-12T00:03:32.900+0000][gc,task       ] GC(649) Using 8 workers of 8 for evacuation
[2023-08-12T00:03:32.912+0000][gc,phases     ] GC(649)   Pre Evacuate Collection Set: 0.0ms
[2023-08-12T00:03:32.912+0000][gc,phases     ] GC(649)   Evacuate Collection Set: 10.8ms
[2023-08-12T00:03:32.912+0000][gc,phases     ] GC(649)   Post Evacuate Collection Set: 0.7ms
[2023-08-12T00:03:32.912+0000][gc,phases     ] GC(649)   Other: 0.3ms
[2023-08-12T00:03:32.912+0000][gc,heap       ] GC(649) Eden regions: 562->0(546)
[2023-08-12T00:03:32.912+0000][gc,heap       ] GC(649) Survivor regions: 9->22(72)
[2023-08-12T00:03:32.912+0000][gc,heap       ] GC(649) Old regions: 167->167
[2023-08-12T00:03:32.912+0000][gc,heap       ] GC(649) Humongous regions: 149->149
[2023-08-12T00:03:32.912+0000][gc,metaspace  ] GC(649) Metaspace: 119214K(125028K)->119214K(125028K) NonClass: 105336K(108748K)->105336K(108748K) Class: 13877K(16280K)->13877K(16280K)
[2023-08-12T00:03:32.912+0000][gc            ] GC(649) Pause Young (Normal) (G1 Evacuation Pause) 886M->337M(1024M) 12.033ms
[2023-08-12T00:03:32.912+0000][gc,cpu        ] GC(649) User=0.08s Sys=0.01s Real=0.01s
[2023-08-12T00:05:54.394+0000][gc,start      ] GC(650) Pause Young (Concurrent Start) (G1 Evacuation Pause)
[2023-08-12T00:05:54.394+0000][gc,task       ] GC(650) Using 8 workers of 8 for evacuation
[2023-08-12T00:05:54.409+0000][gc,phases     ] GC(650)   Pre Evacuate Collection Set: 0.5ms
[2023-08-12T00:05:54.409+0000][gc,phases     ] GC(650)   Evacuate Collection Set: 13.7ms
[2023-08-12T00:05:54.409+0000][gc,phases     ] GC(650)   Post Evacuate Collection Set: 0.7ms
[2023-08-12T00:05:54.409+0000][gc,phases     ] GC(650)   Other: 0.4ms
[2023-08-12T00:05:54.409+0000][gc,heap       ] GC(650) Eden regions: 546->0(547)
[2023-08-12T00:05:54.409+0000][gc,heap       ] GC(650) Survivor regions: 22->23(71)
[2023-08-12T00:05:54.409+0000][gc,heap       ] GC(650) Old regions: 167->167
[2023-08-12T00:05:54.409+0000][gc,heap       ] GC(650) Humongous regions: 149->149
[2023-08-12T00:05:54.409+0000][gc,metaspace  ] GC(650) Metaspace: 119214K(125028K)->119214K(125028K) NonClass: 105336K(108748K)->105336K(108748K) Class: 13877K(16280K)->13877K(16280K)
[2023-08-12T00:05:54.409+0000][gc            ] GC(650) Pause Young (Concurrent Start) (G1 Evacuation Pause) 883M->338M(1024M) 15.308ms
[2023-08-12T00:05:54.409+0000][gc,cpu        ] GC(650) User=0.11s Sys=0.00s Real=0.01s
[2023-08-12T00:05:54.409+0000][gc            ] GC(651) Concurrent Cycle
[2023-08-12T00:05:54.409+0000][gc,marking    ] GC(651) Concurrent Clear Claimed Marks
[2023-08-12T00:05:54.410+0000][gc,marking    ] GC(651) Concurrent Clear Claimed Marks 0.263ms
[2023-08-12T00:05:54.410+0000][gc,marking    ] GC(651) Concurrent Scan Root Regions
[2023-08-12T00:05:54.418+0000][gc,marking    ] GC(651) Concurrent Scan Root Regions 8.066ms
[2023-08-12T00:05:54.418+0000][gc,marking    ] GC(651) Concurrent Mark (48245.719s)
[2023-08-12T00:05:54.418+0000][gc,marking    ] GC(651) Concurrent Mark From Roots
[2023-08-12T00:05:54.418+0000][gc,task       ] GC(651) Using 2 workers of 2 for marking
[2023-08-12T00:05:54.495+0000][gc,marking    ] GC(651) Concurrent Mark From Roots 76.963ms
[2023-08-12T00:05:54.495+0000][gc,marking    ] GC(651) Concurrent Preclean
[2023-08-12T00:05:54.495+0000][gc,marking    ] GC(651) Concurrent Preclean 0.442ms
[2023-08-12T00:05:54.495+0000][gc,marking    ] GC(651) Concurrent Mark (48245.719s, 48245.797s) 77.522ms
[2023-08-12T00:05:54.496+0000][gc,start      ] GC(651) Pause Remark
[2023-08-12T00:05:54.516+0000][gc,stringtable] GC(651) Cleaned string and symbol table, strings: 45133 processed, 0 removed, symbols: 280311 processed, 0 removed
[2023-08-12T00:05:54.516+0000][gc            ] GC(651) Pause Remark 356M->356M(1024M) 20.783ms
[2023-08-12T00:05:54.516+0000][gc,cpu        ] GC(651) User=0.12s Sys=0.00s Real=0.02s
[2023-08-12T00:05:54.517+0000][gc,marking    ] GC(651) Concurrent Rebuild Remembered Sets
[2023-08-12T00:05:54.561+0000][gc,marking    ] GC(651) Concurrent Rebuild Remembered Sets 44.556ms
[2023-08-12T00:05:54.561+0000][gc,start      ] GC(651) Pause Cleanup
[2023-08-12T00:05:54.562+0000][gc            ] GC(651) Pause Cleanup 357M->357M(1024M) 0.258ms
[2023-08-12T00:05:54.562+0000][gc,cpu        ] GC(651) User=0.00s Sys=0.00s Real=0.00s
[2023-08-12T00:05:54.562+0000][gc,marking    ] GC(651) Concurrent Cleanup for Next Mark
[2023-08-12T00:05:54.563+0000][gc,marking    ] GC(651) Concurrent Cleanup for Next Mark 1.382ms
[2023-08-12T00:05:54.563+0000][gc            ] GC(651) Concurrent Cycle 153.745ms
[2023-08-12T00:07:24.390+0000][gc,start      ] GC(652) Pause Young (Prepare Mixed) (G1 Evacuation Pause)
[2023-08-12T00:07:24.390+0000][gc,task       ] GC(652) Using 8 workers of 8 for evacuation
[2023-08-12T00:07:24.407+0000][gc,phases     ] GC(652)   Pre Evacuate Collection Set: 0.0ms
[2023-08-12T00:07:24.407+0000][gc,phases     ] GC(652)   Evacuate Collection Set: 15.5ms
[2023-08-12T00:07:24.407+0000][gc,phases     ] GC(652)   Post Evacuate Collection Set: 0.7ms
[2023-08-12T00:07:24.407+0000][gc,phases     ] GC(652)   Other: 0.4ms
[2023-08-12T00:07:24.407+0000][gc,heap       ] GC(652) Eden regions: 395->0(25)
[2023-08-12T00:07:24.407+0000][gc,heap       ] GC(652) Survivor regions: 23->26(53)
[2023-08-12T00:07:24.407+0000][gc,heap       ] GC(652) Old regions: 167->167
[2023-08-12T00:07:24.407+0000][gc,heap       ] GC(652) Humongous regions: 149->149
[2023-08-12T00:07:24.407+0000][gc,metaspace  ] GC(652) Metaspace: 119214K(125028K)->119214K(125028K) NonClass: 105336K(108748K)->105336K(108748K) Class: 13877K(16280K)->13877K(16280K)
[2023-08-12T00:07:24.407+0000][gc            ] GC(652) Pause Young (Prepare Mixed) (G1 Evacuation Pause) 733M->341M(1024M) 16.664ms
[2023-08-12T00:07:24.407+0000][gc,cpu        ] GC(652) User=0.13s Sys=0.00s Real=0.02s
[2023-08-12T00:07:25.203+0000][gc,start      ] GC(653) Pause Young (Mixed) (G1 Evacuation Pause)
[2023-08-12T00:07:25.203+0000][gc,task       ] GC(653) Using 8 workers of 8 for evacuation
[2023-08-12T00:07:25.220+0000][gc,phases     ] GC(653)   Pre Evacuate Collection Set: 0.1ms
[2023-08-12T00:07:25.220+0000][gc,phases     ] GC(653)   Evacuate Collection Set: 15.5ms
[2023-08-12T00:07:25.220+0000][gc,phases     ] GC(653)   Post Evacuate Collection Set: 0.6ms
[2023-08-12T00:07:25.220+0000][gc,phases     ] GC(653)   Other: 0.4ms
[2023-08-12T00:07:25.220+0000][gc,heap       ] GC(653) Eden regions: 25->0(563)
[2023-08-12T00:07:25.220+0000][gc,heap       ] GC(653) Survivor regions: 26->4(7)
[2023-08-12T00:07:25.220+0000][gc,heap       ] GC(653) Old regions: 167->168
[2023-08-12T00:07:25.220+0000][gc,heap       ] GC(653) Humongous regions: 149->149
[2023-08-12T00:07:25.220+0000][gc,metaspace  ] GC(653) Metaspace: 119214K(125028K)->119214K(125028K) NonClass: 105336K(108748K)->105336K(108748K) Class: 13877K(16280K)->13877K(16280K)
[2023-08-12T00:07:25.220+0000][gc            ] GC(653) Pause Young (Mixed) (G1 Evacuation Pause) 366M->320M(1024M) 16.698ms
[2023-08-12T00:07:25.220+0000][gc,cpu        ] GC(653) User=0.12s Sys=0.00s Real=0.02s
[2023-08-12T00:09:54.356+0000][gc,start      ] GC(654) Pause Young (Normal) (G1 Evacuation Pause)
[2023-08-12T00:09:54.356+0000][gc,task       ] GC(654) Using 8 workers of 8 for evacuation
[2023-08-12T00:09:54.365+0000][gc,phases     ] GC(654)   Pre Evacuate Collection Set: 0.0ms
[2023-08-12T00:09:54.366+0000][gc,phases     ] GC(654)   Evacuate Collection Set: 8.0ms
[2023-08-12T00:09:54.366+0000][gc,phases     ] GC(654)   Post Evacuate Collection Set: 0.7ms
[2023-08-12T00:09:54.366+0000][gc,phases     ] GC(654)   Other: 0.5ms
[2023-08-12T00:09:54.366+0000][gc,heap       ] GC(654) Eden regions: 563->0(558)
[2023-08-12T00:09:54.366+0000][gc,heap       ] GC(654) Survivor regions: 4->11(71)
[2023-08-12T00:09:54.366+0000][gc,heap       ] GC(654) Old regions: 168->168
[2023-08-12T00:09:54.366+0000][gc,heap       ] GC(654) Humongous regions: 149->149
[2023-08-12T00:09:54.366+0000][gc,metaspace  ] GC(654) Metaspace: 119214K(125028K)->119214K(125028K) NonClass: 105336K(108748K)->105336K(108748K) Class: 13877K(16280K)->13877K(16280K)
[2023-08-12T00:09:54.366+0000][gc            ] GC(654) Pause Young (Normal) (G1 Evacuation Pause) 883M->326M(1024M) 9.323ms
[2023-08-12T00:09:54.366+0000][gc,cpu        ] GC(654) User=0.06s Sys=0.00s Real=0.01s
[2023-08-12T00:12:24.348+0000][gc,start      ] GC(655) Pause Young (Normal) (G1 Evacuation Pause)
[2023-08-12T00:12:24.348+0000][gc,task       ] GC(655) Using 8 workers of 8 for evacuation
[2023-08-12T00:12:24.369+0000][gc,mmu        ] GC(655) MMU target violated: 20.8ms (20.0ms/21.0ms)
[2023-08-12T00:12:24.369+0000][gc,phases     ] GC(655)   Pre Evacuate Collection Set: 0.0ms
[2023-08-12T00:12:24.369+0000][gc,phases     ] GC(655)   Evacuate Collection Set: 19.8ms
[2023-08-12T00:12:24.369+0000][gc,phases     ] GC(655)   Post Evacuate Collection Set: 0.7ms
[2023-08-12T00:12:24.369+0000][gc,phases     ] GC(655)   Other: 0.4ms
[2023-08-12T00:12:24.369+0000][gc,heap       ] GC(655) Eden regions: 558->0(555)
[2023-08-12T00:12:24.369+0000][gc,heap       ] GC(655) Survivor regions: 11->16(72)
[2023-08-12T00:12:24.369+0000][gc,heap       ] GC(655) Old regions: 168->168
[2023-08-12T00:12:24.369+0000][gc,heap       ] GC(655) Humongous regions: 149->149
[2023-08-12T00:12:24.369+0000][gc,metaspace  ] GC(655) Metaspace: 119214K(125028K)->119214K(125028K) NonClass: 105336K(108748K)->105336K(108748K) Class: 13877K(16280K)->13877K(16280K)
[2023-08-12T00:12:24.369+0000][gc            ] GC(655) Pause Young (Normal) (G1 Evacuation Pause) 884M->332M(1024M) 21.015ms
[2023-08-12T00:12:24.369+0000][gc,cpu        ] GC(655) User=0.14s Sys=0.00s Real=0.02s
[2023-08-12T00:14:30.812+0000][gc,start      ] GC(656) Pause Young (Concurrent Start) (G1 Evacuation Pause)
[2023-08-12T00:14:30.812+0000][gc,task       ] GC(656) Using 8 workers of 8 for evacuation
[2023-08-12T00:14:30.830+0000][gc,phases     ] GC(656)   Pre Evacuate Collection Set: 0.5ms
[2023-08-12T00:14:30.830+0000][gc,phases     ] GC(656)   Evacuate Collection Set: 16.3ms
[2023-08-12T00:14:30.830+0000][gc,phases     ] GC(656)   Post Evacuate Collection Set: 0.7ms
[2023-08-12T00:14:30.830+0000][gc,phases     ] GC(656)   Other: 0.4ms
[2023-08-12T00:14:30.830+0000][gc,heap       ] GC(656) Eden regions: 555->0(549)
[2023-08-12T00:14:30.830+0000][gc,heap       ] GC(656) Survivor regions: 16->23(72)
[2023-08-12T00:14:30.830+0000][gc,heap       ] GC(656) Old regions: 168->168
[2023-08-12T00:14:30.830+0000][gc,heap       ] GC(656) Humongous regions: 149->149
[2023-08-12T00:14:30.830+0000][gc,metaspace  ] GC(656) Metaspace: 119214K(125028K)->119214K(125028K) NonClass: 105336K(108748K)->105336K(108748K) Class: 13877K(16280K)->13877K(16280K)
[2023-08-12T00:14:30.830+0000][gc            ] GC(656) Pause Young (Concurrent Start) (G1 Evacuation Pause) 887M->339M(1024M) 17.985ms
[2023-08-12T00:14:30.830+0000][gc,cpu        ] GC(656) User=0.11s Sys=0.00s Real=0.01s
[2023-08-12T00:14:30.830+0000][gc            ] GC(657) Concurrent Cycle
[2023-08-12T00:14:30.830+0000][gc,marking    ] GC(657) Concurrent Clear Claimed Marks
[2023-08-12T00:14:30.830+0000][gc,marking    ] GC(657) Concurrent Clear Claimed Marks 0.319ms
[2023-08-12T00:14:30.830+0000][gc,marking    ] GC(657) Concurrent Scan Root Regions
[2023-08-12T00:14:30.841+0000][gc,marking    ] GC(657) Concurrent Scan Root Regions 11.339ms
[2023-08-12T00:14:30.842+0000][gc,marking    ] GC(657) Concurrent Mark (48762.143s)
[2023-08-12T00:14:30.842+0000][gc,marking    ] GC(657) Concurrent Mark From Roots
[2023-08-12T00:14:30.842+0000][gc,task       ] GC(657) Using 2 workers of 2 for marking
[2023-08-12T00:14:30.910+0000][gc,marking    ] GC(657) Concurrent Mark From Roots 68.661ms
[2023-08-12T00:14:30.910+0000][gc,marking    ] GC(657) Concurrent Preclean
[2023-08-12T00:14:30.911+0000][gc,marking    ] GC(657) Concurrent Preclean 0.369ms
[2023-08-12T00:14:30.911+0000][gc,marking    ] GC(657) Concurrent Mark (48762.143s, 48762.212s) 69.105ms
[2023-08-12T00:14:30.911+0000][gc,start      ] GC(657) Pause Remark
[2023-08-12T00:14:30.930+0000][gc,stringtable] GC(657) Cleaned string and symbol table, strings: 45133 processed, 0 removed, symbols: 280311 processed, 0 removed
[2023-08-12T00:14:30.930+0000][gc            ] GC(657) Pause Remark 343M->343M(1024M) 19.179ms
[2023-08-12T00:14:30.930+0000][gc,cpu        ] GC(657) User=0.13s Sys=0.00s Real=0.01s
[2023-08-12T00:14:30.930+0000][gc,marking    ] GC(657) Concurrent Rebuild Remembered Sets
[2023-08-12T00:14:30.978+0000][gc,marking    ] GC(657) Concurrent Rebuild Remembered Sets 48.231ms
[2023-08-12T00:14:30.979+0000][gc,start      ] GC(657) Pause Cleanup
[2023-08-12T00:14:30.979+0000][gc            ] GC(657) Pause Cleanup 343M->343M(1024M) 0.291ms
[2023-08-12T00:14:30.979+0000][gc,cpu        ] GC(657) User=0.01s Sys=0.00s Real=0.01s
[2023-08-12T00:14:30.979+0000][gc,marking    ] GC(657) Concurrent Cleanup for Next Mark
[2023-08-12T00:14:30.980+0000][gc,marking    ] GC(657) Concurrent Cleanup for Next Mark 1.364ms
[2023-08-12T00:14:30.980+0000][gc            ] GC(657) Concurrent Cycle 150.695ms
[2023-08-12T00:16:00.959+0000][gc,start      ] GC(658) Pause Young (Prepare Mixed) (G1 Evacuation Pause)
[2023-08-12T00:16:00.960+0000][gc,task       ] GC(658) Using 8 workers of 8 for evacuation
[2023-08-12T00:16:00.976+0000][gc,phases     ] GC(658)   Pre Evacuate Collection Set: 0.0ms
[2023-08-12T00:16:00.976+0000][gc,phases     ] GC(658)   Evacuate Collection Set: 15.4ms
[2023-08-12T00:16:00.976+0000][gc,phases     ] GC(658)   Post Evacuate Collection Set: 0.7ms
[2023-08-12T00:16:00.976+0000][gc,phases     ] GC(658)   Other: 0.4ms
[2023-08-12T00:16:00.976+0000][gc,heap       ] GC(658) Eden regions: 362->0(25)
[2023-08-12T00:16:00.976+0000][gc,heap       ] GC(658) Survivor regions: 23->26(49)
[2023-08-12T00:16:00.976+0000][gc,heap       ] GC(658) Old regions: 168->168
[2023-08-12T00:16:00.976+0000][gc,heap       ] GC(658) Humongous regions: 149->149
[2023-08-12T00:16:00.976+0000][gc,metaspace  ] GC(658) Metaspace: 119214K(125028K)->119214K(125028K) NonClass: 105336K(108748K)->105336K(108748K) Class: 13877K(16280K)->13877K(16280K)
[2023-08-12T00:16:00.976+0000][gc            ] GC(658) Pause Young (Prepare Mixed) (G1 Evacuation Pause) 701M->342M(1024M) 16.635ms
[2023-08-12T00:16:00.976+0000][gc,cpu        ] GC(658) User=0.12s Sys=0.00s Real=0.01s
[2023-08-12T00:16:09.447+0000][gc,start      ] GC(659) Pause Young (Mixed) (G1 Evacuation Pause)
[2023-08-12T00:16:09.447+0000][gc,task       ] GC(659) Using 8 workers of 8 for evacuation
[2023-08-12T00:16:09.464+0000][gc,phases     ] GC(659)   Pre Evacuate Collection Set: 0.1ms
[2023-08-12T00:16:09.464+0000][gc,phases     ] GC(659)   Evacuate Collection Set: 15.5ms
[2023-08-12T00:16:09.464+0000][gc,phases     ] GC(659)   Post Evacuate Collection Set: 0.6ms
[2023-08-12T00:16:09.464+0000][gc,phases     ] GC(659)   Other: 0.5ms
[2023-08-12T00:16:09.464+0000][gc,heap       ] GC(659) Eden regions: 25->0(563)
[2023-08-12T00:16:09.464+0000][gc,heap       ] GC(659) Survivor regions: 26->4(7)
[2023-08-12T00:16:09.464+0000][gc,heap       ] GC(659) Old regions: 168->167
[2023-08-12T00:16:09.464+0000][gc,heap       ] GC(659) Humongous regions: 149->149
[2023-08-12T00:16:09.464+0000][gc,metaspace  ] GC(659) Metaspace: 119214K(125028K)->119214K(125028K) NonClass: 105336K(108748K)->105336K(108748K) Class: 13877K(16280K)->13877K(16280K)
[2023-08-12T00:16:09.464+0000][gc            ] GC(659) Pause Young (Mixed) (G1 Evacuation Pause) 367M->319M(1024M) 16.797ms
[2023-08-12T00:16:09.464+0000][gc,cpu        ] GC(659) User=0.12s Sys=0.01s Real=0.02s
[2023-08-12T00:18:32.902+0000][gc,start      ] GC(660) Pause Young (Normal) (G1 Evacuation Pause)
[2023-08-12T00:18:32.902+0000][gc,task       ] GC(660) Using 8 workers of 8 for evacuation
[2023-08-12T00:18:32.911+0000][gc,phases     ] GC(660)   Pre Evacuate Collection Set: 0.0ms
[2023-08-12T00:18:32.911+0000][gc,phases     ] GC(660)   Evacuate Collection Set: 8.5ms
[2023-08-12T00:18:32.911+0000][gc,phases     ] GC(660)   Post Evacuate Collection Set: 0.7ms
[2023-08-12T00:18:32.911+0000][gc,phases     ] GC(660)   Other: 0.3ms
[2023-08-12T00:18:32.911+0000][gc,heap       ] GC(660) Eden regions: 563->0(550)
[2023-08-12T00:18:32.911+0000][gc,heap       ] GC(660) Survivor regions: 4->16(71)
[2023-08-12T00:18:32.911+0000][gc,heap       ] GC(660) Old regions: 167->167
[2023-08-12T00:18:32.911+0000][gc,heap       ] GC(660) Humongous regions: 149->149
[2023-08-12T00:18:32.911+0000][gc,metaspace  ] GC(660) Metaspace: 119214K(125028K)->119214K(125028K) NonClass: 105336K(108748K)->105336K(108748K) Class: 13877K(16280K)->13877K(16280K)
[2023-08-12T00:18:32.911+0000][gc            ] GC(660) Pause Young (Normal) (G1 Evacuation Pause) 882M->331M(1024M) 9.711ms
[2023-08-12T00:18:32.911+0000][gc,cpu        ] GC(660) User=0.07s Sys=0.00s Real=0.01s
[2023-08-12T00:20:54.394+0000][gc,start      ] GC(661) Pause Young (Normal) (G1 Evacuation Pause)
[2023-08-12T00:20:54.394+0000][gc,task       ] GC(661) Using 8 workers of 8 for evacuation
[2023-08-12T00:20:54.405+0000][gc,phases     ] GC(661)   Pre Evacuate Collection Set: 0.0ms
[2023-08-12T00:20:54.405+0000][gc,phases     ] GC(661)   Evacuate Collection Set: 10.5ms
[2023-08-12T00:20:54.405+0000][gc,phases     ] GC(661)   Post Evacuate Collection Set: 0.7ms
[2023-08-12T00:20:54.405+0000][gc,phases     ] GC(661)   Other: 0.3ms
[2023-08-12T00:20:54.405+0000][gc,heap       ] GC(661) Eden regions: 550->0(553)
[2023-08-12T00:20:54.405+0000][gc,heap       ] GC(661) Survivor regions: 16->16(71)
[2023-08-12T00:20:54.405+0000][gc,heap       ] GC(661) Old regions: 167->167
[2023-08-12T00:20:54.405+0000][gc,heap       ] GC(661) Humongous regions: 149->149
[2023-08-12T00:20:54.405+0000][gc,metaspace  ] GC(661) Metaspace: 119214K(125028K)->119214K(125028K) NonClass: 105336K(108748K)->105336K(108748K) Class: 13877K(16280K)->13877K(16280K)
[2023-08-12T00:20:54.405+0000][gc            ] GC(661) Pause Young (Normal) (G1 Evacuation Pause) 881M->331M(1024M) 11.590ms
[2023-08-12T00:20:54.405+0000][gc,cpu        ] GC(661) User=0.08s Sys=0.00s Real=0.01s
[2023-08-12T00:23:09.473+0000][gc,start      ] GC(662) Pause Young (Concurrent Start) (G1 Evacuation Pause)
[2023-08-12T00:23:09.473+0000][gc,task       ] GC(662) Using 8 workers of 8 for evacuation
[2023-08-12T00:23:09.488+0000][gc,phases     ] GC(662)   Pre Evacuate Collection Set: 0.5ms
[2023-08-12T00:23:09.488+0000][gc,phases     ] GC(662)   Evacuate Collection Set: 13.4ms
[2023-08-12T00:23:09.488+0000][gc,phases     ] GC(662)   Post Evacuate Collection Set: 0.7ms
[2023-08-12T00:23:09.488+0000][gc,phases     ] GC(662)   Other: 0.4ms
[2023-08-12T00:23:09.488+0000][gc,heap       ] GC(662) Eden regions: 553->0(548)
[2023-08-12T00:23:09.488+0000][gc,heap       ] GC(662) Survivor regions: 16->23(72)
[2023-08-12T00:23:09.488+0000][gc,heap       ] GC(662) Old regions: 167->167
[2023-08-12T00:23:09.488+0000][gc,heap       ] GC(662) Humongous regions: 149->149
[2023-08-12T00:23:09.488+0000][gc,metaspace  ] GC(662) Metaspace: 119217K(125028K)->119217K(125028K) NonClass: 105339K(108748K)->105339K(108748K) Class: 13877K(16280K)->13877K(16280K)
[2023-08-12T00:23:09.488+0000][gc            ] GC(662) Pause Young (Concurrent Start) (G1 Evacuation Pause) 884M->338M(1024M) 15.109ms
[2023-08-12T00:23:09.488+0000][gc,cpu        ] GC(662) User=0.10s Sys=0.01s Real=0.01s
[2023-08-12T00:23:09.488+0000][gc            ] GC(663) Concurrent Cycle
[2023-08-12T00:23:09.488+0000][gc,marking    ] GC(663) Concurrent Clear Claimed Marks
[2023-08-12T00:23:09.488+0000][gc,marking    ] GC(663) Concurrent Clear Claimed Marks 0.256ms
[2023-08-12T00:23:09.488+0000][gc,marking    ] GC(663) Concurrent Scan Root Regions
[2023-08-12T00:23:09.501+0000][gc,marking    ] GC(663) Concurrent Scan Root Regions 13.358ms
[2023-08-12T00:23:09.501+0000][gc,marking    ] GC(663) Concurrent Mark (49280.803s)
[2023-08-12T00:23:09.501+0000][gc,marking    ] GC(663) Concurrent Mark From Roots
[2023-08-12T00:23:09.501+0000][gc,task       ] GC(663) Using 2 workers of 2 for marking
[2023-08-12T00:23:09.568+0000][gc,marking    ] GC(663) Concurrent Mark From Roots 66.278ms
[2023-08-12T00:23:09.568+0000][gc,marking    ] GC(663) Concurrent Preclean
[2023-08-12T00:23:09.568+0000][gc,marking    ] GC(663) Concurrent Preclean 0.400ms
[2023-08-12T00:23:09.568+0000][gc,marking    ] GC(663) Concurrent Mark (49280.803s, 49280.870s) 66.759ms
[2023-08-12T00:23:09.568+0000][gc,start      ] GC(663) Pause Remark
[2023-08-12T00:23:09.578+0000][gc,stringtable] GC(663) Cleaned string and symbol table, strings: 45133 processed, 0 removed, symbols: 280311 processed, 0 removed
[2023-08-12T00:23:09.578+0000][gc            ] GC(663) Pause Remark 347M->347M(1024M) 9.560ms
[2023-08-12T00:23:09.578+0000][gc,cpu        ] GC(663) User=0.07s Sys=0.00s Real=0.01s
[2023-08-12T00:23:09.578+0000][gc,marking    ] GC(663) Concurrent Rebuild Remembered Sets
[2023-08-12T00:23:09.620+0000][gc,marking    ] GC(663) Concurrent Rebuild Remembered Sets 41.621ms
[2023-08-12T00:23:09.620+0000][gc,start      ] GC(663) Pause Cleanup
[2023-08-12T00:23:09.620+0000][gc            ] GC(663) Pause Cleanup 347M->347M(1024M) 0.236ms
[2023-08-12T00:23:09.620+0000][gc,cpu        ] GC(663) User=0.01s Sys=0.00s Real=0.00s
[2023-08-12T00:23:09.620+0000][gc,marking    ] GC(663) Concurrent Cleanup for Next Mark
[2023-08-12T00:23:09.622+0000][gc,marking    ] GC(663) Concurrent Cleanup for Next Mark 1.351ms
[2023-08-12T00:23:09.622+0000][gc            ] GC(663) Concurrent Cycle 133.895ms
[2023-08-12T00:25:02.484+0000][gc,start      ] GC(664) Pause Young (Prepare Mixed) (G1 Evacuation Pause)
[2023-08-12T00:25:02.484+0000][gc,task       ] GC(664) Using 8 workers of 8 for evacuation
[2023-08-12T00:25:02.502+0000][gc,phases     ] GC(664)   Pre Evacuate Collection Set: 0.0ms
[2023-08-12T00:25:02.502+0000][gc,phases     ] GC(664)   Evacuate Collection Set: 16.0ms
[2023-08-12T00:25:02.502+0000][gc,phases     ] GC(664)   Post Evacuate Collection Set: 0.7ms
[2023-08-12T00:25:02.502+0000][gc,phases     ] GC(664)   Other: 0.4ms
[2023-08-12T00:25:02.502+0000][gc,heap       ] GC(664) Eden regions: 464->0(23)
[2023-08-12T00:25:02.502+0000][gc,heap       ] GC(664) Survivor regions: 23->28(61)
[2023-08-12T00:25:02.502+0000][gc,heap       ] GC(664) Old regions: 167->167
[2023-08-12T00:25:02.502+0000][gc,heap       ] GC(664) Humongous regions: 149->149
[2023-08-12T00:25:02.502+0000][gc,metaspace  ] GC(664) Metaspace: 119217K(125028K)->119217K(125028K) NonClass: 105339K(108748K)->105339K(108748K) Class: 13877K(16280K)->13877K(16280K)
[2023-08-12T00:25:02.502+0000][gc            ] GC(664) Pause Young (Prepare Mixed) (G1 Evacuation Pause) 802M->343M(1024M) 17.301ms
[2023-08-12T00:25:02.502+0000][gc,cpu        ] GC(664) User=0.13s Sys=0.00s Real=0.02s
[2023-08-12T00:25:04.410+0000][gc,start      ] GC(665) Pause Young (Mixed) (G1 Evacuation Pause)
[2023-08-12T00:25:04.410+0000][gc,task       ] GC(665) Using 8 workers of 8 for evacuation
[2023-08-12T00:25:04.429+0000][gc,phases     ] GC(665)   Pre Evacuate Collection Set: 0.1ms
[2023-08-12T00:25:04.429+0000][gc,phases     ] GC(665)   Evacuate Collection Set: 17.4ms
[2023-08-12T00:25:04.429+0000][gc,phases     ] GC(665)   Post Evacuate Collection Set: 0.6ms
[2023-08-12T00:25:04.429+0000][gc,phases     ] GC(665)   Other: 0.5ms
[2023-08-12T00:25:04.429+0000][gc,heap       ] GC(665) Eden regions: 23->0(566)
[2023-08-12T00:25:04.429+0000][gc,heap       ] GC(665) Survivor regions: 28->4(7)
[2023-08-12T00:25:04.429+0000][gc,heap       ] GC(665) Old regions: 167->168
[2023-08-12T00:25:04.429+0000][gc,heap       ] GC(665) Humongous regions: 149->149
[2023-08-12T00:25:04.429+0000][gc,metaspace  ] GC(665) Metaspace: 119217K(125028K)->119217K(125028K) NonClass: 105339K(108748K)->105339K(108748K) Class: 13877K(16280K)->13877K(16280K)
[2023-08-12T00:25:04.429+0000][gc            ] GC(665) Pause Young (Mixed) (G1 Evacuation Pause) 366M->320M(1024M) 18.620ms
[2023-08-12T00:25:04.429+0000][gc,cpu        ] GC(665) User=0.14s Sys=0.00s Real=0.02s
[2023-08-12T00:27:32.899+0000][gc,start      ] GC(666) Pause Young (Normal) (G1 Evacuation Pause)
[2023-08-12T00:27:32.899+0000][gc,task       ] GC(666) Using 8 workers of 8 for evacuation
[2023-08-12T00:27:32.908+0000][gc,phases     ] GC(666)   Pre Evacuate Collection Set: 0.0ms
[2023-08-12T00:27:32.908+0000][gc,phases     ] GC(666)   Evacuate Collection Set: 8.1ms
[2023-08-12T00:27:32.908+0000][gc,phases     ] GC(666)   Post Evacuate Collection Set: 0.7ms
[2023-08-12T00:27:32.908+0000][gc,phases     ] GC(666)   Other: 0.3ms
[2023-08-12T00:27:32.908+0000][gc,heap       ] GC(666) Eden regions: 566->0(555)
[2023-08-12T00:27:32.908+0000][gc,heap       ] GC(666) Survivor regions: 4->14(72)
[2023-08-12T00:27:32.908+0000][gc,heap       ] GC(666) Old regions: 168->168
[2023-08-12T00:27:32.908+0000][gc,heap       ] GC(666) Humongous regions: 149->149
[2023-08-12T00:27:32.908+0000][gc,metaspace  ] GC(666) Metaspace: 119217K(125028K)->119217K(125028K) NonClass: 105339K(108748K)->105339K(108748K) Class: 13877K(16280K)->13877K(16280K)
[2023-08-12T00:27:32.908+0000][gc            ] GC(666) Pause Young (Normal) (G1 Evacuation Pause) 886M->330M(1024M) 9.196ms
[2023-08-12T00:27:32.908+0000][gc,cpu        ] GC(666) User=0.06s Sys=0.00s Real=0.00s
[2023-08-12T00:29:54.462+0000][gc,start      ] GC(667) Pause Young (Normal) (G1 Evacuation Pause)
[2023-08-12T00:29:54.462+0000][gc,task       ] GC(667) Using 8 workers of 8 for evacuation
[2023-08-12T00:29:54.474+0000][gc,phases     ] GC(667)   Pre Evacuate Collection Set: 0.0ms
[2023-08-12T00:29:54.474+0000][gc,phases     ] GC(667)   Evacuate Collection Set: 10.6ms
[2023-08-12T00:29:54.474+0000][gc,phases     ] GC(667)   Post Evacuate Collection Set: 0.7ms
[2023-08-12T00:29:54.474+0000][gc,phases     ] GC(667)   Other: 0.3ms
[2023-08-12T00:29:54.474+0000][gc,heap       ] GC(667) Eden regions: 555->0(554)
[2023-08-12T00:29:54.474+0000][gc,heap       ] GC(667) Survivor regions: 14->17(72)
[2023-08-12T00:29:54.474+0000][gc,heap       ] GC(667) Old regions: 168->168
[2023-08-12T00:29:54.474+0000][gc,heap       ] GC(667) Humongous regions: 149->149
[2023-08-12T00:29:54.474+0000][gc,metaspace  ] GC(667) Metaspace: 119217K(125028K)->119217K(125028K) NonClass: 105339K(108748K)->105339K(108748K) Class: 13877K(16280K)->13877K(16280K)
[2023-08-12T00:29:54.474+0000][gc            ] GC(667) Pause Young (Normal) (G1 Evacuation Pause) 885M->333M(1024M) 11.734ms
[2023-08-12T00:29:54.474+0000][gc,cpu        ] GC(667) User=0.08s Sys=0.00s Real=0.01s
[2023-08-12T00:32:09.469+0000][gc,start      ] GC(668) Pause Young (Concurrent Start) (G1 Evacuation Pause)
[2023-08-12T00:32:09.469+0000][gc,task       ] GC(668) Using 8 workers of 8 for evacuation
[2023-08-12T00:32:09.484+0000][gc,phases     ] GC(668)   Pre Evacuate Collection Set: 0.5ms
[2023-08-12T00:32:09.484+0000][gc,phases     ] GC(668)   Evacuate Collection Set: 13.6ms
[2023-08-12T00:32:09.484+0000][gc,phases     ] GC(668)   Post Evacuate Collection Set: 0.7ms
[2023-08-12T00:32:09.484+0000][gc,phases     ] GC(668)   Other: 0.4ms
[2023-08-12T00:32:09.484+0000][gc,heap       ] GC(668) Eden regions: 554->0(549)
[2023-08-12T00:32:09.484+0000][gc,heap       ] GC(668) Survivor regions: 17->23(72)
[2023-08-12T00:32:09.484+0000][gc,heap       ] GC(668) Old regions: 168->168
[2023-08-12T00:32:09.484+0000][gc,heap       ] GC(668) Humongous regions: 149->149
[2023-08-12T00:32:09.485+0000][gc,metaspace  ] GC(668) Metaspace: 119217K(125028K)->119217K(125028K) NonClass: 105339K(108748K)->105339K(108748K) Class: 13877K(16280K)->13877K(16280K)
[2023-08-12T00:32:09.485+0000][gc            ] GC(668) Pause Young (Concurrent Start) (G1 Evacuation Pause) 887M->339M(1024M) 15.283ms
[2023-08-12T00:32:09.485+0000][gc,cpu        ] GC(668) User=0.11s Sys=0.00s Real=0.02s
[2023-08-12T00:32:09.485+0000][gc            ] GC(669) Concurrent Cycle
[2023-08-12T00:32:09.485+0000][gc,marking    ] GC(669) Concurrent Clear Claimed Marks
[2023-08-12T00:32:09.485+0000][gc,marking    ] GC(669) Concurrent Clear Claimed Marks 0.426ms
[2023-08-12T00:32:09.485+0000][gc,marking    ] GC(669) Concurrent Scan Root Regions
[2023-08-12T00:32:09.496+0000][gc,marking    ] GC(669) Concurrent Scan Root Regions 10.903ms
[2023-08-12T00:32:09.496+0000][gc,marking    ] GC(669) Concurrent Mark (49820.797s)
[2023-08-12T00:32:09.496+0000][gc,marking    ] GC(669) Concurrent Mark From Roots
[2023-08-12T00:32:09.496+0000][gc,task       ] GC(669) Using 2 workers of 2 for marking
[2023-08-12T00:32:09.570+0000][gc,marking    ] GC(669) Concurrent Mark From Roots 73.606ms
[2023-08-12T00:32:09.570+0000][gc,marking    ] GC(669) Concurrent Preclean
[2023-08-12T00:32:09.570+0000][gc,marking    ] GC(669) Concurrent Preclean 0.397ms
[2023-08-12T00:32:09.570+0000][gc,marking    ] GC(669) Concurrent Mark (49820.797s, 49820.872s) 74.099ms
[2023-08-12T00:32:09.570+0000][gc,start      ] GC(669) Pause Remark
[2023-08-12T00:32:09.580+0000][gc,stringtable] GC(669) Cleaned string and symbol table, strings: 45133 processed, 0 removed, symbols: 280311 processed, 0 removed
[2023-08-12T00:32:09.580+0000][gc            ] GC(669) Pause Remark 350M->350M(1024M) 9.610ms
[2023-08-12T00:32:09.580+0000][gc,cpu        ] GC(669) User=0.07s Sys=0.00s Real=0.02s
[2023-08-12T00:32:09.580+0000][gc,marking    ] GC(669) Concurrent Rebuild Remembered Sets
[2023-08-12T00:32:09.622+0000][gc,marking    ] GC(669) Concurrent Rebuild Remembered Sets 41.698ms
[2023-08-12T00:32:09.622+0000][gc,start      ] GC(669) Pause Cleanup
[2023-08-12T00:32:09.622+0000][gc            ] GC(669) Pause Cleanup 350M->350M(1024M) 0.236ms
[2023-08-12T00:32:09.622+0000][gc,cpu        ] GC(669) User=0.00s Sys=0.00s Real=0.00s
[2023-08-12T00:32:09.622+0000][gc,marking    ] GC(669) Concurrent Cleanup for Next Mark
[2023-08-12T00:32:09.624+0000][gc,marking    ] GC(669) Concurrent Cleanup for Next Mark 1.407ms
[2023-08-12T00:32:09.624+0000][gc            ] GC(669) Concurrent Cycle 139.176ms
[2023-08-12T00:34:18.291+0000][gc,start      ] GC(670) Pause Young (Prepare Mixed) (G1 Evacuation Pause)
[2023-08-12T00:34:18.291+0000][gc,task       ] GC(670) Using 8 workers of 8 for evacuation
[2023-08-12T00:34:18.308+0000][gc,phases     ] GC(670)   Pre Evacuate Collection Set: 0.0ms
[2023-08-12T00:34:18.308+0000][gc,phases     ] GC(670)   Evacuate Collection Set: 16.0ms
[2023-08-12T00:34:18.308+0000][gc,phases     ] GC(670)   Post Evacuate Collection Set: 0.7ms
[2023-08-12T00:34:18.308+0000][gc,phases     ] GC(670)   Other: 0.4ms
[2023-08-12T00:34:18.308+0000][gc,heap       ] GC(670) Eden regions: 518->0(24)
[2023-08-12T00:34:18.308+0000][gc,heap       ] GC(670) Survivor regions: 23->27(68)
[2023-08-12T00:34:18.308+0000][gc,heap       ] GC(670) Old regions: 168->168
[2023-08-12T00:34:18.308+0000][gc,heap       ] GC(670) Humongous regions: 149->149
[2023-08-12T00:34:18.308+0000][gc,metaspace  ] GC(670) Metaspace: 119217K(125028K)->119217K(125028K) NonClass: 105339K(108748K)->105339K(108748K) Class: 13877K(16280K)->13877K(16280K)
[2023-08-12T00:34:18.308+0000][gc            ] GC(670) Pause Young (Prepare Mixed) (G1 Evacuation Pause) 857M->342M(1024M) 17.283ms
[2023-08-12T00:34:18.308+0000][gc,cpu        ] GC(670) User=0.13s Sys=0.00s Real=0.01s
[2023-08-12T00:34:24.377+0000][gc,start      ] GC(671) Pause Young (Mixed) (G1 Evacuation Pause)
[2023-08-12T00:34:24.377+0000][gc,task       ] GC(671) Using 8 workers of 8 for evacuation
[2023-08-12T00:34:24.394+0000][gc,phases     ] GC(671)   Pre Evacuate Collection Set: 0.1ms
[2023-08-12T00:34:24.394+0000][gc,phases     ] GC(671)   Evacuate Collection Set: 15.8ms
[2023-08-12T00:34:24.394+0000][gc,phases     ] GC(671)   Post Evacuate Collection Set: 0.5ms
[2023-08-12T00:34:24.394+0000][gc,phases     ] GC(671)   Other: 0.4ms
[2023-08-12T00:34:24.394+0000][gc,heap       ] GC(671) Eden regions: 24->0(568)
[2023-08-12T00:34:24.394+0000][gc,heap       ] GC(671) Survivor regions: 27->4(7)
[2023-08-12T00:34:24.394+0000][gc,heap       ] GC(671) Old regions: 168->168
[2023-08-12T00:34:24.394+0000][gc,heap       ] GC(671) Humongous regions: 149->149
[2023-08-12T00:34:24.394+0000][gc,metaspace  ] GC(671) Metaspace: 119217K(125028K)->119217K(125028K) NonClass: 105339K(108748K)->105339K(108748K) Class: 13877K(16280K)->13877K(16280K)
[2023-08-12T00:34:24.394+0000][gc            ] GC(671) Pause Young (Mixed) (G1 Evacuation Pause) 366M->320M(1024M) 16.890ms
[2023-08-12T00:34:24.394+0000][gc,cpu        ] GC(671) User=0.12s Sys=0.00s Real=0.02s
[2023-08-12T00:36:40.994+0000][gc,start      ] GC(672) Pause Young (Normal) (G1 Evacuation Pause)
[2023-08-12T00:36:40.994+0000][gc,task       ] GC(672) Using 8 workers of 8 for evacuation
[2023-08-12T00:36:41.003+0000][gc,phases     ] GC(672)   Pre Evacuate Collection Set: 0.0ms
[2023-08-12T00:36:41.003+0000][gc,phases     ] GC(672)   Evacuate Collection Set: 7.7ms
[2023-08-12T00:36:41.003+0000][gc,phases     ] GC(672)   Post Evacuate Collection Set: 0.9ms
[2023-08-12T00:36:41.003+0000][gc,phases     ] GC(672)   Other: 0.3ms
[2023-08-12T00:36:41.003+0000][gc,heap       ] GC(672) Eden regions: 568->0(565)
[2023-08-12T00:36:41.003+0000][gc,heap       ] GC(672) Survivor regions: 4->9(72)
[2023-08-12T00:36:41.003+0000][gc,heap       ] GC(672) Old regions: 168->168
[2023-08-12T00:36:41.003+0000][gc,heap       ] GC(672) Humongous regions: 149->149
[2023-08-12T00:36:41.003+0000][gc,metaspace  ] GC(672) Metaspace: 119217K(125028K)->119217K(125028K) NonClass: 105339K(108748K)->105339K(108748K) Class: 13877K(16280K)->13877K(16280K)
[2023-08-12T00:36:41.003+0000][gc            ] GC(672) Pause Young (Normal) (G1 Evacuation Pause) 888M->325M(1024M) 9.007ms
[2023-08-12T00:36:41.003+0000][gc,cpu        ] GC(672) User=0.06s Sys=0.00s Real=0.01s
[2023-08-12T00:39:14.052+0000][gc,start      ] GC(673) Pause Young (Normal) (G1 Evacuation Pause)
[2023-08-12T00:39:14.052+0000][gc,task       ] GC(673) Using 8 workers of 8 for evacuation
[2023-08-12T00:39:14.063+0000][gc,phases     ] GC(673)   Pre Evacuate Collection Set: 0.0ms
[2023-08-12T00:39:14.064+0000][gc,phases     ] GC(673)   Evacuate Collection Set: 10.4ms
[2023-08-12T00:39:14.064+0000][gc,phases     ] GC(673)   Post Evacuate Collection Set: 0.7ms
[2023-08-12T00:39:14.064+0000][gc,phases     ] GC(673)   Other: 0.3ms
[2023-08-12T00:39:14.064+0000][gc,heap       ] GC(673) Eden regions: 565->0(560)
[2023-08-12T00:39:14.064+0000][gc,heap       ] GC(673) Survivor regions: 9->15(72)
[2023-08-12T00:39:14.064+0000][gc,heap       ] GC(673) Old regions: 168->168
[2023-08-12T00:39:14.064+0000][gc,heap       ] GC(673) Humongous regions: 149->149
[2023-08-12T00:39:14.064+0000][gc,metaspace  ] GC(673) Metaspace: 119217K(125028K)->119217K(125028K) NonClass: 105339K(108748K)->105339K(108748K) Class: 13877K(16280K)->13877K(16280K)
[2023-08-12T00:39:14.064+0000][gc            ] GC(673) Pause Young (Normal) (G1 Evacuation Pause) 890M->331M(1024M) 11.616ms
[2023-08-12T00:39:14.064+0000][gc,cpu        ] GC(673) User=0.08s Sys=0.01s Real=0.01s
[2023-08-12T00:41:28.486+0000][gc,start      ] GC(674) Pause Young (Concurrent Start) (G1 Evacuation Pause)
[2023-08-12T00:41:28.486+0000][gc,task       ] GC(674) Using 8 workers of 8 for evacuation
[2023-08-12T00:41:28.502+0000][gc,phases     ] GC(674)   Pre Evacuate Collection Set: 0.5ms
[2023-08-12T00:41:28.502+0000][gc,phases     ] GC(674)   Evacuate Collection Set: 13.9ms
[2023-08-12T00:41:28.502+0000][gc,phases     ] GC(674)   Post Evacuate Collection Set: 0.7ms
[2023-08-12T00:41:28.502+0000][gc,phases     ] GC(674)   Other: 0.4ms
[2023-08-12T00:41:28.502+0000][gc,heap       ] GC(674) Eden regions: 560->0(554)
[2023-08-12T00:41:28.502+0000][gc,heap       ] GC(674) Survivor regions: 15->22(72)
[2023-08-12T00:41:28.502+0000][gc,heap       ] GC(674) Old regions: 168->168
[2023-08-12T00:41:28.502+0000][gc,heap       ] GC(674) Humongous regions: 149->149
[2023-08-12T00:41:28.502+0000][gc,metaspace  ] GC(674) Metaspace: 119217K(125028K)->119217K(125028K) NonClass: 105339K(108748K)->105339K(108748K) Class: 13877K(16280K)->13877K(16280K)
[2023-08-12T00:41:28.502+0000][gc            ] GC(674) Pause Young (Concurrent Start) (G1 Evacuation Pause) 891M->338M(1024M) 15.583ms
[2023-08-12T00:41:28.502+0000][gc,cpu        ] GC(674) User=0.11s Sys=0.00s Real=0.02s
[2023-08-12T00:41:28.502+0000][gc            ] GC(675) Concurrent Cycle
[2023-08-12T00:41:28.502+0000][gc,marking    ] GC(675) Concurrent Clear Claimed Marks
[2023-08-12T00:41:28.502+0000][gc,marking    ] GC(675) Concurrent Clear Claimed Marks 0.421ms
[2023-08-12T00:41:28.502+0000][gc,marking    ] GC(675) Concurrent Scan Root Regions
[2023-08-12T00:41:28.512+0000][gc,marking    ] GC(675) Concurrent Scan Root Regions 9.286ms
[2023-08-12T00:41:28.512+0000][gc,marking    ] GC(675) Concurrent Mark (50379.813s)
[2023-08-12T00:41:28.512+0000][gc,marking    ] GC(675) Concurrent Mark From Roots
[2023-08-12T00:41:28.512+0000][gc,task       ] GC(675) Using 2 workers of 2 for marking
[2023-08-12T00:41:28.577+0000][gc,marking    ] GC(675) Concurrent Mark From Roots 65.243ms
[2023-08-12T00:41:28.577+0000][gc,marking    ] GC(675) Concurrent Preclean
[2023-08-12T00:41:28.577+0000][gc,marking    ] GC(675) Concurrent Preclean 0.373ms
[2023-08-12T00:41:28.577+0000][gc,marking    ] GC(675) Concurrent Mark (50379.813s, 50379.879s) 65.684ms
[2023-08-12T00:41:28.578+0000][gc,start      ] GC(675) Pause Remark
[2023-08-12T00:41:28.587+0000][gc,stringtable] GC(675) Cleaned string and symbol table, strings: 45137 processed, 0 removed, symbols: 280311 processed, 0 removed
[2023-08-12T00:41:28.588+0000][gc            ] GC(675) Pause Remark 342M->342M(1024M) 10.038ms
[2023-08-12T00:41:28.588+0000][gc,cpu        ] GC(675) User=0.08s Sys=0.00s Real=0.01s
[2023-08-12T00:41:28.588+0000][gc,marking    ] GC(675) Concurrent Rebuild Remembered Sets
[2023-08-12T00:41:28.637+0000][gc,marking    ] GC(675) Concurrent Rebuild Remembered Sets 49.574ms
[2023-08-12T00:41:28.638+0000][gc,start      ] GC(675) Pause Cleanup
[2023-08-12T00:41:28.638+0000][gc            ] GC(675) Pause Cleanup 342M->342M(1024M) 0.230ms
[2023-08-12T00:41:28.638+0000][gc,cpu        ] GC(675) User=0.00s Sys=0.00s Real=0.00s
[2023-08-12T00:41:28.638+0000][gc,marking    ] GC(675) Concurrent Cleanup for Next Mark
[2023-08-12T00:41:28.640+0000][gc,marking    ] GC(675) Concurrent Cleanup for Next Mark 2.414ms
[2023-08-12T00:41:28.640+0000][gc            ] GC(675) Concurrent Cycle 138.603ms
[2023-08-12T00:43:10.480+0000][gc,start      ] GC(676) Pause Young (Prepare Mixed) (G1 Evacuation Pause)
[2023-08-12T00:43:10.480+0000][gc,task       ] GC(676) Using 8 workers of 8 for evacuation
[2023-08-12T00:43:10.501+0000][gc,mmu        ] GC(676) MMU target violated: 20.9ms (20.0ms/21.0ms)
[2023-08-12T00:43:10.501+0000][gc,phases     ] GC(676)   Pre Evacuate Collection Set: 0.0ms
[2023-08-12T00:43:10.501+0000][gc,phases     ] GC(676)   Evacuate Collection Set: 19.9ms
[2023-08-12T00:43:10.501+0000][gc,phases     ] GC(676)   Post Evacuate Collection Set: 0.7ms
[2023-08-12T00:43:10.501+0000][gc,phases     ] GC(676)   Other: 0.5ms
[2023-08-12T00:43:10.501+0000][gc,heap       ] GC(676) Eden regions: 436->0(15)
[2023-08-12T00:43:10.501+0000][gc,heap       ] GC(676) Survivor regions: 22->36(58)
[2023-08-12T00:43:10.501+0000][gc,heap       ] GC(676) Old regions: 168->168
[2023-08-12T00:43:10.501+0000][gc,heap       ] GC(676) Humongous regions: 149->149
[2023-08-12T00:43:10.501+0000][gc,metaspace  ] GC(676) Metaspace: 119217K(125028K)->119217K(125028K) NonClass: 105339K(108748K)->105339K(108748K) Class: 13877K(16280K)->13877K(16280K)
[2023-08-12T00:43:10.501+0000][gc            ] GC(676) Pause Young (Prepare Mixed) (G1 Evacuation Pause) 774M->352M(1024M) 21.208ms
[2023-08-12T00:43:10.501+0000][gc,cpu        ] GC(676) User=0.16s Sys=0.00s Real=0.02s
[2023-08-12T00:43:16.654+0000][gc,start      ] GC(677) Pause Young (Mixed) (G1 Evacuation Pause)
[2023-08-12T00:43:16.654+0000][gc,task       ] GC(677) Using 8 workers of 8 for evacuation
[2023-08-12T00:43:16.674+0000][gc,mmu        ] GC(677) MMU target violated: 20.3ms (20.0ms/21.0ms)
[2023-08-12T00:43:16.674+0000][gc,phases     ] GC(677)   Pre Evacuate Collection Set: 0.1ms
[2023-08-12T00:43:16.674+0000][gc,phases     ] GC(677)   Evacuate Collection Set: 19.5ms
[2023-08-12T00:43:16.674+0000][gc,phases     ] GC(677)   Post Evacuate Collection Set: 0.6ms
[2023-08-12T00:43:16.675+0000][gc,phases     ] GC(677)   Other: 0.5ms
[2023-08-12T00:43:16.675+0000][gc,heap       ] GC(677) Eden regions: 15->0(552)
[2023-08-12T00:43:16.675+0000][gc,heap       ] GC(677) Survivor regions: 36->4(7)
[2023-08-12T00:43:16.675+0000][gc,heap       ] GC(677) Old regions: 168->176
[2023-08-12T00:43:16.675+0000][gc,heap       ] GC(677) Humongous regions: 149->149
[2023-08-12T00:43:16.675+0000][gc,metaspace  ] GC(677) Metaspace: 119217K(125028K)->119217K(125028K) NonClass: 105339K(108748K)->105339K(108748K) Class: 13877K(16280K)->13877K(16280K)
[2023-08-12T00:43:16.675+0000][gc            ] GC(677) Pause Young (Mixed) (G1 Evacuation Pause) 367M->328M(1024M) 20.676ms
[2023-08-12T00:43:16.675+0000][gc,cpu        ] GC(677) User=0.16s Sys=0.00s Real=0.02s
[2023-08-12T00:45:32.912+0000][gc,start      ] GC(678) Pause Young (Normal) (G1 Evacuation Pause)
[2023-08-12T00:45:32.912+0000][gc,task       ] GC(678) Using 8 workers of 8 for evacuation
[2023-08-12T00:45:32.923+0000][gc,phases     ] GC(678)   Pre Evacuate Collection Set: 0.0ms
[2023-08-12T00:45:32.923+0000][gc,phases     ] GC(678)   Evacuate Collection Set: 9.5ms
[2023-08-12T00:45:32.923+0000][gc,phases     ] GC(678)   Post Evacuate Collection Set: 0.7ms
[2023-08-12T00:45:32.923+0000][gc,phases     ] GC(678)   Other: 0.4ms
[2023-08-12T00:45:32.923+0000][gc,heap       ] GC(678) Eden regions: 552->0(536)
[2023-08-12T00:45:32.923+0000][gc,heap       ] GC(678) Survivor regions: 4->17(70)
[2023-08-12T00:45:32.923+0000][gc,heap       ] GC(678) Old regions: 176->176
[2023-08-12T00:45:32.923+0000][gc,heap       ] GC(678) Humongous regions: 149->149
[2023-08-12T00:45:32.923+0000][gc,metaspace  ] GC(678) Metaspace: 119217K(125028K)->119217K(125028K) NonClass: 105339K(108748K)->105339K(108748K) Class: 13877K(16280K)->13877K(16280K)
[2023-08-12T00:45:32.923+0000][gc            ] GC(678) Pause Young (Normal) (G1 Evacuation Pause) 880M->341M(1024M) 10.708ms
[2023-08-12T00:45:32.923+0000][gc,cpu        ] GC(678) User=0.08s Sys=0.00s Real=0.01s
[2023-08-12T00:47:54.472+0000][gc,start      ] GC(679) Pause Young (Normal) (G1 Evacuation Pause)
[2023-08-12T00:47:54.472+0000][gc,task       ] GC(679) Using 8 workers of 8 for evacuation
[2023-08-12T00:47:54.485+0000][gc,phases     ] GC(679)   Pre Evacuate Collection Set: 0.0ms
[2023-08-12T00:47:54.485+0000][gc,phases     ] GC(679)   Evacuate Collection Set: 11.9ms
[2023-08-12T00:47:54.485+0000][gc,phases     ] GC(679)   Post Evacuate Collection Set: 0.7ms
[2023-08-12T00:47:54.485+0000][gc,phases     ] GC(679)   Other: 0.4ms
[2023-08-12T00:47:54.485+0000][gc,heap       ] GC(679) Eden regions: 536->0(538)
[2023-08-12T00:47:54.485+0000][gc,heap       ] GC(679) Survivor regions: 17->18(70)
[2023-08-12T00:47:54.485+0000][gc,heap       ] GC(679) Old regions: 176->176
[2023-08-12T00:47:54.485+0000][gc,heap       ] GC(679) Humongous regions: 149->149
[2023-08-12T00:47:54.485+0000][gc,metaspace  ] GC(679) Metaspace: 119217K(125028K)->119217K(125028K) NonClass: 105339K(108748K)->105339K(108748K) Class: 13877K(16280K)->13877K(16280K)
[2023-08-12T00:47:54.485+0000][gc            ] GC(679) Pause Young (Normal) (G1 Evacuation Pause) 877M->342M(1024M) 13.029ms
[2023-08-12T00:47:54.485+0000][gc,cpu        ] GC(679) User=0.09s Sys=0.00s Real=0.01s
[2023-08-12T00:50:07.337+0000][gc,start      ] GC(680) Pause Young (Concurrent Start) (G1 Evacuation Pause)
[2023-08-12T00:50:07.337+0000][gc,task       ] GC(680) Using 8 workers of 8 for evacuation
[2023-08-12T00:50:07.353+0000][gc,phases     ] GC(680)   Pre Evacuate Collection Set: 0.5ms
[2023-08-12T00:50:07.353+0000][gc,phases     ] GC(680)   Evacuate Collection Set: 14.7ms
[2023-08-12T00:50:07.353+0000][gc,phases     ] GC(680)   Post Evacuate Collection Set: 0.7ms
[2023-08-12T00:50:07.353+0000][gc,phases     ] GC(680)   Other: 0.5ms
[2023-08-12T00:50:07.353+0000][gc,heap       ] GC(680) Eden regions: 538->0(504)
[2023-08-12T00:50:07.353+0000][gc,heap       ] GC(680) Survivor regions: 18->23(70)
[2023-08-12T00:50:07.353+0000][gc,heap       ] GC(680) Old regions: 176->176
[2023-08-12T00:50:07.353+0000][gc,heap       ] GC(680) Humongous regions: 149->149
[2023-08-12T00:50:07.353+0000][gc,metaspace  ] GC(680) Metaspace: 119217K(125028K)->119217K(125028K) NonClass: 105339K(108748K)->105339K(108748K) Class: 13877K(16280K)->13877K(16280K)
[2023-08-12T00:50:07.353+0000][gc            ] GC(680) Pause Young (Concurrent Start) (G1 Evacuation Pause) 880M->347M(1024M) 16.413ms
[2023-08-12T00:50:07.353+0000][gc,cpu        ] GC(680) User=0.12s Sys=0.00s Real=0.02s
[2023-08-12T00:50:07.353+0000][gc            ] GC(681) Concurrent Cycle
[2023-08-12T00:50:07.353+0000][gc,marking    ] GC(681) Concurrent Clear Claimed Marks
[2023-08-12T00:50:07.353+0000][gc,marking    ] GC(681) Concurrent Clear Claimed Marks 0.395ms
[2023-08-12T00:50:07.353+0000][gc,marking    ] GC(681) Concurrent Scan Root Regions
[2023-08-12T00:50:07.362+0000][gc,marking    ] GC(681) Concurrent Scan Root Regions 8.962ms
[2023-08-12T00:50:07.362+0000][gc,marking    ] GC(681) Concurrent Mark (50898.664s)
[2023-08-12T00:50:07.362+0000][gc,marking    ] GC(681) Concurrent Mark From Roots
[2023-08-12T00:50:07.362+0000][gc,task       ] GC(681) Using 2 workers of 2 for marking
[2023-08-12T00:50:07.433+0000][gc,marking    ] GC(681) Concurrent Mark From Roots 70.693ms
[2023-08-12T00:50:07.433+0000][gc,marking    ] GC(681) Concurrent Preclean
[2023-08-12T00:50:07.434+0000][gc,marking    ] GC(681) Concurrent Preclean 0.390ms
[2023-08-12T00:50:07.434+0000][gc,marking    ] GC(681) Concurrent Mark (50898.664s, 50898.735s) 71.154ms
[2023-08-12T00:50:07.434+0000][gc,start      ] GC(681) Pause Remark
[2023-08-12T00:50:07.443+0000][gc,stringtable] GC(681) Cleaned string and symbol table, strings: 45137 processed, 0 removed, symbols: 280311 processed, 0 removed
[2023-08-12T00:50:07.444+0000][gc            ] GC(681) Pause Remark 349M->348M(1024M) 9.700ms
[2023-08-12T00:50:07.444+0000][gc,cpu        ] GC(681) User=0.07s Sys=0.00s Real=0.01s
[2023-08-12T00:50:07.444+0000][gc,marking    ] GC(681) Concurrent Rebuild Remembered Sets
[2023-08-12T00:50:07.488+0000][gc,marking    ] GC(681) Concurrent Rebuild Remembered Sets 44.796ms
[2023-08-12T00:50:07.489+0000][gc,start      ] GC(681) Pause Cleanup
[2023-08-12T00:50:07.489+0000][gc            ] GC(681) Pause Cleanup 348M->348M(1024M) 0.238ms
[2023-08-12T00:50:07.489+0000][gc,cpu        ] GC(681) User=0.01s Sys=0.00s Real=0.00s
[2023-08-12T00:50:07.489+0000][gc,marking    ] GC(681) Concurrent Cleanup for Next Mark
[2023-08-12T00:50:07.491+0000][gc,marking    ] GC(681) Concurrent Cleanup for Next Mark 1.518ms
[2023-08-12T00:50:07.491+0000][gc            ] GC(681) Concurrent Cycle 137.649ms
[2023-08-12T00:51:17.744+0000][gc,start      ] GC(682) Pause Young (Prepare Mixed) (G1 Evacuation Pause)
[2023-08-12T00:51:17.744+0000][gc,task       ] GC(682) Using 8 workers of 8 for evacuation
[2023-08-12T00:51:17.762+0000][gc,phases     ] GC(682)   Pre Evacuate Collection Set: 0.0ms
[2023-08-12T00:51:17.762+0000][gc,phases     ] GC(682)   Evacuate Collection Set: 16.9ms
[2023-08-12T00:51:17.762+0000][gc,phases     ] GC(682)   Post Evacuate Collection Set: 0.6ms
[2023-08-12T00:51:17.762+0000][gc,phases     ] GC(682)   Other: 0.4ms
[2023-08-12T00:51:17.762+0000][gc,heap       ] GC(682) Eden regions: 264->0(32)
[2023-08-12T00:51:17.762+0000][gc,heap       ] GC(682) Survivor regions: 23->19(36)
[2023-08-12T00:51:17.762+0000][gc,heap       ] GC(682) Old regions: 175->184
[2023-08-12T00:51:17.762+0000][gc,heap       ] GC(682) Humongous regions: 149->149
[2023-08-12T00:51:17.762+0000][gc,metaspace  ] GC(682) Metaspace: 119217K(125028K)->119217K(125028K) NonClass: 105339K(108748K)->105339K(108748K) Class: 13877K(16280K)->13877K(16280K)
[2023-08-12T00:51:17.762+0000][gc            ] GC(682) Pause Young (Prepare Mixed) (G1 Evacuation Pause) 610M->351M(1024M) 18.072ms
[2023-08-12T00:51:17.762+0000][gc,cpu        ] GC(682) User=0.14s Sys=0.00s Real=0.02s
[2023-08-12T00:51:24.395+0000][gc,start      ] GC(683) Pause Young (Mixed) (G1 Evacuation Pause)
[2023-08-12T00:51:24.395+0000][gc,task       ] GC(683) Using 8 workers of 8 for evacuation
[2023-08-12T00:51:24.408+0000][gc,phases     ] GC(683)   Pre Evacuate Collection Set: 0.1ms
[2023-08-12T00:51:24.408+0000][gc,phases     ] GC(683)   Evacuate Collection Set: 11.8ms
[2023-08-12T00:51:24.408+0000][gc,phases     ] GC(683)   Post Evacuate Collection Set: 0.5ms
[2023-08-12T00:51:24.408+0000][gc,phases     ] GC(683)   Other: 0.4ms
[2023-08-12T00:51:24.408+0000][gc,heap       ] GC(683) Eden regions: 32->0(404)
[2023-08-12T00:51:24.408+0000][gc,heap       ] GC(683) Survivor regions: 19->4(7)
[2023-08-12T00:51:24.408+0000][gc,heap       ] GC(683) Old regions: 184->170
[2023-08-12T00:51:24.408+0000][gc,heap       ] GC(683) Humongous regions: 149->149
[2023-08-12T00:51:24.408+0000][gc,metaspace  ] GC(683) Metaspace: 119217K(125028K)->119217K(125028K) NonClass: 105339K(108748K)->105339K(108748K) Class: 13877K(16280K)->13877K(16280K)
[2023-08-12T00:51:24.408+0000][gc            ] GC(683) Pause Young (Mixed) (G1 Evacuation Pause) 383M->322M(1024M) 12.879ms
[2023-08-12T00:51:24.408+0000][gc,cpu        ] GC(683) User=0.10s Sys=0.01s Real=0.01s
[2023-08-12T00:53:02.734+0000][gc,start      ] GC(684) Pause Young (Normal) (G1 Evacuation Pause)
[2023-08-12T00:53:02.734+0000][gc,task       ] GC(684) Using 8 workers of 8 for evacuation
[2023-08-12T00:53:02.743+0000][gc,phases     ] GC(684)   Pre Evacuate Collection Set: 0.0ms
[2023-08-12T00:53:02.743+0000][gc,phases     ] GC(684)   Evacuate Collection Set: 7.4ms
[2023-08-12T00:53:02.743+0000][gc,phases     ] GC(684)   Post Evacuate Collection Set: 0.7ms
[2023-08-12T00:53:02.743+0000][gc,phases     ] GC(684)   Other: 0.4ms
[2023-08-12T00:53:02.743+0000][gc,heap       ] GC(684) Eden regions: 404->0(414)
[2023-08-12T00:53:02.743+0000][gc,heap       ] GC(684) Survivor regions: 4->8(51)
[2023-08-12T00:53:02.743+0000][gc,heap       ] GC(684) Old regions: 170->170
[2023-08-12T00:53:02.743+0000][gc,heap       ] GC(684) Humongous regions: 149->149
[2023-08-12T00:53:02.743+0000][gc,metaspace  ] GC(684) Metaspace: 119217K(125028K)->119217K(125028K) NonClass: 105339K(108748K)->105339K(108748K) Class: 13877K(16280K)->13877K(16280K)
[2023-08-12T00:53:02.743+0000][gc            ] GC(684) Pause Young (Normal) (G1 Evacuation Pause) 726M->326M(1024M) 8.524ms
[2023-08-12T00:53:02.743+0000][gc,cpu        ] GC(684) User=0.06s Sys=0.00s Real=0.01s
[2023-08-12T00:54:39.474+0000][gc,start      ] GC(685) Pause Young (Normal) (G1 Evacuation Pause)
[2023-08-12T00:54:39.474+0000][gc,task       ] GC(685) Using 8 workers of 8 for evacuation
[2023-08-12T00:54:39.485+0000][gc,phases     ] GC(685)   Pre Evacuate Collection Set: 0.0ms
[2023-08-12T00:54:39.485+0000][gc,phases     ] GC(685)   Evacuate Collection Set: 10.7ms
[2023-08-12T00:54:39.485+0000][gc,phases     ] GC(685)   Post Evacuate Collection Set: 0.7ms
[2023-08-12T00:54:39.485+0000][gc,phases     ] GC(685)   Other: 0.3ms
[2023-08-12T00:54:39.485+0000][gc,heap       ] GC(685) Eden regions: 414->0(417)
[2023-08-12T00:54:39.485+0000][gc,heap       ] GC(685) Survivor regions: 8->13(53)
[2023-08-12T00:54:39.485+0000][gc,heap       ] GC(685) Old regions: 170->170
[2023-08-12T00:54:39.485+0000][gc,heap       ] GC(685) Humongous regions: 149->149
[2023-08-12T00:54:39.485+0000][gc,metaspace  ] GC(685) Metaspace: 119218K(125028K)->119218K(125028K) NonClass: 105341K(108748K)->105341K(108748K) Class: 13877K(16280K)->13877K(16280K)
[2023-08-12T00:54:39.485+0000][gc            ] GC(685) Pause Young (Normal) (G1 Evacuation Pause) 740M->330M(1024M) 11.791ms
[2023-08-12T00:54:39.485+0000][gc,cpu        ] GC(685) User=0.07s Sys=0.00s Real=0.01s
[2023-08-12T00:56:25.203+0000][gc,start      ] GC(686) Pause Young (Concurrent Start) (G1 Evacuation Pause)
[2023-08-12T00:56:25.203+0000][gc,task       ] GC(686) Using 8 workers of 8 for evacuation
[2023-08-12T00:56:25.216+0000][gc,phases     ] GC(686)   Pre Evacuate Collection Set: 0.5ms
[2023-08-12T00:56:25.216+0000][gc,phases     ] GC(686)   Evacuate Collection Set: 11.6ms
[2023-08-12T00:56:25.216+0000][gc,phases     ] GC(686)   Post Evacuate Collection Set: 0.7ms
[2023-08-12T00:56:25.216+0000][gc,phases     ] GC(686)   Other: 0.5ms
[2023-08-12T00:56:25.216+0000][gc,heap       ] GC(686) Eden regions: 417->0(401)
[2023-08-12T00:56:25.216+0000][gc,heap       ] GC(686) Survivor regions: 13->16(54)
[2023-08-12T00:56:25.216+0000][gc,heap       ] GC(686) Old regions: 170->170
[2023-08-12T00:56:25.216+0000][gc,heap       ] GC(686) Humongous regions: 149->149
[2023-08-12T00:56:25.216+0000][gc,metaspace  ] GC(686) Metaspace: 119219K(125028K)->119219K(125028K) NonClass: 105342K(108748K)->105342K(108748K) Class: 13877K(16280K)->13877K(16280K)
[2023-08-12T00:56:25.216+0000][gc            ] GC(686) Pause Young (Concurrent Start) (G1 Evacuation Pause) 747M->334M(1024M) 13.382ms
[2023-08-12T00:56:25.216+0000][gc,cpu        ] GC(686) User=0.10s Sys=0.00s Real=0.01s
[2023-08-12T00:56:25.216+0000][gc            ] GC(687) Concurrent Cycle
[2023-08-12T00:56:25.216+0000][gc,marking    ] GC(687) Concurrent Clear Claimed Marks
[2023-08-12T00:56:25.217+0000][gc,marking    ] GC(687) Concurrent Clear Claimed Marks 0.444ms
[2023-08-12T00:56:25.217+0000][gc,marking    ] GC(687) Concurrent Scan Root Regions
[2023-08-12T00:56:25.225+0000][gc,marking    ] GC(687) Concurrent Scan Root Regions 8.018ms
[2023-08-12T00:56:25.225+0000][gc,marking    ] GC(687) Concurrent Mark (51276.526s)
[2023-08-12T00:56:25.225+0000][gc,marking    ] GC(687) Concurrent Mark From Roots
[2023-08-12T00:56:25.225+0000][gc,task       ] GC(687) Using 2 workers of 2 for marking
[2023-08-12T00:56:25.289+0000][gc,marking    ] GC(687) Concurrent Mark From Roots 64.115ms
[2023-08-12T00:56:25.289+0000][gc,marking    ] GC(687) Concurrent Preclean
[2023-08-12T00:56:25.289+0000][gc,marking    ] GC(687) Concurrent Preclean 0.366ms
[2023-08-12T00:56:25.289+0000][gc,marking    ] GC(687) Concurrent Mark (51276.526s, 51276.591s) 64.572ms
[2023-08-12T00:56:25.289+0000][gc,start      ] GC(687) Pause Remark
[2023-08-12T00:56:25.299+0000][gc,stringtable] GC(687) Cleaned string and symbol table, strings: 45137 processed, 0 removed, symbols: 280311 processed, 0 removed
[2023-08-12T00:56:25.299+0000][gc            ] GC(687) Pause Remark 337M->336M(1024M) 10.019ms
[2023-08-12T00:56:25.299+0000][gc,cpu        ] GC(687) User=0.07s Sys=0.00s Real=0.02s
[2023-08-12T00:56:25.299+0000][gc,marking    ] GC(687) Concurrent Rebuild Remembered Sets
[2023-08-12T00:56:25.349+0000][gc,marking    ] GC(687) Concurrent Rebuild Remembered Sets 49.240ms
[2023-08-12T00:56:25.349+0000][gc,start      ] GC(687) Pause Cleanup
[2023-08-12T00:56:25.349+0000][gc            ] GC(687) Pause Cleanup 336M->336M(1024M) 0.241ms
[2023-08-12T00:56:25.349+0000][gc,cpu        ] GC(687) User=0.00s Sys=0.00s Real=0.00s
[2023-08-12T00:56:25.349+0000][gc,marking    ] GC(687) Concurrent Cleanup for Next Mark
[2023-08-12T00:56:25.351+0000][gc,marking    ] GC(687) Concurrent Cleanup for Next Mark 1.356ms
[2023-08-12T00:56:25.351+0000][gc            ] GC(687) Concurrent Cycle 134.638ms
[2023-08-12T00:57:54.446+0000][gc,start      ] GC(688) Pause Young (Prepare Mixed) (G1 Evacuation Pause)
[2023-08-12T00:57:54.446+0000][gc,task       ] GC(688) Using 8 workers of 8 for evacuation
[2023-08-12T00:57:54.461+0000][gc,phases     ] GC(688)   Pre Evacuate Collection Set: 0.0ms
[2023-08-12T00:57:54.461+0000][gc,phases     ] GC(688)   Evacuate Collection Set: 13.2ms
[2023-08-12T00:57:54.461+0000][gc,phases     ] GC(688)   Post Evacuate Collection Set: 0.7ms
[2023-08-12T00:57:54.461+0000][gc,phases     ] GC(688)   Other: 0.4ms
[2023-08-12T00:57:54.461+0000][gc,heap       ] GC(688) Eden regions: 353->0(29)
[2023-08-12T00:57:54.461+0000][gc,heap       ] GC(688) Survivor regions: 16->22(47)
[2023-08-12T00:57:54.461+0000][gc,heap       ] GC(688) Old regions: 168->168
[2023-08-12T00:57:54.461+0000][gc,heap       ] GC(688) Humongous regions: 149->149
[2023-08-12T00:57:54.461+0000][gc,metaspace  ] GC(688) Metaspace: 119219K(125028K)->119219K(125028K) NonClass: 105342K(108748K)->105342K(108748K) Class: 13877K(16280K)->13877K(16280K)
[2023-08-12T00:57:54.461+0000][gc            ] GC(688) Pause Young (Prepare Mixed) (G1 Evacuation Pause) 686M->338M(1024M) 14.386ms
[2023-08-12T00:57:54.461+0000][gc,cpu        ] GC(688) User=0.11s Sys=0.00s Real=0.02s
[2023-08-12T00:58:01.997+0000][gc,start      ] GC(689) Pause Young (Mixed) (G1 Evacuation Pause)
[2023-08-12T00:58:01.997+0000][gc,task       ] GC(689) Using 8 workers of 8 for evacuation
[2023-08-12T00:58:02.011+0000][gc,phases     ] GC(689)   Pre Evacuate Collection Set: 0.1ms
[2023-08-12T00:58:02.011+0000][gc,phases     ] GC(689)   Evacuate Collection Set: 12.9ms
[2023-08-12T00:58:02.011+0000][gc,phases     ] GC(689)   Post Evacuate Collection Set: 0.6ms
[2023-08-12T00:58:02.012+0000][gc,phases     ] GC(689)   Other: 0.4ms
[2023-08-12T00:58:02.012+0000][gc,heap       ] GC(689) Eden regions: 29->0(440)
[2023-08-12T00:58:02.012+0000][gc,heap       ] GC(689) Survivor regions: 22->3(7)
[2023-08-12T00:58:02.012+0000][gc,heap       ] GC(689) Old regions: 168->161
[2023-08-12T00:58:02.012+0000][gc,heap       ] GC(689) Humongous regions: 149->149
[2023-08-12T00:58:02.012+0000][gc,metaspace  ] GC(689) Metaspace: 119219K(125028K)->119219K(125028K) NonClass: 105342K(108748K)->105342K(108748K) Class: 13877K(16280K)->13877K(16280K)
[2023-08-12T00:58:02.012+0000][gc            ] GC(689) Pause Young (Mixed) (G1 Evacuation Pause) 367M->312M(1024M) 14.120ms
[2023-08-12T00:58:02.012+0000][gc,cpu        ] GC(689) User=0.10s Sys=0.01s Real=0.02s
[2023-08-12T00:59:56.302+0000][gc,start      ] GC(690) Pause Young (Normal) (G1 Evacuation Pause)
[2023-08-12T00:59:56.302+0000][gc,task       ] GC(690) Using 8 workers of 8 for evacuation
[2023-08-12T00:59:56.311+0000][gc,phases     ] GC(690)   Pre Evacuate Collection Set: 0.0ms
[2023-08-12T00:59:56.311+0000][gc,phases     ] GC(690)   Evacuate Collection Set: 8.2ms
[2023-08-12T00:59:56.311+0000][gc,phases     ] GC(690)   Post Evacuate Collection Set: 0.7ms
[2023-08-12T00:59:56.311+0000][gc,phases     ] GC(690)   Other: 0.3ms
[2023-08-12T00:59:56.311+0000][gc,heap       ] GC(690) Eden regions: 440->0(439)
[2023-08-12T00:59:56.311+0000][gc,heap       ] GC(690) Survivor regions: 3->8(56)
[2023-08-12T00:59:56.311+0000][gc,heap       ] GC(690) Old regions: 161->161
[2023-08-12T00:59:56.311+0000][gc,heap       ] GC(690) Humongous regions: 149->149
[2023-08-12T00:59:56.311+0000][gc,metaspace  ] GC(690) Metaspace: 119219K(125028K)->119219K(125028K) NonClass: 105342K(108748K)->105342K(108748K) Class: 13877K(16280K)->13877K(16280K)
[2023-08-12T00:59:56.311+0000][gc            ] GC(690) Pause Young (Normal) (G1 Evacuation Pause) 752M->317M(1024M) 9.340ms
[2023-08-12T00:59:56.311+0000][gc,cpu        ] GC(690) User=0.06s Sys=0.01s Real=0.01s
[2023-08-12T01:01:40.311+0000][gc,start      ] GC(691) Pause Young (Normal) (G1 Evacuation Pause)
[2023-08-12T01:01:40.311+0000][gc,task       ] GC(691) Using 8 workers of 8 for evacuation
[2023-08-12T01:01:40.322+0000][gc,phases     ] GC(691)   Pre Evacuate Collection Set: 0.0ms
[2023-08-12T01:01:40.322+0000][gc,phases     ] GC(691)   Evacuate Collection Set: 10.8ms
[2023-08-12T01:01:40.322+0000][gc,phases     ] GC(691)   Post Evacuate Collection Set: 0.7ms
[2023-08-12T01:01:40.322+0000][gc,phases     ] GC(691)   Other: 0.4ms
[2023-08-12T01:01:40.322+0000][gc,heap       ] GC(691) Eden regions: 439->0(448)
[2023-08-12T01:01:40.322+0000][gc,heap       ] GC(691) Survivor regions: 8->12(56)
[2023-08-12T01:01:40.323+0000][gc,heap       ] GC(691) Old regions: 161->161
[2023-08-12T01:01:40.323+0000][gc,heap       ] GC(691) Humongous regions: 149->149
[2023-08-12T01:01:40.323+0000][gc,metaspace  ] GC(691) Metaspace: 119219K(125028K)->119219K(125028K) NonClass: 105342K(108748K)->105342K(108748K) Class: 13877K(16280K)->13877K(16280K)
[2023-08-12T01:01:40.323+0000][gc            ] GC(691) Pause Young (Normal) (G1 Evacuation Pause) 756M->321M(1024M) 11.978ms
[2023-08-12T01:01:40.323+0000][gc,cpu        ] GC(691) User=0.07s Sys=0.00s Real=0.02s
[2023-08-12T01:03:32.914+0000][gc,start      ] GC(692) Pause Young (Concurrent Start) (G1 Evacuation Pause)
[2023-08-12T01:03:32.914+0000][gc,task       ] GC(692) Using 8 workers of 8 for evacuation
[2023-08-12T01:03:32.928+0000][gc,phases     ] GC(692)   Pre Evacuate Collection Set: 0.5ms
[2023-08-12T01:03:32.928+0000][gc,phases     ] GC(692)   Evacuate Collection Set: 12.8ms
[2023-08-12T01:03:32.928+0000][gc,phases     ] GC(692)   Post Evacuate Collection Set: 0.7ms
[2023-08-12T01:03:32.928+0000][gc,phases     ] GC(692)   Other: 0.4ms
[2023-08-12T01:03:32.928+0000][gc,heap       ] GC(692) Eden regions: 448->0(410)
[2023-08-12T01:03:32.928+0000][gc,heap       ] GC(692) Survivor regions: 12->24(58)
[2023-08-12T01:03:32.928+0000][gc,heap       ] GC(692) Old regions: 161->161
[2023-08-12T01:03:32.928+0000][gc,heap       ] GC(692) Humongous regions: 149->149
[2023-08-12T01:03:32.928+0000][gc,metaspace  ] GC(692) Metaspace: 119221K(125028K)->119221K(125028K) NonClass: 105343K(108748K)->105343K(108748K) Class: 13877K(16280K)->13877K(16280K)
[2023-08-12T01:03:32.928+0000][gc            ] GC(692) Pause Young (Concurrent Start) (G1 Evacuation Pause) 769M->333M(1024M) 14.527ms
[2023-08-12T01:03:32.928+0000][gc,cpu        ] GC(692) User=0.10s Sys=0.00s Real=0.01s
[2023-08-12T01:03:32.928+0000][gc            ] GC(693) Concurrent Cycle
[2023-08-12T01:03:32.928+0000][gc,marking    ] GC(693) Concurrent Clear Claimed Marks
[2023-08-12T01:03:32.929+0000][gc,marking    ] GC(693) Concurrent Clear Claimed Marks 0.386ms
[2023-08-12T01:03:32.929+0000][gc,marking    ] GC(693) Concurrent Scan Root Regions
[2023-08-12T01:03:32.937+0000][gc,marking    ] GC(693) Concurrent Scan Root Regions 7.833ms
[2023-08-12T01:03:32.937+0000][gc,marking    ] GC(693) Concurrent Mark (51704.238s)
[2023-08-12T01:03:32.937+0000][gc,marking    ] GC(693) Concurrent Mark From Roots
[2023-08-12T01:03:32.937+0000][gc,task       ] GC(693) Using 2 workers of 2 for marking
[2023-08-12T01:03:33.011+0000][gc,marking    ] GC(693) Concurrent Mark From Roots 74.847ms
[2023-08-12T01:03:33.011+0000][gc,marking    ] GC(693) Concurrent Preclean
[2023-08-12T01:03:33.012+0000][gc,marking    ] GC(693) Concurrent Preclean 0.357ms
[2023-08-12T01:03:33.012+0000][gc,marking    ] GC(693) Concurrent Mark (51704.238s, 51704.313s) 75.272ms
[2023-08-12T01:03:33.012+0000][gc,start      ] GC(693) Pause Remark
[2023-08-12T01:03:33.022+0000][gc,stringtable] GC(693) Cleaned string and symbol table, strings: 45137 processed, 0 removed, symbols: 280311 processed, 0 removed
[2023-08-12T01:03:33.022+0000][gc            ] GC(693) Pause Remark 350M->350M(1024M) 9.799ms
[2023-08-12T01:03:33.022+0000][gc,cpu        ] GC(693) User=0.08s Sys=0.00s Real=0.01s
[2023-08-12T01:03:33.022+0000][gc,marking    ] GC(693) Concurrent Rebuild Remembered Sets
[2023-08-12T01:03:33.063+0000][gc,marking    ] GC(693) Concurrent Rebuild Remembered Sets 41.408ms
[2023-08-12T01:03:33.064+0000][gc,start      ] GC(693) Pause Cleanup
[2023-08-12T01:03:33.064+0000][gc            ] GC(693) Pause Cleanup 350M->350M(1024M) 0.242ms
[2023-08-12T01:03:33.064+0000][gc,cpu        ] GC(693) User=0.00s Sys=0.00s Real=0.00s
[2023-08-12T01:03:33.064+0000][gc,marking    ] GC(693) Concurrent Cleanup for Next Mark
[2023-08-12T01:03:33.065+0000][gc,marking    ] GC(693) Concurrent Cleanup for Next Mark 1.400ms
[2023-08-12T01:03:33.065+0000][gc            ] GC(693) Concurrent Cycle 137.110ms
[2023-08-12T01:05:09.471+0000][gc,start      ] GC(694) Pause Young (Prepare Mixed) (G1 Evacuation Pause)
[2023-08-12T01:05:09.471+0000][gc,task       ] GC(694) Using 8 workers of 8 for evacuation
[2023-08-12T01:05:09.486+0000][gc,phases     ] GC(694)   Pre Evacuate Collection Set: 0.1ms
[2023-08-12T01:05:09.486+0000][gc,phases     ] GC(694)   Evacuate Collection Set: 13.9ms
[2023-08-12T01:05:09.486+0000][gc,phases     ] GC(694)   Post Evacuate Collection Set: 0.7ms
[2023-08-12T01:05:09.486+0000][gc,phases     ] GC(694)   Other: 0.4ms
[2023-08-12T01:05:09.486+0000][gc,heap       ] GC(694) Eden regions: 366->0(27)
[2023-08-12T01:05:09.486+0000][gc,heap       ] GC(694) Survivor regions: 24->24(49)
[2023-08-12T01:05:09.486+0000][gc,heap       ] GC(694) Old regions: 161->161
[2023-08-12T01:05:09.486+0000][gc,heap       ] GC(694) Humongous regions: 149->149
[2023-08-12T01:05:09.486+0000][gc,metaspace  ] GC(694) Metaspace: 119223K(125028K)->119223K(125028K) NonClass: 105346K(108748K)->105346K(108748K) Class: 13877K(16280K)->13877K(16280K)
[2023-08-12T01:05:09.486+0000][gc            ] GC(694) Pause Young (Prepare Mixed) (G1 Evacuation Pause) 699M->333M(1024M) 15.112ms
[2023-08-12T01:05:09.486+0000][gc,cpu        ] GC(694) User=0.11s Sys=0.00s Real=0.01s
[2023-08-12T01:05:17.509+0000][gc,start      ] GC(695) Pause Young (Mixed) (G1 Evacuation Pause)
[2023-08-12T01:05:17.509+0000][gc,task       ] GC(695) Using 8 workers of 8 for evacuation
[2023-08-12T01:05:17.524+0000][gc,phases     ] GC(695)   Pre Evacuate Collection Set: 0.1ms
[2023-08-12T01:05:17.524+0000][gc,phases     ] GC(695)   Evacuate Collection Set: 13.8ms
[2023-08-12T01:05:17.524+0000][gc,phases     ] GC(695)   Post Evacuate Collection Set: 0.5ms
[2023-08-12T01:05:17.524+0000][gc,phases     ] GC(695)   Other: 0.4ms
[2023-08-12T01:05:17.524+0000][gc,heap       ] GC(695) Eden regions: 27->0(511)
[2023-08-12T01:05:17.524+0000][gc,heap       ] GC(695) Survivor regions: 24->4(7)
[2023-08-12T01:05:17.524+0000][gc,heap       ] GC(695) Old regions: 161->164
[2023-08-12T01:05:17.524+0000][gc,heap       ] GC(695) Humongous regions: 149->149
[2023-08-12T01:05:17.524+0000][gc,metaspace  ] GC(695) Metaspace: 119223K(125028K)->119223K(125028K) NonClass: 105346K(108748K)->105346K(108748K) Class: 13877K(16280K)->13877K(16280K)
[2023-08-12T01:05:17.524+0000][gc            ] GC(695) Pause Young (Mixed) (G1 Evacuation Pause) 360M->316M(1024M) 14.931ms
[2023-08-12T01:05:17.524+0000][gc,cpu        ] GC(695) User=0.11s Sys=0.00s Real=0.02s
[2023-08-12T01:07:23.721+0000][gc,start      ] GC(696) Pause Young (Normal) (G1 Evacuation Pause)
[2023-08-12T01:07:23.721+0000][gc,task       ] GC(696) Using 8 workers of 8 for evacuation
[2023-08-12T01:07:23.730+0000][gc,phases     ] GC(696)   Pre Evacuate Collection Set: 0.0ms
[2023-08-12T01:07:23.730+0000][gc,phases     ] GC(696)   Evacuate Collection Set: 7.4ms
[2023-08-12T01:07:23.730+0000][gc,phases     ] GC(696)   Post Evacuate Collection Set: 0.7ms
[2023-08-12T01:07:23.730+0000][gc,phases     ] GC(696)   Other: 0.3ms
[2023-08-12T01:07:23.730+0000][gc,heap       ] GC(696) Eden regions: 511->0(514)
[2023-08-12T01:07:23.730+0000][gc,heap       ] GC(696) Survivor regions: 4->9(65)
[2023-08-12T01:07:23.730+0000][gc,heap       ] GC(696) Old regions: 164->164
[2023-08-12T01:07:23.730+0000][gc,heap       ] GC(696) Humongous regions: 149->149
[2023-08-12T01:07:23.730+0000][gc,metaspace  ] GC(696) Metaspace: 119223K(125028K)->119223K(125028K) NonClass: 105346K(108748K)->105346K(108748K) Class: 13877K(16280K)->13877K(16280K)
[2023-08-12T01:07:23.730+0000][gc            ] GC(696) Pause Young (Normal) (G1 Evacuation Pause) 827M->321M(1024M) 8.612ms
[2023-08-12T01:07:23.730+0000][gc,cpu        ] GC(696) User=0.06s Sys=0.00s Real=0.00s
[2023-08-12T01:09:32.732+0000][gc,start      ] GC(697) Pause Young (Normal) (G1 Evacuation Pause)
[2023-08-12T01:09:32.732+0000][gc,task       ] GC(697) Using 8 workers of 8 for evacuation
[2023-08-12T01:09:32.752+0000][gc,phases     ] GC(697)   Pre Evacuate Collection Set: 0.1ms
[2023-08-12T01:09:32.752+0000][gc,phases     ] GC(697)   Evacuate Collection Set: 18.7ms
[2023-08-12T01:09:32.752+0000][gc,phases     ] GC(697)   Post Evacuate Collection Set: 0.8ms
[2023-08-12T01:09:32.752+0000][gc,phases     ] GC(697)   Other: 0.5ms
[2023-08-12T01:09:32.752+0000][gc,heap       ] GC(697) Eden regions: 514->0(498)
[2023-08-12T01:09:32.752+0000][gc,heap       ] GC(697) Survivor regions: 9->14(66)
[2023-08-12T01:09:32.752+0000][gc,heap       ] GC(697) Old regions: 164->164
[2023-08-12T01:09:32.752+0000][gc,heap       ] GC(697) Humongous regions: 149->149
[2023-08-12T01:09:32.752+0000][gc,metaspace  ] GC(697) Metaspace: 119223K(125028K)->119223K(125028K) NonClass: 105346K(108748K)->105346K(108748K) Class: 13877K(16280K)->13877K(16280K)
[2023-08-12T01:09:32.752+0000][gc            ] GC(697) Pause Young (Normal) (G1 Evacuation Pause) 835M->325M(1024M) 20.148ms
[2023-08-12T01:09:32.752+0000][gc,cpu        ] GC(697) User=0.12s Sys=0.00s Real=0.02s
[2023-08-12T01:11:34.558+0000][gc,start      ] GC(698) Pause Young (Concurrent Start) (G1 Evacuation Pause)
[2023-08-12T01:11:34.558+0000][gc,task       ] GC(698) Using 8 workers of 8 for evacuation
[2023-08-12T01:11:34.572+0000][gc,phases     ] GC(698)   Pre Evacuate Collection Set: 0.5ms
[2023-08-12T01:11:34.572+0000][gc,phases     ] GC(698)   Evacuate Collection Set: 12.7ms
[2023-08-12T01:11:34.572+0000][gc,phases     ] GC(698)   Post Evacuate Collection Set: 0.7ms
[2023-08-12T01:11:34.572+0000][gc,phases     ] GC(698)   Other: 0.4ms
[2023-08-12T01:11:34.572+0000][gc,heap       ] GC(698) Eden regions: 498->0(474)
[2023-08-12T01:11:34.572+0000][gc,heap       ] GC(698) Survivor regions: 14->20(64)
[2023-08-12T01:11:34.572+0000][gc,heap       ] GC(698) Old regions: 164->164
[2023-08-12T01:11:34.572+0000][gc,heap       ] GC(698) Humongous regions: 149->149
[2023-08-12T01:11:34.572+0000][gc,metaspace  ] GC(698) Metaspace: 119223K(125028K)->119223K(125028K) NonClass: 105346K(108748K)->105346K(108748K) Class: 13877K(16280K)->13877K(16280K)
[2023-08-12T01:11:34.572+0000][gc            ] GC(698) Pause Young (Concurrent Start) (G1 Evacuation Pause) 823M->332M(1024M) 14.427ms
[2023-08-12T01:11:34.572+0000][gc,cpu        ] GC(698) User=0.10s Sys=0.00s Real=0.02s
[2023-08-12T01:11:34.572+0000][gc            ] GC(699) Concurrent Cycle
[2023-08-12T01:11:34.572+0000][gc,marking    ] GC(699) Concurrent Clear Claimed Marks
[2023-08-12T01:11:34.572+0000][gc,marking    ] GC(699) Concurrent Clear Claimed Marks 0.269ms
[2023-08-12T01:11:34.572+0000][gc,marking    ] GC(699) Concurrent Scan Root Regions
[2023-08-12T01:11:34.580+0000][gc,marking    ] GC(699) Concurrent Scan Root Regions 7.806ms
[2023-08-12T01:11:34.580+0000][gc,marking    ] GC(699) Concurrent Mark (52185.882s)
[2023-08-12T01:11:34.580+0000][gc,marking    ] GC(699) Concurrent Mark From Roots
[2023-08-12T01:11:34.580+0000][gc,task       ] GC(699) Using 2 workers of 2 for marking
[2023-08-12T01:11:34.646+0000][gc,marking    ] GC(699) Concurrent Mark From Roots 65.656ms
[2023-08-12T01:11:34.646+0000][gc,marking    ] GC(699) Concurrent Preclean
[2023-08-12T01:11:34.646+0000][gc,marking    ] GC(699) Concurrent Preclean 0.423ms
[2023-08-12T01:11:34.646+0000][gc,marking    ] GC(699) Concurrent Mark (52185.882s, 52185.948s) 66.168ms
[2023-08-12T01:11:34.647+0000][gc,start      ] GC(699) Pause Remark
[2023-08-12T01:11:34.656+0000][gc,stringtable] GC(699) Cleaned string and symbol table, strings: 45145 processed, 0 removed, symbols: 280311 processed, 0 removed
[2023-08-12T01:11:34.656+0000][gc            ] GC(699) Pause Remark 335M->335M(1024M) 9.721ms
[2023-08-12T01:11:34.656+0000][gc,cpu        ] GC(699) User=0.07s Sys=0.00s Real=0.01s
[2023-08-12T01:11:34.656+0000][gc,marking    ] GC(699) Concurrent Rebuild Remembered Sets
[2023-08-12T01:11:34.699+0000][gc,marking    ] GC(699) Concurrent Rebuild Remembered Sets 42.119ms
[2023-08-12T01:11:34.699+0000][gc,start      ] GC(699) Pause Cleanup
[2023-08-12T01:11:34.699+0000][gc            ] GC(699) Pause Cleanup 335M->335M(1024M) 0.251ms
[2023-08-12T01:11:34.699+0000][gc,cpu        ] GC(699) User=0.00s Sys=0.00s Real=0.00s
[2023-08-12T01:11:34.699+0000][gc,marking    ] GC(699) Concurrent Cleanup for Next Mark
[2023-08-12T01:11:34.701+0000][gc,marking    ] GC(699) Concurrent Cleanup for Next Mark 1.365ms
[2023-08-12T01:11:34.701+0000][gc            ] GC(699) Concurrent Cycle 128.534ms
[2023-08-12T01:13:14.562+0000][gc,start      ] GC(700) Pause Young (Prepare Mixed) (G1 Evacuation Pause)
[2023-08-12T01:13:14.562+0000][gc,task       ] GC(700) Using 8 workers of 8 for evacuation
[2023-08-12T01:13:14.578+0000][gc,phases     ] GC(700)   Pre Evacuate Collection Set: 0.0ms
[2023-08-12T01:13:14.578+0000][gc,phases     ] GC(700)   Evacuate Collection Set: 14.9ms
[2023-08-12T01:13:14.578+0000][gc,phases     ] GC(700)   Post Evacuate Collection Set: 0.7ms
[2023-08-12T01:13:14.578+0000][gc,phases     ] GC(700)   Other: 0.4ms
[2023-08-12T01:13:14.578+0000][gc,heap       ] GC(700) Eden regions: 415->0(27)
[2023-08-12T01:13:14.578+0000][gc,heap       ] GC(700) Survivor regions: 20->24(55)
[2023-08-12T01:13:14.578+0000][gc,heap       ] GC(700) Old regions: 164->164
[2023-08-12T01:13:14.578+0000][gc,heap       ] GC(700) Humongous regions: 149->149
[2023-08-12T01:13:14.578+0000][gc,metaspace  ] GC(700) Metaspace: 119223K(125028K)->119223K(125028K) NonClass: 105346K(108748K)->105346K(108748K) Class: 13877K(16280K)->13877K(16280K)
[2023-08-12T01:13:14.578+0000][gc            ] GC(700) Pause Young (Prepare Mixed) (G1 Evacuation Pause) 747M->336M(1024M) 16.124ms
[2023-08-12T01:13:14.578+0000][gc,cpu        ] GC(700) User=0.12s Sys=0.00s Real=0.01s
[2023-08-12T01:13:24.369+0000][gc,start      ] GC(701) Pause Young (Mixed) (G1 Evacuation Pause)
[2023-08-12T01:13:24.369+0000][gc,task       ] GC(701) Using 8 workers of 8 for evacuation
[2023-08-12T01:13:24.385+0000][gc,phases     ] GC(701)   Pre Evacuate Collection Set: 0.1ms
[2023-08-12T01:13:24.385+0000][gc,phases     ] GC(701)   Evacuate Collection Set: 15.5ms
[2023-08-12T01:13:24.385+0000][gc,phases     ] GC(701)   Post Evacuate Collection Set: 0.6ms
[2023-08-12T01:13:24.385+0000][gc,phases     ] GC(701)   Other: 0.4ms
[2023-08-12T01:13:24.385+0000][gc,heap       ] GC(701) Eden regions: 27->0(542)
[2023-08-12T01:13:24.385+0000][gc,heap       ] GC(701) Survivor regions: 24->4(7)
[2023-08-12T01:13:24.385+0000][gc,heap       ] GC(701) Old regions: 164->166
[2023-08-12T01:13:24.385+0000][gc,heap       ] GC(701) Humongous regions: 149->149
[2023-08-12T01:13:24.385+0000][gc,metaspace  ] GC(701) Metaspace: 119223K(125028K)->119223K(125028K) NonClass: 105346K(108748K)->105346K(108748K) Class: 13877K(16280K)->13877K(16280K)
[2023-08-12T01:13:24.385+0000][gc            ] GC(701) Pause Young (Mixed) (G1 Evacuation Pause) 363M->318M(1024M) 16.657ms
[2023-08-12T01:13:24.385+0000][gc,cpu        ] GC(701) User=0.13s Sys=0.00s Real=0.02s
[2023-08-12T01:15:32.920+0000][gc,start      ] GC(702) Pause Young (Normal) (G1 Evacuation Pause)
[2023-08-12T01:15:32.920+0000][gc,task       ] GC(702) Using 8 workers of 8 for evacuation
[2023-08-12T01:15:32.931+0000][gc,phases     ] GC(702)   Pre Evacuate Collection Set: 0.0ms
[2023-08-12T01:15:32.931+0000][gc,phases     ] GC(702)   Evacuate Collection Set: 9.5ms
[2023-08-12T01:15:32.931+0000][gc,phases     ] GC(702)   Post Evacuate Collection Set: 0.7ms
[2023-08-12T01:15:32.931+0000][gc,phases     ] GC(702)   Other: 0.3ms
[2023-08-12T01:15:32.931+0000][gc,heap       ] GC(702) Eden regions: 542->0(531)
[2023-08-12T01:15:32.931+0000][gc,heap       ] GC(702) Survivor regions: 4->13(69)
[2023-08-12T01:15:32.931+0000][gc,heap       ] GC(702) Old regions: 166->166
[2023-08-12T01:15:32.931+0000][gc,heap       ] GC(702) Humongous regions: 149->149
[2023-08-12T01:15:32.931+0000][gc,metaspace  ] GC(702) Metaspace: 119223K(125028K)->119223K(125028K) NonClass: 105346K(108748K)->105346K(108748K) Class: 13877K(16280K)->13877K(16280K)
[2023-08-12T01:15:32.931+0000][gc            ] GC(702) Pause Young (Normal) (G1 Evacuation Pause) 860M->326M(1024M) 10.652ms
[2023-08-12T01:15:32.931+0000][gc,cpu        ] GC(702) User=0.07s Sys=0.00s Real=0.01s
[2023-08-12T01:17:54.477+0000][gc,start      ] GC(703) Pause Young (Normal) (G1 Evacuation Pause)
[2023-08-12T01:17:54.477+0000][gc,task       ] GC(703) Using 8 workers of 8 for evacuation
[2023-08-12T01:17:54.498+0000][gc,mmu        ] GC(703) MMU target violated: 21.0ms (20.0ms/21.0ms)
[2023-08-12T01:17:54.498+0000][gc,phases     ] GC(703)   Pre Evacuate Collection Set: 0.1ms
[2023-08-12T01:17:54.498+0000][gc,phases     ] GC(703)   Evacuate Collection Set: 20.1ms
[2023-08-12T01:17:54.498+0000][gc,phases     ] GC(703)   Post Evacuate Collection Set: 0.8ms
[2023-08-12T01:17:54.498+0000][gc,phases     ] GC(703)   Other: 0.5ms
[2023-08-12T01:17:54.498+0000][gc,heap       ] GC(703) Eden regions: 531->0(510)
[2023-08-12T01:17:54.498+0000][gc,heap       ] GC(703) Survivor regions: 13->16(68)
[2023-08-12T01:17:54.498+0000][gc,heap       ] GC(703) Old regions: 166->166
[2023-08-12T01:17:54.498+0000][gc,heap       ] GC(703) Humongous regions: 149->149
[2023-08-12T01:17:54.498+0000][gc,metaspace  ] GC(703) Metaspace: 119223K(125028K)->119223K(125028K) NonClass: 105346K(108748K)->105346K(108748K) Class: 13877K(16280K)->13877K(16280K)
[2023-08-12T01:17:54.498+0000][gc            ] GC(703) Pause Young (Normal) (G1 Evacuation Pause) 857M->329M(1024M) 21.470ms
[2023-08-12T01:17:54.498+0000][gc,cpu        ] GC(703) User=0.13s Sys=0.00s Real=0.02s
[2023-08-12T01:19:55.196+0000][gc,start      ] GC(704) Pause Young (Concurrent Start) (G1 Evacuation Pause)
[2023-08-12T01:19:55.196+0000][gc,task       ] GC(704) Using 8 workers of 8 for evacuation
[2023-08-12T01:19:55.211+0000][gc,phases     ] GC(704)   Pre Evacuate Collection Set: 0.5ms
[2023-08-12T01:19:55.211+0000][gc,phases     ] GC(704)   Evacuate Collection Set: 13.4ms
[2023-08-12T01:19:55.211+0000][gc,phases     ] GC(704)   Post Evacuate Collection Set: 0.7ms
[2023-08-12T01:19:55.211+0000][gc,phases     ] GC(704)   Other: 0.4ms
[2023-08-12T01:19:55.211+0000][gc,heap       ] GC(704) Eden regions: 510->0(471)
[2023-08-12T01:19:55.211+0000][gc,heap       ] GC(704) Survivor regions: 16->22(66)
[2023-08-12T01:19:55.211+0000][gc,heap       ] GC(704) Old regions: 166->166
[2023-08-12T01:19:55.211+0000][gc,heap       ] GC(704) Humongous regions: 149->149
[2023-08-12T01:19:55.211+0000][gc,metaspace  ] GC(704) Metaspace: 119223K(125028K)->119223K(125028K) NonClass: 105346K(108748K)->105346K(108748K) Class: 13877K(16280K)->13877K(16280K)
[2023-08-12T01:19:55.211+0000][gc            ] GC(704) Pause Young (Concurrent Start) (G1 Evacuation Pause) 839M->335M(1024M) 15.096ms
[2023-08-12T01:19:55.211+0000][gc,cpu        ] GC(704) User=0.10s Sys=0.00s Real=0.02s
[2023-08-12T01:19:55.211+0000][gc            ] GC(705) Concurrent Cycle
[2023-08-12T01:19:55.211+0000][gc,marking    ] GC(705) Concurrent Clear Claimed Marks
[2023-08-12T01:19:55.212+0000][gc,marking    ] GC(705) Concurrent Clear Claimed Marks 0.464ms
[2023-08-12T01:19:55.212+0000][gc,marking    ] GC(705) Concurrent Scan Root Regions
[2023-08-12T01:19:55.221+0000][gc,marking    ] GC(705) Concurrent Scan Root Regions 9.083ms
[2023-08-12T01:19:55.221+0000][gc,marking    ] GC(705) Concurrent Mark (52686.522s)
[2023-08-12T01:19:55.221+0000][gc,marking    ] GC(705) Concurrent Mark From Roots
[2023-08-12T01:19:55.221+0000][gc,task       ] GC(705) Using 2 workers of 2 for marking
[2023-08-12T01:19:55.287+0000][gc,marking    ] GC(705) Concurrent Mark From Roots 66.041ms
[2023-08-12T01:19:55.287+0000][gc,marking    ] GC(705) Concurrent Preclean
[2023-08-12T01:19:55.287+0000][gc,marking    ] GC(705) Concurrent Preclean 0.395ms
[2023-08-12T01:19:55.287+0000][gc,marking    ] GC(705) Concurrent Mark (52686.522s, 52686.589s) 66.521ms
[2023-08-12T01:19:55.288+0000][gc,start      ] GC(705) Pause Remark
[2023-08-12T01:19:55.298+0000][gc,stringtable] GC(705) Cleaned string and symbol table, strings: 45152 processed, 0 removed, symbols: 280311 processed, 0 removed
[2023-08-12T01:19:55.298+0000][gc            ] GC(705) Pause Remark 341M->341M(1024M) 10.500ms
[2023-08-12T01:19:55.298+0000][gc,cpu        ] GC(705) User=0.07s Sys=0.01s Real=0.01s
[2023-08-12T01:19:55.298+0000][gc,marking    ] GC(705) Concurrent Rebuild Remembered Sets
[2023-08-12T01:19:55.340+0000][gc,marking    ] GC(705) Concurrent Rebuild Remembered Sets 42.101ms
[2023-08-12T01:19:55.341+0000][gc,start      ] GC(705) Pause Cleanup
[2023-08-12T01:19:55.341+0000][gc            ] GC(705) Pause Cleanup 341M->341M(1024M) 0.272ms
[2023-08-12T01:19:55.341+0000][gc,cpu        ] GC(705) User=0.00s Sys=0.00s Real=0.00s
[2023-08-12T01:19:55.341+0000][gc,marking    ] GC(705) Concurrent Cleanup for Next Mark
[2023-08-12T01:19:55.342+0000][gc,marking    ] GC(705) Concurrent Cleanup for Next Mark 1.350ms
[2023-08-12T01:19:55.342+0000][gc            ] GC(705) Concurrent Cycle 131.161ms
[2023-08-12T01:21:05.269+0000][gc,start      ] GC(706) Pause Young (Prepare Mixed) (G1 Evacuation Pause)
[2023-08-12T01:21:05.269+0000][gc,task       ] GC(706) Using 8 workers of 8 for evacuation
[2023-08-12T01:21:05.284+0000][gc,phases     ] GC(706)   Pre Evacuate Collection Set: 0.0ms
[2023-08-12T01:21:05.284+0000][gc,phases     ] GC(706)   Evacuate Collection Set: 14.0ms
[2023-08-12T01:21:05.284+0000][gc,phases     ] GC(706)   Post Evacuate Collection Set: 0.6ms
[2023-08-12T01:21:05.284+0000][gc,phases     ] GC(706)   Other: 0.4ms
[2023-08-12T01:21:05.284+0000][gc,heap       ] GC(706) Eden regions: 246->0(33)
[2023-08-12T01:21:05.284+0000][gc,heap       ] GC(706) Survivor regions: 22->18(34)
[2023-08-12T01:21:05.284+0000][gc,heap       ] GC(706) Old regions: 166->172
[2023-08-12T01:21:05.284+0000][gc,heap       ] GC(706) Humongous regions: 149->149
[2023-08-12T01:21:05.284+0000][gc,metaspace  ] GC(706) Metaspace: 119223K(125028K)->119223K(125028K) NonClass: 105346K(108748K)->105346K(108748K) Class: 13877K(16280K)->13877K(16280K)
[2023-08-12T01:21:05.284+0000][gc            ] GC(706) Pause Young (Prepare Mixed) (G1 Evacuation Pause) 581M->338M(1024M) 15.088ms
[2023-08-12T01:21:05.284+0000][gc,cpu        ] GC(706) User=0.11s Sys=0.00s Real=0.02s
[2023-08-12T01:21:14.564+0000][gc,start      ] GC(707) Pause Young (Mixed) (G1 Evacuation Pause)
[2023-08-12T01:21:14.564+0000][gc,task       ] GC(707) Using 8 workers of 8 for evacuation
[2023-08-12T01:21:14.578+0000][gc,phases     ] GC(707)   Pre Evacuate Collection Set: 0.1ms
[2023-08-12T01:21:14.578+0000][gc,phases     ] GC(707)   Evacuate Collection Set: 12.2ms
[2023-08-12T01:21:14.578+0000][gc,phases     ] GC(707)   Post Evacuate Collection Set: 0.5ms
[2023-08-12T01:21:14.578+0000][gc,phases     ] GC(707)   Other: 0.4ms
[2023-08-12T01:21:14.578+0000][gc,heap       ] GC(707) Eden regions: 33->0(344)
[2023-08-12T01:21:14.578+0000][gc,heap       ] GC(707) Survivor regions: 18->3(7)
[2023-08-12T01:21:14.578+0000][gc,heap       ] GC(707) Old regions: 172->165
[2023-08-12T01:21:14.578+0000][gc,heap       ] GC(707) Humongous regions: 149->149
[2023-08-12T01:21:14.578+0000][gc,metaspace  ] GC(707) Metaspace: 119223K(125028K)->119223K(125028K) NonClass: 105346K(108748K)->105346K(108748K) Class: 13877K(16280K)->13877K(16280K)
[2023-08-12T01:21:14.578+0000][gc            ] GC(707) Pause Young (Mixed) (G1 Evacuation Pause) 371M->316M(1024M) 13.312ms
[2023-08-12T01:21:14.578+0000][gc,cpu        ] GC(707) User=0.10s Sys=0.00s Real=0.01s
[2023-08-12T01:22:30.102+0000][gc,start      ] GC(708) Pause Young (Normal) (G1 Evacuation Pause)
[2023-08-12T01:22:30.102+0000][gc,task       ] GC(708) Using 8 workers of 8 for evacuation
[2023-08-12T01:22:30.109+0000][gc,phases     ] GC(708)   Pre Evacuate Collection Set: 0.0ms
[2023-08-12T01:22:30.109+0000][gc,phases     ] GC(708)   Evacuate Collection Set: 5.7ms
[2023-08-12T01:22:30.109+0000][gc,phases     ] GC(708)   Post Evacuate Collection Set: 0.6ms
[2023-08-12T01:22:30.109+0000][gc,phases     ] GC(708)   Other: 0.3ms
[2023-08-12T01:22:30.109+0000][gc,heap       ] GC(708) Eden regions: 344->0(360)
[2023-08-12T01:22:30.109+0000][gc,heap       ] GC(708) Survivor regions: 3->6(44)
[2023-08-12T01:22:30.109+0000][gc,heap       ] GC(708) Old regions: 165->165
[2023-08-12T01:22:30.109+0000][gc,heap       ] GC(708) Humongous regions: 149->149
[2023-08-12T01:22:30.109+0000][gc,metaspace  ] GC(708) Metaspace: 119223K(125028K)->119223K(125028K) NonClass: 105346K(108748K)->105346K(108748K) Class: 13877K(16280K)->13877K(16280K)
[2023-08-12T01:22:30.109+0000][gc            ] GC(708) Pause Young (Normal) (G1 Evacuation Pause) 660M->319M(1024M) 6.736ms
[2023-08-12T01:22:30.109+0000][gc,cpu        ] GC(708) User=0.04s Sys=0.00s Real=0.00s
[2023-08-12T01:24:09.465+0000][gc,start      ] GC(709) Pause Young (Normal) (G1 Evacuation Pause)
[2023-08-12T01:24:09.465+0000][gc,task       ] GC(709) Using 8 workers of 8 for evacuation
[2023-08-12T01:24:09.474+0000][gc,phases     ] GC(709)   Pre Evacuate Collection Set: 0.0ms
[2023-08-12T01:24:09.474+0000][gc,phases     ] GC(709)   Evacuate Collection Set: 8.0ms
[2023-08-12T01:24:09.474+0000][gc,phases     ] GC(709)   Post Evacuate Collection Set: 0.6ms
[2023-08-12T01:24:09.474+0000][gc,phases     ] GC(709)   Other: 0.3ms
[2023-08-12T01:24:09.474+0000][gc,heap       ] GC(709) Eden regions: 360->0(365)
[2023-08-12T01:24:09.474+0000][gc,heap       ] GC(709) Survivor regions: 6->11(46)
[2023-08-12T01:24:09.474+0000][gc,heap       ] GC(709) Old regions: 165->165
[2023-08-12T01:24:09.474+0000][gc,heap       ] GC(709) Humongous regions: 149->149
[2023-08-12T01:24:09.474+0000][gc,metaspace  ] GC(709) Metaspace: 119223K(125028K)->119223K(125028K) NonClass: 105346K(108748K)->105346K(108748K) Class: 13877K(16280K)->13877K(16280K)
[2023-08-12T01:24:09.474+0000][gc            ] GC(709) Pause Young (Normal) (G1 Evacuation Pause) 679M->324M(1024M) 9.121ms
[2023-08-12T01:24:09.474+0000][gc,cpu        ] GC(709) User=0.07s Sys=0.00s Real=0.01s
[2023-08-12T01:25:32.733+0000][gc,start      ] GC(710) Pause Young (Normal) (G1 Evacuation Pause)
[2023-08-12T01:25:32.733+0000][gc,task       ] GC(710) Using 8 workers of 8 for evacuation
[2023-08-12T01:25:32.744+0000][gc,phases     ] GC(710)   Pre Evacuate Collection Set: 0.0ms
[2023-08-12T01:25:32.744+0000][gc,phases     ] GC(710)   Evacuate Collection Set: 9.2ms
[2023-08-12T01:25:32.744+0000][gc,phases     ] GC(710)   Post Evacuate Collection Set: 0.6ms
[2023-08-12T01:25:32.744+0000][gc,phases     ] GC(710)   Other: 0.3ms
[2023-08-12T01:25:32.744+0000][gc,heap       ] GC(710) Eden regions: 365->0(374)
[2023-08-12T01:25:32.744+0000][gc,heap       ] GC(710) Survivor regions: 11->15(47)
[2023-08-12T01:25:32.744+0000][gc,heap       ] GC(710) Old regions: 165->165
[2023-08-12T01:25:32.744+0000][gc,heap       ] GC(710) Humongous regions: 149->149
[2023-08-12T01:25:32.744+0000][gc,metaspace  ] GC(710) Metaspace: 119223K(125028K)->119223K(125028K) NonClass: 105346K(108748K)->105346K(108748K) Class: 13877K(16280K)->13877K(16280K)
[2023-08-12T01:25:32.744+0000][gc            ] GC(710) Pause Young (Normal) (G1 Evacuation Pause) 689M->328M(1024M) 10.320ms
[2023-08-12T01:25:32.744+0000][gc,cpu        ] GC(710) User=0.07s Sys=0.00s Real=0.01s
[2023-08-12T01:27:12.586+0000][gc,start      ] GC(711) Pause Young (Normal) (G1 Evacuation Pause)
[2023-08-12T01:27:12.586+0000][gc,task       ] GC(711) Using 8 workers of 8 for evacuation
[2023-08-12T01:27:12.598+0000][gc,phases     ] GC(711)   Pre Evacuate Collection Set: 0.1ms
[2023-08-12T01:27:12.598+0000][gc,phases     ] GC(711)   Evacuate Collection Set: 11.1ms
[2023-08-12T01:27:12.598+0000][gc,phases     ] GC(711)   Post Evacuate Collection Set: 0.7ms
[2023-08-12T01:27:12.598+0000][gc,phases     ] GC(711)   Other: 0.4ms
[2023-08-12T01:27:12.598+0000][gc,heap       ] GC(711) Eden regions: 374->0(383)
[2023-08-12T01:27:12.598+0000][gc,heap       ] GC(711) Survivor regions: 15->20(49)
[2023-08-12T01:27:12.598+0000][gc,heap       ] GC(711) Old regions: 165->165
[2023-08-12T01:27:12.598+0000][gc,heap       ] GC(711) Humongous regions: 149->149
[2023-08-12T01:27:12.598+0000][gc,metaspace  ] GC(711) Metaspace: 119223K(125028K)->119223K(125028K) NonClass: 105346K(108748K)->105346K(108748K) Class: 13877K(16280K)->13877K(16280K)
[2023-08-12T01:27:12.598+0000][gc            ] GC(711) Pause Young (Normal) (G1 Evacuation Pause) 702M->333M(1024M) 12.226ms
[2023-08-12T01:27:12.598+0000][gc,cpu        ] GC(711) User=0.09s Sys=0.00s Real=0.01s
[2023-08-12T01:28:46.491+0000][gc,start      ] GC(712) Pause Young (Normal) (G1 Evacuation Pause)
[2023-08-12T01:28:46.491+0000][gc,task       ] GC(712) Using 8 workers of 8 for evacuation
[2023-08-12T01:28:46.505+0000][gc,phases     ] GC(712)   Pre Evacuate Collection Set: 0.0ms
[2023-08-12T01:28:46.505+0000][gc,phases     ] GC(712)   Evacuate Collection Set: 13.0ms
[2023-08-12T01:28:46.505+0000][gc,phases     ] GC(712)   Post Evacuate Collection Set: 0.6ms
[2023-08-12T01:28:46.505+0000][gc,phases     ] GC(712)   Other: 0.3ms
[2023-08-12T01:28:46.505+0000][gc,heap       ] GC(712) Eden regions: 383->0(391)
[2023-08-12T01:28:46.505+0000][gc,heap       ] GC(712) Survivor regions: 20->24(51)
[2023-08-12T01:28:46.505+0000][gc,heap       ] GC(712) Old regions: 165->165
[2023-08-12T01:28:46.505+0000][gc,heap       ] GC(712) Humongous regions: 149->149
[2023-08-12T01:28:46.505+0000][gc,metaspace  ] GC(712) Metaspace: 119223K(125028K)->119223K(125028K) NonClass: 105346K(108748K)->105346K(108748K) Class: 13877K(16280K)->13877K(16280K)
[2023-08-12T01:28:46.506+0000][gc            ] GC(712) Pause Young (Normal) (G1 Evacuation Pause) 716M->337M(1024M) 14.101ms
[2023-08-12T01:28:46.506+0000][gc,cpu        ] GC(712) User=0.10s Sys=0.00s Real=0.01s
[2023-08-12T01:30:24.595+0000][gc,start      ] GC(713) Pause Young (Normal) (G1 Evacuation Pause)
[2023-08-12T01:30:24.595+0000][gc,task       ] GC(713) Using 8 workers of 8 for evacuation
[2023-08-12T01:30:24.612+0000][gc,phases     ] GC(713)   Pre Evacuate Collection Set: 0.0ms
[2023-08-12T01:30:24.612+0000][gc,phases     ] GC(713)   Evacuate Collection Set: 15.1ms
[2023-08-12T01:30:24.612+0000][gc,phases     ] GC(713)   Post Evacuate Collection Set: 1.0ms
[2023-08-12T01:30:24.612+0000][gc,phases     ] GC(713)   Other: 0.6ms
[2023-08-12T01:30:24.612+0000][gc,heap       ] GC(713) Eden regions: 391->0(390)
[2023-08-12T01:30:24.612+0000][gc,heap       ] GC(713) Survivor regions: 24->28(52)
[2023-08-12T01:30:24.612+0000][gc,heap       ] GC(713) Old regions: 165->165
[2023-08-12T01:30:24.612+0000][gc,heap       ] GC(713) Humongous regions: 149->149
[2023-08-12T01:30:24.612+0000][gc,metaspace  ] GC(713) Metaspace: 119224K(125028K)->119224K(125028K) NonClass: 105346K(108748K)->105346K(108748K) Class: 13877K(16280K)->13877K(16280K)
[2023-08-12T01:30:24.612+0000][gc            ] GC(713) Pause Young (Normal) (G1 Evacuation Pause) 728M->341M(1024M) 16.831ms
[2023-08-12T01:30:24.612+0000][gc,cpu        ] GC(713) User=0.12s Sys=0.00s Real=0.02s
[2023-08-12T01:31:54.589+0000][gc,start      ] GC(714) Pause Young (Normal) (G1 Evacuation Pause)
[2023-08-12T01:31:54.590+0000][gc,task       ] GC(714) Using 8 workers of 8 for evacuation
[2023-08-12T01:31:54.606+0000][gc,phases     ] GC(714)   Pre Evacuate Collection Set: 0.0ms
[2023-08-12T01:31:54.606+0000][gc,phases     ] GC(714)   Evacuate Collection Set: 15.7ms
[2023-08-12T01:31:54.606+0000][gc,phases     ] GC(714)   Post Evacuate Collection Set: 0.7ms
[2023-08-12T01:31:54.606+0000][gc,phases     ] GC(714)   Other: 0.4ms
[2023-08-12T01:31:54.606+0000][gc,heap       ] GC(714) Eden regions: 390->0(391)
[2023-08-12T01:31:54.606+0000][gc,heap       ] GC(714) Survivor regions: 28->32(53)
[2023-08-12T01:31:54.606+0000][gc,heap       ] GC(714) Old regions: 165->165
[2023-08-12T01:31:54.606+0000][gc,heap       ] GC(714) Humongous regions: 149->149
[2023-08-12T01:31:54.606+0000][gc,metaspace  ] GC(714) Metaspace: 119224K(125028K)->119224K(125028K) NonClass: 105346K(108748K)->105346K(108748K) Class: 13877K(16280K)->13877K(16280K)
[2023-08-12T01:31:54.606+0000][gc            ] GC(714) Pause Young (Normal) (G1 Evacuation Pause) 731M->345M(1024M) 16.863ms
[2023-08-12T01:31:54.606+0000][gc,cpu        ] GC(714) User=0.13s Sys=0.00s Real=0.02s
[2023-08-12T01:33:32.971+0000][gc,start      ] GC(715) Pause Young (Normal) (G1 Evacuation Pause)
[2023-08-12T01:33:32.971+0000][gc,task       ] GC(715) Using 8 workers of 8 for evacuation
[2023-08-12T01:33:32.993+0000][gc,mmu        ] GC(715) MMU target violated: 21.0ms (20.0ms/21.0ms)
[2023-08-12T01:33:32.993+0000][gc,phases     ] GC(715)   Pre Evacuate Collection Set: 0.0ms
[2023-08-12T01:33:32.993+0000][gc,phases     ] GC(715)   Evacuate Collection Set: 21.3ms
[2023-08-12T01:33:32.993+0000][gc,phases     ] GC(715)   Post Evacuate Collection Set: 0.7ms
[2023-08-12T01:33:32.993+0000][gc,phases     ] GC(715)   Other: 0.4ms
[2023-08-12T01:33:32.993+0000][gc,heap       ] GC(715) Eden regions: 391->0(339)
[2023-08-12T01:33:32.993+0000][gc,heap       ] GC(715) Survivor regions: 32->37(53)
[2023-08-12T01:33:32.993+0000][gc,heap       ] GC(715) Old regions: 165->169
[2023-08-12T01:33:32.993+0000][gc,heap       ] GC(715) Humongous regions: 149->149
[2023-08-12T01:33:32.993+0000][gc,metaspace  ] GC(715) Metaspace: 119224K(125028K)->119224K(125028K) NonClass: 105346K(108748K)->105346K(108748K) Class: 13877K(16280K)->13877K(16280K)
[2023-08-12T01:33:32.993+0000][gc            ] GC(715) Pause Young (Normal) (G1 Evacuation Pause) 736M->354M(1024M) 22.487ms
[2023-08-12T01:33:32.993+0000][gc,cpu        ] GC(715) User=0.15s Sys=0.00s Real=0.03s
[2023-08-12T01:34:48.127+0000][gc,start      ] GC(716) Pause Young (Normal) (G1 Evacuation Pause)
[2023-08-12T01:34:48.127+0000][gc,task       ] GC(716) Using 8 workers of 8 for evacuation
[2023-08-12T01:34:48.149+0000][gc,mmu        ] GC(716) MMU target violated: 21.0ms (20.0ms/21.0ms)
[2023-08-12T01:34:48.149+0000][gc,phases     ] GC(716)   Pre Evacuate Collection Set: 0.1ms
[2023-08-12T01:34:48.149+0000][gc,phases     ] GC(716)   Evacuate Collection Set: 21.0ms
[2023-08-12T01:34:48.149+0000][gc,phases     ] GC(716)   Post Evacuate Collection Set: 0.7ms
[2023-08-12T01:34:48.149+0000][gc,phases     ] GC(716)   Other: 0.4ms
[2023-08-12T01:34:48.149+0000][gc,heap       ] GC(716) Eden regions: 279->0(411)
[2023-08-12T01:34:48.149+0000][gc,heap       ] GC(716) Survivor regions: 37->21(40)
[2023-08-12T01:34:48.149+0000][gc,heap       ] GC(716) Old regions: 169->185
[2023-08-12T01:34:48.149+0000][gc,heap       ] GC(716) Humongous regions: 149->149
[2023-08-12T01:34:48.149+0000][gc,metaspace  ] GC(716) Metaspace: 119224K(125028K)->119224K(125028K) NonClass: 105346K(108748K)->105346K(108748K) Class: 13877K(16280K)->13877K(16280K)
[2023-08-12T01:34:48.149+0000][gc            ] GC(716) Pause Young (Normal) (G1 Evacuation Pause) 633M->354M(1024M) 22.096ms
[2023-08-12T01:34:48.149+0000][gc,cpu        ] GC(716) User=0.14s Sys=0.00s Real=0.02s
[2023-08-12T01:36:32.739+0000][gc,start      ] GC(717) Pause Young (Normal) (G1 Evacuation Pause)
[2023-08-12T01:36:32.739+0000][gc,task       ] GC(717) Using 8 workers of 8 for evacuation
[2023-08-12T01:36:32.754+0000][gc,phases     ] GC(717)   Pre Evacuate Collection Set: 0.0ms
[2023-08-12T01:36:32.754+0000][gc,phases     ] GC(717)   Evacuate Collection Set: 13.3ms
[2023-08-12T01:36:32.754+0000][gc,phases     ] GC(717)   Post Evacuate Collection Set: 0.7ms
[2023-08-12T01:36:32.754+0000][gc,phases     ] GC(717)   Other: 0.3ms
[2023-08-12T01:36:32.754+0000][gc,heap       ] GC(717) Eden regions: 411->0(415)
[2023-08-12T01:36:32.754+0000][gc,heap       ] GC(717) Survivor regions: 21->24(54)
[2023-08-12T01:36:32.754+0000][gc,heap       ] GC(717) Old regions: 185->185
[2023-08-12T01:36:32.754+0000][gc,heap       ] GC(717) Humongous regions: 149->149
[2023-08-12T01:36:32.754+0000][gc,metaspace  ] GC(717) Metaspace: 119224K(125028K)->119224K(125028K) NonClass: 105346K(108748K)->105346K(108748K) Class: 13877K(16280K)->13877K(16280K)
[2023-08-12T01:36:32.754+0000][gc            ] GC(717) Pause Young (Normal) (G1 Evacuation Pause) 765M->357M(1024M) 14.461ms
[2023-08-12T01:36:32.754+0000][gc,cpu        ] GC(717) User=0.11s Sys=0.00s Real=0.01s
[2023-08-12T01:38:09.077+0000][gc,start      ] GC(718) Pause Young (Concurrent Start) (G1 Evacuation Pause)
[2023-08-12T01:38:09.078+0000][gc,task       ] GC(718) Using 8 workers of 8 for evacuation
[2023-08-12T01:38:09.094+0000][gc,phases     ] GC(718)   Pre Evacuate Collection Set: 0.5ms
[2023-08-12T01:38:09.094+0000][gc,phases     ] GC(718)   Evacuate Collection Set: 15.0ms
[2023-08-12T01:38:09.094+0000][gc,phases     ] GC(718)   Post Evacuate Collection Set: 0.7ms
[2023-08-12T01:38:09.094+0000][gc,phases     ] GC(718)   Other: 0.4ms
[2023-08-12T01:38:09.094+0000][gc,heap       ] GC(718) Eden regions: 394->0(379)
[2023-08-12T01:38:09.094+0000][gc,heap       ] GC(718) Survivor regions: 24->28(53)
[2023-08-12T01:38:09.094+0000][gc,heap       ] GC(718) Old regions: 185->185
[2023-08-12T01:38:09.094+0000][gc,heap       ] GC(718) Humongous regions: 149->149
[2023-08-12T01:38:09.094+0000][gc,metaspace  ] GC(718) Metaspace: 119224K(125028K)->119224K(125028K) NonClass: 105346K(108748K)->105346K(108748K) Class: 13877K(16280K)->13877K(16280K)
[2023-08-12T01:38:09.094+0000][gc            ] GC(718) Pause Young (Concurrent Start) (G1 Evacuation Pause) 751M->361M(1024M) 16.672ms
[2023-08-12T01:38:09.094+0000][gc,cpu        ] GC(718) User=0.12s Sys=0.00s Real=0.02s
[2023-08-12T01:38:09.094+0000][gc            ] GC(719) Concurrent Cycle
[2023-08-12T01:38:09.094+0000][gc,marking    ] GC(719) Concurrent Clear Claimed Marks
[2023-08-12T01:38:09.095+0000][gc,marking    ] GC(719) Concurrent Clear Claimed Marks 0.379ms
[2023-08-12T01:38:09.095+0000][gc,marking    ] GC(719) Concurrent Scan Root Regions
[2023-08-12T01:38:09.104+0000][gc,marking    ] GC(719) Concurrent Scan Root Regions 9.321ms
[2023-08-12T01:38:09.104+0000][gc,marking    ] GC(719) Concurrent Mark (53780.405s)
[2023-08-12T01:38:09.104+0000][gc,marking    ] GC(719) Concurrent Mark From Roots
[2023-08-12T01:38:09.104+0000][gc,task       ] GC(719) Using 2 workers of 2 for marking
[2023-08-12T01:38:09.169+0000][gc,marking    ] GC(719) Concurrent Mark From Roots 64.451ms
[2023-08-12T01:38:09.169+0000][gc,marking    ] GC(719) Concurrent Preclean
[2023-08-12T01:38:09.169+0000][gc,marking    ] GC(719) Concurrent Preclean 0.401ms
[2023-08-12T01:38:09.169+0000][gc,marking    ] GC(719) Concurrent Mark (53780.405s, 53780.470s) 64.932ms
[2023-08-12T01:38:09.169+0000][gc,start      ] GC(719) Pause Remark
[2023-08-12T01:38:09.180+0000][gc,stringtable] GC(719) Cleaned string and symbol table, strings: 45157 processed, 0 removed, symbols: 280311 processed, 0 removed
[2023-08-12T01:38:09.180+0000][gc            ] GC(719) Pause Remark 363M->362M(1024M) 11.228ms
[2023-08-12T01:38:09.180+0000][gc,cpu        ] GC(719) User=0.08s Sys=0.00s Real=0.02s
[2023-08-12T01:38:09.181+0000][gc,marking    ] GC(719) Concurrent Rebuild Remembered Sets
[2023-08-12T01:38:09.223+0000][gc,marking    ] GC(719) Concurrent Rebuild Remembered Sets 42.213ms
[2023-08-12T01:38:09.223+0000][gc,start      ] GC(719) Pause Cleanup
[2023-08-12T01:38:09.223+0000][gc            ] GC(719) Pause Cleanup 362M->362M(1024M) 0.259ms
[2023-08-12T01:38:09.223+0000][gc,cpu        ] GC(719) User=0.00s Sys=0.00s Real=0.00s
[2023-08-12T01:38:09.223+0000][gc,marking    ] GC(719) Concurrent Cleanup for Next Mark
[2023-08-12T01:38:09.225+0000][gc,marking    ] GC(719) Concurrent Cleanup for Next Mark 1.359ms
[2023-08-12T01:38:09.225+0000][gc            ] GC(719) Concurrent Cycle 130.487ms
[2023-08-12T01:38:54.363+0000][gc,start      ] GC(720) Pause Young (Prepare Mixed) (G1 Evacuation Pause)
[2023-08-12T01:38:54.363+0000][gc,task       ] GC(720) Using 8 workers of 8 for evacuation
[2023-08-12T01:38:54.380+0000][gc,phases     ] GC(720)   Pre Evacuate Collection Set: 0.0ms
[2023-08-12T01:38:54.380+0000][gc,phases     ] GC(720)   Evacuate Collection Set: 15.9ms
[2023-08-12T01:38:54.380+0000][gc,phases     ] GC(720)   Post Evacuate Collection Set: 0.6ms
[2023-08-12T01:38:54.380+0000][gc,phases     ] GC(720)   Other: 0.4ms
[2023-08-12T01:38:54.380+0000][gc,heap       ] GC(720) Eden regions: 170->0(36)
[2023-08-12T01:38:54.380+0000][gc,heap       ] GC(720) Survivor regions: 28->15(25)
[2023-08-12T01:38:54.380+0000][gc,heap       ] GC(720) Old regions: 184->200
[2023-08-12T01:38:54.380+0000][gc,heap       ] GC(720) Humongous regions: 149->149
[2023-08-12T01:38:54.380+0000][gc,metaspace  ] GC(720) Metaspace: 119224K(125028K)->119224K(125028K) NonClass: 105346K(108748K)->105346K(108748K) Class: 13877K(16280K)->13877K(16280K)
[2023-08-12T01:38:54.380+0000][gc            ] GC(720) Pause Young (Prepare Mixed) (G1 Evacuation Pause) 530M->362M(1024M) 16.983ms
[2023-08-12T01:38:54.380+0000][gc,cpu        ] GC(720) User=0.13s Sys=0.00s Real=0.02s
[2023-08-12T01:38:56.269+0000][gc,start      ] GC(721) Pause Young (Mixed) (G1 Evacuation Pause)
[2023-08-12T01:38:56.269+0000][gc,task       ] GC(721) Using 8 workers of 8 for evacuation
[2023-08-12T01:38:56.282+0000][gc,phases     ] GC(721)   Pre Evacuate Collection Set: 0.1ms
[2023-08-12T01:38:56.282+0000][gc,phases     ] GC(721)   Evacuate Collection Set: 11.7ms
[2023-08-12T01:38:56.282+0000][gc,phases     ] GC(721)   Post Evacuate Collection Set: 0.6ms
[2023-08-12T01:38:56.282+0000][gc,phases     ] GC(721)   Other: 0.4ms
[2023-08-12T01:38:56.282+0000][gc,heap       ] GC(721) Eden regions: 36->0(538)
[2023-08-12T01:38:56.282+0000][gc,heap       ] GC(721) Survivor regions: 15->5(7)
[2023-08-12T01:38:56.282+0000][gc,heap       ] GC(721) Old regions: 200->170
[2023-08-12T01:38:56.282+0000][gc,heap       ] GC(721) Humongous regions: 149->149
[2023-08-12T01:38:56.282+0000][gc,metaspace  ] GC(721) Metaspace: 119224K(125028K)->119224K(125028K) NonClass: 105346K(108748K)->105346K(108748K) Class: 13877K(16280K)->13877K(16280K)
[2023-08-12T01:38:56.282+0000][gc            ] GC(721) Pause Young (Mixed) (G1 Evacuation Pause) 398M->323M(1024M) 12.848ms
[2023-08-12T01:38:56.282+0000][gc,cpu        ] GC(721) User=0.10s Sys=0.00s Real=0.02s
[2023-08-12T01:41:15.612+0000][gc,start      ] GC(722) Pause Young (Normal) (G1 Evacuation Pause)
[2023-08-12T01:41:15.612+0000][gc,task       ] GC(722) Using 8 workers of 8 for evacuation
[2023-08-12T01:41:15.622+0000][gc,phases     ] GC(722)   Pre Evacuate Collection Set: 0.0ms
[2023-08-12T01:41:15.622+0000][gc,phases     ] GC(722)   Evacuate Collection Set: 8.9ms
[2023-08-12T01:41:15.622+0000][gc,phases     ] GC(722)   Post Evacuate Collection Set: 0.7ms
[2023-08-12T01:41:15.622+0000][gc,phases     ] GC(722)   Other: 0.3ms
[2023-08-12T01:41:15.622+0000][gc,heap       ] GC(722) Eden regions: 538->0(539)
[2023-08-12T01:41:15.622+0000][gc,heap       ] GC(722) Survivor regions: 5->11(68)
[2023-08-12T01:41:15.622+0000][gc,heap       ] GC(722) Old regions: 170->170
[2023-08-12T01:41:15.622+0000][gc,heap       ] GC(722) Humongous regions: 149->149
[2023-08-12T01:41:15.622+0000][gc,metaspace  ] GC(722) Metaspace: 119224K(125028K)->119224K(125028K) NonClass: 105346K(108748K)->105346K(108748K) Class: 13877K(16280K)->13877K(16280K)
[2023-08-12T01:41:15.622+0000][gc            ] GC(722) Pause Young (Normal) (G1 Evacuation Pause) 861M->328M(1024M) 10.079ms
[2023-08-12T01:41:15.622+0000][gc,cpu        ] GC(722) User=0.07s Sys=0.00s Real=0.01s
[2023-08-12T01:43:08.974+0000][gc,start      ] GC(723) Pause Young (Normal) (G1 Evacuation Pause)
[2023-08-12T01:43:08.974+0000][gc,task       ] GC(723) Using 8 workers of 8 for evacuation
[2023-08-12T01:43:08.990+0000][gc,phases     ] GC(723)   Pre Evacuate Collection Set: 0.0ms
[2023-08-12T01:43:08.990+0000][gc,phases     ] GC(723)   Evacuate Collection Set: 14.6ms
[2023-08-12T01:43:08.990+0000][gc,phases     ] GC(723)   Post Evacuate Collection Set: 0.7ms
[2023-08-12T01:43:08.990+0000][gc,phases     ] GC(723)   Other: 0.4ms
[2023-08-12T01:43:08.990+0000][gc,heap       ] GC(723) Eden regions: 489->0(441)
[2023-08-12T01:43:08.990+0000][gc,heap       ] GC(723) Survivor regions: 11->24(63)
[2023-08-12T01:43:08.990+0000][gc,heap       ] GC(723) Old regions: 170->170
[2023-08-12T01:43:08.990+0000][gc,heap       ] GC(723) Humongous regions: 149->149
[2023-08-12T01:43:08.990+0000][gc,metaspace  ] GC(723) Metaspace: 119224K(125028K)->119224K(125028K) NonClass: 105346K(108748K)->105346K(108748K) Class: 13877K(16280K)->13877K(16280K)
[2023-08-12T01:43:08.990+0000][gc            ] GC(723) Pause Young (Normal) (G1 Evacuation Pause) 817M->341M(1024M) 15.752ms
[2023-08-12T01:43:08.990+0000][gc,cpu        ] GC(723) User=0.11s Sys=0.00s Real=0.01s
[2023-08-12T01:44:24.475+0000][gc,start      ] GC(724) Pause Young (Concurrent Start) (G1 Evacuation Pause)
[2023-08-12T01:44:24.475+0000][gc,task       ] GC(724) Using 8 workers of 8 for evacuation
[2023-08-12T01:44:24.495+0000][gc,mmu        ] GC(724) MMU target violated: 20.2ms (20.0ms/21.0ms)
[2023-08-12T01:44:24.495+0000][gc,phases     ] GC(724)   Pre Evacuate Collection Set: 0.5ms
[2023-08-12T01:44:24.495+0000][gc,phases     ] GC(724)   Evacuate Collection Set: 18.6ms
[2023-08-12T01:44:24.495+0000][gc,phases     ] GC(724)   Post Evacuate Collection Set: 0.7ms
[2023-08-12T01:44:24.495+0000][gc,phases     ] GC(724)   Other: 0.6ms
[2023-08-12T01:44:24.495+0000][gc,heap       ] GC(724) Eden regions: 309->0(296)
[2023-08-12T01:44:24.495+0000][gc,heap       ] GC(724) Survivor regions: 24->26(42)
[2023-08-12T01:44:24.495+0000][gc,heap       ] GC(724) Old regions: 170->172
[2023-08-12T01:44:24.495+0000][gc,heap       ] GC(724) Humongous regions: 149->149
[2023-08-12T01:44:24.495+0000][gc,metaspace  ] GC(724) Metaspace: 119224K(125028K)->119224K(125028K) NonClass: 105346K(108748K)->105346K(108748K) Class: 13877K(16280K)->13877K(16280K)
[2023-08-12T01:44:24.495+0000][gc            ] GC(724) Pause Young (Concurrent Start) (G1 Evacuation Pause) 650M->346M(1024M) 20.482ms
[2023-08-12T01:44:24.495+0000][gc,cpu        ] GC(724) User=0.13s Sys=0.00s Real=0.02s
[2023-08-12T01:44:24.495+0000][gc            ] GC(725) Concurrent Cycle
[2023-08-12T01:44:24.495+0000][gc,marking    ] GC(725) Concurrent Clear Claimed Marks
[2023-08-12T01:44:24.496+0000][gc,marking    ] GC(725) Concurrent Clear Claimed Marks 0.495ms
[2023-08-12T01:44:24.496+0000][gc,marking    ] GC(725) Concurrent Scan Root Regions
[2023-08-12T01:44:24.512+0000][gc,marking    ] GC(725) Concurrent Scan Root Regions 16.116ms
[2023-08-12T01:44:24.512+0000][gc,marking    ] GC(725) Concurrent Mark (54155.813s)
[2023-08-12T01:44:24.512+0000][gc,marking    ] GC(725) Concurrent Mark From Roots
[2023-08-12T01:44:24.512+0000][gc,task       ] GC(725) Using 2 workers of 2 for marking
[2023-08-12T01:44:24.576+0000][gc,marking    ] GC(725) Concurrent Mark From Roots 63.579ms
[2023-08-12T01:44:24.576+0000][gc,marking    ] GC(725) Concurrent Preclean
[2023-08-12T01:44:24.576+0000][gc,marking    ] GC(725) Concurrent Preclean 0.340ms
[2023-08-12T01:44:24.576+0000][gc,marking    ] GC(725) Concurrent Mark (54155.813s, 54155.877s) 63.994ms
[2023-08-12T01:44:24.576+0000][gc,start      ] GC(725) Pause Remark
[2023-08-12T01:44:24.587+0000][gc,stringtable] GC(725) Cleaned string and symbol table, strings: 45161 processed, 0 removed, symbols: 280311 processed, 0 removed
[2023-08-12T01:44:24.587+0000][gc            ] GC(725) Pause Remark 350M->350M(1024M) 10.654ms
[2023-08-12T01:44:24.587+0000][gc,cpu        ] GC(725) User=0.08s Sys=0.00s Real=0.01s
[2023-08-12T01:44:24.587+0000][gc,marking    ] GC(725) Concurrent Rebuild Remembered Sets
[2023-08-12T01:44:24.628+0000][gc,marking    ] GC(725) Concurrent Rebuild Remembered Sets 40.982ms
[2023-08-12T01:44:24.628+0000][gc,start      ] GC(725) Pause Cleanup
[2023-08-12T01:44:24.629+0000][gc            ] GC(725) Pause Cleanup 350M->350M(1024M) 0.247ms
[2023-08-12T01:44:24.629+0000][gc,cpu        ] GC(725) User=0.00s Sys=0.00s Real=0.00s
[2023-08-12T01:44:24.629+0000][gc,marking    ] GC(725) Concurrent Cleanup for Next Mark
[2023-08-12T01:44:24.630+0000][gc,marking    ] GC(725) Concurrent Cleanup for Next Mark 1.354ms
[2023-08-12T01:44:24.630+0000][gc            ] GC(725) Concurrent Cycle 134.826ms
[2023-08-12T01:44:27.741+0000][gc,start      ] GC(726) Pause Young (Prepare Mixed) (G1 Evacuation Pause)
[2023-08-12T01:44:27.741+0000][gc,task       ] GC(726) Using 8 workers of 8 for evacuation
[2023-08-12T01:44:27.758+0000][gc,phases     ] GC(726)   Pre Evacuate Collection Set: 0.0ms
[2023-08-12T01:44:27.758+0000][gc,phases     ] GC(726)   Evacuate Collection Set: 15.4ms
[2023-08-12T01:44:27.758+0000][gc,phases     ] GC(726)   Post Evacuate Collection Set: 0.6ms
[2023-08-12T01:44:27.758+0000][gc,phases     ] GC(726)   Other: 0.4ms
[2023-08-12T01:44:27.758+0000][gc,heap       ] GC(726) Eden regions: 25->0(47)
[2023-08-12T01:44:27.758+0000][gc,heap       ] GC(726) Survivor regions: 26->4(7)
[2023-08-12T01:44:27.758+0000][gc,heap       ] GC(726) Old regions: 172->194
[2023-08-12T01:44:27.758+0000][gc,heap       ] GC(726) Humongous regions: 149->149
[2023-08-12T01:44:27.758+0000][gc,metaspace  ] GC(726) Metaspace: 119224K(125028K)->119224K(125028K) NonClass: 105346K(108748K)->105346K(108748K) Class: 13877K(16280K)->13877K(16280K)
[2023-08-12T01:44:27.758+0000][gc            ] GC(726) Pause Young (Prepare Mixed) (G1 Evacuation Pause) 371M->346M(1024M) 16.495ms
[2023-08-12T01:44:27.758+0000][gc,cpu        ] GC(726) User=0.13s Sys=0.00s Real=0.01s
[2023-08-12T01:44:52.031+0000][gc,start      ] GC(727) Pause Young (Mixed) (G1 Evacuation Pause)
[2023-08-12T01:44:52.031+0000][gc,task       ] GC(727) Using 8 workers of 8 for evacuation
[2023-08-12T01:44:52.038+0000][gc,phases     ] GC(727)   Pre Evacuate Collection Set: 0.1ms
[2023-08-12T01:44:52.038+0000][gc,phases     ] GC(727)   Evacuate Collection Set: 5.6ms
[2023-08-12T01:44:52.038+0000][gc,phases     ] GC(727)   Post Evacuate Collection Set: 0.5ms
[2023-08-12T01:44:52.038+0000][gc,phases     ] GC(727)   Other: 0.4ms
[2023-08-12T01:44:52.038+0000][gc,heap       ] GC(727) Eden regions: 47->0(155)
[2023-08-12T01:44:52.038+0000][gc,heap       ] GC(727) Survivor regions: 4->4(7)
[2023-08-12T01:44:52.038+0000][gc,heap       ] GC(727) Old regions: 194->166
[2023-08-12T01:44:52.038+0000][gc,heap       ] GC(727) Humongous regions: 149->149
[2023-08-12T01:44:52.038+0000][gc,metaspace  ] GC(727) Metaspace: 119224K(125028K)->119224K(125028K) NonClass: 105346K(108748K)->105346K(108748K) Class: 13877K(16280K)->13877K(16280K)
[2023-08-12T01:44:52.038+0000][gc            ] GC(727) Pause Young (Mixed) (G1 Evacuation Pause) 393M->317M(1024M) 6.706ms
[2023-08-12T01:44:52.038+0000][gc,cpu        ] GC(727) User=0.04s Sys=0.00s Real=0.00s
[2023-08-12T01:45:24.486+0000][gc,start      ] GC(728) Pause Young (Normal) (G1 Evacuation Pause)
[2023-08-12T01:45:24.486+0000][gc,task       ] GC(728) Using 8 workers of 8 for evacuation
[2023-08-12T01:45:24.492+0000][gc,phases     ] GC(728)   Pre Evacuate Collection Set: 0.0ms
[2023-08-12T01:45:24.492+0000][gc,phases     ] GC(728)   Evacuate Collection Set: 5.4ms
[2023-08-12T01:45:24.492+0000][gc,phases     ] GC(728)   Post Evacuate Collection Set: 0.5ms
[2023-08-12T01:45:24.492+0000][gc,phases     ] GC(728)   Other: 0.4ms
[2023-08-12T01:45:24.492+0000][gc,heap       ] GC(728) Eden regions: 155->0(177)
[2023-08-12T01:45:24.492+0000][gc,heap       ] GC(728) Survivor regions: 4->6(20)
[2023-08-12T01:45:24.492+0000][gc,heap       ] GC(728) Old regions: 166->166
[2023-08-12T01:45:24.492+0000][gc,heap       ] GC(728) Humongous regions: 149->149
[2023-08-12T01:45:24.492+0000][gc,metaspace  ] GC(728) Metaspace: 119224K(125028K)->119224K(125028K) NonClass: 105346K(108748K)->105346K(108748K) Class: 13877K(16280K)->13877K(16280K)
[2023-08-12T01:45:24.492+0000][gc            ] GC(728) Pause Young (Normal) (G1 Evacuation Pause) 472M->320M(1024M) 6.452ms
[2023-08-12T01:45:24.492+0000][gc,cpu        ] GC(728) User=0.04s Sys=0.00s Real=0.01s
[2023-08-12T01:46:02.742+0000][gc,start      ] GC(729) Pause Young (Normal) (G1 Evacuation Pause)
[2023-08-12T01:46:02.742+0000][gc,task       ] GC(729) Using 8 workers of 8 for evacuation
[2023-08-12T01:46:02.749+0000][gc,phases     ] GC(729)   Pre Evacuate Collection Set: 0.0ms
[2023-08-12T01:46:02.749+0000][gc,phases     ] GC(729)   Evacuate Collection Set: 6.3ms
[2023-08-12T01:46:02.749+0000][gc,phases     ] GC(729)   Post Evacuate Collection Set: 0.6ms
[2023-08-12T01:46:02.749+0000][gc,phases     ] GC(729)   Other: 0.4ms
[2023-08-12T01:46:02.749+0000][gc,heap       ] GC(729) Eden regions: 177->0(216)
[2023-08-12T01:46:02.749+0000][gc,heap       ] GC(729) Survivor regions: 6->8(23)
[2023-08-12T01:46:02.749+0000][gc,heap       ] GC(729) Old regions: 166->166
[2023-08-12T01:46:02.749+0000][gc,heap       ] GC(729) Humongous regions: 149->149
[2023-08-12T01:46:02.749+0000][gc,metaspace  ] GC(729) Metaspace: 119224K(125028K)->119224K(125028K) NonClass: 105346K(108748K)->105346K(108748K) Class: 13877K(16280K)->13877K(16280K)
[2023-08-12T01:46:02.749+0000][gc            ] GC(729) Pause Young (Normal) (G1 Evacuation Pause) 497M->322M(1024M) 7.318ms
[2023-08-12T01:46:02.749+0000][gc,cpu        ] GC(729) User=0.05s Sys=0.00s Real=0.00s
[2023-08-12T01:46:55.236+0000][gc,start      ] GC(730) Pause Young (Normal) (G1 Evacuation Pause)
[2023-08-12T01:46:55.236+0000][gc,task       ] GC(730) Using 8 workers of 8 for evacuation
[2023-08-12T01:46:55.244+0000][gc,phases     ] GC(730)   Pre Evacuate Collection Set: 0.0ms
[2023-08-12T01:46:55.244+0000][gc,phases     ] GC(730)   Evacuate Collection Set: 7.3ms
[2023-08-12T01:46:55.244+0000][gc,phases     ] GC(730)   Post Evacuate Collection Set: 0.6ms
[2023-08-12T01:46:55.244+0000][gc,phases     ] GC(730)   Other: 0.3ms
[2023-08-12T01:46:55.244+0000][gc,heap       ] GC(730) Eden regions: 216->0(256)
[2023-08-12T01:46:55.244+0000][gc,heap       ] GC(730) Survivor regions: 8->11(28)
[2023-08-12T01:46:55.244+0000][gc,heap       ] GC(730) Old regions: 166->166
[2023-08-12T01:46:55.244+0000][gc,heap       ] GC(730) Humongous regions: 149->149
[2023-08-12T01:46:55.244+0000][gc,metaspace  ] GC(730) Metaspace: 119224K(125028K)->119224K(125028K) NonClass: 105346K(108748K)->105346K(108748K) Class: 13877K(16280K)->13877K(16280K)
[2023-08-12T01:46:55.244+0000][gc            ] GC(730) Pause Young (Normal) (G1 Evacuation Pause) 538M->325M(1024M) 8.429ms
[2023-08-12T01:46:55.244+0000][gc,cpu        ] GC(730) User=0.06s Sys=0.00s Real=0.01s
[2023-08-12T01:48:09.472+0000][gc,start      ] GC(731) Pause Young (Normal) (GCLocker Initiated GC)
[2023-08-12T01:48:09.472+0000][gc,task       ] GC(731) Using 8 workers of 8 for evacuation
[2023-08-12T01:48:09.482+0000][gc,phases     ] GC(731)   Pre Evacuate Collection Set: 0.0ms
[2023-08-12T01:48:09.482+0000][gc,phases     ] GC(731)   Evacuate Collection Set: 9.0ms
[2023-08-12T01:48:09.482+0000][gc,phases     ] GC(731)   Post Evacuate Collection Set: 0.6ms
[2023-08-12T01:48:09.482+0000][gc,phases     ] GC(731)   Other: 0.3ms
[2023-08-12T01:48:09.482+0000][gc,heap       ] GC(731) Eden regions: 257->0(289)
[2023-08-12T01:48:09.482+0000][gc,heap       ] GC(731) Survivor regions: 11->15(34)
[2023-08-12T01:48:09.482+0000][gc,heap       ] GC(731) Old regions: 166->166
[2023-08-12T01:48:09.482+0000][gc,heap       ] GC(731) Humongous regions: 149->149
[2023-08-12T01:48:09.482+0000][gc,metaspace  ] GC(731) Metaspace: 119224K(125028K)->119224K(125028K) NonClass: 105346K(108748K)->105346K(108748K) Class: 13877K(16280K)->13877K(16280K)
[2023-08-12T01:48:09.482+0000][gc            ] GC(731) Pause Young (Normal) (GCLocker Initiated GC) 581M->329M(1024M) 9.967ms
[2023-08-12T01:48:09.482+0000][gc,cpu        ] GC(731) User=0.07s Sys=0.00s Real=0.01s
[2023-08-12T01:49:09.987+0000][gc,start      ] GC(732) Pause Young (Normal) (G1 Evacuation Pause)
[2023-08-12T01:49:09.987+0000][gc,task       ] GC(732) Using 8 workers of 8 for evacuation
[2023-08-12T01:49:09.999+0000][gc,phases     ] GC(732)   Pre Evacuate Collection Set: 0.0ms
[2023-08-12T01:49:09.999+0000][gc,phases     ] GC(732)   Evacuate Collection Set: 11.2ms
[2023-08-12T01:49:09.999+0000][gc,phases     ] GC(732)   Post Evacuate Collection Set: 0.7ms
[2023-08-12T01:49:09.999+0000][gc,phases     ] GC(732)   Other: 0.4ms
[2023-08-12T01:49:09.999+0000][gc,heap       ] GC(732) Eden regions: 289->0(328)
[2023-08-12T01:49:09.999+0000][gc,heap       ] GC(732) Survivor regions: 15->17(38)
[2023-08-12T01:49:09.999+0000][gc,heap       ] GC(732) Old regions: 166->166
[2023-08-12T01:49:09.999+0000][gc,heap       ] GC(732) Humongous regions: 149->149
[2023-08-12T01:49:09.999+0000][gc,metaspace  ] GC(732) Metaspace: 119224K(125028K)->119224K(125028K) NonClass: 105346K(108748K)->105346K(108748K) Class: 13877K(16280K)->13877K(16280K)
[2023-08-12T01:49:09.999+0000][gc            ] GC(732) Pause Young (Normal) (G1 Evacuation Pause) 618M->331M(1024M) 12.283ms
[2023-08-12T01:49:09.999+0000][gc,cpu        ] GC(732) User=0.07s Sys=0.00s Real=0.02s
[2023-08-12T01:50:39.472+0000][gc,start      ] GC(733) Pause Young (Normal) (G1 Evacuation Pause)
[2023-08-12T01:50:39.472+0000][gc,task       ] GC(733) Using 8 workers of 8 for evacuation
[2023-08-12T01:50:39.484+0000][gc,phases     ] GC(733)   Pre Evacuate Collection Set: 0.0ms
[2023-08-12T01:50:39.484+0000][gc,phases     ] GC(733)   Evacuate Collection Set: 11.6ms
[2023-08-12T01:50:39.484+0000][gc,phases     ] GC(733)   Post Evacuate Collection Set: 0.6ms
[2023-08-12T01:50:39.484+0000][gc,phases     ] GC(733)   Other: 0.3ms
[2023-08-12T01:50:39.484+0000][gc,heap       ] GC(733) Eden regions: 328->0(351)
[2023-08-12T01:50:39.484+0000][gc,heap       ] GC(733) Survivor regions: 17->22(44)
[2023-08-12T01:50:39.484+0000][gc,heap       ] GC(733) Old regions: 166->166
[2023-08-12T01:50:39.484+0000][gc,heap       ] GC(733) Humongous regions: 149->149
[2023-08-12T01:50:39.484+0000][gc,metaspace  ] GC(733) Metaspace: 119224K(125028K)->119224K(125028K) NonClass: 105346K(108748K)->105346K(108748K) Class: 13877K(16280K)->13877K(16280K)
[2023-08-12T01:50:39.484+0000][gc            ] GC(733) Pause Young (Normal) (G1 Evacuation Pause) 659M->336M(1024M) 12.655ms
[2023-08-12T01:50:39.484+0000][gc,cpu        ] GC(733) User=0.09s Sys=0.00s Real=0.01s
[2023-08-12T01:51:55.239+0000][gc,start      ] GC(734) Pause Young (Normal) (G1 Evacuation Pause)
[2023-08-12T01:51:55.239+0000][gc,task       ] GC(734) Using 8 workers of 8 for evacuation
[2023-08-12T01:51:55.254+0000][gc,phases     ] GC(734)   Pre Evacuate Collection Set: 0.0ms
[2023-08-12T01:51:55.254+0000][gc,phases     ] GC(734)   Evacuate Collection Set: 13.4ms
[2023-08-12T01:51:55.254+0000][gc,phases     ] GC(734)   Post Evacuate Collection Set: 0.6ms
[2023-08-12T01:51:55.254+0000][gc,phases     ] GC(734)   Other: 0.3ms
[2023-08-12T01:51:55.254+0000][gc,heap       ] GC(734) Eden regions: 351->0(370)
[2023-08-12T01:51:55.254+0000][gc,heap       ] GC(734) Survivor regions: 22->24(47)
[2023-08-12T01:51:55.254+0000][gc,heap       ] GC(734) Old regions: 166->166
[2023-08-12T01:51:55.254+0000][gc,heap       ] GC(734) Humongous regions: 149->149
[2023-08-12T01:51:55.254+0000][gc,metaspace  ] GC(734) Metaspace: 119224K(125028K)->119224K(125028K) NonClass: 105346K(108748K)->105346K(108748K) Class: 13877K(16280K)->13877K(16280K)
[2023-08-12T01:51:55.254+0000][gc            ] GC(734) Pause Young (Normal) (G1 Evacuation Pause) 687M->338M(1024M) 14.430ms
[2023-08-12T01:51:55.254+0000][gc,cpu        ] GC(734) User=0.10s Sys=0.00s Real=0.01s
[2023-08-12T01:53:39.484+0000][gc,start      ] GC(735) Pause Young (Normal) (G1 Evacuation Pause)
[2023-08-12T01:53:39.484+0000][gc,task       ] GC(735) Using 8 workers of 8 for evacuation
[2023-08-12T01:53:39.500+0000][gc,phases     ] GC(735)   Pre Evacuate Collection Set: 0.0ms
[2023-08-12T01:53:39.500+0000][gc,phases     ] GC(735)   Evacuate Collection Set: 15.6ms
[2023-08-12T01:53:39.500+0000][gc,phases     ] GC(735)   Post Evacuate Collection Set: 0.7ms
[2023-08-12T01:53:39.500+0000][gc,phases     ] GC(735)   Other: 0.3ms
[2023-08-12T01:53:39.500+0000][gc,heap       ] GC(735) Eden regions: 370->0(370)
[2023-08-12T01:53:39.500+0000][gc,heap       ] GC(735) Survivor regions: 24->29(50)
[2023-08-12T01:53:39.500+0000][gc,heap       ] GC(735) Old regions: 166->166
[2023-08-12T01:53:39.500+0000][gc,heap       ] GC(735) Humongous regions: 149->149
[2023-08-12T01:53:39.500+0000][gc,metaspace  ] GC(735) Metaspace: 119224K(125028K)->119224K(125028K) NonClass: 105346K(108748K)->105346K(108748K) Class: 13877K(16280K)->13877K(16280K)
[2023-08-12T01:53:39.500+0000][gc            ] GC(735) Pause Young (Normal) (G1 Evacuation Pause) 708M->343M(1024M) 16.750ms
[2023-08-12T01:53:39.500+0000][gc,cpu        ] GC(735) User=0.12s Sys=0.00s Real=0.02s
[2023-08-12T01:55:04.410+0000][gc,start      ] GC(736) Pause Young (Normal) (G1 Evacuation Pause)
[2023-08-12T01:55:04.410+0000][gc,task       ] GC(736) Using 8 workers of 8 for evacuation
[2023-08-12T01:55:04.428+0000][gc,phases     ] GC(736)   Pre Evacuate Collection Set: 0.0ms
[2023-08-12T01:55:04.428+0000][gc,phases     ] GC(736)   Evacuate Collection Set: 17.0ms
[2023-08-12T01:55:04.428+0000][gc,phases     ] GC(736)   Post Evacuate Collection Set: 0.7ms
[2023-08-12T01:55:04.428+0000][gc,phases     ] GC(736)   Other: 0.4ms
[2023-08-12T01:55:04.428+0000][gc,heap       ] GC(736) Eden regions: 370->0(354)
[2023-08-12T01:55:04.428+0000][gc,heap       ] GC(736) Survivor regions: 29->29(50)
[2023-08-12T01:55:04.428+0000][gc,heap       ] GC(736) Old regions: 166->170
[2023-08-12T01:55:04.428+0000][gc,heap       ] GC(736) Humongous regions: 149->149
[2023-08-12T01:55:04.428+0000][gc,metaspace  ] GC(736) Metaspace: 119224K(125028K)->119224K(125028K) NonClass: 105346K(108748K)->105346K(108748K) Class: 13877K(16280K)->13877K(16280K)
[2023-08-12T01:55:04.428+0000][gc            ] GC(736) Pause Young (Normal) (G1 Evacuation Pause) 713M->347M(1024M) 18.151ms
[2023-08-12T01:55:04.428+0000][gc,cpu        ] GC(736) User=0.13s Sys=0.00s Real=0.02s
[2023-08-12T01:56:24.975+0000][gc,start      ] GC(737) Pause Young (Normal) (G1 Evacuation Pause)
[2023-08-12T01:56:24.975+0000][gc,task       ] GC(737) Using 8 workers of 8 for evacuation
[2023-08-12T01:56:24.993+0000][gc,phases     ] GC(737)   Pre Evacuate Collection Set: 0.0ms
[2023-08-12T01:56:24.993+0000][gc,phases     ] GC(737)   Evacuate Collection Set: 16.8ms
[2023-08-12T01:56:24.993+0000][gc,phases     ] GC(737)   Post Evacuate Collection Set: 0.7ms
[2023-08-12T01:56:24.993+0000][gc,phases     ] GC(737)   Other: 0.4ms
[2023-08-12T01:56:24.993+0000][gc,heap       ] GC(737) Eden regions: 318->0(337)
[2023-08-12T01:56:24.993+0000][gc,heap       ] GC(737) Survivor regions: 29->27(44)
[2023-08-12T01:56:24.993+0000][gc,heap       ] GC(737) Old regions: 170->177
[2023-08-12T01:56:24.993+0000][gc,heap       ] GC(737) Humongous regions: 149->149
[2023-08-12T01:56:24.993+0000][gc,metaspace  ] GC(737) Metaspace: 119224K(125028K)->119224K(125028K) NonClass: 105346K(108748K)->105346K(108748K) Class: 13877K(16280K)->13877K(16280K)
[2023-08-12T01:56:24.993+0000][gc            ] GC(737) Pause Young (Normal) (G1 Evacuation Pause) 665M->352M(1024M) 17.898ms
[2023-08-12T01:56:24.993+0000][gc,cpu        ] GC(737) User=0.13s Sys=0.00s Real=0.02s
[2023-08-12T01:57:54.345+0000][gc,start      ] GC(738) Pause Young (Normal) (G1 Evacuation Pause)
[2023-08-12T01:57:54.345+0000][gc,task       ] GC(738) Using 8 workers of 8 for evacuation
[2023-08-12T01:57:54.361+0000][gc,phases     ] GC(738)   Pre Evacuate Collection Set: 0.0ms
[2023-08-12T01:57:54.361+0000][gc,phases     ] GC(738)   Evacuate Collection Set: 15.5ms
[2023-08-12T01:57:54.361+0000][gc,phases     ] GC(738)   Post Evacuate Collection Set: 0.7ms
[2023-08-12T01:57:54.361+0000][gc,phases     ] GC(738)   Other: 0.3ms
[2023-08-12T01:57:54.361+0000][gc,heap       ] GC(738) Eden regions: 337->0(351)
[2023-08-12T01:57:54.361+0000][gc,heap       ] GC(738) Survivor regions: 27->27(46)
[2023-08-12T01:57:54.361+0000][gc,heap       ] GC(738) Old regions: 177->181
[2023-08-12T01:57:54.361+0000][gc,heap       ] GC(738) Humongous regions: 149->149
[2023-08-12T01:57:54.361+0000][gc,metaspace  ] GC(738) Metaspace: 119224K(125028K)->119224K(125028K) NonClass: 105346K(108748K)->105346K(108748K) Class: 13877K(16280K)->13877K(16280K)
[2023-08-12T01:57:54.361+0000][gc            ] GC(738) Pause Young (Normal) (G1 Evacuation Pause) 689M->356M(1024M) 16.587ms
[2023-08-12T01:57:54.361+0000][gc,cpu        ] GC(738) User=0.12s Sys=0.00s Real=0.02s
[2023-08-12T01:59:15.224+0000][gc,start      ] GC(739) Pause Young (Normal) (G1 Evacuation Pause)
[2023-08-12T01:59:15.224+0000][gc,task       ] GC(739) Using 8 workers of 8 for evacuation
[2023-08-12T01:59:15.243+0000][gc,phases     ] GC(739)   Pre Evacuate Collection Set: 0.0ms
[2023-08-12T01:59:15.243+0000][gc,phases     ] GC(739)   Evacuate Collection Set: 18.2ms
[2023-08-12T01:59:15.243+0000][gc,phases     ] GC(739)   Post Evacuate Collection Set: 0.7ms
[2023-08-12T01:59:15.243+0000][gc,phases     ] GC(739)   Other: 0.3ms
[2023-08-12T01:59:15.243+0000][gc,heap       ] GC(739) Eden regions: 327->0(346)
[2023-08-12T01:59:15.243+0000][gc,heap       ] GC(739) Survivor regions: 27->26(45)
[2023-08-12T01:59:15.243+0000][gc,heap       ] GC(739) Old regions: 181->185
[2023-08-12T01:59:15.243+0000][gc,heap       ] GC(739) Humongous regions: 149->149
[2023-08-12T01:59:15.243+0000][gc,metaspace  ] GC(739) Metaspace: 119224K(125028K)->119224K(125028K) NonClass: 105346K(108748K)->105346K(108748K) Class: 13877K(16280K)->13877K(16280K)
[2023-08-12T01:59:15.243+0000][gc            ] GC(739) Pause Young (Normal) (G1 Evacuation Pause) 683M->358M(1024M) 19.278ms
[2023-08-12T01:59:15.243+0000][gc,cpu        ] GC(739) User=0.13s Sys=0.00s Real=0.02s
[2023-08-12T02:00:32.952+0000][gc,start      ] GC(740) Pause Young (Normal) (G1 Evacuation Pause)
[2023-08-12T02:00:32.952+0000][gc,task       ] GC(740) Using 8 workers of 8 for evacuation
[2023-08-12T02:00:32.969+0000][gc,phases     ] GC(740)   Pre Evacuate Collection Set: 0.0ms
[2023-08-12T02:00:32.969+0000][gc,phases     ] GC(740)   Evacuate Collection Set: 15.6ms
[2023-08-12T02:00:32.969+0000][gc,phases     ] GC(740)   Post Evacuate Collection Set: 0.7ms
[2023-08-12T02:00:32.969+0000][gc,phases     ] GC(740)   Other: 0.3ms
[2023-08-12T02:00:32.969+0000][gc,heap       ] GC(740) Eden regions: 323->0(341)
[2023-08-12T02:00:32.969+0000][gc,heap       ] GC(740) Survivor regions: 26->32(44)
[2023-08-12T02:00:32.969+0000][gc,heap       ] GC(740) Old regions: 185->188
[2023-08-12T02:00:32.969+0000][gc,heap       ] GC(740) Humongous regions: 149->149
[2023-08-12T02:00:32.969+0000][gc,metaspace  ] GC(740) Metaspace: 119224K(125028K)->119224K(125028K) NonClass: 105346K(108748K)->105346K(108748K) Class: 13877K(16280K)->13877K(16280K)
[2023-08-12T02:00:32.969+0000][gc            ] GC(740) Pause Young (Normal) (G1 Evacuation Pause) 681M->369M(1024M) 16.736ms
[2023-08-12T02:00:32.969+0000][gc,cpu        ] GC(740) User=0.13s Sys=0.00s Real=0.01s
[2023-08-12T02:01:54.976+0000][gc,start      ] GC(741) Pause Young (Normal) (G1 Evacuation Pause)
[2023-08-12T02:01:54.976+0000][gc,task       ] GC(741) Using 8 workers of 8 for evacuation
[2023-08-12T02:01:54.993+0000][gc,phases     ] GC(741)   Pre Evacuate Collection Set: 0.0ms
[2023-08-12T02:01:54.993+0000][gc,phases     ] GC(741)   Evacuate Collection Set: 16.1ms
[2023-08-12T02:01:54.993+0000][gc,phases     ] GC(741)   Post Evacuate Collection Set: 0.7ms
[2023-08-12T02:01:54.993+0000][gc,phases     ] GC(741)   Other: 0.4ms
[2023-08-12T02:01:54.993+0000][gc,heap       ] GC(741) Eden regions: 341->0(414)
[2023-08-12T02:01:54.993+0000][gc,heap       ] GC(741) Survivor regions: 32->22(47)
[2023-08-12T02:01:54.993+0000][gc,heap       ] GC(741) Old regions: 188->197
[2023-08-12T02:01:54.993+0000][gc,heap       ] GC(741) Humongous regions: 149->149
[2023-08-12T02:01:54.993+0000][gc,metaspace  ] GC(741) Metaspace: 119224K(125028K)->119224K(125028K) NonClass: 105346K(108748K)->105346K(108748K) Class: 13877K(16280K)->13877K(16280K)
[2023-08-12T02:01:54.993+0000][gc            ] GC(741) Pause Young (Normal) (G1 Evacuation Pause) 710M->366M(1024M) 17.300ms
[2023-08-12T02:01:54.993+0000][gc,cpu        ] GC(741) User=0.13s Sys=0.00s Real=0.02s
[2023-08-12T02:03:39.443+0000][gc,start      ] GC(742) Pause Young (Normal) (G1 Evacuation Pause)
[2023-08-12T02:03:39.444+0000][gc,task       ] GC(742) Using 8 workers of 8 for evacuation
[2023-08-12T02:03:39.459+0000][gc,phases     ] GC(742)   Pre Evacuate Collection Set: 0.0ms
[2023-08-12T02:03:39.459+0000][gc,phases     ] GC(742)   Evacuate Collection Set: 14.2ms
[2023-08-12T02:03:39.459+0000][gc,phases     ] GC(742)   Post Evacuate Collection Set: 0.7ms
[2023-08-12T02:03:39.459+0000][gc,phases     ] GC(742)   Other: 0.4ms
[2023-08-12T02:03:39.459+0000][gc,heap       ] GC(742) Eden regions: 414->0(397)
[2023-08-12T02:03:39.459+0000][gc,heap       ] GC(742) Survivor regions: 22->27(55)
[2023-08-12T02:03:39.459+0000][gc,heap       ] GC(742) Old regions: 197->197
[2023-08-12T02:03:39.459+0000][gc,heap       ] GC(742) Humongous regions: 149->149
[2023-08-12T02:03:39.459+0000][gc,metaspace  ] GC(742) Metaspace: 119224K(125028K)->119224K(125028K) NonClass: 105346K(108748K)->105346K(108748K) Class: 13877K(16280K)->13877K(16280K)
[2023-08-12T02:03:39.459+0000][gc            ] GC(742) Pause Young (Normal) (G1 Evacuation Pause) 780M->371M(1024M) 15.322ms
[2023-08-12T02:03:39.459+0000][gc,cpu        ] GC(742) User=0.11s Sys=0.00s Real=0.02s
[2023-08-12T02:05:13.985+0000][gc,start      ] GC(743) Pause Young (Concurrent Start) (G1 Evacuation Pause)
[2023-08-12T02:05:13.985+0000][gc,task       ] GC(743) Using 8 workers of 8 for evacuation
[2023-08-12T02:05:14.003+0000][gc,phases     ] GC(743)   Pre Evacuate Collection Set: 0.5ms
[2023-08-12T02:05:14.003+0000][gc,phases     ] GC(743)   Evacuate Collection Set: 16.4ms
[2023-08-12T02:05:14.003+0000][gc,phases     ] GC(743)   Post Evacuate Collection Set: 0.7ms
[2023-08-12T02:05:14.003+0000][gc,phases     ] GC(743)   Other: 0.4ms
[2023-08-12T02:05:14.003+0000][gc,heap       ] GC(743) Eden regions: 355->0(352)
[2023-08-12T02:05:14.003+0000][gc,heap       ] GC(743) Survivor regions: 27->27(48)
[2023-08-12T02:05:14.003+0000][gc,heap       ] GC(743) Old regions: 197->201
[2023-08-12T02:05:14.003+0000][gc,heap       ] GC(743) Humongous regions: 149->149
[2023-08-12T02:05:14.003+0000][gc,metaspace  ] GC(743) Metaspace: 119224K(125028K)->119224K(125028K) NonClass: 105346K(108748K)->105346K(108748K) Class: 13877K(16280K)->13877K(16280K)
[2023-08-12T02:05:14.003+0000][gc            ] GC(743) Pause Young (Concurrent Start) (G1 Evacuation Pause) 726M->376M(1024M) 18.021ms
[2023-08-12T02:05:14.003+0000][gc,cpu        ] GC(743) User=0.12s Sys=0.00s Real=0.02s
[2023-08-12T02:05:14.003+0000][gc            ] GC(744) Concurrent Cycle
[2023-08-12T02:05:14.003+0000][gc,marking    ] GC(744) Concurrent Clear Claimed Marks
[2023-08-12T02:05:14.003+0000][gc,marking    ] GC(744) Concurrent Clear Claimed Marks 0.276ms
[2023-08-12T02:05:14.003+0000][gc,marking    ] GC(744) Concurrent Scan Root Regions
[2023-08-12T02:05:14.017+0000][gc,marking    ] GC(744) Concurrent Scan Root Regions 14.249ms
[2023-08-12T02:05:14.017+0000][gc,marking    ] GC(744) Concurrent Mark (55405.319s)
[2023-08-12T02:05:14.017+0000][gc,marking    ] GC(744) Concurrent Mark From Roots
[2023-08-12T02:05:14.017+0000][gc,task       ] GC(744) Using 2 workers of 2 for marking
[2023-08-12T02:05:14.086+0000][gc,marking    ] GC(744) Concurrent Mark From Roots 68.390ms
[2023-08-12T02:05:14.086+0000][gc,marking    ] GC(744) Concurrent Preclean
[2023-08-12T02:05:14.086+0000][gc,marking    ] GC(744) Concurrent Preclean 0.372ms
[2023-08-12T02:05:14.086+0000][gc,marking    ] GC(744) Concurrent Mark (55405.319s, 55405.388s) 68.845ms
[2023-08-12T02:05:14.086+0000][gc,start      ] GC(744) Pause Remark
[2023-08-12T02:05:14.099+0000][gc,stringtable] GC(744) Cleaned string and symbol table, strings: 45164 processed, 0 removed, symbols: 280311 processed, 0 removed
[2023-08-12T02:05:14.099+0000][gc            ] GC(744) Pause Remark 378M->374M(1024M) 12.900ms
[2023-08-12T02:05:14.099+0000][gc,cpu        ] GC(744) User=0.09s Sys=0.00s Real=0.02s
[2023-08-12T02:05:14.099+0000][gc,marking    ] GC(744) Concurrent Rebuild Remembered Sets
[2023-08-12T02:05:14.141+0000][gc,marking    ] GC(744) Concurrent Rebuild Remembered Sets 41.275ms
[2023-08-12T02:05:14.141+0000][gc,start      ] GC(744) Pause Cleanup
[2023-08-12T02:05:14.141+0000][gc            ] GC(744) Pause Cleanup 374M->374M(1024M) 0.235ms
[2023-08-12T02:05:14.141+0000][gc,cpu        ] GC(744) User=0.00s Sys=0.00s Real=0.00s
[2023-08-12T02:05:14.141+0000][gc,marking    ] GC(744) Concurrent Cleanup for Next Mark
[2023-08-12T02:05:14.143+0000][gc,marking    ] GC(744) Concurrent Cleanup for Next Mark 1.341ms
[2023-08-12T02:05:14.143+0000][gc            ] GC(744) Concurrent Cycle 139.947ms
[2023-08-12T02:05:54.346+0000][gc,start      ] GC(745) Pause Young (Prepare Mixed) (G1 Evacuation Pause)
[2023-08-12T02:05:54.347+0000][gc,task       ] GC(745) Using 8 workers of 8 for evacuation
[2023-08-12T02:05:54.365+0000][gc,phases     ] GC(745)   Pre Evacuate Collection Set: 0.0ms
[2023-08-12T02:05:54.366+0000][gc,phases     ] GC(745)   Evacuate Collection Set: 18.0ms
[2023-08-12T02:05:54.366+0000][gc,phases     ] GC(745)   Post Evacuate Collection Set: 0.6ms
[2023-08-12T02:05:54.366+0000][gc,phases     ] GC(745)   Other: 0.4ms
[2023-08-12T02:05:54.366+0000][gc,heap       ] GC(745) Eden regions: 131->0(40)
[2023-08-12T02:05:54.366+0000][gc,heap       ] GC(745) Survivor regions: 27->11(20)
[2023-08-12T02:05:54.366+0000][gc,heap       ] GC(745) Old regions: 197->216
[2023-08-12T02:05:54.366+0000][gc,heap       ] GC(745) Humongous regions: 149->149
[2023-08-12T02:05:54.366+0000][gc,metaspace  ] GC(745) Metaspace: 119224K(125028K)->119224K(125028K) NonClass: 105346K(108748K)->105346K(108748K) Class: 13877K(16280K)->13877K(16280K)
[2023-08-12T02:05:54.366+0000][gc            ] GC(745) Pause Young (Prepare Mixed) (G1 Evacuation Pause) 503M->375M(1024M) 19.100ms
[2023-08-12T02:05:54.366+0000][gc,cpu        ] GC(745) User=0.13s Sys=0.00s Real=0.02s
[2023-08-12T02:05:55.202+0000][gc,start      ] GC(746) Pause Young (Mixed) (G1 Evacuation Pause)
[2023-08-12T02:05:55.202+0000][gc,task       ] GC(746) Using 8 workers of 8 for evacuation
[2023-08-12T02:05:55.212+0000][gc,phases     ] GC(746)   Pre Evacuate Collection Set: 0.1ms
[2023-08-12T02:05:55.212+0000][gc,phases     ] GC(746)   Evacuate Collection Set: 8.6ms
[2023-08-12T02:05:55.212+0000][gc,phases     ] GC(746)   Post Evacuate Collection Set: 0.6ms
[2023-08-12T02:05:55.212+0000][gc,phases     ] GC(746)   Other: 0.4ms
[2023-08-12T02:05:55.212+0000][gc,heap       ] GC(746) Eden regions: 40->0(237)
[2023-08-12T02:05:55.212+0000][gc,heap       ] GC(746) Survivor regions: 11->5(7)
[2023-08-12T02:05:55.212+0000][gc,heap       ] GC(746) Old regions: 216->167
[2023-08-12T02:05:55.212+0000][gc,heap       ] GC(746) Humongous regions: 149->149
[2023-08-12T02:05:55.212+0000][gc,metaspace  ] GC(746) Metaspace: 119224K(125028K)->119224K(125028K) NonClass: 105346K(108748K)->105346K(108748K) Class: 13877K(16280K)->13877K(16280K)
[2023-08-12T02:05:55.212+0000][gc            ] GC(746) Pause Young (Mixed) (G1 Evacuation Pause) 415M->320M(1024M) 9.681ms
[2023-08-12T02:05:55.212+0000][gc,cpu        ] GC(746) User=0.07s Sys=0.00s Real=0.01s
[2023-08-12T02:06:54.347+0000][gc,start      ] GC(747) Pause Young (Normal) (G1 Evacuation Pause)
[2023-08-12T02:06:54.347+0000][gc,task       ] GC(747) Using 8 workers of 8 for evacuation
[2023-08-12T02:06:54.354+0000][gc,phases     ] GC(747)   Pre Evacuate Collection Set: 0.0ms
[2023-08-12T02:06:54.354+0000][gc,phases     ] GC(747)   Evacuate Collection Set: 6.3ms
[2023-08-12T02:06:54.354+0000][gc,phases     ] GC(747)   Post Evacuate Collection Set: 0.5ms
[2023-08-12T02:06:54.354+0000][gc,phases     ] GC(747)   Other: 0.3ms
[2023-08-12T02:06:54.354+0000][gc,heap       ] GC(747) Eden regions: 237->0(255)
[2023-08-12T02:06:54.354+0000][gc,heap       ] GC(747) Survivor regions: 5->8(31)
[2023-08-12T02:06:54.354+0000][gc,heap       ] GC(747) Old regions: 167->167
[2023-08-12T02:06:54.355+0000][gc,heap       ] GC(747) Humongous regions: 149->149
[2023-08-12T02:06:54.355+0000][gc,metaspace  ] GC(747) Metaspace: 119224K(125028K)->119224K(125028K) NonClass: 105346K(108748K)->105346K(108748K) Class: 13877K(16280K)->13877K(16280K)
[2023-08-12T02:06:54.355+0000][gc            ] GC(747) Pause Young (Normal) (G1 Evacuation Pause) 557M->323M(1024M) 7.170ms
[2023-08-12T02:06:54.355+0000][gc,cpu        ] GC(747) User=0.05s Sys=0.00s Real=0.01s
[2023-08-12T02:07:54.470+0000][gc,start      ] GC(748) Pause Young (Normal) (G1 Evacuation Pause)
[2023-08-12T02:07:54.470+0000][gc,task       ] GC(748) Using 8 workers of 8 for evacuation
[2023-08-12T02:07:54.484+0000][gc,phases     ] GC(748)   Pre Evacuate Collection Set: 0.0ms
[2023-08-12T02:07:54.484+0000][gc,phases     ] GC(748)   Evacuate Collection Set: 12.5ms
[2023-08-12T02:07:54.484+0000][gc,phases     ] GC(748)   Post Evacuate Collection Set: 0.6ms
[2023-08-12T02:07:54.484+0000][gc,phases     ] GC(748)   Other: 0.4ms
[2023-08-12T02:07:54.484+0000][gc,heap       ] GC(748) Eden regions: 255->0(263)
[2023-08-12T02:07:54.484+0000][gc,heap       ] GC(748) Survivor regions: 8->11(33)
[2023-08-12T02:07:54.484+0000][gc,heap       ] GC(748) Old regions: 167->167
[2023-08-12T02:07:54.484+0000][gc,heap       ] GC(748) Humongous regions: 149->149
[2023-08-12T02:07:54.484+0000][gc,metaspace  ] GC(748) Metaspace: 119224K(125028K)->119224K(125028K) NonClass: 105346K(108748K)->105346K(108748K) Class: 13877K(16280K)->13877K(16280K)
[2023-08-12T02:07:54.484+0000][gc            ] GC(748) Pause Young (Normal) (G1 Evacuation Pause) 578M->326M(1024M) 13.538ms
[2023-08-12T02:07:54.484+0000][gc,cpu        ] GC(748) User=0.09s Sys=0.00s Real=0.02s
[2023-08-12T02:09:02.743+0000][gc,start      ] GC(749) Pause Young (Normal) (G1 Evacuation Pause)
[2023-08-12T02:09:02.743+0000][gc,task       ] GC(749) Using 8 workers of 8 for evacuation
[2023-08-12T02:09:02.756+0000][gc,phases     ] GC(749)   Pre Evacuate Collection Set: 0.0ms
[2023-08-12T02:09:02.756+0000][gc,phases     ] GC(749)   Evacuate Collection Set: 11.9ms
[2023-08-12T02:09:02.756+0000][gc,phases     ] GC(749)   Post Evacuate Collection Set: 0.6ms
[2023-08-12T02:09:02.756+0000][gc,phases     ] GC(749)   Other: 0.4ms
[2023-08-12T02:09:02.756+0000][gc,heap       ] GC(749) Eden regions: 263->0(281)
[2023-08-12T02:09:02.756+0000][gc,heap       ] GC(749) Survivor regions: 11->13(35)
[2023-08-12T02:09:02.756+0000][gc,heap       ] GC(749) Old regions: 167->167
[2023-08-12T02:09:02.756+0000][gc,heap       ] GC(749) Humongous regions: 149->149
[2023-08-12T02:09:02.756+0000][gc,metaspace  ] GC(749) Metaspace: 119224K(125028K)->119224K(125028K) NonClass: 105346K(108748K)->105346K(108748K) Class: 13877K(16280K)->13877K(16280K)
[2023-08-12T02:09:02.756+0000][gc            ] GC(749) Pause Young (Normal) (G1 Evacuation Pause) 589M->328M(1024M) 13.057ms
[2023-08-12T02:09:02.756+0000][gc,cpu        ] GC(749) User=0.09s Sys=0.00s Real=0.01s
[2023-08-12T02:10:09.469+0000][gc,start      ] GC(750) Pause Young (Normal) (G1 Evacuation Pause)
[2023-08-12T02:10:09.469+0000][gc,task       ] GC(750) Using 8 workers of 8 for evacuation
[2023-08-12T02:10:09.480+0000][gc,phases     ] GC(750)   Pre Evacuate Collection Set: 0.0ms
[2023-08-12T02:10:09.480+0000][gc,phases     ] GC(750)   Evacuate Collection Set: 9.8ms
[2023-08-12T02:10:09.480+0000][gc,phases     ] GC(750)   Post Evacuate Collection Set: 0.6ms
[2023-08-12T02:10:09.480+0000][gc,phases     ] GC(750)   Other: 0.3ms
[2023-08-12T02:10:09.480+0000][gc,heap       ] GC(750) Eden regions: 281->0(307)
[2023-08-12T02:10:09.480+0000][gc,heap       ] GC(750) Survivor regions: 13->17(37)
[2023-08-12T02:10:09.480+0000][gc,heap       ] GC(750) Old regions: 167->167
[2023-08-12T02:10:09.480+0000][gc,heap       ] GC(750) Humongous regions: 149->149
[2023-08-12T02:10:09.480+0000][gc,metaspace  ] GC(750) Metaspace: 119224K(125028K)->119224K(125028K) NonClass: 105346K(108748K)->105346K(108748K) Class: 13877K(16280K)->13877K(16280K)
[2023-08-12T02:10:09.480+0000][gc            ] GC(750) Pause Young (Normal) (G1 Evacuation Pause) 609M->332M(1024M) 10.885ms
[2023-08-12T02:10:09.480+0000][gc,cpu        ] GC(750) User=0.08s Sys=0.00s Real=0.02s
[2023-08-12T02:11:25.198+0000][gc,start      ] GC(751) Pause Young (Normal) (G1 Evacuation Pause)
[2023-08-12T02:11:25.198+0000][gc,task       ] GC(751) Using 8 workers of 8 for evacuation
[2023-08-12T02:11:25.210+0000][gc,phases     ] GC(751)   Pre Evacuate Collection Set: 0.0ms
[2023-08-12T02:11:25.210+0000][gc,phases     ] GC(751)   Evacuate Collection Set: 10.9ms
[2023-08-12T02:11:25.210+0000][gc,phases     ] GC(751)   Post Evacuate Collection Set: 0.6ms
[2023-08-12T02:11:25.210+0000][gc,phases     ] GC(751)   Other: 0.3ms
[2023-08-12T02:11:25.210+0000][gc,heap       ] GC(751) Eden regions: 307->0(339)
[2023-08-12T02:11:25.210+0000][gc,heap       ] GC(751) Survivor regions: 17->20(41)
[2023-08-12T02:11:25.210+0000][gc,heap       ] GC(751) Old regions: 167->167
[2023-08-12T02:11:25.210+0000][gc,heap       ] GC(751) Humongous regions: 149->149
[2023-08-12T02:11:25.210+0000][gc,metaspace  ] GC(751) Metaspace: 119225K(125028K)->119225K(125028K) NonClass: 105347K(108748K)->105347K(108748K) Class: 13877K(16280K)->13877K(16280K)
[2023-08-12T02:11:25.210+0000][gc            ] GC(751) Pause Young (Normal) (G1 Evacuation Pause) 639M->335M(1024M) 11.887ms
[2023-08-12T02:11:25.210+0000][gc,cpu        ] GC(751) User=0.09s Sys=0.00s Real=0.01s
[2023-08-12T02:12:54.359+0000][gc,start      ] GC(752) Pause Young (Normal) (G1 Evacuation Pause)
[2023-08-12T02:12:54.359+0000][gc,task       ] GC(752) Using 8 workers of 8 for evacuation
[2023-08-12T02:12:54.373+0000][gc,phases     ] GC(752)   Pre Evacuate Collection Set: 0.0ms
[2023-08-12T02:12:54.373+0000][gc,phases     ] GC(752)   Evacuate Collection Set: 13.2ms
[2023-08-12T02:12:54.373+0000][gc,phases     ] GC(752)   Post Evacuate Collection Set: 0.6ms
[2023-08-12T02:12:54.373+0000][gc,phases     ] GC(752)   Other: 0.3ms
[2023-08-12T02:12:54.373+0000][gc,heap       ] GC(752) Eden regions: 339->0(352)
[2023-08-12T02:12:54.373+0000][gc,heap       ] GC(752) Survivor regions: 20->25(45)
[2023-08-12T02:12:54.373+0000][gc,heap       ] GC(752) Old regions: 167->167
[2023-08-12T02:12:54.373+0000][gc,heap       ] GC(752) Humongous regions: 149->149
[2023-08-12T02:12:54.373+0000][gc,metaspace  ] GC(752) Metaspace: 119226K(125028K)->119226K(125028K) NonClass: 105348K(108748K)->105348K(108748K) Class: 13877K(16280K)->13877K(16280K)
[2023-08-12T02:12:54.373+0000][gc            ] GC(752) Pause Young (Normal) (G1 Evacuation Pause) 674M->340M(1024M) 14.232ms
[2023-08-12T02:12:54.373+0000][gc,cpu        ] GC(752) User=0.10s Sys=0.00s Real=0.01s
[2023-08-12T02:14:24.372+0000][gc,start      ] GC(753) Pause Young (Normal) (G1 Evacuation Pause)
[2023-08-12T02:14:24.372+0000][gc,task       ] GC(753) Using 8 workers of 8 for evacuation
[2023-08-12T02:14:24.387+0000][gc,phases     ] GC(753)   Pre Evacuate Collection Set: 0.0ms
[2023-08-12T02:14:24.387+0000][gc,phases     ] GC(753)   Evacuate Collection Set: 14.3ms
[2023-08-12T02:14:24.387+0000][gc,phases     ] GC(753)   Post Evacuate Collection Set: 0.7ms
[2023-08-12T02:14:24.387+0000][gc,phases     ] GC(753)   Other: 0.4ms
[2023-08-12T02:14:24.387+0000][gc,heap       ] GC(753) Eden regions: 352->0(361)
[2023-08-12T02:14:24.387+0000][gc,heap       ] GC(753) Survivor regions: 25->28(48)
[2023-08-12T02:14:24.387+0000][gc,heap       ] GC(753) Old regions: 167->167
[2023-08-12T02:14:24.387+0000][gc,heap       ] GC(753) Humongous regions: 149->149
[2023-08-12T02:14:24.387+0000][gc,metaspace  ] GC(753) Metaspace: 119226K(125028K)->119226K(125028K) NonClass: 105348K(108748K)->105348K(108748K) Class: 13877K(16280K)->13877K(16280K)
[2023-08-12T02:14:24.387+0000][gc            ] GC(753) Pause Young (Normal) (G1 Evacuation Pause) 692M->344M(1024M) 15.468ms
[2023-08-12T02:14:24.387+0000][gc,cpu        ] GC(753) User=0.12s Sys=0.00s Real=0.01s
[2023-08-12T02:15:39.472+0000][gc,start      ] GC(754) Pause Young (Normal) (G1 Evacuation Pause)
[2023-08-12T02:15:39.472+0000][gc,task       ] GC(754) Using 8 workers of 8 for evacuation
[2023-08-12T02:15:39.489+0000][gc,phases     ] GC(754)   Pre Evacuate Collection Set: 0.0ms
[2023-08-12T02:15:39.489+0000][gc,phases     ] GC(754)   Evacuate Collection Set: 16.2ms
[2023-08-12T02:15:39.489+0000][gc,phases     ] GC(754)   Post Evacuate Collection Set: 0.7ms
[2023-08-12T02:15:39.489+0000][gc,phases     ] GC(754)   Other: 0.4ms
[2023-08-12T02:15:39.489+0000][gc,heap       ] GC(754) Eden regions: 333->0(356)
[2023-08-12T02:15:39.489+0000][gc,heap       ] GC(754) Survivor regions: 28->27(46)
[2023-08-12T02:15:39.489+0000][gc,heap       ] GC(754) Old regions: 167->172
[2023-08-12T02:15:39.489+0000][gc,heap       ] GC(754) Humongous regions: 149->149
[2023-08-12T02:15:39.489+0000][gc,metaspace  ] GC(754) Metaspace: 119226K(125028K)->119226K(125028K) NonClass: 105348K(108748K)->105348K(108748K) Class: 13877K(16280K)->13877K(16280K)
[2023-08-12T02:15:39.489+0000][gc            ] GC(754) Pause Young (Normal) (G1 Evacuation Pause) 677M->347M(1024M) 17.402ms
[2023-08-12T02:15:39.489+0000][gc,cpu        ] GC(754) User=0.13s Sys=0.00s Real=0.01s
[2023-08-12T02:17:14.627+0000][gc,start      ] GC(755) Pause Young (Normal) (G1 Evacuation Pause)
[2023-08-12T02:17:14.627+0000][gc,task       ] GC(755) Using 8 workers of 8 for evacuation
[2023-08-12T02:17:14.643+0000][gc,phases     ] GC(755)   Pre Evacuate Collection Set: 0.0ms
[2023-08-12T02:17:14.643+0000][gc,phases     ] GC(755)   Evacuate Collection Set: 15.5ms
[2023-08-12T02:17:14.643+0000][gc,phases     ] GC(755)   Post Evacuate Collection Set: 0.7ms
[2023-08-12T02:17:14.643+0000][gc,phases     ] GC(755)   Other: 0.4ms
[2023-08-12T02:17:14.643+0000][gc,heap       ] GC(755) Eden regions: 356->0(370)
[2023-08-12T02:17:14.643+0000][gc,heap       ] GC(755) Survivor regions: 27->27(48)
[2023-08-12T02:17:14.643+0000][gc,heap       ] GC(755) Old regions: 172->175
[2023-08-12T02:17:14.643+0000][gc,heap       ] GC(755) Humongous regions: 149->149
[2023-08-12T02:17:14.643+0000][gc,metaspace  ] GC(755) Metaspace: 119226K(125028K)->119226K(125028K) NonClass: 105348K(108748K)->105348K(108748K) Class: 13877K(16280K)->13877K(16280K)
[2023-08-12T02:17:14.644+0000][gc            ] GC(755) Pause Young (Normal) (G1 Evacuation Pause) 703M->350M(1024M) 16.714ms
[2023-08-12T02:17:14.644+0000][gc,cpu        ] GC(755) User=0.12s Sys=0.00s Real=0.02s
[2023-08-12T02:18:32.908+0000][gc,start      ] GC(756) Pause Young (Normal) (G1 Evacuation Pause)
[2023-08-12T02:18:32.908+0000][gc,task       ] GC(756) Using 8 workers of 8 for evacuation
[2023-08-12T02:18:32.926+0000][gc,phases     ] GC(756)   Pre Evacuate Collection Set: 0.0ms
[2023-08-12T02:18:32.926+0000][gc,phases     ] GC(756)   Evacuate Collection Set: 17.0ms
[2023-08-12T02:18:32.926+0000][gc,phases     ] GC(756)   Post Evacuate Collection Set: 0.7ms
[2023-08-12T02:18:32.926+0000][gc,phases     ] GC(756)   Other: 0.4ms
[2023-08-12T02:18:32.926+0000][gc,heap       ] GC(756) Eden regions: 320->0(331)
[2023-08-12T02:18:32.926+0000][gc,heap       ] GC(756) Survivor regions: 27->31(44)
[2023-08-12T02:18:32.926+0000][gc,heap       ] GC(756) Old regions: 175->181
[2023-08-12T02:18:32.926+0000][gc,heap       ] GC(756) Humongous regions: 149->149
[2023-08-12T02:18:32.926+0000][gc,metaspace  ] GC(756) Metaspace: 119226K(125028K)->119226K(125028K) NonClass: 105348K(108748K)->105348K(108748K) Class: 13877K(16280K)->13877K(16280K)
[2023-08-12T02:18:32.926+0000][gc            ] GC(756) Pause Young (Normal) (G1 Evacuation Pause) 670M->360M(1024M) 18.132ms
[2023-08-12T02:18:32.926+0000][gc,cpu        ] GC(756) User=0.13s Sys=0.00s Real=0.02s
[2023-08-12T02:19:33.304+0000][gc,start      ] GC(757) Pause Young (Normal) (G1 Evacuation Pause)
[2023-08-12T02:19:33.304+0000][gc,task       ] GC(757) Using 8 workers of 8 for evacuation
[2023-08-12T02:19:33.321+0000][gc,phases     ] GC(757)   Pre Evacuate Collection Set: 0.0ms
[2023-08-12T02:19:33.321+0000][gc,phases     ] GC(757)   Evacuate Collection Set: 15.8ms
[2023-08-12T02:19:33.321+0000][gc,phases     ] GC(757)   Post Evacuate Collection Set: 0.7ms
[2023-08-12T02:19:33.321+0000][gc,phases     ] GC(757)   Other: 0.3ms
[2023-08-12T02:19:33.321+0000][gc,heap       ] GC(757) Eden regions: 261->0(394)
[2023-08-12T02:19:33.321+0000][gc,heap       ] GC(757) Survivor regions: 31->17(37)
[2023-08-12T02:19:33.321+0000][gc,heap       ] GC(757) Old regions: 181->192
[2023-08-12T02:19:33.321+0000][gc,heap       ] GC(757) Humongous regions: 149->149
[2023-08-12T02:19:33.321+0000][gc,metaspace  ] GC(757) Metaspace: 119226K(125028K)->119226K(125028K) NonClass: 105348K(108748K)->105348K(108748K) Class: 13877K(16280K)->13877K(16280K)
[2023-08-12T02:19:33.321+0000][gc            ] GC(757) Pause Young (Normal) (G1 Evacuation Pause) 621M->357M(1024M) 16.915ms
[2023-08-12T02:19:33.321+0000][gc,cpu        ] GC(757) User=0.11s Sys=0.00s Real=0.02s
[2023-08-12T02:21:24.371+0000][gc,start      ] GC(758) Pause Young (Normal) (G1 Evacuation Pause)
[2023-08-12T02:21:24.371+0000][gc,task       ] GC(758) Using 8 workers of 8 for evacuation
[2023-08-12T02:21:24.385+0000][gc,phases     ] GC(758)   Pre Evacuate Collection Set: 0.0ms
[2023-08-12T02:21:24.385+0000][gc,phases     ] GC(758)   Evacuate Collection Set: 12.6ms
[2023-08-12T02:21:24.385+0000][gc,phases     ] GC(758)   Post Evacuate Collection Set: 0.7ms
[2023-08-12T02:21:24.385+0000][gc,phases     ] GC(758)   Other: 0.3ms
[2023-08-12T02:21:24.385+0000][gc,heap       ] GC(758) Eden regions: 394->0(384)
[2023-08-12T02:21:24.385+0000][gc,heap       ] GC(758) Survivor regions: 17->22(52)
[2023-08-12T02:21:24.385+0000][gc,heap       ] GC(758) Old regions: 192->192
[2023-08-12T02:21:24.385+0000][gc,heap       ] GC(758) Humongous regions: 149->149
[2023-08-12T02:21:24.385+0000][gc,metaspace  ] GC(758) Metaspace: 119226K(125028K)->119226K(125028K) NonClass: 105348K(108748K)->105348K(108748K) Class: 13877K(16280K)->13877K(16280K)
[2023-08-12T02:21:24.385+0000][gc            ] GC(758) Pause Young (Normal) (G1 Evacuation Pause) 751M->362M(1024M) 13.742ms
[2023-08-12T02:21:24.385+0000][gc,cpu        ] GC(758) User=0.10s Sys=0.00s Real=0.01s
[2023-08-12T02:22:54.451+0000][gc,start      ] GC(759) Pause Young (Normal) (G1 Evacuation Pause)
[2023-08-12T02:22:54.451+0000][gc,task       ] GC(759) Using 8 workers of 8 for evacuation
[2023-08-12T02:22:54.467+0000][gc,phases     ] GC(759)   Pre Evacuate Collection Set: 0.1ms
[2023-08-12T02:22:54.467+0000][gc,phases     ] GC(759)   Evacuate Collection Set: 15.2ms
[2023-08-12T02:22:54.467+0000][gc,phases     ] GC(759)   Post Evacuate Collection Set: 0.7ms
[2023-08-12T02:22:54.467+0000][gc,phases     ] GC(759)   Other: 0.4ms
[2023-08-12T02:22:54.467+0000][gc,heap       ] GC(759) Eden regions: 384->0(382)
[2023-08-12T02:22:54.467+0000][gc,heap       ] GC(759) Survivor regions: 22->27(51)
[2023-08-12T02:22:54.467+0000][gc,heap       ] GC(759) Old regions: 192->192
[2023-08-12T02:22:54.467+0000][gc,heap       ] GC(759) Humongous regions: 149->149
[2023-08-12T02:22:54.467+0000][gc,metaspace  ] GC(759) Metaspace: 119226K(125028K)->119226K(125028K) NonClass: 105348K(108748K)->105348K(108748K) Class: 13877K(16280K)->13877K(16280K)
[2023-08-12T02:22:54.467+0000][gc            ] GC(759) Pause Young (Normal) (G1 Evacuation Pause) 746M->367M(1024M) 16.464ms
[2023-08-12T02:22:54.467+0000][gc,cpu        ] GC(759) User=0.11s Sys=0.00s Real=0.02s
[2023-08-12T02:24:32.897+0000][gc,start      ] GC(760) Pause Young (Normal) (G1 Evacuation Pause)
[2023-08-12T02:24:32.897+0000][gc,task       ] GC(760) Using 8 workers of 8 for evacuation
[2023-08-12T02:24:32.913+0000][gc,phases     ] GC(760)   Pre Evacuate Collection Set: 0.0ms
[2023-08-12T02:24:32.913+0000][gc,phases     ] GC(760)   Evacuate Collection Set: 15.3ms
[2023-08-12T02:24:32.913+0000][gc,phases     ] GC(760)   Post Evacuate Collection Set: 0.7ms
[2023-08-12T02:24:32.913+0000][gc,phases     ] GC(760)   Other: 0.4ms
[2023-08-12T02:24:32.913+0000][gc,heap       ] GC(760) Eden regions: 382->0(388)
[2023-08-12T02:24:32.913+0000][gc,heap       ] GC(760) Survivor regions: 27->31(52)
[2023-08-12T02:24:32.913+0000][gc,heap       ] GC(760) Old regions: 192->192
[2023-08-12T02:24:32.913+0000][gc,heap       ] GC(760) Humongous regions: 149->149
[2023-08-12T02:24:32.913+0000][gc,metaspace  ] GC(760) Metaspace: 119226K(125028K)->119226K(125028K) NonClass: 105348K(108748K)->105348K(108748K) Class: 13877K(16280K)->13877K(16280K)
[2023-08-12T02:24:32.913+0000][gc            ] GC(760) Pause Young (Normal) (G1 Evacuation Pause) 749M->371M(1024M) 16.459ms
[2023-08-12T02:24:32.913+0000][gc,cpu        ] GC(760) User=0.12s Sys=0.00s Real=0.02s
[2023-08-12T02:26:09.445+0000][gc,start      ] GC(761) Pause Young (Normal) (G1 Evacuation Pause)
[2023-08-12T02:26:09.445+0000][gc,task       ] GC(761) Using 8 workers of 8 for evacuation
[2023-08-12T02:26:09.463+0000][gc,phases     ] GC(761)   Pre Evacuate Collection Set: 0.0ms
[2023-08-12T02:26:09.463+0000][gc,phases     ] GC(761)   Evacuate Collection Set: 17.4ms
[2023-08-12T02:26:09.463+0000][gc,phases     ] GC(761)   Post Evacuate Collection Set: 0.7ms
[2023-08-12T02:26:09.463+0000][gc,phases     ] GC(761)   Other: 0.4ms
[2023-08-12T02:26:09.463+0000][gc,heap       ] GC(761) Eden regions: 388->0(387)
[2023-08-12T02:26:09.463+0000][gc,heap       ] GC(761) Survivor regions: 31->31(53)
[2023-08-12T02:26:09.463+0000][gc,heap       ] GC(761) Old regions: 192->196
[2023-08-12T02:26:09.463+0000][gc,heap       ] GC(761) Humongous regions: 149->149
[2023-08-12T02:26:09.463+0000][gc,metaspace  ] GC(761) Metaspace: 119226K(125028K)->119226K(125028K) NonClass: 105348K(108748K)->105348K(108748K) Class: 13877K(16280K)->13877K(16280K)
[2023-08-12T02:26:09.463+0000][gc            ] GC(761) Pause Young (Normal) (G1 Evacuation Pause) 759M->374M(1024M) 18.569ms
[2023-08-12T02:26:09.464+0000][gc,cpu        ] GC(761) User=0.14s Sys=0.01s Real=0.02s
[2023-08-12T02:27:32.945+0000][gc,start      ] GC(762) Pause Young (Normal) (G1 Evacuation Pause)
[2023-08-12T02:27:32.945+0000][gc,task       ] GC(762) Using 8 workers of 8 for evacuation
[2023-08-12T02:27:32.963+0000][gc,phases     ] GC(762)   Pre Evacuate Collection Set: 0.0ms
[2023-08-12T02:27:32.963+0000][gc,phases     ] GC(762)   Evacuate Collection Set: 17.6ms
[2023-08-12T02:27:32.963+0000][gc,phases     ] GC(762)   Post Evacuate Collection Set: 0.7ms
[2023-08-12T02:27:32.964+0000][gc,phases     ] GC(762)   Other: 0.3ms
[2023-08-12T02:27:32.964+0000][gc,heap       ] GC(762) Eden regions: 338->0(376)
[2023-08-12T02:27:32.964+0000][gc,heap       ] GC(762) Survivor regions: 31->30(47)
[2023-08-12T02:27:32.964+0000][gc,heap       ] GC(762) Old regions: 196->203
[2023-08-12T02:27:32.964+0000][gc,heap       ] GC(762) Humongous regions: 149->149
[2023-08-12T02:27:32.964+0000][gc,metaspace  ] GC(762) Metaspace: 119226K(125028K)->119226K(125028K) NonClass: 105348K(108748K)->105348K(108748K) Class: 13877K(16280K)->13877K(16280K)
[2023-08-12T02:27:32.964+0000][gc            ] GC(762) Pause Young (Normal) (G1 Evacuation Pause) 712M->381M(1024M) 18.764ms
[2023-08-12T02:27:32.964+0000][gc,cpu        ] GC(762) User=0.14s Sys=0.00s Real=0.02s
[2023-08-12T02:29:04.811+0000][gc,start      ] GC(763) Pause Young (Normal) (G1 Evacuation Pause)
[2023-08-12T02:29:04.811+0000][gc,task       ] GC(763) Using 8 workers of 8 for evacuation
[2023-08-12T02:29:04.828+0000][gc,phases     ] GC(763)   Pre Evacuate Collection Set: 0.0ms
[2023-08-12T02:29:04.829+0000][gc,phases     ] GC(763)   Evacuate Collection Set: 16.1ms
[2023-08-12T02:29:04.829+0000][gc,phases     ] GC(763)   Post Evacuate Collection Set: 0.7ms
[2023-08-12T02:29:04.829+0000][gc,phases     ] GC(763)   Other: 0.3ms
[2023-08-12T02:29:04.829+0000][gc,heap       ] GC(763) Eden regions: 376->0(400)
[2023-08-12T02:29:04.829+0000][gc,heap       ] GC(763) Survivor regions: 30->28(51)
[2023-08-12T02:29:04.829+0000][gc,heap       ] GC(763) Old regions: 203->206
[2023-08-12T02:29:04.829+0000][gc,heap       ] GC(763) Humongous regions: 149->149
[2023-08-12T02:29:04.829+0000][gc,metaspace  ] GC(763) Metaspace: 119226K(125028K)->119226K(125028K) NonClass: 105348K(108748K)->105348K(108748K) Class: 13877K(16280K)->13877K(16280K)
[2023-08-12T02:29:04.829+0000][gc            ] GC(763) Pause Young (Normal) (G1 Evacuation Pause) 757M->382M(1024M) 17.170ms
[2023-08-12T02:29:04.829+0000][gc,cpu        ] GC(763) User=0.13s Sys=0.00s Real=0.01s
[2023-08-12T02:30:32.908+0000][gc,start      ] GC(764) Pause Young (Normal) (G1 Evacuation Pause)
[2023-08-12T02:30:32.908+0000][gc,task       ] GC(764) Using 8 workers of 8 for evacuation
[2023-08-12T02:30:32.927+0000][gc,phases     ] GC(764)   Pre Evacuate Collection Set: 0.0ms
[2023-08-12T02:30:32.927+0000][gc,phases     ] GC(764)   Evacuate Collection Set: 17.6ms
[2023-08-12T02:30:32.927+0000][gc,phases     ] GC(764)   Post Evacuate Collection Set: 0.7ms
[2023-08-12T02:30:32.927+0000][gc,phases     ] GC(764)   Other: 0.4ms
[2023-08-12T02:30:32.927+0000][gc,heap       ] GC(764) Eden regions: 351->0(374)
[2023-08-12T02:30:32.927+0000][gc,heap       ] GC(764) Survivor regions: 28->34(48)
[2023-08-12T02:30:32.927+0000][gc,heap       ] GC(764) Old regions: 206->212
[2023-08-12T02:30:32.927+0000][gc,heap       ] GC(764) Humongous regions: 149->149
[2023-08-12T02:30:32.927+0000][gc,metaspace  ] GC(764) Metaspace: 119226K(125028K)->119226K(125028K) NonClass: 105348K(108748K)->105348K(108748K) Class: 13877K(16280K)->13877K(16280K)
[2023-08-12T02:30:32.927+0000][gc            ] GC(764) Pause Young (Normal) (G1 Evacuation Pause) 733M->393M(1024M) 18.773ms
[2023-08-12T02:30:32.927+0000][gc,cpu        ] GC(764) User=0.14s Sys=0.00s Real=0.02s
[2023-08-12T02:32:08.137+0000][gc,start      ] GC(765) Pause Young (Normal) (G1 Evacuation Pause)
[2023-08-12T02:32:08.138+0000][gc,task       ] GC(765) Using 8 workers of 8 for evacuation
[2023-08-12T02:32:08.155+0000][gc,phases     ] GC(765)   Pre Evacuate Collection Set: 0.0ms
[2023-08-12T02:32:08.155+0000][gc,phases     ] GC(765)   Evacuate Collection Set: 16.6ms
[2023-08-12T02:32:08.155+0000][gc,phases     ] GC(765)   Post Evacuate Collection Set: 0.7ms
[2023-08-12T02:32:08.155+0000][gc,phases     ] GC(765)   Other: 0.4ms
[2023-08-12T02:32:08.155+0000][gc,heap       ] GC(765) Eden regions: 374->0(446)
[2023-08-12T02:32:08.155+0000][gc,heap       ] GC(765) Survivor regions: 34->23(51)
[2023-08-12T02:32:08.155+0000][gc,heap       ] GC(765) Old regions: 212->220
[2023-08-12T02:32:08.155+0000][gc,heap       ] GC(765) Humongous regions: 149->149
[2023-08-12T02:32:08.155+0000][gc,metaspace  ] GC(765) Metaspace: 119226K(125028K)->119226K(125028K) NonClass: 105348K(108748K)->105348K(108748K) Class: 13877K(16280K)->13877K(16280K)
[2023-08-12T02:32:08.155+0000][gc            ] GC(765) Pause Young (Normal) (G1 Evacuation Pause) 767M->391M(1024M) 17.730ms
[2023-08-12T02:32:08.155+0000][gc,cpu        ] GC(765) User=0.13s Sys=0.00s Real=0.02s
[2023-08-12T02:33:49.510+0000][gc,start      ] GC(766) Pause Young (Normal) (G1 Evacuation Pause)
[2023-08-12T02:33:49.510+0000][gc,task       ] GC(766) Using 8 workers of 8 for evacuation
[2023-08-12T02:33:49.526+0000][gc,phases     ] GC(766)   Pre Evacuate Collection Set: 0.0ms
[2023-08-12T02:33:49.526+0000][gc,phases     ] GC(766)   Evacuate Collection Set: 15.2ms
[2023-08-12T02:33:49.526+0000][gc,phases     ] GC(766)   Post Evacuate Collection Set: 0.6ms
[2023-08-12T02:33:49.526+0000][gc,phases     ] GC(766)   Other: 0.3ms
[2023-08-12T02:33:49.526+0000][gc,heap       ] GC(766) Eden regions: 415->0(416)
[2023-08-12T02:33:49.526+0000][gc,heap       ] GC(766) Survivor regions: 23->28(55)
[2023-08-12T02:33:49.526+0000][gc,heap       ] GC(766) Old regions: 220->220
[2023-08-12T02:33:49.526+0000][gc,heap       ] GC(766) Humongous regions: 149->149
[2023-08-12T02:33:49.526+0000][gc,metaspace  ] GC(766) Metaspace: 119226K(125028K)->119226K(125028K) NonClass: 105348K(108748K)->105348K(108748K) Class: 13877K(16280K)->13877K(16280K)
[2023-08-12T02:33:49.526+0000][gc            ] GC(766) Pause Young (Normal) (G1 Evacuation Pause) 806M->395M(1024M) 16.307ms
[2023-08-12T02:33:49.526+0000][gc,cpu        ] GC(766) User=0.12s Sys=0.00s Real=0.02s
[2023-08-12T02:35:24.018+0000][gc,start      ] GC(767) Pause Young (Concurrent Start) (G1 Evacuation Pause)
[2023-08-12T02:35:24.018+0000][gc,task       ] GC(767) Using 8 workers of 8 for evacuation
[2023-08-12T02:35:24.037+0000][gc,phases     ] GC(767)   Pre Evacuate Collection Set: 0.5ms
[2023-08-12T02:35:24.037+0000][gc,phases     ] GC(767)   Evacuate Collection Set: 16.8ms
[2023-08-12T02:35:24.037+0000][gc,phases     ] GC(767)   Post Evacuate Collection Set: 0.7ms
[2023-08-12T02:35:24.037+0000][gc,phases     ] GC(767)   Other: 0.4ms
[2023-08-12T02:35:24.037+0000][gc,heap       ] GC(767) Eden regions: 337->0(351)
[2023-08-12T02:35:24.037+0000][gc,heap       ] GC(767) Survivor regions: 28->28(46)
[2023-08-12T02:35:24.037+0000][gc,heap       ] GC(767) Old regions: 220->224
[2023-08-12T02:35:24.037+0000][gc,heap       ] GC(767) Humongous regions: 149->149
[2023-08-12T02:35:24.037+0000][gc,metaspace  ] GC(767) Metaspace: 119226K(125028K)->119226K(125028K) NonClass: 105348K(108748K)->105348K(108748K) Class: 13877K(16280K)->13877K(16280K)
[2023-08-12T02:35:24.037+0000][gc            ] GC(767) Pause Young (Concurrent Start) (G1 Evacuation Pause) 732M->400M(1024M) 18.447ms
[2023-08-12T02:35:24.037+0000][gc,cpu        ] GC(767) User=0.13s Sys=0.00s Real=0.02s
[2023-08-12T02:35:24.037+0000][gc            ] GC(768) Concurrent Cycle
[2023-08-12T02:35:24.037+0000][gc,marking    ] GC(768) Concurrent Clear Claimed Marks
[2023-08-12T02:35:24.037+0000][gc,marking    ] GC(768) Concurrent Clear Claimed Marks 0.211ms
[2023-08-12T02:35:24.037+0000][gc,marking    ] GC(768) Concurrent Scan Root Regions
[2023-08-12T02:35:24.046+0000][gc,marking    ] GC(768) Concurrent Scan Root Regions 9.123ms
[2023-08-12T02:35:24.046+0000][gc,marking    ] GC(768) Concurrent Mark (57215.348s)
[2023-08-12T02:35:24.046+0000][gc,marking    ] GC(768) Concurrent Mark From Roots
[2023-08-12T02:35:24.046+0000][gc,task       ] GC(768) Using 2 workers of 2 for marking
[2023-08-12T02:35:24.112+0000][gc,marking    ] GC(768) Concurrent Mark From Roots 65.356ms
[2023-08-12T02:35:24.112+0000][gc,marking    ] GC(768) Concurrent Preclean
[2023-08-12T02:35:24.112+0000][gc,marking    ] GC(768) Concurrent Preclean 0.354ms
[2023-08-12T02:35:24.112+0000][gc,marking    ] GC(768) Concurrent Mark (57215.348s, 57215.413s) 65.775ms
[2023-08-12T02:35:24.112+0000][gc,start      ] GC(768) Pause Remark
[2023-08-12T02:35:24.122+0000][gc,stringtable] GC(768) Cleaned string and symbol table, strings: 45177 processed, 0 removed, symbols: 280311 processed, 0 removed
[2023-08-12T02:35:24.122+0000][gc            ] GC(768) Pause Remark 401M->399M(1024M) 9.891ms
[2023-08-12T02:35:24.122+0000][gc,cpu        ] GC(768) User=0.07s Sys=0.00s Real=0.01s
[2023-08-12T02:35:24.122+0000][gc,marking    ] GC(768) Concurrent Rebuild Remembered Sets
[2023-08-12T02:35:24.165+0000][gc,marking    ] GC(768) Concurrent Rebuild Remembered Sets 43.060ms
[2023-08-12T02:35:24.165+0000][gc,start      ] GC(768) Pause Cleanup
[2023-08-12T02:35:24.166+0000][gc            ] GC(768) Pause Cleanup 400M->400M(1024M) 0.274ms
[2023-08-12T02:35:24.166+0000][gc,cpu        ] GC(768) User=0.00s Sys=0.00s Real=0.00s
[2023-08-12T02:35:24.166+0000][gc,marking    ] GC(768) Concurrent Cleanup for Next Mark
[2023-08-12T02:35:24.167+0000][gc,marking    ] GC(768) Concurrent Cleanup for Next Mark 1.374ms
[2023-08-12T02:35:24.167+0000][gc            ] GC(768) Concurrent Cycle 130.485ms
[2023-08-12T02:35:39.472+0000][gc,start      ] GC(769) Pause Young (Prepare Mixed) (G1 Evacuation Pause)
[2023-08-12T02:35:39.472+0000][gc,task       ] GC(769) Using 8 workers of 8 for evacuation
[2023-08-12T02:35:39.488+0000][gc,phases     ] GC(769)   Pre Evacuate Collection Set: 0.0ms
[2023-08-12T02:35:39.488+0000][gc,phases     ] GC(769)   Evacuate Collection Set: 15.4ms
[2023-08-12T02:35:39.488+0000][gc,phases     ] GC(769)   Post Evacuate Collection Set: 0.6ms
[2023-08-12T02:35:39.488+0000][gc,phases     ] GC(769)   Other: 0.4ms
[2023-08-12T02:35:39.488+0000][gc,heap       ] GC(769) Eden regions: 86->0(41)
[2023-08-12T02:35:39.488+0000][gc,heap       ] GC(769) Survivor regions: 28->10(15)
[2023-08-12T02:35:39.488+0000][gc,heap       ] GC(769) Old regions: 222->243
[2023-08-12T02:35:39.488+0000][gc,heap       ] GC(769) Humongous regions: 149->149
[2023-08-12T02:35:39.488+0000][gc,metaspace  ] GC(769) Metaspace: 119226K(125028K)->119226K(125028K) NonClass: 105348K(108748K)->105348K(108748K) Class: 13877K(16280K)->13877K(16280K)
[2023-08-12T02:35:39.488+0000][gc            ] GC(769) Pause Young (Prepare Mixed) (G1 Evacuation Pause) 484M->401M(1024M) 16.531ms
[2023-08-12T02:35:39.488+0000][gc,cpu        ] GC(769) User=0.12s Sys=0.00s Real=0.01s
[2023-08-12T02:35:54.381+0000][gc,start      ] GC(770) Pause Young (Mixed) (G1 Evacuation Pause)
[2023-08-12T02:35:54.381+0000][gc,task       ] GC(770) Using 8 workers of 8 for evacuation
[2023-08-12T02:35:54.391+0000][gc,phases     ] GC(770)   Pre Evacuate Collection Set: 0.2ms
[2023-08-12T02:35:54.391+0000][gc,phases     ] GC(770)   Evacuate Collection Set: 9.0ms
[2023-08-12T02:35:54.391+0000][gc,phases     ] GC(770)   Post Evacuate Collection Set: 0.5ms
[2023-08-12T02:35:54.391+0000][gc,phases     ] GC(770)   Other: 0.4ms
[2023-08-12T02:35:54.391+0000][gc,heap       ] GC(770) Eden regions: 41->0(537)
[2023-08-12T02:35:54.391+0000][gc,heap       ] GC(770) Survivor regions: 10->4(7)
[2023-08-12T02:35:54.391+0000][gc,heap       ] GC(770) Old regions: 243->170
[2023-08-12T02:35:54.391+0000][gc,heap       ] GC(770) Humongous regions: 149->149
[2023-08-12T02:35:54.391+0000][gc,metaspace  ] GC(770) Metaspace: 119226K(125028K)->119226K(125028K) NonClass: 105348K(108748K)->105348K(108748K) Class: 13877K(16280K)->13877K(16280K)
[2023-08-12T02:35:54.391+0000][gc            ] GC(770) Pause Young (Mixed) (G1 Evacuation Pause) 442M->322M(1024M) 10.182ms
[2023-08-12T02:35:54.391+0000][gc,cpu        ] GC(770) User=0.08s Sys=0.00s Real=0.01s
[2023-08-12T02:38:01.658+0000][gc,start      ] GC(771) Pause Young (Normal) (G1 Evacuation Pause)
[2023-08-12T02:38:01.658+0000][gc,task       ] GC(771) Using 8 workers of 8 for evacuation
[2023-08-12T02:38:01.667+0000][gc,phases     ] GC(771)   Pre Evacuate Collection Set: 0.0ms
[2023-08-12T02:38:01.667+0000][gc,phases     ] GC(771)   Evacuate Collection Set: 7.9ms
[2023-08-12T02:38:01.667+0000][gc,phases     ] GC(771)   Post Evacuate Collection Set: 0.7ms
[2023-08-12T02:38:01.667+0000][gc,phases     ] GC(771)   Other: 0.3ms
[2023-08-12T02:38:01.667+0000][gc,heap       ] GC(771) Eden regions: 537->0(540)
[2023-08-12T02:38:01.667+0000][gc,heap       ] GC(771) Survivor regions: 4->10(68)
[2023-08-12T02:38:01.667+0000][gc,heap       ] GC(771) Old regions: 170->170
[2023-08-12T02:38:01.667+0000][gc,heap       ] GC(771) Humongous regions: 149->149
[2023-08-12T02:38:01.667+0000][gc,metaspace  ] GC(771) Metaspace: 119226K(125028K)->119226K(125028K) NonClass: 105348K(108748K)->105348K(108748K) Class: 13877K(16280K)->13877K(16280K)
[2023-08-12T02:38:01.667+0000][gc            ] GC(771) Pause Young (Normal) (G1 Evacuation Pause) 859M->327M(1024M) 9.043ms
[2023-08-12T02:38:01.667+0000][gc,cpu        ] GC(771) User=0.07s Sys=0.00s Real=0.01s
[2023-08-12T02:40:14.985+0000][gc,start      ] GC(772) Pause Young (Normal) (G1 Evacuation Pause)
[2023-08-12T02:40:14.985+0000][gc,task       ] GC(772) Using 8 workers of 8 for evacuation
[2023-08-12T02:40:14.997+0000][gc,phases     ] GC(772)   Pre Evacuate Collection Set: 0.0ms
[2023-08-12T02:40:14.997+0000][gc,phases     ] GC(772)   Evacuate Collection Set: 10.6ms
[2023-08-12T02:40:14.997+0000][gc,phases     ] GC(772)   Post Evacuate Collection Set: 0.7ms
[2023-08-12T02:40:14.997+0000][gc,phases     ] GC(772)   Other: 0.4ms
[2023-08-12T02:40:14.997+0000][gc,heap       ] GC(772) Eden regions: 540->0(540)
[2023-08-12T02:40:14.997+0000][gc,heap       ] GC(772) Survivor regions: 10->16(69)
[2023-08-12T02:40:14.997+0000][gc,heap       ] GC(772) Old regions: 170->170
[2023-08-12T02:40:14.997+0000][gc,heap       ] GC(772) Humongous regions: 149->149
[2023-08-12T02:40:14.997+0000][gc,metaspace  ] GC(772) Metaspace: 119226K(125028K)->119226K(125028K) NonClass: 105348K(108748K)->105348K(108748K) Class: 13877K(16280K)->13877K(16280K)
[2023-08-12T02:40:14.997+0000][gc            ] GC(772) Pause Young (Normal) (G1 Evacuation Pause) 867M->334M(1024M) 11.820ms
[2023-08-12T02:40:14.997+0000][gc,cpu        ] GC(772) User=0.09s Sys=0.00s Real=0.01s
[2023-08-12T02:42:25.202+0000][gc,start      ] GC(773) Pause Young (Concurrent Start) (G1 Evacuation Pause)
[2023-08-12T02:42:25.202+0000][gc,task       ] GC(773) Using 8 workers of 8 for evacuation
[2023-08-12T02:42:25.219+0000][gc,phases     ] GC(773)   Pre Evacuate Collection Set: 0.5ms
[2023-08-12T02:42:25.219+0000][gc,phases     ] GC(773)   Evacuate Collection Set: 15.6ms
[2023-08-12T02:42:25.219+0000][gc,phases     ] GC(773)   Post Evacuate Collection Set: 0.7ms
[2023-08-12T02:42:25.219+0000][gc,phases     ] GC(773)   Other: 0.4ms
[2023-08-12T02:42:25.219+0000][gc,heap       ] GC(773) Eden regions: 510->0(394)
[2023-08-12T02:42:25.219+0000][gc,heap       ] GC(773) Survivor regions: 16->26(66)
[2023-08-12T02:42:25.219+0000][gc,heap       ] GC(773) Old regions: 170->170
[2023-08-12T02:42:25.219+0000][gc,heap       ] GC(773) Humongous regions: 149->149
[2023-08-12T02:42:25.219+0000][gc,metaspace  ] GC(773) Metaspace: 119226K(125028K)->119226K(125028K) NonClass: 105348K(108748K)->105348K(108748K) Class: 13877K(16280K)->13877K(16280K)
[2023-08-12T02:42:25.219+0000][gc            ] GC(773) Pause Young (Concurrent Start) (G1 Evacuation Pause) 844M->344M(1024M) 17.243ms
[2023-08-12T02:42:25.219+0000][gc,cpu        ] GC(773) User=0.12s Sys=0.00s Real=0.02s
[2023-08-12T02:42:25.219+0000][gc            ] GC(774) Concurrent Cycle
[2023-08-12T02:42:25.219+0000][gc,marking    ] GC(774) Concurrent Clear Claimed Marks
[2023-08-12T02:42:25.220+0000][gc,marking    ] GC(774) Concurrent Clear Claimed Marks 0.329ms
[2023-08-12T02:42:25.220+0000][gc,marking    ] GC(774) Concurrent Scan Root Regions
[2023-08-12T02:42:25.231+0000][gc,marking    ] GC(774) Concurrent Scan Root Regions 11.542ms
[2023-08-12T02:42:25.231+0000][gc,marking    ] GC(774) Concurrent Mark (57636.533s)
[2023-08-12T02:42:25.231+0000][gc,marking    ] GC(774) Concurrent Mark From Roots
[2023-08-12T02:42:25.231+0000][gc,task       ] GC(774) Using 2 workers of 2 for marking
[2023-08-12T02:42:25.296+0000][gc,marking    ] GC(774) Concurrent Mark From Roots 64.346ms
[2023-08-12T02:42:25.296+0000][gc,marking    ] GC(774) Concurrent Preclean
[2023-08-12T02:42:25.296+0000][gc,marking    ] GC(774) Concurrent Preclean 0.369ms
[2023-08-12T02:42:25.296+0000][gc,marking    ] GC(774) Concurrent Mark (57636.533s, 57636.598s) 64.784ms
[2023-08-12T02:42:25.296+0000][gc,start      ] GC(774) Pause Remark
[2023-08-12T02:42:25.308+0000][gc,stringtable] GC(774) Cleaned string and symbol table, strings: 45177 processed, 0 removed, symbols: 280311 processed, 0 removed
[2023-08-12T02:42:25.308+0000][gc            ] GC(774) Pause Remark 346M->346M(1024M) 11.655ms
[2023-08-12T02:42:25.308+0000][gc,cpu        ] GC(774) User=0.08s Sys=0.00s Real=0.01s
[2023-08-12T02:42:25.308+0000][gc,marking    ] GC(774) Concurrent Rebuild Remembered Sets
[2023-08-12T02:42:25.350+0000][gc,marking    ] GC(774) Concurrent Rebuild Remembered Sets 41.699ms
[2023-08-12T02:42:25.350+0000][gc,start      ] GC(774) Pause Cleanup
[2023-08-12T02:42:25.350+0000][gc            ] GC(774) Pause Cleanup 346M->346M(1024M) 0.241ms
[2023-08-12T02:42:25.350+0000][gc,cpu        ] GC(774) User=0.00s Sys=0.00s Real=0.00s
[2023-08-12T02:42:25.350+0000][gc,marking    ] GC(774) Concurrent Cleanup for Next Mark
[2023-08-12T02:42:25.352+0000][gc,marking    ] GC(774) Concurrent Cleanup for Next Mark 1.380ms
[2023-08-12T02:42:25.352+0000][gc            ] GC(774) Concurrent Cycle 132.437ms
[2023-08-12T02:43:09.974+0000][gc,start      ] GC(775) Pause Young (Prepare Mixed) (G1 Evacuation Pause)
[2023-08-12T02:43:09.974+0000][gc,task       ] GC(775) Using 8 workers of 8 for evacuation
[2023-08-12T02:43:09.993+0000][gc,phases     ] GC(775)   Pre Evacuate Collection Set: 0.0ms
[2023-08-12T02:43:09.993+0000][gc,phases     ] GC(775)   Evacuate Collection Set: 18.3ms
[2023-08-12T02:43:09.993+0000][gc,phases     ] GC(775)   Post Evacuate Collection Set: 0.7ms
[2023-08-12T02:43:09.993+0000][gc,phases     ] GC(775)   Other: 0.4ms
[2023-08-12T02:43:09.993+0000][gc,heap       ] GC(775) Eden regions: 211->0(31)
[2023-08-12T02:43:09.993+0000][gc,heap       ] GC(775) Survivor regions: 26->20(30)
[2023-08-12T02:43:09.993+0000][gc,heap       ] GC(775) Old regions: 170->183
[2023-08-12T02:43:09.993+0000][gc,heap       ] GC(775) Humongous regions: 149->149
[2023-08-12T02:43:09.993+0000][gc,metaspace  ] GC(775) Metaspace: 119226K(125028K)->119226K(125028K) NonClass: 105348K(108748K)->105348K(108748K) Class: 13877K(16280K)->13877K(16280K)
[2023-08-12T02:43:09.993+0000][gc            ] GC(775) Pause Young (Prepare Mixed) (G1 Evacuation Pause) 555M->350M(1024M) 19.488ms
[2023-08-12T02:43:09.993+0000][gc,cpu        ] GC(775) User=0.14s Sys=0.00s Real=0.02s
[2023-08-12T02:43:24.346+0000][gc,start      ] GC(776) Pause Young (Mixed) (G1 Evacuation Pause)
[2023-08-12T02:43:24.346+0000][gc,task       ] GC(776) Using 8 workers of 8 for evacuation
[2023-08-12T02:43:24.361+0000][gc,phases     ] GC(776)   Pre Evacuate Collection Set: 0.1ms
[2023-08-12T02:43:24.361+0000][gc,phases     ] GC(776)   Evacuate Collection Set: 13.9ms
[2023-08-12T02:43:24.361+0000][gc,phases     ] GC(776)   Post Evacuate Collection Set: 0.5ms
[2023-08-12T02:43:24.361+0000][gc,phases     ] GC(776)   Other: 0.4ms
[2023-08-12T02:43:24.361+0000][gc,heap       ] GC(776) Eden regions: 31->0(336)
[2023-08-12T02:43:24.361+0000][gc,heap       ] GC(776) Survivor regions: 20->4(7)
[2023-08-12T02:43:24.361+0000][gc,heap       ] GC(776) Old regions: 183->173
[2023-08-12T02:43:24.361+0000][gc,heap       ] GC(776) Humongous regions: 149->149
[2023-08-12T02:43:24.361+0000][gc,metaspace  ] GC(776) Metaspace: 119226K(125028K)->119226K(125028K) NonClass: 105348K(108748K)->105348K(108748K) Class: 13877K(16280K)->13877K(16280K)
[2023-08-12T02:43:24.361+0000][gc            ] GC(776) Pause Young (Mixed) (G1 Evacuation Pause) 381M->324M(1024M) 15.032ms
[2023-08-12T02:43:24.361+0000][gc,cpu        ] GC(776) User=0.11s Sys=0.00s Real=0.02s
[2023-08-12T02:44:54.347+0000][gc,start      ] GC(777) Pause Young (Normal) (G1 Evacuation Pause)
[2023-08-12T02:44:54.347+0000][gc,task       ] GC(777) Using 8 workers of 8 for evacuation
[2023-08-12T02:44:54.355+0000][gc,phases     ] GC(777)   Pre Evacuate Collection Set: 0.0ms
[2023-08-12T02:44:54.355+0000][gc,phases     ] GC(777)   Evacuate Collection Set: 7.3ms
[2023-08-12T02:44:54.355+0000][gc,phases     ] GC(777)   Post Evacuate Collection Set: 0.6ms
[2023-08-12T02:44:54.355+0000][gc,phases     ] GC(777)   Other: 0.4ms
[2023-08-12T02:44:54.355+0000][gc,heap       ] GC(777) Eden regions: 336->0(342)
[2023-08-12T02:44:54.355+0000][gc,heap       ] GC(777) Survivor regions: 4->8(43)
[2023-08-12T02:44:54.355+0000][gc,heap       ] GC(777) Old regions: 173->173
[2023-08-12T02:44:54.355+0000][gc,heap       ] GC(777) Humongous regions: 149->149
[2023-08-12T02:44:54.355+0000][gc,metaspace  ] GC(777) Metaspace: 119249K(125028K)->119249K(125028K) NonClass: 105371K(108748K)->105371K(108748K) Class: 13877K(16280K)->13877K(16280K)
[2023-08-12T02:44:54.355+0000][gc            ] GC(777) Pause Young (Normal) (G1 Evacuation Pause) 660M->329M(1024M) 8.456ms
[2023-08-12T02:44:54.355+0000][gc,cpu        ] GC(777) User=0.05s Sys=0.01s Real=0.01s
[2023-08-12T02:46:00.862+0000][gc,start      ] GC(778) Pause Young (Normal) (G1 Evacuation Pause)
[2023-08-12T02:46:00.862+0000][gc,task       ] GC(778) Using 8 workers of 8 for evacuation
[2023-08-12T02:46:00.873+0000][gc,phases     ] GC(778)   Pre Evacuate Collection Set: 0.0ms
[2023-08-12T02:46:00.873+0000][gc,phases     ] GC(778)   Evacuate Collection Set: 9.4ms
[2023-08-12T02:46:00.873+0000][gc,phases     ] GC(778)   Post Evacuate Collection Set: 0.6ms
[2023-08-12T02:46:00.873+0000][gc,phases     ] GC(778)   Other: 0.3ms
[2023-08-12T02:46:00.873+0000][gc,heap       ] GC(778) Eden regions: 314->0(331)
[2023-08-12T02:46:00.873+0000][gc,heap       ] GC(778) Survivor regions: 8->14(41)
[2023-08-12T02:46:00.873+0000][gc,heap       ] GC(778) Old regions: 173->173
[2023-08-12T02:46:00.873+0000][gc,heap       ] GC(778) Humongous regions: 149->149
[2023-08-12T02:46:00.873+0000][gc,metaspace  ] GC(778) Metaspace: 119249K(125028K)->119249K(125028K) NonClass: 105371K(108748K)->105371K(108748K) Class: 13877K(16280K)->13877K(16280K)
[2023-08-12T02:46:00.873+0000][gc            ] GC(778) Pause Young (Normal) (G1 Evacuation Pause) 643M->334M(1024M) 10.489ms
[2023-08-12T02:46:00.873+0000][gc,cpu        ] GC(778) User=0.07s Sys=0.00s Real=0.01s
[2023-08-12T02:47:25.190+0000][gc,start      ] GC(779) Pause Young (Normal) (G1 Evacuation Pause)
[2023-08-12T02:47:25.190+0000][gc,task       ] GC(779) Using 8 workers of 8 for evacuation
[2023-08-12T02:47:25.202+0000][gc,phases     ] GC(779)   Pre Evacuate Collection Set: 0.0ms
[2023-08-12T02:47:25.202+0000][gc,phases     ] GC(779)   Evacuate Collection Set: 11.2ms
[2023-08-12T02:47:25.202+0000][gc,phases     ] GC(779)   Post Evacuate Collection Set: 0.7ms
[2023-08-12T02:47:25.202+0000][gc,phases     ] GC(779)   Other: 0.4ms
[2023-08-12T02:47:25.202+0000][gc,heap       ] GC(779) Eden regions: 331->0(339)
[2023-08-12T02:47:25.202+0000][gc,heap       ] GC(779) Survivor regions: 14->17(44)
[2023-08-12T02:47:25.202+0000][gc,heap       ] GC(779) Old regions: 173->173
[2023-08-12T02:47:25.202+0000][gc,heap       ] GC(779) Humongous regions: 149->149
[2023-08-12T02:47:25.202+0000][gc,metaspace  ] GC(779) Metaspace: 119249K(125028K)->119249K(125028K) NonClass: 105371K(108748K)->105371K(108748K) Class: 13877K(16280K)->13877K(16280K)
[2023-08-12T02:47:25.202+0000][gc            ] GC(779) Pause Young (Normal) (G1 Evacuation Pause) 665M->338M(1024M) 12.348ms
[2023-08-12T02:47:25.202+0000][gc,cpu        ] GC(779) User=0.09s Sys=0.00s Real=0.02s
[2023-08-12T02:48:54.049+0000][gc,start      ] GC(780) Pause Young (Normal) (G1 Evacuation Pause)
[2023-08-12T02:48:54.049+0000][gc,task       ] GC(780) Using 8 workers of 8 for evacuation
[2023-08-12T02:48:54.062+0000][gc,phases     ] GC(780)   Pre Evacuate Collection Set: 0.0ms
[2023-08-12T02:48:54.062+0000][gc,phases     ] GC(780)   Evacuate Collection Set: 12.5ms
[2023-08-12T02:48:54.062+0000][gc,phases     ] GC(780)   Post Evacuate Collection Set: 0.7ms
[2023-08-12T02:48:54.062+0000][gc,phases     ] GC(780)   Other: 0.3ms
[2023-08-12T02:48:54.062+0000][gc,heap       ] GC(780) Eden regions: 339->0(346)
[2023-08-12T02:48:54.062+0000][gc,heap       ] GC(780) Survivor regions: 17->21(45)
[2023-08-12T02:48:54.062+0000][gc,heap       ] GC(780) Old regions: 173->173
[2023-08-12T02:48:54.062+0000][gc,heap       ] GC(780) Humongous regions: 149->149
[2023-08-12T02:48:54.062+0000][gc,metaspace  ] GC(780) Metaspace: 119249K(125028K)->119249K(125028K) NonClass: 105371K(108748K)->105371K(108748K) Class: 13877K(16280K)->13877K(16280K)
[2023-08-12T02:48:54.062+0000][gc            ] GC(780) Pause Young (Normal) (G1 Evacuation Pause) 677M->341M(1024M) 13.610ms
[2023-08-12T02:48:54.062+0000][gc,cpu        ] GC(780) User=0.10s Sys=0.00s Real=0.02s
[2023-08-12T02:50:24.351+0000][gc,start      ] GC(781) Pause Young (Normal) (G1 Evacuation Pause)
[2023-08-12T02:50:24.351+0000][gc,task       ] GC(781) Using 8 workers of 8 for evacuation
[2023-08-12T02:50:24.366+0000][gc,phases     ] GC(781)   Pre Evacuate Collection Set: 0.0ms
[2023-08-12T02:50:24.366+0000][gc,phases     ] GC(781)   Evacuate Collection Set: 14.2ms
[2023-08-12T02:50:24.366+0000][gc,phases     ] GC(781)   Post Evacuate Collection Set: 0.7ms
[2023-08-12T02:50:24.366+0000][gc,phases     ] GC(781)   Other: 0.4ms
[2023-08-12T02:50:24.366+0000][gc,heap       ] GC(781) Eden regions: 346->0(347)
[2023-08-12T02:50:24.366+0000][gc,heap       ] GC(781) Survivor regions: 21->26(46)
[2023-08-12T02:50:24.366+0000][gc,heap       ] GC(781) Old regions: 173->173
[2023-08-12T02:50:24.366+0000][gc,heap       ] GC(781) Humongous regions: 149->149
[2023-08-12T02:50:24.366+0000][gc,metaspace  ] GC(781) Metaspace: 119250K(125028K)->119250K(125028K) NonClass: 105372K(108748K)->105372K(108748K) Class: 13877K(16280K)->13877K(16280K)
[2023-08-12T02:50:24.366+0000][gc            ] GC(781) Pause Young (Normal) (G1 Evacuation Pause) 687M->347M(1024M) 15.332ms
[2023-08-12T02:50:24.366+0000][gc,cpu        ] GC(781) User=0.11s Sys=0.00s Real=0.01s
[2023-08-12T02:51:39.462+0000][gc,start      ] GC(782) Pause Young (Normal) (G1 Evacuation Pause)
[2023-08-12T02:51:39.462+0000][gc,task       ] GC(782) Using 8 workers of 8 for evacuation
[2023-08-12T02:51:39.479+0000][gc,phases     ] GC(782)   Pre Evacuate Collection Set: 0.0ms
[2023-08-12T02:51:39.479+0000][gc,phases     ] GC(782)   Evacuate Collection Set: 15.8ms
[2023-08-12T02:51:39.479+0000][gc,phases     ] GC(782)   Post Evacuate Collection Set: 0.7ms
[2023-08-12T02:51:39.479+0000][gc,phases     ] GC(782)   Other: 0.4ms
[2023-08-12T02:51:39.479+0000][gc,heap       ] GC(782) Eden regions: 347->0(347)
[2023-08-12T02:51:39.479+0000][gc,heap       ] GC(782) Survivor regions: 26->28(47)
[2023-08-12T02:51:39.479+0000][gc,heap       ] GC(782) Old regions: 173->174
[2023-08-12T02:51:39.479+0000][gc,heap       ] GC(782) Humongous regions: 149->149
[2023-08-12T02:51:39.479+0000][gc,metaspace  ] GC(782) Metaspace: 119250K(125028K)->119250K(125028K) NonClass: 105372K(108748K)->105372K(108748K) Class: 13877K(16280K)->13877K(16280K)
[2023-08-12T02:51:39.479+0000][gc            ] GC(782) Pause Young (Normal) (G1 Evacuation Pause) 694M->350M(1024M) 16.964ms
[2023-08-12T02:51:39.479+0000][gc,cpu        ] GC(782) User=0.12s Sys=0.00s Real=0.02s
[2023-08-12T02:53:14.562+0000][gc,start      ] GC(783) Pause Young (Normal) (G1 Evacuation Pause)
[2023-08-12T02:53:14.562+0000][gc,task       ] GC(783) Using 8 workers of 8 for evacuation
[2023-08-12T02:53:14.580+0000][gc,phases     ] GC(783)   Pre Evacuate Collection Set: 0.0ms
[2023-08-12T02:53:14.580+0000][gc,phases     ] GC(783)   Evacuate Collection Set: 16.9ms
[2023-08-12T02:53:14.580+0000][gc,phases     ] GC(783)   Post Evacuate Collection Set: 0.7ms
[2023-08-12T02:53:14.580+0000][gc,phases     ] GC(783)   Other: 0.3ms
[2023-08-12T02:53:14.580+0000][gc,heap       ] GC(783) Eden regions: 347->0(349)
[2023-08-12T02:53:14.580+0000][gc,heap       ] GC(783) Survivor regions: 28->26(47)
[2023-08-12T02:53:14.580+0000][gc,heap       ] GC(783) Old regions: 174->179
[2023-08-12T02:53:14.580+0000][gc,heap       ] GC(783) Humongous regions: 149->149
[2023-08-12T02:53:14.580+0000][gc,metaspace  ] GC(783) Metaspace: 119250K(125028K)->119250K(125028K) NonClass: 105372K(108748K)->105372K(108748K) Class: 13877K(16280K)->13877K(16280K)
[2023-08-12T02:53:14.580+0000][gc            ] GC(783) Pause Young (Normal) (G1 Evacuation Pause) 697M->353M(1024M) 18.028ms
[2023-08-12T02:53:14.580+0000][gc,cpu        ] GC(783) User=0.14s Sys=0.00s Real=0.02s
[2023-08-12T02:54:32.921+0000][gc,start      ] GC(784) Pause Young (Normal) (G1 Evacuation Pause)
[2023-08-12T02:54:32.921+0000][gc,task       ] GC(784) Using 8 workers of 8 for evacuation
[2023-08-12T02:54:32.938+0000][gc,phases     ] GC(784)   Pre Evacuate Collection Set: 0.0ms
[2023-08-12T02:54:32.938+0000][gc,phases     ] GC(784)   Evacuate Collection Set: 16.1ms
[2023-08-12T02:54:32.938+0000][gc,phases     ] GC(784)   Post Evacuate Collection Set: 0.7ms
[2023-08-12T02:54:32.938+0000][gc,phases     ] GC(784)   Other: 0.4ms
[2023-08-12T02:54:32.938+0000][gc,heap       ] GC(784) Eden regions: 349->0(346)
[2023-08-12T02:54:32.938+0000][gc,heap       ] GC(784) Survivor regions: 26->30(47)
[2023-08-12T02:54:32.938+0000][gc,heap       ] GC(784) Old regions: 179->183
[2023-08-12T02:54:32.938+0000][gc,heap       ] GC(784) Humongous regions: 149->149
[2023-08-12T02:54:32.938+0000][gc,metaspace  ] GC(784) Metaspace: 119250K(125028K)->119250K(125028K) NonClass: 105372K(108748K)->105372K(108748K) Class: 13877K(16280K)->13877K(16280K)
[2023-08-12T02:54:32.938+0000][gc            ] GC(784) Pause Young (Normal) (G1 Evacuation Pause) 702M->362M(1024M) 17.307ms
[2023-08-12T02:54:32.938+0000][gc,cpu        ] GC(784) User=0.13s Sys=0.00s Real=0.01s
[2023-08-12T02:56:09.107+0000][gc,start      ] GC(785) Pause Young (Normal) (G1 Evacuation Pause)
[2023-08-12T02:56:09.107+0000][gc,task       ] GC(785) Using 8 workers of 8 for evacuation
[2023-08-12T02:56:09.124+0000][gc,phases     ] GC(785)   Pre Evacuate Collection Set: 0.1ms
[2023-08-12T02:56:09.124+0000][gc,phases     ] GC(785)   Evacuate Collection Set: 15.7ms
[2023-08-12T02:56:09.124+0000][gc,phases     ] GC(785)   Post Evacuate Collection Set: 0.7ms
[2023-08-12T02:56:09.124+0000][gc,phases     ] GC(785)   Other: 0.5ms
[2023-08-12T02:56:09.124+0000][gc,heap       ] GC(785) Eden regions: 346->0(375)
[2023-08-12T02:56:09.124+0000][gc,heap       ] GC(785) Survivor regions: 30->22(47)
[2023-08-12T02:56:09.124+0000][gc,heap       ] GC(785) Old regions: 183->191
[2023-08-12T02:56:09.124+0000][gc,heap       ] GC(785) Humongous regions: 149->149
[2023-08-12T02:56:09.124+0000][gc,metaspace  ] GC(785) Metaspace: 119250K(125028K)->119250K(125028K) NonClass: 105372K(108748K)->105372K(108748K) Class: 13877K(16280K)->13877K(16280K)
[2023-08-12T02:56:09.124+0000][gc            ] GC(785) Pause Young (Normal) (G1 Evacuation Pause) 708M->361M(1024M) 16.984ms
[2023-08-12T02:56:09.124+0000][gc,cpu        ] GC(785) User=0.12s Sys=0.00s Real=0.02s
[2023-08-12T02:57:32.920+0000][gc,start      ] GC(786) Pause Young (Normal) (G1 Evacuation Pause)
[2023-08-12T02:57:32.920+0000][gc,task       ] GC(786) Using 8 workers of 8 for evacuation
[2023-08-12T02:57:32.936+0000][gc,phases     ] GC(786)   Pre Evacuate Collection Set: 0.0ms
[2023-08-12T02:57:32.937+0000][gc,phases     ] GC(786)   Evacuate Collection Set: 15.0ms
[2023-08-12T02:57:32.937+0000][gc,phases     ] GC(786)   Post Evacuate Collection Set: 0.8ms
[2023-08-12T02:57:32.937+0000][gc,phases     ] GC(786)   Other: 0.4ms
[2023-08-12T02:57:32.937+0000][gc,heap       ] GC(786) Eden regions: 375->0(360)
[2023-08-12T02:57:32.937+0000][gc,heap       ] GC(786) Survivor regions: 22->31(50)
[2023-08-12T02:57:32.937+0000][gc,heap       ] GC(786) Old regions: 191->191
[2023-08-12T02:57:32.937+0000][gc,heap       ] GC(786) Humongous regions: 149->149
[2023-08-12T02:57:32.937+0000][gc,metaspace  ] GC(786) Metaspace: 119250K(125028K)->119250K(125028K) NonClass: 105372K(108748K)->105372K(108748K) Class: 13877K(16280K)->13877K(16280K)
[2023-08-12T02:57:32.937+0000][gc            ] GC(786) Pause Young (Normal) (G1 Evacuation Pause) 736M->370M(1024M) 16.281ms
[2023-08-12T02:57:32.937+0000][gc,cpu        ] GC(786) User=0.12s Sys=0.00s Real=0.01s
[2023-08-12T02:59:09.674+0000][gc,start      ] GC(787) Pause Young (Normal) (G1 Evacuation Pause)
[2023-08-12T02:59:09.674+0000][gc,task       ] GC(787) Using 8 workers of 8 for evacuation
[2023-08-12T02:59:09.690+0000][gc,phases     ] GC(787)   Pre Evacuate Collection Set: 0.0ms
[2023-08-12T02:59:09.690+0000][gc,phases     ] GC(787)   Evacuate Collection Set: 15.2ms
[2023-08-12T02:59:09.690+0000][gc,phases     ] GC(787)   Post Evacuate Collection Set: 0.7ms
[2023-08-12T02:59:09.690+0000][gc,phases     ] GC(787)   Other: 0.4ms
[2023-08-12T02:59:09.690+0000][gc,heap       ] GC(787) Eden regions: 360->0(393)
[2023-08-12T02:59:09.690+0000][gc,heap       ] GC(787) Survivor regions: 31->24(49)
[2023-08-12T02:59:09.690+0000][gc,heap       ] GC(787) Old regions: 191->198
[2023-08-12T02:59:09.690+0000][gc,heap       ] GC(787) Humongous regions: 149->149
[2023-08-12T02:59:09.690+0000][gc,metaspace  ] GC(787) Metaspace: 119250K(125028K)->119250K(125028K) NonClass: 105372K(108748K)->105372K(108748K) Class: 13877K(16280K)->13877K(16280K)
[2023-08-12T02:59:09.690+0000][gc            ] GC(787) Pause Young (Normal) (G1 Evacuation Pause) 730M->370M(1024M) 16.349ms
[2023-08-12T02:59:09.690+0000][gc,cpu        ] GC(787) User=0.12s Sys=0.00s Real=0.01s
[2023-08-12T03:00:51.504+0000][gc,start      ] GC(788) Pause Young (Normal) (G1 Evacuation Pause)
[2023-08-12T03:00:51.504+0000][gc,task       ] GC(788) Using 8 workers of 8 for evacuation
[2023-08-12T03:00:51.519+0000][gc,phases     ] GC(788)   Pre Evacuate Collection Set: 0.0ms
[2023-08-12T03:00:51.519+0000][gc,phases     ] GC(788)   Evacuate Collection Set: 14.8ms
[2023-08-12T03:00:51.519+0000][gc,phases     ] GC(788)   Post Evacuate Collection Set: 0.7ms
[2023-08-12T03:00:51.519+0000][gc,phases     ] GC(788)   Other: 0.3ms
[2023-08-12T03:00:51.519+0000][gc,heap       ] GC(788) Eden regions: 393->0(390)
[2023-08-12T03:00:51.519+0000][gc,heap       ] GC(788) Survivor regions: 24->28(53)
[2023-08-12T03:00:51.519+0000][gc,heap       ] GC(788) Old regions: 198->198
[2023-08-12T03:00:51.520+0000][gc,heap       ] GC(788) Humongous regions: 149->149
[2023-08-12T03:00:51.520+0000][gc,metaspace  ] GC(788) Metaspace: 119250K(125028K)->119250K(125028K) NonClass: 105372K(108748K)->105372K(108748K) Class: 13877K(16280K)->13877K(16280K)
[2023-08-12T03:00:51.520+0000][gc            ] GC(788) Pause Young (Normal) (G1 Evacuation Pause) 763M->374M(1024M) 15.995ms
[2023-08-12T03:00:51.520+0000][gc,cpu        ] GC(788) User=0.12s Sys=0.00s Real=0.02s
[2023-08-12T03:02:24.476+0000][gc,start      ] GC(789) Pause Young (Normal) (G1 Evacuation Pause)
[2023-08-12T03:02:24.476+0000][gc,task       ] GC(789) Using 8 workers of 8 for evacuation
[2023-08-12T03:02:24.497+0000][gc,mmu        ] GC(789) MMU target violated: 20.9ms (20.0ms/21.0ms)
[2023-08-12T03:02:24.497+0000][gc,phases     ] GC(789)   Pre Evacuate Collection Set: 0.1ms
[2023-08-12T03:02:24.497+0000][gc,phases     ] GC(789)   Evacuate Collection Set: 20.0ms
[2023-08-12T03:02:24.497+0000][gc,phases     ] GC(789)   Post Evacuate Collection Set: 0.7ms
[2023-08-12T03:02:24.497+0000][gc,phases     ] GC(789)   Other: 0.5ms
[2023-08-12T03:02:24.497+0000][gc,heap       ] GC(789) Eden regions: 390->0(365)
[2023-08-12T03:02:24.497+0000][gc,heap       ] GC(789) Survivor regions: 28->33(53)
[2023-08-12T03:02:24.497+0000][gc,heap       ] GC(789) Old regions: 198->198
[2023-08-12T03:02:24.497+0000][gc,heap       ] GC(789) Humongous regions: 149->149
[2023-08-12T03:02:24.497+0000][gc,metaspace  ] GC(789) Metaspace: 119250K(125028K)->119250K(125028K) NonClass: 105372K(108748K)->105372K(108748K) Class: 13877K(16280K)->13877K(16280K)
[2023-08-12T03:02:24.497+0000][gc            ] GC(789) Pause Young (Normal) (G1 Evacuation Pause) 764M->379M(1024M) 21.228ms
[2023-08-12T03:02:24.497+0000][gc,cpu        ] GC(789) User=0.13s Sys=0.00s Real=0.02s
[2023-08-12T03:03:54.392+0000][gc,start      ] GC(790) Pause Young (Normal) (G1 Evacuation Pause)
[2023-08-12T03:03:54.392+0000][gc,task       ] GC(790) Using 8 workers of 8 for evacuation
[2023-08-12T03:03:54.412+0000][gc,phases     ] GC(790)   Pre Evacuate Collection Set: 0.1ms
[2023-08-12T03:03:54.412+0000][gc,phases     ] GC(790)   Evacuate Collection Set: 18.5ms
[2023-08-12T03:03:54.412+0000][gc,phases     ] GC(790)   Post Evacuate Collection Set: 0.7ms
[2023-08-12T03:03:54.412+0000][gc,phases     ] GC(790)   Other: 0.4ms
[2023-08-12T03:03:54.412+0000][gc,heap       ] GC(790) Eden regions: 365->0(367)
[2023-08-12T03:03:54.412+0000][gc,heap       ] GC(790) Survivor regions: 33->29(50)
[2023-08-12T03:03:54.412+0000][gc,heap       ] GC(790) Old regions: 198->206
[2023-08-12T03:03:54.412+0000][gc,heap       ] GC(790) Humongous regions: 149->149
[2023-08-12T03:03:54.412+0000][gc,metaspace  ] GC(790) Metaspace: 119250K(125028K)->119250K(125028K) NonClass: 105372K(108748K)->105372K(108748K) Class: 13877K(16280K)->13877K(16280K)
[2023-08-12T03:03:54.412+0000][gc            ] GC(790) Pause Young (Normal) (G1 Evacuation Pause) 744M->383M(1024M) 19.786ms
[2023-08-12T03:03:54.412+0000][gc,cpu        ] GC(790) User=0.14s Sys=0.01s Real=0.02s
[2023-08-12T03:05:32.737+0000][gc,start      ] GC(791) Pause Young (Normal) (G1 Evacuation Pause)
[2023-08-12T03:05:32.737+0000][gc,task       ] GC(791) Using 8 workers of 8 for evacuation
[2023-08-12T03:05:32.755+0000][gc,phases     ] GC(791)   Pre Evacuate Collection Set: 0.0ms
[2023-08-12T03:05:32.755+0000][gc,phases     ] GC(791)   Evacuate Collection Set: 17.0ms
[2023-08-12T03:05:32.755+0000][gc,phases     ] GC(791)   Post Evacuate Collection Set: 0.7ms
[2023-08-12T03:05:32.756+0000][gc,phases     ] GC(791)   Other: 0.4ms
[2023-08-12T03:05:32.756+0000][gc,heap       ] GC(791) Eden regions: 367->0(375)
[2023-08-12T03:05:32.756+0000][gc,heap       ] GC(791) Survivor regions: 29->29(50)
[2023-08-12T03:05:32.756+0000][gc,heap       ] GC(791) Old regions: 206->211
[2023-08-12T03:05:32.756+0000][gc,heap       ] GC(791) Humongous regions: 149->149
[2023-08-12T03:05:32.756+0000][gc,metaspace  ] GC(791) Metaspace: 119250K(125028K)->119250K(125028K) NonClass: 105372K(108748K)->105372K(108748K) Class: 13877K(16280K)->13877K(16280K)
[2023-08-12T03:05:32.756+0000][gc            ] GC(791) Pause Young (Normal) (G1 Evacuation Pause) 750M->388M(1024M) 18.190ms
[2023-08-12T03:05:32.756+0000][gc,cpu        ] GC(791) User=0.13s Sys=0.00s Real=0.02s
[2023-08-12T03:06:55.243+0000][gc,start      ] GC(792) Pause Young (Normal) (G1 Evacuation Pause)
[2023-08-12T03:06:55.243+0000][gc,task       ] GC(792) Using 8 workers of 8 for evacuation
[2023-08-12T03:06:55.261+0000][gc,phases     ] GC(792)   Pre Evacuate Collection Set: 0.0ms
[2023-08-12T03:06:55.261+0000][gc,phases     ] GC(792)   Evacuate Collection Set: 16.7ms
[2023-08-12T03:06:55.261+0000][gc,phases     ] GC(792)   Post Evacuate Collection Set: 0.7ms
[2023-08-12T03:06:55.261+0000][gc,phases     ] GC(792)   Other: 0.4ms
[2023-08-12T03:06:55.261+0000][gc,heap       ] GC(792) Eden regions: 375->0(382)
[2023-08-12T03:06:55.261+0000][gc,heap       ] GC(792) Survivor regions: 29->30(51)
[2023-08-12T03:06:55.261+0000][gc,heap       ] GC(792) Old regions: 211->215
[2023-08-12T03:06:55.261+0000][gc,heap       ] GC(792) Humongous regions: 149->149
[2023-08-12T03:06:55.261+0000][gc,metaspace  ] GC(792) Metaspace: 119250K(125028K)->119250K(125028K) NonClass: 105372K(108748K)->105372K(108748K) Class: 13877K(16280K)->13877K(16280K)
[2023-08-12T03:06:55.261+0000][gc            ] GC(792) Pause Young (Normal) (G1 Evacuation Pause) 763M->393M(1024M) 17.838ms
[2023-08-12T03:06:55.261+0000][gc,cpu        ] GC(792) User=0.13s Sys=0.00s Real=0.02s
[2023-08-12T03:08:24.343+0000][gc,start      ] GC(793) Pause Young (Normal) (G1 Evacuation Pause)
[2023-08-12T03:08:24.343+0000][gc,task       ] GC(793) Using 8 workers of 8 for evacuation
[2023-08-12T03:08:24.360+0000][gc,phases     ] GC(793)   Pre Evacuate Collection Set: 0.0ms
[2023-08-12T03:08:24.360+0000][gc,phases     ] GC(793)   Evacuate Collection Set: 16.6ms
[2023-08-12T03:08:24.360+0000][gc,phases     ] GC(793)   Post Evacuate Collection Set: 0.7ms
[2023-08-12T03:08:24.360+0000][gc,phases     ] GC(793)   Other: 0.3ms
[2023-08-12T03:08:24.360+0000][gc,heap       ] GC(793) Eden regions: 290->0(445)
[2023-08-12T03:08:24.360+0000][gc,heap       ] GC(793) Survivor regions: 30->25(40)
[2023-08-12T03:08:24.360+0000][gc,heap       ] GC(793) Old regions: 215->224
[2023-08-12T03:08:24.360+0000][gc,heap       ] GC(793) Humongous regions: 149->149
[2023-08-12T03:08:24.360+0000][gc,metaspace  ] GC(793) Metaspace: 119250K(125028K)->119250K(125028K) NonClass: 105372K(108748K)->105372K(108748K) Class: 13877K(16280K)->13877K(16280K)
[2023-08-12T03:08:24.360+0000][gc            ] GC(793) Pause Young (Normal) (G1 Evacuation Pause) 683M->396M(1024M) 17.782ms
[2023-08-12T03:08:24.361+0000][gc,cpu        ] GC(793) User=0.13s Sys=0.00s Real=0.02s
[2023-08-12T03:09:54.397+0000][gc,start      ] GC(794) Pause Young (Normal) (G1 Evacuation Pause)
[2023-08-12T03:09:54.397+0000][gc,task       ] GC(794) Using 8 workers of 8 for evacuation
[2023-08-12T03:09:54.412+0000][gc,phases     ] GC(794)   Pre Evacuate Collection Set: 0.0ms
[2023-08-12T03:09:54.412+0000][gc,phases     ] GC(794)   Evacuate Collection Set: 14.3ms
[2023-08-12T03:09:54.412+0000][gc,phases     ] GC(794)   Post Evacuate Collection Set: 0.7ms
[2023-08-12T03:09:54.412+0000][gc,phases     ] GC(794)   Other: 0.3ms
[2023-08-12T03:09:54.412+0000][gc,heap       ] GC(794) Eden regions: 399->0(466)
[2023-08-12T03:09:54.412+0000][gc,heap       ] GC(794) Survivor regions: 25->27(53)
[2023-08-12T03:09:54.412+0000][gc,heap       ] GC(794) Old regions: 224->224
[2023-08-12T03:09:54.412+0000][gc,heap       ] GC(794) Humongous regions: 149->149
[2023-08-12T03:09:54.412+0000][gc,metaspace  ] GC(794) Metaspace: 119250K(125028K)->119250K(125028K) NonClass: 105372K(108748K)->105372K(108748K) Class: 13877K(16280K)->13877K(16280K)
[2023-08-12T03:09:54.412+0000][gc            ] GC(794) Pause Young (Normal) (G1 Evacuation Pause) 795M->398M(1024M) 15.425ms
[2023-08-12T03:09:54.412+0000][gc,cpu        ] GC(794) User=0.11s Sys=0.00s Real=0.02s
[2023-08-12T03:11:36.492+0000][gc,start      ] GC(795) Pause Young (Concurrent Start) (G1 Evacuation Pause)
[2023-08-12T03:11:36.492+0000][gc,task       ] GC(795) Using 8 workers of 8 for evacuation
[2023-08-12T03:11:36.510+0000][gc,phases     ] GC(795)   Pre Evacuate Collection Set: 0.5ms
[2023-08-12T03:11:36.510+0000][gc,phases     ] GC(795)   Evacuate Collection Set: 16.7ms
[2023-08-12T03:11:36.510+0000][gc,phases     ] GC(795)   Post Evacuate Collection Set: 0.7ms
[2023-08-12T03:11:36.510+0000][gc,phases     ] GC(795)   Other: 0.4ms
[2023-08-12T03:11:36.510+0000][gc,heap       ] GC(795) Eden regions: 387->0(385)
[2023-08-12T03:11:36.510+0000][gc,heap       ] GC(795) Survivor regions: 27->32(52)
[2023-08-12T03:11:36.510+0000][gc,heap       ] GC(795) Old regions: 224->224
[2023-08-12T03:11:36.510+0000][gc,heap       ] GC(795) Humongous regions: 149->149
[2023-08-12T03:11:36.510+0000][gc,metaspace  ] GC(795) Metaspace: 119250K(125028K)->119250K(125028K) NonClass: 105372K(108748K)->105372K(108748K) Class: 13877K(16280K)->13877K(16280K)
[2023-08-12T03:11:36.510+0000][gc            ] GC(795) Pause Young (Concurrent Start) (G1 Evacuation Pause) 785M->403M(1024M) 18.317ms
[2023-08-12T03:11:36.510+0000][gc,cpu        ] GC(795) User=0.14s Sys=0.00s Real=0.01s
[2023-08-12T03:11:36.510+0000][gc            ] GC(796) Concurrent Cycle
[2023-08-12T03:11:36.510+0000][gc,marking    ] GC(796) Concurrent Clear Claimed Marks
[2023-08-12T03:11:36.511+0000][gc,marking    ] GC(796) Concurrent Clear Claimed Marks 0.337ms
[2023-08-12T03:11:36.511+0000][gc,marking    ] GC(796) Concurrent Scan Root Regions
[2023-08-12T03:11:36.521+0000][gc,marking    ] GC(796) Concurrent Scan Root Regions 10.370ms
[2023-08-12T03:11:36.521+0000][gc,marking    ] GC(796) Concurrent Mark (59387.823s)
[2023-08-12T03:11:36.521+0000][gc,marking    ] GC(796) Concurrent Mark From Roots
[2023-08-12T03:11:36.521+0000][gc,task       ] GC(796) Using 2 workers of 2 for marking
[2023-08-12T03:11:36.586+0000][gc,marking    ] GC(796) Concurrent Mark From Roots 64.108ms
[2023-08-12T03:11:36.586+0000][gc,marking    ] GC(796) Concurrent Preclean
[2023-08-12T03:11:36.586+0000][gc,marking    ] GC(796) Concurrent Preclean 0.349ms
[2023-08-12T03:11:36.586+0000][gc,marking    ] GC(796) Concurrent Mark (59387.823s, 59387.887s) 64.539ms
[2023-08-12T03:11:36.586+0000][gc,start      ] GC(796) Pause Remark
[2023-08-12T03:11:36.595+0000][gc,stringtable] GC(796) Cleaned string and symbol table, strings: 45184 processed, 0 removed, symbols: 280311 processed, 0 removed
[2023-08-12T03:11:36.596+0000][gc            ] GC(796) Pause Remark 406M->388M(1024M) 9.602ms
[2023-08-12T03:11:36.596+0000][gc,cpu        ] GC(796) User=0.07s Sys=0.00s Real=0.01s
[2023-08-12T03:11:36.596+0000][gc,marking    ] GC(796) Concurrent Rebuild Remembered Sets
[2023-08-12T03:11:36.638+0000][gc,marking    ] GC(796) Concurrent Rebuild Remembered Sets 42.350ms
[2023-08-12T03:11:36.638+0000][gc,start      ] GC(796) Pause Cleanup
[2023-08-12T03:11:36.639+0000][gc            ] GC(796) Pause Cleanup 388M->388M(1024M) 0.252ms
[2023-08-12T03:11:36.639+0000][gc,cpu        ] GC(796) User=0.00s Sys=0.00s Real=0.00s
[2023-08-12T03:11:36.639+0000][gc,marking    ] GC(796) Concurrent Cleanup for Next Mark
[2023-08-12T03:11:36.640+0000][gc,marking    ] GC(796) Concurrent Cleanup for Next Mark 1.396ms
[2023-08-12T03:11:36.640+0000][gc            ] GC(796) Concurrent Cycle 129.842ms
[2023-08-12T03:12:03.984+0000][gc,start      ] GC(797) Pause Young (Prepare Mixed) (G1 Evacuation Pause)
[2023-08-12T03:12:03.984+0000][gc,task       ] GC(797) Using 8 workers of 8 for evacuation
[2023-08-12T03:12:04.002+0000][gc,phases     ] GC(797)   Pre Evacuate Collection Set: 0.0ms
[2023-08-12T03:12:04.002+0000][gc,phases     ] GC(797)   Evacuate Collection Set: 16.9ms
[2023-08-12T03:12:04.002+0000][gc,phases     ] GC(797)   Post Evacuate Collection Set: 0.6ms
[2023-08-12T03:12:04.002+0000][gc,phases     ] GC(797)   Other: 0.4ms
[2023-08-12T03:12:04.002+0000][gc,heap       ] GC(797) Eden regions: 106->0(42)
[2023-08-12T03:12:04.002+0000][gc,heap       ] GC(797) Survivor regions: 32->9(18)
[2023-08-12T03:12:04.002+0000][gc,heap       ] GC(797) Old regions: 206->230
[2023-08-12T03:12:04.002+0000][gc,heap       ] GC(797) Humongous regions: 149->149
[2023-08-12T03:12:04.002+0000][gc,metaspace  ] GC(797) Metaspace: 119250K(125028K)->119250K(125028K) NonClass: 105372K(108748K)->105372K(108748K) Class: 13877K(16280K)->13877K(16280K)
[2023-08-12T03:12:04.002+0000][gc            ] GC(797) Pause Young (Prepare Mixed) (G1 Evacuation Pause) 491M->387M(1024M) 18.067ms
[2023-08-12T03:12:04.003+0000][gc,cpu        ] GC(797) User=0.13s Sys=0.00s Real=0.02s
[2023-08-12T03:12:19.498+0000][gc,start      ] GC(798) Pause Young (Mixed) (G1 Evacuation Pause)
[2023-08-12T03:12:19.498+0000][gc,task       ] GC(798) Using 8 workers of 8 for evacuation
[2023-08-12T03:12:19.508+0000][gc,phases     ] GC(798)   Pre Evacuate Collection Set: 0.1ms
[2023-08-12T03:12:19.508+0000][gc,phases     ] GC(798)   Evacuate Collection Set: 9.4ms
[2023-08-12T03:12:19.508+0000][gc,phases     ] GC(798)   Post Evacuate Collection Set: 0.6ms
[2023-08-12T03:12:19.508+0000][gc,phases     ] GC(798)   Other: 0.4ms
[2023-08-12T03:12:19.508+0000][gc,heap       ] GC(798) Eden regions: 42->0(549)
[2023-08-12T03:12:19.508+0000][gc,heap       ] GC(798) Survivor regions: 9->4(7)
[2023-08-12T03:12:19.508+0000][gc,heap       ] GC(798) Old regions: 230->173
[2023-08-12T03:12:19.508+0000][gc,heap       ] GC(798) Humongous regions: 149->149
[2023-08-12T03:12:19.508+0000][gc,metaspace  ] GC(798) Metaspace: 119250K(125028K)->119250K(125028K) NonClass: 105372K(108748K)->105372K(108748K) Class: 13877K(16280K)->13877K(16280K)
[2023-08-12T03:12:19.508+0000][gc            ] GC(798) Pause Young (Mixed) (G1 Evacuation Pause) 429M->325M(1024M) 10.694ms
[2023-08-12T03:12:19.508+0000][gc,cpu        ] GC(798) User=0.08s Sys=0.00s Real=0.01s
[2023-08-12T03:14:25.202+0000][gc,start      ] GC(799) Pause Young (Normal) (G1 Evacuation Pause)
[2023-08-12T03:14:25.203+0000][gc,task       ] GC(799) Using 8 workers of 8 for evacuation
[2023-08-12T03:14:25.212+0000][gc,phases     ] GC(799)   Pre Evacuate Collection Set: 0.0ms
[2023-08-12T03:14:25.212+0000][gc,phases     ] GC(799)   Evacuate Collection Set: 8.6ms
[2023-08-12T03:14:25.212+0000][gc,phases     ] GC(799)   Post Evacuate Collection Set: 0.7ms
[2023-08-12T03:14:25.212+0000][gc,phases     ] GC(799)   Other: 0.4ms
[2023-08-12T03:14:25.212+0000][gc,heap       ] GC(799) Eden regions: 549->0(546)
[2023-08-12T03:14:25.212+0000][gc,heap       ] GC(799) Survivor regions: 4->11(70)
[2023-08-12T03:14:25.212+0000][gc,heap       ] GC(799) Old regions: 173->173
[2023-08-12T03:14:25.212+0000][gc,heap       ] GC(799) Humongous regions: 149->149
[2023-08-12T03:14:25.212+0000][gc,metaspace  ] GC(799) Metaspace: 119250K(125028K)->119250K(125028K) NonClass: 105372K(108748K)->105372K(108748K) Class: 13877K(16280K)->13877K(16280K)
[2023-08-12T03:14:25.212+0000][gc            ] GC(799) Pause Young (Normal) (G1 Evacuation Pause) 874M->332M(1024M) 9.818ms
[2023-08-12T03:14:25.212+0000][gc,cpu        ] GC(799) User=0.06s Sys=0.00s Real=0.01s
[2023-08-12T03:16:47.996+0000][gc,start      ] GC(800) Pause Young (Normal) (G1 Evacuation Pause)
[2023-08-12T03:16:47.996+0000][gc,task       ] GC(800) Using 8 workers of 8 for evacuation
[2023-08-12T03:16:48.008+0000][gc,phases     ] GC(800)   Pre Evacuate Collection Set: 0.0ms
[2023-08-12T03:16:48.009+0000][gc,phases     ] GC(800)   Evacuate Collection Set: 11.2ms
[2023-08-12T03:16:48.009+0000][gc,phases     ] GC(800)   Post Evacuate Collection Set: 0.7ms
[2023-08-12T03:16:48.009+0000][gc,phases     ] GC(800)   Other: 0.3ms
[2023-08-12T03:16:48.009+0000][gc,heap       ] GC(800) Eden regions: 546->0(543)
[2023-08-12T03:16:48.009+0000][gc,heap       ] GC(800) Survivor regions: 11->18(70)
[2023-08-12T03:16:48.009+0000][gc,heap       ] GC(800) Old regions: 173->173
[2023-08-12T03:16:48.009+0000][gc,heap       ] GC(800) Humongous regions: 149->149
[2023-08-12T03:16:48.009+0000][gc,metaspace  ] GC(800) Metaspace: 119250K(125028K)->119250K(125028K) NonClass: 105372K(108748K)->105372K(108748K) Class: 13877K(16280K)->13877K(16280K)
[2023-08-12T03:16:48.009+0000][gc            ] GC(800) Pause Young (Normal) (G1 Evacuation Pause) 878M->339M(1024M) 12.388ms
[2023-08-12T03:16:48.009+0000][gc,cpu        ] GC(800) User=0.09s Sys=0.00s Real=0.01s
[2023-08-12T03:18:55.193+0000][gc,start      ] GC(801) Pause Young (Concurrent Start) (G1 Evacuation Pause)
[2023-08-12T03:18:55.193+0000][gc,task       ] GC(801) Using 8 workers of 8 for evacuation
[2023-08-12T03:18:55.208+0000][gc,phases     ] GC(801)   Pre Evacuate Collection Set: 0.5ms
[2023-08-12T03:18:55.208+0000][gc,phases     ] GC(801)   Evacuate Collection Set: 13.7ms
[2023-08-12T03:18:55.208+0000][gc,phases     ] GC(801)   Post Evacuate Collection Set: 0.7ms
[2023-08-12T03:18:55.208+0000][gc,phases     ] GC(801)   Other: 0.4ms
[2023-08-12T03:18:55.208+0000][gc,heap       ] GC(801) Eden regions: 543->0(541)
[2023-08-12T03:18:55.208+0000][gc,heap       ] GC(801) Survivor regions: 18->23(71)
[2023-08-12T03:18:55.208+0000][gc,heap       ] GC(801) Old regions: 173->173
[2023-08-12T03:18:55.208+0000][gc,heap       ] GC(801) Humongous regions: 149->149
[2023-08-12T03:18:55.208+0000][gc,metaspace  ] GC(801) Metaspace: 119250K(125028K)->119250K(125028K) NonClass: 105373K(108748K)->105373K(108748K) Class: 13877K(16280K)->13877K(16280K)
[2023-08-12T03:18:55.208+0000][gc            ] GC(801) Pause Young (Concurrent Start) (G1 Evacuation Pause) 882M->344M(1024M) 15.363ms
[2023-08-12T03:18:55.208+0000][gc,cpu        ] GC(801) User=0.11s Sys=0.00s Real=0.01s
[2023-08-12T03:18:55.208+0000][gc            ] GC(802) Concurrent Cycle
[2023-08-12T03:18:55.208+0000][gc,marking    ] GC(802) Concurrent Clear Claimed Marks
[2023-08-12T03:18:55.209+0000][gc,marking    ] GC(802) Concurrent Clear Claimed Marks 0.264ms
[2023-08-12T03:18:55.209+0000][gc,marking    ] GC(802) Concurrent Scan Root Regions
[2023-08-12T03:18:55.222+0000][gc,marking    ] GC(802) Concurrent Scan Root Regions 12.961ms
[2023-08-12T03:18:55.222+0000][gc,marking    ] GC(802) Concurrent Mark (59826.523s)
[2023-08-12T03:18:55.222+0000][gc,marking    ] GC(802) Concurrent Mark From Roots
[2023-08-12T03:18:55.222+0000][gc,task       ] GC(802) Using 2 workers of 2 for marking
[2023-08-12T03:18:55.291+0000][gc,marking    ] GC(802) Concurrent Mark From Roots 69.194ms
[2023-08-12T03:18:55.291+0000][gc,marking    ] GC(802) Concurrent Preclean
[2023-08-12T03:18:55.291+0000][gc,marking    ] GC(802) Concurrent Preclean 0.376ms
[2023-08-12T03:18:55.291+0000][gc,marking    ] GC(802) Concurrent Mark (59826.523s, 59826.593s) 69.661ms
[2023-08-12T03:18:55.291+0000][gc,start      ] GC(802) Pause Remark
[2023-08-12T03:18:55.302+0000][gc,stringtable] GC(802) Cleaned string and symbol table, strings: 45187 processed, 0 removed, symbols: 280311 processed, 0 removed
[2023-08-12T03:18:55.302+0000][gc            ] GC(802) Pause Remark 351M->351M(1024M) 10.554ms
[2023-08-12T03:18:55.302+0000][gc,cpu        ] GC(802) User=0.07s Sys=0.00s Real=0.01s
[2023-08-12T03:18:55.302+0000][gc,marking    ] GC(802) Concurrent Rebuild Remembered Sets
[2023-08-12T03:18:55.344+0000][gc,marking    ] GC(802) Concurrent Rebuild Remembered Sets 41.875ms
[2023-08-12T03:18:55.344+0000][gc,start      ] GC(802) Pause Cleanup
[2023-08-12T03:18:55.344+0000][gc            ] GC(802) Pause Cleanup 351M->351M(1024M) 0.250ms
[2023-08-12T03:18:55.344+0000][gc,cpu        ] GC(802) User=0.00s Sys=0.00s Real=0.00s
[2023-08-12T03:18:55.345+0000][gc,marking    ] GC(802) Concurrent Cleanup for Next Mark
[2023-08-12T03:18:55.346+0000][gc,marking    ] GC(802) Concurrent Cleanup for Next Mark 1.355ms
[2023-08-12T03:18:55.346+0000][gc            ] GC(802) Concurrent Cycle 137.708ms
[2023-08-12T03:20:54.383+0000][gc,start      ] GC(803) Pause Young (Prepare Mixed) (G1 Evacuation Pause)
[2023-08-12T03:20:54.383+0000][gc,task       ] GC(803) Using 8 workers of 8 for evacuation
[2023-08-12T03:20:54.400+0000][gc,phases     ] GC(803)   Pre Evacuate Collection Set: 0.0ms
[2023-08-12T03:20:54.401+0000][gc,phases     ] GC(803)   Evacuate Collection Set: 16.2ms
[2023-08-12T03:20:54.401+0000][gc,phases     ] GC(803)   Post Evacuate Collection Set: 0.7ms
[2023-08-12T03:20:54.401+0000][gc,phases     ] GC(803)   Other: 0.5ms
[2023-08-12T03:20:54.401+0000][gc,heap       ] GC(803) Eden regions: 425->0(23)
[2023-08-12T03:20:54.401+0000][gc,heap       ] GC(803) Survivor regions: 23->28(56)
[2023-08-12T03:20:54.401+0000][gc,heap       ] GC(803) Old regions: 173->173
[2023-08-12T03:20:54.401+0000][gc,heap       ] GC(803) Humongous regions: 149->149
[2023-08-12T03:20:54.401+0000][gc,metaspace  ] GC(803) Metaspace: 119250K(125028K)->119250K(125028K) NonClass: 105373K(108748K)->105373K(108748K) Class: 13877K(16280K)->13877K(16280K)
[2023-08-12T03:20:54.401+0000][gc            ] GC(803) Pause Young (Prepare Mixed) (G1 Evacuation Pause) 769M->349M(1024M) 17.459ms
[2023-08-12T03:20:54.401+0000][gc,cpu        ] GC(803) User=0.13s Sys=0.00s Real=0.02s
[2023-08-12T03:20:55.192+0000][gc,start      ] GC(804) Pause Young (Mixed) (G1 Evacuation Pause)
[2023-08-12T03:20:55.192+0000][gc,task       ] GC(804) Using 8 workers of 8 for evacuation
[2023-08-12T03:20:55.209+0000][gc,phases     ] GC(804)   Pre Evacuate Collection Set: 0.1ms
[2023-08-12T03:20:55.209+0000][gc,phases     ] GC(804)   Evacuate Collection Set: 16.3ms
[2023-08-12T03:20:55.209+0000][gc,phases     ] GC(804)   Post Evacuate Collection Set: 0.6ms
[2023-08-12T03:20:55.209+0000][gc,phases     ] GC(804)   Other: 0.4ms
[2023-08-12T03:20:55.209+0000][gc,heap       ] GC(804) Eden regions: 23->0(516)
[2023-08-12T03:20:55.209+0000][gc,heap       ] GC(804) Survivor regions: 28->4(7)
[2023-08-12T03:20:55.209+0000][gc,heap       ] GC(804) Old regions: 173->170
[2023-08-12T03:20:55.209+0000][gc,heap       ] GC(804) Humongous regions: 149->149
[2023-08-12T03:20:55.209+0000][gc,metaspace  ] GC(804) Metaspace: 119250K(125028K)->119250K(125028K) NonClass: 105373K(108748K)->105373K(108748K) Class: 13877K(16280K)->13877K(16280K)
[2023-08-12T03:20:55.209+0000][gc            ] GC(804) Pause Young (Mixed) (G1 Evacuation Pause) 372M->322M(1024M) 17.469ms
[2023-08-12T03:20:55.209+0000][gc,cpu        ] GC(804) User=0.12s Sys=0.01s Real=0.01s
[2023-08-12T03:23:02.739+0000][gc,start      ] GC(805) Pause Young (Normal) (G1 Evacuation Pause)
[2023-08-12T03:23:02.739+0000][gc,task       ] GC(805) Using 8 workers of 8 for evacuation
[2023-08-12T03:23:02.748+0000][gc,phases     ] GC(805)   Pre Evacuate Collection Set: 0.0ms
[2023-08-12T03:23:02.748+0000][gc,phases     ] GC(805)   Evacuate Collection Set: 7.8ms
[2023-08-12T03:23:02.748+0000][gc,phases     ] GC(805)   Post Evacuate Collection Set: 0.7ms
[2023-08-12T03:23:02.748+0000][gc,phases     ] GC(805)   Other: 0.3ms
[2023-08-12T03:23:02.748+0000][gc,heap       ] GC(805) Eden regions: 516->0(510)
[2023-08-12T03:23:02.748+0000][gc,heap       ] GC(805) Survivor regions: 4->10(65)
[2023-08-12T03:23:02.748+0000][gc,heap       ] GC(805) Old regions: 170->170
[2023-08-12T03:23:02.748+0000][gc,heap       ] GC(805) Humongous regions: 149->149
[2023-08-12T03:23:02.748+0000][gc,metaspace  ] GC(805) Metaspace: 119250K(125028K)->119250K(125028K) NonClass: 105373K(108748K)->105373K(108748K) Class: 13877K(16280K)->13877K(16280K)
[2023-08-12T03:23:02.748+0000][gc            ] GC(805) Pause Young (Normal) (G1 Evacuation Pause) 838M->327M(1024M) 8.939ms
[2023-08-12T03:23:02.748+0000][gc,cpu        ] GC(805) User=0.06s Sys=0.00s Real=0.00s
[2023-08-12T03:25:04.407+0000][gc,start      ] GC(806) Pause Young (Normal) (G1 Evacuation Pause)
[2023-08-12T03:25:04.407+0000][gc,task       ] GC(806) Using 8 workers of 8 for evacuation
[2023-08-12T03:25:04.417+0000][gc,phases     ] GC(806)   Pre Evacuate Collection Set: 0.0ms
[2023-08-12T03:25:04.417+0000][gc,phases     ] GC(806)   Evacuate Collection Set: 9.8ms
[2023-08-12T03:25:04.417+0000][gc,phases     ] GC(806)   Post Evacuate Collection Set: 0.7ms
[2023-08-12T03:25:04.417+0000][gc,phases     ] GC(806)   Other: 0.4ms
[2023-08-12T03:25:04.417+0000][gc,heap       ] GC(806) Eden regions: 510->0(519)
[2023-08-12T03:25:04.417+0000][gc,heap       ] GC(806) Survivor regions: 10->14(65)
[2023-08-12T03:25:04.417+0000][gc,heap       ] GC(806) Old regions: 170->170
[2023-08-12T03:25:04.417+0000][gc,heap       ] GC(806) Humongous regions: 149->149
[2023-08-12T03:25:04.417+0000][gc,metaspace  ] GC(806) Metaspace: 119251K(125028K)->119251K(125028K) NonClass: 105373K(108748K)->105373K(108748K) Class: 13877K(16280K)->13877K(16280K)
[2023-08-12T03:25:04.417+0000][gc            ] GC(806) Pause Young (Normal) (G1 Evacuation Pause) 837M->331M(1024M) 10.954ms
[2023-08-12T03:25:04.418+0000][gc,cpu        ] GC(806) User=0.07s Sys=0.01s Real=0.01s
[2023-08-12T03:27:24.388+0000][gc,start      ] GC(807) Pause Young (Concurrent Start) (G1 Evacuation Pause)
[2023-08-12T03:27:24.388+0000][gc,task       ] GC(807) Using 8 workers of 8 for evacuation
[2023-08-12T03:27:24.402+0000][gc,phases     ] GC(807)   Pre Evacuate Collection Set: 0.5ms
[2023-08-12T03:27:24.403+0000][gc,phases     ] GC(807)   Evacuate Collection Set: 13.1ms
[2023-08-12T03:27:24.403+0000][gc,phases     ] GC(807)   Post Evacuate Collection Set: 0.7ms
[2023-08-12T03:27:24.403+0000][gc,phases     ] GC(807)   Other: 0.4ms
[2023-08-12T03:27:24.403+0000][gc,heap       ] GC(807) Eden regions: 519->0(487)
[2023-08-12T03:27:24.403+0000][gc,heap       ] GC(807) Survivor regions: 14->21(67)
[2023-08-12T03:27:24.403+0000][gc,heap       ] GC(807) Old regions: 170->170
[2023-08-12T03:27:24.403+0000][gc,heap       ] GC(807) Humongous regions: 149->149
[2023-08-12T03:27:24.403+0000][gc,metaspace  ] GC(807) Metaspace: 119251K(125028K)->119251K(125028K) NonClass: 105373K(108748K)->105373K(108748K) Class: 13877K(16280K)->13877K(16280K)
[2023-08-12T03:27:24.403+0000][gc            ] GC(807) Pause Young (Concurrent Start) (G1 Evacuation Pause) 850M->338M(1024M) 14.776ms
[2023-08-12T03:27:24.403+0000][gc,cpu        ] GC(807) User=0.10s Sys=0.00s Real=0.02s
[2023-08-12T03:27:24.403+0000][gc            ] GC(808) Concurrent Cycle
[2023-08-12T03:27:24.403+0000][gc,marking    ] GC(808) Concurrent Clear Claimed Marks
[2023-08-12T03:27:24.403+0000][gc,marking    ] GC(808) Concurrent Clear Claimed Marks 0.451ms
[2023-08-12T03:27:24.403+0000][gc,marking    ] GC(808) Concurrent Scan Root Regions
[2023-08-12T03:27:24.412+0000][gc,marking    ] GC(808) Concurrent Scan Root Regions 8.444ms
[2023-08-12T03:27:24.412+0000][gc,marking    ] GC(808) Concurrent Mark (60335.713s)
[2023-08-12T03:27:24.412+0000][gc,marking    ] GC(808) Concurrent Mark From Roots
[2023-08-12T03:27:24.412+0000][gc,task       ] GC(808) Using 2 workers of 2 for marking
[2023-08-12T03:27:24.494+0000][gc,marking    ] GC(808) Concurrent Mark From Roots 81.900ms
[2023-08-12T03:27:24.494+0000][gc,marking    ] GC(808) Concurrent Preclean
[2023-08-12T03:27:24.494+0000][gc,marking    ] GC(808) Concurrent Preclean 0.434ms
[2023-08-12T03:27:24.494+0000][gc,marking    ] GC(808) Concurrent Mark (60335.713s, 60335.795s) 82.413ms
[2023-08-12T03:27:24.494+0000][gc,start      ] GC(808) Pause Remark
[2023-08-12T03:27:24.512+0000][gc,stringtable] GC(808) Cleaned string and symbol table, strings: 45187 processed, 0 removed, symbols: 280311 processed, 0 removed
[2023-08-12T03:27:24.513+0000][gc            ] GC(808) Pause Remark 357M->357M(1024M) 18.315ms
[2023-08-12T03:27:24.513+0000][gc,cpu        ] GC(808) User=0.12s Sys=0.00s Real=0.02s
[2023-08-12T03:27:24.513+0000][gc,marking    ] GC(808) Concurrent Rebuild Remembered Sets
[2023-08-12T03:27:24.555+0000][gc,marking    ] GC(808) Concurrent Rebuild Remembered Sets 42.360ms
[2023-08-12T03:27:24.555+0000][gc,start      ] GC(808) Pause Cleanup
[2023-08-12T03:27:24.556+0000][gc            ] GC(808) Pause Cleanup 358M->358M(1024M) 0.258ms
[2023-08-12T03:27:24.556+0000][gc,cpu        ] GC(808) User=0.00s Sys=0.00s Real=0.00s
[2023-08-12T03:27:24.556+0000][gc,marking    ] GC(808) Concurrent Cleanup for Next Mark
[2023-08-12T03:27:24.557+0000][gc,marking    ] GC(808) Concurrent Cleanup for Next Mark 1.494ms
[2023-08-12T03:27:24.557+0000][gc            ] GC(808) Concurrent Cycle 154.636ms
[2023-08-12T03:29:09.478+0000][gc,start      ] GC(809) Pause Young (Prepare Mixed) (G1 Evacuation Pause)
[2023-08-12T03:29:09.478+0000][gc,task       ] GC(809) Using 8 workers of 8 for evacuation
[2023-08-12T03:29:09.496+0000][gc,phases     ] GC(809)   Pre Evacuate Collection Set: 0.0ms
[2023-08-12T03:29:09.496+0000][gc,phases     ] GC(809)   Evacuate Collection Set: 16.8ms
[2023-08-12T03:29:09.496+0000][gc,phases     ] GC(809)   Post Evacuate Collection Set: 0.7ms
[2023-08-12T03:29:09.496+0000][gc,phases     ] GC(809)   Other: 0.4ms
[2023-08-12T03:29:09.496+0000][gc,heap       ] GC(809) Eden regions: 447->0(25)
[2023-08-12T03:29:09.496+0000][gc,heap       ] GC(809) Survivor regions: 21->26(59)
[2023-08-12T03:29:09.496+0000][gc,heap       ] GC(809) Old regions: 170->170
[2023-08-12T03:29:09.496+0000][gc,heap       ] GC(809) Humongous regions: 149->149
[2023-08-12T03:29:09.496+0000][gc,metaspace  ] GC(809) Metaspace: 119251K(125028K)->119251K(125028K) NonClass: 105373K(108748K)->105373K(108748K) Class: 13877K(16280K)->13877K(16280K)
[2023-08-12T03:29:09.496+0000][gc            ] GC(809) Pause Young (Prepare Mixed) (G1 Evacuation Pause) 785M->343M(1024M) 18.081ms
[2023-08-12T03:29:09.496+0000][gc,cpu        ] GC(809) User=0.12s Sys=0.00s Real=0.02s
[2023-08-12T03:29:20.563+0000][gc,start      ] GC(810) Pause Young (Mixed) (G1 Evacuation Pause)
[2023-08-12T03:29:20.563+0000][gc,task       ] GC(810) Using 8 workers of 8 for evacuation
[2023-08-12T03:29:20.578+0000][gc,phases     ] GC(810)   Pre Evacuate Collection Set: 0.1ms
[2023-08-12T03:29:20.578+0000][gc,phases     ] GC(810)   Evacuate Collection Set: 14.5ms
[2023-08-12T03:29:20.578+0000][gc,phases     ] GC(810)   Post Evacuate Collection Set: 0.5ms
[2023-08-12T03:29:20.578+0000][gc,phases     ] GC(810)   Other: 0.4ms
[2023-08-12T03:29:20.578+0000][gc,heap       ] GC(810) Eden regions: 25->0(551)
[2023-08-12T03:29:20.578+0000][gc,heap       ] GC(810) Survivor regions: 26->4(7)
[2023-08-12T03:29:20.578+0000][gc,heap       ] GC(810) Old regions: 170->166
[2023-08-12T03:29:20.578+0000][gc,heap       ] GC(810) Humongous regions: 149->149
[2023-08-12T03:29:20.578+0000][gc,metaspace  ] GC(810) Metaspace: 119251K(125028K)->119251K(125028K) NonClass: 105373K(108748K)->105373K(108748K) Class: 13877K(16280K)->13877K(16280K)
[2023-08-12T03:29:20.578+0000][gc            ] GC(810) Pause Young (Mixed) (G1 Evacuation Pause) 368M->318M(1024M) 15.570ms
[2023-08-12T03:29:20.578+0000][gc,cpu        ] GC(810) User=0.11s Sys=0.00s Real=0.01s
[2023-08-12T03:31:25.199+0000][gc,start      ] GC(811) Pause Young (Normal) (G1 Evacuation Pause)
[2023-08-12T03:31:25.199+0000][gc,task       ] GC(811) Using 8 workers of 8 for evacuation
[2023-08-12T03:31:25.209+0000][gc,phases     ] GC(811)   Pre Evacuate Collection Set: 0.1ms
[2023-08-12T03:31:25.209+0000][gc,phases     ] GC(811)   Evacuate Collection Set: 9.0ms
[2023-08-12T03:31:25.209+0000][gc,phases     ] GC(811)   Post Evacuate Collection Set: 0.7ms
[2023-08-12T03:31:25.209+0000][gc,phases     ] GC(811)   Other: 0.4ms
[2023-08-12T03:31:25.209+0000][gc,heap       ] GC(811) Eden regions: 551->0(552)
[2023-08-12T03:31:25.209+0000][gc,heap       ] GC(811) Survivor regions: 4->9(70)
[2023-08-12T03:31:25.209+0000][gc,heap       ] GC(811) Old regions: 166->166
[2023-08-12T03:31:25.209+0000][gc,heap       ] GC(811) Humongous regions: 149->149
[2023-08-12T03:31:25.209+0000][gc,metaspace  ] GC(811) Metaspace: 119251K(125028K)->119251K(125028K) NonClass: 105374K(108748K)->105374K(108748K) Class: 13877K(16280K)->13877K(16280K)
[2023-08-12T03:31:25.209+0000][gc            ] GC(811) Pause Young (Normal) (G1 Evacuation Pause) 869M->323M(1024M) 10.218ms
[2023-08-12T03:31:25.209+0000][gc,cpu        ] GC(811) User=0.06s Sys=0.00s Real=0.00s
[2023-08-12T03:33:47.915+0000][gc,start      ] GC(812) Pause Young (Normal) (G1 Evacuation Pause)
[2023-08-12T03:33:47.915+0000][gc,task       ] GC(812) Using 8 workers of 8 for evacuation
[2023-08-12T03:33:47.926+0000][gc,phases     ] GC(812)   Pre Evacuate Collection Set: 0.0ms
[2023-08-12T03:33:47.926+0000][gc,phases     ] GC(812)   Evacuate Collection Set: 10.5ms
[2023-08-12T03:33:47.926+0000][gc,phases     ] GC(812)   Post Evacuate Collection Set: 0.7ms
[2023-08-12T03:33:47.926+0000][gc,phases     ] GC(812)   Other: 0.4ms
[2023-08-12T03:33:47.926+0000][gc,heap       ] GC(812) Eden regions: 552->0(549)
[2023-08-12T03:33:47.926+0000][gc,heap       ] GC(812) Survivor regions: 9->16(71)
[2023-08-12T03:33:47.926+0000][gc,heap       ] GC(812) Old regions: 166->166
[2023-08-12T03:33:47.926+0000][gc,heap       ] GC(812) Humongous regions: 149->149
[2023-08-12T03:33:47.926+0000][gc,metaspace  ] GC(812) Metaspace: 119251K(125028K)->119251K(125028K) NonClass: 105374K(108748K)->105374K(108748K) Class: 13877K(16280K)->13877K(16280K)
[2023-08-12T03:33:47.926+0000][gc            ] GC(812) Pause Young (Normal) (G1 Evacuation Pause) 875M->329M(1024M) 11.656ms
[2023-08-12T03:33:47.926+0000][gc,cpu        ] GC(812) User=0.09s Sys=0.00s Real=0.01s
[2023-08-12T03:36:14.563+0000][gc,start      ] GC(813) Pause Young (Concurrent Start) (G1 Evacuation Pause)
[2023-08-12T03:36:14.563+0000][gc,task       ] GC(813) Using 8 workers of 8 for evacuation
[2023-08-12T03:36:14.582+0000][gc,phases     ] GC(813)   Pre Evacuate Collection Set: 0.5ms
[2023-08-12T03:36:14.582+0000][gc,phases     ] GC(813)   Evacuate Collection Set: 17.0ms
[2023-08-12T03:36:14.582+0000][gc,phases     ] GC(813)   Post Evacuate Collection Set: 0.8ms
[2023-08-12T03:36:14.582+0000][gc,phases     ] GC(813)   Other: 0.4ms
[2023-08-12T03:36:14.582+0000][gc,heap       ] GC(813) Eden regions: 549->0(531)
[2023-08-12T03:36:14.582+0000][gc,heap       ] GC(813) Survivor regions: 16->22(71)
[2023-08-12T03:36:14.582+0000][gc,heap       ] GC(813) Old regions: 166->166
[2023-08-12T03:36:14.582+0000][gc,heap       ] GC(813) Humongous regions: 149->149
[2023-08-12T03:36:14.582+0000][gc,metaspace  ] GC(813) Metaspace: 119253K(125028K)->119253K(125028K) NonClass: 105375K(108748K)->105375K(108748K) Class: 13877K(16280K)->13877K(16280K)
[2023-08-12T03:36:14.582+0000][gc            ] GC(813) Pause Young (Concurrent Start) (G1 Evacuation Pause) 878M->336M(1024M) 18.787ms
[2023-08-12T03:36:14.582+0000][gc,cpu        ] GC(813) User=0.12s Sys=0.00s Real=0.02s
[2023-08-12T03:36:14.582+0000][gc            ] GC(814) Concurrent Cycle
[2023-08-12T03:36:14.582+0000][gc,marking    ] GC(814) Concurrent Clear Claimed Marks
[2023-08-12T03:36:14.583+0000][gc,marking    ] GC(814) Concurrent Clear Claimed Marks 0.425ms
[2023-08-12T03:36:14.583+0000][gc,marking    ] GC(814) Concurrent Scan Root Regions
[2023-08-12T03:36:14.596+0000][gc,marking    ] GC(814) Concurrent Scan Root Regions 13.061ms
[2023-08-12T03:36:14.596+0000][gc,marking    ] GC(814) Concurrent Mark (60865.897s)
[2023-08-12T03:36:14.596+0000][gc,marking    ] GC(814) Concurrent Mark From Roots
[2023-08-12T03:36:14.596+0000][gc,task       ] GC(814) Using 2 workers of 2 for marking
[2023-08-12T03:36:14.668+0000][gc,marking    ] GC(814) Concurrent Mark From Roots 72.096ms
[2023-08-12T03:36:14.668+0000][gc,marking    ] GC(814) Concurrent Preclean
[2023-08-12T03:36:14.668+0000][gc,marking    ] GC(814) Concurrent Preclean 0.363ms
[2023-08-12T03:36:14.668+0000][gc,marking    ] GC(814) Concurrent Mark (60865.897s, 60865.970s) 72.534ms
[2023-08-12T03:36:14.669+0000][gc,start      ] GC(814) Pause Remark
[2023-08-12T03:36:14.678+0000][gc,stringtable] GC(814) Cleaned string and symbol table, strings: 45188 processed, 0 removed, symbols: 280311 processed, 0 removed
[2023-08-12T03:36:14.678+0000][gc            ] GC(814) Pause Remark 341M->341M(1024M) 9.835ms
[2023-08-12T03:36:14.678+0000][gc,cpu        ] GC(814) User=0.07s Sys=0.00s Real=0.01s
[2023-08-12T03:36:14.679+0000][gc,marking    ] GC(814) Concurrent Rebuild Remembered Sets
[2023-08-12T03:36:14.721+0000][gc,marking    ] GC(814) Concurrent Rebuild Remembered Sets 42.464ms
[2023-08-12T03:36:14.721+0000][gc,start      ] GC(814) Pause Cleanup
[2023-08-12T03:36:14.722+0000][gc            ] GC(814) Pause Cleanup 341M->341M(1024M) 0.291ms
[2023-08-12T03:36:14.722+0000][gc,cpu        ] GC(814) User=0.00s Sys=0.00s Real=0.00s
[2023-08-12T03:36:14.722+0000][gc,marking    ] GC(814) Concurrent Cleanup for Next Mark
[2023-08-12T03:36:14.723+0000][gc,marking    ] GC(814) Concurrent Cleanup for Next Mark 1.394ms
[2023-08-12T03:36:14.723+0000][gc            ] GC(814) Concurrent Cycle 140.879ms
[2023-08-12T03:37:56.832+0000][gc,start      ] GC(815) Pause Young (Prepare Mixed) (G1 Evacuation Pause)
[2023-08-12T03:37:56.832+0000][gc,task       ] GC(815) Using 8 workers of 8 for evacuation
[2023-08-12T03:37:56.848+0000][gc,phases     ] GC(815)   Pre Evacuate Collection Set: 0.0ms
[2023-08-12T03:37:56.848+0000][gc,phases     ] GC(815)   Evacuate Collection Set: 15.1ms
[2023-08-12T03:37:56.848+0000][gc,phases     ] GC(815)   Post Evacuate Collection Set: 0.7ms
[2023-08-12T03:37:56.848+0000][gc,phases     ] GC(815)   Other: 0.4ms
[2023-08-12T03:37:56.848+0000][gc,heap       ] GC(815) Eden regions: 452->0(25)
[2023-08-12T03:37:56.848+0000][gc,heap       ] GC(815) Survivor regions: 22->26(60)
[2023-08-12T03:37:56.848+0000][gc,heap       ] GC(815) Old regions: 166->166
[2023-08-12T03:37:56.848+0000][gc,heap       ] GC(815) Humongous regions: 149->149
[2023-08-12T03:37:56.848+0000][gc,metaspace  ] GC(815) Metaspace: 119253K(125028K)->119253K(125028K) NonClass: 105375K(108748K)->105375K(108748K) Class: 13877K(16280K)->13877K(16280K)
[2023-08-12T03:37:56.848+0000][gc            ] GC(815) Pause Young (Prepare Mixed) (G1 Evacuation Pause) 788M->340M(1024M) 16.294ms
[2023-08-12T03:37:56.848+0000][gc,cpu        ] GC(815) User=0.12s Sys=0.00s Real=0.01s
[2023-08-12T03:38:08.166+0000][gc,start      ] GC(816) Pause Young (Mixed) (G1 Evacuation Pause)
[2023-08-12T03:38:08.166+0000][gc,task       ] GC(816) Using 8 workers of 8 for evacuation
[2023-08-12T03:38:08.183+0000][gc,phases     ] GC(816)   Pre Evacuate Collection Set: 0.1ms
[2023-08-12T03:38:08.183+0000][gc,phases     ] GC(816)   Evacuate Collection Set: 15.6ms
[2023-08-12T03:38:08.183+0000][gc,phases     ] GC(816)   Post Evacuate Collection Set: 0.6ms
[2023-08-12T03:38:08.183+0000][gc,phases     ] GC(816)   Other: 0.4ms
[2023-08-12T03:38:08.183+0000][gc,heap       ] GC(816) Eden regions: 25->0(563)
[2023-08-12T03:38:08.183+0000][gc,heap       ] GC(816) Survivor regions: 26->4(7)
[2023-08-12T03:38:08.183+0000][gc,heap       ] GC(816) Old regions: 166->168
[2023-08-12T03:38:08.183+0000][gc,heap       ] GC(816) Humongous regions: 149->149
[2023-08-12T03:38:08.183+0000][gc,metaspace  ] GC(816) Metaspace: 119253K(125028K)->119253K(125028K) NonClass: 105375K(108748K)->105375K(108748K) Class: 13877K(16280K)->13877K(16280K)
[2023-08-12T03:38:08.183+0000][gc            ] GC(816) Pause Young (Mixed) (G1 Evacuation Pause) 365M->320M(1024M) 16.805ms
[2023-08-12T03:38:08.183+0000][gc,cpu        ] GC(816) User=0.13s Sys=0.00s Real=0.02s
[2023-08-12T03:40:24.453+0000][gc,start      ] GC(817) Pause Young (Normal) (G1 Evacuation Pause)
[2023-08-12T03:40:24.453+0000][gc,task       ] GC(817) Using 8 workers of 8 for evacuation
[2023-08-12T03:40:24.463+0000][gc,phases     ] GC(817)   Pre Evacuate Collection Set: 0.0ms
[2023-08-12T03:40:24.463+0000][gc,phases     ] GC(817)   Evacuate Collection Set: 8.2ms
[2023-08-12T03:40:24.463+0000][gc,phases     ] GC(817)   Post Evacuate Collection Set: 0.7ms
[2023-08-12T03:40:24.463+0000][gc,phases     ] GC(817)   Other: 0.3ms
[2023-08-12T03:40:24.463+0000][gc,heap       ] GC(817) Eden regions: 563->0(559)
[2023-08-12T03:40:24.463+0000][gc,heap       ] GC(817) Survivor regions: 4->10(71)
[2023-08-12T03:40:24.463+0000][gc,heap       ] GC(817) Old regions: 168->168
[2023-08-12T03:40:24.463+0000][gc,heap       ] GC(817) Humongous regions: 149->149
[2023-08-12T03:40:24.463+0000][gc,metaspace  ] GC(817) Metaspace: 119253K(125028K)->119253K(125028K) NonClass: 105375K(108748K)->105375K(108748K) Class: 13877K(16280K)->13877K(16280K)
[2023-08-12T03:40:24.463+0000][gc            ] GC(817) Pause Young (Normal) (G1 Evacuation Pause) 883M->326M(1024M) 9.391ms
[2023-08-12T03:40:24.463+0000][gc,cpu        ] GC(817) User=0.07s Sys=0.00s Real=0.01s
[2023-08-12T03:42:39.470+0000][gc,start      ] GC(818) Pause Young (Normal) (G1 Evacuation Pause)
[2023-08-12T03:42:39.470+0000][gc,task       ] GC(818) Using 8 workers of 8 for evacuation
[2023-08-12T03:42:39.484+0000][gc,phases     ] GC(818)   Pre Evacuate Collection Set: 0.0ms
[2023-08-12T03:42:39.484+0000][gc,phases     ] GC(818)   Evacuate Collection Set: 13.2ms
[2023-08-12T03:42:39.484+0000][gc,phases     ] GC(818)   Post Evacuate Collection Set: 0.7ms
[2023-08-12T03:42:39.484+0000][gc,phases     ] GC(818)   Other: 0.4ms
[2023-08-12T03:42:39.484+0000][gc,heap       ] GC(818) Eden regions: 559->0(544)
[2023-08-12T03:42:39.484+0000][gc,heap       ] GC(818) Survivor regions: 10->22(72)
[2023-08-12T03:42:39.484+0000][gc,heap       ] GC(818) Old regions: 168->168
[2023-08-12T03:42:39.484+0000][gc,heap       ] GC(818) Humongous regions: 149->149
[2023-08-12T03:42:39.484+0000][gc,metaspace  ] GC(818) Metaspace: 119255K(125028K)->119255K(125028K) NonClass: 105377K(108748K)->105377K(108748K) Class: 13878K(16280K)->13878K(16280K)
[2023-08-12T03:42:39.484+0000][gc            ] GC(818) Pause Young (Normal) (G1 Evacuation Pause) 885M->338M(1024M) 14.314ms
[2023-08-12T03:42:39.484+0000][gc,cpu        ] GC(818) User=0.11s Sys=0.00s Real=0.02s
[2023-08-12T03:44:24.475+0000][gc,start      ] GC(819) Pause Young (Concurrent Start) (G1 Evacuation Pause)
[2023-08-12T03:44:24.475+0000][gc,task       ] GC(819) Using 8 workers of 8 for evacuation
[2023-08-12T03:44:24.497+0000][gc,mmu        ] GC(819) MMU target violated: 21.0ms (20.0ms/21.0ms)
[2023-08-12T03:44:24.497+0000][gc,phases     ] GC(819)   Pre Evacuate Collection Set: 0.5ms
[2023-08-12T03:44:24.497+0000][gc,phases     ] GC(819)   Evacuate Collection Set: 20.2ms
[2023-08-12T03:44:24.497+0000][gc,phases     ] GC(819)   Post Evacuate Collection Set: 0.7ms
[2023-08-12T03:44:24.497+0000][gc,phases     ] GC(819)   Other: 0.5ms
[2023-08-12T03:44:24.497+0000][gc,heap       ] GC(819) Eden regions: 420->0(391)
[2023-08-12T03:44:24.497+0000][gc,heap       ] GC(819) Survivor regions: 22->28(56)
[2023-08-12T03:44:24.497+0000][gc,heap       ] GC(819) Old regions: 168->168
[2023-08-12T03:44:24.497+0000][gc,heap       ] GC(819) Humongous regions: 149->149
[2023-08-12T03:44:24.497+0000][gc,metaspace  ] GC(819) Metaspace: 119255K(125028K)->119255K(125028K) NonClass: 105377K(108748K)->105377K(108748K) Class: 13878K(16280K)->13878K(16280K)
[2023-08-12T03:44:24.497+0000][gc            ] GC(819) Pause Young (Concurrent Start) (G1 Evacuation Pause) 758M->344M(1024M) 21.928ms
[2023-08-12T03:44:24.497+0000][gc,cpu        ] GC(819) User=0.14s Sys=0.00s Real=0.02s
[2023-08-12T03:44:24.497+0000][gc            ] GC(820) Concurrent Cycle
[2023-08-12T03:44:24.497+0000][gc,marking    ] GC(820) Concurrent Clear Claimed Marks
[2023-08-12T03:44:24.498+0000][gc,marking    ] GC(820) Concurrent Clear Claimed Marks 0.458ms
[2023-08-12T03:44:24.498+0000][gc,marking    ] GC(820) Concurrent Scan Root Regions
[2023-08-12T03:44:24.517+0000][gc,marking    ] GC(820) Concurrent Scan Root Regions 19.001ms
[2023-08-12T03:44:24.517+0000][gc,marking    ] GC(820) Concurrent Mark (61355.818s)
[2023-08-12T03:44:24.517+0000][gc,marking    ] GC(820) Concurrent Mark From Roots
[2023-08-12T03:44:24.517+0000][gc,task       ] GC(820) Using 2 workers of 2 for marking
[2023-08-12T03:44:24.583+0000][gc,marking    ] GC(820) Concurrent Mark From Roots 65.938ms
[2023-08-12T03:44:24.583+0000][gc,marking    ] GC(820) Concurrent Preclean
[2023-08-12T03:44:24.583+0000][gc,marking    ] GC(820) Concurrent Preclean 0.386ms
[2023-08-12T03:44:24.583+0000][gc,marking    ] GC(820) Concurrent Mark (61355.818s, 61355.885s) 66.413ms
[2023-08-12T03:44:24.583+0000][gc,start      ] GC(820) Pause Remark
[2023-08-12T03:44:24.593+0000][gc,stringtable] GC(820) Cleaned string and symbol table, strings: 45190 processed, 0 removed, symbols: 280319 processed, 0 removed
[2023-08-12T03:44:24.593+0000][gc            ] GC(820) Pause Remark 350M->350M(1024M) 9.810ms
[2023-08-12T03:44:24.593+0000][gc,cpu        ] GC(820) User=0.07s Sys=0.00s Real=0.01s
[2023-08-12T03:44:24.593+0000][gc,marking    ] GC(820) Concurrent Rebuild Remembered Sets
[2023-08-12T03:44:24.634+0000][gc,marking    ] GC(820) Concurrent Rebuild Remembered Sets 40.509ms
[2023-08-12T03:44:24.634+0000][gc,start      ] GC(820) Pause Cleanup
[2023-08-12T03:44:24.634+0000][gc            ] GC(820) Pause Cleanup 350M->350M(1024M) 0.270ms
[2023-08-12T03:44:24.634+0000][gc,cpu        ] GC(820) User=0.00s Sys=0.00s Real=0.00s
[2023-08-12T03:44:24.634+0000][gc,marking    ] GC(820) Concurrent Cleanup for Next Mark
[2023-08-12T03:44:24.636+0000][gc,marking    ] GC(820) Concurrent Cleanup for Next Mark 1.387ms
[2023-08-12T03:44:24.636+0000][gc            ] GC(820) Concurrent Cycle 138.797ms
[2023-08-12T03:44:25.246+0000][gc,start      ] GC(821) Pause Young (Prepare Mixed) (G1 Evacuation Pause)
[2023-08-12T03:44:25.246+0000][gc,task       ] GC(821) Using 8 workers of 8 for evacuation
[2023-08-12T03:44:25.264+0000][gc,phases     ] GC(821)   Pre Evacuate Collection Set: 0.0ms
[2023-08-12T03:44:25.264+0000][gc,phases     ] GC(821)   Evacuate Collection Set: 16.6ms
[2023-08-12T03:44:25.264+0000][gc,phases     ] GC(821)   Post Evacuate Collection Set: 0.6ms
[2023-08-12T03:44:25.264+0000][gc,phases     ] GC(821)   Other: 0.3ms
[2023-08-12T03:44:25.264+0000][gc,heap       ] GC(821) Eden regions: 23->0(47)
[2023-08-12T03:44:25.264+0000][gc,heap       ] GC(821) Survivor regions: 28->4(7)
[2023-08-12T03:44:25.264+0000][gc,heap       ] GC(821) Old regions: 168->192
[2023-08-12T03:44:25.264+0000][gc,heap       ] GC(821) Humongous regions: 149->149
[2023-08-12T03:44:25.264+0000][gc,metaspace  ] GC(821) Metaspace: 119255K(125028K)->119255K(125028K) NonClass: 105377K(108748K)->105377K(108748K) Class: 13878K(16280K)->13878K(16280K)
[2023-08-12T03:44:25.264+0000][gc            ] GC(821) Pause Young (Prepare Mixed) (G1 Evacuation Pause) 367M->344M(1024M) 17.701ms
[2023-08-12T03:44:25.264+0000][gc,cpu        ] GC(821) User=0.14s Sys=0.00s Real=0.02s
[2023-08-12T03:44:49.533+0000][gc,start      ] GC(822) Pause Young (Mixed) (G1 Evacuation Pause)
[2023-08-12T03:44:49.533+0000][gc,task       ] GC(822) Using 8 workers of 8 for evacuation
[2023-08-12T03:44:49.539+0000][gc,phases     ] GC(822)   Pre Evacuate Collection Set: 0.1ms
[2023-08-12T03:44:49.540+0000][gc,phases     ] GC(822)   Evacuate Collection Set: 5.3ms
[2023-08-12T03:44:49.540+0000][gc,phases     ] GC(822)   Post Evacuate Collection Set: 0.5ms
[2023-08-12T03:44:49.540+0000][gc,phases     ] GC(822)   Other: 0.4ms
[2023-08-12T03:44:49.540+0000][gc,heap       ] GC(822) Eden regions: 47->0(152)
[2023-08-12T03:44:49.540+0000][gc,heap       ] GC(822) Survivor regions: 4->3(7)
[2023-08-12T03:44:49.540+0000][gc,heap       ] GC(822) Old regions: 192->168
[2023-08-12T03:44:49.540+0000][gc,heap       ] GC(822) Humongous regions: 149->149
[2023-08-12T03:44:49.540+0000][gc,metaspace  ] GC(822) Metaspace: 119255K(125028K)->119255K(125028K) NonClass: 105377K(108748K)->105377K(108748K) Class: 13878K(16280K)->13878K(16280K)
[2023-08-12T03:44:49.540+0000][gc            ] GC(822) Pause Young (Mixed) (G1 Evacuation Pause) 391M->319M(1024M) 6.413ms
[2023-08-12T03:44:49.540+0000][gc,cpu        ] GC(822) User=0.04s Sys=0.00s Real=0.01s
[2023-08-12T03:45:24.469+0000][gc,start      ] GC(823) Pause Young (Normal) (G1 Evacuation Pause)
[2023-08-12T03:45:24.469+0000][gc,task       ] GC(823) Using 8 workers of 8 for evacuation
[2023-08-12T03:45:24.475+0000][gc,phases     ] GC(823)   Pre Evacuate Collection Set: 0.0ms
[2023-08-12T03:45:24.475+0000][gc,phases     ] GC(823)   Evacuate Collection Set: 5.2ms
[2023-08-12T03:45:24.475+0000][gc,phases     ] GC(823)   Post Evacuate Collection Set: 0.6ms
[2023-08-12T03:45:24.475+0000][gc,phases     ] GC(823)   Other: 0.3ms
[2023-08-12T03:45:24.475+0000][gc,heap       ] GC(823) Eden regions: 152->0(171)
[2023-08-12T03:45:24.475+0000][gc,heap       ] GC(823) Survivor regions: 3->6(20)
[2023-08-12T03:45:24.475+0000][gc,heap       ] GC(823) Old regions: 168->168
[2023-08-12T03:45:24.475+0000][gc,heap       ] GC(823) Humongous regions: 149->149
[2023-08-12T03:45:24.475+0000][gc,metaspace  ] GC(823) Metaspace: 119255K(125028K)->119255K(125028K) NonClass: 105377K(108748K)->105377K(108748K) Class: 13878K(16280K)->13878K(16280K)
[2023-08-12T03:45:24.475+0000][gc            ] GC(823) Pause Young (Normal) (G1 Evacuation Pause) 471M->322M(1024M) 6.231ms
[2023-08-12T03:45:24.475+0000][gc,cpu        ] GC(823) User=0.04s Sys=0.00s Real=0.01s
[2023-08-12T03:45:57.199+0000][gc,start      ] GC(824) Pause Young (Normal) (G1 Evacuation Pause)
[2023-08-12T03:45:57.199+0000][gc,task       ] GC(824) Using 8 workers of 8 for evacuation
[2023-08-12T03:45:57.206+0000][gc,phases     ] GC(824)   Pre Evacuate Collection Set: 0.0ms
[2023-08-12T03:45:57.206+0000][gc,phases     ] GC(824)   Evacuate Collection Set: 6.1ms
[2023-08-12T03:45:57.206+0000][gc,phases     ] GC(824)   Post Evacuate Collection Set: 0.6ms
[2023-08-12T03:45:57.206+0000][gc,phases     ] GC(824)   Other: 0.4ms
[2023-08-12T03:45:57.206+0000][gc,heap       ] GC(824) Eden regions: 171->0(205)
[2023-08-12T03:45:57.206+0000][gc,heap       ] GC(824) Survivor regions: 6->8(23)
[2023-08-12T03:45:57.206+0000][gc,heap       ] GC(824) Old regions: 168->168
[2023-08-12T03:45:57.206+0000][gc,heap       ] GC(824) Humongous regions: 149->149
[2023-08-12T03:45:57.206+0000][gc,metaspace  ] GC(824) Metaspace: 119255K(125028K)->119255K(125028K) NonClass: 105377K(108748K)->105377K(108748K) Class: 13878K(16280K)->13878K(16280K)
[2023-08-12T03:45:57.206+0000][gc            ] GC(824) Pause Young (Normal) (G1 Evacuation Pause) 493M->324M(1024M) 7.131ms
[2023-08-12T03:45:57.206+0000][gc,cpu        ] GC(824) User=0.05s Sys=0.01s Real=0.00s
[2023-08-12T03:46:54.390+0000][gc,start      ] GC(825) Pause Young (Concurrent Start) (G1 Evacuation Pause)
[2023-08-12T03:46:54.390+0000][gc,task       ] GC(825) Using 8 workers of 8 for evacuation
[2023-08-12T03:46:54.400+0000][gc,phases     ] GC(825)   Pre Evacuate Collection Set: 0.5ms
[2023-08-12T03:46:54.400+0000][gc,phases     ] GC(825)   Evacuate Collection Set: 8.3ms
[2023-08-12T03:46:54.400+0000][gc,phases     ] GC(825)   Post Evacuate Collection Set: 0.6ms
[2023-08-12T03:46:54.400+0000][gc,phases     ] GC(825)   Other: 0.4ms
[2023-08-12T03:46:54.400+0000][gc,heap       ] GC(825) Eden regions: 205->0(210)
[2023-08-12T03:46:54.400+0000][gc,heap       ] GC(825) Survivor regions: 8->11(27)
[2023-08-12T03:46:54.400+0000][gc,heap       ] GC(825) Old regions: 168->168
[2023-08-12T03:46:54.400+0000][gc,heap       ] GC(825) Humongous regions: 149->149
[2023-08-12T03:46:54.400+0000][gc,metaspace  ] GC(825) Metaspace: 119255K(125028K)->119255K(125028K) NonClass: 105377K(108748K)->105377K(108748K) Class: 13878K(16280K)->13878K(16280K)
[2023-08-12T03:46:54.400+0000][gc            ] GC(825) Pause Young (Concurrent Start) (G1 Evacuation Pause) 529M->327M(1024M) 9.845ms
[2023-08-12T03:46:54.400+0000][gc,cpu        ] GC(825) User=0.07s Sys=0.00s Real=0.02s
[2023-08-12T03:46:54.400+0000][gc            ] GC(826) Concurrent Cycle
[2023-08-12T03:46:54.400+0000][gc,marking    ] GC(826) Concurrent Clear Claimed Marks
[2023-08-12T03:46:54.401+0000][gc,marking    ] GC(826) Concurrent Clear Claimed Marks 0.285ms
[2023-08-12T03:46:54.401+0000][gc,marking    ] GC(826) Concurrent Scan Root Regions
[2023-08-12T03:46:54.407+0000][gc,marking    ] GC(826) Concurrent Scan Root Regions 6.523ms
[2023-08-12T03:46:54.407+0000][gc,marking    ] GC(826) Concurrent Mark (61505.708s)
[2023-08-12T03:46:54.407+0000][gc,marking    ] GC(826) Concurrent Mark From Roots
[2023-08-12T03:46:54.407+0000][gc,task       ] GC(826) Using 2 workers of 2 for marking
[2023-08-12T03:46:54.473+0000][gc,marking    ] GC(826) Concurrent Mark From Roots 66.202ms
[2023-08-12T03:46:54.473+0000][gc,marking    ] GC(826) Concurrent Preclean
[2023-08-12T03:46:54.474+0000][gc,marking    ] GC(826) Concurrent Preclean 0.542ms
[2023-08-12T03:46:54.474+0000][gc,marking    ] GC(826) Concurrent Mark (61505.708s, 61505.775s) 66.862ms
[2023-08-12T03:46:54.474+0000][gc,start      ] GC(826) Pause Remark
[2023-08-12T03:46:54.488+0000][gc,stringtable] GC(826) Cleaned string and symbol table, strings: 45190 processed, 0 removed, symbols: 280319 processed, 0 removed
[2023-08-12T03:46:54.488+0000][gc            ] GC(826) Pause Remark 341M->339M(1024M) 13.740ms
[2023-08-12T03:46:54.488+0000][gc,cpu        ] GC(826) User=0.09s Sys=0.00s Real=0.01s
[2023-08-12T03:46:54.488+0000][gc,marking    ] GC(826) Concurrent Rebuild Remembered Sets
[2023-08-12T03:46:54.535+0000][gc,marking    ] GC(826) Concurrent Rebuild Remembered Sets 46.685ms
[2023-08-12T03:46:54.535+0000][gc,start      ] GC(826) Pause Cleanup
[2023-08-12T03:46:54.535+0000][gc            ] GC(826) Pause Cleanup 342M->342M(1024M) 0.258ms
[2023-08-12T03:46:54.535+0000][gc,cpu        ] GC(826) User=0.00s Sys=0.00s Real=0.00s
[2023-08-12T03:46:54.535+0000][gc,marking    ] GC(826) Concurrent Cleanup for Next Mark
[2023-08-12T03:46:54.538+0000][gc,marking    ] GC(826) Concurrent Cleanup for Next Mark 2.377ms
[2023-08-12T03:46:54.538+0000][gc            ] GC(826) Concurrent Cycle 137.624ms
[2023-08-12T03:47:52.813+0000][gc,start      ] GC(827) Pause Young (Prepare Mixed) (G1 Evacuation Pause)
[2023-08-12T03:47:52.813+0000][gc,task       ] GC(827) Using 8 workers of 8 for evacuation
[2023-08-12T03:47:52.824+0000][gc,phases     ] GC(827)   Pre Evacuate Collection Set: 0.0ms
[2023-08-12T03:47:52.824+0000][gc,phases     ] GC(827)   Evacuate Collection Set: 10.0ms
[2023-08-12T03:47:52.824+0000][gc,phases     ] GC(827)   Post Evacuate Collection Set: 0.6ms
[2023-08-12T03:47:52.824+0000][gc,phases     ] GC(827)   Other: 0.4ms
[2023-08-12T03:47:52.824+0000][gc,heap       ] GC(827) Eden regions: 199->0(37)
[2023-08-12T03:47:52.824+0000][gc,heap       ] GC(827) Survivor regions: 11->14(27)
[2023-08-12T03:47:52.824+0000][gc,heap       ] GC(827) Old regions: 166->166
[2023-08-12T03:47:52.824+0000][gc,heap       ] GC(827) Humongous regions: 149->149
[2023-08-12T03:47:52.824+0000][gc,metaspace  ] GC(827) Metaspace: 119257K(125028K)->119257K(125028K) NonClass: 105379K(108748K)->105379K(108748K) Class: 13878K(16280K)->13878K(16280K)
[2023-08-12T03:47:52.824+0000][gc            ] GC(827) Pause Young (Prepare Mixed) (G1 Evacuation Pause) 524M->328M(1024M) 11.019ms
[2023-08-12T03:47:52.824+0000][gc,cpu        ] GC(827) User=0.08s Sys=0.00s Real=0.01s
[2023-08-12T03:47:54.473+0000][gc,start      ] GC(828) Pause Young (Mixed) (G1 Evacuation Pause)
[2023-08-12T03:47:54.473+0000][gc,task       ] GC(828) Using 8 workers of 8 for evacuation
[2023-08-12T03:47:54.485+0000][gc,phases     ] GC(828)   Pre Evacuate Collection Set: 0.1ms
[2023-08-12T03:47:54.485+0000][gc,phases     ] GC(828)   Evacuate Collection Set: 10.9ms
[2023-08-12T03:47:54.485+0000][gc,phases     ] GC(828)   Post Evacuate Collection Set: 0.5ms
[2023-08-12T03:47:54.485+0000][gc,phases     ] GC(828)   Other: 0.5ms
[2023-08-12T03:47:54.485+0000][gc,heap       ] GC(828) Eden regions: 37->0(284)
[2023-08-12T03:47:54.485+0000][gc,heap       ] GC(828) Survivor regions: 14->3(7)
[2023-08-12T03:47:54.485+0000][gc,heap       ] GC(828) Old regions: 166->156
[2023-08-12T03:47:54.485+0000][gc,heap       ] GC(828) Humongous regions: 149->149
[2023-08-12T03:47:54.485+0000][gc,metaspace  ] GC(828) Metaspace: 119257K(125028K)->119257K(125028K) NonClass: 105379K(108748K)->105379K(108748K) Class: 13878K(16280K)->13878K(16280K)
[2023-08-12T03:47:54.485+0000][gc            ] GC(828) Pause Young (Mixed) (G1 Evacuation Pause) 365M->306M(1024M) 12.034ms
[2023-08-12T03:47:54.485+0000][gc,cpu        ] GC(828) User=0.07s Sys=0.00s Real=0.01s
[2023-08-12T03:48:55.202+0000][gc,start      ] GC(829) Pause Young (Normal) (G1 Evacuation Pause)
[2023-08-12T03:48:55.202+0000][gc,task       ] GC(829) Using 8 workers of 8 for evacuation
[2023-08-12T03:48:55.208+0000][gc,phases     ] GC(829)   Pre Evacuate Collection Set: 0.0ms
[2023-08-12T03:48:55.208+0000][gc,phases     ] GC(829)   Evacuate Collection Set: 5.5ms
[2023-08-12T03:48:55.208+0000][gc,phases     ] GC(829)   Post Evacuate Collection Set: 0.6ms
[2023-08-12T03:48:55.208+0000][gc,phases     ] GC(829)   Other: 0.3ms
[2023-08-12T03:48:55.208+0000][gc,heap       ] GC(829) Eden regions: 284->0(318)
[2023-08-12T03:48:55.208+0000][gc,heap       ] GC(829) Survivor regions: 3->6(36)
[2023-08-12T03:48:55.208+0000][gc,heap       ] GC(829) Old regions: 156->156
[2023-08-12T03:48:55.208+0000][gc,heap       ] GC(829) Humongous regions: 149->149
[2023-08-12T03:48:55.208+0000][gc,metaspace  ] GC(829) Metaspace: 119257K(125028K)->119257K(125028K) NonClass: 105379K(108748K)->105379K(108748K) Class: 13878K(16280K)->13878K(16280K)
[2023-08-12T03:48:55.208+0000][gc            ] GC(829) Pause Young (Normal) (G1 Evacuation Pause) 590M->309M(1024M) 6.521ms
[2023-08-12T03:48:55.208+0000][gc,cpu        ] GC(829) User=0.05s Sys=0.00s Real=0.00s
[2023-08-12T03:50:24.388+0000][gc,start      ] GC(830) Pause Young (Normal) (G1 Evacuation Pause)
[2023-08-12T03:50:24.389+0000][gc,task       ] GC(830) Using 8 workers of 8 for evacuation
[2023-08-12T03:50:24.397+0000][gc,phases     ] GC(830)   Pre Evacuate Collection Set: 0.0ms
[2023-08-12T03:50:24.397+0000][gc,phases     ] GC(830)   Evacuate Collection Set: 7.2ms
[2023-08-12T03:50:24.397+0000][gc,phases     ] GC(830)   Post Evacuate Collection Set: 0.6ms
[2023-08-12T03:50:24.397+0000][gc,phases     ] GC(830)   Other: 0.4ms
[2023-08-12T03:50:24.397+0000][gc,heap       ] GC(830) Eden regions: 318->0(358)
[2023-08-12T03:50:24.397+0000][gc,heap       ] GC(830) Survivor regions: 6->9(41)
[2023-08-12T03:50:24.397+0000][gc,heap       ] GC(830) Old regions: 156->156
[2023-08-12T03:50:24.397+0000][gc,heap       ] GC(830) Humongous regions: 149->149
[2023-08-12T03:50:24.397+0000][gc,metaspace  ] GC(830) Metaspace: 119258K(125028K)->119258K(125028K) NonClass: 105380K(108748K)->105380K(108748K) Class: 13878K(16280K)->13878K(16280K)
[2023-08-12T03:50:24.397+0000][gc            ] GC(830) Pause Young (Normal) (G1 Evacuation Pause) 627M->312M(1024M) 8.171ms
[2023-08-12T03:50:24.397+0000][gc,cpu        ] GC(830) User=0.06s Sys=0.00s Real=0.01s
[2023-08-12T03:51:50.508+0000][gc,start      ] GC(831) Pause Young (Concurrent Start) (G1 Evacuation Pause)
[2023-08-12T03:51:50.508+0000][gc,task       ] GC(831) Using 8 workers of 8 for evacuation
[2023-08-12T03:51:50.520+0000][gc,phases     ] GC(831)   Pre Evacuate Collection Set: 0.5ms
[2023-08-12T03:51:50.520+0000][gc,phases     ] GC(831)   Evacuate Collection Set: 9.8ms
[2023-08-12T03:51:50.520+0000][gc,phases     ] GC(831)   Post Evacuate Collection Set: 0.7ms
[2023-08-12T03:51:50.520+0000][gc,phases     ] GC(831)   Other: 0.4ms
[2023-08-12T03:51:50.520+0000][gc,heap       ] GC(831) Eden regions: 358->0(358)
[2023-08-12T03:51:50.520+0000][gc,heap       ] GC(831) Survivor regions: 9->14(46)
[2023-08-12T03:51:50.520+0000][gc,heap       ] GC(831) Old regions: 156->156
[2023-08-12T03:51:50.520+0000][gc,heap       ] GC(831) Humongous regions: 149->149
[2023-08-12T03:51:50.520+0000][gc,metaspace  ] GC(831) Metaspace: 119258K(125028K)->119258K(125028K) NonClass: 105380K(108748K)->105380K(108748K) Class: 13878K(16280K)->13878K(16280K)
[2023-08-12T03:51:50.520+0000][gc            ] GC(831) Pause Young (Concurrent Start) (G1 Evacuation Pause) 670M->317M(1024M) 11.464ms
[2023-08-12T03:51:50.520+0000][gc,cpu        ] GC(831) User=0.07s Sys=0.00s Real=0.02s
[2023-08-12T03:51:50.520+0000][gc            ] GC(832) Concurrent Cycle
[2023-08-12T03:51:50.520+0000][gc,marking    ] GC(832) Concurrent Clear Claimed Marks
[2023-08-12T03:51:50.520+0000][gc,marking    ] GC(832) Concurrent Clear Claimed Marks 0.333ms
[2023-08-12T03:51:50.520+0000][gc,marking    ] GC(832) Concurrent Scan Root Regions
[2023-08-12T03:51:50.528+0000][gc,marking    ] GC(832) Concurrent Scan Root Regions 7.135ms
[2023-08-12T03:51:50.528+0000][gc,marking    ] GC(832) Concurrent Mark (61801.829s)
[2023-08-12T03:51:50.528+0000][gc,marking    ] GC(832) Concurrent Mark From Roots
[2023-08-12T03:51:50.528+0000][gc,task       ] GC(832) Using 2 workers of 2 for marking
[2023-08-12T03:51:50.595+0000][gc,marking    ] GC(832) Concurrent Mark From Roots 67.057ms
[2023-08-12T03:51:50.595+0000][gc,marking    ] GC(832) Concurrent Preclean
[2023-08-12T03:51:50.595+0000][gc,marking    ] GC(832) Concurrent Preclean 0.399ms
[2023-08-12T03:51:50.595+0000][gc,marking    ] GC(832) Concurrent Mark (61801.829s, 61801.896s) 67.539ms
[2023-08-12T03:51:50.595+0000][gc,start      ] GC(832) Pause Remark
[2023-08-12T03:51:50.611+0000][gc,stringtable] GC(832) Cleaned string and symbol table, strings: 45190 processed, 0 removed, symbols: 280319 processed, 0 removed
[2023-08-12T03:51:50.612+0000][gc            ] GC(832) Pause Remark 320M->320M(1024M) 16.244ms
[2023-08-12T03:51:50.612+0000][gc,cpu        ] GC(832) User=0.11s Sys=0.00s Real=0.02s
[2023-08-12T03:51:50.612+0000][gc,marking    ] GC(832) Concurrent Rebuild Remembered Sets
[2023-08-12T03:51:50.661+0000][gc,marking    ] GC(832) Concurrent Rebuild Remembered Sets 49.203ms
[2023-08-12T03:51:50.661+0000][gc,start      ] GC(832) Pause Cleanup
[2023-08-12T03:51:50.661+0000][gc            ] GC(832) Pause Cleanup 320M->320M(1024M) 0.240ms
[2023-08-12T03:51:50.661+0000][gc,cpu        ] GC(832) User=0.00s Sys=0.00s Real=0.00s
[2023-08-12T03:51:50.661+0000][gc,marking    ] GC(832) Concurrent Cleanup for Next Mark
[2023-08-12T03:51:50.663+0000][gc,marking    ] GC(832) Concurrent Cleanup for Next Mark 1.366ms
[2023-08-12T03:51:50.663+0000][gc            ] GC(832) Concurrent Cycle 142.912ms
[2023-08-12T03:53:09.974+0000][gc,start      ] GC(833) Pause Young (Prepare Mixed) (G1 Evacuation Pause)
[2023-08-12T03:53:09.974+0000][gc,task       ] GC(833) Using 8 workers of 8 for evacuation
[2023-08-12T03:53:09.987+0000][gc,phases     ] GC(833)   Pre Evacuate Collection Set: 0.1ms
[2023-08-12T03:53:09.987+0000][gc,phases     ] GC(833)   Evacuate Collection Set: 12.0ms
[2023-08-12T03:53:09.987+0000][gc,phases     ] GC(833)   Post Evacuate Collection Set: 0.6ms
[2023-08-12T03:53:09.987+0000][gc,phases     ] GC(833)   Other: 0.4ms
[2023-08-12T03:53:09.987+0000][gc,heap       ] GC(833) Eden regions: 314->0(34)
[2023-08-12T03:53:09.987+0000][gc,heap       ] GC(833) Survivor regions: 14->17(41)
[2023-08-12T03:53:09.987+0000][gc,heap       ] GC(833) Old regions: 156->156
[2023-08-12T03:53:09.987+0000][gc,heap       ] GC(833) Humongous regions: 149->149
[2023-08-12T03:53:09.987+0000][gc,metaspace  ] GC(833) Metaspace: 119274K(125028K)->119274K(125028K) NonClass: 105396K(108748K)->105396K(108748K) Class: 13878K(16280K)->13878K(16280K)
[2023-08-12T03:53:09.987+0000][gc            ] GC(833) Pause Young (Prepare Mixed) (G1 Evacuation Pause) 631M->320M(1024M) 13.266ms
[2023-08-12T03:53:09.987+0000][gc,cpu        ] GC(833) User=0.09s Sys=0.00s Real=0.01s
[2023-08-12T03:53:24.352+0000][gc,start      ] GC(834) Pause Young (Mixed) (G1 Evacuation Pause)
[2023-08-12T03:53:24.352+0000][gc,task       ] GC(834) Using 8 workers of 8 for evacuation
[2023-08-12T03:53:24.364+0000][gc,phases     ] GC(834)   Pre Evacuate Collection Set: 0.0ms
[2023-08-12T03:53:24.364+0000][gc,phases     ] GC(834)   Evacuate Collection Set: 10.8ms
[2023-08-12T03:53:24.364+0000][gc,phases     ] GC(834)   Post Evacuate Collection Set: 0.5ms
[2023-08-12T03:53:24.364+0000][gc,phases     ] GC(834)   Other: 0.4ms
[2023-08-12T03:53:24.364+0000][gc,heap       ] GC(834) Eden regions: 34->0(467)
[2023-08-12T03:53:24.364+0000][gc,heap       ] GC(834) Survivor regions: 17->3(7)
[2023-08-12T03:53:24.364+0000][gc,heap       ] GC(834) Old regions: 156->158
[2023-08-12T03:53:24.364+0000][gc,heap       ] GC(834) Humongous regions: 149->149
[2023-08-12T03:53:24.364+0000][gc,metaspace  ] GC(834) Metaspace: 119274K(125028K)->119274K(125028K) NonClass: 105396K(108748K)->105396K(108748K) Class: 13878K(16280K)->13878K(16280K)
[2023-08-12T03:53:24.364+0000][gc            ] GC(834) Pause Young (Mixed) (G1 Evacuation Pause) 354M->309M(1024M) 11.841ms
[2023-08-12T03:53:24.364+0000][gc,cpu        ] GC(834) User=0.08s Sys=0.00s Real=0.01s
[2023-08-12T03:55:09.475+0000][gc,start      ] GC(835) Pause Young (Normal) (G1 Evacuation Pause)
[2023-08-12T03:55:09.475+0000][gc,task       ] GC(835) Using 8 workers of 8 for evacuation
[2023-08-12T03:55:09.485+0000][gc,phases     ] GC(835)   Pre Evacuate Collection Set: 0.1ms
[2023-08-12T03:55:09.485+0000][gc,phases     ] GC(835)   Evacuate Collection Set: 8.7ms
[2023-08-12T03:55:09.485+0000][gc,phases     ] GC(835)   Post Evacuate Collection Set: 0.7ms
[2023-08-12T03:55:09.485+0000][gc,phases     ] GC(835)   Other: 0.4ms
[2023-08-12T03:55:09.485+0000][gc,heap       ] GC(835) Eden regions: 467->0(474)
[2023-08-12T03:55:09.485+0000][gc,heap       ] GC(835) Survivor regions: 3->9(59)
[2023-08-12T03:55:09.485+0000][gc,heap       ] GC(835) Old regions: 158->158
[2023-08-12T03:55:09.485+0000][gc,heap       ] GC(835) Humongous regions: 149->149
[2023-08-12T03:55:09.485+0000][gc,metaspace  ] GC(835) Metaspace: 119274K(125028K)->119274K(125028K) NonClass: 105396K(108748K)->105396K(108748K) Class: 13878K(16280K)->13878K(16280K)
[2023-08-12T03:55:09.485+0000][gc            ] GC(835) Pause Young (Normal) (G1 Evacuation Pause) 776M->315M(1024M) 9.939ms
[2023-08-12T03:55:09.485+0000][gc,cpu        ] GC(835) User=0.06s Sys=0.00s Real=0.01s
[2023-08-12T03:57:19.757+0000][gc,start      ] GC(836) Pause Young (Normal) (G1 Evacuation Pause)
[2023-08-12T03:57:19.757+0000][gc,task       ] GC(836) Using 8 workers of 8 for evacuation
[2023-08-12T03:57:19.772+0000][gc,phases     ] GC(836)   Pre Evacuate Collection Set: 0.0ms
[2023-08-12T03:57:19.772+0000][gc,phases     ] GC(836)   Evacuate Collection Set: 13.7ms
[2023-08-12T03:57:19.772+0000][gc,phases     ] GC(836)   Post Evacuate Collection Set: 0.7ms
[2023-08-12T03:57:19.772+0000][gc,phases     ] GC(836)   Other: 0.4ms
[2023-08-12T03:57:19.772+0000][gc,heap       ] GC(836) Eden regions: 474->0(492)
[2023-08-12T03:57:19.772+0000][gc,heap       ] GC(836) Survivor regions: 9->13(61)
[2023-08-12T03:57:19.772+0000][gc,heap       ] GC(836) Old regions: 158->158
[2023-08-12T03:57:19.772+0000][gc,heap       ] GC(836) Humongous regions: 149->149
[2023-08-12T03:57:19.772+0000][gc,metaspace  ] GC(836) Metaspace: 119276K(125028K)->119276K(125028K) NonClass: 105398K(108748K)->105398K(108748K) Class: 13878K(16280K)->13878K(16280K)
[2023-08-12T03:57:19.772+0000][gc            ] GC(836) Pause Young (Normal) (G1 Evacuation Pause) 789M->319M(1024M) 14.809ms
[2023-08-12T03:57:19.772+0000][gc,cpu        ] GC(836) User=0.08s Sys=0.00s Real=0.02s
[2023-08-12T03:59:18.095+0000][gc,start      ] GC(837) Pause Young (Concurrent Start) (G1 Evacuation Pause)
[2023-08-12T03:59:18.095+0000][gc,task       ] GC(837) Using 8 workers of 8 for evacuation
[2023-08-12T03:59:18.109+0000][gc,phases     ] GC(837)   Pre Evacuate Collection Set: 0.5ms
[2023-08-12T03:59:18.109+0000][gc,phases     ] GC(837)   Evacuate Collection Set: 12.2ms
[2023-08-12T03:59:18.109+0000][gc,phases     ] GC(837)   Post Evacuate Collection Set: 0.7ms
[2023-08-12T03:59:18.109+0000][gc,phases     ] GC(837)   Other: 0.4ms
[2023-08-12T03:59:18.109+0000][gc,heap       ] GC(837) Eden regions: 492->0(484)
[2023-08-12T03:59:18.109+0000][gc,heap       ] GC(837) Survivor regions: 13->19(64)
[2023-08-12T03:59:18.109+0000][gc,heap       ] GC(837) Old regions: 158->158
[2023-08-12T03:59:18.109+0000][gc,heap       ] GC(837) Humongous regions: 149->149
[2023-08-12T03:59:18.109+0000][gc,metaspace  ] GC(837) Metaspace: 119276K(125028K)->119276K(125028K) NonClass: 105398K(108748K)->105398K(108748K) Class: 13878K(16280K)->13878K(16280K)
[2023-08-12T03:59:18.109+0000][gc            ] GC(837) Pause Young (Concurrent Start) (G1 Evacuation Pause) 811M->324M(1024M) 13.876ms
[2023-08-12T03:59:18.109+0000][gc,cpu        ] GC(837) User=0.10s Sys=0.00s Real=0.01s
[2023-08-12T03:59:18.109+0000][gc            ] GC(838) Concurrent Cycle
[2023-08-12T03:59:18.109+0000][gc,marking    ] GC(838) Concurrent Clear Claimed Marks
[2023-08-12T03:59:18.109+0000][gc,marking    ] GC(838) Concurrent Clear Claimed Marks 0.248ms
[2023-08-12T03:59:18.109+0000][gc,marking    ] GC(838) Concurrent Scan Root Regions
[2023-08-12T03:59:18.117+0000][gc,marking    ] GC(838) Concurrent Scan Root Regions 7.484ms
[2023-08-12T03:59:18.117+0000][gc,marking    ] GC(838) Concurrent Mark (62249.418s)
[2023-08-12T03:59:18.117+0000][gc,marking    ] GC(838) Concurrent Mark From Roots
[2023-08-12T03:59:18.117+0000][gc,task       ] GC(838) Using 2 workers of 2 for marking
[2023-08-12T03:59:18.182+0000][gc,marking    ] GC(838) Concurrent Mark From Roots 64.660ms
[2023-08-12T03:59:18.182+0000][gc,marking    ] GC(838) Concurrent Preclean
[2023-08-12T03:59:18.182+0000][gc,marking    ] GC(838) Concurrent Preclean 0.405ms
[2023-08-12T03:59:18.182+0000][gc,marking    ] GC(838) Concurrent Mark (62249.418s, 62249.483s) 65.151ms
[2023-08-12T03:59:18.182+0000][gc,start      ] GC(838) Pause Remark
[2023-08-12T03:59:18.192+0000][gc,stringtable] GC(838) Cleaned string and symbol table, strings: 45190 processed, 1 removed, symbols: 280319 processed, 0 removed
[2023-08-12T03:59:18.192+0000][gc            ] GC(838) Pause Remark 326M->326M(1024M) 10.175ms
[2023-08-12T03:59:18.192+0000][gc,cpu        ] GC(838) User=0.07s Sys=0.00s Real=0.01s
[2023-08-12T03:59:18.193+0000][gc,marking    ] GC(838) Concurrent Rebuild Remembered Sets
[2023-08-12T03:59:18.234+0000][gc,marking    ] GC(838) Concurrent Rebuild Remembered Sets 41.692ms
[2023-08-12T03:59:18.235+0000][gc,start      ] GC(838) Pause Cleanup
[2023-08-12T03:59:18.235+0000][gc            ] GC(838) Pause Cleanup 327M->327M(1024M) 0.254ms
[2023-08-12T03:59:18.235+0000][gc,cpu        ] GC(838) User=0.00s Sys=0.00s Real=0.00s
[2023-08-12T03:59:18.235+0000][gc,marking    ] GC(838) Concurrent Cleanup for Next Mark
[2023-08-12T03:59:18.236+0000][gc,marking    ] GC(838) Concurrent Cleanup for Next Mark 1.363ms
[2023-08-12T03:59:18.236+0000][gc            ] GC(838) Concurrent Cycle 127.206ms
[2023-08-12T04:00:54.477+0000][gc,start      ] GC(839) Pause Young (Prepare Mixed) (G1 Evacuation Pause)
[2023-08-12T04:00:54.477+0000][gc,task       ] GC(839) Using 8 workers of 8 for evacuation
[2023-08-12T04:00:54.494+0000][gc,phases     ] GC(839)   Pre Evacuate Collection Set: 0.1ms
[2023-08-12T04:00:54.495+0000][gc,phases     ] GC(839)   Evacuate Collection Set: 15.9ms
[2023-08-12T04:00:54.495+0000][gc,phases     ] GC(839)   Post Evacuate Collection Set: 0.7ms
[2023-08-12T04:00:54.495+0000][gc,phases     ] GC(839)   Other: 0.5ms
[2023-08-12T04:00:54.495+0000][gc,heap       ] GC(839) Eden regions: 418->0(27)
[2023-08-12T04:00:54.495+0000][gc,heap       ] GC(839) Survivor regions: 19->24(55)
[2023-08-12T04:00:54.495+0000][gc,heap       ] GC(839) Old regions: 158->158
[2023-08-12T04:00:54.495+0000][gc,heap       ] GC(839) Humongous regions: 149->149
[2023-08-12T04:00:54.495+0000][gc,metaspace  ] GC(839) Metaspace: 119277K(125028K)->119277K(125028K) NonClass: 105399K(108748K)->105399K(108748K) Class: 13878K(16280K)->13878K(16280K)
[2023-08-12T04:00:54.495+0000][gc            ] GC(839) Pause Young (Prepare Mixed) (G1 Evacuation Pause) 742M->330M(1024M) 17.191ms
[2023-08-12T04:00:54.495+0000][gc,cpu        ] GC(839) User=0.11s Sys=0.00s Real=0.02s
[2023-08-12T04:01:02.744+0000][gc,start      ] GC(840) Pause Young (Mixed) (G1 Evacuation Pause)
[2023-08-12T04:01:02.744+0000][gc,task       ] GC(840) Using 8 workers of 8 for evacuation
[2023-08-12T04:01:02.759+0000][gc,phases     ] GC(840)   Pre Evacuate Collection Set: 0.1ms
[2023-08-12T04:01:02.759+0000][gc,phases     ] GC(840)   Evacuate Collection Set: 14.4ms
[2023-08-12T04:01:02.759+0000][gc,phases     ] GC(840)   Post Evacuate Collection Set: 0.6ms
[2023-08-12T04:01:02.760+0000][gc,phases     ] GC(840)   Other: 0.4ms
[2023-08-12T04:01:02.760+0000][gc,heap       ] GC(840) Eden regions: 27->0(541)
[2023-08-12T04:01:02.760+0000][gc,heap       ] GC(840) Survivor regions: 24->4(7)
[2023-08-12T04:01:02.760+0000][gc,heap       ] GC(840) Old regions: 158->165
[2023-08-12T04:01:02.760+0000][gc,heap       ] GC(840) Humongous regions: 149->149
[2023-08-12T04:01:02.760+0000][gc,metaspace  ] GC(840) Metaspace: 119277K(125028K)->119277K(125028K) NonClass: 105399K(108748K)->105399K(108748K) Class: 13878K(16280K)->13878K(16280K)
[2023-08-12T04:01:02.760+0000][gc            ] GC(840) Pause Young (Mixed) (G1 Evacuation Pause) 357M->317M(1024M) 15.491ms
[2023-08-12T04:01:02.760+0000][gc,cpu        ] GC(840) User=0.12s Sys=0.00s Real=0.02s
[2023-08-12T04:03:24.472+0000][gc,start      ] GC(841) Pause Young (Normal) (G1 Evacuation Pause)
[2023-08-12T04:03:24.472+0000][gc,task       ] GC(841) Using 8 workers of 8 for evacuation
[2023-08-12T04:03:24.481+0000][gc,phases     ] GC(841)   Pre Evacuate Collection Set: 0.0ms
[2023-08-12T04:03:24.481+0000][gc,phases     ] GC(841)   Evacuate Collection Set: 8.2ms
[2023-08-12T04:03:24.481+0000][gc,phases     ] GC(841)   Post Evacuate Collection Set: 0.7ms
[2023-08-12T04:03:24.481+0000][gc,phases     ] GC(841)   Other: 0.3ms
[2023-08-12T04:03:24.481+0000][gc,heap       ] GC(841) Eden regions: 541->0(542)
[2023-08-12T04:03:24.481+0000][gc,heap       ] GC(841) Survivor regions: 4->10(69)
[2023-08-12T04:03:24.481+0000][gc,heap       ] GC(841) Old regions: 165->165
[2023-08-12T04:03:24.481+0000][gc,heap       ] GC(841) Humongous regions: 149->149
[2023-08-12T04:03:24.481+0000][gc,metaspace  ] GC(841) Metaspace: 119277K(125028K)->119277K(125028K) NonClass: 105399K(108748K)->105399K(108748K) Class: 13878K(16280K)->13878K(16280K)
[2023-08-12T04:03:24.481+0000][gc            ] GC(841) Pause Young (Normal) (G1 Evacuation Pause) 858M->323M(1024M) 9.373ms
[2023-08-12T04:03:24.481+0000][gc,cpu        ] GC(841) User=0.06s Sys=0.00s Real=0.01s
[2023-08-12T04:05:39.472+0000][gc,start      ] GC(842) Pause Young (Normal) (G1 Evacuation Pause)
[2023-08-12T04:05:39.472+0000][gc,task       ] GC(842) Using 8 workers of 8 for evacuation
[2023-08-12T04:05:39.488+0000][gc,phases     ] GC(842)   Pre Evacuate Collection Set: 0.0ms
[2023-08-12T04:05:39.488+0000][gc,phases     ] GC(842)   Evacuate Collection Set: 14.3ms
[2023-08-12T04:05:39.488+0000][gc,phases     ] GC(842)   Post Evacuate Collection Set: 0.7ms
[2023-08-12T04:05:39.488+0000][gc,phases     ] GC(842)   Other: 0.4ms
[2023-08-12T04:05:39.488+0000][gc,heap       ] GC(842) Eden regions: 542->0(543)
[2023-08-12T04:05:39.488+0000][gc,heap       ] GC(842) Survivor regions: 10->16(69)
[2023-08-12T04:05:39.488+0000][gc,heap       ] GC(842) Old regions: 165->165
[2023-08-12T04:05:39.488+0000][gc,heap       ] GC(842) Humongous regions: 149->149
[2023-08-12T04:05:39.488+0000][gc,metaspace  ] GC(842) Metaspace: 119278K(125028K)->119278K(125028K) NonClass: 105400K(108748K)->105400K(108748K) Class: 13878K(16280K)->13878K(16280K)
[2023-08-12T04:05:39.488+0000][gc            ] GC(842) Pause Young (Normal) (G1 Evacuation Pause) 865M->329M(1024M) 15.491ms
[2023-08-12T04:05:39.488+0000][gc,cpu        ] GC(842) User=0.10s Sys=0.00s Real=0.01s
[2023-08-12T04:07:54.369+0000][gc,start      ] GC(843) Pause Young (Concurrent Start) (G1 Evacuation Pause)
[2023-08-12T04:07:54.370+0000][gc,task       ] GC(843) Using 8 workers of 8 for evacuation
[2023-08-12T04:07:54.385+0000][gc,phases     ] GC(843)   Pre Evacuate Collection Set: 0.5ms
[2023-08-12T04:07:54.385+0000][gc,phases     ] GC(843)   Evacuate Collection Set: 13.5ms
[2023-08-12T04:07:54.385+0000][gc,phases     ] GC(843)   Post Evacuate Collection Set: 0.8ms
[2023-08-12T04:07:54.385+0000][gc,phases     ] GC(843)   Other: 0.4ms
[2023-08-12T04:07:54.385+0000][gc,heap       ] GC(843) Eden regions: 543->0(519)
[2023-08-12T04:07:54.385+0000][gc,heap       ] GC(843) Survivor regions: 16->22(70)
[2023-08-12T04:07:54.385+0000][gc,heap       ] GC(843) Old regions: 165->165
[2023-08-12T04:07:54.385+0000][gc,heap       ] GC(843) Humongous regions: 149->149
[2023-08-12T04:07:54.385+0000][gc,metaspace  ] GC(843) Metaspace: 119278K(125028K)->119278K(125028K) NonClass: 105400K(108748K)->105400K(108748K) Class: 13878K(16280K)->13878K(16280K)
[2023-08-12T04:07:54.385+0000][gc            ] GC(843) Pause Young (Concurrent Start) (G1 Evacuation Pause) 872M->335M(1024M) 15.249ms
[2023-08-12T04:07:54.385+0000][gc,cpu        ] GC(843) User=0.11s Sys=0.00s Real=0.02s
[2023-08-12T04:07:54.385+0000][gc            ] GC(844) Concurrent Cycle
[2023-08-12T04:07:54.385+0000][gc,marking    ] GC(844) Concurrent Clear Claimed Marks
[2023-08-12T04:07:54.385+0000][gc,marking    ] GC(844) Concurrent Clear Claimed Marks 0.454ms
[2023-08-12T04:07:54.385+0000][gc,marking    ] GC(844) Concurrent Scan Root Regions
[2023-08-12T04:07:54.394+0000][gc,marking    ] GC(844) Concurrent Scan Root Regions 9.150ms
[2023-08-12T04:07:54.394+0000][gc,marking    ] GC(844) Concurrent Mark (62765.696s)
[2023-08-12T04:07:54.394+0000][gc,marking    ] GC(844) Concurrent Mark From Roots
[2023-08-12T04:07:54.394+0000][gc,task       ] GC(844) Using 2 workers of 2 for marking
[2023-08-12T04:07:54.478+0000][gc,marking    ] GC(844) Concurrent Mark From Roots 83.238ms
[2023-08-12T04:07:54.478+0000][gc,marking    ] GC(844) Concurrent Preclean
[2023-08-12T04:07:54.478+0000][gc,marking    ] GC(844) Concurrent Preclean 0.519ms
[2023-08-12T04:07:54.478+0000][gc,marking    ] GC(844) Concurrent Mark (62765.696s, 62765.780s) 83.859ms
[2023-08-12T04:07:54.479+0000][gc,start      ] GC(844) Pause Remark
[2023-08-12T04:07:54.496+0000][gc,stringtable] GC(844) Cleaned string and symbol table, strings: 45189 processed, 0 removed, symbols: 280319 processed, 0 removed
[2023-08-12T04:07:54.496+0000][gc            ] GC(844) Pause Remark 360M->360M(1024M) 17.690ms
[2023-08-12T04:07:54.496+0000][gc,cpu        ] GC(844) User=0.12s Sys=0.00s Real=0.02s
[2023-08-12T04:07:54.496+0000][gc,marking    ] GC(844) Concurrent Rebuild Remembered Sets
[2023-08-12T04:07:54.543+0000][gc,marking    ] GC(844) Concurrent Rebuild Remembered Sets 46.488ms
[2023-08-12T04:07:54.543+0000][gc,start      ] GC(844) Pause Cleanup
[2023-08-12T04:07:54.543+0000][gc            ] GC(844) Pause Cleanup 363M->363M(1024M) 0.255ms
[2023-08-12T04:07:54.544+0000][gc,cpu        ] GC(844) User=0.00s Sys=0.00s Real=0.00s
[2023-08-12T04:07:54.544+0000][gc,marking    ] GC(844) Concurrent Cleanup for Next Mark
[2023-08-12T04:07:54.545+0000][gc,marking    ] GC(844) Concurrent Cleanup for Next Mark 1.369ms
[2023-08-12T04:07:54.545+0000][gc            ] GC(844) Concurrent Cycle 160.203ms
[2023-08-12T04:09:25.208+0000][gc,start      ] GC(845) Pause Young (Prepare Mixed) (G1 Evacuation Pause)
[2023-08-12T04:09:25.208+0000][gc,task       ] GC(845) Using 8 workers of 8 for evacuation
[2023-08-12T04:09:25.229+0000][gc,mmu        ] GC(845) MMU target violated: 21.0ms (20.0ms/21.0ms)
[2023-08-12T04:09:25.229+0000][gc,phases     ] GC(845)   Pre Evacuate Collection Set: 0.0ms
[2023-08-12T04:09:25.229+0000][gc,phases     ] GC(845)   Evacuate Collection Set: 20.0ms
[2023-08-12T04:09:25.229+0000][gc,phases     ] GC(845)   Post Evacuate Collection Set: 0.8ms
[2023-08-12T04:09:25.229+0000][gc,phases     ] GC(845)   Other: 0.5ms
[2023-08-12T04:09:25.229+0000][gc,heap       ] GC(845) Eden regions: 376->0(25)
[2023-08-12T04:09:25.229+0000][gc,heap       ] GC(845) Survivor regions: 22->26(50)
[2023-08-12T04:09:25.230+0000][gc,heap       ] GC(845) Old regions: 165->165
[2023-08-12T04:09:25.230+0000][gc,heap       ] GC(845) Humongous regions: 149->149
[2023-08-12T04:09:25.230+0000][gc,metaspace  ] GC(845) Metaspace: 119278K(125028K)->119278K(125028K) NonClass: 105400K(108748K)->105400K(108748K) Class: 13878K(16280K)->13878K(16280K)
[2023-08-12T04:09:25.230+0000][gc            ] GC(845) Pause Young (Prepare Mixed) (G1 Evacuation Pause) 711M->339M(1024M) 21.411ms
[2023-08-12T04:09:25.230+0000][gc,cpu        ] GC(845) User=0.12s Sys=0.00s Real=0.02s
[2023-08-12T04:09:32.899+0000][gc,start      ] GC(846) Pause Young (Mixed) (G1 Evacuation Pause)
[2023-08-12T04:09:32.899+0000][gc,task       ] GC(846) Using 8 workers of 8 for evacuation
[2023-08-12T04:09:32.915+0000][gc,phases     ] GC(846)   Pre Evacuate Collection Set: 0.1ms
[2023-08-12T04:09:32.915+0000][gc,phases     ] GC(846)   Evacuate Collection Set: 15.3ms
[2023-08-12T04:09:32.915+0000][gc,phases     ] GC(846)   Post Evacuate Collection Set: 0.6ms
[2023-08-12T04:09:32.915+0000][gc,phases     ] GC(846)   Other: 0.4ms
[2023-08-12T04:09:32.915+0000][gc,heap       ] GC(846) Eden regions: 25->0(436)
[2023-08-12T04:09:32.915+0000][gc,heap       ] GC(846) Survivor regions: 26->7(7)
[2023-08-12T04:09:32.915+0000][gc,heap       ] GC(846) Old regions: 165->166
[2023-08-12T04:09:32.915+0000][gc,heap       ] GC(846) Humongous regions: 149->149
[2023-08-12T04:09:32.915+0000][gc,metaspace  ] GC(846) Metaspace: 119278K(125028K)->119278K(125028K) NonClass: 105400K(108748K)->105400K(108748K) Class: 13878K(16280K)->13878K(16280K)
[2023-08-12T04:09:32.915+0000][gc            ] GC(846) Pause Young (Mixed) (G1 Evacuation Pause) 364M->321M(1024M) 16.532ms
[2023-08-12T04:09:32.915+0000][gc,cpu        ] GC(846) User=0.12s Sys=0.00s Real=0.02s
[2023-08-12T04:11:24.367+0000][gc,start      ] GC(847) Pause Young (Normal) (G1 Evacuation Pause)
[2023-08-12T04:11:24.367+0000][gc,task       ] GC(847) Using 8 workers of 8 for evacuation
[2023-08-12T04:11:24.375+0000][gc,phases     ] GC(847)   Pre Evacuate Collection Set: 0.0ms
[2023-08-12T04:11:24.376+0000][gc,phases     ] GC(847)   Evacuate Collection Set: 7.4ms
[2023-08-12T04:11:24.376+0000][gc,phases     ] GC(847)   Post Evacuate Collection Set: 0.7ms
[2023-08-12T04:11:24.376+0000][gc,phases     ] GC(847)   Other: 0.3ms
[2023-08-12T04:11:24.376+0000][gc,heap       ] GC(847) Eden regions: 436->0(461)
[2023-08-12T04:11:24.376+0000][gc,heap       ] GC(847) Survivor regions: 7->7(56)
[2023-08-12T04:11:24.376+0000][gc,heap       ] GC(847) Old regions: 166->166
[2023-08-12T04:11:24.376+0000][gc,heap       ] GC(847) Humongous regions: 149->149
[2023-08-12T04:11:24.376+0000][gc,metaspace  ] GC(847) Metaspace: 119278K(125028K)->119278K(125028K) NonClass: 105400K(108748K)->105400K(108748K) Class: 13878K(16280K)->13878K(16280K)
[2023-08-12T04:11:24.376+0000][gc            ] GC(847) Pause Young (Normal) (G1 Evacuation Pause) 757M->321M(1024M) 8.627ms
[2023-08-12T04:11:24.376+0000][gc,cpu        ] GC(847) User=0.05s Sys=0.01s Real=0.01s
[2023-08-12T04:13:14.011+0000][gc,start      ] GC(848) Pause Young (Normal) (G1 Evacuation Pause)
[2023-08-12T04:13:14.011+0000][gc,task       ] GC(848) Using 8 workers of 8 for evacuation
[2023-08-12T04:13:14.021+0000][gc,phases     ] GC(848)   Pre Evacuate Collection Set: 0.0ms
[2023-08-12T04:13:14.021+0000][gc,phases     ] GC(848)   Evacuate Collection Set: 9.0ms
[2023-08-12T04:13:14.021+0000][gc,phases     ] GC(848)   Post Evacuate Collection Set: 0.7ms
[2023-08-12T04:13:14.021+0000][gc,phases     ] GC(848)   Other: 0.4ms
[2023-08-12T04:13:14.021+0000][gc,heap       ] GC(848) Eden regions: 461->0(469)
[2023-08-12T04:13:14.021+0000][gc,heap       ] GC(848) Survivor regions: 7->13(59)
[2023-08-12T04:13:14.021+0000][gc,heap       ] GC(848) Old regions: 166->166
[2023-08-12T04:13:14.021+0000][gc,heap       ] GC(848) Humongous regions: 149->149
[2023-08-12T04:13:14.021+0000][gc,metaspace  ] GC(848) Metaspace: 119278K(125028K)->119278K(125028K) NonClass: 105400K(108748K)->105400K(108748K) Class: 13878K(16280K)->13878K(16280K)
[2023-08-12T04:13:14.022+0000][gc            ] GC(848) Pause Young (Normal) (G1 Evacuation Pause) 782M->327M(1024M) 10.226ms
[2023-08-12T04:13:14.022+0000][gc,cpu        ] GC(848) User=0.07s Sys=0.00s Real=0.01s
[2023-08-12T04:15:24.070+0000][gc,start      ] GC(849) Pause Young (Concurrent Start) (G1 Evacuation Pause)
[2023-08-12T04:15:24.070+0000][gc,task       ] GC(849) Using 8 workers of 8 for evacuation
[2023-08-12T04:15:24.085+0000][gc,phases     ] GC(849)   Pre Evacuate Collection Set: 0.5ms
[2023-08-12T04:15:24.085+0000][gc,phases     ] GC(849)   Evacuate Collection Set: 13.2ms
[2023-08-12T04:15:24.085+0000][gc,phases     ] GC(849)   Post Evacuate Collection Set: 0.7ms
[2023-08-12T04:15:24.085+0000][gc,phases     ] GC(849)   Other: 0.5ms
[2023-08-12T04:15:24.085+0000][gc,heap       ] GC(849) Eden regions: 469->0(451)
[2023-08-12T04:15:24.085+0000][gc,heap       ] GC(849) Survivor regions: 13->19(61)
[2023-08-12T04:15:24.085+0000][gc,heap       ] GC(849) Old regions: 166->166
[2023-08-12T04:15:24.085+0000][gc,heap       ] GC(849) Humongous regions: 149->149
[2023-08-12T04:15:24.085+0000][gc,metaspace  ] GC(849) Metaspace: 119278K(125028K)->119278K(125028K) NonClass: 105400K(108748K)->105400K(108748K) Class: 13878K(16280K)->13878K(16280K)
[2023-08-12T04:15:24.085+0000][gc            ] GC(849) Pause Young (Concurrent Start) (G1 Evacuation Pause) 796M->333M(1024M) 14.961ms
[2023-08-12T04:15:24.085+0000][gc,cpu        ] GC(849) User=0.09s Sys=0.00s Real=0.02s
[2023-08-12T04:15:24.085+0000][gc            ] GC(850) Concurrent Cycle
[2023-08-12T04:15:24.085+0000][gc,marking    ] GC(850) Concurrent Clear Claimed Marks
[2023-08-12T04:15:24.085+0000][gc,marking    ] GC(850) Concurrent Clear Claimed Marks 0.338ms
[2023-08-12T04:15:24.085+0000][gc,marking    ] GC(850) Concurrent Scan Root Regions
[2023-08-12T04:15:24.094+0000][gc,marking    ] GC(850) Concurrent Scan Root Regions 8.756ms
[2023-08-12T04:15:24.094+0000][gc,marking    ] GC(850) Concurrent Mark (63215.396s)
[2023-08-12T04:15:24.094+0000][gc,marking    ] GC(850) Concurrent Mark From Roots
[2023-08-12T04:15:24.094+0000][gc,task       ] GC(850) Using 2 workers of 2 for marking
[2023-08-12T04:15:24.171+0000][gc,marking    ] GC(850) Concurrent Mark From Roots 76.809ms
[2023-08-12T04:15:24.171+0000][gc,marking    ] GC(850) Concurrent Preclean
[2023-08-12T04:15:24.172+0000][gc,marking    ] GC(850) Concurrent Preclean 0.366ms
[2023-08-12T04:15:24.172+0000][gc,marking    ] GC(850) Concurrent Mark (63215.396s, 63215.473s) 77.238ms
[2023-08-12T04:15:24.172+0000][gc,start      ] GC(850) Pause Remark
[2023-08-12T04:15:24.184+0000][gc,stringtable] GC(850) Cleaned string and symbol table, strings: 45189 processed, 0 removed, symbols: 280319 processed, 0 removed
[2023-08-12T04:15:24.184+0000][gc            ] GC(850) Pause Remark 336M->336M(1024M) 12.661ms
[2023-08-12T04:15:24.184+0000][gc,cpu        ] GC(850) User=0.09s Sys=0.00s Real=0.01s
[2023-08-12T04:15:24.185+0000][gc,marking    ] GC(850) Concurrent Rebuild Remembered Sets
[2023-08-12T04:15:24.226+0000][gc,marking    ] GC(850) Concurrent Rebuild Remembered Sets 41.808ms
[2023-08-12T04:15:24.227+0000][gc,start      ] GC(850) Pause Cleanup
[2023-08-12T04:15:24.227+0000][gc            ] GC(850) Pause Cleanup 336M->336M(1024M) 0.260ms
[2023-08-12T04:15:24.227+0000][gc,cpu        ] GC(850) User=0.00s Sys=0.00s Real=0.00s
[2023-08-12T04:15:24.227+0000][gc,marking    ] GC(850) Concurrent Cleanup for Next Mark
[2023-08-12T04:15:24.228+0000][gc,marking    ] GC(850) Concurrent Cleanup for Next Mark 1.357ms
[2023-08-12T04:15:24.228+0000][gc            ] GC(850) Concurrent Cycle 143.219ms
[2023-08-12T04:16:54.469+0000][gc,start      ] GC(851) Pause Young (Prepare Mixed) (G1 Evacuation Pause)
[2023-08-12T04:16:54.469+0000][gc,task       ] GC(851) Using 8 workers of 8 for evacuation
[2023-08-12T04:16:54.485+0000][gc,phases     ] GC(851)   Pre Evacuate Collection Set: 0.0ms
[2023-08-12T04:16:54.485+0000][gc,phases     ] GC(851)   Evacuate Collection Set: 14.8ms
[2023-08-12T04:16:54.485+0000][gc,phases     ] GC(851)   Post Evacuate Collection Set: 0.7ms
[2023-08-12T04:16:54.485+0000][gc,phases     ] GC(851)   Other: 0.4ms
[2023-08-12T04:16:54.485+0000][gc,heap       ] GC(851) Eden regions: 412->0(26)
[2023-08-12T04:16:54.485+0000][gc,heap       ] GC(851) Survivor regions: 19->25(54)
[2023-08-12T04:16:54.485+0000][gc,heap       ] GC(851) Old regions: 166->166
[2023-08-12T04:16:54.485+0000][gc,heap       ] GC(851) Humongous regions: 149->149
[2023-08-12T04:16:54.485+0000][gc,metaspace  ] GC(851) Metaspace: 119278K(125028K)->119278K(125028K) NonClass: 105400K(108748K)->105400K(108748K) Class: 13878K(16280K)->13878K(16280K)
[2023-08-12T04:16:54.485+0000][gc            ] GC(851) Pause Young (Prepare Mixed) (G1 Evacuation Pause) 745M->339M(1024M) 15.959ms
[2023-08-12T04:16:54.485+0000][gc,cpu        ] GC(851) User=0.12s Sys=0.00s Real=0.02s
[2023-08-12T04:16:55.244+0000][gc,start      ] GC(852) Pause Young (Mixed) (G1 Evacuation Pause)
[2023-08-12T04:16:55.244+0000][gc,task       ] GC(852) Using 8 workers of 8 for evacuation
[2023-08-12T04:16:55.259+0000][gc,phases     ] GC(852)   Pre Evacuate Collection Set: 0.1ms
[2023-08-12T04:16:55.259+0000][gc,phases     ] GC(852)   Evacuate Collection Set: 13.3ms
[2023-08-12T04:16:55.259+0000][gc,phases     ] GC(852)   Post Evacuate Collection Set: 0.6ms
[2023-08-12T04:16:55.259+0000][gc,phases     ] GC(852)   Other: 0.4ms
[2023-08-12T04:16:55.259+0000][gc,heap       ] GC(852) Eden regions: 26->0(537)
[2023-08-12T04:16:55.259+0000][gc,heap       ] GC(852) Survivor regions: 25->5(7)
[2023-08-12T04:16:55.259+0000][gc,heap       ] GC(852) Old regions: 166->164
[2023-08-12T04:16:55.259+0000][gc,heap       ] GC(852) Humongous regions: 149->149
[2023-08-12T04:16:55.259+0000][gc,metaspace  ] GC(852) Metaspace: 119278K(125028K)->119278K(125028K) NonClass: 105400K(108748K)->105400K(108748K) Class: 13878K(16280K)->13878K(16280K)
[2023-08-12T04:16:55.259+0000][gc            ] GC(852) Pause Young (Mixed) (G1 Evacuation Pause) 365M->317M(1024M) 14.381ms
[2023-08-12T04:16:55.259+0000][gc,cpu        ] GC(852) User=0.11s Sys=0.00s Real=0.01s
[2023-08-12T04:19:10.450+0000][gc,start      ] GC(853) Pause Young (Normal) (G1 Evacuation Pause)
[2023-08-12T04:19:10.450+0000][gc,task       ] GC(853) Using 8 workers of 8 for evacuation
[2023-08-12T04:19:10.459+0000][gc,phases     ] GC(853)   Pre Evacuate Collection Set: 0.0ms
[2023-08-12T04:19:10.459+0000][gc,phases     ] GC(853)   Evacuate Collection Set: 7.5ms
[2023-08-12T04:19:10.459+0000][gc,phases     ] GC(853)   Post Evacuate Collection Set: 0.7ms
[2023-08-12T04:19:10.459+0000][gc,phases     ] GC(853)   Other: 0.3ms
[2023-08-12T04:19:10.459+0000][gc,heap       ] GC(853) Eden regions: 537->0(541)
[2023-08-12T04:19:10.459+0000][gc,heap       ] GC(853) Survivor regions: 5->9(68)
[2023-08-12T04:19:10.459+0000][gc,heap       ] GC(853) Old regions: 164->164
[2023-08-12T04:19:10.459+0000][gc,heap       ] GC(853) Humongous regions: 149->149
[2023-08-12T04:19:10.459+0000][gc,metaspace  ] GC(853) Metaspace: 119281K(125028K)->119281K(125028K) NonClass: 105402K(108748K)->105402K(108748K) Class: 13878K(16280K)->13878K(16280K)
[2023-08-12T04:19:10.459+0000][gc            ] GC(853) Pause Young (Normal) (G1 Evacuation Pause) 854M->321M(1024M) 8.629ms
[2023-08-12T04:19:10.459+0000][gc,cpu        ] GC(853) User=0.06s Sys=0.00s Real=0.01s
[2023-08-12T04:21:32.899+0000][gc,start      ] GC(854) Pause Young (Normal) (G1 Evacuation Pause)
[2023-08-12T04:21:32.899+0000][gc,task       ] GC(854) Using 8 workers of 8 for evacuation
[2023-08-12T04:21:32.910+0000][gc,phases     ] GC(854)   Pre Evacuate Collection Set: 0.0ms
[2023-08-12T04:21:32.910+0000][gc,phases     ] GC(854)   Evacuate Collection Set: 10.6ms
[2023-08-12T04:21:32.910+0000][gc,phases     ] GC(854)   Post Evacuate Collection Set: 0.7ms
[2023-08-12T04:21:32.910+0000][gc,phases     ] GC(854)   Other: 0.4ms
[2023-08-12T04:21:32.910+0000][gc,heap       ] GC(854) Eden regions: 541->0(537)
[2023-08-12T04:21:32.910+0000][gc,heap       ] GC(854) Survivor regions: 9->18(69)
[2023-08-12T04:21:32.910+0000][gc,heap       ] GC(854) Old regions: 164->164
[2023-08-12T04:21:32.910+0000][gc,heap       ] GC(854) Humongous regions: 149->149
[2023-08-12T04:21:32.910+0000][gc,metaspace  ] GC(854) Metaspace: 119281K(125028K)->119281K(125028K) NonClass: 105403K(108748K)->105403K(108748K) Class: 13878K(16280K)->13878K(16280K)
[2023-08-12T04:21:32.910+0000][gc            ] GC(854) Pause Young (Normal) (G1 Evacuation Pause) 862M->330M(1024M) 11.778ms
[2023-08-12T04:21:32.910+0000][gc,cpu        ] GC(854) User=0.08s Sys=0.00s Real=0.01s
[2023-08-12T04:23:54.354+0000][gc,start      ] GC(855) Pause Young (Concurrent Start) (G1 Evacuation Pause)
[2023-08-12T04:23:54.354+0000][gc,task       ] GC(855) Using 8 workers of 8 for evacuation
[2023-08-12T04:23:54.369+0000][gc,phases     ] GC(855)   Pre Evacuate Collection Set: 0.5ms
[2023-08-12T04:23:54.369+0000][gc,phases     ] GC(855)   Evacuate Collection Set: 13.1ms
[2023-08-12T04:23:54.369+0000][gc,phases     ] GC(855)   Post Evacuate Collection Set: 0.7ms
[2023-08-12T04:23:54.369+0000][gc,phases     ] GC(855)   Other: 0.4ms
[2023-08-12T04:23:54.369+0000][gc,heap       ] GC(855) Eden regions: 537->0(514)
[2023-08-12T04:23:54.369+0000][gc,heap       ] GC(855) Survivor regions: 18->21(70)
[2023-08-12T04:23:54.369+0000][gc,heap       ] GC(855) Old regions: 164->164
[2023-08-12T04:23:54.369+0000][gc,heap       ] GC(855) Humongous regions: 149->149
[2023-08-12T04:23:54.369+0000][gc,metaspace  ] GC(855) Metaspace: 119281K(125028K)->119281K(125028K) NonClass: 105403K(108748K)->105403K(108748K) Class: 13878K(16280K)->13878K(16280K)
[2023-08-12T04:23:54.369+0000][gc            ] GC(855) Pause Young (Concurrent Start) (G1 Evacuation Pause) 867M->333M(1024M) 14.861ms
[2023-08-12T04:23:54.369+0000][gc,cpu        ] GC(855) User=0.11s Sys=0.00s Real=0.01s
[2023-08-12T04:23:54.369+0000][gc            ] GC(856) Concurrent Cycle
[2023-08-12T04:23:54.369+0000][gc,marking    ] GC(856) Concurrent Clear Claimed Marks
[2023-08-12T04:23:54.370+0000][gc,marking    ] GC(856) Concurrent Clear Claimed Marks 0.397ms
[2023-08-12T04:23:54.370+0000][gc,marking    ] GC(856) Concurrent Scan Root Regions
[2023-08-12T04:23:54.380+0000][gc,marking    ] GC(856) Concurrent Scan Root Regions 10.190ms
[2023-08-12T04:23:54.380+0000][gc,marking    ] GC(856) Concurrent Mark (63725.681s)
[2023-08-12T04:23:54.380+0000][gc,marking    ] GC(856) Concurrent Mark From Roots
[2023-08-12T04:23:54.380+0000][gc,task       ] GC(856) Using 2 workers of 2 for marking
[2023-08-12T04:23:54.451+0000][gc,marking    ] GC(856) Concurrent Mark From Roots 71.316ms
[2023-08-12T04:23:54.451+0000][gc,marking    ] GC(856) Concurrent Preclean
[2023-08-12T04:23:54.452+0000][gc,marking    ] GC(856) Concurrent Preclean 0.482ms
[2023-08-12T04:23:54.452+0000][gc,marking    ] GC(856) Concurrent Mark (63725.681s, 63725.753s) 71.899ms
[2023-08-12T04:23:54.452+0000][gc,start      ] GC(856) Pause Remark
[2023-08-12T04:23:54.464+0000][gc,stringtable] GC(856) Cleaned string and symbol table, strings: 45191 processed, 0 removed, symbols: 280319 processed, 0 removed
[2023-08-12T04:23:54.464+0000][gc            ] GC(856) Pause Remark 354M->354M(1024M) 11.829ms
[2023-08-12T04:23:54.464+0000][gc,cpu        ] GC(856) User=0.09s Sys=0.00s Real=0.01s
[2023-08-12T04:23:54.464+0000][gc,marking    ] GC(856) Concurrent Rebuild Remembered Sets
[2023-08-12T04:23:54.523+0000][gc,marking    ] GC(856) Concurrent Rebuild Remembered Sets 58.961ms
[2023-08-12T04:23:54.523+0000][gc,start      ] GC(856) Pause Cleanup
[2023-08-12T04:23:54.524+0000][gc            ] GC(856) Pause Cleanup 365M->365M(1024M) 0.259ms
[2023-08-12T04:23:54.524+0000][gc,cpu        ] GC(856) User=0.00s Sys=0.00s Real=0.00s
[2023-08-12T04:23:54.524+0000][gc,marking    ] GC(856) Concurrent Cleanup for Next Mark
[2023-08-12T04:23:54.525+0000][gc,marking    ] GC(856) Concurrent Cleanup for Next Mark 1.360ms
[2023-08-12T04:23:54.525+0000][gc            ] GC(856) Concurrent Cycle 155.732ms
[2023-08-12T04:25:32.740+0000][gc,start      ] GC(857) Pause Young (Prepare Mixed) (G1 Evacuation Pause)
[2023-08-12T04:25:32.740+0000][gc,task       ] GC(857) Using 8 workers of 8 for evacuation
[2023-08-12T04:25:32.756+0000][gc,phases     ] GC(857)   Pre Evacuate Collection Set: 0.0ms
[2023-08-12T04:25:32.756+0000][gc,phases     ] GC(857)   Evacuate Collection Set: 15.4ms
[2023-08-12T04:25:32.757+0000][gc,phases     ] GC(857)   Post Evacuate Collection Set: 0.7ms
[2023-08-12T04:25:32.757+0000][gc,phases     ] GC(857)   Other: 0.5ms
[2023-08-12T04:25:32.757+0000][gc,heap       ] GC(857) Eden regions: 438->0(25)
[2023-08-12T04:25:32.757+0000][gc,heap       ] GC(857) Survivor regions: 21->26(58)
[2023-08-12T04:25:32.757+0000][gc,heap       ] GC(857) Old regions: 164->164
[2023-08-12T04:25:32.757+0000][gc,heap       ] GC(857) Humongous regions: 149->149
[2023-08-12T04:25:32.757+0000][gc,metaspace  ] GC(857) Metaspace: 119281K(125028K)->119281K(125028K) NonClass: 105403K(108748K)->105403K(108748K) Class: 13878K(16280K)->13878K(16280K)
[2023-08-12T04:25:32.757+0000][gc            ] GC(857) Pause Young (Prepare Mixed) (G1 Evacuation Pause) 771M->338M(1024M) 16.723ms
[2023-08-12T04:25:32.757+0000][gc,cpu        ] GC(857) User=0.12s Sys=0.00s Real=0.01s
[2023-08-12T04:25:39.474+0000][gc,start      ] GC(858) Pause Young (Mixed) (GCLocker Initiated GC)
[2023-08-12T04:25:39.474+0000][gc,task       ] GC(858) Using 8 workers of 8 for evacuation
[2023-08-12T04:25:39.492+0000][gc,phases     ] GC(858)   Pre Evacuate Collection Set: 0.1ms
[2023-08-12T04:25:39.492+0000][gc,phases     ] GC(858)   Evacuate Collection Set: 17.4ms
[2023-08-12T04:25:39.492+0000][gc,phases     ] GC(858)   Post Evacuate Collection Set: 0.6ms
[2023-08-12T04:25:39.492+0000][gc,phases     ] GC(858)   Other: 0.4ms
[2023-08-12T04:25:39.492+0000][gc,heap       ] GC(858) Eden regions: 25->0(556)
[2023-08-12T04:25:39.492+0000][gc,heap       ] GC(858) Survivor regions: 26->5(7)
[2023-08-12T04:25:39.492+0000][gc,heap       ] GC(858) Old regions: 164->167
[2023-08-12T04:25:39.492+0000][gc,heap       ] GC(858) Humongous regions: 149->149
[2023-08-12T04:25:39.492+0000][gc,metaspace  ] GC(858) Metaspace: 119281K(125028K)->119281K(125028K) NonClass: 105403K(108748K)->105403K(108748K) Class: 13878K(16280K)->13878K(16280K)
[2023-08-12T04:25:39.492+0000][gc            ] GC(858) Pause Young (Mixed) (GCLocker Initiated GC) 363M->320M(1024M) 18.499ms
[2023-08-12T04:25:39.492+0000][gc,cpu        ] GC(858) User=0.13s Sys=0.00s Real=0.02s
[2023-08-12T04:27:55.199+0000][gc,start      ] GC(859) Pause Young (Normal) (G1 Evacuation Pause)
[2023-08-12T04:27:55.199+0000][gc,task       ] GC(859) Using 8 workers of 8 for evacuation
[2023-08-12T04:27:55.208+0000][gc,phases     ] GC(859)   Pre Evacuate Collection Set: 0.0ms
[2023-08-12T04:27:55.208+0000][gc,phases     ] GC(859)   Evacuate Collection Set: 7.4ms
[2023-08-12T04:27:55.208+0000][gc,phases     ] GC(859)   Post Evacuate Collection Set: 0.7ms
[2023-08-12T04:27:55.208+0000][gc,phases     ] GC(859)   Other: 0.4ms
[2023-08-12T04:27:55.208+0000][gc,heap       ] GC(859) Eden regions: 556->0(556)
[2023-08-12T04:27:55.208+0000][gc,heap       ] GC(859) Survivor regions: 5->9(71)
[2023-08-12T04:27:55.208+0000][gc,heap       ] GC(859) Old regions: 167->167
[2023-08-12T04:27:55.208+0000][gc,heap       ] GC(859) Humongous regions: 149->149
[2023-08-12T04:27:55.208+0000][gc,metaspace  ] GC(859) Metaspace: 119281K(125028K)->119281K(125028K) NonClass: 105403K(108748K)->105403K(108748K) Class: 13878K(16280K)->13878K(16280K)
[2023-08-12T04:27:55.208+0000][gc            ] GC(859) Pause Young (Normal) (G1 Evacuation Pause) 876M->324M(1024M) 8.663ms
[2023-08-12T04:27:55.208+0000][gc,cpu        ] GC(859) User=0.05s Sys=0.01s Real=0.00s
[2023-08-12T04:30:25.191+0000][gc,start      ] GC(860) Pause Young (Normal) (G1 Evacuation Pause)
[2023-08-12T04:30:25.191+0000][gc,task       ] GC(860) Using 8 workers of 8 for evacuation
[2023-08-12T04:30:25.203+0000][gc,phases     ] GC(860)   Pre Evacuate Collection Set: 0.0ms
[2023-08-12T04:30:25.203+0000][gc,phases     ] GC(860)   Evacuate Collection Set: 10.7ms
[2023-08-12T04:30:25.203+0000][gc,phases     ] GC(860)   Post Evacuate Collection Set: 0.8ms
[2023-08-12T04:30:25.203+0000][gc,phases     ] GC(860)   Other: 0.4ms
[2023-08-12T04:30:25.203+0000][gc,heap       ] GC(860) Eden regions: 556->0(552)
[2023-08-12T04:30:25.203+0000][gc,heap       ] GC(860) Survivor regions: 9->16(71)
[2023-08-12T04:30:25.203+0000][gc,heap       ] GC(860) Old regions: 167->167
[2023-08-12T04:30:25.203+0000][gc,heap       ] GC(860) Humongous regions: 149->149
[2023-08-12T04:30:25.203+0000][gc,metaspace  ] GC(860) Metaspace: 119281K(125028K)->119281K(125028K) NonClass: 105403K(108748K)->105403K(108748K) Class: 13878K(16280K)->13878K(16280K)
[2023-08-12T04:30:25.203+0000][gc            ] GC(860) Pause Young (Normal) (G1 Evacuation Pause) 880M->331M(1024M) 11.948ms
[2023-08-12T04:30:25.203+0000][gc,cpu        ] GC(860) User=0.09s Sys=0.00s Real=0.01s
[2023-08-12T04:32:41.384+0000][gc,start      ] GC(861) Pause Young (Concurrent Start) (G1 Evacuation Pause)
[2023-08-12T04:32:41.384+0000][gc,task       ] GC(861) Using 8 workers of 8 for evacuation
[2023-08-12T04:32:41.401+0000][gc,phases     ] GC(861)   Pre Evacuate Collection Set: 0.5ms
[2023-08-12T04:32:41.401+0000][gc,phases     ] GC(861)   Evacuate Collection Set: 15.0ms
[2023-08-12T04:32:41.401+0000][gc,phases     ] GC(861)   Post Evacuate Collection Set: 0.7ms
[2023-08-12T04:32:41.401+0000][gc,phases     ] GC(861)   Other: 0.4ms
[2023-08-12T04:32:41.401+0000][gc,heap       ] GC(861) Eden regions: 552->0(548)
[2023-08-12T04:32:41.401+0000][gc,heap       ] GC(861) Survivor regions: 16->22(71)
[2023-08-12T04:32:41.401+0000][gc,heap       ] GC(861) Old regions: 167->167
[2023-08-12T04:32:41.401+0000][gc,heap       ] GC(861) Humongous regions: 149->149
[2023-08-12T04:32:41.401+0000][gc,metaspace  ] GC(861) Metaspace: 119281K(125028K)->119281K(125028K) NonClass: 105403K(108748K)->105403K(108748K) Class: 13878K(16280K)->13878K(16280K)
[2023-08-12T04:32:41.401+0000][gc            ] GC(861) Pause Young (Concurrent Start) (G1 Evacuation Pause) 883M->337M(1024M) 16.621ms
[2023-08-12T04:32:41.401+0000][gc,cpu        ] GC(861) User=0.11s Sys=0.00s Real=0.02s
[2023-08-12T04:32:41.401+0000][gc            ] GC(862) Concurrent Cycle
[2023-08-12T04:32:41.401+0000][gc,marking    ] GC(862) Concurrent Clear Claimed Marks
[2023-08-12T04:32:41.401+0000][gc,marking    ] GC(862) Concurrent Clear Claimed Marks 0.195ms
[2023-08-12T04:32:41.401+0000][gc,marking    ] GC(862) Concurrent Scan Root Regions
[2023-08-12T04:32:41.414+0000][gc,marking    ] GC(862) Concurrent Scan Root Regions 12.461ms
[2023-08-12T04:32:41.414+0000][gc,marking    ] GC(862) Concurrent Mark (64252.715s)
[2023-08-12T04:32:41.414+0000][gc,marking    ] GC(862) Concurrent Mark From Roots
[2023-08-12T04:32:41.414+0000][gc,task       ] GC(862) Using 2 workers of 2 for marking
[2023-08-12T04:32:41.482+0000][gc,marking    ] GC(862) Concurrent Mark From Roots 68.595ms
[2023-08-12T04:32:41.482+0000][gc,marking    ] GC(862) Concurrent Preclean
[2023-08-12T04:32:41.483+0000][gc,marking    ] GC(862) Concurrent Preclean 0.371ms
[2023-08-12T04:32:41.483+0000][gc,marking    ] GC(862) Concurrent Mark (64252.715s, 64252.784s) 69.045ms
[2023-08-12T04:32:41.483+0000][gc,start      ] GC(862) Pause Remark
[2023-08-12T04:32:41.493+0000][gc,stringtable] GC(862) Cleaned string and symbol table, strings: 45196 processed, 0 removed, symbols: 280319 processed, 0 removed
[2023-08-12T04:32:41.493+0000][gc            ] GC(862) Pause Remark 341M->341M(1024M) 10.265ms
[2023-08-12T04:32:41.493+0000][gc,cpu        ] GC(862) User=0.07s Sys=0.00s Real=0.01s
[2023-08-12T04:32:41.493+0000][gc,marking    ] GC(862) Concurrent Rebuild Remembered Sets
[2023-08-12T04:32:41.535+0000][gc,marking    ] GC(862) Concurrent Rebuild Remembered Sets 41.685ms
[2023-08-12T04:32:41.535+0000][gc,start      ] GC(862) Pause Cleanup
[2023-08-12T04:32:41.536+0000][gc            ] GC(862) Pause Cleanup 341M->341M(1024M) 0.248ms
[2023-08-12T04:32:41.536+0000][gc,cpu        ] GC(862) User=0.00s Sys=0.00s Real=0.00s
[2023-08-12T04:32:41.536+0000][gc,marking    ] GC(862) Concurrent Cleanup for Next Mark
[2023-08-12T04:32:41.537+0000][gc,marking    ] GC(862) Concurrent Cleanup for Next Mark 1.343ms
[2023-08-12T04:32:41.537+0000][gc            ] GC(862) Concurrent Cycle 136.023ms
[2023-08-12T04:34:24.472+0000][gc,start      ] GC(863) Pause Young (Prepare Mixed) (G1 Evacuation Pause)
[2023-08-12T04:34:24.472+0000][gc,task       ] GC(863) Using 8 workers of 8 for evacuation
[2023-08-12T04:34:24.489+0000][gc,phases     ] GC(863)   Pre Evacuate Collection Set: 0.0ms
[2023-08-12T04:34:24.489+0000][gc,phases     ] GC(863)   Evacuate Collection Set: 16.1ms
[2023-08-12T04:34:24.489+0000][gc,phases     ] GC(863)   Post Evacuate Collection Set: 0.7ms
[2023-08-12T04:34:24.489+0000][gc,phases     ] GC(863)   Other: 0.4ms
[2023-08-12T04:34:24.489+0000][gc,heap       ] GC(863) Eden regions: 433->0(22)
[2023-08-12T04:34:24.490+0000][gc,heap       ] GC(863) Survivor regions: 22->29(57)
[2023-08-12T04:34:24.490+0000][gc,heap       ] GC(863) Old regions: 167->167
[2023-08-12T04:34:24.490+0000][gc,heap       ] GC(863) Humongous regions: 149->149
[2023-08-12T04:34:24.490+0000][gc,metaspace  ] GC(863) Metaspace: 119281K(125028K)->119281K(125028K) NonClass: 105403K(108748K)->105403K(108748K) Class: 13878K(16280K)->13878K(16280K)
[2023-08-12T04:34:24.490+0000][gc            ] GC(863) Pause Young (Prepare Mixed) (G1 Evacuation Pause) 770M->344M(1024M) 17.357ms
[2023-08-12T04:34:24.490+0000][gc,cpu        ] GC(863) User=0.13s Sys=0.00s Real=0.01s
[2023-08-12T04:34:25.244+0000][gc,start      ] GC(864) Pause Young (Mixed) (G1 Evacuation Pause)
[2023-08-12T04:34:25.244+0000][gc,task       ] GC(864) Using 8 workers of 8 for evacuation
[2023-08-12T04:34:25.259+0000][gc,phases     ] GC(864)   Pre Evacuate Collection Set: 0.1ms
[2023-08-12T04:34:25.259+0000][gc,phases     ] GC(864)   Evacuate Collection Set: 14.6ms
[2023-08-12T04:34:25.259+0000][gc,phases     ] GC(864)   Post Evacuate Collection Set: 0.6ms
[2023-08-12T04:34:25.259+0000][gc,phases     ] GC(864)   Other: 0.4ms
[2023-08-12T04:34:25.259+0000][gc,heap       ] GC(864) Eden regions: 22->0(536)
[2023-08-12T04:34:25.259+0000][gc,heap       ] GC(864) Survivor regions: 29->4(7)
[2023-08-12T04:34:25.259+0000][gc,heap       ] GC(864) Old regions: 167->167
[2023-08-12T04:34:25.259+0000][gc,heap       ] GC(864) Humongous regions: 149->149
[2023-08-12T04:34:25.259+0000][gc,metaspace  ] GC(864) Metaspace: 119281K(125028K)->119281K(125028K) NonClass: 105403K(108748K)->105403K(108748K) Class: 13878K(16280K)->13878K(16280K)
[2023-08-12T04:34:25.259+0000][gc            ] GC(864) Pause Young (Mixed) (G1 Evacuation Pause) 366M->319M(1024M) 15.732ms
[2023-08-12T04:34:25.259+0000][gc,cpu        ] GC(864) User=0.12s Sys=0.00s Real=0.02s
[2023-08-12T04:36:45.554+0000][gc,start      ] GC(865) Pause Young (Normal) (G1 Evacuation Pause)
[2023-08-12T04:36:45.554+0000][gc,task       ] GC(865) Using 8 workers of 8 for evacuation
[2023-08-12T04:36:45.562+0000][gc,phases     ] GC(865)   Pre Evacuate Collection Set: 0.0ms
[2023-08-12T04:36:45.562+0000][gc,phases     ] GC(865)   Evacuate Collection Set: 7.4ms
[2023-08-12T04:36:45.562+0000][gc,phases     ] GC(865)   Post Evacuate Collection Set: 0.7ms
[2023-08-12T04:36:45.562+0000][gc,phases     ] GC(865)   Other: 0.3ms
[2023-08-12T04:36:45.562+0000][gc,heap       ] GC(865) Eden regions: 536->0(540)
[2023-08-12T04:36:45.562+0000][gc,heap       ] GC(865) Survivor regions: 4->8(68)
[2023-08-12T04:36:45.562+0000][gc,heap       ] GC(865) Old regions: 167->167
[2023-08-12T04:36:45.562+0000][gc,heap       ] GC(865) Humongous regions: 149->149
[2023-08-12T04:36:45.562+0000][gc,metaspace  ] GC(865) Metaspace: 119281K(125028K)->119281K(125028K) NonClass: 105403K(108748K)->105403K(108748K) Class: 13878K(16280K)->13878K(16280K)
[2023-08-12T04:36:45.562+0000][gc            ] GC(865) Pause Young (Normal) (G1 Evacuation Pause) 855M->323M(1024M) 8.559ms
[2023-08-12T04:36:45.562+0000][gc,cpu        ] GC(865) User=0.06s Sys=0.00s Real=0.01s
[2023-08-12T04:39:08.208+0000][gc,start      ] GC(866) Pause Young (Normal) (G1 Evacuation Pause)
[2023-08-12T04:39:08.208+0000][gc,task       ] GC(866) Using 8 workers of 8 for evacuation
[2023-08-12T04:39:08.222+0000][gc,phases     ] GC(866)   Pre Evacuate Collection Set: 0.0ms
[2023-08-12T04:39:08.222+0000][gc,phases     ] GC(866)   Evacuate Collection Set: 11.9ms
[2023-08-12T04:39:08.222+0000][gc,phases     ] GC(866)   Post Evacuate Collection Set: 0.8ms
[2023-08-12T04:39:08.222+0000][gc,phases     ] GC(866)   Other: 0.4ms
[2023-08-12T04:39:08.222+0000][gc,heap       ] GC(866) Eden regions: 540->0(537)
[2023-08-12T04:39:08.222+0000][gc,heap       ] GC(866) Survivor regions: 8->15(69)
[2023-08-12T04:39:08.222+0000][gc,heap       ] GC(866) Old regions: 167->167
[2023-08-12T04:39:08.222+0000][gc,heap       ] GC(866) Humongous regions: 149->149
[2023-08-12T04:39:08.222+0000][gc,metaspace  ] GC(866) Metaspace: 119281K(125028K)->119281K(125028K) NonClass: 105403K(108748K)->105403K(108748K) Class: 13878K(16280K)->13878K(16280K)
[2023-08-12T04:39:08.222+0000][gc            ] GC(866) Pause Young (Normal) (G1 Evacuation Pause) 863M->330M(1024M) 13.331ms
[2023-08-12T04:39:08.222+0000][gc,cpu        ] GC(866) User=0.09s Sys=0.00s Real=0.02s
[2023-08-12T04:41:24.349+0000][gc,start      ] GC(867) Pause Young (Concurrent Start) (G1 Evacuation Pause)
[2023-08-12T04:41:24.349+0000][gc,task       ] GC(867) Using 8 workers of 8 for evacuation
[2023-08-12T04:41:24.364+0000][gc,phases     ] GC(867)   Pre Evacuate Collection Set: 0.5ms
[2023-08-12T04:41:24.364+0000][gc,phases     ] GC(867)   Evacuate Collection Set: 13.2ms
[2023-08-12T04:41:24.364+0000][gc,phases     ] GC(867)   Post Evacuate Collection Set: 0.7ms
[2023-08-12T04:41:24.364+0000][gc,phases     ] GC(867)   Other: 0.4ms
[2023-08-12T04:41:24.364+0000][gc,heap       ] GC(867) Eden regions: 537->0(505)
[2023-08-12T04:41:24.364+0000][gc,heap       ] GC(867) Survivor regions: 15->22(69)
[2023-08-12T04:41:24.364+0000][gc,heap       ] GC(867) Old regions: 167->167
[2023-08-12T04:41:24.364+0000][gc,heap       ] GC(867) Humongous regions: 149->149
[2023-08-12T04:41:24.364+0000][gc,metaspace  ] GC(867) Metaspace: 119283K(125028K)->119283K(125028K) NonClass: 105405K(108748K)->105405K(108748K) Class: 13878K(16280K)->13878K(16280K)
[2023-08-12T04:41:24.364+0000][gc            ] GC(867) Pause Young (Concurrent Start) (G1 Evacuation Pause) 867M->337M(1024M) 14.838ms
[2023-08-12T04:41:24.364+0000][gc,cpu        ] GC(867) User=0.11s Sys=0.00s Real=0.02s
[2023-08-12T04:41:24.364+0000][gc            ] GC(868) Concurrent Cycle
[2023-08-12T04:41:24.364+0000][gc,marking    ] GC(868) Concurrent Clear Claimed Marks
[2023-08-12T04:41:24.364+0000][gc,marking    ] GC(868) Concurrent Clear Claimed Marks 0.342ms
[2023-08-12T04:41:24.364+0000][gc,marking    ] GC(868) Concurrent Scan Root Regions
[2023-08-12T04:41:24.373+0000][gc,marking    ] GC(868) Concurrent Scan Root Regions 8.897ms
[2023-08-12T04:41:24.373+0000][gc,marking    ] GC(868) Concurrent Mark (64775.675s)
[2023-08-12T04:41:24.373+0000][gc,marking    ] GC(868) Concurrent Mark From Roots
[2023-08-12T04:41:24.373+0000][gc,task       ] GC(868) Using 2 workers of 2 for marking
[2023-08-12T04:41:24.451+0000][gc,marking    ] GC(868) Concurrent Mark From Roots 77.768ms
[2023-08-12T04:41:24.451+0000][gc,marking    ] GC(868) Concurrent Preclean
[2023-08-12T04:41:24.452+0000][gc,marking    ] GC(868) Concurrent Preclean 0.379ms
[2023-08-12T04:41:24.452+0000][gc,marking    ] GC(868) Concurrent Mark (64775.675s, 64775.753s) 78.225ms
[2023-08-12T04:41:24.452+0000][gc,start      ] GC(868) Pause Remark
[2023-08-12T04:41:24.464+0000][gc,stringtable] GC(868) Cleaned string and symbol table, strings: 45196 processed, 0 removed, symbols: 280319 processed, 0 removed
[2023-08-12T04:41:24.465+0000][gc            ] GC(868) Pause Remark 360M->360M(1024M) 12.829ms
[2023-08-12T04:41:24.465+0000][gc,cpu        ] GC(868) User=0.09s Sys=0.00s Real=0.01s
[2023-08-12T04:41:24.465+0000][gc,marking    ] GC(868) Concurrent Rebuild Remembered Sets
[2023-08-12T04:41:24.524+0000][gc,marking    ] GC(868) Concurrent Rebuild Remembered Sets 59.042ms
[2023-08-12T04:41:24.524+0000][gc,start      ] GC(868) Pause Cleanup
[2023-08-12T04:41:24.524+0000][gc            ] GC(868) Pause Cleanup 372M->372M(1024M) 0.281ms
[2023-08-12T04:41:24.524+0000][gc,cpu        ] GC(868) User=0.00s Sys=0.00s Real=0.00s
[2023-08-12T04:41:24.524+0000][gc,marking    ] GC(868) Concurrent Cleanup for Next Mark
[2023-08-12T04:41:24.527+0000][gc,marking    ] GC(868) Concurrent Cleanup for Next Mark 2.375ms
[2023-08-12T04:41:24.527+0000][gc            ] GC(868) Concurrent Cycle 162.803ms
[2023-08-12T04:42:55.199+0000][gc,start      ] GC(869) Pause Young (Prepare Mixed) (G1 Evacuation Pause)
[2023-08-12T04:42:55.199+0000][gc,task       ] GC(869) Using 8 workers of 8 for evacuation
[2023-08-12T04:42:55.219+0000][gc,mmu        ] GC(869) MMU target violated: 20.1ms (20.0ms/21.0ms)
[2023-08-12T04:42:55.219+0000][gc,phases     ] GC(869)   Pre Evacuate Collection Set: 0.0ms
[2023-08-12T04:42:55.219+0000][gc,phases     ] GC(869)   Evacuate Collection Set: 19.1ms
[2023-08-12T04:42:55.219+0000][gc,phases     ] GC(869)   Post Evacuate Collection Set: 0.7ms
[2023-08-12T04:42:55.219+0000][gc,phases     ] GC(869)   Other: 0.5ms
[2023-08-12T04:42:55.219+0000][gc,heap       ] GC(869) Eden regions: 426->0(16)
[2023-08-12T04:42:55.219+0000][gc,heap       ] GC(869) Survivor regions: 22->35(56)
[2023-08-12T04:42:55.219+0000][gc,heap       ] GC(869) Old regions: 167->167
[2023-08-12T04:42:55.219+0000][gc,heap       ] GC(869) Humongous regions: 149->149
[2023-08-12T04:42:55.219+0000][gc,metaspace  ] GC(869) Metaspace: 119284K(125028K)->119284K(125028K) NonClass: 105405K(108748K)->105405K(108748K) Class: 13878K(16280K)->13878K(16280K)
[2023-08-12T04:42:55.219+0000][gc            ] GC(869) Pause Young (Prepare Mixed) (G1 Evacuation Pause) 763M->350M(1024M) 20.435ms
[2023-08-12T04:42:55.219+0000][gc,cpu        ] GC(869) User=0.16s Sys=0.00s Real=0.03s
[2023-08-12T04:43:02.737+0000][gc,start      ] GC(870) Pause Young (Mixed) (G1 Evacuation Pause)
[2023-08-12T04:43:02.737+0000][gc,task       ] GC(870) Using 8 workers of 8 for evacuation
[2023-08-12T04:43:02.757+0000][gc,mmu        ] GC(870) MMU target violated: 20.5ms (20.0ms/21.0ms)
[2023-08-12T04:43:02.758+0000][gc,phases     ] GC(870)   Pre Evacuate Collection Set: 0.1ms
[2023-08-12T04:43:02.758+0000][gc,phases     ] GC(870)   Evacuate Collection Set: 19.8ms
[2023-08-12T04:43:02.758+0000][gc,phases     ] GC(870)   Post Evacuate Collection Set: 0.5ms
[2023-08-12T04:43:02.758+0000][gc,phases     ] GC(870)   Other: 0.5ms
[2023-08-12T04:43:02.758+0000][gc,heap       ] GC(870) Eden regions: 16->0(541)
[2023-08-12T04:43:02.758+0000][gc,heap       ] GC(870) Survivor regions: 35->4(7)
[2023-08-12T04:43:02.758+0000][gc,heap       ] GC(870) Old regions: 167->175
[2023-08-12T04:43:02.758+0000][gc,heap       ] GC(870) Humongous regions: 149->149
[2023-08-12T04:43:02.758+0000][gc,metaspace  ] GC(870) Metaspace: 119284K(125028K)->119284K(125028K) NonClass: 105405K(108748K)->105405K(108748K) Class: 13878K(16280K)->13878K(16280K)
[2023-08-12T04:43:02.758+0000][gc            ] GC(870) Pause Young (Mixed) (G1 Evacuation Pause) 366M->327M(1024M) 20.967ms
[2023-08-12T04:43:02.758+0000][gc,cpu        ] GC(870) User=0.15s Sys=0.00s Real=0.02s
[2023-08-12T04:45:24.468+0000][gc,start      ] GC(871) Pause Young (Normal) (G1 Evacuation Pause)
[2023-08-12T04:45:24.468+0000][gc,task       ] GC(871) Using 8 workers of 8 for evacuation
[2023-08-12T04:45:24.478+0000][gc,phases     ] GC(871)   Pre Evacuate Collection Set: 0.0ms
[2023-08-12T04:45:24.478+0000][gc,phases     ] GC(871)   Evacuate Collection Set: 9.4ms
[2023-08-12T04:45:24.478+0000][gc,phases     ] GC(871)   Post Evacuate Collection Set: 0.8ms
[2023-08-12T04:45:24.478+0000][gc,phases     ] GC(871)   Other: 0.4ms
[2023-08-12T04:45:24.478+0000][gc,heap       ] GC(871) Eden regions: 541->0(538)
[2023-08-12T04:45:24.478+0000][gc,heap       ] GC(871) Survivor regions: 4->12(69)
[2023-08-12T04:45:24.478+0000][gc,heap       ] GC(871) Old regions: 175->175
[2023-08-12T04:45:24.478+0000][gc,heap       ] GC(871) Humongous regions: 149->149
[2023-08-12T04:45:24.478+0000][gc,metaspace  ] GC(871) Metaspace: 119284K(125028K)->119284K(125028K) NonClass: 105405K(108748K)->105405K(108748K) Class: 13878K(16280K)->13878K(16280K)
[2023-08-12T04:45:24.478+0000][gc            ] GC(871) Pause Young (Normal) (G1 Evacuation Pause) 868M->334M(1024M) 10.677ms
[2023-08-12T04:45:24.478+0000][gc,cpu        ] GC(871) User=0.07s Sys=0.00s Real=0.01s
[2023-08-12T04:47:37.812+0000][gc,start      ] GC(872) Pause Young (Normal) (G1 Evacuation Pause)
[2023-08-12T04:47:37.812+0000][gc,task       ] GC(872) Using 8 workers of 8 for evacuation
[2023-08-12T04:47:37.824+0000][gc,phases     ] GC(872)   Pre Evacuate Collection Set: 0.0ms
[2023-08-12T04:47:37.824+0000][gc,phases     ] GC(872)   Evacuate Collection Set: 11.9ms
[2023-08-12T04:47:37.824+0000][gc,phases     ] GC(872)   Post Evacuate Collection Set: 0.7ms
[2023-08-12T04:47:37.825+0000][gc,phases     ] GC(872)   Other: 0.3ms
[2023-08-12T04:47:37.825+0000][gc,heap       ] GC(872) Eden regions: 538->0(536)
[2023-08-12T04:47:37.825+0000][gc,heap       ] GC(872) Survivor regions: 12->18(69)
[2023-08-12T04:47:37.825+0000][gc,heap       ] GC(872) Old regions: 175->175
[2023-08-12T04:47:37.825+0000][gc,heap       ] GC(872) Humongous regions: 149->149
[2023-08-12T04:47:37.825+0000][gc,metaspace  ] GC(872) Metaspace: 119284K(125028K)->119284K(125028K) NonClass: 105406K(108748K)->105406K(108748K) Class: 13878K(16280K)->13878K(16280K)
[2023-08-12T04:47:37.825+0000][gc            ] GC(872) Pause Young (Normal) (G1 Evacuation Pause) 872M->341M(1024M) 13.063ms
[2023-08-12T04:47:37.825+0000][gc,cpu        ] GC(872) User=0.10s Sys=0.00s Real=0.01s
[2023-08-12T04:49:54.341+0000][gc,start      ] GC(873) Pause Young (Concurrent Start) (G1 Evacuation Pause)
[2023-08-12T04:49:54.341+0000][gc,task       ] GC(873) Using 8 workers of 8 for evacuation
[2023-08-12T04:49:54.358+0000][gc,phases     ] GC(873)   Pre Evacuate Collection Set: 0.5ms
[2023-08-12T04:49:54.358+0000][gc,phases     ] GC(873)   Evacuate Collection Set: 14.8ms
[2023-08-12T04:49:54.358+0000][gc,phases     ] GC(873)   Post Evacuate Collection Set: 0.7ms
[2023-08-12T04:49:54.358+0000][gc,phases     ] GC(873)   Other: 0.4ms
[2023-08-12T04:49:54.358+0000][gc,heap       ] GC(873) Eden regions: 536->0(490)
[2023-08-12T04:49:54.358+0000][gc,heap       ] GC(873) Survivor regions: 18->24(70)
[2023-08-12T04:49:54.358+0000][gc,heap       ] GC(873) Old regions: 175->175
[2023-08-12T04:49:54.358+0000][gc,heap       ] GC(873) Humongous regions: 149->149
[2023-08-12T04:49:54.358+0000][gc,metaspace  ] GC(873) Metaspace: 119284K(125028K)->119284K(125028K) NonClass: 105406K(108748K)->105406K(108748K) Class: 13878K(16280K)->13878K(16280K)
[2023-08-12T04:49:54.358+0000][gc            ] GC(873) Pause Young (Concurrent Start) (G1 Evacuation Pause) 877M->347M(1024M) 16.505ms
[2023-08-12T04:49:54.358+0000][gc,cpu        ] GC(873) User=0.12s Sys=0.01s Real=0.01s
[2023-08-12T04:49:54.358+0000][gc            ] GC(874) Concurrent Cycle
[2023-08-12T04:49:54.358+0000][gc,marking    ] GC(874) Concurrent Clear Claimed Marks
[2023-08-12T04:49:54.358+0000][gc,marking    ] GC(874) Concurrent Clear Claimed Marks 0.251ms
[2023-08-12T04:49:54.358+0000][gc,marking    ] GC(874) Concurrent Scan Root Regions
[2023-08-12T04:49:54.373+0000][gc,marking    ] GC(874) Concurrent Scan Root Regions 14.225ms
[2023-08-12T04:49:54.373+0000][gc,marking    ] GC(874) Concurrent Mark (65285.674s)
[2023-08-12T04:49:54.373+0000][gc,marking    ] GC(874) Concurrent Mark From Roots
[2023-08-12T04:49:54.373+0000][gc,task       ] GC(874) Using 2 workers of 2 for marking
[2023-08-12T04:49:54.450+0000][gc,marking    ] GC(874) Concurrent Mark From Roots 77.152ms
[2023-08-12T04:49:54.450+0000][gc,marking    ] GC(874) Concurrent Preclean
[2023-08-12T04:49:54.450+0000][gc,marking    ] GC(874) Concurrent Preclean 0.350ms
[2023-08-12T04:49:54.450+0000][gc,marking    ] GC(874) Concurrent Mark (65285.674s, 65285.752s) 77.573ms
[2023-08-12T04:49:54.450+0000][gc,start      ] GC(874) Pause Remark
[2023-08-12T04:49:54.460+0000][gc,stringtable] GC(874) Cleaned string and symbol table, strings: 45199 processed, 0 removed, symbols: 280319 processed, 0 removed
[2023-08-12T04:49:54.461+0000][gc            ] GC(874) Pause Remark 373M->370M(1024M) 10.241ms
[2023-08-12T04:49:54.461+0000][gc,cpu        ] GC(874) User=0.08s Sys=0.00s Real=0.02s
[2023-08-12T04:49:54.461+0000][gc,marking    ] GC(874) Concurrent Rebuild Remembered Sets
[2023-08-12T04:49:54.518+0000][gc,marking    ] GC(874) Concurrent Rebuild Remembered Sets 57.402ms
[2023-08-12T04:49:54.518+0000][gc,start      ] GC(874) Pause Cleanup
[2023-08-12T04:49:54.519+0000][gc            ] GC(874) Pause Cleanup 382M->382M(1024M) 0.255ms
[2023-08-12T04:49:54.519+0000][gc,cpu        ] GC(874) User=0.00s Sys=0.00s Real=0.00s
[2023-08-12T04:49:54.519+0000][gc,marking    ] GC(874) Concurrent Cleanup for Next Mark
[2023-08-12T04:49:54.521+0000][gc,marking    ] GC(874) Concurrent Cleanup for Next Mark 2.404ms
[2023-08-12T04:49:54.521+0000][gc            ] GC(874) Concurrent Cycle 163.212ms
[2023-08-12T04:50:54.481+0000][gc,start      ] GC(875) Pause Young (Prepare Mixed) (G1 Evacuation Pause)
[2023-08-12T04:50:54.481+0000][gc,task       ] GC(875) Using 8 workers of 8 for evacuation
[2023-08-12T04:50:54.501+0000][gc,mmu        ] GC(875) MMU target violated: 20.4ms (20.0ms/21.0ms)
[2023-08-12T04:50:54.501+0000][gc,phases     ] GC(875)   Pre Evacuate Collection Set: 0.0ms
[2023-08-12T04:50:54.501+0000][gc,phases     ] GC(875)   Evacuate Collection Set: 19.5ms
[2023-08-12T04:50:54.501+0000][gc,phases     ] GC(875)   Post Evacuate Collection Set: 0.7ms
[2023-08-12T04:50:54.501+0000][gc,phases     ] GC(875)   Other: 0.4ms
[2023-08-12T04:50:54.501+0000][gc,heap       ] GC(875) Eden regions: 247->0(31)
[2023-08-12T04:50:54.501+0000][gc,heap       ] GC(875) Survivor regions: 24->20(34)
[2023-08-12T04:50:54.501+0000][gc,heap       ] GC(875) Old regions: 172->180
[2023-08-12T04:50:54.501+0000][gc,heap       ] GC(875) Humongous regions: 149->149
[2023-08-12T04:50:54.501+0000][gc,metaspace  ] GC(875) Metaspace: 119284K(125028K)->119284K(125028K) NonClass: 105406K(108748K)->105406K(108748K) Class: 13878K(16280K)->13878K(16280K)
[2023-08-12T04:50:54.502+0000][gc            ] GC(875) Pause Young (Prepare Mixed) (G1 Evacuation Pause) 591M->348M(1024M) 20.623ms
[2023-08-12T04:50:54.502+0000][gc,cpu        ] GC(875) User=0.14s Sys=0.00s Real=0.02s
[2023-08-12T04:51:02.738+0000][gc,start      ] GC(876) Pause Young (Mixed) (G1 Evacuation Pause)
[2023-08-12T04:51:02.738+0000][gc,task       ] GC(876) Using 8 workers of 8 for evacuation
[2023-08-12T04:51:02.754+0000][gc,phases     ] GC(876)   Pre Evacuate Collection Set: 0.1ms
[2023-08-12T04:51:02.754+0000][gc,phases     ] GC(876)   Evacuate Collection Set: 14.3ms
[2023-08-12T04:51:02.754+0000][gc,phases     ] GC(876)   Post Evacuate Collection Set: 0.5ms
[2023-08-12T04:51:02.754+0000][gc,phases     ] GC(876)   Other: 0.4ms
[2023-08-12T04:51:02.754+0000][gc,heap       ] GC(876) Eden regions: 31->0(469)
[2023-08-12T04:51:02.754+0000][gc,heap       ] GC(876) Survivor regions: 20->4(7)
[2023-08-12T04:51:02.754+0000][gc,heap       ] GC(876) Old regions: 180->169
[2023-08-12T04:51:02.754+0000][gc,heap       ] GC(876) Humongous regions: 149->149
[2023-08-12T04:51:02.754+0000][gc,metaspace  ] GC(876) Metaspace: 119284K(125028K)->119284K(125028K) NonClass: 105406K(108748K)->105406K(108748K) Class: 13878K(16280K)->13878K(16280K)
[2023-08-12T04:51:02.754+0000][gc            ] GC(876) Pause Young (Mixed) (G1 Evacuation Pause) 379M->321M(1024M) 15.364ms
[2023-08-12T04:51:02.754+0000][gc,cpu        ] GC(876) User=0.10s Sys=0.00s Real=0.02s
[2023-08-12T04:52:54.475+0000][gc,start      ] GC(877) Pause Young (Normal) (G1 Evacuation Pause)
[2023-08-12T04:52:54.475+0000][gc,task       ] GC(877) Using 8 workers of 8 for evacuation
[2023-08-12T04:52:54.488+0000][gc,phases     ] GC(877)   Pre Evacuate Collection Set: 0.0ms
[2023-08-12T04:52:54.488+0000][gc,phases     ] GC(877)   Evacuate Collection Set: 12.2ms
[2023-08-12T04:52:54.488+0000][gc,phases     ] GC(877)   Post Evacuate Collection Set: 0.9ms
[2023-08-12T04:52:54.488+0000][gc,phases     ] GC(877)   Other: 0.5ms
[2023-08-12T04:52:54.488+0000][gc,heap       ] GC(877) Eden regions: 469->0(457)
[2023-08-12T04:52:54.488+0000][gc,heap       ] GC(877) Survivor regions: 4->9(60)
[2023-08-12T04:52:54.488+0000][gc,heap       ] GC(877) Old regions: 169->169
[2023-08-12T04:52:54.488+0000][gc,heap       ] GC(877) Humongous regions: 149->149
[2023-08-12T04:52:54.488+0000][gc,metaspace  ] GC(877) Metaspace: 119284K(125028K)->119284K(125028K) NonClass: 105406K(108748K)->105406K(108748K) Class: 13878K(16280K)->13878K(16280K)
[2023-08-12T04:52:54.488+0000][gc            ] GC(877) Pause Young (Normal) (G1 Evacuation Pause) 790M->325M(1024M) 13.663ms
[2023-08-12T04:52:54.488+0000][gc,cpu        ] GC(877) User=0.09s Sys=0.00s Real=0.01s
[2023-08-12T04:54:53.495+0000][gc,start      ] GC(878) Pause Young (Normal) (G1 Evacuation Pause)
[2023-08-12T04:54:53.495+0000][gc,task       ] GC(878) Using 8 workers of 8 for evacuation
[2023-08-12T04:54:53.506+0000][gc,phases     ] GC(878)   Pre Evacuate Collection Set: 0.0ms
[2023-08-12T04:54:53.506+0000][gc,phases     ] GC(878)   Evacuate Collection Set: 9.2ms
[2023-08-12T04:54:53.506+0000][gc,phases     ] GC(878)   Post Evacuate Collection Set: 0.7ms
[2023-08-12T04:54:53.506+0000][gc,phases     ] GC(878)   Other: 0.4ms
[2023-08-12T04:54:53.506+0000][gc,heap       ] GC(878) Eden regions: 457->0(489)
[2023-08-12T04:54:53.506+0000][gc,heap       ] GC(878) Survivor regions: 9->13(59)
[2023-08-12T04:54:53.506+0000][gc,heap       ] GC(878) Old regions: 169->169
[2023-08-12T04:54:53.506+0000][gc,heap       ] GC(878) Humongous regions: 149->149
[2023-08-12T04:54:53.506+0000][gc,metaspace  ] GC(878) Metaspace: 119284K(125028K)->119284K(125028K) NonClass: 105406K(108748K)->105406K(108748K) Class: 13878K(16280K)->13878K(16280K)
[2023-08-12T04:54:53.506+0000][gc            ] GC(878) Pause Young (Normal) (G1 Evacuation Pause) 782M->329M(1024M) 10.433ms
[2023-08-12T04:54:53.506+0000][gc,cpu        ] GC(878) User=0.08s Sys=0.00s Real=0.01s
[2023-08-12T04:56:54.473+0000][gc,start      ] GC(879) Pause Young (Concurrent Start) (GCLocker Initiated GC)
[2023-08-12T04:56:54.473+0000][gc,task       ] GC(879) Using 8 workers of 8 for evacuation
[2023-08-12T04:56:54.488+0000][gc,phases     ] GC(879)   Pre Evacuate Collection Set: 0.5ms
[2023-08-12T04:56:54.488+0000][gc,phases     ] GC(879)   Evacuate Collection Set: 12.7ms
[2023-08-12T04:56:54.488+0000][gc,phases     ] GC(879)   Post Evacuate Collection Set: 0.7ms
[2023-08-12T04:56:54.488+0000][gc,phases     ] GC(879)   Other: 0.4ms
[2023-08-12T04:56:54.488+0000][gc,heap       ] GC(879) Eden regions: 490->0(434)
[2023-08-12T04:56:54.488+0000][gc,heap       ] GC(879) Survivor regions: 13->20(63)
[2023-08-12T04:56:54.488+0000][gc,heap       ] GC(879) Old regions: 169->169
[2023-08-12T04:56:54.488+0000][gc,heap       ] GC(879) Humongous regions: 149->149
[2023-08-12T04:56:54.488+0000][gc,metaspace  ] GC(879) Metaspace: 119284K(125028K)->119284K(125028K) NonClass: 105406K(108748K)->105406K(108748K) Class: 13878K(16280K)->13878K(16280K)
[2023-08-12T04:56:54.488+0000][gc            ] GC(879) Pause Young (Concurrent Start) (GCLocker Initiated GC) 818M->336M(1024M) 14.402ms
[2023-08-12T04:56:54.488+0000][gc,cpu        ] GC(879) User=0.10s Sys=0.00s Real=0.01s
[2023-08-12T04:56:54.488+0000][gc            ] GC(880) Concurrent Cycle
[2023-08-12T04:56:54.488+0000][gc,marking    ] GC(880) Concurrent Clear Claimed Marks
[2023-08-12T04:56:54.488+0000][gc,marking    ] GC(880) Concurrent Clear Claimed Marks 0.461ms
[2023-08-12T04:56:54.488+0000][gc,marking    ] GC(880) Concurrent Scan Root Regions
[2023-08-12T04:56:54.505+0000][gc,marking    ] GC(880) Concurrent Scan Root Regions 16.587ms
[2023-08-12T04:56:54.505+0000][gc,marking    ] GC(880) Concurrent Mark (65705.806s)
[2023-08-12T04:56:54.505+0000][gc,marking    ] GC(880) Concurrent Mark From Roots
[2023-08-12T04:56:54.505+0000][gc,task       ] GC(880) Using 2 workers of 2 for marking
[2023-08-12T04:56:54.582+0000][gc,marking    ] GC(880) Concurrent Mark From Roots 77.432ms
[2023-08-12T04:56:54.582+0000][gc,marking    ] GC(880) Concurrent Preclean
[2023-08-12T04:56:54.583+0000][gc,marking    ] GC(880) Concurrent Preclean 0.346ms
[2023-08-12T04:56:54.583+0000][gc,marking    ] GC(880) Concurrent Mark (65705.806s, 65705.884s) 77.866ms
[2023-08-12T04:56:54.583+0000][gc,start      ] GC(880) Pause Remark
[2023-08-12T04:56:54.592+0000][gc,stringtable] GC(880) Cleaned string and symbol table, strings: 45207 processed, 0 removed, symbols: 280319 processed, 0 removed
[2023-08-12T04:56:54.593+0000][gc            ] GC(880) Pause Remark 343M->342M(1024M) 9.659ms
[2023-08-12T04:56:54.593+0000][gc,cpu        ] GC(880) User=0.07s Sys=0.00s Real=0.01s
[2023-08-12T04:56:54.593+0000][gc,marking    ] GC(880) Concurrent Rebuild Remembered Sets
[2023-08-12T04:56:54.634+0000][gc,marking    ] GC(880) Concurrent Rebuild Remembered Sets 41.404ms
[2023-08-12T04:56:54.634+0000][gc,start      ] GC(880) Pause Cleanup
[2023-08-12T04:56:54.635+0000][gc            ] GC(880) Pause Cleanup 342M->342M(1024M) 0.219ms
[2023-08-12T04:56:54.635+0000][gc,cpu        ] GC(880) User=0.00s Sys=0.00s Real=0.00s
[2023-08-12T04:56:54.635+0000][gc,marking    ] GC(880) Concurrent Cleanup for Next Mark
[2023-08-12T04:56:54.636+0000][gc,marking    ] GC(880) Concurrent Cleanup for Next Mark 1.365ms
[2023-08-12T04:56:54.636+0000][gc            ] GC(880) Concurrent Cycle 148.368ms
[2023-08-12T04:58:15.481+0000][gc,start      ] GC(881) Pause Young (Prepare Mixed) (G1 Evacuation Pause)
[2023-08-12T04:58:15.481+0000][gc,task       ] GC(881) Using 8 workers of 8 for evacuation
[2023-08-12T04:58:15.498+0000][gc,phases     ] GC(881)   Pre Evacuate Collection Set: 0.0ms
[2023-08-12T04:58:15.498+0000][gc,phases     ] GC(881)   Evacuate Collection Set: 15.2ms
[2023-08-12T04:58:15.498+0000][gc,phases     ] GC(881)   Post Evacuate Collection Set: 0.7ms
[2023-08-12T04:58:15.498+0000][gc,phases     ] GC(881)   Other: 0.4ms
[2023-08-12T04:58:15.498+0000][gc,heap       ] GC(881) Eden regions: 335->0(28)
[2023-08-12T04:58:15.498+0000][gc,heap       ] GC(881) Survivor regions: 20->23(45)
[2023-08-12T04:58:15.498+0000][gc,heap       ] GC(881) Old regions: 168->168
[2023-08-12T04:58:15.498+0000][gc,heap       ] GC(881) Humongous regions: 149->149
[2023-08-12T04:58:15.498+0000][gc,metaspace  ] GC(881) Metaspace: 119284K(125028K)->119284K(125028K) NonClass: 105406K(108748K)->105406K(108748K) Class: 13878K(16280K)->13878K(16280K)
[2023-08-12T04:58:15.498+0000][gc            ] GC(881) Pause Young (Prepare Mixed) (G1 Evacuation Pause) 670M->338M(1024M) 16.486ms
[2023-08-12T04:58:15.498+0000][gc,cpu        ] GC(881) User=0.11s Sys=0.00s Real=0.01s
[2023-08-12T04:58:24.379+0000][gc,start      ] GC(882) Pause Young (Mixed) (G1 Evacuation Pause)
[2023-08-12T04:58:24.380+0000][gc,task       ] GC(882) Using 8 workers of 8 for evacuation
[2023-08-12T04:58:24.394+0000][gc,phases     ] GC(882)   Pre Evacuate Collection Set: 0.1ms
[2023-08-12T04:58:24.394+0000][gc,phases     ] GC(882)   Evacuate Collection Set: 14.0ms
[2023-08-12T04:58:24.394+0000][gc,phases     ] GC(882)   Post Evacuate Collection Set: 0.5ms
[2023-08-12T04:58:24.394+0000][gc,phases     ] GC(882)   Other: 0.4ms
[2023-08-12T04:58:24.395+0000][gc,heap       ] GC(882) Eden regions: 28->0(552)
[2023-08-12T04:58:24.395+0000][gc,heap       ] GC(882) Survivor regions: 23->4(7)
[2023-08-12T04:58:24.395+0000][gc,heap       ] GC(882) Old regions: 168->164
[2023-08-12T04:58:24.395+0000][gc,heap       ] GC(882) Humongous regions: 149->149
[2023-08-12T04:58:24.395+0000][gc,metaspace  ] GC(882) Metaspace: 119284K(125028K)->119284K(125028K) NonClass: 105406K(108748K)->105406K(108748K) Class: 13878K(16280K)->13878K(16280K)
[2023-08-12T04:58:24.395+0000][gc            ] GC(882) Pause Young (Mixed) (G1 Evacuation Pause) 366M->316M(1024M) 15.063ms
[2023-08-12T04:58:24.395+0000][gc,cpu        ] GC(882) User=0.11s Sys=0.00s Real=0.01s
[2023-08-12T05:00:39.455+0000][gc,start      ] GC(883) Pause Young (Normal) (G1 Evacuation Pause)
[2023-08-12T05:00:39.455+0000][gc,task       ] GC(883) Using 8 workers of 8 for evacuation
[2023-08-12T05:00:39.463+0000][gc,phases     ] GC(883)   Pre Evacuate Collection Set: 0.1ms
[2023-08-12T05:00:39.464+0000][gc,phases     ] GC(883)   Evacuate Collection Set: 7.8ms
[2023-08-12T05:00:39.464+0000][gc,phases     ] GC(883)   Post Evacuate Collection Set: 0.7ms
[2023-08-12T05:00:39.464+0000][gc,phases     ] GC(883)   Other: 0.3ms
[2023-08-12T05:00:39.464+0000][gc,heap       ] GC(883) Eden regions: 552->0(551)
[2023-08-12T05:00:39.464+0000][gc,heap       ] GC(883) Survivor regions: 4->10(70)
[2023-08-12T05:00:39.464+0000][gc,heap       ] GC(883) Old regions: 164->164
[2023-08-12T05:00:39.464+0000][gc,heap       ] GC(883) Humongous regions: 149->149
[2023-08-12T05:00:39.464+0000][gc,metaspace  ] GC(883) Metaspace: 119284K(125028K)->119284K(125028K) NonClass: 105406K(108748K)->105406K(108748K) Class: 13878K(16280K)->13878K(16280K)
[2023-08-12T05:00:39.464+0000][gc            ] GC(883) Pause Young (Normal) (G1 Evacuation Pause) 868M->321M(1024M) 8.956ms
[2023-08-12T05:00:39.464+0000][gc,cpu        ] GC(883) User=0.06s Sys=0.00s Real=0.01s
[2023-08-12T05:03:03.579+0000][gc,start      ] GC(884) Pause Young (Normal) (G1 Evacuation Pause)
[2023-08-12T05:03:03.579+0000][gc,task       ] GC(884) Using 8 workers of 8 for evacuation
[2023-08-12T05:03:03.590+0000][gc,phases     ] GC(884)   Pre Evacuate Collection Set: 0.0ms
[2023-08-12T05:03:03.590+0000][gc,phases     ] GC(884)   Evacuate Collection Set: 10.2ms
[2023-08-12T05:03:03.590+0000][gc,phases     ] GC(884)   Post Evacuate Collection Set: 0.7ms
[2023-08-12T05:03:03.590+0000][gc,phases     ] GC(884)   Other: 0.4ms
[2023-08-12T05:03:03.590+0000][gc,heap       ] GC(884) Eden regions: 551->0(551)
[2023-08-12T05:03:03.590+0000][gc,heap       ] GC(884) Survivor regions: 10->15(71)
[2023-08-12T05:03:03.590+0000][gc,heap       ] GC(884) Old regions: 164->164
[2023-08-12T05:03:03.590+0000][gc,heap       ] GC(884) Humongous regions: 149->149
[2023-08-12T05:03:03.590+0000][gc,metaspace  ] GC(884) Metaspace: 119284K(125028K)->119284K(125028K) NonClass: 105406K(108748K)->105406K(108748K) Class: 13878K(16280K)->13878K(16280K)
[2023-08-12T05:03:03.590+0000][gc            ] GC(884) Pause Young (Normal) (G1 Evacuation Pause) 872M->326M(1024M) 11.468ms
[2023-08-12T05:03:03.590+0000][gc,cpu        ] GC(884) User=0.08s Sys=0.00s Real=0.01s
[2023-08-12T05:05:24.371+0000][gc,start      ] GC(885) Pause Young (Concurrent Start) (G1 Evacuation Pause)
[2023-08-12T05:05:24.371+0000][gc,task       ] GC(885) Using 8 workers of 8 for evacuation
[2023-08-12T05:05:24.385+0000][gc,phases     ] GC(885)   Pre Evacuate Collection Set: 0.5ms
[2023-08-12T05:05:24.385+0000][gc,phases     ] GC(885)   Evacuate Collection Set: 13.3ms
[2023-08-12T05:05:24.385+0000][gc,phases     ] GC(885)   Post Evacuate Collection Set: 0.7ms
[2023-08-12T05:05:24.385+0000][gc,phases     ] GC(885)   Other: 0.4ms
[2023-08-12T05:05:24.385+0000][gc,heap       ] GC(885) Eden regions: 551->0(549)
[2023-08-12T05:05:24.385+0000][gc,heap       ] GC(885) Survivor regions: 15->22(71)
[2023-08-12T05:05:24.385+0000][gc,heap       ] GC(885) Old regions: 164->164
[2023-08-12T05:05:24.385+0000][gc,heap       ] GC(885) Humongous regions: 149->149
[2023-08-12T05:05:24.385+0000][gc,metaspace  ] GC(885) Metaspace: 119284K(125028K)->119284K(125028K) NonClass: 105406K(108748K)->105406K(108748K) Class: 13878K(16280K)->13878K(16280K)
[2023-08-12T05:05:24.385+0000][gc            ] GC(885) Pause Young (Concurrent Start) (G1 Evacuation Pause) 877M->334M(1024M) 14.915ms
[2023-08-12T05:05:24.385+0000][gc,cpu        ] GC(885) User=0.10s Sys=0.00s Real=0.02s
[2023-08-12T05:05:24.386+0000][gc            ] GC(886) Concurrent Cycle
[2023-08-12T05:05:24.386+0000][gc,marking    ] GC(886) Concurrent Clear Claimed Marks
[2023-08-12T05:05:24.386+0000][gc,marking    ] GC(886) Concurrent Clear Claimed Marks 0.202ms
[2023-08-12T05:05:24.386+0000][gc,marking    ] GC(886) Concurrent Scan Root Regions
[2023-08-12T05:05:24.394+0000][gc,marking    ] GC(886) Concurrent Scan Root Regions 8.285ms
[2023-08-12T05:05:24.394+0000][gc,marking    ] GC(886) Concurrent Mark (66215.695s)
[2023-08-12T05:05:24.394+0000][gc,marking    ] GC(886) Concurrent Mark From Roots
[2023-08-12T05:05:24.394+0000][gc,task       ] GC(886) Using 2 workers of 2 for marking
[2023-08-12T05:05:24.469+0000][gc,marking    ] GC(886) Concurrent Mark From Roots 75.001ms
[2023-08-12T05:05:24.469+0000][gc,marking    ] GC(886) Concurrent Preclean
[2023-08-12T05:05:24.469+0000][gc,marking    ] GC(886) Concurrent Preclean 0.343ms
[2023-08-12T05:05:24.469+0000][gc,marking    ] GC(886) Concurrent Mark (66215.695s, 66215.771s) 75.408ms
[2023-08-12T05:05:24.470+0000][gc,start      ] GC(886) Pause Remark
[2023-08-12T05:05:24.479+0000][gc,stringtable] GC(886) Cleaned string and symbol table, strings: 45213 processed, 7 removed, symbols: 280319 processed, 0 removed
[2023-08-12T05:05:24.479+0000][gc            ] GC(886) Pause Remark 350M->350M(1024M) 9.558ms
[2023-08-12T05:05:24.479+0000][gc,cpu        ] GC(886) User=0.07s Sys=0.00s Real=0.02s
[2023-08-12T05:05:24.479+0000][gc,marking    ] GC(886) Concurrent Rebuild Remembered Sets
[2023-08-12T05:05:24.526+0000][gc,marking    ] GC(886) Concurrent Rebuild Remembered Sets 46.941ms
[2023-08-12T05:05:24.527+0000][gc,start      ] GC(886) Pause Cleanup
[2023-08-12T05:05:24.527+0000][gc            ] GC(886) Pause Cleanup 361M->361M(1024M) 0.254ms
[2023-08-12T05:05:24.527+0000][gc,cpu        ] GC(886) User=0.00s Sys=0.00s Real=0.00s
[2023-08-12T05:05:24.527+0000][gc,marking    ] GC(886) Concurrent Cleanup for Next Mark
[2023-08-12T05:05:24.528+0000][gc,marking    ] GC(886) Concurrent Cleanup for Next Mark 1.356ms
[2023-08-12T05:05:24.528+0000][gc            ] GC(886) Concurrent Cycle 142.758ms
[2023-08-12T05:06:54.778+0000][gc,start      ] GC(887) Pause Young (Prepare Mixed) (G1 Evacuation Pause)
[2023-08-12T05:06:54.778+0000][gc,task       ] GC(887) Using 8 workers of 8 for evacuation
[2023-08-12T05:06:54.795+0000][gc,phases     ] GC(887)   Pre Evacuate Collection Set: 0.0ms
[2023-08-12T05:06:54.795+0000][gc,phases     ] GC(887)   Evacuate Collection Set: 15.7ms
[2023-08-12T05:06:54.795+0000][gc,phases     ] GC(887)   Post Evacuate Collection Set: 0.7ms
[2023-08-12T05:06:54.795+0000][gc,phases     ] GC(887)   Other: 0.4ms
[2023-08-12T05:06:54.795+0000][gc,heap       ] GC(887) Eden regions: 407->0(24)
[2023-08-12T05:06:54.795+0000][gc,heap       ] GC(887) Survivor regions: 22->27(54)
[2023-08-12T05:06:54.795+0000][gc,heap       ] GC(887) Old regions: 164->164
[2023-08-12T05:06:54.795+0000][gc,heap       ] GC(887) Humongous regions: 149->149
[2023-08-12T05:06:54.795+0000][gc,metaspace  ] GC(887) Metaspace: 119284K(125028K)->119284K(125028K) NonClass: 105406K(108748K)->105406K(108748K) Class: 13878K(16280K)->13878K(16280K)
[2023-08-12T05:06:54.795+0000][gc            ] GC(887) Pause Young (Prepare Mixed) (G1 Evacuation Pause) 741M->338M(1024M) 16.913ms
[2023-08-12T05:06:54.795+0000][gc,cpu        ] GC(887) User=0.13s Sys=0.00s Real=0.02s
[2023-08-12T05:06:59.983+0000][gc,start      ] GC(888) Pause Young (Mixed) (G1 Evacuation Pause)
[2023-08-12T05:06:59.983+0000][gc,task       ] GC(888) Using 8 workers of 8 for evacuation
[2023-08-12T05:06:59.999+0000][gc,phases     ] GC(888)   Pre Evacuate Collection Set: 0.1ms
[2023-08-12T05:06:59.999+0000][gc,phases     ] GC(888)   Evacuate Collection Set: 15.5ms
[2023-08-12T05:06:59.999+0000][gc,phases     ] GC(888)   Post Evacuate Collection Set: 0.6ms
[2023-08-12T05:06:59.999+0000][gc,phases     ] GC(888)   Other: 0.4ms
[2023-08-12T05:06:59.999+0000][gc,heap       ] GC(888) Eden regions: 24->0(561)
[2023-08-12T05:06:59.999+0000][gc,heap       ] GC(888) Survivor regions: 27->4(7)
[2023-08-12T05:06:59.999+0000][gc,heap       ] GC(888) Old regions: 164->167
[2023-08-12T05:06:59.999+0000][gc,heap       ] GC(888) Humongous regions: 149->149
[2023-08-12T05:06:59.999+0000][gc,metaspace  ] GC(888) Metaspace: 119284K(125028K)->119284K(125028K) NonClass: 105406K(108748K)->105406K(108748K) Class: 13878K(16280K)->13878K(16280K)
[2023-08-12T05:07:00.000+0000][gc            ] GC(888) Pause Young (Mixed) (G1 Evacuation Pause) 362M->319M(1024M) 16.677ms
[2023-08-12T05:07:00.000+0000][gc,cpu        ] GC(888) User=0.12s Sys=0.00s Real=0.02s
[2023-08-12T05:09:25.981+0000][gc,start      ] GC(889) Pause Young (Normal) (G1 Evacuation Pause)
[2023-08-12T05:09:25.981+0000][gc,task       ] GC(889) Using 8 workers of 8 for evacuation
[2023-08-12T05:09:25.990+0000][gc,phases     ] GC(889)   Pre Evacuate Collection Set: 0.0ms
[2023-08-12T05:09:25.990+0000][gc,phases     ] GC(889)   Evacuate Collection Set: 7.7ms
[2023-08-12T05:09:25.990+0000][gc,phases     ] GC(889)   Post Evacuate Collection Set: 0.7ms
[2023-08-12T05:09:25.990+0000][gc,phases     ] GC(889)   Other: 0.4ms
[2023-08-12T05:09:25.990+0000][gc,heap       ] GC(889) Eden regions: 561->0(560)
[2023-08-12T05:09:25.990+0000][gc,heap       ] GC(889) Survivor regions: 4->9(71)
[2023-08-12T05:09:25.990+0000][gc,heap       ] GC(889) Old regions: 167->167
[2023-08-12T05:09:25.990+0000][gc,heap       ] GC(889) Humongous regions: 149->149
[2023-08-12T05:09:25.990+0000][gc,metaspace  ] GC(889) Metaspace: 119284K(125028K)->119284K(125028K) NonClass: 105406K(108748K)->105406K(108748K) Class: 13878K(16280K)->13878K(16280K)
[2023-08-12T05:09:25.990+0000][gc            ] GC(889) Pause Young (Normal) (G1 Evacuation Pause) 880M->323M(1024M) 8.869ms
[2023-08-12T05:09:25.990+0000][gc,cpu        ] GC(889) User=0.07s Sys=0.00s Real=0.00s
[2023-08-12T05:11:54.387+0000][gc,start      ] GC(890) Pause Young (Normal) (G1 Evacuation Pause)
[2023-08-12T05:11:54.387+0000][gc,task       ] GC(890) Using 8 workers of 8 for evacuation
[2023-08-12T05:11:54.399+0000][gc,phases     ] GC(890)   Pre Evacuate Collection Set: 0.0ms
[2023-08-12T05:11:54.399+0000][gc,phases     ] GC(890)   Evacuate Collection Set: 10.9ms
[2023-08-12T05:11:54.399+0000][gc,phases     ] GC(890)   Post Evacuate Collection Set: 0.7ms
[2023-08-12T05:11:54.399+0000][gc,phases     ] GC(890)   Other: 0.4ms
[2023-08-12T05:11:54.399+0000][gc,heap       ] GC(890) Eden regions: 560->0(554)
[2023-08-12T05:11:54.399+0000][gc,heap       ] GC(890) Survivor regions: 9->17(72)
[2023-08-12T05:11:54.399+0000][gc,heap       ] GC(890) Old regions: 167->167
[2023-08-12T05:11:54.399+0000][gc,heap       ] GC(890) Humongous regions: 149->149
[2023-08-12T05:11:54.399+0000][gc,metaspace  ] GC(890) Metaspace: 119284K(125028K)->119284K(125028K) NonClass: 105406K(108748K)->105406K(108748K) Class: 13878K(16280K)->13878K(16280K)
[2023-08-12T05:11:54.399+0000][gc            ] GC(890) Pause Young (Normal) (G1 Evacuation Pause) 883M->332M(1024M) 12.090ms
[2023-08-12T05:11:54.399+0000][gc,cpu        ] GC(890) User=0.08s Sys=0.00s Real=0.01s
[2023-08-12T05:14:08.561+0000][gc,start      ] GC(891) Pause Young (Concurrent Start) (G1 Evacuation Pause)
[2023-08-12T05:14:08.561+0000][gc,task       ] GC(891) Using 8 workers of 8 for evacuation
[2023-08-12T05:14:08.576+0000][gc,phases     ] GC(891)   Pre Evacuate Collection Set: 0.5ms
[2023-08-12T05:14:08.576+0000][gc,phases     ] GC(891)   Evacuate Collection Set: 14.0ms
[2023-08-12T05:14:08.576+0000][gc,phases     ] GC(891)   Post Evacuate Collection Set: 0.7ms
[2023-08-12T05:14:08.577+0000][gc,phases     ] GC(891)   Other: 0.5ms
[2023-08-12T05:14:08.577+0000][gc,heap       ] GC(891) Eden regions: 554->0(550)
[2023-08-12T05:14:08.577+0000][gc,heap       ] GC(891) Survivor regions: 17->23(72)
[2023-08-12T05:14:08.577+0000][gc,heap       ] GC(891) Old regions: 167->167
[2023-08-12T05:14:08.577+0000][gc,heap       ] GC(891) Humongous regions: 149->149
[2023-08-12T05:14:08.577+0000][gc,metaspace  ] GC(891) Metaspace: 119284K(125028K)->119284K(125028K) NonClass: 105406K(108748K)->105406K(108748K) Class: 13878K(16280K)->13878K(16280K)
[2023-08-12T05:14:08.577+0000][gc            ] GC(891) Pause Young (Concurrent Start) (G1 Evacuation Pause) 886M->337M(1024M) 15.740ms
[2023-08-12T05:14:08.577+0000][gc,cpu        ] GC(891) User=0.11s Sys=0.00s Real=0.01s
[2023-08-12T05:14:08.577+0000][gc            ] GC(892) Concurrent Cycle
[2023-08-12T05:14:08.577+0000][gc,marking    ] GC(892) Concurrent Clear Claimed Marks
[2023-08-12T05:14:08.577+0000][gc,marking    ] GC(892) Concurrent Clear Claimed Marks 0.467ms
[2023-08-12T05:14:08.577+0000][gc,marking    ] GC(892) Concurrent Scan Root Regions
[2023-08-12T05:14:08.586+0000][gc,marking    ] GC(892) Concurrent Scan Root Regions 8.455ms
[2023-08-12T05:14:08.586+0000][gc,marking    ] GC(892) Concurrent Mark (66739.887s)
[2023-08-12T05:14:08.586+0000][gc,marking    ] GC(892) Concurrent Mark From Roots
[2023-08-12T05:14:08.586+0000][gc,task       ] GC(892) Using 2 workers of 2 for marking
[2023-08-12T05:14:08.651+0000][gc,marking    ] GC(892) Concurrent Mark From Roots 65.602ms
[2023-08-12T05:14:08.651+0000][gc,marking    ] GC(892) Concurrent Preclean
[2023-08-12T05:14:08.652+0000][gc,marking    ] GC(892) Concurrent Preclean 0.358ms
[2023-08-12T05:14:08.652+0000][gc,marking    ] GC(892) Concurrent Mark (66739.887s, 66739.953s) 66.029ms
[2023-08-12T05:14:08.652+0000][gc,start      ] GC(892) Pause Remark
[2023-08-12T05:14:08.661+0000][gc,stringtable] GC(892) Cleaned string and symbol table, strings: 45211 processed, 0 removed, symbols: 280319 processed, 0 removed
[2023-08-12T05:14:08.662+0000][gc            ] GC(892) Pause Remark 339M->339M(1024M) 9.709ms
[2023-08-12T05:14:08.662+0000][gc,cpu        ] GC(892) User=0.07s Sys=0.00s Real=0.01s
[2023-08-12T05:14:08.662+0000][gc,marking    ] GC(892) Concurrent Rebuild Remembered Sets
[2023-08-12T05:14:08.707+0000][gc,marking    ] GC(892) Concurrent Rebuild Remembered Sets 44.904ms
[2023-08-12T05:14:08.707+0000][gc,start      ] GC(892) Pause Cleanup
[2023-08-12T05:14:08.707+0000][gc            ] GC(892) Pause Cleanup 339M->339M(1024M) 0.264ms
[2023-08-12T05:14:08.707+0000][gc,cpu        ] GC(892) User=0.00s Sys=0.00s Real=0.00s
[2023-08-12T05:14:08.707+0000][gc,marking    ] GC(892) Concurrent Cleanup for Next Mark
[2023-08-12T05:14:08.709+0000][gc,marking    ] GC(892) Concurrent Cleanup for Next Mark 1.353ms
[2023-08-12T05:14:08.709+0000][gc            ] GC(892) Concurrent Cycle 131.994ms
[2023-08-12T05:16:06.240+0000][gc,start      ] GC(893) Pause Young (Prepare Mixed) (G1 Evacuation Pause)
[2023-08-12T05:16:06.240+0000][gc,task       ] GC(893) Using 8 workers of 8 for evacuation
[2023-08-12T05:16:06.261+0000][gc,mmu        ] GC(893) MMU target violated: 20.3ms (20.0ms/21.0ms)
[2023-08-12T05:16:06.261+0000][gc,phases     ] GC(893)   Pre Evacuate Collection Set: 0.0ms
[2023-08-12T05:16:06.261+0000][gc,phases     ] GC(893)   Evacuate Collection Set: 19.3ms
[2023-08-12T05:16:06.261+0000][gc,phases     ] GC(893)   Post Evacuate Collection Set: 0.7ms
[2023-08-12T05:16:06.261+0000][gc,phases     ] GC(893)   Other: 0.5ms
[2023-08-12T05:16:06.261+0000][gc,heap       ] GC(893) Eden regions: 479->0(23)
[2023-08-12T05:16:06.261+0000][gc,heap       ] GC(893) Survivor regions: 23->28(63)
[2023-08-12T05:16:06.261+0000][gc,heap       ] GC(893) Old regions: 167->167
[2023-08-12T05:16:06.261+0000][gc,heap       ] GC(893) Humongous regions: 149->149
[2023-08-12T05:16:06.261+0000][gc,metaspace  ] GC(893) Metaspace: 119284K(125028K)->119284K(125028K) NonClass: 105406K(108748K)->105406K(108748K) Class: 13878K(16280K)->13878K(16280K)
[2023-08-12T05:16:06.261+0000][gc            ] GC(893) Pause Young (Prepare Mixed) (G1 Evacuation Pause) 816M->342M(1024M) 20.591ms
[2023-08-12T05:16:06.261+0000][gc,cpu        ] GC(893) User=0.14s Sys=0.00s Real=0.02s
[2023-08-12T05:16:11.921+0000][gc,start      ] GC(894) Pause Young (Mixed) (G1 Evacuation Pause)
[2023-08-12T05:16:11.921+0000][gc,task       ] GC(894) Using 8 workers of 8 for evacuation
[2023-08-12T05:16:11.938+0000][gc,phases     ] GC(894)   Pre Evacuate Collection Set: 0.1ms
[2023-08-12T05:16:11.939+0000][gc,phases     ] GC(894)   Evacuate Collection Set: 16.4ms
[2023-08-12T05:16:11.939+0000][gc,phases     ] GC(894)   Post Evacuate Collection Set: 0.6ms
[2023-08-12T05:16:11.939+0000][gc,phases     ] GC(894)   Other: 0.4ms
[2023-08-12T05:16:11.939+0000][gc,heap       ] GC(894) Eden regions: 23->0(566)
[2023-08-12T05:16:11.939+0000][gc,heap       ] GC(894) Survivor regions: 28->4(7)
[2023-08-12T05:16:11.939+0000][gc,heap       ] GC(894) Old regions: 167->169
[2023-08-12T05:16:11.939+0000][gc,heap       ] GC(894) Humongous regions: 149->149
[2023-08-12T05:16:11.939+0000][gc,metaspace  ] GC(894) Metaspace: 119284K(125028K)->119284K(125028K) NonClass: 105406K(108748K)->105406K(108748K) Class: 13878K(16280K)->13878K(16280K)
[2023-08-12T05:16:11.939+0000][gc            ] GC(894) Pause Young (Mixed) (G1 Evacuation Pause) 365M->321M(1024M) 17.626ms
[2023-08-12T05:16:11.939+0000][gc,cpu        ] GC(894) User=0.13s Sys=0.00s Real=0.01s
[2023-08-12T05:18:32.915+0000][gc,start      ] GC(895) Pause Young (Normal) (G1 Evacuation Pause)
[2023-08-12T05:18:32.915+0000][gc,task       ] GC(895) Using 8 workers of 8 for evacuation
[2023-08-12T05:18:32.925+0000][gc,phases     ] GC(895)   Pre Evacuate Collection Set: 0.0ms
[2023-08-12T05:18:32.925+0000][gc,phases     ] GC(895)   Evacuate Collection Set: 8.1ms
[2023-08-12T05:18:32.925+0000][gc,phases     ] GC(895)   Post Evacuate Collection Set: 0.7ms
[2023-08-12T05:18:32.925+0000][gc,phases     ] GC(895)   Other: 0.4ms
[2023-08-12T05:18:32.925+0000][gc,heap       ] GC(895) Eden regions: 566->0(556)
[2023-08-12T05:18:32.925+0000][gc,heap       ] GC(895) Survivor regions: 4->13(72)
[2023-08-12T05:18:32.925+0000][gc,heap       ] GC(895) Old regions: 169->169
[2023-08-12T05:18:32.925+0000][gc,heap       ] GC(895) Humongous regions: 149->149
[2023-08-12T05:18:32.925+0000][gc,metaspace  ] GC(895) Metaspace: 119284K(125028K)->119284K(125028K) NonClass: 105406K(108748K)->105406K(108748K) Class: 13878K(16280K)->13878K(16280K)
[2023-08-12T05:18:32.925+0000][gc            ] GC(895) Pause Young (Normal) (G1 Evacuation Pause) 887M->330M(1024M) 9.345ms
[2023-08-12T05:18:32.925+0000][gc,cpu        ] GC(895) User=0.07s Sys=0.00s Real=0.01s
[2023-08-12T05:20:57.013+0000][gc,start      ] GC(896) Pause Young (Normal) (G1 Evacuation Pause)
[2023-08-12T05:20:57.013+0000][gc,task       ] GC(896) Using 8 workers of 8 for evacuation
[2023-08-12T05:20:57.025+0000][gc,phases     ] GC(896)   Pre Evacuate Collection Set: 0.0ms
[2023-08-12T05:20:57.025+0000][gc,phases     ] GC(896)   Evacuate Collection Set: 11.1ms
[2023-08-12T05:20:57.025+0000][gc,phases     ] GC(896)   Post Evacuate Collection Set: 0.7ms
[2023-08-12T05:20:57.025+0000][gc,phases     ] GC(896)   Other: 0.4ms
[2023-08-12T05:20:57.025+0000][gc,heap       ] GC(896) Eden regions: 556->0(555)
[2023-08-12T05:20:57.025+0000][gc,heap       ] GC(896) Survivor regions: 13->16(72)
[2023-08-12T05:20:57.025+0000][gc,heap       ] GC(896) Old regions: 169->169
[2023-08-12T05:20:57.025+0000][gc,heap       ] GC(896) Humongous regions: 149->149
[2023-08-12T05:20:57.025+0000][gc,metaspace  ] GC(896) Metaspace: 119284K(125028K)->119284K(125028K) NonClass: 105406K(108748K)->105406K(108748K) Class: 13878K(16280K)->13878K(16280K)
[2023-08-12T05:20:57.025+0000][gc            ] GC(896) Pause Young (Normal) (G1 Evacuation Pause) 886M->333M(1024M) 12.241ms
[2023-08-12T05:20:57.025+0000][gc,cpu        ] GC(896) User=0.08s Sys=0.00s Real=0.01s
[2023-08-12T05:23:21.424+0000][gc,start      ] GC(897) Pause Young (Concurrent Start) (G1 Evacuation Pause)
[2023-08-12T05:23:21.424+0000][gc,task       ] GC(897) Using 8 workers of 8 for evacuation
[2023-08-12T05:23:21.440+0000][gc,phases     ] GC(897)   Pre Evacuate Collection Set: 0.5ms
[2023-08-12T05:23:21.440+0000][gc,phases     ] GC(897)   Evacuate Collection Set: 14.7ms
[2023-08-12T05:23:21.440+0000][gc,phases     ] GC(897)   Post Evacuate Collection Set: 0.7ms
[2023-08-12T05:23:21.440+0000][gc,phases     ] GC(897)   Other: 0.4ms
[2023-08-12T05:23:21.440+0000][gc,heap       ] GC(897) Eden regions: 555->0(549)
[2023-08-12T05:23:21.440+0000][gc,heap       ] GC(897) Survivor regions: 16->23(72)
[2023-08-12T05:23:21.440+0000][gc,heap       ] GC(897) Old regions: 169->169
[2023-08-12T05:23:21.440+0000][gc,heap       ] GC(897) Humongous regions: 149->149
[2023-08-12T05:23:21.440+0000][gc,metaspace  ] GC(897) Metaspace: 119284K(125028K)->119284K(125028K) NonClass: 105406K(108748K)->105406K(108748K) Class: 13878K(16280K)->13878K(16280K)
[2023-08-12T05:23:21.440+0000][gc            ] GC(897) Pause Young (Concurrent Start) (G1 Evacuation Pause) 888M->340M(1024M) 16.421ms
[2023-08-12T05:23:21.440+0000][gc,cpu        ] GC(897) User=0.11s Sys=0.00s Real=0.02s
[2023-08-12T05:23:21.440+0000][gc            ] GC(898) Concurrent Cycle
[2023-08-12T05:23:21.440+0000][gc,marking    ] GC(898) Concurrent Clear Claimed Marks
[2023-08-12T05:23:21.441+0000][gc,marking    ] GC(898) Concurrent Clear Claimed Marks 0.374ms
[2023-08-12T05:23:21.441+0000][gc,marking    ] GC(898) Concurrent Scan Root Regions
[2023-08-12T05:23:21.454+0000][gc,marking    ] GC(898) Concurrent Scan Root Regions 12.856ms
[2023-08-12T05:23:21.454+0000][gc,marking    ] GC(898) Concurrent Mark (67292.755s)
[2023-08-12T05:23:21.454+0000][gc,marking    ] GC(898) Concurrent Mark From Roots
[2023-08-12T05:23:21.454+0000][gc,task       ] GC(898) Using 2 workers of 2 for marking
[2023-08-12T05:23:21.523+0000][gc,marking    ] GC(898) Concurrent Mark From Roots 69.554ms
[2023-08-12T05:23:21.523+0000][gc,marking    ] GC(898) Concurrent Preclean
[2023-08-12T05:23:21.524+0000][gc,marking    ] GC(898) Concurrent Preclean 0.367ms
[2023-08-12T05:23:21.524+0000][gc,marking    ] GC(898) Concurrent Mark (67292.755s, 67292.825s) 69.996ms
[2023-08-12T05:23:21.524+0000][gc,start      ] GC(898) Pause Remark
[2023-08-12T05:23:21.533+0000][gc,stringtable] GC(898) Cleaned string and symbol table, strings: 45211 processed, 0 removed, symbols: 280319 processed, 0 removed
[2023-08-12T05:23:21.534+0000][gc            ] GC(898) Pause Remark 343M->343M(1024M) 9.731ms
[2023-08-12T05:23:21.534+0000][gc,cpu        ] GC(898) User=0.07s Sys=0.00s Real=0.01s
[2023-08-12T05:23:21.534+0000][gc,marking    ] GC(898) Concurrent Rebuild Remembered Sets
[2023-08-12T05:23:21.576+0000][gc,marking    ] GC(898) Concurrent Rebuild Remembered Sets 41.755ms
[2023-08-12T05:23:21.576+0000][gc,start      ] GC(898) Pause Cleanup
[2023-08-12T05:23:21.576+0000][gc            ] GC(898) Pause Cleanup 343M->343M(1024M) 0.252ms
[2023-08-12T05:23:21.576+0000][gc,cpu        ] GC(898) User=0.00s Sys=0.00s Real=0.00s
[2023-08-12T05:23:21.576+0000][gc,marking    ] GC(898) Concurrent Cleanup for Next Mark
[2023-08-12T05:23:21.577+0000][gc,marking    ] GC(898) Concurrent Cleanup for Next Mark 1.356ms
[2023-08-12T05:23:21.577+0000][gc            ] GC(898) Concurrent Cycle 137.126ms
[2023-08-12T05:25:04.409+0000][gc,start      ] GC(899) Pause Young (Prepare Mixed) (G1 Evacuation Pause)
[2023-08-12T05:25:04.409+0000][gc,task       ] GC(899) Using 8 workers of 8 for evacuation
[2023-08-12T05:25:04.427+0000][gc,phases     ] GC(899)   Pre Evacuate Collection Set: 0.0ms
[2023-08-12T05:25:04.427+0000][gc,phases     ] GC(899)   Evacuate Collection Set: 16.2ms
[2023-08-12T05:25:04.427+0000][gc,phases     ] GC(899)   Post Evacuate Collection Set: 0.7ms
[2023-08-12T05:25:04.427+0000][gc,phases     ] GC(899)   Other: 0.5ms
[2023-08-12T05:25:04.427+0000][gc,heap       ] GC(899) Eden regions: 457->0(23)
[2023-08-12T05:25:04.427+0000][gc,heap       ] GC(899) Survivor regions: 23->28(60)
[2023-08-12T05:25:04.427+0000][gc,heap       ] GC(899) Old regions: 169->169
[2023-08-12T05:25:04.427+0000][gc,heap       ] GC(899) Humongous regions: 149->149
[2023-08-12T05:25:04.427+0000][gc,metaspace  ] GC(899) Metaspace: 119285K(125028K)->119285K(125028K) NonClass: 105407K(108748K)->105407K(108748K) Class: 13878K(16280K)->13878K(16280K)
[2023-08-12T05:25:04.427+0000][gc            ] GC(899) Pause Young (Prepare Mixed) (G1 Evacuation Pause) 797M->345M(1024M) 17.524ms
[2023-08-12T05:25:04.427+0000][gc,cpu        ] GC(899) User=0.13s Sys=0.00s Real=0.02s
[2023-08-12T05:25:09.557+0000][gc,start      ] GC(900) Pause Young (Mixed) (G1 Evacuation Pause)
[2023-08-12T05:25:09.557+0000][gc,task       ] GC(900) Using 8 workers of 8 for evacuation
[2023-08-12T05:25:09.573+0000][gc,phases     ] GC(900)   Pre Evacuate Collection Set: 0.1ms
[2023-08-12T05:25:09.573+0000][gc,phases     ] GC(900)   Evacuate Collection Set: 15.2ms
[2023-08-12T05:25:09.573+0000][gc,phases     ] GC(900)   Post Evacuate Collection Set: 0.5ms
[2023-08-12T05:25:09.573+0000][gc,phases     ] GC(900)   Other: 0.4ms
[2023-08-12T05:25:09.573+0000][gc,heap       ] GC(900) Eden regions: 23->0(568)
[2023-08-12T05:25:09.573+0000][gc,heap       ] GC(900) Survivor regions: 28->4(7)
[2023-08-12T05:25:09.573+0000][gc,heap       ] GC(900) Old regions: 169->168
[2023-08-12T05:25:09.573+0000][gc,heap       ] GC(900) Humongous regions: 149->149
[2023-08-12T05:25:09.573+0000][gc,metaspace  ] GC(900) Metaspace: 119285K(125028K)->119285K(125028K) NonClass: 105407K(108748K)->105407K(108748K) Class: 13878K(16280K)->13878K(16280K)
[2023-08-12T05:25:09.573+0000][gc            ] GC(900) Pause Young (Mixed) (G1 Evacuation Pause) 368M->320M(1024M) 16.318ms
[2023-08-12T05:25:09.573+0000][gc,cpu        ] GC(900) User=0.12s Sys=0.00s Real=0.02s
[2023-08-12T05:27:32.913+0000][gc,start      ] GC(901) Pause Young (Normal) (G1 Evacuation Pause)
[2023-08-12T05:27:32.913+0000][gc,task       ] GC(901) Using 8 workers of 8 for evacuation
[2023-08-12T05:27:32.923+0000][gc,phases     ] GC(901)   Pre Evacuate Collection Set: 0.0ms
[2023-08-12T05:27:32.923+0000][gc,phases     ] GC(901)   Evacuate Collection Set: 8.5ms
[2023-08-12T05:27:32.923+0000][gc,phases     ] GC(901)   Post Evacuate Collection Set: 0.7ms
[2023-08-12T05:27:32.923+0000][gc,phases     ] GC(901)   Other: 0.4ms
[2023-08-12T05:27:32.923+0000][gc,heap       ] GC(901) Eden regions: 568->0(555)
[2023-08-12T05:27:32.923+0000][gc,heap       ] GC(901) Survivor regions: 4->15(72)
[2023-08-12T05:27:32.923+0000][gc,heap       ] GC(901) Old regions: 168->168
[2023-08-12T05:27:32.923+0000][gc,heap       ] GC(901) Humongous regions: 149->149
[2023-08-12T05:27:32.923+0000][gc,metaspace  ] GC(901) Metaspace: 119285K(125028K)->119285K(125028K) NonClass: 105407K(108748K)->105407K(108748K) Class: 13878K(16280K)->13878K(16280K)
[2023-08-12T05:27:32.923+0000][gc            ] GC(901) Pause Young (Normal) (G1 Evacuation Pause) 888M->330M(1024M) 9.676ms
[2023-08-12T05:27:32.923+0000][gc,cpu        ] GC(901) User=0.07s Sys=0.00s Real=0.01s
[2023-08-12T05:30:01.131+0000][gc,start      ] GC(902) Pause Young (Normal) (G1 Evacuation Pause)
[2023-08-12T05:30:01.131+0000][gc,task       ] GC(902) Using 8 workers of 8 for evacuation
[2023-08-12T05:30:01.142+0000][gc,phases     ] GC(902)   Pre Evacuate Collection Set: 0.0ms
[2023-08-12T05:30:01.142+0000][gc,phases     ] GC(902)   Evacuate Collection Set: 10.7ms
[2023-08-12T05:30:01.142+0000][gc,phases     ] GC(902)   Post Evacuate Collection Set: 0.7ms
[2023-08-12T05:30:01.142+0000][gc,phases     ] GC(902)   Other: 0.4ms
[2023-08-12T05:30:01.142+0000][gc,heap       ] GC(902) Eden regions: 555->0(554)
[2023-08-12T05:30:01.142+0000][gc,heap       ] GC(902) Survivor regions: 15->17(72)
[2023-08-12T05:30:01.142+0000][gc,heap       ] GC(902) Old regions: 168->168
[2023-08-12T05:30:01.142+0000][gc,heap       ] GC(902) Humongous regions: 149->149
[2023-08-12T05:30:01.142+0000][gc,metaspace  ] GC(902) Metaspace: 119285K(125028K)->119285K(125028K) NonClass: 105407K(108748K)->105407K(108748K) Class: 13878K(16280K)->13878K(16280K)
[2023-08-12T05:30:01.142+0000][gc            ] GC(902) Pause Young (Normal) (G1 Evacuation Pause) 885M->332M(1024M) 11.849ms
[2023-08-12T05:30:01.142+0000][gc,cpu        ] GC(902) User=0.08s Sys=0.00s Real=0.02s
[2023-08-12T05:32:16.652+0000][gc,start      ] GC(903) Pause Young (Concurrent Start) (G1 Evacuation Pause)
[2023-08-12T05:32:16.653+0000][gc,task       ] GC(903) Using 8 workers of 8 for evacuation
[2023-08-12T05:32:16.668+0000][gc,phases     ] GC(903)   Pre Evacuate Collection Set: 0.5ms
[2023-08-12T05:32:16.668+0000][gc,phases     ] GC(903)   Evacuate Collection Set: 13.9ms
[2023-08-12T05:32:16.668+0000][gc,phases     ] GC(903)   Post Evacuate Collection Set: 0.7ms
[2023-08-12T05:32:16.668+0000][gc,phases     ] GC(903)   Other: 0.4ms
[2023-08-12T05:32:16.668+0000][gc,heap       ] GC(903) Eden regions: 554->0(549)
[2023-08-12T05:32:16.668+0000][gc,heap       ] GC(903) Survivor regions: 17->23(72)
[2023-08-12T05:32:16.668+0000][gc,heap       ] GC(903) Old regions: 168->168
[2023-08-12T05:32:16.668+0000][gc,heap       ] GC(903) Humongous regions: 149->149
[2023-08-12T05:32:16.668+0000][gc,metaspace  ] GC(903) Metaspace: 119285K(125028K)->119285K(125028K) NonClass: 105407K(108748K)->105407K(108748K) Class: 13878K(16280K)->13878K(16280K)
[2023-08-12T05:32:16.668+0000][gc            ] GC(903) Pause Young (Concurrent Start) (G1 Evacuation Pause) 886M->338M(1024M) 15.604ms
[2023-08-12T05:32:16.668+0000][gc,cpu        ] GC(903) User=0.11s Sys=0.00s Real=0.01s
[2023-08-12T05:32:16.668+0000][gc            ] GC(904) Concurrent Cycle
[2023-08-12T05:32:16.668+0000][gc,marking    ] GC(904) Concurrent Clear Claimed Marks
[2023-08-12T05:32:16.668+0000][gc,marking    ] GC(904) Concurrent Clear Claimed Marks 0.208ms
[2023-08-12T05:32:16.668+0000][gc,marking    ] GC(904) Concurrent Scan Root Regions
[2023-08-12T05:32:16.677+0000][gc,marking    ] GC(904) Concurrent Scan Root Regions 8.155ms
[2023-08-12T05:32:16.677+0000][gc,marking    ] GC(904) Concurrent Mark (67827.978s)
[2023-08-12T05:32:16.677+0000][gc,marking    ] GC(904) Concurrent Mark From Roots
[2023-08-12T05:32:16.677+0000][gc,task       ] GC(904) Using 2 workers of 2 for marking
[2023-08-12T05:32:16.741+0000][gc,marking    ] GC(904) Concurrent Mark From Roots 64.799ms
[2023-08-12T05:32:16.741+0000][gc,marking    ] GC(904) Concurrent Preclean
[2023-08-12T05:32:16.742+0000][gc,marking    ] GC(904) Concurrent Preclean 0.354ms
[2023-08-12T05:32:16.742+0000][gc,marking    ] GC(904) Concurrent Mark (67827.978s, 67828.043s) 65.217ms
[2023-08-12T05:32:16.742+0000][gc,start      ] GC(904) Pause Remark
[2023-08-12T05:32:16.752+0000][gc,stringtable] GC(904) Cleaned string and symbol table, strings: 45211 processed, 0 removed, symbols: 280319 processed, 0 removed
[2023-08-12T05:32:16.752+0000][gc            ] GC(904) Pause Remark 339M->339M(1024M) 10.374ms
[2023-08-12T05:32:16.752+0000][gc,cpu        ] GC(904) User=0.07s Sys=0.00s Real=0.01s
[2023-08-12T05:32:16.753+0000][gc,marking    ] GC(904) Concurrent Rebuild Remembered Sets
[2023-08-12T05:32:16.794+0000][gc,marking    ] GC(904) Concurrent Rebuild Remembered Sets 41.846ms
[2023-08-12T05:32:16.795+0000][gc,start      ] GC(904) Pause Cleanup
[2023-08-12T05:32:16.795+0000][gc            ] GC(904) Pause Cleanup 339M->339M(1024M) 0.259ms
[2023-08-12T05:32:16.795+0000][gc,cpu        ] GC(904) User=0.00s Sys=0.00s Real=0.00s
[2023-08-12T05:32:16.795+0000][gc,marking    ] GC(904) Concurrent Cleanup for Next Mark
[2023-08-12T05:32:16.796+0000][gc,marking    ] GC(904) Concurrent Cleanup for Next Mark 1.365ms
[2023-08-12T05:32:16.796+0000][gc            ] GC(904) Concurrent Cycle 128.197ms
[2023-08-12T05:34:09.473+0000][gc,start      ] GC(905) Pause Young (Prepare Mixed) (G1 Evacuation Pause)
[2023-08-12T05:34:09.473+0000][gc,task       ] GC(905) Using 8 workers of 8 for evacuation
[2023-08-12T05:34:09.490+0000][gc,phases     ] GC(905)   Pre Evacuate Collection Set: 0.0ms
[2023-08-12T05:34:09.490+0000][gc,phases     ] GC(905)   Evacuate Collection Set: 16.2ms
[2023-08-12T05:34:09.490+0000][gc,phases     ] GC(905)   Post Evacuate Collection Set: 0.7ms
[2023-08-12T05:34:09.490+0000][gc,phases     ] GC(905)   Other: 0.5ms
[2023-08-12T05:34:09.490+0000][gc,heap       ] GC(905) Eden regions: 471->0(23)
[2023-08-12T05:34:09.490+0000][gc,heap       ] GC(905) Survivor regions: 23->28(62)
[2023-08-12T05:34:09.490+0000][gc,heap       ] GC(905) Old regions: 168->168
[2023-08-12T05:34:09.490+0000][gc,heap       ] GC(905) Humongous regions: 149->149
[2023-08-12T05:34:09.490+0000][gc,metaspace  ] GC(905) Metaspace: 119285K(125028K)->119285K(125028K) NonClass: 105407K(108748K)->105407K(108748K) Class: 13878K(16280K)->13878K(16280K)
[2023-08-12T05:34:09.490+0000][gc            ] GC(905) Pause Young (Prepare Mixed) (G1 Evacuation Pause) 809M->344M(1024M) 17.491ms
[2023-08-12T05:34:09.490+0000][gc,cpu        ] GC(905) User=0.13s Sys=0.00s Real=0.01s
[2023-08-12T05:34:15.496+0000][gc,start      ] GC(906) Pause Young (Mixed) (G1 Evacuation Pause)
[2023-08-12T05:34:15.496+0000][gc,task       ] GC(906) Using 8 workers of 8 for evacuation
[2023-08-12T05:34:15.513+0000][gc,phases     ] GC(906)   Pre Evacuate Collection Set: 0.1ms
[2023-08-12T05:34:15.513+0000][gc,phases     ] GC(906)   Evacuate Collection Set: 15.9ms
[2023-08-12T05:34:15.513+0000][gc,phases     ] GC(906)   Post Evacuate Collection Set: 0.6ms
[2023-08-12T05:34:15.513+0000][gc,phases     ] GC(906)   Other: 0.4ms
[2023-08-12T05:34:15.513+0000][gc,heap       ] GC(906) Eden regions: 23->0(560)
[2023-08-12T05:34:15.513+0000][gc,heap       ] GC(906) Survivor regions: 28->4(7)
[2023-08-12T05:34:15.513+0000][gc,heap       ] GC(906) Old regions: 168->168
[2023-08-12T05:34:15.513+0000][gc,heap       ] GC(906) Humongous regions: 149->149
[2023-08-12T05:34:15.513+0000][gc,metaspace  ] GC(906) Metaspace: 119285K(125028K)->119285K(125028K) NonClass: 105407K(108748K)->105407K(108748K) Class: 13878K(16280K)->13878K(16280K)
[2023-08-12T05:34:15.513+0000][gc            ] GC(906) Pause Young (Mixed) (G1 Evacuation Pause) 367M->321M(1024M) 17.032ms
[2023-08-12T05:34:15.514+0000][gc,cpu        ] GC(906) User=0.13s Sys=0.00s Real=0.02s
[2023-08-12T05:36:32.915+0000][gc,start      ] GC(907) Pause Young (Normal) (G1 Evacuation Pause)
[2023-08-12T05:36:32.915+0000][gc,task       ] GC(907) Using 8 workers of 8 for evacuation
[2023-08-12T05:36:32.925+0000][gc,phases     ] GC(907)   Pre Evacuate Collection Set: 0.0ms
[2023-08-12T05:36:32.925+0000][gc,phases     ] GC(907)   Evacuate Collection Set: 8.7ms
[2023-08-12T05:36:32.925+0000][gc,phases     ] GC(907)   Post Evacuate Collection Set: 0.7ms
[2023-08-12T05:36:32.925+0000][gc,phases     ] GC(907)   Other: 0.4ms
[2023-08-12T05:36:32.925+0000][gc,heap       ] GC(907) Eden regions: 560->0(549)
[2023-08-12T05:36:32.925+0000][gc,heap       ] GC(907) Survivor regions: 4->15(71)
[2023-08-12T05:36:32.925+0000][gc,heap       ] GC(907) Old regions: 168->168
[2023-08-12T05:36:32.925+0000][gc,heap       ] GC(907) Humongous regions: 149->149
[2023-08-12T05:36:32.925+0000][gc,metaspace  ] GC(907) Metaspace: 119285K(125028K)->119285K(125028K) NonClass: 105407K(108748K)->105407K(108748K) Class: 13878K(16280K)->13878K(16280K)
[2023-08-12T05:36:32.925+0000][gc            ] GC(907) Pause Young (Normal) (G1 Evacuation Pause) 881M->331M(1024M) 9.838ms
[2023-08-12T05:36:32.925+0000][gc,cpu        ] GC(907) User=0.07s Sys=0.00s Real=0.01s
[2023-08-12T05:38:54.488+0000][gc,start      ] GC(908) Pause Young (Normal) (G1 Evacuation Pause)
[2023-08-12T05:38:54.489+0000][gc,task       ] GC(908) Using 8 workers of 8 for evacuation
[2023-08-12T05:38:54.501+0000][gc,phases     ] GC(908)   Pre Evacuate Collection Set: 0.0ms
[2023-08-12T05:38:54.501+0000][gc,phases     ] GC(908)   Evacuate Collection Set: 11.8ms
[2023-08-12T05:38:54.501+0000][gc,phases     ] GC(908)   Post Evacuate Collection Set: 0.7ms
[2023-08-12T05:38:54.501+0000][gc,phases     ] GC(908)   Other: 0.4ms
[2023-08-12T05:38:54.501+0000][gc,heap       ] GC(908) Eden regions: 549->0(550)
[2023-08-12T05:38:54.501+0000][gc,heap       ] GC(908) Survivor regions: 15->16(71)
[2023-08-12T05:38:54.501+0000][gc,heap       ] GC(908) Old regions: 168->168
[2023-08-12T05:38:54.502+0000][gc,heap       ] GC(908) Humongous regions: 149->149
[2023-08-12T05:38:54.502+0000][gc,metaspace  ] GC(908) Metaspace: 119286K(125028K)->119286K(125028K) NonClass: 105408K(108748K)->105408K(108748K) Class: 13878K(16280K)->13878K(16280K)
[2023-08-12T05:38:54.502+0000][gc            ] GC(908) Pause Young (Normal) (G1 Evacuation Pause) 880M->333M(1024M) 13.043ms
[2023-08-12T05:38:54.502+0000][gc,cpu        ] GC(908) User=0.09s Sys=0.00s Real=0.02s
[2023-08-12T05:41:14.563+0000][gc,start      ] GC(909) Pause Young (Concurrent Start) (G1 Evacuation Pause)
[2023-08-12T05:41:14.564+0000][gc,task       ] GC(909) Using 8 workers of 8 for evacuation
[2023-08-12T05:41:14.578+0000][gc,phases     ] GC(909)   Pre Evacuate Collection Set: 0.4ms
[2023-08-12T05:41:14.579+0000][gc,phases     ] GC(909)   Evacuate Collection Set: 13.5ms
[2023-08-12T05:41:14.579+0000][gc,phases     ] GC(909)   Post Evacuate Collection Set: 0.7ms
[2023-08-12T05:41:14.579+0000][gc,phases     ] GC(909)   Other: 0.4ms
[2023-08-12T05:41:14.579+0000][gc,heap       ] GC(909) Eden regions: 550->0(547)
[2023-08-12T05:41:14.579+0000][gc,heap       ] GC(909) Survivor regions: 16->22(71)
[2023-08-12T05:41:14.579+0000][gc,heap       ] GC(909) Old regions: 168->168
[2023-08-12T05:41:14.579+0000][gc,heap       ] GC(909) Humongous regions: 149->149
[2023-08-12T05:41:14.579+0000][gc,metaspace  ] GC(909) Metaspace: 119287K(125028K)->119287K(125028K) NonClass: 105409K(108748K)->105409K(108748K) Class: 13878K(16280K)->13878K(16280K)
[2023-08-12T05:41:14.579+0000][gc            ] GC(909) Pause Young (Concurrent Start) (G1 Evacuation Pause) 883M->339M(1024M) 15.147ms
[2023-08-12T05:41:14.579+0000][gc,cpu        ] GC(909) User=0.11s Sys=0.00s Real=0.01s
[2023-08-12T05:41:14.579+0000][gc            ] GC(910) Concurrent Cycle
[2023-08-12T05:41:14.579+0000][gc,marking    ] GC(910) Concurrent Clear Claimed Marks
[2023-08-12T05:41:14.579+0000][gc,marking    ] GC(910) Concurrent Clear Claimed Marks 0.234ms
[2023-08-12T05:41:14.579+0000][gc,marking    ] GC(910) Concurrent Scan Root Regions
[2023-08-12T05:41:14.587+0000][gc,marking    ] GC(910) Concurrent Scan Root Regions 7.914ms
[2023-08-12T05:41:14.587+0000][gc,marking    ] GC(910) Concurrent Mark (68365.888s)
[2023-08-12T05:41:14.587+0000][gc,marking    ] GC(910) Concurrent Mark From Roots
[2023-08-12T05:41:14.587+0000][gc,task       ] GC(910) Using 2 workers of 2 for marking
[2023-08-12T05:41:14.651+0000][gc,marking    ] GC(910) Concurrent Mark From Roots 64.503ms
[2023-08-12T05:41:14.651+0000][gc,marking    ] GC(910) Concurrent Preclean
[2023-08-12T05:41:14.652+0000][gc,marking    ] GC(910) Concurrent Preclean 0.360ms
[2023-08-12T05:41:14.652+0000][gc,marking    ] GC(910) Concurrent Mark (68365.888s, 68365.953s) 64.940ms
[2023-08-12T05:41:14.652+0000][gc,start      ] GC(910) Pause Remark
[2023-08-12T05:41:14.662+0000][gc,stringtable] GC(910) Cleaned string and symbol table, strings: 45224 processed, 0 removed, symbols: 280319 processed, 0 removed
[2023-08-12T05:41:14.662+0000][gc            ] GC(910) Pause Remark 341M->341M(1024M) 10.284ms
[2023-08-12T05:41:14.662+0000][gc,cpu        ] GC(910) User=0.07s Sys=0.00s Real=0.01s
[2023-08-12T05:41:14.662+0000][gc,marking    ] GC(910) Concurrent Rebuild Remembered Sets
[2023-08-12T05:41:14.705+0000][gc,marking    ] GC(910) Concurrent Rebuild Remembered Sets 42.161ms
[2023-08-12T05:41:14.705+0000][gc,start      ] GC(910) Pause Cleanup
[2023-08-12T05:41:14.705+0000][gc            ] GC(910) Pause Cleanup 342M->342M(1024M) 0.224ms
[2023-08-12T05:41:14.705+0000][gc,cpu        ] GC(910) User=0.00s Sys=0.00s Real=0.00s
[2023-08-12T05:41:14.705+0000][gc,marking    ] GC(910) Concurrent Cleanup for Next Mark
[2023-08-12T05:41:14.707+0000][gc,marking    ] GC(910) Concurrent Cleanup for Next Mark 1.360ms
[2023-08-12T05:41:14.707+0000][gc            ] GC(910) Concurrent Cycle 127.896ms
[2023-08-12T05:43:03.485+0000][gc,start      ] GC(911) Pause Young (Prepare Mixed) (G1 Evacuation Pause)
[2023-08-12T05:43:03.485+0000][gc,task       ] GC(911) Using 8 workers of 8 for evacuation
[2023-08-12T05:43:03.505+0000][gc,mmu        ] GC(911) MMU target violated: 20.2ms (20.0ms/21.0ms)
[2023-08-12T05:43:03.505+0000][gc,phases     ] GC(911)   Pre Evacuate Collection Set: 0.0ms
[2023-08-12T05:43:03.505+0000][gc,phases     ] GC(911)   Evacuate Collection Set: 19.2ms
[2023-08-12T05:43:03.506+0000][gc,phases     ] GC(911)   Post Evacuate Collection Set: 0.7ms
[2023-08-12T05:43:03.506+0000][gc,phases     ] GC(911)   Other: 0.5ms
[2023-08-12T05:43:03.506+0000][gc,heap       ] GC(911) Eden regions: 475->0(16)
[2023-08-12T05:43:03.506+0000][gc,heap       ] GC(911) Survivor regions: 22->35(63)
[2023-08-12T05:43:03.506+0000][gc,heap       ] GC(911) Old regions: 168->168
[2023-08-12T05:43:03.506+0000][gc,heap       ] GC(911) Humongous regions: 149->149
[2023-08-12T05:43:03.506+0000][gc,metaspace  ] GC(911) Metaspace: 119287K(125028K)->119287K(125028K) NonClass: 105409K(108748K)->105409K(108748K) Class: 13878K(16280K)->13878K(16280K)
[2023-08-12T05:43:03.506+0000][gc            ] GC(911) Pause Young (Prepare Mixed) (G1 Evacuation Pause) 813M->351M(1024M) 20.500ms
[2023-08-12T05:43:03.506+0000][gc,cpu        ] GC(911) User=0.15s Sys=0.00s Real=0.02s
[2023-08-12T05:43:09.155+0000][gc,start      ] GC(912) Pause Young (Mixed) (G1 Evacuation Pause)
[2023-08-12T05:43:09.155+0000][gc,task       ] GC(912) Using 8 workers of 8 for evacuation
[2023-08-12T05:43:09.175+0000][gc,mmu        ] GC(912) MMU target violated: 20.2ms (20.0ms/21.0ms)
[2023-08-12T05:43:09.175+0000][gc,phases     ] GC(912)   Pre Evacuate Collection Set: 0.1ms
[2023-08-12T05:43:09.175+0000][gc,phases     ] GC(912)   Evacuate Collection Set: 19.4ms
[2023-08-12T05:43:09.175+0000][gc,phases     ] GC(912)   Post Evacuate Collection Set: 0.6ms
[2023-08-12T05:43:09.175+0000][gc,phases     ] GC(912)   Other: 0.5ms
[2023-08-12T05:43:09.175+0000][gc,heap       ] GC(912) Eden regions: 16->0(548)
[2023-08-12T05:43:09.176+0000][gc,heap       ] GC(912) Survivor regions: 35->4(7)
[2023-08-12T05:43:09.176+0000][gc,heap       ] GC(912) Old regions: 168->176
[2023-08-12T05:43:09.176+0000][gc,heap       ] GC(912) Humongous regions: 149->149
[2023-08-12T05:43:09.176+0000][gc,metaspace  ] GC(912) Metaspace: 119288K(125028K)->119288K(125028K) NonClass: 105410K(108748K)->105410K(108748K) Class: 13878K(16280K)->13878K(16280K)
[2023-08-12T05:43:09.176+0000][gc            ] GC(912) Pause Young (Mixed) (G1 Evacuation Pause) 367M->328M(1024M) 20.612ms
[2023-08-12T05:43:09.176+0000][gc,cpu        ] GC(912) User=0.15s Sys=0.00s Real=0.02s
[2023-08-12T05:45:32.734+0000][gc,start      ] GC(913) Pause Young (Normal) (G1 Evacuation Pause)
[2023-08-12T05:45:32.734+0000][gc,task       ] GC(913) Using 8 workers of 8 for evacuation
[2023-08-12T05:45:32.744+0000][gc,phases     ] GC(913)   Pre Evacuate Collection Set: 0.0ms
[2023-08-12T05:45:32.744+0000][gc,phases     ] GC(913)   Evacuate Collection Set: 8.9ms
[2023-08-12T05:45:32.744+0000][gc,phases     ] GC(913)   Post Evacuate Collection Set: 0.8ms
[2023-08-12T05:45:32.744+0000][gc,phases     ] GC(913)   Other: 0.4ms
[2023-08-12T05:45:32.744+0000][gc,heap       ] GC(913) Eden regions: 548->0(544)
[2023-08-12T05:45:32.744+0000][gc,heap       ] GC(913) Survivor regions: 4->11(69)
[2023-08-12T05:45:32.744+0000][gc,heap       ] GC(913) Old regions: 176->176
[2023-08-12T05:45:32.744+0000][gc,heap       ] GC(913) Humongous regions: 149->149
[2023-08-12T05:45:32.744+0000][gc,metaspace  ] GC(913) Metaspace: 119288K(125028K)->119288K(125028K) NonClass: 105410K(108748K)->105410K(108748K) Class: 13878K(16280K)->13878K(16280K)
[2023-08-12T05:45:32.744+0000][gc            ] GC(913) Pause Young (Normal) (G1 Evacuation Pause) 876M->334M(1024M) 10.159ms
[2023-08-12T05:45:32.744+0000][gc,cpu        ] GC(913) User=0.07s Sys=0.00s Real=0.01s
[2023-08-12T05:47:49.721+0000][gc,start      ] GC(914) Pause Young (Normal) (G1 Evacuation Pause)
[2023-08-12T05:47:49.721+0000][gc,task       ] GC(914) Using 8 workers of 8 for evacuation
[2023-08-12T05:47:49.733+0000][gc,phases     ] GC(914)   Pre Evacuate Collection Set: 0.0ms
[2023-08-12T05:47:49.734+0000][gc,phases     ] GC(914)   Evacuate Collection Set: 11.9ms
[2023-08-12T05:47:49.734+0000][gc,phases     ] GC(914)   Post Evacuate Collection Set: 0.7ms
[2023-08-12T05:47:49.734+0000][gc,phases     ] GC(914)   Other: 0.3ms
[2023-08-12T05:47:49.734+0000][gc,heap       ] GC(914) Eden regions: 544->0(540)
[2023-08-12T05:47:49.734+0000][gc,heap       ] GC(914) Survivor regions: 11->18(70)
[2023-08-12T05:47:49.734+0000][gc,heap       ] GC(914) Old regions: 176->176
[2023-08-12T05:47:49.734+0000][gc,heap       ] GC(914) Humongous regions: 149->149
[2023-08-12T05:47:49.734+0000][gc,metaspace  ] GC(914) Metaspace: 119288K(125028K)->119288K(125028K) NonClass: 105410K(108748K)->105410K(108748K) Class: 13878K(16280K)->13878K(16280K)
[2023-08-12T05:47:49.734+0000][gc            ] GC(914) Pause Young (Normal) (G1 Evacuation Pause) 878M->342M(1024M) 12.973ms
[2023-08-12T05:47:49.734+0000][gc,cpu        ] GC(914) User=0.10s Sys=0.00s Real=0.01s
[2023-08-12T05:49:54.474+0000][gc,start      ] GC(915) Pause Young (Concurrent Start) (G1 Evacuation Pause)
[2023-08-12T05:49:54.474+0000][gc,task       ] GC(915) Using 8 workers of 8 for evacuation
[2023-08-12T05:49:54.492+0000][gc,phases     ] GC(915)   Pre Evacuate Collection Set: 0.5ms
[2023-08-12T05:49:54.493+0000][gc,phases     ] GC(915)   Evacuate Collection Set: 17.2ms
[2023-08-12T05:49:54.493+0000][gc,phases     ] GC(915)   Post Evacuate Collection Set: 0.7ms
[2023-08-12T05:49:54.493+0000][gc,phases     ] GC(915)   Other: 0.4ms
[2023-08-12T05:49:54.493+0000][gc,heap       ] GC(915) Eden regions: 540->0(447)
[2023-08-12T05:49:54.493+0000][gc,heap       ] GC(915) Survivor regions: 18->26(70)
[2023-08-12T05:49:54.493+0000][gc,heap       ] GC(915) Old regions: 176->176
[2023-08-12T05:49:54.493+0000][gc,heap       ] GC(915) Humongous regions: 149->149
[2023-08-12T05:49:54.493+0000][gc,metaspace  ] GC(915) Metaspace: 119289K(125028K)->119289K(125028K) NonClass: 105411K(108748K)->105411K(108748K) Class: 13878K(16280K)->13878K(16280K)
[2023-08-12T05:49:54.493+0000][gc            ] GC(915) Pause Young (Concurrent Start) (G1 Evacuation Pause) 882M->349M(1024M) 18.930ms
[2023-08-12T05:49:54.493+0000][gc,cpu        ] GC(915) User=0.13s Sys=0.00s Real=0.02s
[2023-08-12T05:49:54.493+0000][gc            ] GC(916) Concurrent Cycle
[2023-08-12T05:49:54.493+0000][gc,marking    ] GC(916) Concurrent Clear Claimed Marks
[2023-08-12T05:49:54.493+0000][gc,marking    ] GC(916) Concurrent Clear Claimed Marks 0.245ms
[2023-08-12T05:49:54.493+0000][gc,marking    ] GC(916) Concurrent Scan Root Regions
[2023-08-12T05:49:54.512+0000][gc,marking    ] GC(916) Concurrent Scan Root Regions 18.443ms
[2023-08-12T05:49:54.512+0000][gc,marking    ] GC(916) Concurrent Mark (68885.813s)
[2023-08-12T05:49:54.512+0000][gc,marking    ] GC(916) Concurrent Mark From Roots
[2023-08-12T05:49:54.512+0000][gc,task       ] GC(916) Using 2 workers of 2 for marking
[2023-08-12T05:49:54.584+0000][gc,marking    ] GC(916) Concurrent Mark From Roots 72.214ms
[2023-08-12T05:49:54.584+0000][gc,marking    ] GC(916) Concurrent Preclean
[2023-08-12T05:49:54.584+0000][gc,marking    ] GC(916) Concurrent Preclean 0.349ms
[2023-08-12T05:49:54.584+0000][gc,marking    ] GC(916) Concurrent Mark (68885.813s, 68885.886s) 72.628ms
[2023-08-12T05:49:54.584+0000][gc,start      ] GC(916) Pause Remark
[2023-08-12T05:49:54.594+0000][gc,stringtable] GC(916) Cleaned string and symbol table, strings: 45226 processed, 0 removed, symbols: 280319 processed, 0 removed
[2023-08-12T05:49:54.594+0000][gc            ] GC(916) Pause Remark 355M->354M(1024M) 9.647ms
[2023-08-12T05:49:54.594+0000][gc,cpu        ] GC(916) User=0.07s Sys=0.00s Real=0.01s
[2023-08-12T05:49:54.594+0000][gc,marking    ] GC(916) Concurrent Rebuild Remembered Sets
[2023-08-12T05:49:54.635+0000][gc,marking    ] GC(916) Concurrent Rebuild Remembered Sets 40.969ms
[2023-08-12T05:49:54.635+0000][gc,start      ] GC(916) Pause Cleanup
[2023-08-12T05:49:54.636+0000][gc            ] GC(916) Pause Cleanup 355M->355M(1024M) 0.244ms
[2023-08-12T05:49:54.636+0000][gc,cpu        ] GC(916) User=0.00s Sys=0.00s Real=0.00s
[2023-08-12T05:49:54.636+0000][gc,marking    ] GC(916) Concurrent Cleanup for Next Mark
[2023-08-12T05:49:54.637+0000][gc,marking    ] GC(916) Concurrent Cleanup for Next Mark 1.350ms
[2023-08-12T05:49:54.637+0000][gc            ] GC(916) Concurrent Cycle 144.456ms
[2023-08-12T05:50:39.443+0000][gc,start      ] GC(917) Pause Young (Prepare Mixed) (G1 Evacuation Pause)
[2023-08-12T05:50:39.443+0000][gc,task       ] GC(917) Using 8 workers of 8 for evacuation
[2023-08-12T05:50:39.460+0000][gc,phases     ] GC(917)   Pre Evacuate Collection Set: 0.0ms
[2023-08-12T05:50:39.460+0000][gc,phases     ] GC(917)   Evacuate Collection Set: 16.2ms
[2023-08-12T05:50:39.460+0000][gc,phases     ] GC(917)   Post Evacuate Collection Set: 0.6ms
[2023-08-12T05:50:39.460+0000][gc,phases     ] GC(917)   Other: 0.4ms
[2023-08-12T05:50:39.460+0000][gc,heap       ] GC(917) Eden regions: 155->0(39)
[2023-08-12T05:50:39.460+0000][gc,heap       ] GC(917) Survivor regions: 26->12(23)
[2023-08-12T05:50:39.460+0000][gc,heap       ] GC(917) Old regions: 175->190
[2023-08-12T05:50:39.460+0000][gc,heap       ] GC(917) Humongous regions: 149->149
[2023-08-12T05:50:39.460+0000][gc,metaspace  ] GC(917) Metaspace: 119289K(125028K)->119289K(125028K) NonClass: 105411K(108748K)->105411K(108748K) Class: 13878K(16280K)->13878K(16280K)
[2023-08-12T05:50:39.460+0000][gc            ] GC(917) Pause Young (Prepare Mixed) (G1 Evacuation Pause) 503M->350M(1024M) 17.373ms
[2023-08-12T05:50:39.460+0000][gc,cpu        ] GC(917) User=0.13s Sys=0.00s Real=0.02s
[2023-08-12T05:50:54.347+0000][gc,start      ] GC(918) Pause Young (Mixed) (G1 Evacuation Pause)
[2023-08-12T05:50:54.347+0000][gc,task       ] GC(918) Using 8 workers of 8 for evacuation
[2023-08-12T05:50:54.359+0000][gc,phases     ] GC(918)   Pre Evacuate Collection Set: 0.1ms
[2023-08-12T05:50:54.359+0000][gc,phases     ] GC(918)   Evacuate Collection Set: 10.6ms
[2023-08-12T05:50:54.359+0000][gc,phases     ] GC(918)   Post Evacuate Collection Set: 0.6ms
[2023-08-12T05:50:54.359+0000][gc,phases     ] GC(918)   Other: 0.4ms
[2023-08-12T05:50:54.359+0000][gc,heap       ] GC(918) Eden regions: 39->0(567)
[2023-08-12T05:50:54.359+0000][gc,heap       ] GC(918) Survivor regions: 12->3(7)
[2023-08-12T05:50:54.359+0000][gc,heap       ] GC(918) Old regions: 190->167
[2023-08-12T05:50:54.359+0000][gc,heap       ] GC(918) Humongous regions: 149->149
[2023-08-12T05:50:54.359+0000][gc,metaspace  ] GC(918) Metaspace: 119289K(125028K)->119289K(125028K) NonClass: 105411K(108748K)->105411K(108748K) Class: 13878K(16280K)->13878K(16280K)
[2023-08-12T05:50:54.359+0000][gc            ] GC(918) Pause Young (Mixed) (G1 Evacuation Pause) 389M->318M(1024M) 11.774ms
[2023-08-12T05:50:54.359+0000][gc,cpu        ] GC(918) User=0.07s Sys=0.01s Real=0.02s
[2023-08-12T05:53:09.459+0000][gc,start      ] GC(919) Pause Young (Normal) (G1 Evacuation Pause)
[2023-08-12T05:53:09.459+0000][gc,task       ] GC(919) Using 8 workers of 8 for evacuation
[2023-08-12T05:53:09.469+0000][gc,phases     ] GC(919)   Pre Evacuate Collection Set: 0.0ms
[2023-08-12T05:53:09.469+0000][gc,phases     ] GC(919)   Evacuate Collection Set: 8.5ms
[2023-08-12T05:53:09.469+0000][gc,phases     ] GC(919)   Post Evacuate Collection Set: 0.7ms
[2023-08-12T05:53:09.469+0000][gc,phases     ] GC(919)   Other: 0.3ms
[2023-08-12T05:53:09.469+0000][gc,heap       ] GC(919) Eden regions: 567->0(563)
[2023-08-12T05:53:09.469+0000][gc,heap       ] GC(919) Survivor regions: 3->9(72)
[2023-08-12T05:53:09.469+0000][gc,heap       ] GC(919) Old regions: 167->167
[2023-08-12T05:53:09.469+0000][gc,heap       ] GC(919) Humongous regions: 149->149
[2023-08-12T05:53:09.469+0000][gc,metaspace  ] GC(919) Metaspace: 119297K(125028K)->119297K(125028K) NonClass: 105419K(108748K)->105419K(108748K) Class: 13878K(16280K)->13878K(16280K)
[2023-08-12T05:53:09.469+0000][gc            ] GC(919) Pause Young (Normal) (G1 Evacuation Pause) 885M->325M(1024M) 9.675ms
[2023-08-12T05:53:09.469+0000][gc,cpu        ] GC(919) User=0.07s Sys=0.00s Real=0.00s
[2023-08-12T05:55:24.397+0000][gc,start      ] GC(920) Pause Young (Normal) (G1 Evacuation Pause)
[2023-08-12T05:55:24.397+0000][gc,task       ] GC(920) Using 8 workers of 8 for evacuation
[2023-08-12T05:55:24.408+0000][gc,phases     ] GC(920)   Pre Evacuate Collection Set: 0.0ms
[2023-08-12T05:55:24.408+0000][gc,phases     ] GC(920)   Evacuate Collection Set: 10.2ms
[2023-08-12T05:55:24.408+0000][gc,phases     ] GC(920)   Post Evacuate Collection Set: 0.7ms
[2023-08-12T05:55:24.408+0000][gc,phases     ] GC(920)   Other: 0.3ms
[2023-08-12T05:55:24.408+0000][gc,heap       ] GC(920) Eden regions: 563->0(559)
[2023-08-12T05:55:24.408+0000][gc,heap       ] GC(920) Survivor regions: 9->15(72)
[2023-08-12T05:55:24.408+0000][gc,heap       ] GC(920) Old regions: 167->167
[2023-08-12T05:55:24.408+0000][gc,heap       ] GC(920) Humongous regions: 149->149
[2023-08-12T05:55:24.408+0000][gc,metaspace  ] GC(920) Metaspace: 119297K(125028K)->119297K(125028K) NonClass: 105419K(108748K)->105419K(108748K) Class: 13878K(16280K)->13878K(16280K)
[2023-08-12T05:55:24.408+0000][gc            ] GC(920) Pause Young (Normal) (G1 Evacuation Pause) 888M->330M(1024M) 11.373ms
[2023-08-12T05:55:24.408+0000][gc,cpu        ] GC(920) User=0.08s Sys=0.00s Real=0.01s
[2023-08-12T05:57:39.485+0000][gc,start      ] GC(921) Pause Young (Concurrent Start) (G1 Evacuation Pause)
[2023-08-12T05:57:39.485+0000][gc,task       ] GC(921) Using 8 workers of 8 for evacuation
[2023-08-12T05:57:39.500+0000][gc,phases     ] GC(921)   Pre Evacuate Collection Set: 0.5ms
[2023-08-12T05:57:39.500+0000][gc,phases     ] GC(921)   Evacuate Collection Set: 13.7ms
[2023-08-12T05:57:39.500+0000][gc,phases     ] GC(921)   Post Evacuate Collection Set: 0.7ms
[2023-08-12T05:57:39.500+0000][gc,phases     ] GC(921)   Other: 0.4ms
[2023-08-12T05:57:39.500+0000][gc,heap       ] GC(921) Eden regions: 559->0(555)
[2023-08-12T05:57:39.500+0000][gc,heap       ] GC(921) Survivor regions: 15->21(72)
[2023-08-12T05:57:39.500+0000][gc,heap       ] GC(921) Old regions: 167->167
[2023-08-12T05:57:39.500+0000][gc,heap       ] GC(921) Humongous regions: 149->149
[2023-08-12T05:57:39.500+0000][gc,metaspace  ] GC(921) Metaspace: 119299K(125028K)->119299K(125028K) NonClass: 105420K(108748K)->105420K(108748K) Class: 13878K(16280K)->13878K(16280K)
[2023-08-12T05:57:39.500+0000][gc            ] GC(921) Pause Young (Concurrent Start) (G1 Evacuation Pause) 889M->336M(1024M) 15.359ms
[2023-08-12T05:57:39.500+0000][gc,cpu        ] GC(921) User=0.11s Sys=0.00s Real=0.02s
[2023-08-12T05:57:39.500+0000][gc            ] GC(922) Concurrent Cycle
[2023-08-12T05:57:39.500+0000][gc,marking    ] GC(922) Concurrent Clear Claimed Marks
[2023-08-12T05:57:39.500+0000][gc,marking    ] GC(922) Concurrent Clear Claimed Marks 0.173ms
[2023-08-12T05:57:39.500+0000][gc,marking    ] GC(922) Concurrent Scan Root Regions
[2023-08-12T05:57:39.509+0000][gc,marking    ] GC(922) Concurrent Scan Root Regions 9.027ms
[2023-08-12T05:57:39.509+0000][gc,marking    ] GC(922) Concurrent Mark (69350.811s)
[2023-08-12T05:57:39.509+0000][gc,marking    ] GC(922) Concurrent Mark From Roots
[2023-08-12T05:57:39.509+0000][gc,task       ] GC(922) Using 2 workers of 2 for marking
[2023-08-12T05:57:39.585+0000][gc,marking    ] GC(922) Concurrent Mark From Roots 76.097ms
[2023-08-12T05:57:39.585+0000][gc,marking    ] GC(922) Concurrent Preclean
[2023-08-12T05:57:39.586+0000][gc,marking    ] GC(922) Concurrent Preclean 0.384ms
[2023-08-12T05:57:39.586+0000][gc,marking    ] GC(922) Concurrent Mark (69350.811s, 69350.887s) 76.562ms
[2023-08-12T05:57:39.586+0000][gc,start      ] GC(922) Pause Remark
[2023-08-12T05:57:39.596+0000][gc,stringtable] GC(922) Cleaned string and symbol table, strings: 45237 processed, 0 removed, symbols: 280319 processed, 0 removed
[2023-08-12T05:57:39.596+0000][gc            ] GC(922) Pause Remark 341M->340M(1024M) 9.771ms
[2023-08-12T05:57:39.596+0000][gc,cpu        ] GC(922) User=0.07s Sys=0.00s Real=0.01s
[2023-08-12T05:57:39.596+0000][gc,marking    ] GC(922) Concurrent Rebuild Remembered Sets
[2023-08-12T05:57:39.645+0000][gc,marking    ] GC(922) Concurrent Rebuild Remembered Sets 49.077ms
[2023-08-12T05:57:39.645+0000][gc,start      ] GC(922) Pause Cleanup
[2023-08-12T05:57:39.645+0000][gc            ] GC(922) Pause Cleanup 340M->340M(1024M) 0.258ms
[2023-08-12T05:57:39.646+0000][gc,cpu        ] GC(922) User=0.00s Sys=0.00s Real=0.00s
[2023-08-12T05:57:39.646+0000][gc,marking    ] GC(922) Concurrent Cleanup for Next Mark
[2023-08-12T05:57:39.647+0000][gc,marking    ] GC(922) Concurrent Cleanup for Next Mark 1.372ms
[2023-08-12T05:57:39.647+0000][gc            ] GC(922) Concurrent Cycle 146.978ms
[2023-08-12T06:00:01.226+0000][gc,start      ] GC(923) Pause Young (Prepare Mixed) (G1 Evacuation Pause)
[2023-08-12T06:00:01.226+0000][gc,task       ] GC(923) Using 8 workers of 8 for evacuation
[2023-08-12T06:00:01.247+0000][gc,mmu        ] GC(923) MMU target violated: 20.8ms (20.0ms/21.0ms)
[2023-08-12T06:00:01.247+0000][gc,phases     ] GC(923)   Pre Evacuate Collection Set: 0.0ms
[2023-08-12T06:00:01.247+0000][gc,phases     ] GC(923)   Evacuate Collection Set: 19.7ms
[2023-08-12T06:00:01.247+0000][gc,phases     ] GC(923)   Post Evacuate Collection Set: 0.8ms
[2023-08-12T06:00:01.247+0000][gc,phases     ] GC(923)   Other: 0.5ms
[2023-08-12T06:00:01.247+0000][gc,heap       ] GC(923) Eden regions: 521->0(23)
[2023-08-12T06:00:01.247+0000][gc,heap       ] GC(923) Survivor regions: 21->28(68)
[2023-08-12T06:00:01.247+0000][gc,heap       ] GC(923) Old regions: 166->166
[2023-08-12T06:00:01.247+0000][gc,heap       ] GC(923) Humongous regions: 149->149
[2023-08-12T06:00:01.247+0000][gc,metaspace  ] GC(923) Metaspace: 119299K(125028K)->119299K(125028K) NonClass: 105420K(108748K)->105420K(108748K) Class: 13878K(16280K)->13878K(16280K)
[2023-08-12T06:00:01.247+0000][gc            ] GC(923) Pause Young (Prepare Mixed) (G1 Evacuation Pause) 856M->342M(1024M) 21.053ms
[2023-08-12T06:00:01.247+0000][gc,cpu        ] GC(923) User=0.14s Sys=0.00s Real=0.02s
[2023-08-12T06:00:09.450+0000][gc,start      ] GC(924) Pause Young (Mixed) (G1 Evacuation Pause)
[2023-08-12T06:00:09.450+0000][gc,task       ] GC(924) Using 8 workers of 8 for evacuation
[2023-08-12T06:00:09.467+0000][gc,phases     ] GC(924)   Pre Evacuate Collection Set: 0.1ms
[2023-08-12T06:00:09.467+0000][gc,phases     ] GC(924)   Evacuate Collection Set: 16.1ms
[2023-08-12T06:00:09.467+0000][gc,phases     ] GC(924)   Post Evacuate Collection Set: 0.6ms
[2023-08-12T06:00:09.467+0000][gc,phases     ] GC(924)   Other: 0.4ms
[2023-08-12T06:00:09.467+0000][gc,heap       ] GC(924) Eden regions: 23->0(561)
[2023-08-12T06:00:09.467+0000][gc,heap       ] GC(924) Survivor regions: 28->4(7)
[2023-08-12T06:00:09.467+0000][gc,heap       ] GC(924) Old regions: 166->169
[2023-08-12T06:00:09.467+0000][gc,heap       ] GC(924) Humongous regions: 149->149
[2023-08-12T06:00:09.467+0000][gc,metaspace  ] GC(924) Metaspace: 119299K(125028K)->119299K(125028K) NonClass: 105420K(108748K)->105420K(108748K) Class: 13878K(16280K)->13878K(16280K)
[2023-08-12T06:00:09.467+0000][gc            ] GC(924) Pause Young (Mixed) (G1 Evacuation Pause) 365M->321M(1024M) 17.215ms
[2023-08-12T06:00:09.467+0000][gc,cpu        ] GC(924) User=0.13s Sys=0.01s Real=0.02s
[2023-08-12T06:02:24.380+0000][gc,start      ] GC(925) Pause Young (Normal) (G1 Evacuation Pause)
[2023-08-12T06:02:24.380+0000][gc,task       ] GC(925) Using 8 workers of 8 for evacuation
[2023-08-12T06:02:24.389+0000][gc,phases     ] GC(925)   Pre Evacuate Collection Set: 0.0ms
[2023-08-12T06:02:24.389+0000][gc,phases     ] GC(925)   Evacuate Collection Set: 7.8ms
[2023-08-12T06:02:24.389+0000][gc,phases     ] GC(925)   Post Evacuate Collection Set: 0.6ms
[2023-08-12T06:02:24.389+0000][gc,phases     ] GC(925)   Other: 0.3ms
[2023-08-12T06:02:24.389+0000][gc,heap       ] GC(925) Eden regions: 561->0(558)
[2023-08-12T06:02:24.389+0000][gc,heap       ] GC(925) Survivor regions: 4->10(71)
[2023-08-12T06:02:24.389+0000][gc,heap       ] GC(925) Old regions: 169->169
[2023-08-12T06:02:24.389+0000][gc,heap       ] GC(925) Humongous regions: 149->149
[2023-08-12T06:02:24.389+0000][gc,metaspace  ] GC(925) Metaspace: 119299K(125028K)->119299K(125028K) NonClass: 105420K(108748K)->105420K(108748K) Class: 13878K(16280K)->13878K(16280K)
[2023-08-12T06:02:24.389+0000][gc            ] GC(925) Pause Young (Normal) (G1 Evacuation Pause) 882M->327M(1024M) 8.885ms
[2023-08-12T06:02:24.389+0000][gc,cpu        ] GC(925) User=0.07s Sys=0.00s Real=0.00s
[2023-08-12T06:04:39.475+0000][gc,start      ] GC(926) Pause Young (Normal) (G1 Evacuation Pause)
[2023-08-12T06:04:39.475+0000][gc,task       ] GC(926) Using 8 workers of 8 for evacuation
[2023-08-12T06:04:39.488+0000][gc,phases     ] GC(926)   Pre Evacuate Collection Set: 0.1ms
[2023-08-12T06:04:39.488+0000][gc,phases     ] GC(926)   Evacuate Collection Set: 12.1ms
[2023-08-12T06:04:39.488+0000][gc,phases     ] GC(926)   Post Evacuate Collection Set: 0.8ms
[2023-08-12T06:04:39.488+0000][gc,phases     ] GC(926)   Other: 0.5ms
[2023-08-12T06:04:39.488+0000][gc,heap       ] GC(926) Eden regions: 558->0(554)
[2023-08-12T06:04:39.488+0000][gc,heap       ] GC(926) Survivor regions: 10->16(71)
[2023-08-12T06:04:39.488+0000][gc,heap       ] GC(926) Old regions: 169->169
[2023-08-12T06:04:39.488+0000][gc,heap       ] GC(926) Humongous regions: 149->149
[2023-08-12T06:04:39.488+0000][gc,metaspace  ] GC(926) Metaspace: 119299K(125028K)->119299K(125028K) NonClass: 105420K(108748K)->105420K(108748K) Class: 13878K(16280K)->13878K(16280K)
[2023-08-12T06:04:39.488+0000][gc            ] GC(926) Pause Young (Normal) (G1 Evacuation Pause) 885M->333M(1024M) 13.397ms
[2023-08-12T06:04:39.488+0000][gc,cpu        ] GC(926) User=0.08s Sys=0.00s Real=0.01s
[2023-08-12T06:06:54.476+0000][gc,start      ] GC(927) Pause Young (Concurrent Start) (GCLocker Initiated GC)
[2023-08-12T06:06:54.476+0000][gc,task       ] GC(927) Using 8 workers of 8 for evacuation
[2023-08-12T06:06:54.493+0000][gc,phases     ] GC(927)   Pre Evacuate Collection Set: 0.5ms
[2023-08-12T06:06:54.493+0000][gc,phases     ] GC(927)   Evacuate Collection Set: 15.1ms
[2023-08-12T06:06:54.493+0000][gc,phases     ] GC(927)   Post Evacuate Collection Set: 0.7ms
[2023-08-12T06:06:54.493+0000][gc,phases     ] GC(927)   Other: 0.4ms
[2023-08-12T06:06:54.493+0000][gc,heap       ] GC(927) Eden regions: 555->0(550)
[2023-08-12T06:06:54.493+0000][gc,heap       ] GC(927) Survivor regions: 16->22(72)
[2023-08-12T06:06:54.493+0000][gc,heap       ] GC(927) Old regions: 169->169
[2023-08-12T06:06:54.493+0000][gc,heap       ] GC(927) Humongous regions: 149->149
[2023-08-12T06:06:54.493+0000][gc,metaspace  ] GC(927) Metaspace: 119299K(125028K)->119299K(125028K) NonClass: 105420K(108748K)->105420K(108748K) Class: 13878K(16280K)->13878K(16280K)
[2023-08-12T06:06:54.493+0000][gc            ] GC(927) Pause Young (Concurrent Start) (GCLocker Initiated GC) 887M->339M(1024M) 16.785ms
[2023-08-12T06:06:54.493+0000][gc,cpu        ] GC(927) User=0.10s Sys=0.00s Real=0.02s
[2023-08-12T06:06:54.493+0000][gc            ] GC(928) Concurrent Cycle
[2023-08-12T06:06:54.493+0000][gc,marking    ] GC(928) Concurrent Clear Claimed Marks
[2023-08-12T06:06:54.493+0000][gc,marking    ] GC(928) Concurrent Clear Claimed Marks 0.185ms
[2023-08-12T06:06:54.493+0000][gc,marking    ] GC(928) Concurrent Scan Root Regions
[2023-08-12T06:06:54.505+0000][gc,marking    ] GC(928) Concurrent Scan Root Regions 11.765ms
[2023-08-12T06:06:54.505+0000][gc,marking    ] GC(928) Concurrent Mark (69905.806s)
[2023-08-12T06:06:54.505+0000][gc,marking    ] GC(928) Concurrent Mark From Roots
[2023-08-12T06:06:54.505+0000][gc,task       ] GC(928) Using 2 workers of 2 for marking
[2023-08-12T06:06:54.573+0000][gc,marking    ] GC(928) Concurrent Mark From Roots 68.278ms
[2023-08-12T06:06:54.573+0000][gc,marking    ] GC(928) Concurrent Preclean
[2023-08-12T06:06:54.574+0000][gc,marking    ] GC(928) Concurrent Preclean 0.375ms
[2023-08-12T06:06:54.574+0000][gc,marking    ] GC(928) Concurrent Mark (69905.806s, 69905.875s) 68.729ms
[2023-08-12T06:06:54.574+0000][gc,start      ] GC(928) Pause Remark
[2023-08-12T06:06:54.585+0000][gc,stringtable] GC(928) Cleaned string and symbol table, strings: 45240 processed, 7 removed, symbols: 280319 processed, 0 removed
[2023-08-12T06:06:54.585+0000][gc            ] GC(928) Pause Remark 345M->345M(1024M) 11.157ms
[2023-08-12T06:06:54.585+0000][gc,cpu        ] GC(928) User=0.08s Sys=0.00s Real=0.01s
[2023-08-12T06:06:54.585+0000][gc,marking    ] GC(928) Concurrent Rebuild Remembered Sets
[2023-08-12T06:06:54.628+0000][gc,marking    ] GC(928) Concurrent Rebuild Remembered Sets 42.820ms
[2023-08-12T06:06:54.628+0000][gc,start      ] GC(928) Pause Cleanup
[2023-08-12T06:06:54.628+0000][gc            ] GC(928) Pause Cleanup 345M->345M(1024M) 0.278ms
[2023-08-12T06:06:54.628+0000][gc,cpu        ] GC(928) User=0.00s Sys=0.00s Real=0.00s
[2023-08-12T06:06:54.628+0000][gc,marking    ] GC(928) Concurrent Cleanup for Next Mark
[2023-08-12T06:06:54.630+0000][gc,marking    ] GC(928) Concurrent Cleanup for Next Mark 1.368ms
[2023-08-12T06:06:54.630+0000][gc            ] GC(928) Concurrent Cycle 137.081ms
[2023-08-12T06:08:47.737+0000][gc,start      ] GC(929) Pause Young (Prepare Mixed) (G1 Evacuation Pause)
[2023-08-12T06:08:47.737+0000][gc,task       ] GC(929) Using 8 workers of 8 for evacuation
[2023-08-12T06:08:47.754+0000][gc,phases     ] GC(929)   Pre Evacuate Collection Set: 0.0ms
[2023-08-12T06:08:47.754+0000][gc,phases     ] GC(929)   Evacuate Collection Set: 15.7ms
[2023-08-12T06:08:47.754+0000][gc,phases     ] GC(929)   Post Evacuate Collection Set: 0.7ms
[2023-08-12T06:08:47.754+0000][gc,phases     ] GC(929)   Other: 0.4ms
[2023-08-12T06:08:47.754+0000][gc,heap       ] GC(929) Eden regions: 409->0(23)
[2023-08-12T06:08:47.754+0000][gc,heap       ] GC(929) Survivor regions: 22->28(54)
[2023-08-12T06:08:47.754+0000][gc,heap       ] GC(929) Old regions: 169->169
[2023-08-12T06:08:47.754+0000][gc,heap       ] GC(929) Humongous regions: 149->149
[2023-08-12T06:08:47.754+0000][gc,metaspace  ] GC(929) Metaspace: 119299K(125028K)->119299K(125028K) NonClass: 105420K(108748K)->105420K(108748K) Class: 13878K(16280K)->13878K(16280K)
[2023-08-12T06:08:47.754+0000][gc            ] GC(929) Pause Young (Prepare Mixed) (G1 Evacuation Pause) 748M->345M(1024M) 16.923ms
[2023-08-12T06:08:47.754+0000][gc,cpu        ] GC(929) User=0.13s Sys=0.00s Real=0.02s
[2023-08-12T06:08:54.352+0000][gc,start      ] GC(930) Pause Young (Mixed) (G1 Evacuation Pause)
[2023-08-12T06:08:54.352+0000][gc,task       ] GC(930) Using 8 workers of 8 for evacuation
[2023-08-12T06:08:54.368+0000][gc,phases     ] GC(930)   Pre Evacuate Collection Set: 0.1ms
[2023-08-12T06:08:54.368+0000][gc,phases     ] GC(930)   Evacuate Collection Set: 15.1ms
[2023-08-12T06:08:54.368+0000][gc,phases     ] GC(930)   Post Evacuate Collection Set: 0.6ms
[2023-08-12T06:08:54.368+0000][gc,phases     ] GC(930)   Other: 0.4ms
[2023-08-12T06:08:54.368+0000][gc,heap       ] GC(930) Eden regions: 23->0(569)
[2023-08-12T06:08:54.368+0000][gc,heap       ] GC(930) Survivor regions: 28->4(7)
[2023-08-12T06:08:54.368+0000][gc,heap       ] GC(930) Old regions: 169->167
[2023-08-12T06:08:54.368+0000][gc,heap       ] GC(930) Humongous regions: 149->149
[2023-08-12T06:08:54.368+0000][gc,metaspace  ] GC(930) Metaspace: 119299K(125028K)->119299K(125028K) NonClass: 105420K(108748K)->105420K(108748K) Class: 13878K(16280K)->13878K(16280K)
[2023-08-12T06:08:54.368+0000][gc            ] GC(930) Pause Young (Mixed) (G1 Evacuation Pause) 368M->319M(1024M) 16.209ms
[2023-08-12T06:08:54.368+0000][gc,cpu        ] GC(930) User=0.12s Sys=0.00s Real=0.01s
[2023-08-12T06:11:11.225+0000][gc,start      ] GC(931) Pause Young (Normal) (G1 Evacuation Pause)
[2023-08-12T06:11:11.225+0000][gc,task       ] GC(931) Using 8 workers of 8 for evacuation
[2023-08-12T06:11:11.233+0000][gc,phases     ] GC(931)   Pre Evacuate Collection Set: 0.0ms
[2023-08-12T06:11:11.233+0000][gc,phases     ] GC(931)   Evacuate Collection Set: 7.3ms
[2023-08-12T06:11:11.233+0000][gc,phases     ] GC(931)   Post Evacuate Collection Set: 0.7ms
[2023-08-12T06:11:11.233+0000][gc,phases     ] GC(931)   Other: 0.3ms
[2023-08-12T06:11:11.233+0000][gc,heap       ] GC(931) Eden regions: 569->0(566)
[2023-08-12T06:11:11.233+0000][gc,heap       ] GC(931) Survivor regions: 4->9(72)
[2023-08-12T06:11:11.233+0000][gc,heap       ] GC(931) Old regions: 167->167
[2023-08-12T06:11:11.233+0000][gc,heap       ] GC(931) Humongous regions: 149->149
[2023-08-12T06:11:11.233+0000][gc,metaspace  ] GC(931) Metaspace: 119299K(125028K)->119299K(125028K) NonClass: 105420K(108748K)->105420K(108748K) Class: 13878K(16280K)->13878K(16280K)
[2023-08-12T06:11:11.233+0000][gc            ] GC(931) Pause Young (Normal) (G1 Evacuation Pause) 888M->324M(1024M) 8.477ms
[2023-08-12T06:11:11.233+0000][gc,cpu        ] GC(931) User=0.06s Sys=0.00s Real=0.01s
[2023-08-12T06:13:24.500+0000][gc,start      ] GC(932) Pause Young (Normal) (G1 Evacuation Pause)
[2023-08-12T06:13:24.500+0000][gc,task       ] GC(932) Using 8 workers of 8 for evacuation
[2023-08-12T06:13:24.511+0000][gc,phases     ] GC(932)   Pre Evacuate Collection Set: 0.0ms
[2023-08-12T06:13:24.511+0000][gc,phases     ] GC(932)   Evacuate Collection Set: 10.4ms
[2023-08-12T06:13:24.511+0000][gc,phases     ] GC(932)   Post Evacuate Collection Set: 0.7ms
[2023-08-12T06:13:24.511+0000][gc,phases     ] GC(932)   Other: 0.4ms
[2023-08-12T06:13:24.511+0000][gc,heap       ] GC(932) Eden regions: 566->0(560)
[2023-08-12T06:13:24.511+0000][gc,heap       ] GC(932) Survivor regions: 9->16(72)
[2023-08-12T06:13:24.511+0000][gc,heap       ] GC(932) Old regions: 167->167
[2023-08-12T06:13:24.511+0000][gc,heap       ] GC(932) Humongous regions: 149->149
[2023-08-12T06:13:24.511+0000][gc,metaspace  ] GC(932) Metaspace: 119299K(125028K)->119299K(125028K) NonClass: 105421K(108748K)->105421K(108748K) Class: 13878K(16280K)->13878K(16280K)
[2023-08-12T06:13:24.511+0000][gc            ] GC(932) Pause Young (Normal) (G1 Evacuation Pause) 890M->331M(1024M) 11.588ms
[2023-08-12T06:13:24.511+0000][gc,cpu        ] GC(932) User=0.09s Sys=0.00s Real=0.01s
[2023-08-12T06:15:51.553+0000][gc,start      ] GC(933) Pause Young (Concurrent Start) (G1 Evacuation Pause)
[2023-08-12T06:15:51.553+0000][gc,task       ] GC(933) Using 8 workers of 8 for evacuation
[2023-08-12T06:15:51.570+0000][gc,phases     ] GC(933)   Pre Evacuate Collection Set: 0.5ms
[2023-08-12T06:15:51.570+0000][gc,phases     ] GC(933)   Evacuate Collection Set: 15.9ms
[2023-08-12T06:15:51.570+0000][gc,phases     ] GC(933)   Post Evacuate Collection Set: 0.7ms
[2023-08-12T06:15:51.570+0000][gc,phases     ] GC(933)   Other: 0.4ms
[2023-08-12T06:15:51.570+0000][gc,heap       ] GC(933) Eden regions: 560->0(554)
[2023-08-12T06:15:51.570+0000][gc,heap       ] GC(933) Survivor regions: 16->22(72)
[2023-08-12T06:15:51.570+0000][gc,heap       ] GC(933) Old regions: 167->167
[2023-08-12T06:15:51.570+0000][gc,heap       ] GC(933) Humongous regions: 149->149
[2023-08-12T06:15:51.570+0000][gc,metaspace  ] GC(933) Metaspace: 119299K(125028K)->119299K(125028K) NonClass: 105421K(108748K)->105421K(108748K) Class: 13878K(16280K)->13878K(16280K)
[2023-08-12T06:15:51.571+0000][gc            ] GC(933) Pause Young (Concurrent Start) (G1 Evacuation Pause) 891M->337M(1024M) 17.624ms
[2023-08-12T06:15:51.571+0000][gc,cpu        ] GC(933) User=0.11s Sys=0.00s Real=0.01s
[2023-08-12T06:15:51.571+0000][gc            ] GC(934) Concurrent Cycle
[2023-08-12T06:15:51.571+0000][gc,marking    ] GC(934) Concurrent Clear Claimed Marks
[2023-08-12T06:15:51.571+0000][gc,marking    ] GC(934) Concurrent Clear Claimed Marks 0.166ms
[2023-08-12T06:15:51.571+0000][gc,marking    ] GC(934) Concurrent Scan Root Regions
[2023-08-12T06:15:51.579+0000][gc,marking    ] GC(934) Concurrent Scan Root Regions 7.840ms
[2023-08-12T06:15:51.579+0000][gc,marking    ] GC(934) Concurrent Mark (70442.880s)
[2023-08-12T06:15:51.579+0000][gc,marking    ] GC(934) Concurrent Mark From Roots
[2023-08-12T06:15:51.579+0000][gc,task       ] GC(934) Using 2 workers of 2 for marking
[2023-08-12T06:15:51.645+0000][gc,marking    ] GC(934) Concurrent Mark From Roots 66.095ms
[2023-08-12T06:15:51.645+0000][gc,marking    ] GC(934) Concurrent Preclean
[2023-08-12T06:15:51.645+0000][gc,marking    ] GC(934) Concurrent Preclean 0.376ms
[2023-08-12T06:15:51.645+0000][gc,marking    ] GC(934) Concurrent Mark (70442.880s, 70442.947s) 66.543ms
[2023-08-12T06:15:51.645+0000][gc,start      ] GC(934) Pause Remark
[2023-08-12T06:15:51.656+0000][gc,stringtable] GC(934) Cleaned string and symbol table, strings: 45236 processed, 0 removed, symbols: 280319 processed, 0 removed
[2023-08-12T06:15:51.656+0000][gc            ] GC(934) Pause Remark 339M->339M(1024M) 10.691ms
[2023-08-12T06:15:51.656+0000][gc,cpu        ] GC(934) User=0.08s Sys=0.00s Real=0.01s
[2023-08-12T06:15:51.656+0000][gc,marking    ] GC(934) Concurrent Rebuild Remembered Sets
[2023-08-12T06:15:51.698+0000][gc,marking    ] GC(934) Concurrent Rebuild Remembered Sets 41.497ms
[2023-08-12T06:15:51.698+0000][gc,start      ] GC(934) Pause Cleanup
[2023-08-12T06:15:51.698+0000][gc            ] GC(934) Pause Cleanup 340M->340M(1024M) 0.232ms
[2023-08-12T06:15:51.698+0000][gc,cpu        ] GC(934) User=0.00s Sys=0.00s Real=0.00s
[2023-08-12T06:15:51.698+0000][gc,marking    ] GC(934) Concurrent Cleanup for Next Mark
[2023-08-12T06:15:51.700+0000][gc,marking    ] GC(934) Concurrent Cleanup for Next Mark 1.402ms
[2023-08-12T06:15:51.700+0000][gc            ] GC(934) Concurrent Cycle 129.196ms
[2023-08-12T06:18:06.366+0000][gc,start      ] GC(935) Pause Young (Prepare Mixed) (G1 Evacuation Pause)
[2023-08-12T06:18:06.366+0000][gc,task       ] GC(935) Using 8 workers of 8 for evacuation
[2023-08-12T06:18:06.383+0000][gc,phases     ] GC(935)   Pre Evacuate Collection Set: 0.0ms
[2023-08-12T06:18:06.383+0000][gc,phases     ] GC(935)   Evacuate Collection Set: 16.2ms
[2023-08-12T06:18:06.383+0000][gc,phases     ] GC(935)   Post Evacuate Collection Set: 0.8ms
[2023-08-12T06:18:06.383+0000][gc,phases     ] GC(935)   Other: 0.4ms
[2023-08-12T06:18:06.383+0000][gc,heap       ] GC(935) Eden regions: 524->0(23)
[2023-08-12T06:18:06.383+0000][gc,heap       ] GC(935) Survivor regions: 22->28(69)
[2023-08-12T06:18:06.383+0000][gc,heap       ] GC(935) Old regions: 167->167
[2023-08-12T06:18:06.383+0000][gc,heap       ] GC(935) Humongous regions: 149->149
[2023-08-12T06:18:06.383+0000][gc,metaspace  ] GC(935) Metaspace: 119299K(125028K)->119299K(125028K) NonClass: 105421K(108748K)->105421K(108748K) Class: 13878K(16280K)->13878K(16280K)
[2023-08-12T06:18:06.383+0000][gc            ] GC(935) Pause Young (Prepare Mixed) (G1 Evacuation Pause) 861M->343M(1024M) 17.558ms
[2023-08-12T06:18:06.383+0000][gc,cpu        ] GC(935) User=0.13s Sys=0.00s Real=0.02s
[2023-08-12T06:18:12.786+0000][gc,start      ] GC(936) Pause Young (Mixed) (G1 Evacuation Pause)
[2023-08-12T06:18:12.786+0000][gc,task       ] GC(936) Using 8 workers of 8 for evacuation
[2023-08-12T06:18:12.803+0000][gc,phases     ] GC(936)   Pre Evacuate Collection Set: 0.1ms
[2023-08-12T06:18:12.803+0000][gc,phases     ] GC(936)   Evacuate Collection Set: 15.9ms
[2023-08-12T06:18:12.803+0000][gc,phases     ] GC(936)   Post Evacuate Collection Set: 0.6ms
[2023-08-12T06:18:12.803+0000][gc,phases     ] GC(936)   Other: 0.4ms
[2023-08-12T06:18:12.803+0000][gc,heap       ] GC(936) Eden regions: 23->0(570)
[2023-08-12T06:18:12.803+0000][gc,heap       ] GC(936) Survivor regions: 28->4(7)
[2023-08-12T06:18:12.803+0000][gc,heap       ] GC(936) Old regions: 167->168
[2023-08-12T06:18:12.803+0000][gc,heap       ] GC(936) Humongous regions: 149->149
[2023-08-12T06:18:12.803+0000][gc,metaspace  ] GC(936) Metaspace: 119299K(125028K)->119299K(125028K) NonClass: 105421K(108748K)->105421K(108748K) Class: 13878K(16280K)->13878K(16280K)
[2023-08-12T06:18:12.803+0000][gc            ] GC(936) Pause Young (Mixed) (G1 Evacuation Pause) 366M->320M(1024M) 17.070ms
[2023-08-12T06:18:12.803+0000][gc,cpu        ] GC(936) User=0.13s Sys=0.00s Real=0.02s
[2023-08-12T06:20:25.203+0000][gc,start      ] GC(937) Pause Young (Normal) (G1 Evacuation Pause)
[2023-08-12T06:20:25.203+0000][gc,task       ] GC(937) Using 8 workers of 8 for evacuation
[2023-08-12T06:20:25.211+0000][gc,phases     ] GC(937)   Pre Evacuate Collection Set: 0.0ms
[2023-08-12T06:20:25.211+0000][gc,phases     ] GC(937)   Evacuate Collection Set: 7.4ms
[2023-08-12T06:20:25.212+0000][gc,phases     ] GC(937)   Post Evacuate Collection Set: 0.7ms
[2023-08-12T06:20:25.212+0000][gc,phases     ] GC(937)   Other: 0.4ms
[2023-08-12T06:20:25.212+0000][gc,heap       ] GC(937) Eden regions: 570->0(566)
[2023-08-12T06:20:25.212+0000][gc,heap       ] GC(937) Survivor regions: 4->9(72)
[2023-08-12T06:20:25.212+0000][gc,heap       ] GC(937) Old regions: 168->168
[2023-08-12T06:20:25.212+0000][gc,heap       ] GC(937) Humongous regions: 149->149
[2023-08-12T06:20:25.212+0000][gc,metaspace  ] GC(937) Metaspace: 119300K(125028K)->119300K(125028K) NonClass: 105422K(108748K)->105422K(108748K) Class: 13878K(16280K)->13878K(16280K)
[2023-08-12T06:20:25.212+0000][gc            ] GC(937) Pause Young (Normal) (G1 Evacuation Pause) 890M->325M(1024M) 8.628ms
[2023-08-12T06:20:25.212+0000][gc,cpu        ] GC(937) User=0.05s Sys=0.00s Real=0.01s
[2023-08-12T06:22:54.357+0000][gc,start      ] GC(938) Pause Young (Normal) (G1 Evacuation Pause)
[2023-08-12T06:22:54.357+0000][gc,task       ] GC(938) Using 8 workers of 8 for evacuation
[2023-08-12T06:22:54.368+0000][gc,phases     ] GC(938)   Pre Evacuate Collection Set: 0.0ms
[2023-08-12T06:22:54.368+0000][gc,phases     ] GC(938)   Evacuate Collection Set: 10.6ms
[2023-08-12T06:22:54.368+0000][gc,phases     ] GC(938)   Post Evacuate Collection Set: 0.7ms
[2023-08-12T06:22:54.368+0000][gc,phases     ] GC(938)   Other: 0.3ms
[2023-08-12T06:22:54.368+0000][gc,heap       ] GC(938) Eden regions: 566->0(559)
[2023-08-12T06:22:54.368+0000][gc,heap       ] GC(938) Survivor regions: 9->16(72)
[2023-08-12T06:22:54.368+0000][gc,heap       ] GC(938) Old regions: 168->168
[2023-08-12T06:22:54.368+0000][gc,heap       ] GC(938) Humongous regions: 149->149
[2023-08-12T06:22:54.368+0000][gc,metaspace  ] GC(938) Metaspace: 119300K(125028K)->119300K(125028K) NonClass: 105422K(108748K)->105422K(108748K) Class: 13878K(16280K)->13878K(16280K)
[2023-08-12T06:22:54.368+0000][gc            ] GC(938) Pause Young (Normal) (G1 Evacuation Pause) 891M->332M(1024M) 11.718ms
[2023-08-12T06:22:54.368+0000][gc,cpu        ] GC(938) User=0.09s Sys=0.00s Real=0.01s
[2023-08-12T06:25:04.529+0000][gc,start      ] GC(939) Pause Young (Concurrent Start) (G1 Evacuation Pause)
[2023-08-12T06:25:04.529+0000][gc,task       ] GC(939) Using 8 workers of 8 for evacuation
[2023-08-12T06:25:04.544+0000][gc,phases     ] GC(939)   Pre Evacuate Collection Set: 0.5ms
[2023-08-12T06:25:04.544+0000][gc,phases     ] GC(939)   Evacuate Collection Set: 13.3ms
[2023-08-12T06:25:04.544+0000][gc,phases     ] GC(939)   Post Evacuate Collection Set: 0.7ms
[2023-08-12T06:25:04.544+0000][gc,phases     ] GC(939)   Other: 0.4ms
[2023-08-12T06:25:04.544+0000][gc,heap       ] GC(939) Eden regions: 559->0(555)
[2023-08-12T06:25:04.544+0000][gc,heap       ] GC(939) Survivor regions: 16->21(72)
[2023-08-12T06:25:04.544+0000][gc,heap       ] GC(939) Old regions: 168->168
[2023-08-12T06:25:04.544+0000][gc,heap       ] GC(939) Humongous regions: 149->149
[2023-08-12T06:25:04.544+0000][gc,metaspace  ] GC(939) Metaspace: 119300K(125028K)->119300K(125028K) NonClass: 105422K(108748K)->105422K(108748K) Class: 13878K(16280K)->13878K(16280K)
[2023-08-12T06:25:04.544+0000][gc            ] GC(939) Pause Young (Concurrent Start) (G1 Evacuation Pause) 891M->337M(1024M) 14.933ms
[2023-08-12T06:25:04.544+0000][gc,cpu        ] GC(939) User=0.11s Sys=0.00s Real=0.02s
[2023-08-12T06:25:04.544+0000][gc            ] GC(940) Concurrent Cycle
[2023-08-12T06:25:04.544+0000][gc,marking    ] GC(940) Concurrent Clear Claimed Marks
[2023-08-12T06:25:04.545+0000][gc,marking    ] GC(940) Concurrent Clear Claimed Marks 0.435ms
[2023-08-12T06:25:04.545+0000][gc,marking    ] GC(940) Concurrent Scan Root Regions
[2023-08-12T06:25:04.553+0000][gc,marking    ] GC(940) Concurrent Scan Root Regions 8.291ms
[2023-08-12T06:25:04.553+0000][gc,marking    ] GC(940) Concurrent Mark (70995.855s)
[2023-08-12T06:25:04.553+0000][gc,marking    ] GC(940) Concurrent Mark From Roots
[2023-08-12T06:25:04.553+0000][gc,task       ] GC(940) Using 2 workers of 2 for marking
[2023-08-12T06:25:04.619+0000][gc,marking    ] GC(940) Concurrent Mark From Roots 66.274ms
[2023-08-12T06:25:04.620+0000][gc,marking    ] GC(940) Concurrent Preclean
[2023-08-12T06:25:04.620+0000][gc,marking    ] GC(940) Concurrent Preclean 0.360ms
[2023-08-12T06:25:04.620+0000][gc,marking    ] GC(940) Concurrent Mark (70995.855s, 70995.921s) 66.709ms
[2023-08-12T06:25:04.620+0000][gc,start      ] GC(940) Pause Remark
[2023-08-12T06:25:04.630+0000][gc,stringtable] GC(940) Cleaned string and symbol table, strings: 45247 processed, 0 removed, symbols: 280319 processed, 0 removed
[2023-08-12T06:25:04.630+0000][gc            ] GC(940) Pause Remark 340M->340M(1024M) 9.862ms
[2023-08-12T06:25:04.630+0000][gc,cpu        ] GC(940) User=0.07s Sys=0.00s Real=0.00s
[2023-08-12T06:25:04.630+0000][gc,marking    ] GC(940) Concurrent Rebuild Remembered Sets
[2023-08-12T06:25:04.672+0000][gc,marking    ] GC(940) Concurrent Rebuild Remembered Sets 41.763ms
[2023-08-12T06:25:04.672+0000][gc,start      ] GC(940) Pause Cleanup
[2023-08-12T06:25:04.672+0000][gc            ] GC(940) Pause Cleanup 340M->340M(1024M) 0.255ms
[2023-08-12T06:25:04.672+0000][gc,cpu        ] GC(940) User=0.00s Sys=0.00s Real=0.00s
[2023-08-12T06:25:04.672+0000][gc,marking    ] GC(940) Concurrent Cleanup for Next Mark
[2023-08-12T06:25:04.674+0000][gc,marking    ] GC(940) Concurrent Cleanup for Next Mark 1.345ms
[2023-08-12T06:25:04.674+0000][gc            ] GC(940) Concurrent Cycle 129.500ms
[2023-08-12T06:27:32.737+0000][gc,start      ] GC(941) Pause Young (Prepare Mixed) (G1 Evacuation Pause)
[2023-08-12T06:27:32.737+0000][gc,task       ] GC(941) Using 8 workers of 8 for evacuation
[2023-08-12T06:27:32.755+0000][gc,phases     ] GC(941)   Pre Evacuate Collection Set: 0.0ms
[2023-08-12T06:27:32.755+0000][gc,phases     ] GC(941)   Evacuate Collection Set: 16.8ms
[2023-08-12T06:27:32.755+0000][gc,phases     ] GC(941)   Post Evacuate Collection Set: 0.7ms
[2023-08-12T06:27:32.755+0000][gc,phases     ] GC(941)   Other: 0.4ms
[2023-08-12T06:27:32.755+0000][gc,heap       ] GC(941) Eden regions: 555->0(22)
[2023-08-12T06:27:32.755+0000][gc,heap       ] GC(941) Survivor regions: 21->29(72)
[2023-08-12T06:27:32.755+0000][gc,heap       ] GC(941) Old regions: 168->168
[2023-08-12T06:27:32.755+0000][gc,heap       ] GC(941) Humongous regions: 149->149
[2023-08-12T06:27:32.755+0000][gc,metaspace  ] GC(941) Metaspace: 119300K(125028K)->119300K(125028K) NonClass: 105422K(108748K)->105422K(108748K) Class: 13878K(16280K)->13878K(16280K)
[2023-08-12T06:27:32.755+0000][gc            ] GC(941) Pause Young (Prepare Mixed) (G1 Evacuation Pause) 892M->345M(1024M) 18.111ms
[2023-08-12T06:27:32.755+0000][gc,cpu        ] GC(941) User=0.13s Sys=0.00s Real=0.02s
[2023-08-12T06:27:32.903+0000][gc,start      ] GC(942) Pause Young (Mixed) (G1 Evacuation Pause)
[2023-08-12T06:27:32.903+0000][gc,task       ] GC(942) Using 8 workers of 8 for evacuation
[2023-08-12T06:27:32.921+0000][gc,phases     ] GC(942)   Pre Evacuate Collection Set: 0.1ms
[2023-08-12T06:27:32.921+0000][gc,phases     ] GC(942)   Evacuate Collection Set: 16.8ms
[2023-08-12T06:27:32.921+0000][gc,phases     ] GC(942)   Post Evacuate Collection Set: 0.6ms
[2023-08-12T06:27:32.921+0000][gc,phases     ] GC(942)   Other: 0.4ms
[2023-08-12T06:27:32.921+0000][gc,heap       ] GC(942) Eden regions: 22->0(558)
[2023-08-12T06:27:32.921+0000][gc,heap       ] GC(942) Survivor regions: 29->7(7)
[2023-08-12T06:27:32.921+0000][gc,heap       ] GC(942) Old regions: 168->171
[2023-08-12T06:27:32.921+0000][gc,heap       ] GC(942) Humongous regions: 149->149
[2023-08-12T06:27:32.921+0000][gc,metaspace  ] GC(942) Metaspace: 119300K(125028K)->119300K(125028K) NonClass: 105422K(108748K)->105422K(108748K) Class: 13878K(16280K)->13878K(16280K)
[2023-08-12T06:27:32.921+0000][gc            ] GC(942) Pause Young (Mixed) (G1 Evacuation Pause) 367M->326M(1024M) 17.939ms
[2023-08-12T06:27:32.921+0000][gc,cpu        ] GC(942) User=0.13s Sys=0.00s Real=0.02s
[2023-08-12T06:29:54.484+0000][gc,start      ] GC(943) Pause Young (Normal) (G1 Evacuation Pause)
[2023-08-12T06:29:54.484+0000][gc,task       ] GC(943) Using 8 workers of 8 for evacuation
[2023-08-12T06:29:54.493+0000][gc,phases     ] GC(943)   Pre Evacuate Collection Set: 0.0ms
[2023-08-12T06:29:54.493+0000][gc,phases     ] GC(943)   Evacuate Collection Set: 8.1ms
[2023-08-12T06:29:54.493+0000][gc,phases     ] GC(943)   Post Evacuate Collection Set: 0.7ms
[2023-08-12T06:29:54.493+0000][gc,phases     ] GC(943)   Other: 0.4ms
[2023-08-12T06:29:54.493+0000][gc,heap       ] GC(943) Eden regions: 558->0(559)
[2023-08-12T06:29:54.493+0000][gc,heap       ] GC(943) Survivor regions: 7->9(71)
[2023-08-12T06:29:54.493+0000][gc,heap       ] GC(943) Old regions: 171->171
[2023-08-12T06:29:54.493+0000][gc,heap       ] GC(943) Humongous regions: 149->149
[2023-08-12T06:29:54.493+0000][gc,metaspace  ] GC(943) Metaspace: 119300K(125028K)->119300K(125028K) NonClass: 105422K(108748K)->105422K(108748K) Class: 13878K(16280K)->13878K(16280K)
[2023-08-12T06:29:54.493+0000][gc            ] GC(943) Pause Young (Normal) (G1 Evacuation Pause) 884M->327M(1024M) 9.258ms
[2023-08-12T06:29:54.493+0000][gc,cpu        ] GC(943) User=0.06s Sys=0.00s Real=0.01s
[2023-08-12T06:32:13.733+0000][gc,start      ] GC(944) Pause Young (Normal) (G1 Evacuation Pause)
[2023-08-12T06:32:13.733+0000][gc,task       ] GC(944) Using 8 workers of 8 for evacuation
[2023-08-12T06:32:13.744+0000][gc,phases     ] GC(944)   Pre Evacuate Collection Set: 0.0ms
[2023-08-12T06:32:13.744+0000][gc,phases     ] GC(944)   Evacuate Collection Set: 10.1ms
[2023-08-12T06:32:13.744+0000][gc,phases     ] GC(944)   Post Evacuate Collection Set: 0.7ms
[2023-08-12T06:32:13.744+0000][gc,phases     ] GC(944)   Other: 0.4ms
[2023-08-12T06:32:13.744+0000][gc,heap       ] GC(944) Eden regions: 559->0(555)
[2023-08-12T06:32:13.744+0000][gc,heap       ] GC(944) Survivor regions: 9->15(71)
[2023-08-12T06:32:13.744+0000][gc,heap       ] GC(944) Old regions: 171->171
[2023-08-12T06:32:13.744+0000][gc,heap       ] GC(944) Humongous regions: 149->149
[2023-08-12T06:32:13.744+0000][gc,metaspace  ] GC(944) Metaspace: 119300K(125028K)->119300K(125028K) NonClass: 105422K(108748K)->105422K(108748K) Class: 13878K(16280K)->13878K(16280K)
[2023-08-12T06:32:13.744+0000][gc            ] GC(944) Pause Young (Normal) (G1 Evacuation Pause) 886M->333M(1024M) 11.299ms
[2023-08-12T06:32:13.744+0000][gc,cpu        ] GC(944) User=0.08s Sys=0.00s Real=0.01s
[2023-08-12T06:34:24.990+0000][gc,start      ] GC(945) Pause Young (Concurrent Start) (G1 Evacuation Pause)
[2023-08-12T06:34:24.990+0000][gc,task       ] GC(945) Using 8 workers of 8 for evacuation
[2023-08-12T06:34:25.005+0000][gc,phases     ] GC(945)   Pre Evacuate Collection Set: 0.5ms
[2023-08-12T06:34:25.005+0000][gc,phases     ] GC(945)   Evacuate Collection Set: 13.8ms
[2023-08-12T06:34:25.005+0000][gc,phases     ] GC(945)   Post Evacuate Collection Set: 0.7ms
[2023-08-12T06:34:25.005+0000][gc,phases     ] GC(945)   Other: 0.5ms
[2023-08-12T06:34:25.005+0000][gc,heap       ] GC(945) Eden regions: 555->0(549)
[2023-08-12T06:34:25.005+0000][gc,heap       ] GC(945) Survivor regions: 15->22(72)
[2023-08-12T06:34:25.005+0000][gc,heap       ] GC(945) Old regions: 171->171
[2023-08-12T06:34:25.005+0000][gc,heap       ] GC(945) Humongous regions: 149->149
[2023-08-12T06:34:25.005+0000][gc,metaspace  ] GC(945) Metaspace: 119300K(125028K)->119300K(125028K) NonClass: 105422K(108748K)->105422K(108748K) Class: 13878K(16280K)->13878K(16280K)
[2023-08-12T06:34:25.005+0000][gc            ] GC(945) Pause Young (Concurrent Start) (G1 Evacuation Pause) 888M->341M(1024M) 15.496ms
[2023-08-12T06:34:25.005+0000][gc,cpu        ] GC(945) User=0.11s Sys=0.00s Real=0.02s
[2023-08-12T06:34:25.005+0000][gc            ] GC(946) Concurrent Cycle
[2023-08-12T06:34:25.005+0000][gc,marking    ] GC(946) Concurrent Clear Claimed Marks
[2023-08-12T06:34:25.006+0000][gc,marking    ] GC(946) Concurrent Clear Claimed Marks 0.449ms
[2023-08-12T06:34:25.006+0000][gc,marking    ] GC(946) Concurrent Scan Root Regions
[2023-08-12T06:34:25.014+0000][gc,marking    ] GC(946) Concurrent Scan Root Regions 8.555ms
[2023-08-12T06:34:25.014+0000][gc,marking    ] GC(946) Concurrent Mark (71556.316s)
[2023-08-12T06:34:25.014+0000][gc,marking    ] GC(946) Concurrent Mark From Roots
[2023-08-12T06:34:25.014+0000][gc,task       ] GC(946) Using 2 workers of 2 for marking
[2023-08-12T06:34:25.079+0000][gc,marking    ] GC(946) Concurrent Mark From Roots 64.735ms
[2023-08-12T06:34:25.079+0000][gc,marking    ] GC(946) Concurrent Preclean
[2023-08-12T06:34:25.080+0000][gc,marking    ] GC(946) Concurrent Preclean 0.360ms
[2023-08-12T06:34:25.080+0000][gc,marking    ] GC(946) Concurrent Mark (71556.316s, 71556.381s) 65.176ms
[2023-08-12T06:34:25.080+0000][gc,start      ] GC(946) Pause Remark
[2023-08-12T06:34:25.090+0000][gc,stringtable] GC(946) Cleaned string and symbol table, strings: 45247 processed, 0 removed, symbols: 280319 processed, 0 removed
[2023-08-12T06:34:25.090+0000][gc            ] GC(946) Pause Remark 344M->344M(1024M) 10.078ms
[2023-08-12T06:34:25.090+0000][gc,cpu        ] GC(946) User=0.07s Sys=0.00s Real=0.00s
[2023-08-12T06:34:25.090+0000][gc,marking    ] GC(946) Concurrent Rebuild Remembered Sets
[2023-08-12T06:34:25.139+0000][gc,marking    ] GC(946) Concurrent Rebuild Remembered Sets 48.909ms
[2023-08-12T06:34:25.139+0000][gc,start      ] GC(946) Pause Cleanup
[2023-08-12T06:34:25.139+0000][gc            ] GC(946) Pause Cleanup 344M->344M(1024M) 0.263ms
[2023-08-12T06:34:25.139+0000][gc,cpu        ] GC(946) User=0.00s Sys=0.00s Real=0.00s
[2023-08-12T06:34:25.140+0000][gc,marking    ] GC(946) Concurrent Cleanup for Next Mark
[2023-08-12T06:34:25.141+0000][gc,marking    ] GC(946) Concurrent Cleanup for Next Mark 1.400ms
[2023-08-12T06:34:25.141+0000][gc            ] GC(946) Concurrent Cycle 135.792ms
[2023-08-12T06:36:24.397+0000][gc,start      ] GC(947) Pause Young (Prepare Mixed) (G1 Evacuation Pause)
[2023-08-12T06:36:24.397+0000][gc,task       ] GC(947) Using 8 workers of 8 for evacuation
[2023-08-12T06:36:24.414+0000][gc,phases     ] GC(947)   Pre Evacuate Collection Set: 0.0ms
[2023-08-12T06:36:24.414+0000][gc,phases     ] GC(947)   Evacuate Collection Set: 16.0ms
[2023-08-12T06:36:24.414+0000][gc,phases     ] GC(947)   Post Evacuate Collection Set: 0.7ms
[2023-08-12T06:36:24.414+0000][gc,phases     ] GC(947)   Other: 0.4ms
[2023-08-12T06:36:24.414+0000][gc,heap       ] GC(947) Eden regions: 432->0(23)
[2023-08-12T06:36:24.414+0000][gc,heap       ] GC(947) Survivor regions: 22->28(57)
[2023-08-12T06:36:24.414+0000][gc,heap       ] GC(947) Old regions: 170->170
[2023-08-12T06:36:24.414+0000][gc,heap       ] GC(947) Humongous regions: 149->149
[2023-08-12T06:36:24.414+0000][gc,metaspace  ] GC(947) Metaspace: 119300K(125028K)->119300K(125028K) NonClass: 105422K(108748K)->105422K(108748K) Class: 13878K(16280K)->13878K(16280K)
[2023-08-12T06:36:24.414+0000][gc            ] GC(947) Pause Young (Prepare Mixed) (G1 Evacuation Pause) 772M->346M(1024M) 17.204ms
[2023-08-12T06:36:24.414+0000][gc,cpu        ] GC(947) User=0.13s Sys=0.00s Real=0.02s
[2023-08-12T06:36:25.200+0000][gc,start      ] GC(948) Pause Young (Mixed) (G1 Evacuation Pause)
[2023-08-12T06:36:25.200+0000][gc,task       ] GC(948) Using 8 workers of 8 for evacuation
[2023-08-12T06:36:25.217+0000][gc,phases     ] GC(948)   Pre Evacuate Collection Set: 0.1ms
[2023-08-12T06:36:25.217+0000][gc,phases     ] GC(948)   Evacuate Collection Set: 15.9ms
[2023-08-12T06:36:25.217+0000][gc,phases     ] GC(948)   Post Evacuate Collection Set: 0.6ms
[2023-08-12T06:36:25.217+0000][gc,phases     ] GC(948)   Other: 0.4ms
[2023-08-12T06:36:25.217+0000][gc,heap       ] GC(948) Eden regions: 23->0(550)
[2023-08-12T06:36:25.217+0000][gc,heap       ] GC(948) Survivor regions: 28->4(7)
[2023-08-12T06:36:25.217+0000][gc,heap       ] GC(948) Old regions: 170->168
[2023-08-12T06:36:25.217+0000][gc,heap       ] GC(948) Humongous regions: 149->149
[2023-08-12T06:36:25.217+0000][gc,metaspace  ] GC(948) Metaspace: 119300K(125028K)->119300K(125028K) NonClass: 105422K(108748K)->105422K(108748K) Class: 13878K(16280K)->13878K(16280K)
[2023-08-12T06:36:25.217+0000][gc            ] GC(948) Pause Young (Mixed) (G1 Evacuation Pause) 369M->320M(1024M) 17.043ms
[2023-08-12T06:36:25.217+0000][gc,cpu        ] GC(948) User=0.13s Sys=0.00s Real=0.01s
[2023-08-12T06:38:47.738+0000][gc,start      ] GC(949) Pause Young (Normal) (G1 Evacuation Pause)
[2023-08-12T06:38:47.738+0000][gc,task       ] GC(949) Using 8 workers of 8 for evacuation
[2023-08-12T06:38:47.746+0000][gc,phases     ] GC(949)   Pre Evacuate Collection Set: 0.0ms
[2023-08-12T06:38:47.746+0000][gc,phases     ] GC(949)   Evacuate Collection Set: 7.7ms
[2023-08-12T06:38:47.746+0000][gc,phases     ] GC(949)   Post Evacuate Collection Set: 0.7ms
[2023-08-12T06:38:47.746+0000][gc,phases     ] GC(949)   Other: 0.4ms
[2023-08-12T06:38:47.746+0000][gc,heap       ] GC(949) Eden regions: 550->0(551)
[2023-08-12T06:38:47.746+0000][gc,heap       ] GC(949) Survivor regions: 4->9(70)
[2023-08-12T06:38:47.746+0000][gc,heap       ] GC(949) Old regions: 168->168
[2023-08-12T06:38:47.746+0000][gc,heap       ] GC(949) Humongous regions: 149->149
[2023-08-12T06:38:47.746+0000][gc,metaspace  ] GC(949) Metaspace: 119300K(125028K)->119300K(125028K) NonClass: 105422K(108748K)->105422K(108748K) Class: 13878K(16280K)->13878K(16280K)
[2023-08-12T06:38:47.746+0000][gc            ] GC(949) Pause Young (Normal) (G1 Evacuation Pause) 870M->324M(1024M) 8.875ms
[2023-08-12T06:38:47.746+0000][gc,cpu        ] GC(949) User=0.06s Sys=0.00s Real=0.01s
[2023-08-12T06:41:00.447+0000][gc,start      ] GC(950) Pause Young (Normal) (G1 Evacuation Pause)
[2023-08-12T06:41:00.447+0000][gc,task       ] GC(950) Using 8 workers of 8 for evacuation
[2023-08-12T06:41:00.458+0000][gc,phases     ] GC(950)   Pre Evacuate Collection Set: 0.0ms
[2023-08-12T06:41:00.458+0000][gc,phases     ] GC(950)   Evacuate Collection Set: 10.2ms
[2023-08-12T06:41:00.458+0000][gc,phases     ] GC(950)   Post Evacuate Collection Set: 0.7ms
[2023-08-12T06:41:00.458+0000][gc,phases     ] GC(950)   Other: 0.4ms
[2023-08-12T06:41:00.458+0000][gc,heap       ] GC(950) Eden regions: 551->0(548)
[2023-08-12T06:41:00.458+0000][gc,heap       ] GC(950) Survivor regions: 9->16(70)
[2023-08-12T06:41:00.458+0000][gc,heap       ] GC(950) Old regions: 168->168
[2023-08-12T06:41:00.458+0000][gc,heap       ] GC(950) Humongous regions: 149->149
[2023-08-12T06:41:00.458+0000][gc,metaspace  ] GC(950) Metaspace: 119300K(125028K)->119300K(125028K) NonClass: 105422K(108748K)->105422K(108748K) Class: 13878K(16280K)->13878K(16280K)
[2023-08-12T06:41:00.458+0000][gc            ] GC(950) Pause Young (Normal) (G1 Evacuation Pause) 875M->332M(1024M) 11.357ms
[2023-08-12T06:41:00.458+0000][gc,cpu        ] GC(950) User=0.08s Sys=0.01s Real=0.01s
[2023-08-12T06:42:59.984+0000][gc,start      ] GC(951) Pause Young (Concurrent Start) (G1 Evacuation Pause)
[2023-08-12T06:42:59.984+0000][gc,task       ] GC(951) Using 8 workers of 8 for evacuation
[2023-08-12T06:43:00.004+0000][gc,phases     ] GC(951)   Pre Evacuate Collection Set: 0.5ms
[2023-08-12T06:43:00.004+0000][gc,phases     ] GC(951)   Evacuate Collection Set: 17.9ms
[2023-08-12T06:43:00.004+0000][gc,phases     ] GC(951)   Post Evacuate Collection Set: 0.7ms
[2023-08-12T06:43:00.004+0000][gc,phases     ] GC(951)   Other: 0.5ms
[2023-08-12T06:43:00.004+0000][gc,heap       ] GC(951) Eden regions: 509->0(404)
[2023-08-12T06:43:00.004+0000][gc,heap       ] GC(951) Survivor regions: 16->29(66)
[2023-08-12T06:43:00.004+0000][gc,heap       ] GC(951) Old regions: 168->168
[2023-08-12T06:43:00.004+0000][gc,heap       ] GC(951) Humongous regions: 149->149
[2023-08-12T06:43:00.004+0000][gc,metaspace  ] GC(951) Metaspace: 119302K(125028K)->119302K(125028K) NonClass: 105423K(108748K)->105423K(108748K) Class: 13878K(16280K)->13878K(16280K)
[2023-08-12T06:43:00.004+0000][gc            ] GC(951) Pause Young (Concurrent Start) (G1 Evacuation Pause) 841M->345M(1024M) 19.667ms
[2023-08-12T06:43:00.004+0000][gc,cpu        ] GC(951) User=0.14s Sys=0.00s Real=0.02s
[2023-08-12T06:43:00.004+0000][gc            ] GC(952) Concurrent Cycle
[2023-08-12T06:43:00.004+0000][gc,marking    ] GC(952) Concurrent Clear Claimed Marks
[2023-08-12T06:43:00.004+0000][gc,marking    ] GC(952) Concurrent Clear Claimed Marks 0.408ms
[2023-08-12T06:43:00.004+0000][gc,marking    ] GC(952) Concurrent Scan Root Regions
[2023-08-12T06:43:00.016+0000][gc,marking    ] GC(952) Concurrent Scan Root Regions 11.707ms
[2023-08-12T06:43:00.016+0000][gc,marking    ] GC(952) Concurrent Mark (72071.318s)
[2023-08-12T06:43:00.016+0000][gc,marking    ] GC(952) Concurrent Mark From Roots
[2023-08-12T06:43:00.016+0000][gc,task       ] GC(952) Using 2 workers of 2 for marking
[2023-08-12T06:43:00.079+0000][gc,marking    ] GC(952) Concurrent Mark From Roots 62.805ms
[2023-08-12T06:43:00.079+0000][gc,marking    ] GC(952) Concurrent Preclean
[2023-08-12T06:43:00.079+0000][gc,marking    ] GC(952) Concurrent Preclean 0.371ms
[2023-08-12T06:43:00.079+0000][gc,marking    ] GC(952) Concurrent Mark (72071.318s, 72071.381s) 63.251ms
[2023-08-12T06:43:00.080+0000][gc,start      ] GC(952) Pause Remark
[2023-08-12T06:43:00.089+0000][gc,stringtable] GC(952) Cleaned string and symbol table, strings: 45248 processed, 0 removed, symbols: 280319 processed, 0 removed
[2023-08-12T06:43:00.089+0000][gc            ] GC(952) Pause Remark 348M->348M(1024M) 9.688ms
[2023-08-12T06:43:00.089+0000][gc,cpu        ] GC(952) User=0.07s Sys=0.00s Real=0.00s
[2023-08-12T06:43:00.090+0000][gc,marking    ] GC(952) Concurrent Rebuild Remembered Sets
[2023-08-12T06:43:00.132+0000][gc,marking    ] GC(952) Concurrent Rebuild Remembered Sets 42.386ms
[2023-08-12T06:43:00.132+0000][gc,start      ] GC(952) Pause Cleanup
[2023-08-12T06:43:00.132+0000][gc            ] GC(952) Pause Cleanup 348M->348M(1024M) 0.239ms
[2023-08-12T06:43:00.132+0000][gc,cpu        ] GC(952) User=0.00s Sys=0.00s Real=0.00s
[2023-08-12T06:43:00.133+0000][gc,marking    ] GC(952) Concurrent Cleanup for Next Mark
[2023-08-12T06:43:00.134+0000][gc,marking    ] GC(952) Concurrent Cleanup for Next Mark 1.346ms
[2023-08-12T06:43:00.134+0000][gc            ] GC(952) Concurrent Cycle 130.006ms
[2023-08-12T06:43:24.313+0000][gc,start      ] GC(953) Pause Young (Prepare Mixed) (G1 Evacuation Pause)
[2023-08-12T06:43:24.313+0000][gc,task       ] GC(953) Using 8 workers of 8 for evacuation
[2023-08-12T06:43:24.334+0000][gc,mmu        ] GC(953) MMU target violated: 20.3ms (20.0ms/21.0ms)
[2023-08-12T06:43:24.334+0000][gc,phases     ] GC(953)   Pre Evacuate Collection Set: 0.0ms
[2023-08-12T06:43:24.334+0000][gc,phases     ] GC(953)   Evacuate Collection Set: 19.5ms
[2023-08-12T06:43:24.334+0000][gc,phases     ] GC(953)   Post Evacuate Collection Set: 0.6ms
[2023-08-12T06:43:24.334+0000][gc,phases     ] GC(953)   Other: 0.4ms
[2023-08-12T06:43:24.334+0000][gc,heap       ] GC(953) Eden regions: 69->0(47)
[2023-08-12T06:43:24.334+0000][gc,heap       ] GC(953) Survivor regions: 29->4(13)
[2023-08-12T06:43:24.334+0000][gc,heap       ] GC(953) Old regions: 168->194
[2023-08-12T06:43:24.334+0000][gc,heap       ] GC(953) Humongous regions: 149->149
[2023-08-12T06:43:24.334+0000][gc,metaspace  ] GC(953) Metaspace: 119302K(125028K)->119302K(125028K) NonClass: 105423K(108748K)->105423K(108748K) Class: 13878K(16280K)->13878K(16280K)
[2023-08-12T06:43:24.334+0000][gc            ] GC(953) Pause Young (Prepare Mixed) (G1 Evacuation Pause) 414M->346M(1024M) 20.514ms
[2023-08-12T06:43:24.334+0000][gc,cpu        ] GC(953) User=0.13s Sys=0.00s Real=0.02s
[2023-08-12T06:43:25.523+0000][gc,start      ] GC(954) Pause Young (Mixed) (G1 Evacuation Pause)
[2023-08-12T06:43:25.523+0000][gc,task       ] GC(954) Using 8 workers of 8 for evacuation
[2023-08-12T06:43:25.530+0000][gc,phases     ] GC(954)   Pre Evacuate Collection Set: 0.1ms
[2023-08-12T06:43:25.531+0000][gc,phases     ] GC(954)   Evacuate Collection Set: 6.4ms
[2023-08-12T06:43:25.531+0000][gc,phases     ] GC(954)   Post Evacuate Collection Set: 0.5ms
[2023-08-12T06:43:25.531+0000][gc,phases     ] GC(954)   Other: 0.4ms
[2023-08-12T06:43:25.531+0000][gc,heap       ] GC(954) Eden regions: 47->0(338)
[2023-08-12T06:43:25.531+0000][gc,heap       ] GC(954) Survivor regions: 4->3(7)
[2023-08-12T06:43:25.531+0000][gc,heap       ] GC(954) Old regions: 194->170
[2023-08-12T06:43:25.531+0000][gc,heap       ] GC(954) Humongous regions: 149->149
[2023-08-12T06:43:25.531+0000][gc,metaspace  ] GC(954) Metaspace: 119302K(125028K)->119302K(125028K) NonClass: 105423K(108748K)->105423K(108748K) Class: 13878K(16280K)->13878K(16280K)
[2023-08-12T06:43:25.531+0000][gc            ] GC(954) Pause Young (Mixed) (G1 Evacuation Pause) 393M->321M(1024M) 7.455ms
[2023-08-12T06:43:25.531+0000][gc,cpu        ] GC(954) User=0.04s Sys=0.00s Real=0.00s
[2023-08-12T06:44:56.826+0000][gc,start      ] GC(955) Pause Young (Normal) (G1 Evacuation Pause)
[2023-08-12T06:44:56.826+0000][gc,task       ] GC(955) Using 8 workers of 8 for evacuation
[2023-08-12T06:44:56.841+0000][gc,phases     ] GC(955)   Pre Evacuate Collection Set: 0.0ms
[2023-08-12T06:44:56.841+0000][gc,phases     ] GC(955)   Evacuate Collection Set: 13.4ms
[2023-08-12T06:44:56.841+0000][gc,phases     ] GC(955)   Post Evacuate Collection Set: 0.8ms
[2023-08-12T06:44:56.841+0000][gc,phases     ] GC(955)   Other: 0.4ms
[2023-08-12T06:44:56.841+0000][gc,heap       ] GC(955) Eden regions: 338->0(303)
[2023-08-12T06:44:56.841+0000][gc,heap       ] GC(955) Survivor regions: 3->9(43)
[2023-08-12T06:44:56.841+0000][gc,heap       ] GC(955) Old regions: 170->170
[2023-08-12T06:44:56.841+0000][gc,heap       ] GC(955) Humongous regions: 149->149
[2023-08-12T06:44:56.841+0000][gc,metaspace  ] GC(955) Metaspace: 119302K(125028K)->119302K(125028K) NonClass: 105423K(108748K)->105423K(108748K) Class: 13878K(16280K)->13878K(16280K)
[2023-08-12T06:44:56.841+0000][gc            ] GC(955) Pause Young (Normal) (G1 Evacuation Pause) 659M->327M(1024M) 14.624ms
[2023-08-12T06:44:56.841+0000][gc,cpu        ] GC(955) User=0.09s Sys=0.00s Real=0.02s
[2023-08-12T06:46:09.475+0000][gc,start      ] GC(956) Pause Young (Normal) (GCLocker Initiated GC)
[2023-08-12T06:46:09.476+0000][gc,task       ] GC(956) Using 8 workers of 8 for evacuation
[2023-08-12T06:46:09.486+0000][gc,phases     ] GC(956)   Pre Evacuate Collection Set: 0.0ms
[2023-08-12T06:46:09.486+0000][gc,phases     ] GC(956)   Evacuate Collection Set: 9.7ms
[2023-08-12T06:46:09.486+0000][gc,phases     ] GC(956)   Post Evacuate Collection Set: 0.6ms
[2023-08-12T06:46:09.486+0000][gc,phases     ] GC(956)   Other: 0.3ms
[2023-08-12T06:46:09.486+0000][gc,heap       ] GC(956) Eden regions: 303->0(313)
[2023-08-12T06:46:09.486+0000][gc,heap       ] GC(956) Survivor regions: 9->13(39)
[2023-08-12T06:46:09.486+0000][gc,heap       ] GC(956) Old regions: 170->170
[2023-08-12T06:46:09.486+0000][gc,heap       ] GC(956) Humongous regions: 149->149
[2023-08-12T06:46:09.486+0000][gc,metaspace  ] GC(956) Metaspace: 119302K(125028K)->119302K(125028K) NonClass: 105423K(108748K)->105423K(108748K) Class: 13878K(16280K)->13878K(16280K)
[2023-08-12T06:46:09.486+0000][gc            ] GC(956) Pause Young (Normal) (GCLocker Initiated GC) 630M->331M(1024M) 10.771ms
[2023-08-12T06:46:09.486+0000][gc,cpu        ] GC(956) User=0.07s Sys=0.00s Real=0.01s
[2023-08-12T06:47:30.832+0000][gc,start      ] GC(957) Pause Young (Normal) (G1 Evacuation Pause)
[2023-08-12T06:47:30.832+0000][gc,task       ] GC(957) Using 8 workers of 8 for evacuation
[2023-08-12T06:47:30.844+0000][gc,phases     ] GC(957)   Pre Evacuate Collection Set: 0.0ms
[2023-08-12T06:47:30.844+0000][gc,phases     ] GC(957)   Evacuate Collection Set: 11.1ms
[2023-08-12T06:47:30.844+0000][gc,phases     ] GC(957)   Post Evacuate Collection Set: 0.7ms
[2023-08-12T06:47:30.844+0000][gc,phases     ] GC(957)   Other: 0.4ms
[2023-08-12T06:47:30.844+0000][gc,heap       ] GC(957) Eden regions: 313->0(325)
[2023-08-12T06:47:30.844+0000][gc,heap       ] GC(957) Survivor regions: 13->18(41)
[2023-08-12T06:47:30.844+0000][gc,heap       ] GC(957) Old regions: 170->170
[2023-08-12T06:47:30.844+0000][gc,heap       ] GC(957) Humongous regions: 149->149
[2023-08-12T06:47:30.844+0000][gc,metaspace  ] GC(957) Metaspace: 119302K(125028K)->119302K(125028K) NonClass: 105423K(108748K)->105423K(108748K) Class: 13878K(16280K)->13878K(16280K)
[2023-08-12T06:47:30.844+0000][gc            ] GC(957) Pause Young (Normal) (G1 Evacuation Pause) 644M->336M(1024M) 12.204ms
[2023-08-12T06:47:30.844+0000][gc,cpu        ] GC(957) User=0.09s Sys=0.00s Real=0.01s
[2023-08-12T06:48:52.348+0000][gc,start      ] GC(958) Pause Young (Normal) (G1 Evacuation Pause)
[2023-08-12T06:48:52.348+0000][gc,task       ] GC(958) Using 8 workers of 8 for evacuation
[2023-08-12T06:48:52.362+0000][gc,phases     ] GC(958)   Pre Evacuate Collection Set: 0.0ms
[2023-08-12T06:48:52.362+0000][gc,phases     ] GC(958)   Evacuate Collection Set: 12.3ms
[2023-08-12T06:48:52.362+0000][gc,phases     ] GC(958)   Post Evacuate Collection Set: 0.7ms
[2023-08-12T06:48:52.362+0000][gc,phases     ] GC(958)   Other: 0.3ms
[2023-08-12T06:48:52.362+0000][gc,heap       ] GC(958) Eden regions: 325->0(336)
[2023-08-12T06:48:52.362+0000][gc,heap       ] GC(958) Survivor regions: 18->23(43)
[2023-08-12T06:48:52.362+0000][gc,heap       ] GC(958) Old regions: 170->170
[2023-08-12T06:48:52.362+0000][gc,heap       ] GC(958) Humongous regions: 149->149
[2023-08-12T06:48:52.362+0000][gc,metaspace  ] GC(958) Metaspace: 119302K(125028K)->119302K(125028K) NonClass: 105423K(108748K)->105423K(108748K) Class: 13878K(16280K)->13878K(16280K)
[2023-08-12T06:48:52.362+0000][gc            ] GC(958) Pause Young (Normal) (G1 Evacuation Pause) 661M->341M(1024M) 13.360ms
[2023-08-12T06:48:52.362+0000][gc,cpu        ] GC(958) User=0.10s Sys=0.00s Real=0.02s
[2023-08-12T06:50:19.927+0000][gc,start      ] GC(959) Pause Young (Normal) (G1 Evacuation Pause)
[2023-08-12T06:50:19.927+0000][gc,task       ] GC(959) Using 8 workers of 8 for evacuation
[2023-08-12T06:50:19.942+0000][gc,phases     ] GC(959)   Pre Evacuate Collection Set: 0.0ms
[2023-08-12T06:50:19.942+0000][gc,phases     ] GC(959)   Evacuate Collection Set: 13.6ms
[2023-08-12T06:50:19.942+0000][gc,phases     ] GC(959)   Post Evacuate Collection Set: 0.6ms
[2023-08-12T06:50:19.942+0000][gc,phases     ] GC(959)   Other: 0.3ms
[2023-08-12T06:50:19.942+0000][gc,heap       ] GC(959) Eden regions: 336->0(345)
[2023-08-12T06:50:19.942+0000][gc,heap       ] GC(959) Survivor regions: 23->25(45)
[2023-08-12T06:50:19.942+0000][gc,heap       ] GC(959) Old regions: 170->170
[2023-08-12T06:50:19.942+0000][gc,heap       ] GC(959) Humongous regions: 149->149
[2023-08-12T06:50:19.942+0000][gc,metaspace  ] GC(959) Metaspace: 119302K(125028K)->119302K(125028K) NonClass: 105423K(108748K)->105423K(108748K) Class: 13878K(16280K)->13878K(16280K)
[2023-08-12T06:50:19.942+0000][gc            ] GC(959) Pause Young (Normal) (G1 Evacuation Pause) 677M->343M(1024M) 14.688ms
[2023-08-12T06:50:19.942+0000][gc,cpu        ] GC(959) User=0.11s Sys=0.00s Real=0.02s
[2023-08-12T06:51:33.270+0000][gc,start      ] GC(960) Pause Young (Normal) (G1 Evacuation Pause)
[2023-08-12T06:51:33.270+0000][gc,task       ] GC(960) Using 8 workers of 8 for evacuation
[2023-08-12T06:51:33.287+0000][gc,phases     ] GC(960)   Pre Evacuate Collection Set: 0.1ms
[2023-08-12T06:51:33.287+0000][gc,phases     ] GC(960)   Evacuate Collection Set: 16.2ms
[2023-08-12T06:51:33.287+0000][gc,phases     ] GC(960)   Post Evacuate Collection Set: 0.7ms
[2023-08-12T06:51:33.287+0000][gc,phases     ] GC(960)   Other: 0.4ms
[2023-08-12T06:51:33.288+0000][gc,heap       ] GC(960) Eden regions: 345->0(345)
[2023-08-12T06:51:33.288+0000][gc,heap       ] GC(960) Survivor regions: 25->29(47)
[2023-08-12T06:51:33.288+0000][gc,heap       ] GC(960) Old regions: 170->170
[2023-08-12T06:51:33.288+0000][gc,heap       ] GC(960) Humongous regions: 149->149
[2023-08-12T06:51:33.288+0000][gc,metaspace  ] GC(960) Metaspace: 119302K(125028K)->119302K(125028K) NonClass: 105423K(108748K)->105423K(108748K) Class: 13878K(16280K)->13878K(16280K)
[2023-08-12T06:51:33.288+0000][gc            ] GC(960) Pause Young (Normal) (G1 Evacuation Pause) 688M->347M(1024M) 17.488ms
[2023-08-12T06:51:33.288+0000][gc,cpu        ] GC(960) User=0.12s Sys=0.00s Real=0.02s
[2023-08-12T06:53:09.473+0000][gc,start      ] GC(961) Pause Young (Normal) (G1 Evacuation Pause)
[2023-08-12T06:53:09.473+0000][gc,task       ] GC(961) Using 8 workers of 8 for evacuation
[2023-08-12T06:53:09.494+0000][gc,mmu        ] GC(961) MMU target violated: 20.4ms (20.0ms/21.0ms)
[2023-08-12T06:53:09.494+0000][gc,phases     ] GC(961)   Pre Evacuate Collection Set: 0.1ms
[2023-08-12T06:53:09.494+0000][gc,phases     ] GC(961)   Evacuate Collection Set: 19.4ms
[2023-08-12T06:53:09.494+0000][gc,phases     ] GC(961)   Post Evacuate Collection Set: 0.7ms
[2023-08-12T06:53:09.494+0000][gc,phases     ] GC(961)   Other: 0.5ms
[2023-08-12T06:53:09.494+0000][gc,heap       ] GC(961) Eden regions: 345->0(323)
[2023-08-12T06:53:09.494+0000][gc,heap       ] GC(961) Survivor regions: 29->28(47)
[2023-08-12T06:53:09.494+0000][gc,heap       ] GC(961) Old regions: 170->177
[2023-08-12T06:53:09.494+0000][gc,heap       ] GC(961) Humongous regions: 149->149
[2023-08-12T06:53:09.494+0000][gc,metaspace  ] GC(961) Metaspace: 119302K(125028K)->119302K(125028K) NonClass: 105423K(108748K)->105423K(108748K) Class: 13878K(16280K)->13878K(16280K)
[2023-08-12T06:53:09.494+0000][gc            ] GC(961) Pause Young (Normal) (G1 Evacuation Pause) 692M->352M(1024M) 20.671ms
[2023-08-12T06:53:09.494+0000][gc,cpu        ] GC(961) User=0.14s Sys=0.00s Real=0.02s
[2023-08-12T06:54:32.478+0000][gc,start      ] GC(962) Pause Young (Normal) (G1 Evacuation Pause)
[2023-08-12T06:54:32.478+0000][gc,task       ] GC(962) Using 8 workers of 8 for evacuation
[2023-08-12T06:54:32.494+0000][gc,phases     ] GC(962)   Pre Evacuate Collection Set: 0.0ms
[2023-08-12T06:54:32.494+0000][gc,phases     ] GC(962)   Evacuate Collection Set: 15.4ms
[2023-08-12T06:54:32.494+0000][gc,phases     ] GC(962)   Post Evacuate Collection Set: 0.7ms
[2023-08-12T06:54:32.494+0000][gc,phases     ] GC(962)   Other: 0.4ms
[2023-08-12T06:54:32.494+0000][gc,heap       ] GC(962) Eden regions: 323->0(382)
[2023-08-12T06:54:32.494+0000][gc,heap       ] GC(962) Survivor regions: 28->22(44)
[2023-08-12T06:54:32.494+0000][gc,heap       ] GC(962) Old regions: 177->185
[2023-08-12T06:54:32.494+0000][gc,heap       ] GC(962) Humongous regions: 149->149
[2023-08-12T06:54:32.494+0000][gc,metaspace  ] GC(962) Metaspace: 119302K(125028K)->119302K(125028K) NonClass: 105423K(108748K)->105423K(108748K) Class: 13878K(16280K)->13878K(16280K)
[2023-08-12T06:54:32.494+0000][gc            ] GC(962) Pause Young (Normal) (G1 Evacuation Pause) 675M->355M(1024M) 16.556ms
[2023-08-12T06:54:32.494+0000][gc,cpu        ] GC(962) User=0.13s Sys=0.00s Real=0.02s
[2023-08-12T06:56:05.070+0000][gc,start      ] GC(963) Pause Young (Normal) (G1 Evacuation Pause)
[2023-08-12T06:56:05.070+0000][gc,task       ] GC(963) Using 8 workers of 8 for evacuation
[2023-08-12T06:56:05.085+0000][gc,phases     ] GC(963)   Pre Evacuate Collection Set: 0.0ms
[2023-08-12T06:56:05.085+0000][gc,phases     ] GC(963)   Evacuate Collection Set: 14.1ms
[2023-08-12T06:56:05.085+0000][gc,phases     ] GC(963)   Post Evacuate Collection Set: 0.6ms
[2023-08-12T06:56:05.085+0000][gc,phases     ] GC(963)   Other: 0.3ms
[2023-08-12T06:56:05.085+0000][gc,heap       ] GC(963) Eden regions: 382->0(378)
[2023-08-12T06:56:05.085+0000][gc,heap       ] GC(963) Survivor regions: 22->26(51)
[2023-08-12T06:56:05.085+0000][gc,heap       ] GC(963) Old regions: 185->185
[2023-08-12T06:56:05.085+0000][gc,heap       ] GC(963) Humongous regions: 149->149
[2023-08-12T06:56:05.085+0000][gc,metaspace  ] GC(963) Metaspace: 119302K(125028K)->119302K(125028K) NonClass: 105423K(108748K)->105423K(108748K) Class: 13878K(16280K)->13878K(16280K)
[2023-08-12T06:56:05.085+0000][gc            ] GC(963) Pause Young (Normal) (G1 Evacuation Pause) 737M->359M(1024M) 15.168ms
[2023-08-12T06:56:05.085+0000][gc,cpu        ] GC(963) User=0.11s Sys=0.00s Real=0.02s
[2023-08-12T06:57:32.919+0000][gc,start      ] GC(964) Pause Young (Normal) (G1 Evacuation Pause)
[2023-08-12T06:57:32.920+0000][gc,task       ] GC(964) Using 8 workers of 8 for evacuation
[2023-08-12T06:57:32.936+0000][gc,phases     ] GC(964)   Pre Evacuate Collection Set: 0.0ms
[2023-08-12T06:57:32.936+0000][gc,phases     ] GC(964)   Evacuate Collection Set: 15.3ms
[2023-08-12T06:57:32.936+0000][gc,phases     ] GC(964)   Post Evacuate Collection Set: 0.7ms
[2023-08-12T06:57:32.936+0000][gc,phases     ] GC(964)   Other: 0.4ms
[2023-08-12T06:57:32.936+0000][gc,heap       ] GC(964) Eden regions: 378->0(379)
[2023-08-12T06:57:32.936+0000][gc,heap       ] GC(964) Survivor regions: 26->34(51)
[2023-08-12T06:57:32.936+0000][gc,heap       ] GC(964) Old regions: 185->185
[2023-08-12T06:57:32.936+0000][gc,heap       ] GC(964) Humongous regions: 149->149
[2023-08-12T06:57:32.936+0000][gc,metaspace  ] GC(964) Metaspace: 119302K(125028K)->119302K(125028K) NonClass: 105423K(108748K)->105423K(108748K) Class: 13878K(16280K)->13878K(16280K)
[2023-08-12T06:57:32.936+0000][gc            ] GC(964) Pause Young (Normal) (G1 Evacuation Pause) 737M->367M(1024M) 16.451ms
[2023-08-12T06:57:32.936+0000][gc,cpu        ] GC(964) User=0.12s Sys=0.00s Real=0.01s
[2023-08-12T06:59:16.484+0000][gc,start      ] GC(965) Pause Young (Normal) (G1 Evacuation Pause)
[2023-08-12T06:59:16.484+0000][gc,task       ] GC(965) Using 8 workers of 8 for evacuation
[2023-08-12T06:59:16.502+0000][gc,phases     ] GC(965)   Pre Evacuate Collection Set: 0.0ms
[2023-08-12T06:59:16.502+0000][gc,phases     ] GC(965)   Evacuate Collection Set: 16.8ms
[2023-08-12T06:59:16.502+0000][gc,phases     ] GC(965)   Post Evacuate Collection Set: 0.7ms
[2023-08-12T06:59:16.502+0000][gc,phases     ] GC(965)   Other: 0.3ms
[2023-08-12T06:59:16.502+0000][gc,heap       ] GC(965) Eden regions: 379->0(394)
[2023-08-12T06:59:16.502+0000][gc,heap       ] GC(965) Survivor regions: 34->27(52)
[2023-08-12T06:59:16.502+0000][gc,heap       ] GC(965) Old regions: 185->193
[2023-08-12T06:59:16.502+0000][gc,heap       ] GC(965) Humongous regions: 149->149
[2023-08-12T06:59:16.502+0000][gc,metaspace  ] GC(965) Metaspace: 119302K(125028K)->119302K(125028K) NonClass: 105423K(108748K)->105423K(108748K) Class: 13878K(16280K)->13878K(16280K)
[2023-08-12T06:59:16.502+0000][gc            ] GC(965) Pause Young (Normal) (G1 Evacuation Pause) 746M->368M(1024M) 18.008ms
[2023-08-12T06:59:16.502+0000][gc,cpu        ] GC(965) User=0.13s Sys=0.00s Real=0.02s
[2023-08-12T07:00:54.377+0000][gc,start      ] GC(966) Pause Young (Normal) (G1 Evacuation Pause)
[2023-08-12T07:00:54.377+0000][gc,task       ] GC(966) Using 8 workers of 8 for evacuation
[2023-08-12T07:00:54.394+0000][gc,phases     ] GC(966)   Pre Evacuate Collection Set: 0.0ms
[2023-08-12T07:00:54.394+0000][gc,phases     ] GC(966)   Evacuate Collection Set: 15.8ms
[2023-08-12T07:00:54.394+0000][gc,phases     ] GC(966)   Post Evacuate Collection Set: 0.7ms
[2023-08-12T07:00:54.394+0000][gc,phases     ] GC(966)   Other: 0.4ms
[2023-08-12T07:00:54.394+0000][gc,heap       ] GC(966) Eden regions: 394->0(390)
[2023-08-12T07:00:54.394+0000][gc,heap       ] GC(966) Survivor regions: 27->30(53)
[2023-08-12T07:00:54.394+0000][gc,heap       ] GC(966) Old regions: 193->193
[2023-08-12T07:00:54.394+0000][gc,heap       ] GC(966) Humongous regions: 149->149
[2023-08-12T07:00:54.394+0000][gc,metaspace  ] GC(966) Metaspace: 119302K(125028K)->119302K(125028K) NonClass: 105423K(108748K)->105423K(108748K) Class: 13878K(16280K)->13878K(16280K)
[2023-08-12T07:00:54.394+0000][gc            ] GC(966) Pause Young (Normal) (G1 Evacuation Pause) 762M->371M(1024M) 16.920ms
[2023-08-12T07:00:54.394+0000][gc,cpu        ] GC(966) User=0.13s Sys=0.00s Real=0.02s
[2023-08-12T07:02:31.332+0000][gc,start      ] GC(967) Pause Young (Normal) (G1 Evacuation Pause)
[2023-08-12T07:02:31.333+0000][gc,task       ] GC(967) Using 8 workers of 8 for evacuation
[2023-08-12T07:02:31.351+0000][gc,phases     ] GC(967)   Pre Evacuate Collection Set: 0.0ms
[2023-08-12T07:02:31.351+0000][gc,phases     ] GC(967)   Evacuate Collection Set: 17.3ms
[2023-08-12T07:02:31.351+0000][gc,phases     ] GC(967)   Post Evacuate Collection Set: 0.7ms
[2023-08-12T07:02:31.351+0000][gc,phases     ] GC(967)   Other: 0.4ms
[2023-08-12T07:02:31.351+0000][gc,heap       ] GC(967) Eden regions: 390->0(389)
[2023-08-12T07:02:31.351+0000][gc,heap       ] GC(967) Survivor regions: 30->33(53)
[2023-08-12T07:02:31.351+0000][gc,heap       ] GC(967) Old regions: 193->196
[2023-08-12T07:02:31.351+0000][gc,heap       ] GC(967) Humongous regions: 149->149
[2023-08-12T07:02:31.351+0000][gc,metaspace  ] GC(967) Metaspace: 119302K(125028K)->119302K(125028K) NonClass: 105423K(108748K)->105423K(108748K) Class: 13878K(16280K)->13878K(16280K)
[2023-08-12T07:02:31.351+0000][gc            ] GC(967) Pause Young (Normal) (G1 Evacuation Pause) 761M->376M(1024M) 18.475ms
[2023-08-12T07:02:31.351+0000][gc,cpu        ] GC(967) User=0.14s Sys=0.00s Real=0.02s
[2023-08-12T07:03:54.778+0000][gc,start      ] GC(968) Pause Young (Normal) (G1 Evacuation Pause)
[2023-08-12T07:03:54.778+0000][gc,task       ] GC(968) Using 8 workers of 8 for evacuation
[2023-08-12T07:03:54.797+0000][gc,phases     ] GC(968)   Pre Evacuate Collection Set: 0.0ms
[2023-08-12T07:03:54.797+0000][gc,phases     ] GC(968)   Evacuate Collection Set: 18.3ms
[2023-08-12T07:03:54.797+0000][gc,phases     ] GC(968)   Post Evacuate Collection Set: 0.7ms
[2023-08-12T07:03:54.797+0000][gc,phases     ] GC(968)   Other: 0.4ms
[2023-08-12T07:03:54.797+0000][gc,heap       ] GC(968) Eden regions: 364->0(393)
[2023-08-12T07:03:54.797+0000][gc,heap       ] GC(968) Survivor regions: 33->28(50)
[2023-08-12T07:03:54.797+0000][gc,heap       ] GC(968) Old regions: 196->204
[2023-08-12T07:03:54.797+0000][gc,heap       ] GC(968) Humongous regions: 149->149
[2023-08-12T07:03:54.797+0000][gc,metaspace  ] GC(968) Metaspace: 119302K(125028K)->119302K(125028K) NonClass: 105423K(108748K)->105423K(108748K) Class: 13878K(16280K)->13878K(16280K)
[2023-08-12T07:03:54.797+0000][gc            ] GC(968) Pause Young (Normal) (G1 Evacuation Pause) 740M->380M(1024M) 19.465ms
[2023-08-12T07:03:54.797+0000][gc,cpu        ] GC(968) User=0.14s Sys=0.00s Real=0.02s
[2023-08-12T07:05:48.589+0000][gc,start      ] GC(969) Pause Young (Normal) (G1 Evacuation Pause)
[2023-08-12T07:05:48.589+0000][gc,task       ] GC(969) Using 8 workers of 8 for evacuation
[2023-08-12T07:05:48.607+0000][gc,phases     ] GC(969)   Pre Evacuate Collection Set: 0.0ms
[2023-08-12T07:05:48.607+0000][gc,phases     ] GC(969)   Evacuate Collection Set: 16.5ms
[2023-08-12T07:05:48.607+0000][gc,phases     ] GC(969)   Post Evacuate Collection Set: 0.7ms
[2023-08-12T07:05:48.607+0000][gc,phases     ] GC(969)   Other: 0.4ms
[2023-08-12T07:05:48.607+0000][gc,heap       ] GC(969) Eden regions: 393->0(390)
[2023-08-12T07:05:48.607+0000][gc,heap       ] GC(969) Survivor regions: 28->33(53)
[2023-08-12T07:05:48.607+0000][gc,heap       ] GC(969) Old regions: 204->204
[2023-08-12T07:05:48.607+0000][gc,heap       ] GC(969) Humongous regions: 149->149
[2023-08-12T07:05:48.607+0000][gc,metaspace  ] GC(969) Metaspace: 119302K(125028K)->119302K(125028K) NonClass: 105423K(108748K)->105423K(108748K) Class: 13878K(16280K)->13878K(16280K)
[2023-08-12T07:05:48.607+0000][gc            ] GC(969) Pause Young (Normal) (G1 Evacuation Pause) 773M->384M(1024M) 17.697ms
[2023-08-12T07:05:48.607+0000][gc,cpu        ] GC(969) User=0.13s Sys=0.00s Real=0.02s
[2023-08-12T07:06:56.102+0000][gc,start      ] GC(970) Pause Young (Normal) (G1 Evacuation Pause)
[2023-08-12T07:06:56.102+0000][gc,task       ] GC(970) Using 8 workers of 8 for evacuation
[2023-08-12T07:06:56.120+0000][gc,phases     ] GC(970)   Pre Evacuate Collection Set: 0.0ms
[2023-08-12T07:06:56.120+0000][gc,phases     ] GC(970)   Evacuate Collection Set: 17.4ms
[2023-08-12T07:06:56.120+0000][gc,phases     ] GC(970)   Post Evacuate Collection Set: 0.7ms
[2023-08-12T07:06:56.120+0000][gc,phases     ] GC(970)   Other: 0.3ms
[2023-08-12T07:06:56.120+0000][gc,heap       ] GC(970) Eden regions: 338->0(402)
[2023-08-12T07:06:56.120+0000][gc,heap       ] GC(970) Survivor regions: 33->28(47)
[2023-08-12T07:06:56.120+0000][gc,heap       ] GC(970) Old regions: 204->212
[2023-08-12T07:06:56.120+0000][gc,heap       ] GC(970) Humongous regions: 149->149
[2023-08-12T07:06:56.120+0000][gc,metaspace  ] GC(970) Metaspace: 119302K(125028K)->119302K(125028K) NonClass: 105423K(108748K)->105423K(108748K) Class: 13878K(16280K)->13878K(16280K)
[2023-08-12T07:06:56.120+0000][gc            ] GC(970) Pause Young (Normal) (G1 Evacuation Pause) 722M->388M(1024M) 18.420ms
[2023-08-12T07:06:56.120+0000][gc,cpu        ] GC(970) User=0.14s Sys=0.00s Real=0.02s
[2023-08-12T07:08:54.339+0000][gc,start      ] GC(971) Pause Young (Normal) (G1 Evacuation Pause)
[2023-08-12T07:08:54.339+0000][gc,task       ] GC(971) Using 8 workers of 8 for evacuation
[2023-08-12T07:08:54.357+0000][gc,phases     ] GC(971)   Pre Evacuate Collection Set: 0.0ms
[2023-08-12T07:08:54.357+0000][gc,phases     ] GC(971)   Evacuate Collection Set: 17.3ms
[2023-08-12T07:08:54.357+0000][gc,phases     ] GC(971)   Post Evacuate Collection Set: 0.7ms
[2023-08-12T07:08:54.357+0000][gc,phases     ] GC(971)   Other: 0.4ms
[2023-08-12T07:08:54.357+0000][gc,heap       ] GC(971) Eden regions: 402->0(393)
[2023-08-12T07:08:54.357+0000][gc,heap       ] GC(971) Survivor regions: 28->34(54)
[2023-08-12T07:08:54.357+0000][gc,heap       ] GC(971) Old regions: 212->212
[2023-08-12T07:08:54.357+0000][gc,heap       ] GC(971) Humongous regions: 149->149
[2023-08-12T07:08:54.357+0000][gc,metaspace  ] GC(971) Metaspace: 119302K(125028K)->119302K(125028K) NonClass: 105423K(108748K)->105423K(108748K) Class: 13878K(16280K)->13878K(16280K)
[2023-08-12T07:08:54.358+0000][gc            ] GC(971) Pause Young (Normal) (G1 Evacuation Pause) 790M->393M(1024M) 18.474ms
[2023-08-12T07:08:54.358+0000][gc,cpu        ] GC(971) User=0.14s Sys=0.00s Real=0.01s
[2023-08-12T07:10:00.128+0000][gc,start      ] GC(972) Pause Young (Normal) (G1 Evacuation Pause)
[2023-08-12T07:10:00.128+0000][gc,task       ] GC(972) Using 8 workers of 8 for evacuation
[2023-08-12T07:10:00.150+0000][gc,mmu        ] GC(972) MMU target violated: 21.0ms (20.0ms/21.0ms)
[2023-08-12T07:10:00.150+0000][gc,phases     ] GC(972)   Pre Evacuate Collection Set: 0.0ms
[2023-08-12T07:10:00.150+0000][gc,phases     ] GC(972)   Evacuate Collection Set: 20.2ms
[2023-08-12T07:10:00.150+0000][gc,phases     ] GC(972)   Post Evacuate Collection Set: 0.7ms
[2023-08-12T07:10:00.150+0000][gc,phases     ] GC(972)   Other: 0.7ms
[2023-08-12T07:10:00.150+0000][gc,heap       ] GC(972) Eden regions: 316->0(409)
[2023-08-12T07:10:00.150+0000][gc,heap       ] GC(972) Survivor regions: 34->24(44)
[2023-08-12T07:10:00.150+0000][gc,heap       ] GC(972) Old regions: 212->225
[2023-08-12T07:10:00.150+0000][gc,heap       ] GC(972) Humongous regions: 149->149
[2023-08-12T07:10:00.150+0000][gc,metaspace  ] GC(972) Metaspace: 119302K(125028K)->119302K(125028K) NonClass: 105423K(108748K)->105423K(108748K) Class: 13878K(16280K)->13878K(16280K)
[2023-08-12T07:10:00.150+0000][gc            ] GC(972) Pause Young (Normal) (G1 Evacuation Pause) 709M->396M(1024M) 21.695ms
[2023-08-12T07:10:00.150+0000][gc,cpu        ] GC(972) User=0.15s Sys=0.00s Real=0.02s
[2023-08-12T07:11:54.373+0000][gc,start      ] GC(973) Pause Young (Normal) (G1 Evacuation Pause)
[2023-08-12T07:11:54.373+0000][gc,task       ] GC(973) Using 8 workers of 8 for evacuation
[2023-08-12T07:11:54.389+0000][gc,phases     ] GC(973)   Pre Evacuate Collection Set: 0.0ms
[2023-08-12T07:11:54.389+0000][gc,phases     ] GC(973)   Evacuate Collection Set: 14.9ms
[2023-08-12T07:11:54.389+0000][gc,phases     ] GC(973)   Post Evacuate Collection Set: 0.7ms
[2023-08-12T07:11:54.389+0000][gc,phases     ] GC(973)   Other: 0.3ms
[2023-08-12T07:11:54.389+0000][gc,heap       ] GC(973) Eden regions: 409->0(401)
[2023-08-12T07:11:54.389+0000][gc,heap       ] GC(973) Survivor regions: 24->28(55)
[2023-08-12T07:11:54.389+0000][gc,heap       ] GC(973) Old regions: 225->225
[2023-08-12T07:11:54.389+0000][gc,heap       ] GC(973) Humongous regions: 149->149
[2023-08-12T07:11:54.389+0000][gc,metaspace  ] GC(973) Metaspace: 119309K(125028K)->119309K(125028K) NonClass: 105431K(108748K)->105431K(108748K) Class: 13878K(16280K)->13878K(16280K)
[2023-08-12T07:11:54.389+0000][gc            ] GC(973) Pause Young (Normal) (G1 Evacuation Pause) 805M->401M(1024M) 15.928ms
[2023-08-12T07:11:54.389+0000][gc,cpu        ] GC(973) User=0.12s Sys=0.00s Real=0.01s
[2023-08-12T07:13:19.562+0000][gc,start      ] GC(974) Pause Young (Normal) (G1 Evacuation Pause)
[2023-08-12T07:13:19.562+0000][gc,task       ] GC(974) Using 8 workers of 8 for evacuation
[2023-08-12T07:13:19.579+0000][gc,phases     ] GC(974)   Pre Evacuate Collection Set: 0.0ms
[2023-08-12T07:13:19.579+0000][gc,phases     ] GC(974)   Evacuate Collection Set: 15.8ms
[2023-08-12T07:13:19.579+0000][gc,phases     ] GC(974)   Post Evacuate Collection Set: 0.7ms
[2023-08-12T07:13:19.579+0000][gc,phases     ] GC(974)   Other: 0.3ms
[2023-08-12T07:13:19.579+0000][gc,heap       ] GC(974) Eden regions: 368->0(388)
[2023-08-12T07:13:19.579+0000][gc,heap       ] GC(974) Survivor regions: 28->27(50)
[2023-08-12T07:13:19.579+0000][gc,heap       ] GC(974) Old regions: 225->228
[2023-08-12T07:13:19.579+0000][gc,heap       ] GC(974) Humongous regions: 149->149
[2023-08-12T07:13:19.579+0000][gc,metaspace  ] GC(974) Metaspace: 119309K(125028K)->119309K(125028K) NonClass: 105431K(108748K)->105431K(108748K) Class: 13878K(16280K)->13878K(16280K)
[2023-08-12T07:13:19.579+0000][gc            ] GC(974) Pause Young (Normal) (G1 Evacuation Pause) 769M->403M(1024M) 16.878ms
[2023-08-12T07:13:19.579+0000][gc,cpu        ] GC(974) User=0.13s Sys=0.00s Real=0.02s
[2023-08-12T07:14:57.330+0000][gc,start      ] GC(975) Pause Young (Normal) (G1 Evacuation Pause)
[2023-08-12T07:14:57.330+0000][gc,task       ] GC(975) Using 8 workers of 8 for evacuation
[2023-08-12T07:14:57.347+0000][gc,phases     ] GC(975)   Pre Evacuate Collection Set: 0.0ms
[2023-08-12T07:14:57.347+0000][gc,phases     ] GC(975)   Evacuate Collection Set: 16.3ms
[2023-08-12T07:14:57.347+0000][gc,phases     ] GC(975)   Post Evacuate Collection Set: 0.7ms
[2023-08-12T07:14:57.347+0000][gc,phases     ] GC(975)   Other: 0.4ms
[2023-08-12T07:14:57.347+0000][gc,heap       ] GC(975) Eden regions: 388->0(387)
[2023-08-12T07:14:57.347+0000][gc,heap       ] GC(975) Survivor regions: 27->32(52)
[2023-08-12T07:14:57.347+0000][gc,heap       ] GC(975) Old regions: 228->228
[2023-08-12T07:14:57.347+0000][gc,heap       ] GC(975) Humongous regions: 149->149
[2023-08-12T07:14:57.347+0000][gc,metaspace  ] GC(975) Metaspace: 119309K(125028K)->119309K(125028K) NonClass: 105431K(108748K)->105431K(108748K) Class: 13878K(16280K)->13878K(16280K)
[2023-08-12T07:14:57.347+0000][gc            ] GC(975) Pause Young (Normal) (G1 Evacuation Pause) 791M->408M(1024M) 17.452ms
[2023-08-12T07:14:57.347+0000][gc,cpu        ] GC(975) User=0.13s Sys=0.00s Real=0.02s
[2023-08-12T07:16:27.020+0000][gc,start      ] GC(976) Pause Young (Normal) (G1 Evacuation Pause)
[2023-08-12T07:16:27.020+0000][gc,task       ] GC(976) Using 8 workers of 8 for evacuation
[2023-08-12T07:16:27.040+0000][gc,phases     ] GC(976)   Pre Evacuate Collection Set: 0.0ms
[2023-08-12T07:16:27.040+0000][gc,phases     ] GC(976)   Evacuate Collection Set: 18.5ms
[2023-08-12T07:16:27.040+0000][gc,phases     ] GC(976)   Post Evacuate Collection Set: 0.7ms
[2023-08-12T07:16:27.040+0000][gc,phases     ] GC(976)   Other: 0.3ms
[2023-08-12T07:16:27.040+0000][gc,heap       ] GC(976) Eden regions: 387->0(385)
[2023-08-12T07:16:27.040+0000][gc,heap       ] GC(976) Survivor regions: 32->32(53)
[2023-08-12T07:16:27.040+0000][gc,heap       ] GC(976) Old regions: 228->233
[2023-08-12T07:16:27.040+0000][gc,heap       ] GC(976) Humongous regions: 149->149
[2023-08-12T07:16:27.040+0000][gc,metaspace  ] GC(976) Metaspace: 119309K(125028K)->119309K(125028K) NonClass: 105431K(108748K)->105431K(108748K) Class: 13878K(16280K)->13878K(16280K)
[2023-08-12T07:16:27.040+0000][gc            ] GC(976) Pause Young (Normal) (G1 Evacuation Pause) 795M->413M(1024M) 19.563ms
[2023-08-12T07:16:27.040+0000][gc,cpu        ] GC(976) User=0.15s Sys=0.00s Real=0.02s
[2023-08-12T07:18:18.580+0000][gc,start      ] GC(977) Pause Young (Normal) (G1 Evacuation Pause)
[2023-08-12T07:18:18.580+0000][gc,task       ] GC(977) Using 8 workers of 8 for evacuation
[2023-08-12T07:18:18.600+0000][gc,phases     ] GC(977)   Pre Evacuate Collection Set: 0.0ms
[2023-08-12T07:18:18.600+0000][gc,phases     ] GC(977)   Evacuate Collection Set: 18.6ms
[2023-08-12T07:18:18.600+0000][gc,phases     ] GC(977)   Post Evacuate Collection Set: 0.7ms
[2023-08-12T07:18:18.600+0000][gc,phases     ] GC(977)   Other: 0.3ms
[2023-08-12T07:18:18.600+0000][gc,heap       ] GC(977) Eden regions: 385->0(391)
[2023-08-12T07:18:18.600+0000][gc,heap       ] GC(977) Survivor regions: 32->28(53)
[2023-08-12T07:18:18.600+0000][gc,heap       ] GC(977) Old regions: 233->241
[2023-08-12T07:18:18.600+0000][gc,heap       ] GC(977) Humongous regions: 149->149
[2023-08-12T07:18:18.600+0000][gc,metaspace  ] GC(977) Metaspace: 119309K(125028K)->119309K(125028K) NonClass: 105431K(108748K)->105431K(108748K) Class: 13878K(16280K)->13878K(16280K)
[2023-08-12T07:18:18.600+0000][gc            ] GC(977) Pause Young (Normal) (G1 Evacuation Pause) 798M->418M(1024M) 19.698ms
[2023-08-12T07:18:18.600+0000][gc,cpu        ] GC(977) User=0.15s Sys=0.00s Real=0.02s
[2023-08-12T07:19:39.484+0000][gc,start      ] GC(978) Pause Young (Normal) (G1 Evacuation Pause)
[2023-08-12T07:19:39.484+0000][gc,task       ] GC(978) Using 8 workers of 8 for evacuation
[2023-08-12T07:19:39.502+0000][gc,phases     ] GC(978)   Pre Evacuate Collection Set: 0.0ms
[2023-08-12T07:19:39.502+0000][gc,phases     ] GC(978)   Evacuate Collection Set: 17.3ms
[2023-08-12T07:19:39.502+0000][gc,phases     ] GC(978)   Post Evacuate Collection Set: 0.6ms
[2023-08-12T07:19:39.502+0000][gc,phases     ] GC(978)   Other: 0.3ms
[2023-08-12T07:19:39.502+0000][gc,heap       ] GC(978) Eden regions: 375->0(394)
[2023-08-12T07:19:39.502+0000][gc,heap       ] GC(978) Survivor regions: 28->29(51)
[2023-08-12T07:19:39.502+0000][gc,heap       ] GC(978) Old regions: 241->245
[2023-08-12T07:19:39.502+0000][gc,heap       ] GC(978) Humongous regions: 149->149
[2023-08-12T07:19:39.502+0000][gc,metaspace  ] GC(978) Metaspace: 119309K(125028K)->119309K(125028K) NonClass: 105431K(108748K)->105431K(108748K) Class: 13878K(16280K)->13878K(16280K)
[2023-08-12T07:19:39.502+0000][gc            ] GC(978) Pause Young (Normal) (G1 Evacuation Pause) 793M->422M(1024M) 18.373ms
[2023-08-12T07:19:39.502+0000][gc,cpu        ] GC(978) User=0.13s Sys=0.00s Real=0.02s
[2023-08-12T07:21:24.354+0000][gc,start      ] GC(979) Pause Young (Normal) (G1 Evacuation Pause)
[2023-08-12T07:21:24.354+0000][gc,task       ] GC(979) Using 8 workers of 8 for evacuation
[2023-08-12T07:21:24.373+0000][gc,phases     ] GC(979)   Pre Evacuate Collection Set: 0.0ms
[2023-08-12T07:21:24.373+0000][gc,phases     ] GC(979)   Evacuate Collection Set: 17.4ms
[2023-08-12T07:21:24.373+0000][gc,phases     ] GC(979)   Post Evacuate Collection Set: 0.7ms
[2023-08-12T07:21:24.373+0000][gc,phases     ] GC(979)   Other: 0.3ms
[2023-08-12T07:21:24.373+0000][gc,heap       ] GC(979) Eden regions: 368->0(397)
[2023-08-12T07:21:24.373+0000][gc,heap       ] GC(979) Survivor regions: 29->29(50)
[2023-08-12T07:21:24.373+0000][gc,heap       ] GC(979) Old regions: 245->250
[2023-08-12T07:21:24.373+0000][gc,heap       ] GC(979) Humongous regions: 149->149
[2023-08-12T07:21:24.373+0000][gc,metaspace  ] GC(979) Metaspace: 119309K(125028K)->119309K(125028K) NonClass: 105431K(108748K)->105431K(108748K) Class: 13878K(16280K)->13878K(16280K)
[2023-08-12T07:21:24.373+0000][gc            ] GC(979) Pause Young (Normal) (G1 Evacuation Pause) 790M->427M(1024M) 18.490ms
[2023-08-12T07:21:24.373+0000][gc,cpu        ] GC(979) User=0.14s Sys=0.00s Real=0.02s
[2023-08-12T07:22:24.998+0000][gc,start      ] GC(980) Pause Young (Normal) (G1 Evacuation Pause)
[2023-08-12T07:22:24.998+0000][gc,task       ] GC(980) Using 8 workers of 8 for evacuation
[2023-08-12T07:22:25.015+0000][gc,phases     ] GC(980)   Pre Evacuate Collection Set: 0.0ms
[2023-08-12T07:22:25.015+0000][gc,phases     ] GC(980)   Evacuate Collection Set: 16.2ms
[2023-08-12T07:22:25.015+0000][gc,phases     ] GC(980)   Post Evacuate Collection Set: 0.7ms
[2023-08-12T07:22:25.015+0000][gc,phases     ] GC(980)   Other: 0.3ms
[2023-08-12T07:22:25.015+0000][gc,heap       ] GC(980) Eden regions: 299->0(432)
[2023-08-12T07:22:25.015+0000][gc,heap       ] GC(980) Survivor regions: 29->24(41)
[2023-08-12T07:22:25.015+0000][gc,heap       ] GC(980) Old regions: 250->259
[2023-08-12T07:22:25.015+0000][gc,heap       ] GC(980) Humongous regions: 149->149
[2023-08-12T07:22:25.015+0000][gc,metaspace  ] GC(980) Metaspace: 119309K(125028K)->119309K(125028K) NonClass: 105431K(108748K)->105431K(108748K) Class: 13878K(16280K)->13878K(16280K)
[2023-08-12T07:22:25.015+0000][gc            ] GC(980) Pause Young (Normal) (G1 Evacuation Pause) 726M->430M(1024M) 17.319ms
[2023-08-12T07:22:25.015+0000][gc,cpu        ] GC(980) User=0.12s Sys=0.00s Real=0.02s
[2023-08-12T07:24:24.445+0000][gc,start      ] GC(981) Pause Young (Normal) (G1 Evacuation Pause)
[2023-08-12T07:24:24.445+0000][gc,task       ] GC(981) Using 8 workers of 8 for evacuation
[2023-08-12T07:24:24.464+0000][gc,phases     ] GC(981)   Pre Evacuate Collection Set: 0.0ms
[2023-08-12T07:24:24.464+0000][gc,phases     ] GC(981)   Evacuate Collection Set: 18.1ms
[2023-08-12T07:24:24.464+0000][gc,phases     ] GC(981)   Post Evacuate Collection Set: 0.7ms
[2023-08-12T07:24:24.464+0000][gc,phases     ] GC(981)   Other: 0.4ms
[2023-08-12T07:24:24.464+0000][gc,heap       ] GC(981) Eden regions: 432->0(398)
[2023-08-12T07:24:24.464+0000][gc,heap       ] GC(981) Survivor regions: 24->29(57)
[2023-08-12T07:24:24.464+0000][gc,heap       ] GC(981) Old regions: 259->259
[2023-08-12T07:24:24.464+0000][gc,heap       ] GC(981) Humongous regions: 149->149
[2023-08-12T07:24:24.464+0000][gc,metaspace  ] GC(981) Metaspace: 119309K(125028K)->119309K(125028K) NonClass: 105431K(108748K)->105431K(108748K) Class: 13878K(16280K)->13878K(16280K)
[2023-08-12T07:24:24.464+0000][gc            ] GC(981) Pause Young (Normal) (G1 Evacuation Pause) 862M->436M(1024M) 19.316ms
[2023-08-12T07:24:24.465+0000][gc,cpu        ] GC(981) User=0.12s Sys=0.00s Real=0.02s
[2023-08-12T07:25:24.349+0000][gc,start      ] GC(982) Pause Young (Concurrent Start) (G1 Evacuation Pause)
[2023-08-12T07:25:24.349+0000][gc,task       ] GC(982) Using 8 workers of 8 for evacuation
[2023-08-12T07:25:24.367+0000][gc,phases     ] GC(982)   Pre Evacuate Collection Set: 0.5ms
[2023-08-12T07:25:24.368+0000][gc,phases     ] GC(982)   Evacuate Collection Set: 16.7ms
[2023-08-12T07:25:24.368+0000][gc,phases     ] GC(982)   Post Evacuate Collection Set: 0.6ms
[2023-08-12T07:25:24.368+0000][gc,phases     ] GC(982)   Other: 0.3ms
[2023-08-12T07:25:24.368+0000][gc,heap       ] GC(982) Eden regions: 254->0(375)
[2023-08-12T07:25:24.368+0000][gc,heap       ] GC(982) Survivor regions: 29->19(36)
[2023-08-12T07:25:24.368+0000][gc,heap       ] GC(982) Old regions: 259->271
[2023-08-12T07:25:24.368+0000][gc,heap       ] GC(982) Humongous regions: 149->149
[2023-08-12T07:25:24.368+0000][gc,metaspace  ] GC(982) Metaspace: 119309K(125028K)->119309K(125028K) NonClass: 105431K(108748K)->105431K(108748K) Class: 13878K(16280K)->13878K(16280K)
[2023-08-12T07:25:24.368+0000][gc            ] GC(982) Pause Young (Concurrent Start) (G1 Evacuation Pause) 690M->438M(1024M) 18.198ms
[2023-08-12T07:25:24.368+0000][gc,cpu        ] GC(982) User=0.13s Sys=0.00s Real=0.02s
[2023-08-12T07:25:24.368+0000][gc            ] GC(983) Concurrent Cycle
[2023-08-12T07:25:24.368+0000][gc,marking    ] GC(983) Concurrent Clear Claimed Marks
[2023-08-12T07:25:24.368+0000][gc,marking    ] GC(983) Concurrent Clear Claimed Marks 0.195ms
[2023-08-12T07:25:24.368+0000][gc,marking    ] GC(983) Concurrent Scan Root Regions
[2023-08-12T07:25:24.376+0000][gc,marking    ] GC(983) Concurrent Scan Root Regions 7.762ms
[2023-08-12T07:25:24.376+0000][gc,marking    ] GC(983) Concurrent Mark (74615.677s)
[2023-08-12T07:25:24.376+0000][gc,marking    ] GC(983) Concurrent Mark From Roots
[2023-08-12T07:25:24.376+0000][gc,task       ] GC(983) Using 2 workers of 2 for marking
[2023-08-12T07:25:24.443+0000][gc,marking    ] GC(983) Concurrent Mark From Roots 67.431ms
[2023-08-12T07:25:24.443+0000][gc,marking    ] GC(983) Concurrent Preclean
[2023-08-12T07:25:24.444+0000][gc,marking    ] GC(983) Concurrent Preclean 0.368ms
[2023-08-12T07:25:24.444+0000][gc,marking    ] GC(983) Concurrent Mark (74615.677s, 74615.745s) 67.852ms
[2023-08-12T07:25:24.444+0000][gc,start      ] GC(983) Pause Remark
[2023-08-12T07:25:24.453+0000][gc,stringtable] GC(983) Cleaned string and symbol table, strings: 45251 processed, 0 removed, symbols: 280319 processed, 0 removed
[2023-08-12T07:25:24.454+0000][gc            ] GC(983) Pause Remark 458M->448M(1024M) 9.897ms
[2023-08-12T07:25:24.454+0000][gc,cpu        ] GC(983) User=0.07s Sys=0.00s Real=0.01s
[2023-08-12T07:25:24.454+0000][gc,marking    ] GC(983) Concurrent Rebuild Remembered Sets
[2023-08-12T07:25:24.503+0000][gc,marking    ] GC(983) Concurrent Rebuild Remembered Sets 49.075ms
[2023-08-12T07:25:24.503+0000][gc,start      ] GC(983) Pause Cleanup
[2023-08-12T07:25:24.503+0000][gc            ] GC(983) Pause Cleanup 461M->461M(1024M) 0.273ms
[2023-08-12T07:25:24.503+0000][gc,cpu        ] GC(983) User=0.00s Sys=0.00s Real=0.00s
[2023-08-12T07:25:24.503+0000][gc,marking    ] GC(983) Concurrent Cleanup for Next Mark
[2023-08-12T07:25:24.505+0000][gc,marking    ] GC(983) Concurrent Cleanup for Next Mark 1.349ms
[2023-08-12T07:25:24.505+0000][gc            ] GC(983) Concurrent Cycle 137.134ms
[2023-08-12T07:26:43.244+0000][gc,start      ] GC(984) Pause Young (Prepare Mixed) (G1 Evacuation Pause)
[2023-08-12T07:26:43.244+0000][gc,task       ] GC(984) Using 8 workers of 8 for evacuation
[2023-08-12T07:26:43.258+0000][gc,phases     ] GC(984)   Pre Evacuate Collection Set: 0.0ms
[2023-08-12T07:26:43.258+0000][gc,phases     ] GC(984)   Evacuate Collection Set: 13.3ms
[2023-08-12T07:26:43.258+0000][gc,phases     ] GC(984)   Post Evacuate Collection Set: 0.6ms
[2023-08-12T07:26:43.258+0000][gc,phases     ] GC(984)   Other: 0.4ms
[2023-08-12T07:26:43.258+0000][gc,heap       ] GC(984) Eden regions: 316->0(29)
[2023-08-12T07:26:43.258+0000][gc,heap       ] GC(984) Survivor regions: 19->22(42)
[2023-08-12T07:26:43.258+0000][gc,heap       ] GC(984) Old regions: 261->261
[2023-08-12T07:26:43.258+0000][gc,heap       ] GC(984) Humongous regions: 149->149
[2023-08-12T07:26:43.258+0000][gc,metaspace  ] GC(984) Metaspace: 119309K(125028K)->119309K(125028K) NonClass: 105431K(108748K)->105431K(108748K) Class: 13878K(16280K)->13878K(16280K)
[2023-08-12T07:26:43.258+0000][gc            ] GC(984) Pause Young (Prepare Mixed) (G1 Evacuation Pause) 744M->431M(1024M) 14.459ms
[2023-08-12T07:26:43.258+0000][gc,cpu        ] GC(984) User=0.11s Sys=0.00s Real=0.01s
[2023-08-12T07:26:54.373+0000][gc,start      ] GC(985) Pause Young (Mixed) (G1 Evacuation Pause)
[2023-08-12T07:26:54.373+0000][gc,task       ] GC(985) Using 8 workers of 8 for evacuation
[2023-08-12T07:26:54.387+0000][gc,phases     ] GC(985)   Pre Evacuate Collection Set: 0.1ms
[2023-08-12T07:26:54.387+0000][gc,phases     ] GC(985)   Evacuate Collection Set: 12.6ms
[2023-08-12T07:26:54.387+0000][gc,phases     ] GC(985)   Post Evacuate Collection Set: 0.6ms
[2023-08-12T07:26:54.387+0000][gc,phases     ] GC(985)   Other: 0.3ms
[2023-08-12T07:26:54.387+0000][gc,heap       ] GC(985) Eden regions: 29->0(47)
[2023-08-12T07:26:54.387+0000][gc,heap       ] GC(985) Survivor regions: 22->4(7)
[2023-08-12T07:26:54.387+0000][gc,heap       ] GC(985) Old regions: 261->179
[2023-08-12T07:26:54.387+0000][gc,heap       ] GC(985) Humongous regions: 149->149
[2023-08-12T07:26:54.387+0000][gc,metaspace  ] GC(985) Metaspace: 119309K(125028K)->119309K(125028K) NonClass: 105431K(108748K)->105431K(108748K) Class: 13878K(16280K)->13878K(16280K)
[2023-08-12T07:26:54.387+0000][gc            ] GC(985) Pause Young (Mixed) (G1 Evacuation Pause) 460M->331M(1024M) 13.642ms
[2023-08-12T07:26:54.387+0000][gc,cpu        ] GC(985) User=0.10s Sys=0.00s Real=0.01s
[2023-08-12T07:27:00.503+0000][gc,start      ] GC(986) Pause Young (Mixed) (G1 Evacuation Pause)
[2023-08-12T07:27:00.503+0000][gc,task       ] GC(986) Using 8 workers of 8 for evacuation
[2023-08-12T07:27:00.509+0000][gc,phases     ] GC(986)   Pre Evacuate Collection Set: 0.1ms
[2023-08-12T07:27:00.509+0000][gc,phases     ] GC(986)   Evacuate Collection Set: 5.4ms
[2023-08-12T07:27:00.509+0000][gc,phases     ] GC(986)   Post Evacuate Collection Set: 0.5ms
[2023-08-12T07:27:00.509+0000][gc,phases     ] GC(986)   Other: 0.4ms
[2023-08-12T07:27:00.509+0000][gc,heap       ] GC(986) Eden regions: 47->0(489)
[2023-08-12T07:27:00.509+0000][gc,heap       ] GC(986) Survivor regions: 4->3(7)
[2023-08-12T07:27:00.509+0000][gc,heap       ] GC(986) Old regions: 179->164
[2023-08-12T07:27:00.509+0000][gc,heap       ] GC(986) Humongous regions: 149->149
[2023-08-12T07:27:00.509+0000][gc,metaspace  ] GC(986) Metaspace: 119309K(125028K)->119309K(125028K) NonClass: 105431K(108748K)->105431K(108748K) Class: 13878K(16280K)->13878K(16280K)
[2023-08-12T07:27:00.509+0000][gc            ] GC(986) Pause Young (Mixed) (G1 Evacuation Pause) 378M->315M(1024M) 6.461ms
[2023-08-12T07:27:00.509+0000][gc,cpu        ] GC(986) User=0.04s Sys=0.00s Real=0.00s
[2023-08-12T07:28:55.205+0000][gc,start      ] GC(987) Pause Young (Normal) (G1 Evacuation Pause)
[2023-08-12T07:28:55.205+0000][gc,task       ] GC(987) Using 8 workers of 8 for evacuation
[2023-08-12T07:28:55.213+0000][gc,phases     ] GC(987)   Pre Evacuate Collection Set: 0.0ms
[2023-08-12T07:28:55.213+0000][gc,phases     ] GC(987)   Evacuate Collection Set: 7.0ms
[2023-08-12T07:28:55.213+0000][gc,phases     ] GC(987)   Post Evacuate Collection Set: 0.7ms
[2023-08-12T07:28:55.213+0000][gc,phases     ] GC(987)   Other: 0.3ms
[2023-08-12T07:28:55.213+0000][gc,heap       ] GC(987) Eden regions: 477->0(469)
[2023-08-12T07:28:55.213+0000][gc,heap       ] GC(987) Survivor regions: 3->8(60)
[2023-08-12T07:28:55.213+0000][gc,heap       ] GC(987) Old regions: 164->164
[2023-08-12T07:28:55.213+0000][gc,heap       ] GC(987) Humongous regions: 149->149
[2023-08-12T07:28:55.213+0000][gc,metaspace  ] GC(987) Metaspace: 119309K(125028K)->119309K(125028K) NonClass: 105431K(108748K)->105431K(108748K) Class: 13878K(16280K)->13878K(16280K)
[2023-08-12T07:28:55.213+0000][gc            ] GC(987) Pause Young (Normal) (G1 Evacuation Pause) 792M->320M(1024M) 8.113ms
[2023-08-12T07:28:55.213+0000][gc,cpu        ] GC(987) User=0.06s Sys=0.00s Real=0.01s
[2023-08-12T07:30:54.471+0000][gc,start      ] GC(988) Pause Young (Normal) (G1 Evacuation Pause)
[2023-08-12T07:30:54.471+0000][gc,task       ] GC(988) Using 8 workers of 8 for evacuation
[2023-08-12T07:30:54.481+0000][gc,phases     ] GC(988)   Pre Evacuate Collection Set: 0.0ms
[2023-08-12T07:30:54.481+0000][gc,phases     ] GC(988)   Evacuate Collection Set: 9.1ms
[2023-08-12T07:30:54.481+0000][gc,phases     ] GC(988)   Post Evacuate Collection Set: 0.7ms
[2023-08-12T07:30:54.481+0000][gc,phases     ] GC(988)   Other: 0.4ms
[2023-08-12T07:30:54.481+0000][gc,heap       ] GC(988) Eden regions: 469->0(468)
[2023-08-12T07:30:54.481+0000][gc,heap       ] GC(988) Survivor regions: 8->15(60)
[2023-08-12T07:30:54.481+0000][gc,heap       ] GC(988) Old regions: 164->164
[2023-08-12T07:30:54.481+0000][gc,heap       ] GC(988) Humongous regions: 149->149
[2023-08-12T07:30:54.481+0000][gc,metaspace  ] GC(988) Metaspace: 119309K(125028K)->119309K(125028K) NonClass: 105431K(108748K)->105431K(108748K) Class: 13878K(16280K)->13878K(16280K)
[2023-08-12T07:30:54.481+0000][gc            ] GC(988) Pause Young (Normal) (G1 Evacuation Pause) 789M->326M(1024M) 10.308ms
[2023-08-12T07:30:54.481+0000][gc,cpu        ] GC(988) User=0.08s Sys=0.00s Real=0.02s
[2023-08-12T07:32:55.049+0000][gc,start      ] GC(989) Pause Young (Normal) (G1 Evacuation Pause)
[2023-08-12T07:32:55.049+0000][gc,task       ] GC(989) Using 8 workers of 8 for evacuation
[2023-08-12T07:32:55.062+0000][gc,phases     ] GC(989)   Pre Evacuate Collection Set: 0.0ms
[2023-08-12T07:32:55.062+0000][gc,phases     ] GC(989)   Evacuate Collection Set: 11.4ms
[2023-08-12T07:32:55.062+0000][gc,phases     ] GC(989)   Post Evacuate Collection Set: 0.7ms
[2023-08-12T07:32:55.062+0000][gc,phases     ] GC(989)   Other: 0.3ms
[2023-08-12T07:32:55.062+0000][gc,heap       ] GC(989) Eden regions: 468->0(471)
[2023-08-12T07:32:55.062+0000][gc,heap       ] GC(989) Survivor regions: 15->20(61)
[2023-08-12T07:32:55.062+0000][gc,heap       ] GC(989) Old regions: 164->164
[2023-08-12T07:32:55.062+0000][gc,heap       ] GC(989) Humongous regions: 149->149
[2023-08-12T07:32:55.062+0000][gc,metaspace  ] GC(989) Metaspace: 119309K(125028K)->119309K(125028K) NonClass: 105431K(108748K)->105431K(108748K) Class: 13878K(16280K)->13878K(16280K)
[2023-08-12T07:32:55.062+0000][gc            ] GC(989) Pause Young (Normal) (G1 Evacuation Pause) 794M->331M(1024M) 12.500ms
[2023-08-12T07:32:55.062+0000][gc,cpu        ] GC(989) User=0.10s Sys=0.00s Real=0.02s
[2023-08-12T07:34:54.383+0000][gc,start      ] GC(990) Pause Young (Normal) (G1 Evacuation Pause)
[2023-08-12T07:34:54.383+0000][gc,task       ] GC(990) Using 8 workers of 8 for evacuation
[2023-08-12T07:34:54.398+0000][gc,phases     ] GC(990)   Pre Evacuate Collection Set: 0.0ms
[2023-08-12T07:34:54.398+0000][gc,phases     ] GC(990)   Evacuate Collection Set: 13.4ms
[2023-08-12T07:34:54.398+0000][gc,phases     ] GC(990)   Post Evacuate Collection Set: 0.7ms
[2023-08-12T07:34:54.398+0000][gc,phases     ] GC(990)   Other: 0.3ms
[2023-08-12T07:34:54.398+0000][gc,heap       ] GC(990) Eden regions: 471->0(472)
[2023-08-12T07:34:54.398+0000][gc,heap       ] GC(990) Survivor regions: 20->26(62)
[2023-08-12T07:34:54.398+0000][gc,heap       ] GC(990) Old regions: 164->164
[2023-08-12T07:34:54.398+0000][gc,heap       ] GC(990) Humongous regions: 149->149
[2023-08-12T07:34:54.398+0000][gc,metaspace  ] GC(990) Metaspace: 119310K(125028K)->119310K(125028K) NonClass: 105431K(108748K)->105431K(108748K) Class: 13878K(16280K)->13878K(16280K)
[2023-08-12T07:34:54.398+0000][gc            ] GC(990) Pause Young (Normal) (G1 Evacuation Pause) 802M->337M(1024M) 14.495ms
[2023-08-12T07:34:54.398+0000][gc,cpu        ] GC(990) User=0.11s Sys=0.00s Real=0.01s
[2023-08-12T07:36:52.044+0000][gc,start      ] GC(991) Pause Young (Normal) (G1 Evacuation Pause)
[2023-08-12T07:36:52.044+0000][gc,task       ] GC(991) Using 8 workers of 8 for evacuation
[2023-08-12T07:36:52.061+0000][gc,phases     ] GC(991)   Pre Evacuate Collection Set: 0.0ms
[2023-08-12T07:36:52.061+0000][gc,phases     ] GC(991)   Evacuate Collection Set: 15.3ms
[2023-08-12T07:36:52.061+0000][gc,phases     ] GC(991)   Post Evacuate Collection Set: 0.7ms
[2023-08-12T07:36:52.061+0000][gc,phases     ] GC(991)   Other: 0.4ms
[2023-08-12T07:36:52.061+0000][gc,heap       ] GC(991) Eden regions: 472->0(472)
[2023-08-12T07:36:52.061+0000][gc,heap       ] GC(991) Survivor regions: 26->31(63)
[2023-08-12T07:36:52.061+0000][gc,heap       ] GC(991) Old regions: 164->164
[2023-08-12T07:36:52.061+0000][gc,heap       ] GC(991) Humongous regions: 149->149
[2023-08-12T07:36:52.061+0000][gc,metaspace  ] GC(991) Metaspace: 119310K(125028K)->119310K(125028K) NonClass: 105431K(108748K)->105431K(108748K) Class: 13878K(16280K)->13878K(16280K)
[2023-08-12T07:36:52.061+0000][gc            ] GC(991) Pause Young (Normal) (G1 Evacuation Pause) 809M->342M(1024M) 16.473ms
[2023-08-12T07:36:52.061+0000][gc,cpu        ] GC(991) User=0.13s Sys=0.00s Real=0.02s
[2023-08-12T07:38:54.375+0000][gc,start      ] GC(992) Pause Young (Normal) (G1 Evacuation Pause)
[2023-08-12T07:38:54.375+0000][gc,task       ] GC(992) Using 8 workers of 8 for evacuation
[2023-08-12T07:38:54.394+0000][gc,phases     ] GC(992)   Pre Evacuate Collection Set: 0.0ms
[2023-08-12T07:38:54.394+0000][gc,phases     ] GC(992)   Evacuate Collection Set: 17.4ms
[2023-08-12T07:38:54.394+0000][gc,phases     ] GC(992)   Post Evacuate Collection Set: 0.7ms
[2023-08-12T07:38:54.394+0000][gc,phases     ] GC(992)   Other: 0.3ms
[2023-08-12T07:38:54.394+0000][gc,heap       ] GC(992) Eden regions: 472->0(446)
[2023-08-12T07:38:54.394+0000][gc,heap       ] GC(992) Survivor regions: 31->37(63)
[2023-08-12T07:38:54.394+0000][gc,heap       ] GC(992) Old regions: 164->164
[2023-08-12T07:38:54.394+0000][gc,heap       ] GC(992) Humongous regions: 149->149
[2023-08-12T07:38:54.394+0000][gc,metaspace  ] GC(992) Metaspace: 119310K(125028K)->119310K(125028K) NonClass: 105431K(108748K)->105431K(108748K) Class: 13878K(16280K)->13878K(16280K)
[2023-08-12T07:38:54.394+0000][gc            ] GC(992) Pause Young (Normal) (G1 Evacuation Pause) 814M->349M(1024M) 18.421ms
[2023-08-12T07:38:54.394+0000][gc,cpu        ] GC(992) User=0.14s Sys=0.00s Real=0.02s
[2023-08-12T07:40:39.476+0000][gc,start      ] GC(993) Pause Young (Normal) (G1 Evacuation Pause)
[2023-08-12T07:40:39.476+0000][gc,task       ] GC(993) Using 8 workers of 8 for evacuation
[2023-08-12T07:40:39.499+0000][gc,mmu        ] GC(993) MMU target violated: 21.0ms (20.0ms/21.0ms)
[2023-08-12T07:40:39.499+0000][gc,phases     ] GC(993)   Pre Evacuate Collection Set: 0.0ms
[2023-08-12T07:40:39.499+0000][gc,phases     ] GC(993)   Evacuate Collection Set: 22.1ms
[2023-08-12T07:40:39.499+0000][gc,phases     ] GC(993)   Post Evacuate Collection Set: 0.7ms
[2023-08-12T07:40:39.499+0000][gc,phases     ] GC(993)   Other: 0.4ms
[2023-08-12T07:40:39.499+0000][gc,heap       ] GC(993) Eden regions: 446->0(348)
[2023-08-12T07:40:39.499+0000][gc,heap       ] GC(993) Survivor regions: 37->34(61)
[2023-08-12T07:40:39.499+0000][gc,heap       ] GC(993) Old regions: 164->170
[2023-08-12T07:40:39.499+0000][gc,heap       ] GC(993) Humongous regions: 149->149
[2023-08-12T07:40:39.499+0000][gc,metaspace  ] GC(993) Metaspace: 119310K(125028K)->119310K(125028K) NonClass: 105431K(108748K)->105431K(108748K) Class: 13878K(16280K)->13878K(16280K)
[2023-08-12T07:40:39.499+0000][gc            ] GC(993) Pause Young (Normal) (G1 Evacuation Pause) 795M->352M(1024M) 23.220ms
[2023-08-12T07:40:39.499+0000][gc,cpu        ] GC(993) User=0.16s Sys=0.00s Real=0.03s
[2023-08-12T07:41:40.978+0000][gc,start      ] GC(994) Pause Young (Normal) (G1 Evacuation Pause)
[2023-08-12T07:41:40.978+0000][gc,task       ] GC(994) Using 8 workers of 8 for evacuation
[2023-08-12T07:41:40.996+0000][gc,phases     ] GC(994)   Pre Evacuate Collection Set: 0.0ms
[2023-08-12T07:41:40.996+0000][gc,phases     ] GC(994)   Evacuate Collection Set: 17.4ms
[2023-08-12T07:41:40.996+0000][gc,phases     ] GC(994)   Post Evacuate Collection Set: 0.6ms
[2023-08-12T07:41:40.996+0000][gc,phases     ] GC(994)   Other: 0.3ms
[2023-08-12T07:41:40.996+0000][gc,heap       ] GC(994) Eden regions: 234->0(439)
[2023-08-12T07:41:40.996+0000][gc,heap       ] GC(994) Survivor regions: 34->17(34)
[2023-08-12T07:41:40.996+0000][gc,heap       ] GC(994) Old regions: 170->190
[2023-08-12T07:41:40.996+0000][gc,heap       ] GC(994) Humongous regions: 149->149
[2023-08-12T07:41:40.996+0000][gc,metaspace  ] GC(994) Metaspace: 119310K(125028K)->119310K(125028K) NonClass: 105431K(108748K)->105431K(108748K) Class: 13878K(16280K)->13878K(16280K)
[2023-08-12T07:41:40.996+0000][gc            ] GC(994) Pause Young (Normal) (G1 Evacuation Pause) 586M->355M(1024M) 18.376ms
[2023-08-12T07:41:40.996+0000][gc,cpu        ] GC(994) User=0.14s Sys=0.00s Real=0.02s
[2023-08-12T07:43:04.789+0000][gc,start      ] GC(995) Pause Young (Normal) (G1 Evacuation Pause)
[2023-08-12T07:43:04.789+0000][gc,task       ] GC(995) Using 8 workers of 8 for evacuation
[2023-08-12T07:43:04.808+0000][gc,phases     ] GC(995)   Pre Evacuate Collection Set: 0.0ms
[2023-08-12T07:43:04.808+0000][gc,phases     ] GC(995)   Evacuate Collection Set: 17.9ms
[2023-08-12T07:43:04.808+0000][gc,phases     ] GC(995)   Post Evacuate Collection Set: 0.7ms
[2023-08-12T07:43:04.808+0000][gc,phases     ] GC(995)   Other: 0.4ms
[2023-08-12T07:43:04.808+0000][gc,heap       ] GC(995) Eden regions: 372->0(307)
[2023-08-12T07:43:04.808+0000][gc,heap       ] GC(995) Survivor regions: 17->28(49)
[2023-08-12T07:43:04.808+0000][gc,heap       ] GC(995) Old regions: 190->190
[2023-08-12T07:43:04.808+0000][gc,heap       ] GC(995) Humongous regions: 149->149
[2023-08-12T07:43:04.808+0000][gc,metaspace  ] GC(995) Metaspace: 119310K(125028K)->119310K(125028K) NonClass: 105432K(108748K)->105432K(108748K) Class: 13878K(16280K)->13878K(16280K)
[2023-08-12T07:43:04.808+0000][gc            ] GC(995) Pause Young (Normal) (G1 Evacuation Pause) 727M->366M(1024M) 19.122ms
[2023-08-12T07:43:04.808+0000][gc,cpu        ] GC(995) User=0.13s Sys=0.00s Real=0.02s
[2023-08-12T07:44:06.942+0000][gc,start      ] GC(996) Pause Young (Normal) (G1 Evacuation Pause)
[2023-08-12T07:44:06.942+0000][gc,task       ] GC(996) Using 8 workers of 8 for evacuation
[2023-08-12T07:44:06.959+0000][gc,phases     ] GC(996)   Pre Evacuate Collection Set: 0.0ms
[2023-08-12T07:44:06.959+0000][gc,phases     ] GC(996)   Evacuate Collection Set: 16.1ms
[2023-08-12T07:44:06.959+0000][gc,phases     ] GC(996)   Post Evacuate Collection Set: 0.7ms
[2023-08-12T07:44:06.959+0000][gc,phases     ] GC(996)   Other: 0.3ms
[2023-08-12T07:44:06.959+0000][gc,heap       ] GC(996) Eden regions: 233->0(276)
[2023-08-12T07:44:06.959+0000][gc,heap       ] GC(996) Survivor regions: 28->20(33)
[2023-08-12T07:44:06.959+0000][gc,heap       ] GC(996) Old regions: 190->201
[2023-08-12T07:44:06.959+0000][gc,heap       ] GC(996) Humongous regions: 149->149
[2023-08-12T07:44:06.959+0000][gc,metaspace  ] GC(996) Metaspace: 119310K(125028K)->119310K(125028K) NonClass: 105432K(108748K)->105432K(108748K) Class: 13878K(16280K)->13878K(16280K)
[2023-08-12T07:44:06.959+0000][gc            ] GC(996) Pause Young (Normal) (G1 Evacuation Pause) 599M->368M(1024M) 17.163ms
[2023-08-12T07:44:06.959+0000][gc,cpu        ] GC(996) User=0.13s Sys=0.00s Real=0.02s
[2023-08-12T07:45:14.948+0000][gc,start      ] GC(997) Pause Young (Normal) (G1 Evacuation Pause)
[2023-08-12T07:45:14.948+0000][gc,task       ] GC(997) Using 8 workers of 8 for evacuation
[2023-08-12T07:45:14.961+0000][gc,phases     ] GC(997)   Pre Evacuate Collection Set: 0.0ms
[2023-08-12T07:45:14.961+0000][gc,phases     ] GC(997)   Evacuate Collection Set: 11.7ms
[2023-08-12T07:45:14.961+0000][gc,phases     ] GC(997)   Post Evacuate Collection Set: 0.6ms
[2023-08-12T07:45:14.961+0000][gc,phases     ] GC(997)   Other: 0.3ms
[2023-08-12T07:45:14.961+0000][gc,heap       ] GC(997) Eden regions: 252->0(308)
[2023-08-12T07:45:14.961+0000][gc,heap       ] GC(997) Survivor regions: 20->17(34)
[2023-08-12T07:45:14.961+0000][gc,heap       ] GC(997) Old regions: 201->204
[2023-08-12T07:45:14.961+0000][gc,heap       ] GC(997) Humongous regions: 149->149
[2023-08-12T07:45:14.961+0000][gc,metaspace  ] GC(997) Metaspace: 119310K(125028K)->119310K(125028K) NonClass: 105432K(108748K)->105432K(108748K) Class: 13878K(16280K)->13878K(16280K)
[2023-08-12T07:45:14.961+0000][gc            ] GC(997) Pause Young (Normal) (G1 Evacuation Pause) 620M->369M(1024M) 12.710ms
[2023-08-12T07:45:14.961+0000][gc,cpu        ] GC(997) User=0.10s Sys=0.00s Real=0.02s
[2023-08-12T07:46:20.458+0000][gc,start      ] GC(998) Pause Young (Normal) (G1 Evacuation Pause)
[2023-08-12T07:46:20.458+0000][gc,task       ] GC(998) Using 8 workers of 8 for evacuation
[2023-08-12T07:46:20.471+0000][gc,phases     ] GC(998)   Pre Evacuate Collection Set: 0.0ms
[2023-08-12T07:46:20.471+0000][gc,phases     ] GC(998)   Evacuate Collection Set: 11.6ms
[2023-08-12T07:46:20.471+0000][gc,phases     ] GC(998)   Post Evacuate Collection Set: 0.7ms
[2023-08-12T07:46:20.471+0000][gc,phases     ] GC(998)   Other: 0.3ms
[2023-08-12T07:46:20.471+0000][gc,heap       ] GC(998) Eden regions: 282->0(326)
[2023-08-12T07:46:20.471+0000][gc,heap       ] GC(998) Survivor regions: 17->18(38)
[2023-08-12T07:46:20.471+0000][gc,heap       ] GC(998) Old regions: 204->204
[2023-08-12T07:46:20.471+0000][gc,heap       ] GC(998) Humongous regions: 149->149
[2023-08-12T07:46:20.471+0000][gc,metaspace  ] GC(998) Metaspace: 119310K(125028K)->119310K(125028K) NonClass: 105432K(108748K)->105432K(108748K) Class: 13878K(16280K)->13878K(16280K)
[2023-08-12T07:46:20.471+0000][gc            ] GC(998) Pause Young (Normal) (G1 Evacuation Pause) 651M->370M(1024M) 12.837ms
[2023-08-12T07:46:20.471+0000][gc,cpu        ] GC(998) User=0.09s Sys=0.00s Real=0.02s
[2023-08-12T07:47:32.732+0000][gc,start      ] GC(999) Pause Young (Normal) (G1 Evacuation Pause)
[2023-08-12T07:47:32.732+0000][gc,task       ] GC(999) Using 8 workers of 8 for evacuation
[2023-08-12T07:47:32.744+0000][gc,phases     ] GC(999)   Pre Evacuate Collection Set: 0.0ms
[2023-08-12T07:47:32.744+0000][gc,phases     ] GC(999)   Evacuate Collection Set: 11.7ms
[2023-08-12T07:47:32.744+0000][gc,phases     ] GC(999)   Post Evacuate Collection Set: 0.6ms
[2023-08-12T07:47:32.744+0000][gc,phases     ] GC(999)   Other: 0.4ms
[2023-08-12T07:47:32.744+0000][gc,heap       ] GC(999) Eden regions: 280->0(354)
[2023-08-12T07:47:32.744+0000][gc,heap       ] GC(999) Survivor regions: 18->18(38)
[2023-08-12T07:47:32.744+0000][gc,heap       ] GC(999) Old regions: 204->204
[2023-08-12T07:47:32.744+0000][gc,heap       ] GC(999) Humongous regions: 149->149
[2023-08-12T07:47:32.744+0000][gc,metaspace  ] GC(999) Metaspace: 119310K(125028K)->119310K(125028K) NonClass: 105432K(108748K)->105432K(108748K) Class: 13878K(16280K)->13878K(16280K)
[2023-08-12T07:47:32.744+0000][gc            ] GC(999) Pause Young (Normal) (G1 Evacuation Pause) 650M->370M(1024M) 12.849ms
[2023-08-12T07:47:32.745+0000][gc,cpu        ] GC(999) User=0.09s Sys=0.00s Real=0.01s
[2023-08-12T07:48:47.734+0000][gc,start      ] GC(1000) Pause Young (Normal) (G1 Evacuation Pause)
[2023-08-12T07:48:47.734+0000][gc,task       ] GC(1000) Using 8 workers of 8 for evacuation
[2023-08-12T07:48:47.747+0000][gc,phases     ] GC(1000)   Pre Evacuate Collection Set: 0.0ms
[2023-08-12T07:48:47.747+0000][gc,phases     ] GC(1000)   Evacuate Collection Set: 12.3ms
[2023-08-12T07:48:47.747+0000][gc,phases     ] GC(1000)   Post Evacuate Collection Set: 0.7ms
[2023-08-12T07:48:47.747+0000][gc,phases     ] GC(1000)   Other: 0.3ms
[2023-08-12T07:48:47.747+0000][gc,heap       ] GC(1000) Eden regions: 309->0(371)
[2023-08-12T07:48:47.747+0000][gc,heap       ] GC(1000) Survivor regions: 18->19(41)
[2023-08-12T07:48:47.747+0000][gc,heap       ] GC(1000) Old regions: 204->204
[2023-08-12T07:48:47.747+0000][gc,heap       ] GC(1000) Humongous regions: 149->149
[2023-08-12T07:48:47.747+0000][gc,metaspace  ] GC(1000) Metaspace: 119310K(125028K)->119310K(125028K) NonClass: 105432K(108748K)->105432K(108748K) Class: 13878K(16280K)->13878K(16280K)
[2023-08-12T07:48:47.747+0000][gc            ] GC(1000) Pause Young (Normal) (G1 Evacuation Pause) 679M->371M(1024M) 13.396ms
[2023-08-12T07:48:47.747+0000][gc,cpu        ] GC(1000) User=0.10s Sys=0.00s Real=0.01s
[2023-08-12T07:50:24.376+0000][gc,start      ] GC(1001) Pause Young (Normal) (GCLocker Initiated GC)
[2023-08-12T07:50:24.376+0000][gc,task       ] GC(1001) Using 8 workers of 8 for evacuation
[2023-08-12T07:50:24.390+0000][gc,phases     ] GC(1001)   Pre Evacuate Collection Set: 0.0ms
[2023-08-12T07:50:24.390+0000][gc,phases     ] GC(1001)   Evacuate Collection Set: 12.9ms
[2023-08-12T07:50:24.390+0000][gc,phases     ] GC(1001)   Post Evacuate Collection Set: 0.7ms
[2023-08-12T07:50:24.390+0000][gc,phases     ] GC(1001)   Other: 0.3ms
[2023-08-12T07:50:24.390+0000][gc,heap       ] GC(1001) Eden regions: 371->0(398)
[2023-08-12T07:50:24.390+0000][gc,heap       ] GC(1001) Survivor regions: 19->19(49)
[2023-08-12T07:50:24.390+0000][gc,heap       ] GC(1001) Old regions: 204->204
[2023-08-12T07:50:24.390+0000][gc,heap       ] GC(1001) Humongous regions: 149->149
[2023-08-12T07:50:24.390+0000][gc,metaspace  ] GC(1001) Metaspace: 119310K(125028K)->119310K(125028K) NonClass: 105432K(108748K)->105432K(108748K) Class: 13878K(16280K)->13878K(16280K)
[2023-08-12T07:50:24.390+0000][gc            ] GC(1001) Pause Young (Normal) (GCLocker Initiated GC) 742M->371M(1024M) 14.028ms
[2023-08-12T07:50:24.390+0000][gc,cpu        ] GC(1001) User=0.10s Sys=0.00s Real=0.01s
[2023-08-12T07:51:54.471+0000][gc,start      ] GC(1002) Pause Young (Normal) (G1 Evacuation Pause)
[2023-08-12T07:51:54.471+0000][gc,task       ] GC(1002) Using 8 workers of 8 for evacuation
[2023-08-12T07:51:54.485+0000][gc,phases     ] GC(1002)   Pre Evacuate Collection Set: 0.0ms
[2023-08-12T07:51:54.485+0000][gc,phases     ] GC(1002)   Evacuate Collection Set: 12.7ms
[2023-08-12T07:51:54.485+0000][gc,phases     ] GC(1002)   Post Evacuate Collection Set: 0.7ms
[2023-08-12T07:51:54.485+0000][gc,phases     ] GC(1002)   Other: 0.4ms
[2023-08-12T07:51:54.485+0000][gc,heap       ] GC(1002) Eden regions: 398->0(421)
[2023-08-12T07:51:54.485+0000][gc,heap       ] GC(1002) Survivor regions: 19->20(53)
[2023-08-12T07:51:54.485+0000][gc,heap       ] GC(1002) Old regions: 204->204
[2023-08-12T07:51:54.485+0000][gc,heap       ] GC(1002) Humongous regions: 149->149
[2023-08-12T07:51:54.485+0000][gc,metaspace  ] GC(1002) Metaspace: 119315K(125028K)->119315K(125028K) NonClass: 105437K(108748K)->105437K(108748K) Class: 13878K(16280K)->13878K(16280K)
[2023-08-12T07:51:54.485+0000][gc            ] GC(1002) Pause Young (Normal) (G1 Evacuation Pause) 769M->372M(1024M) 13.788ms
[2023-08-12T07:51:54.485+0000][gc,cpu        ] GC(1002) User=0.10s Sys=0.00s Real=0.01s
